<collection>
<record>
    <datafield tag="191" ind1=" " ind2=" ">
        <subfield code="a">E/1999/41</subfield>
    </datafield>
    <datafield tag="191" ind1=" " ind2=" ">
        <subfield code="a">E/ESCWA/20/9</subfield>
    </datafield>
    <datafield tag="245" ind1=" " ind2=" ">
        <subfield code="a">REPORT OF THE TWENTIETH SESSION: 27-28 MAY 1999 ECONOMIC AND SOCIAL COUNCIL OFFICIAL RECORDS 1999 SUPPLEMENT NO.21</subfield>
    </datafield>
    <datafield tag="246" ind1=" " ind2=" ">
        <subfield code="a">تقرير الدورة العشرين 27-28 ايار 1999</subfield>
    </datafield>
    <datafield tag="269" ind1=" " ind2=" ">
        <subfield code="a">19990528</subfield>
    </datafield>
    <datafield tag="650" ind1=" " ind2=" ">
        <subfield code="a">PERIODIC REPORTS</subfield>
        <subfield code="0">(DHLAUTH)275135</subfield>
    </datafield>
    <datafield tag="650" ind1=" " ind2=" ">
        <subfield code="a">RESOLUTIONS AND DECISIONS</subfield>
        <subfield code="0">(DHLAUTH)275677</subfield>
    </datafield>
    <datafield tag="650" ind1=" " ind2=" ">
        <subfield code="a">WORK ORGANIZATION</subfield>
        <subfield code="0">(DHLAUTH)275746</subfield>
    </datafield>
    <datafield tag="650" ind1=" " ind2=" ">
        <subfield code="a">PARTICIPANTS</subfield>
        <subfield code="0">(DHLAUTH)275785</subfield>
    </datafield>
    <datafield tag="650" ind1=" " ind2=" ">
        <subfield code="a">PUBLICATIONS</subfield>
        <subfield code="0">(DHLAUTH)270013</subfield>
    </datafield>
    <datafield tag="650" ind1=" " ind2=" ">
        <subfield code="a">ARAB COUNTRIES</subfield>
        <subfield code="0">(DHLAUTH)268705</subfield>
    </datafield>
    <datafield tag="650" ind1=" " ind2=" ">
        <subfield code="a">WORK PROGRAMME</subfield>
        <subfield code="0">(DHLAUTH)275800</subfield>
    </datafield>
    <datafield tag="650" ind1=" " ind2=" ">
        <subfield code="a">ACTIVITIES</subfield>
        <subfield code="0">(DHLAUTH)275823</subfield>
    </datafield>
</record>
<record>
    <datafield tag="191" ind1=" " ind2=" ">
        <subfield code="a">E/1999/41/REV.1(SUPP)</subfield>
    </datafield>
    <datafield tag="191" ind1=" " ind2=" ">
        <subfield code="a">E/ESCWA/20/9/REV.1</subfield>
    </datafield>
    <datafield tag="245" ind1=" " ind2=" ">
        <subfield code="a">ECONOMIC AND SOCIAL COMMISSION FOR WESTERN ASIA : REPORT ON THE 20TH SESSION, 27-28 MAY 1999</subfield>
    </datafield>
    <datafield tag="246" ind1=" " ind2=" ">
        <subfield code="a">Economic and Social Commission for Western Asia : report on the 20th session, 27-28 May 1999</subfield>
    </datafield>
    <datafield tag="246" ind1=" " ind2=" ">
        <subfield code="a">تقرير الدورة العشرين 27-28 ايار 1999</subfield>
    </datafield>
    <datafield tag="269" ind1=" " ind2=" ">
        <subfield code="a">19990531</subfield>
    </datafield>
    <datafield tag="650" ind1=" " ind2=" ">
        <subfield code="a">DEVELOPMENT</subfield>
        <subfield code="0">(DHLAUTH)269844</subfield>
    </datafield>
    <datafield tag="650" ind1=" " ind2=" ">
        <subfield code="a">REGIONAL COOPERATION</subfield>
        <subfield code="0">(DHLAUTH)268656</subfield>
    </datafield>
    <datafield tag="650" ind1=" " ind2=" ">
        <subfield code="a">WESTERN ASIA</subfield>
        <subfield code="0">(DHLAUTH)275490</subfield>
    </datafield>
    <datafield tag="650" ind1=" " ind2=" ">
        <subfield code="a">DECLARATIONS (TEXT)</subfield>
        <subfield code="0">(DHLAUTH)534103</subfield>
    </datafield>
    <datafield tag="650" ind1=" " ind2=" ">
        <subfield code="a">DOCUMENTS</subfield>
        <subfield code="0">(DHLAUTH)270014</subfield>
    </datafield>
</record>
<record>
    <datafield tag="191" ind1=" " ind2=" ">
        <subfield code="a">E/ESCWA/S-4/5(A)</subfield>
    </datafield>
    <datafield tag="191" ind1=" " ind2=" ">
        <subfield code="a">E/2002/41(A)</subfield>
    </datafield>
    <datafield tag="245" ind1=" " ind2=" ">
        <subfield code="a">REPORT ON THE FOURTH SPECIAL SESSION OF THE COMMISSION/11 MARCH 2002.</subfield>
    </datafield>
    <datafield tag="269" ind1=" " ind2=" ">
        <subfield code="a">20020311</subfield>
    </datafield>
    <datafield tag="650" ind1=" " ind2=" ">
        <subfield code="a">WORK ORGANIZATION</subfield>
        <subfield code="0">(DHLAUTH)275746</subfield>
    </datafield>
    <datafield tag="650" ind1=" " ind2=" ">
        <subfield code="a">WORK PROGRAMME</subfield>
        <subfield code="0">(DHLAUTH)275800</subfield>
    </datafield>
    <datafield tag="650" ind1=" " ind2=" ">
        <subfield code="a">PARTICIPANTS</subfield>
        <subfield code="0">(DHLAUTH)275785</subfield>
    </datafield>
    <datafield tag="650" ind1=" " ind2=" ">
        <subfield code="a">DOCUMENTS</subfield>
        <subfield code="0">(DHLAUTH)270014</subfield>
    </datafield>
</record>
<record>
    <datafield tag="191" ind1=" " ind2=" ">
        <subfield code="a">E/2002/41(F)</subfield>
    </datafield>
    <datafield tag="191" ind1=" " ind2=" ">
        <subfield code="a">E/ESCWA/S-4/5(F)</subfield>
    </datafield>
    <datafield tag="245" ind1=" " ind2=" ">
        <subfield code="a">RAPPORT SUR LA QUATRIEME SESSION EXTRA ORDINAIRE/1ARS 2002.</subfield>
    </datafield>
    <datafield tag="269" ind1=" " ind2=" ">
        <subfield code="a">20020531</subfield>
    </datafield>
    <datafield tag="650" ind1=" " ind2=" ">
        <subfield code="a">WORK ORGANIZATION</subfield>
        <subfield code="0">(DHLAUTH)275746</subfield>
    </datafield>
    <datafield tag="650" ind1=" " ind2=" ">
        <subfield code="a">WORK PROGRAMME</subfield>
        <subfield code="0">(DHLAUTH)275800</subfield>
    </datafield>
    <datafield tag="650" ind1=" " ind2=" ">
        <subfield code="a">PARTICIPANTS</subfield>
        <subfield code="0">(DHLAUTH)275785</subfield>
    </datafield>
    <datafield tag="650" ind1=" " ind2=" ">
        <subfield code="a">DOCUMENTS</subfield>
        <subfield code="0">(DHLAUTH)270014</subfield>
    </datafield>
</record>
<record>
    <datafield tag="191" ind1=" " ind2=" ">
        <subfield code="a">E/2002/41(SUPP)</subfield>
    </datafield>
    <datafield tag="191" ind1=" " ind2=" ">
        <subfield code="a">E/ESCWA/S-4/5(SUPP)</subfield>
    </datafield>
    <datafield tag="245" ind1=" " ind2=" ">
        <subfield code="a">ECONOMIC AND SOCIAL COMMISSION FOR WESTERN ASIA : REPORT ON THE 4TH SPECIAL SESSION OF THE COMMISSION, 11 MARCH 2002</subfield>
    </datafield>
    <datafield tag="246" ind1=" " ind2=" ">
        <subfield code="a">Economic and Social Commission for Western Asia : report on the 4th special session of the Commission, 11 March 2002</subfield>
    </datafield>
    <datafield tag="269" ind1=" " ind2=" ">
        <subfield code="a">20020101</subfield>
    </datafield>
    <datafield tag="650" ind1=" " ind2=" ">
        <subfield code="a">REGIONAL COOPERATION</subfield>
        <subfield code="0">(DHLAUTH)268656</subfield>
    </datafield>
    <datafield tag="650" ind1=" " ind2=" ">
        <subfield code="a">REGIONAL COMMISSIONS</subfield>
        <subfield code="0">(DHLAUTH)269969</subfield>
    </datafield>
    <datafield tag="650" ind1=" " ind2=" ">
        <subfield code="a">WESTERN ASIA</subfield>
        <subfield code="0">(DHLAUTH)275490</subfield>
    </datafield>
    <datafield tag="650" ind1=" " ind2=" ">
        <subfield code="a">MEDIUM-TERM PLANNING</subfield>
        <subfield code="0">(DHLAUTH)270087</subfield>
    </datafield>
</record>
<record>
    <datafield tag="191" ind1=" " ind2=" ">
        <subfield code="a">E/ESCWA/22/10/REV.1(A)</subfield>
    </datafield>
    <datafield tag="191" ind1=" " ind2=" ">
        <subfield code="a">E/2003/41/REV.1(A)</subfield>
    </datafield>
    <datafield tag="245" ind1=" " ind2=" ">
        <subfield code="a">REPORT ON THE TWENTY-SECOND SESSION, BEIRUT, 14-17 APRIL 2003</subfield>
    </datafield>
    <datafield tag="269" ind1=" " ind2=" ">
        <subfield code="a">20030417</subfield>
    </datafield>
    <datafield tag="650" ind1=" " ind2=" ">
        <subfield code="a">ACTIVITIES</subfield>
        <subfield code="0">(DHLAUTH)275823</subfield>
    </datafield>
    <datafield tag="650" ind1=" " ind2=" ">
        <subfield code="a">RESOLUTIONS AND DECISIONS</subfield>
        <subfield code="0">(DHLAUTH)275677</subfield>
    </datafield>
    <datafield tag="650" ind1=" " ind2=" ">
        <subfield code="a">WORK ORGANIZATION</subfield>
        <subfield code="0">(DHLAUTH)275746</subfield>
    </datafield>
    <datafield tag="650" ind1=" " ind2=" ">
        <subfield code="a">PARTICIPANTS</subfield>
        <subfield code="0">(DHLAUTH)275785</subfield>
    </datafield>
    <datafield tag="650" ind1=" " ind2=" ">
        <subfield code="a">DOCUMENTS</subfield>
        <subfield code="0">(DHLAUTH)270014</subfield>
    </datafield>
    <datafield tag="650" ind1=" " ind2=" ">
        <subfield code="a">PUBLICATIONS</subfield>
        <subfield code="0">(DHLAUTH)270013</subfield>
    </datafield>
    <datafield tag="650" ind1=" " ind2=" ">
        <subfield code="a">WESTERN ASIA</subfield>
        <subfield code="0">(DHLAUTH)275490</subfield>
    </datafield>
</record>
<record>
    <datafield tag="191" ind1=" " ind2=" ">
        <subfield code="a">E/2012/41(SUPP)</subfield>
    </datafield>
    <datafield tag="191" ind1=" " ind2=" ">
        <subfield code="a">E/ESCWA/27/9/REPORT</subfield>
    </datafield>
    <datafield tag="245" ind1=" " ind2=" ">
        <subfield code="a">ECONOMIC AND SOCIAL COMMISSION FOR WESTERN ASIA : REPORT ON THE 27TH SESSION, 7-10 MAY 2012</subfield>
    </datafield>
    <datafield tag="246" ind1=" " ind2=" ">
        <subfield code="a">Economic and Social Commission for Western Asia : report on the 27th session, 7-10 May 2012</subfield>
    </datafield>
    <datafield tag="269" ind1=" " ind2=" ">
        <subfield code="a">20120101</subfield>
    </datafield>
    <datafield tag="650" ind1=" " ind2=" ">
        <subfield code="a">REGIONAL COOPERATION</subfield>
        <subfield code="0">(DHLAUTH)268656</subfield>
    </datafield>
    <datafield tag="650" ind1=" " ind2=" ">
        <subfield code="a">SOCIAL POLICY</subfield>
        <subfield code="0">(DHLAUTH)269713</subfield>
    </datafield>
    <datafield tag="650" ind1=" " ind2=" ">
        <subfield code="a">SUSTAINABLE DEVELOPMENT</subfield>
        <subfield code="0">(DHLAUTH)269920</subfield>
    </datafield>
    <datafield tag="650" ind1=" " ind2=" ">
        <subfield code="a">SMALL ENTERPRISES</subfield>
        <subfield code="0">(DHLAUTH)269624</subfield>
    </datafield>
    <datafield tag="650" ind1=" " ind2=" ">
        <subfield code="a">WESTERN ASIA</subfield>
        <subfield code="0">(DHLAUTH)275490</subfield>
    </datafield>
    <datafield tag="650" ind1=" " ind2=" ">
        <subfield code="a">PROGRAMME PLANNING</subfield>
        <subfield code="0">(DHLAUTH)275798</subfield>
    </datafield>
    <datafield tag="650" ind1=" " ind2=" ">
        <subfield code="a">DOCUMENTS</subfield>
        <subfield code="0">(DHLAUTH)270014</subfield>
    </datafield>
</record>
<record>
    <datafield tag="191" ind1=" " ind2=" ">
        <subfield code="a">E/2016/41</subfield>
    </datafield>
    <datafield tag="191" ind1=" " ind2=" ">
        <subfield code="a">E/ESCWA/29/12/REPORT</subfield>
    </datafield>
    <datafield tag="245" ind1=" " ind2=" ">
        <subfield code="a">ECONOMIC AND SOCIAL COMMISSION FOR WESTERN ASIA, REPORT OF THE TWENTY-NINTH SESSION, 13-15 DECEMBER 2016 : ECONOMIC AND SOCIAL COUNCIL : OFFICIAL RECORDS : 2016 : SUPPLEMENT NO. 21</subfield>
    </datafield>
    <datafield tag="246" ind1=" " ind2=" ">
        <subfield code="a">COMMISSION ECONOMIQUE ET SOCIALE POUR L'ASIE OCCIDENTALE, RAPPORT SUR LA VINGT-NEUVIEME SESSION 13-15 DECEMBRE 2016 : CONSEIL ECONOMIQUE ET SOCIAL : DOCUMENTS OFFICIELS : 2016 : SUPPLEMENT NO. 21</subfield>
    </datafield>
    <datafield tag="246" ind1=" " ind2=" ">
        <subfield code="a">اللجنة الاقتصادية والاجتماعية لغربي آسيا، تقرير الدورة التاسعة والعشرين، 13 - 15 كانون الاول/ديسمبر 2016 : المجلس الاقتصادي والاجتماعي، الوثائق الرسمية : 2016  الملحق رقم 21</subfield>
    </datafield>
    <datafield tag="269" ind1=" " ind2=" ">
        <subfield code="a">20161230</subfield>
    </datafield>
    <datafield tag="650" ind1=" " ind2=" ">
        <subfield code="a">REGIONAL COMMISSIONS</subfield>
        <subfield code="0">(DHLAUTH)269969</subfield>
    </datafield>
    <datafield tag="650" ind1=" " ind2=" ">
        <subfield code="a">WESTERN ASIA</subfield>
        <subfield code="0">(DHLAUTH)275490</subfield>
    </datafield>
    <datafield tag="650" ind1=" " ind2=" ">
        <subfield code="a">CONFERENCES</subfield>
        <subfield code="0">(DHLAUTH)275758</subfield>
    </datafield>
    <datafield tag="650" ind1=" " ind2=" ">
        <subfield code="a">SUSTAINABLE DEVELOPMENT</subfield>
        <subfield code="0">(DHLAUTH)269920</subfield>
    </datafield>
    <datafield tag="650" ind1=" " ind2=" ">
        <subfield code="a">SOCIAL JUSTICE</subfield>
        <subfield code="0">(DHLAUTH)270080</subfield>
    </datafield>
    <datafield tag="650" ind1=" " ind2=" ">
        <subfield code="a">PALESTINIANS</subfield>
        <subfield code="0">(DHLAUTH)269084</subfield>
    </datafield>
    <datafield tag="650" ind1=" " ind2=" ">
        <subfield code="a">MANAGEMENT</subfield>
        <subfield code="0">(DHLAUTH)269660</subfield>
    </datafield>
    <datafield tag="650" ind1=" " ind2=" ">
        <subfield code="a">GENDER MAINSTREAMING</subfield>
        <subfield code="0">(DHLAUTH)493524</subfield>
    </datafield>
    <datafield tag="650" ind1=" " ind2=" ">
        <subfield code="a">WORK PROGRAMME</subfield>
        <subfield code="0">(DHLAUTH)275800</subfield>
    </datafield>
    <datafield tag="650" ind1=" " ind2=" ">
        <subfield code="a">ARAB COUNTRIES</subfield>
        <subfield code="0">(DHLAUTH)268705</subfield>
    </datafield>
</record>
<record>
    <datafield tag="191" ind1=" " ind2=" ">
        <subfield code="a">E/ESCWA/13/10</subfield>
    </datafield>
    <datafield tag="245" ind1=" " ind2=" ">
        <subfield code="a">COOPERATION AMONG DEVELOPING COUNTRIES AND REGIONAL ORGANIZATIONS: NOTE BY THE EXECUTIVE SECRETARY</subfield>
    </datafield>
    <datafield tag="246" ind1=" " ind2=" ">
        <subfield code="a">التعاون فيما بين البلدان النامية ومع المنظمات الاقليمية: مذكرة من الامين العام التنفيذي</subfield>
    </datafield>
    <datafield tag="269" ind1=" " ind2=" ">
        <subfield code="a">19860216</subfield>
    </datafield>
    <datafield tag="650" ind1=" " ind2=" ">
        <subfield code="a">CONFERENCES</subfield>
        <subfield code="0">(DHLAUTH)275758</subfield>
    </datafield>
    <datafield tag="650" ind1=" " ind2=" ">
        <subfield code="a">WESTERN ASIA</subfield>
        <subfield code="0">(DHLAUTH)275490</subfield>
    </datafield>
    <datafield tag="650" ind1=" " ind2=" ">
        <subfield code="a">REGIONAL ORGANIZATIONS</subfield>
        <subfield code="0">(DHLAUTH)268718</subfield>
    </datafield>
    <datafield tag="650" ind1=" " ind2=" ">
        <subfield code="a">TECHNICAL COOPERATION AMONG DEVELOPING COUNTRIES</subfield>
        <subfield code="0">(DHLAUTH)269848</subfield>
    </datafield>
</record>
<record>
    <datafield tag="191" ind1=" " ind2=" ">
        <subfield code="a">E/ESCWA/13/11</subfield>
    </datafield>
    <datafield tag="245" ind1=" " ind2=" ">
        <subfield code="a">POLICY ISSUES AFFECTING OPERATIONAL ACTIVITIES OF THE UNITED NATIONS SYSTEM FOR DEVELOPMENT 1986 TRIENNIAL REVIEW: NOTE BY THE EXECUITVE SECRETARY</subfield>
    </datafield>
    <datafield tag="246" ind1=" " ind2=" ">
        <subfield code="a">المسائل المتصلة بالسياسة العامة والتي تؤثر على الانشطة التنفيذية التي يضطلع بها جهاز الامم المتحدة الانمائي استعراض الثلاث سنوات في عام 1986: مذكرة من الامين التنفيذي</subfield>
    </datafield>
    <datafield tag="269" ind1=" " ind2=" ">
        <subfield code="a">19860223</subfield>
    </datafield>
    <datafield tag="650" ind1=" " ind2=" ">
        <subfield code="a">CONFERENCES</subfield>
        <subfield code="0">(DHLAUTH)275758</subfield>
    </datafield>
    <datafield tag="650" ind1=" " ind2=" ">
        <subfield code="a">WESTERN ASIA</subfield>
        <subfield code="0">(DHLAUTH)275490</subfield>
    </datafield>
    <datafield tag="650" ind1=" " ind2=" ">
        <subfield code="a">OPERATIONAL ACTIVITIES</subfield>
        <subfield code="0">(DHLAUTH)269992</subfield>
    </datafield>
    <datafield tag="650" ind1=" " ind2=" ">
        <subfield code="a">DECOLONIZATION</subfield>
        <subfield code="0">(DHLAUTH)268444</subfield>
    </datafield>
    <datafield tag="650" ind1=" " ind2=" ">
        <subfield code="a">RECRUITMENT</subfield>
        <subfield code="0">(DHLAUTH)272038</subfield>
    </datafield>
    <datafield tag="650" ind1=" " ind2=" ">
        <subfield code="a">WOMEN</subfield>
        <subfield code="0">(DHLAUTH)273032</subfield>
    </datafield>
    <datafield tag="650" ind1=" " ind2=" ">
        <subfield code="a">RESOLUTIONS AND DECISIONS</subfield>
        <subfield code="0">(DHLAUTH)275677</subfield>
    </datafield>
    <datafield tag="650" ind1=" " ind2=" ">
        <subfield code="a">DEVELOPMENT</subfield>
        <subfield code="0">(DHLAUTH)269844</subfield>
    </datafield>
</record>
<record>
    <datafield tag="191" ind1=" " ind2=" ">
        <subfield code="a">E/ESCWA/13/12</subfield>
    </datafield>
    <datafield tag="245" ind1=" " ind2=" ">
        <subfield code="a">SPECIAL SESSION OF THE GENERAL ASSEMBLY CONCERNING THE CRITICAL ECONOMIC SITUATION IN AFRICA, 27-31 MAY 1986, NOTE BY THE EXECUTIVE SECRETARY </subfield>
    </datafield>
    <datafield tag="246" ind1=" " ind2=" ">
        <subfield code="a">دورة الجمعية العامة الاستثنائية المكرسة للنظر في الحالة الاقتصادية الحرجة في افريقيا 27-31 ايار/مايو 1986, مذكرة من الامين العام التنفيذي</subfield>
    </datafield>
    <datafield tag="269" ind1=" " ind2=" ">
        <subfield code="a">19860225</subfield>
    </datafield>
    <datafield tag="650" ind1=" " ind2=" ">
        <subfield code="a">CONFERENCES</subfield>
        <subfield code="0">(DHLAUTH)275758</subfield>
    </datafield>
    <datafield tag="650" ind1=" " ind2=" ">
        <subfield code="a">WESTERN ASIA</subfield>
        <subfield code="0">(DHLAUTH)275490</subfield>
    </datafield>
    <datafield tag="650" ind1=" " ind2=" ">
        <subfield code="a">AFRICA</subfield>
        <subfield code="0">(DHLAUTH)268560</subfield>
    </datafield>
    <datafield tag="650" ind1=" " ind2=" ">
        <subfield code="a">ECONOMIC CONDITIONS</subfield>
        <subfield code="0">(DHLAUTH)269719</subfield>
    </datafield>
</record>
<record>
    <datafield tag="191" ind1=" " ind2=" ">
        <subfield code="a">E/ESCWA/13/14</subfield>
    </datafield>
    <datafield tag="245" ind1=" " ind2=" ">
        <subfield code="a">AMENDMENT OF THE RULES OF PROCEDURE OF THE ECONOMIC AND SOCIAL COMMISSION FOR WESTERN ASIA, NOTE BY THE EXECUTIVE SECRETARY</subfield>
    </datafield>
    <datafield tag="246" ind1=" " ind2=" ">
        <subfield code="a">تعديل النظام الداخلي للجنة الاقتصادية والاجتماعية لغربي آسيا, مذكرة من الامين العام التنفيذي</subfield>
    </datafield>
    <datafield tag="269" ind1=" " ind2=" ">
        <subfield code="a">19860417</subfield>
    </datafield>
    <datafield tag="650" ind1=" " ind2=" ">
        <subfield code="a">RULES OF PROCEDURE</subfield>
        <subfield code="0">(DHLAUTH)268454</subfield>
    </datafield>
    <datafield tag="650" ind1=" " ind2=" ">
        <subfield code="a">WESTERN ASIA</subfield>
        <subfield code="0">(DHLAUTH)275490</subfield>
    </datafield>
    <datafield tag="650" ind1=" " ind2=" ">
        <subfield code="a">CONFERENCES</subfield>
        <subfield code="0">(DHLAUTH)275758</subfield>
    </datafield>
</record>
<record>
    <datafield tag="191" ind1=" " ind2=" ">
        <subfield code="a">E/ESCWA/13/2</subfield>
    </datafield>
    <datafield tag="245" ind1=" " ind2=" ">
        <subfield code="a">ORGANIZATION OF WORK/ NOTE BY THE EXECUTIVE SECRETARY</subfield>
    </datafield>
    <datafield tag="246" ind1=" " ind2=" ">
        <subfield code="a">تنظيم الأعمال</subfield>
    </datafield>
    <datafield tag="269" ind1=" " ind2=" ">
        <subfield code="a">19860217</subfield>
    </datafield>
    <datafield tag="650" ind1=" " ind2=" ">
        <subfield code="a">WORK ORGANIZATION</subfield>
        <subfield code="0">(DHLAUTH)275746</subfield>
    </datafield>
    <datafield tag="650" ind1=" " ind2=" ">
        <subfield code="a">CONFERENCES</subfield>
        <subfield code="0">(DHLAUTH)275758</subfield>
    </datafield>
    <datafield tag="650" ind1=" " ind2=" ">
        <subfield code="a">WESTERN ASIA</subfield>
        <subfield code="0">(DHLAUTH)275490</subfield>
    </datafield>
</record>
<record>
    <datafield tag="191" ind1=" " ind2=" ">
        <subfield code="a">E/ESCWA/13/3/REV.3</subfield>
    </datafield>
    <datafield tag="245" ind1=" " ind2=" ">
        <subfield code="a">INVITATION TO STATES MEMBERS OF THE UNITED NATIONS OR OF SPECIALIZED AGENCIES NOT MEMBERS OF THE COMMISSION TO PARTICIPATE IN A CONSULTATIVE CAPACITY IN THE ACTIVITIES OF THE THIRTEENTH SESSION OF THE COMMISSION</subfield>
    </datafield>
    <datafield tag="246" ind1=" " ind2=" ">
        <subfield code="a">دعوة الدول الاعضاءفي الامم المتحدة او الوكالات المتحصصة التي ليست اعضاء في اللجنة للاشتراك بصفة استشارية في الدورة الثالثة عشرة للجنة</subfield>
    </datafield>
    <datafield tag="269" ind1=" " ind2=" ">
        <subfield code="a">19860423</subfield>
    </datafield>
    <datafield tag="650" ind1=" " ind2=" ">
        <subfield code="a">CONFERENCES</subfield>
        <subfield code="0">(DHLAUTH)275758</subfield>
    </datafield>
    <datafield tag="650" ind1=" " ind2=" ">
        <subfield code="a">WESTERN ASIA</subfield>
        <subfield code="0">(DHLAUTH)275490</subfield>
    </datafield>
</record>
<record>
    <datafield tag="191" ind1=" " ind2=" ">
        <subfield code="a">E/ESCWA/13/4 (PART 10)/REV.1</subfield>
    </datafield>
    <datafield tag="246" ind1=" " ind2=" ">
        <subfield code="a">تقرير الامين التنفيذي عن نشاطات اللجنة التقدم المحرز في تنفيذ برنامج العمل الجزء العاشر العلم والتكنولوجيا</subfield>
    </datafield>
    <datafield tag="269" ind1=" " ind2=" ">
        <subfield code="a">19860414</subfield>
    </datafield>
    <datafield tag="650" ind1=" " ind2=" ">
        <subfield code="a">BUDGET</subfield>
        <subfield code="0">(DHLAUTH)270085</subfield>
    </datafield>
    <datafield tag="650" ind1=" " ind2=" ">
        <subfield code="a">TECHNOLOGY TRANSFER</subfield>
        <subfield code="0">(DHLAUTH)271882</subfield>
    </datafield>
    <datafield tag="650" ind1=" " ind2=" ">
        <subfield code="a">PROGRAMMES OF ACTION</subfield>
        <subfield code="0">(DHLAUTH)275777</subfield>
    </datafield>
    <datafield tag="650" ind1=" " ind2=" ">
        <subfield code="a">WORK PROGRAMME</subfield>
        <subfield code="0">(DHLAUTH)275800</subfield>
    </datafield>
    <datafield tag="650" ind1=" " ind2=" ">
        <subfield code="a">RESEARCH AND DEVELOPMENT</subfield>
        <subfield code="0">(DHLAUTH)271949</subfield>
    </datafield>
    <datafield tag="650" ind1=" " ind2=" ">
        <subfield code="a">SCIENCE AND TECHNOLOGY CAPABILITY</subfield>
        <subfield code="0">(DHLAUTH)274356</subfield>
    </datafield>
    <datafield tag="650" ind1=" " ind2=" ">
        <subfield code="a">ACTIVITIES</subfield>
        <subfield code="0">(DHLAUTH)275823</subfield>
    </datafield>
</record>
<record>
    <datafield tag="191" ind1=" " ind2=" ">
        <subfield code="a">E/ESCWA/13/4 (PART 11)</subfield>
    </datafield>
    <datafield tag="246" ind1=" " ind2=" ">
        <subfield code="a">تقرير الامين التنفيذي عن نشاطات اللجنة التقدم المحرز في تنفيذ برنامج العمل الجزء الحادي عشر الاحصاء</subfield>
    </datafield>
    <datafield tag="269" ind1=" " ind2=" ">
        <subfield code="a">19860219</subfield>
    </datafield>
    <datafield tag="650" ind1=" " ind2=" ">
        <subfield code="a">BUDGET</subfield>
        <subfield code="0">(DHLAUTH)270085</subfield>
    </datafield>
    <datafield tag="650" ind1=" " ind2=" ">
        <subfield code="a">WORK PROGRAMME</subfield>
        <subfield code="0">(DHLAUTH)275800</subfield>
    </datafield>
    <datafield tag="650" ind1=" " ind2=" ">
        <subfield code="a">NATIONAL ACCOUNTS</subfield>
        <subfield code="0">(DHLAUTH)269651</subfield>
    </datafield>
    <datafield tag="650" ind1=" " ind2=" ">
        <subfield code="a">STATISTICAL SERVICES</subfield>
        <subfield code="0">(DHLAUTH)270225</subfield>
    </datafield>
    <datafield tag="650" ind1=" " ind2=" ">
        <subfield code="a">ACTIVITIES</subfield>
        <subfield code="0">(DHLAUTH)275823</subfield>
    </datafield>
</record>
<record>
    <datafield tag="191" ind1=" " ind2=" ">
        <subfield code="a">E/ESCWA/13/4 (PART 12)/REV.1</subfield>
    </datafield>
    <datafield tag="246" ind1=" " ind2=" ">
        <subfield code="a">تقرير الامين التنفيذي عن نشاطات اللجنة التقدم المحرز في تنفيذ برنامج العمل الجزء الثاني عشر النقل والمواصلات</subfield>
    </datafield>
    <datafield tag="269" ind1=" " ind2=" ">
        <subfield code="a">19860414</subfield>
    </datafield>
    <datafield tag="650" ind1=" " ind2=" ">
        <subfield code="a">BUDGET</subfield>
        <subfield code="0">(DHLAUTH)270085</subfield>
    </datafield>
    <datafield tag="650" ind1=" " ind2=" ">
        <subfield code="a">DEVELOPMENT STRATEGIES</subfield>
        <subfield code="0">(DHLAUTH)269884</subfield>
    </datafield>
    <datafield tag="650" ind1=" " ind2=" ">
        <subfield code="a">WORK PROGRAMME</subfield>
        <subfield code="0">(DHLAUTH)275800</subfield>
    </datafield>
    <datafield tag="650" ind1=" " ind2=" ">
        <subfield code="a">ROAD TRANSPORT</subfield>
        <subfield code="0">(DHLAUTH)9060</subfield>
    </datafield>
    <datafield tag="650" ind1=" " ind2=" ">
        <subfield code="a">TRANSPORT POLICY</subfield>
        <subfield code="0">(DHLAUTH)269936</subfield>
    </datafield>
    <datafield tag="650" ind1=" " ind2=" ">
        <subfield code="a">ACTIVITIES</subfield>
        <subfield code="0">(DHLAUTH)275823</subfield>
    </datafield>
</record>
<record>
    <datafield tag="191" ind1=" " ind2=" ">
        <subfield code="a">E/ESCWA/13/4 (PART 13)</subfield>
    </datafield>
    <datafield tag="246" ind1=" " ind2=" ">
        <subfield code="a">تقرير الامين التنفيذي عن نشاطات اللجنة التقدم المحرز في تنفيذ برنامج العمل الجزء الثالث عشر الشركات عبر الوطنية</subfield>
    </datafield>
    <datafield tag="269" ind1=" " ind2=" ">
        <subfield code="a">19860219</subfield>
    </datafield>
    <datafield tag="650" ind1=" " ind2=" ">
        <subfield code="a">BUDGET</subfield>
        <subfield code="0">(DHLAUTH)270085</subfield>
    </datafield>
    <datafield tag="650" ind1=" " ind2=" ">
        <subfield code="a">TRANSNATIONAL CORPORATIONS</subfield>
        <subfield code="0">(DHLAUTH)10314</subfield>
    </datafield>
    <datafield tag="650" ind1=" " ind2=" ">
        <subfield code="a">WORK PROGRAMME</subfield>
        <subfield code="0">(DHLAUTH)275800</subfield>
    </datafield>
    <datafield tag="650" ind1=" " ind2=" ">
        <subfield code="a">CODES OF CONDUCT</subfield>
        <subfield code="0">(DHLAUTH)275793</subfield>
    </datafield>
    <datafield tag="650" ind1=" " ind2=" ">
        <subfield code="a">ACTIVITIES</subfield>
        <subfield code="0">(DHLAUTH)275823</subfield>
    </datafield>
</record>
<record>
    <datafield tag="191" ind1=" " ind2=" ">
        <subfield code="a">E/ESCWA/13/4 (PART 14)</subfield>
    </datafield>
    <datafield tag="246" ind1=" " ind2=" ">
        <subfield code="a">تقرير الامين التنفيذي عن نشاطات اللجنة التقدم المحرز في تنفيذ برنامج العمل الجزء الرابع عشر الادارة العامة والمالية العامة</subfield>
    </datafield>
    <datafield tag="269" ind1=" " ind2=" ">
        <subfield code="a">19860219</subfield>
    </datafield>
    <datafield tag="650" ind1=" " ind2=" ">
        <subfield code="a">BUDGET</subfield>
        <subfield code="0">(DHLAUTH)270085</subfield>
    </datafield>
    <datafield tag="650" ind1=" " ind2=" ">
        <subfield code="a">PUBLIC FINANCE</subfield>
        <subfield code="0">(DHLAUTH)269422</subfield>
    </datafield>
    <datafield tag="650" ind1=" " ind2=" ">
        <subfield code="a">RESOURCES MOBILIZATION</subfield>
        <subfield code="0">(DHLAUTH)270309</subfield>
    </datafield>
    <datafield tag="650" ind1=" " ind2=" ">
        <subfield code="a">INCENTIVES</subfield>
        <subfield code="0">(DHLAUTH)270104</subfield>
    </datafield>
    <datafield tag="650" ind1=" " ind2=" ">
        <subfield code="a">ACTIVITIES</subfield>
        <subfield code="0">(DHLAUTH)275823</subfield>
    </datafield>
</record>
<record>
    <datafield tag="191" ind1=" " ind2=" ">
        <subfield code="a">E/ESCWA/13/4 (PART 15)</subfield>
    </datafield>
    <datafield tag="246" ind1=" " ind2=" ">
        <subfield code="a">تقرير الامين التنفيذي عن نشاطات اللجنة التقدم المحرز في تنفيذ برنامج العمل الجزء الخامس عشر التنمية الاجتماعية</subfield>
    </datafield>
    <datafield tag="269" ind1=" " ind2=" ">
        <subfield code="a">19860219</subfield>
    </datafield>
    <datafield tag="650" ind1=" " ind2=" ">
        <subfield code="a">BUDGET</subfield>
        <subfield code="0">(DHLAUTH)270085</subfield>
    </datafield>
    <datafield tag="650" ind1=" " ind2=" ">
        <subfield code="a">WOMEN WORKERS</subfield>
        <subfield code="0">(DHLAUTH)273153</subfield>
    </datafield>
    <datafield tag="650" ind1=" " ind2=" ">
        <subfield code="a">WORK PROGRAMME</subfield>
        <subfield code="0">(DHLAUTH)275800</subfield>
    </datafield>
    <datafield tag="650" ind1=" " ind2=" ">
        <subfield code="a">WOMEN IN DEVELOPMENT</subfield>
        <subfield code="0">(DHLAUTH)269878</subfield>
    </datafield>
    <datafield tag="650" ind1=" " ind2=" ">
        <subfield code="a">SOCIAL INTEGRATION</subfield>
        <subfield code="0">(DHLAUTH)274706</subfield>
    </datafield>
    <datafield tag="650" ind1=" " ind2=" ">
        <subfield code="a">SOCIAL CHANGE</subfield>
        <subfield code="0">(DHLAUTH)268519</subfield>
    </datafield>
    <datafield tag="650" ind1=" " ind2=" ">
        <subfield code="a">SOCIAL PLANNING</subfield>
        <subfield code="0">(DHLAUTH)269898</subfield>
    </datafield>
    <datafield tag="650" ind1=" " ind2=" ">
        <subfield code="a">ACTIVITIES</subfield>
        <subfield code="0">(DHLAUTH)275823</subfield>
    </datafield>
</record>
<record>
    <datafield tag="191" ind1=" " ind2=" ">
        <subfield code="a">E/ESCWA/13/4 (PART 16)</subfield>
    </datafield>
    <datafield tag="246" ind1=" " ind2=" ">
        <subfield code="a">تقرير الامين التنفيذي عن نشاطات اللجنة التقدم المحرز في تنفيذ برنامج العمل الجزء السادس عشر انشطة التعاون الفني ومشاريع المساعدة الفنية</subfield>
    </datafield>
    <datafield tag="269" ind1=" " ind2=" ">
        <subfield code="a">19860219</subfield>
    </datafield>
    <datafield tag="650" ind1=" " ind2=" ">
        <subfield code="a">BUDGET</subfield>
        <subfield code="0">(DHLAUTH)270085</subfield>
    </datafield>
    <datafield tag="650" ind1=" " ind2=" ">
        <subfield code="a">ADVISORY SERVICES</subfield>
        <subfield code="0">(DHLAUTH)269860</subfield>
    </datafield>
    <datafield tag="650" ind1=" " ind2=" ">
        <subfield code="a">WORK PROGRAMME</subfield>
        <subfield code="0">(DHLAUTH)275800</subfield>
    </datafield>
    <datafield tag="650" ind1=" " ind2=" ">
        <subfield code="a">ACTIVITIES</subfield>
        <subfield code="0">(DHLAUTH)275823</subfield>
    </datafield>
</record>
<record>
    <datafield tag="191" ind1=" " ind2=" ">
        <subfield code="a">E/ESCWA/13/4 (PART 1)</subfield>
    </datafield>
    <datafield tag="245" ind1=" " ind2=" ">
        <subfield code="a">REPORT OF THE EXECUTIVE SECRETARY ON THE ACTIVITIES OF THE COMMISSION. PROGRESS MADE IN THE IMPLEMENTATION OF THE WORK PROGRAMME</subfield>
    </datafield>
    <datafield tag="246" ind1=" " ind2=" ">
        <subfield code="a">تقرير الامين التنفيذي عن نشاطات اللجنة التقدم المحرز في تنفيذ برنامج العمل الجزء الاول الاغذية والزراعة</subfield>
    </datafield>
    <datafield tag="269" ind1=" " ind2=" ">
        <subfield code="a">19860219</subfield>
    </datafield>
    <datafield tag="650" ind1=" " ind2=" ">
        <subfield code="a">BUDGET</subfield>
        <subfield code="0">(DHLAUTH)270085</subfield>
    </datafield>
    <datafield tag="650" ind1=" " ind2=" ">
        <subfield code="a">DEVELOPMENT STRATEGIES</subfield>
        <subfield code="0">(DHLAUTH)269884</subfield>
    </datafield>
    <datafield tag="650" ind1=" " ind2=" ">
        <subfield code="a">WORK PROGRAMME</subfield>
        <subfield code="0">(DHLAUTH)275800</subfield>
    </datafield>
    <datafield tag="650" ind1=" " ind2=" ">
        <subfield code="a">ROAD TRANSPORT</subfield>
        <subfield code="0">(DHLAUTH)9060</subfield>
    </datafield>
    <datafield tag="650" ind1=" " ind2=" ">
        <subfield code="a">TRANSPORT POLICY</subfield>
        <subfield code="0">(DHLAUTH)269936</subfield>
    </datafield>
    <datafield tag="650" ind1=" " ind2=" ">
        <subfield code="a">ACTIVITIES</subfield>
        <subfield code="0">(DHLAUTH)275823</subfield>
    </datafield>
</record>
<record>
    <datafield tag="191" ind1=" " ind2=" ">
        <subfield code="a">E/ESCWA/13/4 (PART 2)</subfield>
    </datafield>
    <datafield tag="245" ind1=" " ind2=" ">
        <subfield code="a">REPORT OF THE EXECUTIVE SECRETARY ON THE ACTIVITIES OF THE COMMISSION. PROGRESS MADE IN THE IMPLEMENTATION OF THE WORK PROGRAMME. PART II DEVELOPMENT ISSUES AND POLICIES</subfield>
    </datafield>
    <datafield tag="246" ind1=" " ind2=" ">
        <subfield code="a">تقرير الامين التنفيذي عن نشاطات اللجنة التقدم المحرز في تنفيذ برنامج العمل الجزء الثاني القضايا والسياسات الانمائية</subfield>
    </datafield>
    <datafield tag="269" ind1=" " ind2=" ">
        <subfield code="a">19860219</subfield>
    </datafield>
    <datafield tag="650" ind1=" " ind2=" ">
        <subfield code="a">AGRICULTURE</subfield>
        <subfield code="0">(DHLAUTH)271335</subfield>
    </datafield>
    <datafield tag="650" ind1=" " ind2=" ">
        <subfield code="a">WORK PROGRAMME</subfield>
        <subfield code="0">(DHLAUTH)275800</subfield>
    </datafield>
    <datafield tag="650" ind1=" " ind2=" ">
        <subfield code="a">ACTIVITIES</subfield>
        <subfield code="0">(DHLAUTH)275823</subfield>
    </datafield>
</record>
<record>
    <datafield tag="191" ind1=" " ind2=" ">
        <subfield code="a">E/ESCWA/13/4 (PART 3)/REV.1</subfield>
    </datafield>
    <datafield tag="245" ind1=" " ind2=" ">
        <subfield code="a">REPORT OF THE EXECUTIVE SECRETARY ON THE ACTIVITIES OF THE COMMISSION. PROGRESS MADE IN THE IMPLEMENTATION OF THE WORK PROGRAMME. PART III. ENERGY</subfield>
    </datafield>
    <datafield tag="246" ind1=" " ind2=" ">
        <subfield code="a">تقرير الامين التنفيذي عن نشاطات اللجنة التقدم المحرز في تنفيذ برنامج العمل الجزء الثالث الطاقة</subfield>
    </datafield>
    <datafield tag="269" ind1=" " ind2=" ">
        <subfield code="a">19860414</subfield>
    </datafield>
    <datafield tag="650" ind1=" " ind2=" ">
        <subfield code="a">BUDGET</subfield>
        <subfield code="0">(DHLAUTH)270085</subfield>
    </datafield>
    <datafield tag="650" ind1=" " ind2=" ">
        <subfield code="a">WORK PROGRAMME</subfield>
        <subfield code="0">(DHLAUTH)275800</subfield>
    </datafield>
    <datafield tag="650" ind1=" " ind2=" ">
        <subfield code="a">ENERGY EFFICIENCY</subfield>
        <subfield code="0">(DHLAUTH)271204</subfield>
    </datafield>
    <datafield tag="650" ind1=" " ind2=" ">
        <subfield code="a">ENERGY CONSERVATION</subfield>
        <subfield code="0">(DHLAUTH)270583</subfield>
    </datafield>
    <datafield tag="650" ind1=" " ind2=" ">
        <subfield code="a">GEOTHERMAL ENERGY</subfield>
        <subfield code="0">(DHLAUTH)270737</subfield>
    </datafield>
    <datafield tag="650" ind1=" " ind2=" ">
        <subfield code="a">ACTIVITIES</subfield>
        <subfield code="0">(DHLAUTH)275823</subfield>
    </datafield>
</record>
<record>
    <datafield tag="191" ind1=" " ind2=" ">
        <subfield code="a">E/ESCWA/13/4 (PART 4)</subfield>
    </datafield>
    <datafield tag="246" ind1=" " ind2=" ">
        <subfield code="a">تقرير الامين التنفيذي عن نشاطات اللجنة التقدم المحرز في تنفيذ برنامج العمل الجزء الرابع البيئة</subfield>
    </datafield>
    <datafield tag="269" ind1=" " ind2=" ">
        <subfield code="a">19860219</subfield>
    </datafield>
    <datafield tag="650" ind1=" " ind2=" ">
        <subfield code="a">WORK PROGRAMME</subfield>
        <subfield code="0">(DHLAUTH)275800</subfield>
    </datafield>
    <datafield tag="650" ind1=" " ind2=" ">
        <subfield code="a">ACTIVITIES</subfield>
        <subfield code="0">(DHLAUTH)275823</subfield>
    </datafield>
    <datafield tag="650" ind1=" " ind2=" ">
        <subfield code="a">BUDGET</subfield>
        <subfield code="0">(DHLAUTH)270085</subfield>
    </datafield>
    <datafield tag="650" ind1=" " ind2=" ">
        <subfield code="a">POLLUTION SOURCES</subfield>
        <subfield code="0">(DHLAUTH)270848</subfield>
    </datafield>
    <datafield tag="650" ind1=" " ind2=" ">
        <subfield code="a">ADVISORY SERVICES</subfield>
        <subfield code="0">(DHLAUTH)269860</subfield>
    </datafield>
</record>
<record>
    <datafield tag="191" ind1=" " ind2=" ">
        <subfield code="a">E/ESCWA/13/4 (PART 5)/REV.1</subfield>
    </datafield>
    <datafield tag="246" ind1=" " ind2=" ">
        <subfield code="a">تقرير الامين التنفيذي عن نشاطات اللجنة التقدم المحرز في تنفيذ برنامج العمل الجزء الخامس المستوطنات البشرية</subfield>
    </datafield>
    <datafield tag="269" ind1=" " ind2=" ">
        <subfield code="a">19860414</subfield>
    </datafield>
    <datafield tag="650" ind1=" " ind2=" ">
        <subfield code="a">BUDGET</subfield>
        <subfield code="0">(DHLAUTH)270085</subfield>
    </datafield>
    <datafield tag="650" ind1=" " ind2=" ">
        <subfield code="a">WORK PROGRAMME</subfield>
        <subfield code="0">(DHLAUTH)275800</subfield>
    </datafield>
    <datafield tag="650" ind1=" " ind2=" ">
        <subfield code="a">SETTLEMENT PLANNING</subfield>
        <subfield code="0">(DHLAUTH)271450</subfield>
    </datafield>
    <datafield tag="650" ind1=" " ind2=" ">
        <subfield code="a">PHYSICAL PLANNING</subfield>
        <subfield code="0">(DHLAUTH)271449</subfield>
    </datafield>
    <datafield tag="650" ind1=" " ind2=" ">
        <subfield code="a">BUILDING MATERIALS</subfield>
        <subfield code="0">(DHLAUTH)271086</subfield>
    </datafield>
    <datafield tag="650" ind1=" " ind2=" ">
        <subfield code="a">ACTIVITIES</subfield>
        <subfield code="0">(DHLAUTH)275823</subfield>
    </datafield>
</record>
<record>
    <datafield tag="191" ind1=" " ind2=" ">
        <subfield code="a">E/ESCWA/13/4 (PART 6)/REV.1</subfield>
    </datafield>
    <datafield tag="246" ind1=" " ind2=" ">
        <subfield code="a">تقرير الامين التنفيذي عن نشاطات اللجنة التقدم المحرز في تنفيذ برنامج العمل الجزء السادس التنمية الصناعية</subfield>
    </datafield>
    <datafield tag="269" ind1=" " ind2=" ">
        <subfield code="a">19860414</subfield>
    </datafield>
    <datafield tag="650" ind1=" " ind2=" ">
        <subfield code="a">BUDGET</subfield>
        <subfield code="0">(DHLAUTH)270085</subfield>
    </datafield>
    <datafield tag="650" ind1=" " ind2=" ">
        <subfield code="a">INDUSTRIAL TECHNOLOGY</subfield>
        <subfield code="0">(DHLAUTH)271934</subfield>
    </datafield>
    <datafield tag="650" ind1=" " ind2=" ">
        <subfield code="a">INDUSTRIAL PRODUCTION</subfield>
        <subfield code="0">(DHLAUTH)269662</subfield>
    </datafield>
    <datafield tag="650" ind1=" " ind2=" ">
        <subfield code="a">ACTIVITIES</subfield>
        <subfield code="0">(DHLAUTH)275823</subfield>
    </datafield>
</record>
<record>
    <datafield tag="191" ind1=" " ind2=" ">
        <subfield code="a">E/ESCWA/13/4 (PART 7)/REV.1</subfield>
    </datafield>
    <datafield tag="246" ind1=" " ind2=" ">
        <subfield code="a">تقرير الامين التنفيذي عن نشاطات اللجنة التقدم المحرز في تنفيذ برنامج العمل الجزء السابع التجارة الدولية وتمويل التنمية</subfield>
    </datafield>
    <datafield tag="269" ind1=" " ind2=" ">
        <subfield code="a">19860414</subfield>
    </datafield>
    <datafield tag="650" ind1=" " ind2=" ">
        <subfield code="a">BUDGET</subfield>
        <subfield code="0">(DHLAUTH)270085</subfield>
    </datafield>
    <datafield tag="650" ind1=" " ind2=" ">
        <subfield code="a">INTERNATIONAL TRADE</subfield>
        <subfield code="0">(DHLAUTH)269532</subfield>
    </datafield>
    <datafield tag="650" ind1=" " ind2=" ">
        <subfield code="a">EXPORT DIVERSIFICATION</subfield>
        <subfield code="0">(DHLAUTH)272816</subfield>
    </datafield>
    <datafield tag="650" ind1=" " ind2=" ">
        <subfield code="a">WORK PROGRAMME</subfield>
        <subfield code="0">(DHLAUTH)275800</subfield>
    </datafield>
    <datafield tag="650" ind1=" " ind2=" ">
        <subfield code="a">ACTIVITIES</subfield>
        <subfield code="0">(DHLAUTH)275823</subfield>
    </datafield>
</record>
<record>
    <datafield tag="191" ind1=" " ind2=" ">
        <subfield code="a">E/ESCWA/13/4 (PART 8)</subfield>
    </datafield>
    <datafield tag="246" ind1=" " ind2=" ">
        <subfield code="a">تقرير الامين التنفيذي عن نشاطات اللجنة التقدم المحرز في تنفيذ برنامج العمل الجزء الثامن الموارد الطبيعية</subfield>
    </datafield>
    <datafield tag="269" ind1=" " ind2=" ">
        <subfield code="a">19860219</subfield>
    </datafield>
    <datafield tag="650" ind1=" " ind2=" ">
        <subfield code="a">BUDGET</subfield>
        <subfield code="0">(DHLAUTH)270085</subfield>
    </datafield>
    <datafield tag="650" ind1=" " ind2=" ">
        <subfield code="a">ADVISORY SERVICES</subfield>
        <subfield code="0">(DHLAUTH)269860</subfield>
    </datafield>
    <datafield tag="650" ind1=" " ind2=" ">
        <subfield code="a">WORK PROGRAMME</subfield>
        <subfield code="0">(DHLAUTH)275800</subfield>
    </datafield>
    <datafield tag="650" ind1=" " ind2=" ">
        <subfield code="a">WATER RESOURCES</subfield>
        <subfield code="0">(DHLAUTH)270568</subfield>
    </datafield>
    <datafield tag="650" ind1=" " ind2=" ">
        <subfield code="a">POLICY-MAKING</subfield>
        <subfield code="0">(DHLAUTH)274697</subfield>
    </datafield>
    <datafield tag="650" ind1=" " ind2=" ">
        <subfield code="a">ACTIVITIES</subfield>
        <subfield code="0">(DHLAUTH)275823</subfield>
    </datafield>
</record>
<record>
    <datafield tag="191" ind1=" " ind2=" ">
        <subfield code="a">E/ESCWA/13/4 (PART 9)</subfield>
    </datafield>
    <datafield tag="246" ind1=" " ind2=" ">
        <subfield code="a">تقرير الامين التنفيذي عن نشاطات اللجنة التقدم المحرز في تنفيذ برنامج العمل الجزء التاسع السكان</subfield>
    </datafield>
    <datafield tag="269" ind1=" " ind2=" ">
        <subfield code="a">19860219</subfield>
    </datafield>
    <datafield tag="650" ind1=" " ind2=" ">
        <subfield code="a">BUDGET</subfield>
        <subfield code="0">(DHLAUTH)270085</subfield>
    </datafield>
    <datafield tag="650" ind1=" " ind2=" ">
        <subfield code="a">DATA COLLECTION</subfield>
        <subfield code="0">(DHLAUTH)270174</subfield>
    </datafield>
    <datafield tag="650" ind1=" " ind2=" ">
        <subfield code="a">POPULATION POLICY</subfield>
        <subfield code="0">(DHLAUTH)269905</subfield>
    </datafield>
    <datafield tag="650" ind1=" " ind2=" ">
        <subfield code="a">WORK PROGRAMME</subfield>
        <subfield code="0">(DHLAUTH)275800</subfield>
    </datafield>
    <datafield tag="650" ind1=" " ind2=" ">
        <subfield code="a">DEVELOPMENT POLICY</subfield>
        <subfield code="0">(DHLAUTH)269893</subfield>
    </datafield>
    <datafield tag="650" ind1=" " ind2=" ">
        <subfield code="a">MANPOWER DEVELOPMENT</subfield>
        <subfield code="0">(DHLAUTH)274163</subfield>
    </datafield>
    <datafield tag="650" ind1=" " ind2=" ">
        <subfield code="a">DEMOGRAPHIC ANALYSIS</subfield>
        <subfield code="0">(DHLAUTH)272979</subfield>
    </datafield>
    <datafield tag="650" ind1=" " ind2=" ">
        <subfield code="a">ACTIVITIES</subfield>
        <subfield code="0">(DHLAUTH)275823</subfield>
    </datafield>
</record>
<record>
    <datafield tag="191" ind1=" " ind2=" ">
        <subfield code="a">E/ESCWA/13/4 (PART VII)/REV.1</subfield>
    </datafield>
    <datafield tag="245" ind1=" " ind2=" ">
        <subfield code="a">REPORT OF THE EXECUTIVE SECRETARY ON THE ACTIVITES OF THE COMMISSION/ PROGRESS MADE IN THE IMPLEMENTATIONOF THE WORK PROGRAMME/ PART VII/ INTERNATIONAL TRADE AND DEVELOPMENT FINANCE</subfield>
    </datafield>
    <datafield tag="269" ind1=" " ind2=" ">
        <subfield code="a">19860414</subfield>
    </datafield>
    <datafield tag="650" ind1=" " ind2=" ">
        <subfield code="a">BUDGET</subfield>
        <subfield code="0">(DHLAUTH)270085</subfield>
    </datafield>
    <datafield tag="650" ind1=" " ind2=" ">
        <subfield code="a">INTERNATIONAL TRADE</subfield>
        <subfield code="0">(DHLAUTH)269532</subfield>
    </datafield>
    <datafield tag="650" ind1=" " ind2=" ">
        <subfield code="a">EXPORT DIVERSIFICATION</subfield>
        <subfield code="0">(DHLAUTH)272816</subfield>
    </datafield>
    <datafield tag="650" ind1=" " ind2=" ">
        <subfield code="a">WORK PROGRAMME</subfield>
        <subfield code="0">(DHLAUTH)275800</subfield>
    </datafield>
    <datafield tag="650" ind1=" " ind2=" ">
        <subfield code="a">ACTIVITIES</subfield>
        <subfield code="0">(DHLAUTH)275823</subfield>
    </datafield>
</record>
<record>
    <datafield tag="191" ind1=" " ind2=" ">
        <subfield code="a">E/ESCWA/13/4 (PART VI)/REV.1</subfield>
    </datafield>
    <datafield tag="245" ind1=" " ind2=" ">
        <subfield code="a">REPORT OF THE EXECUTIVE SECRETARY ON THE ACTIVITIES OF THE COMMISSION/ PROGRESS MADE IN THE IMPLEMNTATION OF THE WORK PROGRAMME/ PART VI/ INDUSTRIAL DEVELOPMENT</subfield>
    </datafield>
    <datafield tag="269" ind1=" " ind2=" ">
        <subfield code="a">19860414</subfield>
    </datafield>
    <datafield tag="650" ind1=" " ind2=" ">
        <subfield code="a">BUDGET</subfield>
        <subfield code="0">(DHLAUTH)270085</subfield>
    </datafield>
    <datafield tag="650" ind1=" " ind2=" ">
        <subfield code="a">WORK PROGRAMME</subfield>
        <subfield code="0">(DHLAUTH)275800</subfield>
    </datafield>
    <datafield tag="650" ind1=" " ind2=" ">
        <subfield code="a">INDUSTRIAL TECHNOLOGY</subfield>
        <subfield code="0">(DHLAUTH)271934</subfield>
    </datafield>
    <datafield tag="650" ind1=" " ind2=" ">
        <subfield code="a">INDUSTRIAL PRODUCTION</subfield>
        <subfield code="0">(DHLAUTH)269662</subfield>
    </datafield>
    <datafield tag="650" ind1=" " ind2=" ">
        <subfield code="a">ACTIVITIES</subfield>
        <subfield code="0">(DHLAUTH)275823</subfield>
    </datafield>
</record>
<record>
    <datafield tag="191" ind1=" " ind2=" ">
        <subfield code="a">E/ESCWA/13/4 (PART XII)/REV.1</subfield>
    </datafield>
    <datafield tag="245" ind1=" " ind2=" ">
        <subfield code="a">REPORT OF THE EXECUTIVE SECRETARY ON THE ACTIVITIES OF THE COMMISSION/ PROGRESS MADE IN THE IMPLEMENTATION OF THE WORK PROGRAMME/ PART XII/ RANSPORT AND COMMUNICATIONS</subfield>
    </datafield>
    <datafield tag="269" ind1=" " ind2=" ">
        <subfield code="a">19860414</subfield>
    </datafield>
    <datafield tag="650" ind1=" " ind2=" ">
        <subfield code="a">BUDGET</subfield>
        <subfield code="0">(DHLAUTH)270085</subfield>
    </datafield>
    <datafield tag="650" ind1=" " ind2=" ">
        <subfield code="a">DEVELOPMENT STRATEGIES</subfield>
        <subfield code="0">(DHLAUTH)269884</subfield>
    </datafield>
    <datafield tag="650" ind1=" " ind2=" ">
        <subfield code="a">WORK PROGRAMME</subfield>
        <subfield code="0">(DHLAUTH)275800</subfield>
    </datafield>
    <datafield tag="650" ind1=" " ind2=" ">
        <subfield code="a">ROAD TRANSPORT</subfield>
        <subfield code="0">(DHLAUTH)9060</subfield>
    </datafield>
    <datafield tag="650" ind1=" " ind2=" ">
        <subfield code="a">TRANSPORT POLICY</subfield>
        <subfield code="0">(DHLAUTH)269936</subfield>
    </datafield>
    <datafield tag="650" ind1=" " ind2=" ">
        <subfield code="a">ACTIVITIES</subfield>
        <subfield code="0">(DHLAUTH)275823</subfield>
    </datafield>
</record>
<record>
    <datafield tag="191" ind1=" " ind2=" ">
        <subfield code="a">E/ESCWA/13/4 (PART XIV)/REV.1</subfield>
    </datafield>
    <datafield tag="245" ind1=" " ind2=" ">
        <subfield code="a">REPORT OF THE EXECUTIVE SECRETARY ON THE ACTIVITIES OF THE COMMISSION/ PROGRESS MADE IN THE IMPLEMENTATION OF THE WORK PROGRAMME/ PART XIV/ PUBLIC FINANCE AND ADMINISTRATION</subfield>
    </datafield>
    <datafield tag="269" ind1=" " ind2=" ">
        <subfield code="a">19860414</subfield>
    </datafield>
    <datafield tag="650" ind1=" " ind2=" ">
        <subfield code="a">BUDGET</subfield>
        <subfield code="0">(DHLAUTH)270085</subfield>
    </datafield>
    <datafield tag="650" ind1=" " ind2=" ">
        <subfield code="a">PUBLIC FINANCE</subfield>
        <subfield code="0">(DHLAUTH)269422</subfield>
    </datafield>
    <datafield tag="650" ind1=" " ind2=" ">
        <subfield code="a">WORK PROGRAMME</subfield>
        <subfield code="0">(DHLAUTH)275800</subfield>
    </datafield>
    <datafield tag="650" ind1=" " ind2=" ">
        <subfield code="a">RESOURCES MOBILIZATION</subfield>
        <subfield code="0">(DHLAUTH)270309</subfield>
    </datafield>
    <datafield tag="650" ind1=" " ind2=" ">
        <subfield code="a">INCENTIVES</subfield>
        <subfield code="0">(DHLAUTH)270104</subfield>
    </datafield>
    <datafield tag="650" ind1=" " ind2=" ">
        <subfield code="a">ACTIVITIES</subfield>
        <subfield code="0">(DHLAUTH)275823</subfield>
    </datafield>
</record>
<record>
    <datafield tag="191" ind1=" " ind2=" ">
        <subfield code="a">E/ESCWA/13/4/ADD.17/REV.1</subfield>
    </datafield>
    <datafield tag="246" ind1=" " ind2=" ">
        <subfield code="a">التقدم المحرز في تنفيذ برنامج العمل التطوير المتكامل لمرافق تصنيع الآليات ذاتية الحركة الاطار اللازم لقيام تعاون إقليمي: مذكرة من الأمانة التنفيذية</subfield>
    </datafield>
    <datafield tag="269" ind1=" " ind2=" ">
        <subfield code="a">19860414</subfield>
    </datafield>
    <datafield tag="650" ind1=" " ind2=" ">
        <subfield code="a">CONFERENCES</subfield>
        <subfield code="0">(DHLAUTH)275758</subfield>
    </datafield>
    <datafield tag="650" ind1=" " ind2=" ">
        <subfield code="a">REGIONAL COOPERATION</subfield>
        <subfield code="0">(DHLAUTH)268656</subfield>
    </datafield>
    <datafield tag="650" ind1=" " ind2=" ">
        <subfield code="a">MANUFACTURING ENTERPRISES</subfield>
        <subfield code="0">(DHLAUTH)271787</subfield>
    </datafield>
    <datafield tag="650" ind1=" " ind2=" ">
        <subfield code="a">DEVELOPMENT PROJECTS</subfield>
        <subfield code="0">(DHLAUTH)444783</subfield>
    </datafield>
</record>
<record>
    <datafield tag="191" ind1=" " ind2=" ">
        <subfield code="a">E/ESCWA/13/4/ADD.18/REV.1</subfield>
    </datafield>
    <datafield tag="245" ind1=" " ind2=" ">
        <subfield code="a">PROGRESS MADE IN THE IMPLEMENTATION OF THE WORK PROGRAMME. MICROELECTRONICS AND INFORMATICS IN THE ESCWA REGION. NOTE BY THE SECRETARIAT.</subfield>
    </datafield>
    <datafield tag="246" ind1=" " ind2=" ">
        <subfield code="a">التقدم المحرز في تنفيذ برنامج العمل الالكترونيات الدقيقة والمعلوماتية في منطقة الآسكوا مذكرة من الأمانة التنفيذية</subfield>
    </datafield>
    <datafield tag="269" ind1=" " ind2=" ">
        <subfield code="a">19860414</subfield>
    </datafield>
    <datafield tag="650" ind1=" " ind2=" ">
        <subfield code="a">INFORMATICS</subfield>
        <subfield code="0">(DHLAUTH)275151</subfield>
    </datafield>
    <datafield tag="650" ind1=" " ind2=" ">
        <subfield code="a">ACTIVITIES</subfield>
        <subfield code="0">(DHLAUTH)275823</subfield>
    </datafield>
    <datafield tag="650" ind1=" " ind2=" ">
        <subfield code="a">MICRO-ELECTRONICS</subfield>
        <subfield code="0">(DHLAUTH)272427</subfield>
    </datafield>
</record>
<record>
    <datafield tag="191" ind1=" " ind2=" ">
        <subfield code="a">E/ESCWA/13/4/ADD.19/REV.1</subfield>
    </datafield>
    <datafield tag="245" ind1=" " ind2=" ">
        <subfield code="a">PROGRESS MADE IN THE IMPLEMENTATION OF THE WORK PROGRAMME. PROMOTION ACTIVITIES OF THE JOINT ESCWA/UNIDO INDUSTRY DIVISION. NOTE BY THE SECRETARIAT</subfield>
    </datafield>
    <datafield tag="246" ind1=" " ind2=" ">
        <subfield code="a">التقدم المحرز في تنفيذ برنامج العمل النشاطات الترويجية التي تضطلع بها شعبة الصناعة المشتركة بين الاسكوا      واليونيدو مذكرة من الامانة التنفيذية</subfield>
    </datafield>
    <datafield tag="269" ind1=" " ind2=" ">
        <subfield code="a">19860414</subfield>
    </datafield>
    <datafield tag="650" ind1=" " ind2=" ">
        <subfield code="a">COORDINATION WITHIN UN SYSTEM</subfield>
        <subfield code="0">(DHLAUTH)268575</subfield>
    </datafield>
    <datafield tag="650" ind1=" " ind2=" ">
        <subfield code="a">INDUSTRY</subfield>
        <subfield code="0">(DHLAUTH)271796</subfield>
    </datafield>
    <datafield tag="650" ind1=" " ind2=" ">
        <subfield code="a">ACTIVITIES</subfield>
        <subfield code="0">(DHLAUTH)275823</subfield>
    </datafield>
</record>
<record>
    <datafield tag="191" ind1=" " ind2=" ">
        <subfield code="a">E/ESCWA/13/4/ADD.20/REV.1</subfield>
    </datafield>
    <datafield tag="245" ind1=" " ind2=" ">
        <subfield code="a">PROGRESS MADE IN THE IMPLEMENTATION OF THE WORK PROGRAMME. MASTERPLAN FOR THE DEVELOPMENT OF TECHNOLOGICAL CAPABILITIES IN THE OIL REFINING, PETROCHEMICAL AND FERTILIZER INDUSTRY. A FRAMEWORK. NOTE BY THE SECRETARIAT.</subfield>
    </datafield>
    <datafield tag="246" ind1=" " ind2=" ">
        <subfield code="a">التقدم المحرز في تنفيذ برنامج العمل خطة رئيسية لتطوير القدرات التكنولوجية في مجال صناعة تكرير النفط  والصناعات البتروكيميائية وصناعة الأسمدة اطار عام: مذكرة من الأمانة التنفيذية</subfield>
    </datafield>
    <datafield tag="269" ind1=" " ind2=" ">
        <subfield code="a">19860414</subfield>
    </datafield>
    <datafield tag="650" ind1=" " ind2=" ">
        <subfield code="a">RECOMMENDATIONS</subfield>
        <subfield code="0">(DHLAUTH)275840</subfield>
    </datafield>
    <datafield tag="650" ind1=" " ind2=" ">
        <subfield code="a">FEASIBILITY STUDIES</subfield>
        <subfield code="0">(DHLAUTH)269961</subfield>
    </datafield>
    <datafield tag="650" ind1=" " ind2=" ">
        <subfield code="a">SCIENCE AND TECHNOLOGY POLICY</subfield>
        <subfield code="0">(DHLAUTH)275207</subfield>
    </datafield>
    <datafield tag="650" ind1=" " ind2=" ">
        <subfield code="a">PROJECT IDENTIFICATION</subfield>
        <subfield code="0">(DHLAUTH)275804</subfield>
    </datafield>
    <datafield tag="650" ind1=" " ind2=" ">
        <subfield code="a">SCIENCE AND TECHNOLOGY PLANNING</subfield>
        <subfield code="0">(DHLAUTH)269896</subfield>
    </datafield>
</record>
<record>
    <datafield tag="191" ind1=" " ind2=" ">
        <subfield code="a">E/ESCWA/13/4/ADD.21/REV.1</subfield>
    </datafield>
    <datafield tag="245" ind1=" " ind2=" ">
        <subfield code="a">PROGRESS MADE IN THE IMPLEMENTATION OF THE WORK PROGRAMME. MASTER PLAN FOR THE DEVELOPMENT OF TECHNOLOGY CAPABILITIES IN CAPITAL GOODS INDUSTRIES. A FRAMEWORK. NOTE BY THE SECRETARIAT.</subfield>
    </datafield>
    <datafield tag="246" ind1=" " ind2=" ">
        <subfield code="a">التقدم المحرز في تنفيذ برنامج العمل خطة رئيسية لتطوير القدرات التكنولوجية في مجال صناعات السلع الإنتاجية اطار عام: مذكرة من الامانة التنفيذية</subfield>
    </datafield>
    <datafield tag="269" ind1=" " ind2=" ">
        <subfield code="a">19860414</subfield>
    </datafield>
    <datafield tag="650" ind1=" " ind2=" ">
        <subfield code="a">RECOMMENDATIONS</subfield>
        <subfield code="0">(DHLAUTH)275840</subfield>
    </datafield>
    <datafield tag="650" ind1=" " ind2=" ">
        <subfield code="a">TECHNOLOGY TRANSFER</subfield>
        <subfield code="0">(DHLAUTH)271882</subfield>
    </datafield>
    <datafield tag="650" ind1=" " ind2=" ">
        <subfield code="a">RESEARCH AND DEVELOPMENT</subfield>
        <subfield code="0">(DHLAUTH)271949</subfield>
    </datafield>
    <datafield tag="650" ind1=" " ind2=" ">
        <subfield code="a">SCIENCE AND TECHNOLOGY CAPABILITY</subfield>
        <subfield code="0">(DHLAUTH)274356</subfield>
    </datafield>
    <datafield tag="650" ind1=" " ind2=" ">
        <subfield code="a">SCIENCE AND TECHNOLOGY PLANNING</subfield>
        <subfield code="0">(DHLAUTH)269896</subfield>
    </datafield>
</record>
<record>
    <datafield tag="191" ind1=" " ind2=" ">
        <subfield code="a">E/ESCWA/13/5/ADD.2</subfield>
    </datafield>
    <datafield tag="245" ind1=" " ind2=" ">
        <subfield code="a">REPORT OF THE EXECUTIVE SECRETARY ON THE ACTIVITIES OF THE COMMISSION: FOLLOW-UP ACTION ON THE RESOLUTIONS OF THE COMMISSION COMMISSION RESOLUTION 134 (XII) ON THE PROGRAMME OF WORK AND PRIORITIES FOR THE PERIOD 1986-1987</subfield>
    </datafield>
    <datafield tag="246" ind1=" " ind2=" ">
        <subfield code="a">تقرير الامين التنفيذى عن نشاطات اللجنة متابعة القرارات الصادرة عن اللجنة: قرار اللجنة رقم 134 (د-12) بشان برنامج العمل و الاولويات للفترة 1986-1987</subfield>
    </datafield>
    <datafield tag="269" ind1=" " ind2=" ">
        <subfield code="a">19860302</subfield>
    </datafield>
    <datafield tag="650" ind1=" " ind2=" ">
        <subfield code="a">WESTERN ASIA</subfield>
        <subfield code="0">(DHLAUTH)275490</subfield>
    </datafield>
    <datafield tag="650" ind1=" " ind2=" ">
        <subfield code="a">CONFERENCES</subfield>
        <subfield code="0">(DHLAUTH)275758</subfield>
    </datafield>
    <datafield tag="650" ind1=" " ind2=" ">
        <subfield code="a">RESOLUTIONS AND DECISIONS</subfield>
        <subfield code="0">(DHLAUTH)275677</subfield>
    </datafield>
    <datafield tag="650" ind1=" " ind2=" ">
        <subfield code="a">PROGRAMME PRIORITIES</subfield>
        <subfield code="0">(DHLAUTH)275763</subfield>
    </datafield>
    <datafield tag="650" ind1=" " ind2=" ">
        <subfield code="a">WORK PROGRAMME</subfield>
        <subfield code="0">(DHLAUTH)275800</subfield>
    </datafield>
</record>
<record>
    <datafield tag="191" ind1=" " ind2=" ">
        <subfield code="a">E/ESCWA/13/5/ADD.3</subfield>
    </datafield>
    <datafield tag="245" ind1=" " ind2=" ">
        <subfield code="a">REPORT OF THE EXECUTIVE SECRETARY ON THE ACTIVITIES OF THE COMMISSION: FOLLOW-UP ACTION ON THE RESOLUTIONS OF THE COMMISSION: COMMISSION RESOLUTION 135 (XII) ON  PROGRESS MADE IN THE IMPLEMENTATION OF THE WORK PROGRAMME</subfield>
    </datafield>
    <datafield tag="246" ind1=" " ind2=" ">
        <subfield code="a">تقرير الامين التنفيذى عن نشاطات اللجنة متابعة القرارات الصادرة عن اللجنة: قرار اللجنة رقم 135 (د-12) بشان التقدم المحرز في تنفيذ  برنامج العمل</subfield>
    </datafield>
    <datafield tag="269" ind1=" " ind2=" ">
        <subfield code="a">19860216</subfield>
    </datafield>
    <datafield tag="650" ind1=" " ind2=" ">
        <subfield code="a">CONFERENCES</subfield>
        <subfield code="0">(DHLAUTH)275758</subfield>
    </datafield>
    <datafield tag="650" ind1=" " ind2=" ">
        <subfield code="a">WESTERN ASIA</subfield>
        <subfield code="0">(DHLAUTH)275490</subfield>
    </datafield>
    <datafield tag="650" ind1=" " ind2=" ">
        <subfield code="a">RESOLUTIONS AND DECISIONS</subfield>
        <subfield code="0">(DHLAUTH)275677</subfield>
    </datafield>
    <datafield tag="650" ind1=" " ind2=" ">
        <subfield code="a">WORK PROGRAMME</subfield>
        <subfield code="0">(DHLAUTH)275800</subfield>
    </datafield>
    <datafield tag="650" ind1=" " ind2=" ">
        <subfield code="a">PROGRAMME IMPLEMENTATION</subfield>
        <subfield code="0">(DHLAUTH)275794</subfield>
    </datafield>
</record>
<record>
    <datafield tag="191" ind1=" " ind2=" ">
        <subfield code="a">E/ESCWA/13/5/ADD.4</subfield>
    </datafield>
    <datafield tag="245" ind1=" " ind2=" ">
        <subfield code="a">REPORT OF THE EXECUTIVE SECRETARY ON THE ACTIVITIES OF THE COMMISSION: FOLLOW-UP ACTION ON THE RESOLUTIONS OF THE COMMISSION: IV COMMISSION RESOLUTION 136 (XII) ON THE SCIENCE AND TECHNOLOGY PROGRAMME</subfield>
    </datafield>
    <datafield tag="246" ind1=" " ind2=" ">
        <subfield code="a">تقرير الامين التنفيذى عن نشاطات اللجنة متابعة القرارات الصادرة عن اللجنة: قرار اللجنة رقم 136 (د-12) بشان برنامج العلم والتكنولوجيا</subfield>
    </datafield>
    <datafield tag="269" ind1=" " ind2=" ">
        <subfield code="a">19860205</subfield>
    </datafield>
    <datafield tag="650" ind1=" " ind2=" ">
        <subfield code="a">WESTERN ASIA</subfield>
        <subfield code="0">(DHLAUTH)275490</subfield>
    </datafield>
    <datafield tag="650" ind1=" " ind2=" ">
        <subfield code="a">CONFERENCES</subfield>
        <subfield code="0">(DHLAUTH)275758</subfield>
    </datafield>
    <datafield tag="650" ind1=" " ind2=" ">
        <subfield code="a">RESOLUTIONS AND DECISIONS</subfield>
        <subfield code="0">(DHLAUTH)275677</subfield>
    </datafield>
    <datafield tag="650" ind1=" " ind2=" ">
        <subfield code="a">WORK PROGRAMME</subfield>
        <subfield code="0">(DHLAUTH)275800</subfield>
    </datafield>
    <datafield tag="650" ind1=" " ind2=" ">
        <subfield code="a">SCIENCE AND TECHNOLOGY</subfield>
        <subfield code="0">(DHLAUTH)275209</subfield>
    </datafield>
</record>
<record>
    <datafield tag="191" ind1=" " ind2=" ">
        <subfield code="a">E/ESCWA/13/5/ADD.7</subfield>
    </datafield>
    <datafield tag="245" ind1=" " ind2=" ">
        <subfield code="a">REPORT OF THE EXECUTIVE SECRETARY ON THE ACTIVITIES OF THE COMMISSION: FOLLOW-UP ACTION ON THE RESOLUTIONS OF THE COMMISSION: VII COMMISSION RESOLUTION 140 (XII) ON THE FILING OF VACANCIES IN THE SECRETARIAT</subfield>
    </datafield>
    <datafield tag="246" ind1=" " ind2=" ">
        <subfield code="a">تقرير الامين التنفيذى عن نشاطات اللجنة متابعة القرارات الصادرة عن اللجنة: قرار اللجنة رقم 140 (د-12) بشان ملء الشواغر في الامانة التنفيذية</subfield>
    </datafield>
    <datafield tag="269" ind1=" " ind2=" ">
        <subfield code="a">19860223</subfield>
    </datafield>
    <datafield tag="650" ind1=" " ind2=" ">
        <subfield code="a">WESTERN ASIA</subfield>
        <subfield code="0">(DHLAUTH)275490</subfield>
    </datafield>
    <datafield tag="650" ind1=" " ind2=" ">
        <subfield code="a">CONFERENCES</subfield>
        <subfield code="0">(DHLAUTH)275758</subfield>
    </datafield>
    <datafield tag="650" ind1=" " ind2=" ">
        <subfield code="a">RESOLUTIONS AND DECISIONS</subfield>
        <subfield code="0">(DHLAUTH)275677</subfield>
    </datafield>
    <datafield tag="650" ind1=" " ind2=" ">
        <subfield code="a">JOB VACANCIES</subfield>
        <subfield code="0">(DHLAUTH)478240</subfield>
    </datafield>
    <datafield tag="650" ind1=" " ind2=" ">
        <subfield code="a">PROFESSIONAL STAFF</subfield>
        <subfield code="0">(DHLAUTH)268637</subfield>
    </datafield>
    <datafield tag="650" ind1=" " ind2=" ">
        <subfield code="a">VACANCY MANAGEMENT</subfield>
        <subfield code="0">(DHLAUTH)274196</subfield>
    </datafield>
</record>
<record>
    <datafield tag="191" ind1=" " ind2=" ">
        <subfield code="a">E/ESCWA/13/8/REV.1</subfield>
    </datafield>
    <datafield tag="245" ind1=" " ind2=" ">
        <subfield code="a">CURRENT ISSUES OF IMPORTANCE TO THE ESCWA REGION RESOLUTION NO. 119 (X) FOREIGN DEBT IMPLICATIONS FOR CREDITOR AND DEBTOR COUNTRIES OF WESTERN ASIA NOTE BY THE EXECUTIVE SECRETARY.</subfield>
    </datafield>
    <datafield tag="246" ind1=" " ind2=" ">
        <subfield code="a">قضايا او مشكلات معينة تواجهها بلدان المنطقة  القرار 119  (د- 10) الدين الخارجي آثارة علي بلدان غربي آسيا الدائنة والمدينة</subfield>
    </datafield>
    <datafield tag="269" ind1=" " ind2=" ">
        <subfield code="a">19860414</subfield>
    </datafield>
    <datafield tag="650" ind1=" " ind2=" ">
        <subfield code="a">CONFERENCES</subfield>
        <subfield code="0">(DHLAUTH)275758</subfield>
    </datafield>
    <datafield tag="650" ind1=" " ind2=" ">
        <subfield code="a">WESTERN ASIA</subfield>
        <subfield code="0">(DHLAUTH)275490</subfield>
    </datafield>
    <datafield tag="650" ind1=" " ind2=" ">
        <subfield code="a">ACTIVITIES</subfield>
        <subfield code="0">(DHLAUTH)275823</subfield>
    </datafield>
    <datafield tag="650" ind1=" " ind2=" ">
        <subfield code="a">EXTERNAL DEBT</subfield>
        <subfield code="0">(DHLAUTH)270096</subfield>
    </datafield>
    <datafield tag="650" ind1=" " ind2=" ">
        <subfield code="a">INTERNATIONAL COOPERATION</subfield>
        <subfield code="0">(DHLAUTH)268622</subfield>
    </datafield>
</record>
<record>
    <datafield tag="191" ind1=" " ind2=" ">
        <subfield code="a">E/ESCWA/13/9/ADD.1/REV.1</subfield>
    </datafield>
    <datafield tag="245" ind1=" " ind2=" ">
        <subfield code="a">FINANCIAL STATUS OF THE COMMISSION'S PROGRAMME EXTRABUDGETARY RESOURCES SUPPORTING THE COMMISSION'S PROGRAMME: NOTE BY THE EXECUTIVE SECRETARY</subfield>
    </datafield>
    <datafield tag="246" ind1=" " ind2=" ">
        <subfield code="a">الوضع المالي لبرامج اللجنة الموارد الداعمة لبرنامج اللجنة من خارج الميزانية</subfield>
    </datafield>
    <datafield tag="269" ind1=" " ind2=" ">
        <subfield code="a">19860414</subfield>
    </datafield>
    <datafield tag="650" ind1=" " ind2=" ">
        <subfield code="a">CONFERENCES</subfield>
        <subfield code="0">(DHLAUTH)275758</subfield>
    </datafield>
    <datafield tag="650" ind1=" " ind2=" ">
        <subfield code="a">WESTERN ASIA</subfield>
        <subfield code="0">(DHLAUTH)275490</subfield>
    </datafield>
    <datafield tag="650" ind1=" " ind2=" ">
        <subfield code="a">PROGRAMME BUDGETING</subfield>
        <subfield code="0">(DHLAUTH)270055</subfield>
    </datafield>
    <datafield tag="650" ind1=" " ind2=" ">
        <subfield code="a">EXTRABUDGETARY FINANCING</subfield>
        <subfield code="0">(DHLAUTH)275753</subfield>
    </datafield>
    <datafield tag="650" ind1=" " ind2=" ">
        <subfield code="a">PROGRAMME EXPENDITURES</subfield>
        <subfield code="0">(DHLAUTH)270088</subfield>
    </datafield>
</record>
<record>
    <datafield tag="191" ind1=" " ind2=" ">
        <subfield code="a">E/ESCWA/13/9/ADD.3</subfield>
    </datafield>
    <datafield tag="245" ind1=" " ind2=" ">
        <subfield code="a">FINANCIAL STATUS OF THE COMMISSION'S PROGRAMME ECONOMY MEASURES: NOTE  BY THE EXECUTIVE SECRETARY</subfield>
    </datafield>
    <datafield tag="246" ind1=" " ind2=" ">
        <subfield code="a">الوضع المالي لبرامج اللجنة تدابير اقتصادية مذكرة من الامين العام التنفيذي</subfield>
    </datafield>
    <datafield tag="269" ind1=" " ind2=" ">
        <subfield code="a">19860417</subfield>
    </datafield>
    <datafield tag="650" ind1=" " ind2=" ">
        <subfield code="a">CONFERENCES</subfield>
        <subfield code="0">(DHLAUTH)275758</subfield>
    </datafield>
    <datafield tag="650" ind1=" " ind2=" ">
        <subfield code="a">WESTERN ASIA</subfield>
        <subfield code="0">(DHLAUTH)275490</subfield>
    </datafield>
    <datafield tag="650" ind1=" " ind2=" ">
        <subfield code="a">BUDGETARY POLICY</subfield>
        <subfield code="0">(DHLAUTH)269930</subfield>
    </datafield>
    <datafield tag="650" ind1=" " ind2=" ">
        <subfield code="a">BUDGET DEFICITS</subfield>
        <subfield code="0">(DHLAUTH)270057</subfield>
    </datafield>
    <datafield tag="650" ind1=" " ind2=" ">
        <subfield code="a">ECONOMY MEASURES</subfield>
        <subfield code="0">(DHLAUTH)269937</subfield>
    </datafield>
</record>
<record>
    <datafield tag="191" ind1=" " ind2=" ">
        <subfield code="a">E/ESCWA/13/INF.1</subfield>
    </datafield>
    <datafield tag="245" ind1=" " ind2=" ">
        <subfield code="a">INFORMATION FOR PARTICIPANTS BAGHDAD-IRAQ 1986</subfield>
    </datafield>
    <datafield tag="246" ind1=" " ind2=" ">
        <subfield code="a">معلومات للسادة المشاركين في الدورة الثالثة عشرة للاسكوا بغداد -العراق 1986</subfield>
    </datafield>
    <datafield tag="269" ind1=" " ind2=" ">
        <subfield code="a">19860115</subfield>
    </datafield>
    <datafield tag="650" ind1=" " ind2=" ">
        <subfield code="a">PARTICIPANTS</subfield>
        <subfield code="0">(DHLAUTH)275785</subfield>
    </datafield>
    <datafield tag="650" ind1=" " ind2=" ">
        <subfield code="a">WESTERN ASIA</subfield>
        <subfield code="0">(DHLAUTH)275490</subfield>
    </datafield>
</record>
<record>
    <datafield tag="191" ind1=" " ind2=" ">
        <subfield code="a">E/ESCWA/13/INF.2</subfield>
    </datafield>
    <datafield tag="245" ind1=" " ind2=" ">
        <subfield code="a">PROVISIONAL LIST OF DOCUMENTS</subfield>
    </datafield>
    <datafield tag="269" ind1=" " ind2=" ">
        <subfield code="a">19860421</subfield>
    </datafield>
    <datafield tag="650" ind1=" " ind2=" ">
        <subfield code="a">DOCUMENTS</subfield>
        <subfield code="0">(DHLAUTH)270014</subfield>
    </datafield>
    <datafield tag="650" ind1=" " ind2=" ">
        <subfield code="a">WESTERN ASIA</subfield>
        <subfield code="0">(DHLAUTH)275490</subfield>
    </datafield>
    <datafield tag="650" ind1=" " ind2=" ">
        <subfield code="a">CONFERENCES</subfield>
        <subfield code="0">(DHLAUTH)275758</subfield>
    </datafield>
</record>
<record>
    <datafield tag="191" ind1=" " ind2=" ">
        <subfield code="a">E/ESCWA/13/INF.3</subfield>
    </datafield>
    <datafield tag="245" ind1=" " ind2=" ">
        <subfield code="a">PROVISIONAL LIST OF PARTICIPANTS</subfield>
    </datafield>
    <datafield tag="246" ind1=" " ind2=" ">
        <subfield code="a">قائمة مؤقتة بأسماء المشتركين</subfield>
    </datafield>
    <datafield tag="269" ind1=" " ind2=" ">
        <subfield code="a">19860421</subfield>
    </datafield>
    <datafield tag="650" ind1=" " ind2=" ">
        <subfield code="a">PARTICIPANTS</subfield>
        <subfield code="0">(DHLAUTH)275785</subfield>
    </datafield>
    <datafield tag="650" ind1=" " ind2=" ">
        <subfield code="a">WESTERN ASIA</subfield>
        <subfield code="0">(DHLAUTH)275490</subfield>
    </datafield>
    <datafield tag="650" ind1=" " ind2=" ">
        <subfield code="a">CONFERENCES</subfield>
        <subfield code="0">(DHLAUTH)275758</subfield>
    </datafield>
</record>
<record>
    <datafield tag="191" ind1=" " ind2=" ">
        <subfield code="a">E/ESCWA/13/INF.3/REV.1</subfield>
    </datafield>
    <datafield tag="245" ind1=" " ind2=" ">
        <subfield code="a">LIST OF PARTICIPANTS</subfield>
    </datafield>
    <datafield tag="246" ind1=" " ind2=" ">
        <subfield code="a">قائمة بأسماء المشتركين</subfield>
    </datafield>
    <datafield tag="269" ind1=" " ind2=" ">
        <subfield code="a">19860424</subfield>
    </datafield>
    <datafield tag="650" ind1=" " ind2=" ">
        <subfield code="a">PARTICIPANTS</subfield>
        <subfield code="0">(DHLAUTH)275785</subfield>
    </datafield>
    <datafield tag="650" ind1=" " ind2=" ">
        <subfield code="a">WESTERN ASIA</subfield>
        <subfield code="0">(DHLAUTH)275490</subfield>
    </datafield>
    <datafield tag="650" ind1=" " ind2=" ">
        <subfield code="a">CONFERENCES</subfield>
        <subfield code="0">(DHLAUTH)275758</subfield>
    </datafield>
</record>
<record>
    <datafield tag="191" ind1=" " ind2=" ">
        <subfield code="a">E/ESCWA/14/2/REV.1</subfield>
    </datafield>
    <datafield tag="245" ind1=" " ind2=" ">
        <subfield code="a">ORGANIZATION OF WORK: NOTE BY THE EXECUTIVE SECRETARY</subfield>
    </datafield>
    <datafield tag="246" ind1=" " ind2=" ">
        <subfield code="a">تنظيم الأعمال مذكرة من الامين العام التنفيذي</subfield>
    </datafield>
    <datafield tag="269" ind1=" " ind2=" ">
        <subfield code="a">19780302</subfield>
    </datafield>
    <datafield tag="650" ind1=" " ind2=" ">
        <subfield code="a">WORK ORGANIZATION</subfield>
        <subfield code="0">(DHLAUTH)275746</subfield>
    </datafield>
    <datafield tag="650" ind1=" " ind2=" ">
        <subfield code="a">WESTERN ASIA</subfield>
        <subfield code="0">(DHLAUTH)275490</subfield>
    </datafield>
</record>
<record>
    <datafield tag="191" ind1=" " ind2=" ">
        <subfield code="a">E/ESCWA/14/3/REV.1</subfield>
    </datafield>
    <datafield tag="245" ind1=" " ind2=" ">
        <subfield code="a">INVITATION TO STATES MEMBERS OF THE UNITED NATIONS OR OF THE SPECIALIZED AGENCIES NOT MEMBERS OF THE COMMISSION TO PARTICIPATE IN A CONSULTATIVE CAPACITY IN THE FOUTEENTH SESSION OF THE COMMISSION: NOTE BY THE EXECUTIVE SECRETARY</subfield>
    </datafield>
    <datafield tag="246" ind1=" " ind2=" ">
        <subfield code="a">دعوة الدول الاعضاء في الامم المتحدة او الوكالات المتخصصة التي ليست اعضاء في اللجنة للاشتراك بصفة استشارية في الدورة الرابعة عشرة للجنة مذكرة من الامين العام التنفيذي</subfield>
    </datafield>
    <datafield tag="269" ind1=" " ind2=" ">
        <subfield code="a">19870403</subfield>
    </datafield>
    <datafield tag="650" ind1=" " ind2=" ">
        <subfield code="a">PARTICIPANTS</subfield>
        <subfield code="0">(DHLAUTH)275785</subfield>
    </datafield>
    <datafield tag="650" ind1=" " ind2=" ">
        <subfield code="a">MEMBERS</subfield>
        <subfield code="0">(DHLAUTH)275782</subfield>
    </datafield>
    <datafield tag="650" ind1=" " ind2=" ">
        <subfield code="a">WESTERN ASIA</subfield>
        <subfield code="0">(DHLAUTH)275490</subfield>
    </datafield>
</record>
<record>
    <datafield tag="191" ind1=" " ind2=" ">
        <subfield code="a">E/ESCWA/14/4</subfield>
    </datafield>
    <datafield tag="245" ind1=" " ind2=" ">
        <subfield code="a">REPORT OF THE EXECUTIVE SECRETARY ON THE ACTIVITIES OF THE COMMISSION</subfield>
    </datafield>
    <datafield tag="246" ind1=" " ind2=" ">
        <subfield code="a">تقرير الامين العام التنفيذي عن نشاطات اللجنة</subfield>
    </datafield>
    <datafield tag="269" ind1=" " ind2=" ">
        <subfield code="a">19870225</subfield>
    </datafield>
    <datafield tag="650" ind1=" " ind2=" ">
        <subfield code="a">WESTERN ASIA</subfield>
        <subfield code="0">(DHLAUTH)275490</subfield>
    </datafield>
    <datafield tag="650" ind1=" " ind2=" ">
        <subfield code="a">ACTIVITIES</subfield>
        <subfield code="0">(DHLAUTH)275823</subfield>
    </datafield>
</record>
<record>
    <datafield tag="191" ind1=" " ind2=" ">
        <subfield code="a">E/ESCWA/14/6/REV.1</subfield>
    </datafield>
    <datafield tag="245" ind1=" " ind2=" ">
        <subfield code="a">DRAFT MEDIUM-TERM PLAN FOR THE PERIOD 1990-1995 : NOTE BY THE EXECUTIVE SECRETARY</subfield>
    </datafield>
    <datafield tag="269" ind1=" " ind2=" ">
        <subfield code="a">19870301</subfield>
    </datafield>
    <datafield tag="650" ind1=" " ind2=" ">
        <subfield code="a">MEDIUM-TERM PLAN</subfield>
        <subfield code="0">(DHLAUTH)275752</subfield>
    </datafield>
    <datafield tag="650" ind1=" " ind2=" ">
        <subfield code="a">WESTERN ASIA</subfield>
        <subfield code="0">(DHLAUTH)275490</subfield>
    </datafield>
</record>
<record>
    <datafield tag="191" ind1=" " ind2=" ">
        <subfield code="a">E/ESCWA/14/6/REV.2</subfield>
    </datafield>
    <datafield tag="246" ind1=" " ind2=" ">
        <subfield code="a">مشروع الخطة متوسطة الاجل للفترة 1990-1995 : مذكرة من الامين العام التنفيذي</subfield>
    </datafield>
    <datafield tag="269" ind1=" " ind2=" ">
        <subfield code="a">19870301</subfield>
    </datafield>
    <datafield tag="650" ind1=" " ind2=" ">
        <subfield code="a">MEDIUM-TERM PLAN</subfield>
        <subfield code="0">(DHLAUTH)275752</subfield>
    </datafield>
    <datafield tag="650" ind1=" " ind2=" ">
        <subfield code="a">WESTERN ASIA</subfield>
        <subfield code="0">(DHLAUTH)275490</subfield>
    </datafield>
</record>
<record>
    <datafield tag="191" ind1=" " ind2=" ">
        <subfield code="a">E/ESCWA/14/INF.1</subfield>
    </datafield>
    <datafield tag="245" ind1=" " ind2=" ">
        <subfield code="a">INFORMATION FOR PARTICIPANTS BAGHDAD-IRAQ 1987</subfield>
    </datafield>
    <datafield tag="246" ind1=" " ind2=" ">
        <subfield code="a">معلومات للسادة المشاركين بغداد-العراق 1987</subfield>
    </datafield>
    <datafield tag="269" ind1=" " ind2=" ">
        <subfield code="a">19870815</subfield>
    </datafield>
    <datafield tag="650" ind1=" " ind2=" ">
        <subfield code="a">PARTICIPANTS</subfield>
        <subfield code="0">(DHLAUTH)275785</subfield>
    </datafield>
    <datafield tag="650" ind1=" " ind2=" ">
        <subfield code="a">WESTERN ASIA</subfield>
        <subfield code="0">(DHLAUTH)275490</subfield>
    </datafield>
</record>
<record>
    <datafield tag="191" ind1=" " ind2=" ">
        <subfield code="a">E/ESCWA/14/INF.2/REV.1</subfield>
    </datafield>
    <datafield tag="245" ind1=" " ind2=" ">
        <subfield code="a">PROVISIONAL LIST OF DOCUMENTS, FOURTEENTH SESSION 4-5 APRIL 1987 BAGHDAD</subfield>
    </datafield>
    <datafield tag="246" ind1=" " ind2=" ">
        <subfield code="a">قائمة مؤقتة بالوثائق, الدورة الرابعة عشرة 4-5 نيسان/ابريل 1987 بغداد</subfield>
    </datafield>
    <datafield tag="269" ind1=" " ind2=" ">
        <subfield code="a">19870403</subfield>
    </datafield>
    <datafield tag="650" ind1=" " ind2=" ">
        <subfield code="a">WESTERN ASIA</subfield>
        <subfield code="0">(DHLAUTH)275490</subfield>
    </datafield>
    <datafield tag="650" ind1=" " ind2=" ">
        <subfield code="a">DOCUMENTS</subfield>
        <subfield code="0">(DHLAUTH)270014</subfield>
    </datafield>
</record>
<record>
    <datafield tag="191" ind1=" " ind2=" ">
        <subfield code="a">E/ESCWA/14/INF.3/REV.2</subfield>
    </datafield>
    <datafield tag="245" ind1=" " ind2=" ">
        <subfield code="a">LIST OF PARTICIPANTS, FOURTEENTH SESSION 4-5 APRIL 1987 BAGHDAD</subfield>
    </datafield>
    <datafield tag="246" ind1=" " ind2=" ">
        <subfield code="a">قائمة بالمشتركين الدورة الرابعة عشرة 4-5 نيسان/ابريل 1987 بغداد</subfield>
    </datafield>
    <datafield tag="269" ind1=" " ind2=" ">
        <subfield code="a">19870411</subfield>
    </datafield>
    <datafield tag="650" ind1=" " ind2=" ">
        <subfield code="a">PARTICIPANTS</subfield>
        <subfield code="0">(DHLAUTH)275785</subfield>
    </datafield>
    <datafield tag="650" ind1=" " ind2=" ">
        <subfield code="a">WESTERN ASIA</subfield>
        <subfield code="0">(DHLAUTH)275490</subfield>
    </datafield>
</record>
<record>
    <datafield tag="191" ind1=" " ind2=" ">
        <subfield code="a">E/ESCWA/152</subfield>
    </datafield>
    <datafield tag="245" ind1=" " ind2=" ">
        <subfield code="a">THE FINANCIAL STATUS OF THE COMMISSION'S PROGRAMMES AND THE STRENGTHENING OF THE FINANCIAL CONTRIBUTIONS ACCOUNT. THE FINANCIAL STATUS OF THE COMMISSION'S PROGRAMMES (NOTE BY THE EXECUTIVE SECRETARY)</subfield>
    </datafield>
    <datafield tag="269" ind1=" " ind2=" ">
        <subfield code="a">19820303</subfield>
    </datafield>
    <datafield tag="650" ind1=" " ind2=" ">
        <subfield code="a">BUDGET CONTRIBUTIONS</subfield>
        <subfield code="0">(DHLAUTH)275750</subfield>
    </datafield>
    <datafield tag="650" ind1=" " ind2=" ">
        <subfield code="a">EXTRABUDGETARY FINANCING</subfield>
        <subfield code="0">(DHLAUTH)275753</subfield>
    </datafield>
    <datafield tag="650" ind1=" " ind2=" ">
        <subfield code="a">TRUST FUNDS</subfield>
        <subfield code="0">(DHLAUTH)270424</subfield>
    </datafield>
    <datafield tag="650" ind1=" " ind2=" ">
        <subfield code="a">FINANCIAL STATEMENTS</subfield>
        <subfield code="0">(DHLAUTH)270260</subfield>
    </datafield>
    <datafield tag="650" ind1=" " ind2=" ">
        <subfield code="a">WORK PROGRAMME</subfield>
        <subfield code="0">(DHLAUTH)275800</subfield>
    </datafield>
    <datafield tag="650" ind1=" " ind2=" ">
        <subfield code="a">ACTIVITIES</subfield>
        <subfield code="0">(DHLAUTH)275823</subfield>
    </datafield>
</record>
<record>
    <datafield tag="191" ind1=" " ind2=" ">
        <subfield code="a">E/ESCWA/15/1/REV.1</subfield>
    </datafield>
    <datafield tag="246" ind1=" " ind2=" ">
        <subfield code="a">جدول الاعمال, الدورة الخامسة عشرة 17-18 ايار/مايو 1989 بغداد</subfield>
    </datafield>
    <datafield tag="269" ind1=" " ind2=" ">
        <subfield code="a">19890517</subfield>
    </datafield>
    <datafield tag="650" ind1=" " ind2=" ">
        <subfield code="a">AGENDA</subfield>
        <subfield code="0">(DHLAUTH)275133</subfield>
    </datafield>
    <datafield tag="650" ind1=" " ind2=" ">
        <subfield code="a">WESTERN ASIA</subfield>
        <subfield code="0">(DHLAUTH)275490</subfield>
    </datafield>
    <datafield tag="650" ind1=" " ind2=" ">
        <subfield code="a">CONFERENCES</subfield>
        <subfield code="0">(DHLAUTH)275758</subfield>
    </datafield>
</record>
<record>
    <datafield tag="191" ind1=" " ind2=" ">
        <subfield code="a">E/ESCWA/15/5</subfield>
    </datafield>
    <datafield tag="191" ind1=" " ind2=" ">
        <subfield code="a">E/ESCWA/C.1/15/15</subfield>
    </datafield>
    <datafield tag="245" ind1=" " ind2=" ">
        <subfield code="a">REPORT OF THE TECHNICAL COMMITTEE ON THE WORK OF ITS SIXTH SESSION</subfield>
    </datafield>
    <datafield tag="269" ind1=" " ind2=" ">
        <subfield code="a">19890531</subfield>
    </datafield>
    <datafield tag="650" ind1=" " ind2=" ">
        <subfield code="a">AGENDA</subfield>
        <subfield code="0">(DHLAUTH)275133</subfield>
    </datafield>
    <datafield tag="650" ind1=" " ind2=" ">
        <subfield code="a">WORK PROGRAMME</subfield>
        <subfield code="0">(DHLAUTH)275800</subfield>
    </datafield>
    <datafield tag="650" ind1=" " ind2=" ">
        <subfield code="a">PROGRAMME PLANNING</subfield>
        <subfield code="0">(DHLAUTH)275798</subfield>
    </datafield>
    <datafield tag="650" ind1=" " ind2=" ">
        <subfield code="a">ACTIVITIES</subfield>
        <subfield code="0">(DHLAUTH)275823</subfield>
    </datafield>
    <datafield tag="650" ind1=" " ind2=" ">
        <subfield code="a">RESOLUTIONS AND DECISIONS</subfield>
        <subfield code="0">(DHLAUTH)275677</subfield>
    </datafield>
    <datafield tag="650" ind1=" " ind2=" ">
        <subfield code="a">WESTERN ASIA</subfield>
        <subfield code="0">(DHLAUTH)275490</subfield>
    </datafield>
</record>
<record>
    <datafield tag="191" ind1=" " ind2=" ">
        <subfield code="a">E/ESCWA/15/5/REV.1</subfield>
    </datafield>
    <datafield tag="191" ind1=" " ind2=" ">
        <subfield code="a">E/ESCWA/C.1/15/15/REV.1</subfield>
    </datafield>
    <datafield tag="246" ind1=" " ind2=" ">
        <subfield code="a">تقرير اللجنة الفنية عن أعمال دورتها السادسة الى الدورة الخامسة عشرة للأسكوا</subfield>
    </datafield>
    <datafield tag="269" ind1=" " ind2=" ">
        <subfield code="a">19890531</subfield>
    </datafield>
    <datafield tag="650" ind1=" " ind2=" ">
        <subfield code="a">WORK PROGRAMME</subfield>
        <subfield code="0">(DHLAUTH)275800</subfield>
    </datafield>
    <datafield tag="650" ind1=" " ind2=" ">
        <subfield code="a">WORK ORGANIZATION</subfield>
        <subfield code="0">(DHLAUTH)275746</subfield>
    </datafield>
    <datafield tag="650" ind1=" " ind2=" ">
        <subfield code="a">DECISION-MAKING</subfield>
        <subfield code="0">(DHLAUTH)270223</subfield>
    </datafield>
    <datafield tag="650" ind1=" " ind2=" ">
        <subfield code="a">WESTERN ASIA</subfield>
        <subfield code="0">(DHLAUTH)275490</subfield>
    </datafield>
</record>
<record>
    <datafield tag="191" ind1=" " ind2=" ">
        <subfield code="a">E/ESCWA/15/INF.1</subfield>
    </datafield>
    <datafield tag="245" ind1=" " ind2=" ">
        <subfield code="a">INFORMATION FOR PARTICIPANTS, FIFTEENTH SESSION 17-18 MAY 1989 BAGHDAD</subfield>
    </datafield>
    <datafield tag="246" ind1=" " ind2=" ">
        <subfield code="a">معلومات للسادة المشاركين, الدورة الخامسة عشرة 17-18 ايار/مايو 1989 بغداد</subfield>
    </datafield>
    <datafield tag="269" ind1=" " ind2=" ">
        <subfield code="a">19890228</subfield>
    </datafield>
    <datafield tag="650" ind1=" " ind2=" ">
        <subfield code="a">PARTICIPANTS</subfield>
        <subfield code="0">(DHLAUTH)275785</subfield>
    </datafield>
    <datafield tag="650" ind1=" " ind2=" ">
        <subfield code="a">WESTERN ASIA</subfield>
        <subfield code="0">(DHLAUTH)275490</subfield>
    </datafield>
    <datafield tag="650" ind1=" " ind2=" ">
        <subfield code="a">INFORMATION</subfield>
        <subfield code="0">(DHLAUTH)270009</subfield>
    </datafield>
</record>
<record>
    <datafield tag="191" ind1=" " ind2=" ">
        <subfield code="a">E/ESCWA/15/INF.3/REV.1</subfield>
    </datafield>
    <datafield tag="246" ind1=" " ind2=" ">
        <subfield code="a">قائمة بأسماء المشاركين, الدورة الخامسة عشرة 17-18 ايار/مايو 1989 بغداد</subfield>
    </datafield>
    <datafield tag="269" ind1=" " ind2=" ">
        <subfield code="a">19890518</subfield>
    </datafield>
    <datafield tag="650" ind1=" " ind2=" ">
        <subfield code="a">PARTICIPANTS</subfield>
        <subfield code="0">(DHLAUTH)275785</subfield>
    </datafield>
    <datafield tag="650" ind1=" " ind2=" ">
        <subfield code="a">WESTERN ASIA</subfield>
        <subfield code="0">(DHLAUTH)275490</subfield>
    </datafield>
    <datafield tag="650" ind1=" " ind2=" ">
        <subfield code="a">CONFERENCES</subfield>
        <subfield code="0">(DHLAUTH)275758</subfield>
    </datafield>
</record>
<record>
    <datafield tag="191" ind1=" " ind2=" ">
        <subfield code="a">E/ESCWA/15/L.1/REV.1</subfield>
    </datafield>
    <datafield tag="246" ind1=" " ind2=" ">
        <subfield code="a">جدول الاعمال المؤقت, الدورة الخامسة عشرة 17-18 ايار/مايو 1989 بغداد</subfield>
    </datafield>
    <datafield tag="269" ind1=" " ind2=" ">
        <subfield code="a">19890513</subfield>
    </datafield>
    <datafield tag="650" ind1=" " ind2=" ">
        <subfield code="a">AGENDA</subfield>
        <subfield code="0">(DHLAUTH)275133</subfield>
    </datafield>
    <datafield tag="650" ind1=" " ind2=" ">
        <subfield code="a">WESTERN ASIA</subfield>
        <subfield code="0">(DHLAUTH)275490</subfield>
    </datafield>
    <datafield tag="650" ind1=" " ind2=" ">
        <subfield code="a">CONFERENCES</subfield>
        <subfield code="0">(DHLAUTH)275758</subfield>
    </datafield>
</record>
<record>
    <datafield tag="191" ind1=" " ind2=" ">
        <subfield code="a">E/ESCWA/15/L.1/REV.1/ADD.1</subfield>
    </datafield>
    <datafield tag="246" ind1=" " ind2=" ">
        <subfield code="a">جدول الاعمال المؤقت المشروح, الدورة الخامسة عشرة 17-18 ايار/مايو 1989 بغداد</subfield>
    </datafield>
    <datafield tag="269" ind1=" " ind2=" ">
        <subfield code="a">19890516</subfield>
    </datafield>
    <datafield tag="650" ind1=" " ind2=" ">
        <subfield code="a">AGENDA</subfield>
        <subfield code="0">(DHLAUTH)275133</subfield>
    </datafield>
    <datafield tag="650" ind1=" " ind2=" ">
        <subfield code="a">WESTERN ASIA</subfield>
        <subfield code="0">(DHLAUTH)275490</subfield>
    </datafield>
    <datafield tag="650" ind1=" " ind2=" ">
        <subfield code="a">CONFERENCES</subfield>
        <subfield code="0">(DHLAUTH)275758</subfield>
    </datafield>
</record>
<record>
    <datafield tag="191" ind1=" " ind2=" ">
        <subfield code="a">E/ESCWA/15/L.2</subfield>
    </datafield>
    <datafield tag="246" ind1=" " ind2=" ">
        <subfield code="a">جدول الاعمال المؤقت, الدورة الخامسة عشرة 17-18 ايار/مايو 1989 بغداد</subfield>
    </datafield>
    <datafield tag="269" ind1=" " ind2=" ">
        <subfield code="a">19890511</subfield>
    </datafield>
    <datafield tag="650" ind1=" " ind2=" ">
        <subfield code="a">AGENDA</subfield>
        <subfield code="0">(DHLAUTH)275133</subfield>
    </datafield>
    <datafield tag="650" ind1=" " ind2=" ">
        <subfield code="a">WESTERN ASIA</subfield>
        <subfield code="0">(DHLAUTH)275490</subfield>
    </datafield>
    <datafield tag="650" ind1=" " ind2=" ">
        <subfield code="a">CONFERENCES</subfield>
        <subfield code="0">(DHLAUTH)275758</subfield>
    </datafield>
</record>
<record>
    <datafield tag="191" ind1=" " ind2=" ">
        <subfield code="a">E/ESCWA/167</subfield>
    </datafield>
    <datafield tag="245" ind1=" " ind2=" ">
        <subfield code="a">PROGRAMME OF WORK AND PRIORITIES FOR 1984-1985</subfield>
    </datafield>
    <datafield tag="269" ind1=" " ind2=" ">
        <subfield code="a">19830322</subfield>
    </datafield>
    <datafield tag="650" ind1=" " ind2=" ">
        <subfield code="a">PROGRAMME BUDGETING</subfield>
        <subfield code="0">(DHLAUTH)270055</subfield>
    </datafield>
    <datafield tag="650" ind1=" " ind2=" ">
        <subfield code="a">PROGRAMME PLANNING</subfield>
        <subfield code="0">(DHLAUTH)275798</subfield>
    </datafield>
    <datafield tag="650" ind1=" " ind2=" ">
        <subfield code="a">WORK PROGRAMME</subfield>
        <subfield code="0">(DHLAUTH)275800</subfield>
    </datafield>
    <datafield tag="650" ind1=" " ind2=" ">
        <subfield code="a">PROGRAMME PRIORITIES</subfield>
        <subfield code="0">(DHLAUTH)275763</subfield>
    </datafield>
</record>
<record>
    <datafield tag="191" ind1=" " ind2=" ">
        <subfield code="a">E/ESCWA/16/4/ADD.1/REV.1</subfield>
    </datafield>
    <datafield tag="246" ind1=" " ind2=" ">
        <subfield code="a">'1' القرار 165 (د-15) بشأن  البيئة والتنمية في منطقة اللجنة الاقتصادية والاجتماعية لغربي آسيا</subfield>
    </datafield>
    <datafield tag="269" ind1=" " ind2=" ">
        <subfield code="a">19920706</subfield>
    </datafield>
    <datafield tag="650" ind1=" " ind2=" ">
        <subfield code="a">WESTERN ASIA</subfield>
        <subfield code="0">(DHLAUTH)275490</subfield>
    </datafield>
    <datafield tag="650" ind1=" " ind2=" ">
        <subfield code="a">ACTIVITIES</subfield>
        <subfield code="0">(DHLAUTH)275823</subfield>
    </datafield>
    <datafield tag="650" ind1=" " ind2=" ">
        <subfield code="a">RESOLUTIONS AND DECISIONS</subfield>
        <subfield code="0">(DHLAUTH)275677</subfield>
    </datafield>
    <datafield tag="650" ind1=" " ind2=" ">
        <subfield code="a">ENVIRONMENT</subfield>
        <subfield code="0">(DHLAUTH)270627</subfield>
    </datafield>
    <datafield tag="650" ind1=" " ind2=" ">
        <subfield code="a">DEVELOPMENT</subfield>
        <subfield code="0">(DHLAUTH)269844</subfield>
    </datafield>
</record>
<record>
    <datafield tag="191" ind1=" " ind2=" ">
        <subfield code="a">E/ESCWA/16/C.1/CRP/1</subfield>
    </datafield>
    <datafield tag="245" ind1=" " ind2=" ">
        <subfield code="a">AGENDA, TECHNICAL COMMITTEE SEVENTH SESSION 30 AUGUST - 3 SEPTEMBER 1992 AMMAN</subfield>
    </datafield>
    <datafield tag="246" ind1=" " ind2=" ">
        <subfield code="a">جدول الاعمال, اللجنة الفنية الدورة السابعة 30 آب/اغسطس - 2 ايلول/سبتمبر 1992</subfield>
    </datafield>
    <datafield tag="269" ind1=" " ind2=" ">
        <subfield code="a">19920827</subfield>
    </datafield>
    <datafield tag="650" ind1=" " ind2=" ">
        <subfield code="a">AGENDA</subfield>
        <subfield code="0">(DHLAUTH)275133</subfield>
    </datafield>
    <datafield tag="650" ind1=" " ind2=" ">
        <subfield code="a">WESTERN ASIA</subfield>
        <subfield code="0">(DHLAUTH)275490</subfield>
    </datafield>
    <datafield tag="650" ind1=" " ind2=" ">
        <subfield code="a">CONFERENCES</subfield>
        <subfield code="0">(DHLAUTH)275758</subfield>
    </datafield>
</record>
<record>
    <datafield tag="191" ind1=" " ind2=" ">
        <subfield code="a">E/ESCWA/16/L.1/REV.1/ADD.1</subfield>
    </datafield>
    <datafield tag="246" ind1=" " ind2=" ">
        <subfield code="a">جدول الاعمال المؤقت المشروح,الدورة السادسة عشرة 30 آب/اغسطس - 3 ايلول/سبتمبر 1992 عمان</subfield>
    </datafield>
    <datafield tag="269" ind1=" " ind2=" ">
        <subfield code="a">19920629</subfield>
    </datafield>
    <datafield tag="650" ind1=" " ind2=" ">
        <subfield code="a">WESTERN ASIA</subfield>
        <subfield code="0">(DHLAUTH)275490</subfield>
    </datafield>
    <datafield tag="650" ind1=" " ind2=" ">
        <subfield code="a">CONFERENCES</subfield>
        <subfield code="0">(DHLAUTH)275758</subfield>
    </datafield>
    <datafield tag="650" ind1=" " ind2=" ">
        <subfield code="a">AGENDA</subfield>
        <subfield code="0">(DHLAUTH)275133</subfield>
    </datafield>
</record>
<record>
    <datafield tag="191" ind1=" " ind2=" ">
        <subfield code="a">E/ESCWA/16/L.1/REV.2</subfield>
    </datafield>
    <datafield tag="245" ind1=" " ind2=" ">
        <subfield code="a">PROVISIONAL AGENDA, SIXTEENTH SESSION 30 AUGUST - 3 SEPTEMBER 1992 AMMAN</subfield>
    </datafield>
    <datafield tag="246" ind1=" " ind2=" ">
        <subfield code="a">جدول الاعمال المؤقت, الدورة السادسة عشرة 30 آب/اغسطس - 3 ايلول/سبتمبر 1992 عمان</subfield>
    </datafield>
    <datafield tag="269" ind1=" " ind2=" ">
        <subfield code="a">19920820</subfield>
    </datafield>
    <datafield tag="650" ind1=" " ind2=" ">
        <subfield code="a">AGENDA</subfield>
        <subfield code="0">(DHLAUTH)275133</subfield>
    </datafield>
    <datafield tag="650" ind1=" " ind2=" ">
        <subfield code="a">WESTERN ASIA</subfield>
        <subfield code="0">(DHLAUTH)275490</subfield>
    </datafield>
    <datafield tag="650" ind1=" " ind2=" ">
        <subfield code="a">CONFERENCES</subfield>
        <subfield code="0">(DHLAUTH)275758</subfield>
    </datafield>
</record>
<record>
    <datafield tag="191" ind1=" " ind2=" ">
        <subfield code="a">E/ESCWA/C.1/17/6/REV.2</subfield>
    </datafield>
    <datafield tag="191" ind1=" " ind2=" ">
        <subfield code="a">E/ESCWA/17/16</subfield>
    </datafield>
    <datafield tag="245" ind1=" " ind2=" ">
        <subfield code="a">REPORT OF THE TECHNICAL COMMITTEE ON THE WORK OF ITS EIGHTH SESSION</subfield>
    </datafield>
    <datafield tag="246" ind1=" " ind2=" ">
        <subfield code="a">تقرير اللجنة الفنية عن أعمال دورتها الثامنة</subfield>
    </datafield>
    <datafield tag="269" ind1=" " ind2=" ">
        <subfield code="a">19931207</subfield>
    </datafield>
    <datafield tag="650" ind1=" " ind2=" ">
        <subfield code="a">WORK PROGRAMME</subfield>
        <subfield code="0">(DHLAUTH)275800</subfield>
    </datafield>
    <datafield tag="650" ind1=" " ind2=" ">
        <subfield code="a">WORK ORGANIZATION</subfield>
        <subfield code="0">(DHLAUTH)275746</subfield>
    </datafield>
    <datafield tag="650" ind1=" " ind2=" ">
        <subfield code="a">WESTERN ASIA</subfield>
        <subfield code="0">(DHLAUTH)275490</subfield>
    </datafield>
    <datafield tag="650" ind1=" " ind2=" ">
        <subfield code="a">RESOLUTIONS AND DECISIONS</subfield>
        <subfield code="0">(DHLAUTH)275677</subfield>
    </datafield>
</record>
<record>
    <datafield tag="191" ind1=" " ind2=" ">
        <subfield code="a">E/ESCWA/17/9</subfield>
    </datafield>
    <datafield tag="246" ind1=" " ind2=" ">
        <subfield code="a">اعادة تشكيل هيكل الامم المتحدة وتنشيطها في الميدانين الاقتصادي والاجتماعي: اعادة تشكيل هيكل برامج الاسكوا</subfield>
    </datafield>
    <datafield tag="269" ind1=" " ind2=" ">
        <subfield code="a">19940417</subfield>
    </datafield>
    <datafield tag="650" ind1=" " ind2=" ">
        <subfield code="a">WESTERN ASIA</subfield>
        <subfield code="0">(DHLAUTH)275490</subfield>
    </datafield>
    <datafield tag="650" ind1=" " ind2=" ">
        <subfield code="a">PROGRAMME BUDGETING</subfield>
        <subfield code="0">(DHLAUTH)270055</subfield>
    </datafield>
    <datafield tag="650" ind1=" " ind2=" ">
        <subfield code="a">WORK PROGRAMME</subfield>
        <subfield code="0">(DHLAUTH)275800</subfield>
    </datafield>
    <datafield tag="650" ind1=" " ind2=" ">
        <subfield code="a">MACROECONOMICS</subfield>
        <subfield code="0">(DHLAUTH)269604</subfield>
    </datafield>
    <datafield tag="650" ind1=" " ind2=" ">
        <subfield code="a">ENVIRONMENT</subfield>
        <subfield code="0">(DHLAUTH)270627</subfield>
    </datafield>
    <datafield tag="650" ind1=" " ind2=" ">
        <subfield code="a">REGIONAL COOPERATION</subfield>
        <subfield code="0">(DHLAUTH)268656</subfield>
    </datafield>
    <datafield tag="650" ind1=" " ind2=" ">
        <subfield code="a">WATER</subfield>
        <subfield code="0">(DHLAUTH)270885</subfield>
    </datafield>
    <datafield tag="650" ind1=" " ind2=" ">
        <subfield code="a">AGRICULTURAL PRODUCTION</subfield>
        <subfield code="0">(DHLAUTH)269670</subfield>
    </datafield>
    <datafield tag="650" ind1=" " ind2=" ">
        <subfield code="a">FOOD PRODUCTION</subfield>
        <subfield code="0">(DHLAUTH)271368</subfield>
    </datafield>
    <datafield tag="650" ind1=" " ind2=" ">
        <subfield code="a">INDUSTRY</subfield>
        <subfield code="0">(DHLAUTH)271796</subfield>
    </datafield>
    <datafield tag="650" ind1=" " ind2=" ">
        <subfield code="a">SCIENCE AND TECHNOLOGY</subfield>
        <subfield code="0">(DHLAUTH)275209</subfield>
    </datafield>
    <datafield tag="650" ind1=" " ind2=" ">
        <subfield code="a">STATISTICS</subfield>
        <subfield code="0">(DHLAUTH)269347</subfield>
    </datafield>
    <datafield tag="650" ind1=" " ind2=" ">
        <subfield code="a">TOURISM</subfield>
        <subfield code="0">(DHLAUTH)272211</subfield>
    </datafield>
</record>
<record>
    <datafield tag="191" ind1=" " ind2=" ">
        <subfield code="a">E/ESCWA/17/INF.1</subfield>
    </datafield>
    <datafield tag="245" ind1=" " ind2=" ">
        <subfield code="a">INFORMATION FOR PARTICIPANTS, SEVENTEENTH SESSION 29-31 MAY 1994 AMMAN</subfield>
    </datafield>
    <datafield tag="269" ind1=" " ind2=" ">
        <subfield code="a">19940420</subfield>
    </datafield>
    <datafield tag="650" ind1=" " ind2=" ">
        <subfield code="a">WESTERN ASIA</subfield>
        <subfield code="0">(DHLAUTH)275490</subfield>
    </datafield>
    <datafield tag="650" ind1=" " ind2=" ">
        <subfield code="a">PARTICIPANTS</subfield>
        <subfield code="0">(DHLAUTH)275785</subfield>
    </datafield>
</record>
<record>
    <datafield tag="191" ind1=" " ind2=" ">
        <subfield code="a">E/ESCWA/17/INF.3</subfield>
    </datafield>
    <datafield tag="245" ind1=" " ind2=" ">
        <subfield code="a">PROVISIONAL LIST OF PARTICIPANTS, SEVENTEENTH SESSION 29-31 MAY 1994</subfield>
    </datafield>
    <datafield tag="269" ind1=" " ind2=" ">
        <subfield code="a">19940529</subfield>
    </datafield>
    <datafield tag="650" ind1=" " ind2=" ">
        <subfield code="a">PARTICIPANTS</subfield>
        <subfield code="0">(DHLAUTH)275785</subfield>
    </datafield>
    <datafield tag="650" ind1=" " ind2=" ">
        <subfield code="a">WESTERN ASIA</subfield>
        <subfield code="0">(DHLAUTH)275490</subfield>
    </datafield>
</record>
<record>
    <datafield tag="191" ind1=" " ind2=" ">
        <subfield code="a">E/ESCWA/18/1/REV.2</subfield>
    </datafield>
    <datafield tag="246" ind1=" " ind2=" ">
        <subfield code="a">جدول الاعمال</subfield>
    </datafield>
    <datafield tag="269" ind1=" " ind2=" ">
        <subfield code="a">19950425</subfield>
    </datafield>
    <datafield tag="650" ind1=" " ind2=" ">
        <subfield code="a">WESTERN ASIA</subfield>
        <subfield code="0">(DHLAUTH)275490</subfield>
    </datafield>
    <datafield tag="650" ind1=" " ind2=" ">
        <subfield code="a">CONFERENCES</subfield>
        <subfield code="0">(DHLAUTH)275758</subfield>
    </datafield>
    <datafield tag="650" ind1=" " ind2=" ">
        <subfield code="a">AGENDA</subfield>
        <subfield code="0">(DHLAUTH)275133</subfield>
    </datafield>
</record>
<record>
    <datafield tag="191" ind1=" " ind2=" ">
        <subfield code="a">E/ESCWA/18/3</subfield>
    </datafield>
    <datafield tag="245" ind1=" " ind2=" ">
        <subfield code="a">INVITATION TO STATES MEMBERS OF THE UNITED NATIONS OR OF THE SPECIALIZED AGENCIES NOT MEMBERS OF THE COMMISSION TO PARTICIPATE IN THE CAPACITY OF OBSERVER IN THE EIGHTEENTH SESSION OF THE COMMISSION</subfield>
    </datafield>
    <datafield tag="269" ind1=" " ind2=" ">
        <subfield code="a">19950518</subfield>
    </datafield>
    <datafield tag="650" ind1=" " ind2=" ">
        <subfield code="a">WESTERN ASIA</subfield>
        <subfield code="0">(DHLAUTH)275490</subfield>
    </datafield>
    <datafield tag="650" ind1=" " ind2=" ">
        <subfield code="a">MEMBERS</subfield>
        <subfield code="0">(DHLAUTH)275782</subfield>
    </datafield>
    <datafield tag="650" ind1=" " ind2=" ">
        <subfield code="a">PARTICIPANTS</subfield>
        <subfield code="0">(DHLAUTH)275785</subfield>
    </datafield>
</record>
<record>
    <datafield tag="191" ind1=" " ind2=" ">
        <subfield code="a">E/ESCWA/18/4</subfield>
    </datafield>
    <datafield tag="245" ind1=" " ind2=" ">
        <subfield code="a">REPORT OF THE TECHNICAL COMMITTEE ON THE WORK OF ITS NINTH SESSION, EIGHTEENTH SESSION 24-25 MAY 1995 BEIRUT</subfield>
    </datafield>
    <datafield tag="269" ind1=" " ind2=" ">
        <subfield code="a">19950524</subfield>
    </datafield>
    <datafield tag="650" ind1=" " ind2=" ">
        <subfield code="a">WESTERN ASIA</subfield>
        <subfield code="0">(DHLAUTH)275490</subfield>
    </datafield>
    <datafield tag="650" ind1=" " ind2=" ">
        <subfield code="a">WORK ORGANIZATION</subfield>
        <subfield code="0">(DHLAUTH)275746</subfield>
    </datafield>
    <datafield tag="650" ind1=" " ind2=" ">
        <subfield code="a">ACTIVITIES</subfield>
        <subfield code="0">(DHLAUTH)275823</subfield>
    </datafield>
    <datafield tag="650" ind1=" " ind2=" ">
        <subfield code="a">PROGRAMME PRIORITIES</subfield>
        <subfield code="0">(DHLAUTH)275763</subfield>
    </datafield>
</record>
<record>
    <datafield tag="191" ind1=" " ind2=" ">
        <subfield code="a">E/ESCWA/18/4/REV.2</subfield>
    </datafield>
    <datafield tag="246" ind1=" " ind2=" ">
        <subfield code="a">تقرير اللجنة الفنية عن اعمال دورتها التاسعة</subfield>
    </datafield>
    <datafield tag="269" ind1=" " ind2=" ">
        <subfield code="a">19950524</subfield>
    </datafield>
    <datafield tag="650" ind1=" " ind2=" ">
        <subfield code="a">WESTERN ASIA</subfield>
        <subfield code="0">(DHLAUTH)275490</subfield>
    </datafield>
    <datafield tag="650" ind1=" " ind2=" ">
        <subfield code="a">AGENDA</subfield>
        <subfield code="0">(DHLAUTH)275133</subfield>
    </datafield>
    <datafield tag="650" ind1=" " ind2=" ">
        <subfield code="a">WORK ORGANIZATION</subfield>
        <subfield code="0">(DHLAUTH)275746</subfield>
    </datafield>
    <datafield tag="650" ind1=" " ind2=" ">
        <subfield code="a">BUDGET</subfield>
        <subfield code="0">(DHLAUTH)270085</subfield>
    </datafield>
    <datafield tag="650" ind1=" " ind2=" ">
        <subfield code="a">WORK PROGRAMME</subfield>
        <subfield code="0">(DHLAUTH)275800</subfield>
    </datafield>
    <datafield tag="650" ind1=" " ind2=" ">
        <subfield code="a">PROGRAMME PRIORITIES</subfield>
        <subfield code="0">(DHLAUTH)275763</subfield>
    </datafield>
    <datafield tag="650" ind1=" " ind2=" ">
        <subfield code="a">PARTICIPANTS</subfield>
        <subfield code="0">(DHLAUTH)275785</subfield>
    </datafield>
</record>
<record>
    <datafield tag="191" ind1=" " ind2=" ">
        <subfield code="a">E/ESCWA/18/5</subfield>
    </datafield>
    <datafield tag="245" ind1=" " ind2=" ">
        <subfield code="a">FINANCIAL STATUS OF THE COMMISSION'S PROGRAMMES : NOTE BY EXECUTIVE SECRETARY</subfield>
    </datafield>
    <datafield tag="246" ind1=" " ind2=" ">
        <subfield code="a">الوضع المالي لبرامج اللجنة</subfield>
    </datafield>
    <datafield tag="269" ind1=" " ind2=" ">
        <subfield code="a">19950314</subfield>
    </datafield>
    <datafield tag="650" ind1=" " ind2=" ">
        <subfield code="a">WESTERN ASIA</subfield>
        <subfield code="0">(DHLAUTH)275490</subfield>
    </datafield>
    <datafield tag="650" ind1=" " ind2=" ">
        <subfield code="a">BUDGET</subfield>
        <subfield code="0">(DHLAUTH)270085</subfield>
    </datafield>
</record>
<record>
    <datafield tag="191" ind1=" " ind2=" ">
        <subfield code="a">E/ESCWA/18/6</subfield>
    </datafield>
    <datafield tag="245" ind1=" " ind2=" ">
        <subfield code="a">REPORT ON THE ADVISORY COMMITTEE ESTABLISHED PURSUANT TO RESOLUTION 175 (XV)ON THE STRENGTHENING OF THE ROLE AND PERFORMANCE OF THE ECONOMIC AND SOCIAL COMMISSION FOR WESTERN ASIA</subfield>
    </datafield>
    <datafield tag="246" ind1=" " ind2=" ">
        <subfield code="a">تقرير عن الهيئة الاستشارية المنشاة بموجب قرار اللجنة 175 (د-15) بشان تعزيز دور واداء اللجنة الاقتصادية والاجتماعية لغربي آسيا</subfield>
    </datafield>
    <datafield tag="269" ind1=" " ind2=" ">
        <subfield code="a">19950508</subfield>
    </datafield>
    <datafield tag="650" ind1=" " ind2=" ">
        <subfield code="a">WESTERN ASIA</subfield>
        <subfield code="0">(DHLAUTH)275490</subfield>
    </datafield>
    <datafield tag="650" ind1=" " ind2=" ">
        <subfield code="a">WORK ORGANIZATION</subfield>
        <subfield code="0">(DHLAUTH)275746</subfield>
    </datafield>
    <datafield tag="650" ind1=" " ind2=" ">
        <subfield code="a">CONFERENCES</subfield>
        <subfield code="0">(DHLAUTH)275758</subfield>
    </datafield>
    <datafield tag="650" ind1=" " ind2=" ">
        <subfield code="a">AGENDA</subfield>
        <subfield code="0">(DHLAUTH)275133</subfield>
    </datafield>
    <datafield tag="650" ind1=" " ind2=" ">
        <subfield code="a">PERIODIC REPORTS</subfield>
        <subfield code="0">(DHLAUTH)275135</subfield>
    </datafield>
    <datafield tag="650" ind1=" " ind2=" ">
        <subfield code="a">RECOMMENDATIONS</subfield>
        <subfield code="0">(DHLAUTH)275840</subfield>
    </datafield>
</record>
<record>
    <datafield tag="191" ind1=" " ind2=" ">
        <subfield code="a">E/ESCWA/18/INF.1</subfield>
    </datafield>
    <datafield tag="245" ind1=" " ind2=" ">
        <subfield code="a">PROVISIONAL LIST OF DOCUMENTS</subfield>
    </datafield>
    <datafield tag="246" ind1=" " ind2=" ">
        <subfield code="a">قائمة مؤقتة بالوثائق</subfield>
    </datafield>
    <datafield tag="269" ind1=" " ind2=" ">
        <subfield code="a">19950515</subfield>
    </datafield>
    <datafield tag="650" ind1=" " ind2=" ">
        <subfield code="a">WESTERN ASIA</subfield>
        <subfield code="0">(DHLAUTH)275490</subfield>
    </datafield>
    <datafield tag="650" ind1=" " ind2=" ">
        <subfield code="a">DOCUMENTS</subfield>
        <subfield code="0">(DHLAUTH)270014</subfield>
    </datafield>
</record>
<record>
    <datafield tag="191" ind1=" " ind2=" ">
        <subfield code="a">E/ESCWA/18/L.1/REV.2/ADD.1</subfield>
    </datafield>
    <datafield tag="246" ind1=" " ind2=" ">
        <subfield code="a">جدول الاعمال المؤقت المشروح</subfield>
    </datafield>
    <datafield tag="269" ind1=" " ind2=" ">
        <subfield code="a">19950515</subfield>
    </datafield>
    <datafield tag="650" ind1=" " ind2=" ">
        <subfield code="a">WESTERN ASIA</subfield>
        <subfield code="0">(DHLAUTH)275490</subfield>
    </datafield>
    <datafield tag="650" ind1=" " ind2=" ">
        <subfield code="a">CONFERENCES</subfield>
        <subfield code="0">(DHLAUTH)275758</subfield>
    </datafield>
    <datafield tag="650" ind1=" " ind2=" ">
        <subfield code="a">AGENDA</subfield>
        <subfield code="0">(DHLAUTH)275133</subfield>
    </datafield>
</record>
<record>
    <datafield tag="191" ind1=" " ind2=" ">
        <subfield code="a">E/ESCWA/18/L.2/REV.1</subfield>
    </datafield>
    <datafield tag="245" ind1=" " ind2=" ">
        <subfield code="a">PROPOSED ORGANIZATION OF WORK : NOTE BY THE EXECUTIVE SECRETARY</subfield>
    </datafield>
    <datafield tag="269" ind1=" " ind2=" ">
        <subfield code="a">19950515</subfield>
    </datafield>
    <datafield tag="650" ind1=" " ind2=" ">
        <subfield code="a">WESTERN ASIA</subfield>
        <subfield code="0">(DHLAUTH)275490</subfield>
    </datafield>
    <datafield tag="650" ind1=" " ind2=" ">
        <subfield code="a">CONFERENCES</subfield>
        <subfield code="0">(DHLAUTH)275758</subfield>
    </datafield>
    <datafield tag="650" ind1=" " ind2=" ">
        <subfield code="a">WORK ORGANIZATION</subfield>
        <subfield code="0">(DHLAUTH)275746</subfield>
    </datafield>
</record>
<record>
    <datafield tag="191" ind1=" " ind2=" ">
        <subfield code="a">E/ESCWA/18/L.2/REV.2</subfield>
    </datafield>
    <datafield tag="246" ind1=" " ind2=" ">
        <subfield code="a">تنظيم الاعمال المقترح : مذكرة من الامين التنفيذي</subfield>
    </datafield>
    <datafield tag="269" ind1=" " ind2=" ">
        <subfield code="a">19950515</subfield>
    </datafield>
    <datafield tag="650" ind1=" " ind2=" ">
        <subfield code="a">WESTERN ASIA</subfield>
        <subfield code="0">(DHLAUTH)275490</subfield>
    </datafield>
    <datafield tag="650" ind1=" " ind2=" ">
        <subfield code="a">CONFERENCES</subfield>
        <subfield code="0">(DHLAUTH)275758</subfield>
    </datafield>
    <datafield tag="650" ind1=" " ind2=" ">
        <subfield code="a">WORK ORGANIZATION</subfield>
        <subfield code="0">(DHLAUTH)275746</subfield>
    </datafield>
</record>
<record>
    <datafield tag="191" ind1=" " ind2=" ">
        <subfield code="a">E/ESCWA/1990/1</subfield>
    </datafield>
    <datafield tag="246" ind1=" " ind2=" ">
        <subfield code="a">تقرير الامين العام التنفيذي ايار/مايو 1989-نيسان /ابريل 1990</subfield>
    </datafield>
    <datafield tag="269" ind1=" " ind2=" ">
        <subfield code="a">19900501</subfield>
    </datafield>
    <datafield tag="650" ind1=" " ind2=" ">
        <subfield code="a">WESTERN ASIA</subfield>
        <subfield code="0">(DHLAUTH)275490</subfield>
    </datafield>
    <datafield tag="650" ind1=" " ind2=" ">
        <subfield code="a">CONFERENCES</subfield>
        <subfield code="0">(DHLAUTH)275758</subfield>
    </datafield>
    <datafield tag="650" ind1=" " ind2=" ">
        <subfield code="a">ACTIVITIES</subfield>
        <subfield code="0">(DHLAUTH)275823</subfield>
    </datafield>
    <datafield tag="650" ind1=" " ind2=" ">
        <subfield code="a">MEDIUM-TERM PLAN</subfield>
        <subfield code="0">(DHLAUTH)275752</subfield>
    </datafield>
</record>
<record>
    <datafield tag="191" ind1=" " ind2=" ">
        <subfield code="a">E/ESCWA/1994/PTF/1</subfield>
    </datafield>
    <datafield tag="245" ind1=" " ind2=" ">
        <subfield code="a">THE IMPACT OF THE ISRAELI SETTLEMENTS IN THE WEST BAN, GAZA STRIP AND GOLAN HEIGHTS</subfield>
    </datafield>
    <datafield tag="269" ind1=" " ind2=" ">
        <subfield code="a">19940606</subfield>
    </datafield>
    <datafield tag="650" ind1=" " ind2=" ">
        <subfield code="a">SETTLEMENT POLICY</subfield>
        <subfield code="0">(DHLAUTH)269906</subfield>
    </datafield>
    <datafield tag="650" ind1=" " ind2=" ">
        <subfield code="a">SYRIAN ARAB REPUBLIC</subfield>
        <subfield code="0">(DHLAUTH)273496</subfield>
    </datafield>
    <datafield tag="650" ind1=" " ind2=" ">
        <subfield code="a">ISRAEL</subfield>
        <subfield code="0">(DHLAUTH)268556</subfield>
    </datafield>
    <datafield tag="650" ind1=" " ind2=" ">
        <subfield code="a">GOLAN HEIGHTS</subfield>
        <subfield code="0">(DHLAUTH)277042</subfield>
    </datafield>
    <datafield tag="650" ind1=" " ind2=" ">
        <subfield code="a">WEST BANK (STATE OF PALESTINE)</subfield>
        <subfield code="0">(DHLAUTH)277374</subfield>
    </datafield>
    <datafield tag="650" ind1=" " ind2=" ">
        <subfield code="a">JERUSALEM</subfield>
        <subfield code="0">(DHLAUTH)276743</subfield>
    </datafield>
    <datafield tag="650" ind1=" " ind2=" ">
        <subfield code="a">WESTERN ASIA</subfield>
        <subfield code="0">(DHLAUTH)275490</subfield>
    </datafield>
    <datafield tag="650" ind1=" " ind2=" ">
        <subfield code="a">TERRITORIES OCCUPIED BY ISRAEL</subfield>
        <subfield code="0">(DHLAUTH)268687</subfield>
    </datafield>
    <datafield tag="650" ind1=" " ind2=" ">
        <subfield code="a">SOCIAL CONDITIONS</subfield>
        <subfield code="0">(DHLAUTH)268327</subfield>
    </datafield>
    <datafield tag="650" ind1=" " ind2=" ">
        <subfield code="a">ECONOMIC CONDITIONS</subfield>
        <subfield code="0">(DHLAUTH)269719</subfield>
    </datafield>
    <datafield tag="650" ind1=" " ind2=" ">
        <subfield code="a">HUMAN SETTLEMENTS FINANCE</subfield>
        <subfield code="0">(DHLAUTH)273545</subfield>
    </datafield>
    <datafield tag="650" ind1=" " ind2=" ">
        <subfield code="a">SETTLEMENT PLANNING</subfield>
        <subfield code="0">(DHLAUTH)271450</subfield>
    </datafield>
</record>
<record>
    <datafield tag="191" ind1=" " ind2=" ">
        <subfield code="a">E/ESCWA/1996/1</subfield>
    </datafield>
    <datafield tag="245" ind1=" " ind2=" ">
        <subfield code="a">REPORT OF THE EXECUTIVE SECRETARY JUNE 1995 - APRIL 1996</subfield>
    </datafield>
    <datafield tag="246" ind1=" " ind2=" ">
        <subfield code="a">تقرير الامين التنفيذي حزيران/يونيو 1995 - نيسان/ابريل 1996</subfield>
    </datafield>
    <datafield tag="269" ind1=" " ind2=" ">
        <subfield code="a">19960401</subfield>
    </datafield>
    <datafield tag="650" ind1=" " ind2=" ">
        <subfield code="a">WORK PROGRAMME</subfield>
        <subfield code="0">(DHLAUTH)275800</subfield>
    </datafield>
    <datafield tag="650" ind1=" " ind2=" ">
        <subfield code="a">WESTERN ASIA</subfield>
        <subfield code="0">(DHLAUTH)275490</subfield>
    </datafield>
    <datafield tag="650" ind1=" " ind2=" ">
        <subfield code="a">ACTIVITIES</subfield>
        <subfield code="0">(DHLAUTH)275823</subfield>
    </datafield>
    <datafield tag="650" ind1=" " ind2=" ">
        <subfield code="a">SPECIALIZED AGENCIES</subfield>
        <subfield code="0">(DHLAUTH)268581</subfield>
    </datafield>
    <datafield tag="650" ind1=" " ind2=" ">
        <subfield code="a">MEDIUM-TERM PLAN</subfield>
        <subfield code="0">(DHLAUTH)275752</subfield>
    </datafield>
</record>
<record>
    <datafield tag="191" ind1=" " ind2=" ">
        <subfield code="a">E/ESCWA/19/4/REV.1</subfield>
    </datafield>
    <datafield tag="191" ind1=" " ind2=" ">
        <subfield code="a">E/ESCWA/C.1/19/14/REV.1</subfield>
    </datafield>
    <datafield tag="246" ind1=" " ind2=" ">
        <subfield code="a">تقرير اللجنة الفنية عن أعمال دورتها العاشرة الى الدورة التاسعة عشرة للأسكوا</subfield>
    </datafield>
    <datafield tag="269" ind1=" " ind2=" ">
        <subfield code="a">19970513</subfield>
    </datafield>
    <datafield tag="650" ind1=" " ind2=" ">
        <subfield code="a">WORK PROGRAMME</subfield>
        <subfield code="0">(DHLAUTH)275800</subfield>
    </datafield>
    <datafield tag="650" ind1=" " ind2=" ">
        <subfield code="a">WORK ORGANIZATION</subfield>
        <subfield code="0">(DHLAUTH)275746</subfield>
    </datafield>
    <datafield tag="650" ind1=" " ind2=" ">
        <subfield code="a">WESTERN ASIA</subfield>
        <subfield code="0">(DHLAUTH)275490</subfield>
    </datafield>
    <datafield tag="650" ind1=" " ind2=" ">
        <subfield code="a">RECOMMENDATIONS</subfield>
        <subfield code="0">(DHLAUTH)275840</subfield>
    </datafield>
    <datafield tag="650" ind1=" " ind2=" ">
        <subfield code="a">PARTICIPANTS</subfield>
        <subfield code="0">(DHLAUTH)275785</subfield>
    </datafield>
</record>
<record>
    <datafield tag="191" ind1=" " ind2=" ">
        <subfield code="a">E/ESCWA/19/INF.2</subfield>
    </datafield>
    <datafield tag="245" ind1=" " ind2=" ">
        <subfield code="a">INFORMATION FOR PARTICIPANTS, NINETEENTH SESSION BEIRUT, 5-8 MAY 1997</subfield>
    </datafield>
    <datafield tag="246" ind1=" " ind2=" ">
        <subfield code="a">معلومات للمشاركين, الدورة التاسعة عشرة 5-8 ايار/مايو 1997 بيروت</subfield>
    </datafield>
    <datafield tag="269" ind1=" " ind2=" ">
        <subfield code="a">19970305</subfield>
    </datafield>
    <datafield tag="650" ind1=" " ind2=" ">
        <subfield code="a">PARTICIPANTS</subfield>
        <subfield code="0">(DHLAUTH)275785</subfield>
    </datafield>
    <datafield tag="650" ind1=" " ind2=" ">
        <subfield code="a">WESTERN ASIA</subfield>
        <subfield code="0">(DHLAUTH)275490</subfield>
    </datafield>
</record>
<record>
    <datafield tag="191" ind1=" " ind2=" ">
        <subfield code="a">E/ESCWA/19/L.9</subfield>
    </datafield>
    <datafield tag="246" ind1=" " ind2=" ">
        <subfield code="a">مشروع تقرير اللجنة عن دورتها التاسعة عشرة/ الدورة التاسعة عشر 7-8 آيار /مايو 1997 بيروت</subfield>
    </datafield>
    <datafield tag="269" ind1=" " ind2=" ">
        <subfield code="a">19970508</subfield>
    </datafield>
    <datafield tag="650" ind1=" " ind2=" ">
        <subfield code="a">AGENDA</subfield>
        <subfield code="0">(DHLAUTH)275133</subfield>
    </datafield>
    <datafield tag="650" ind1=" " ind2=" ">
        <subfield code="a">WORK ORGANIZATION</subfield>
        <subfield code="0">(DHLAUTH)275746</subfield>
    </datafield>
    <datafield tag="650" ind1=" " ind2=" ">
        <subfield code="a">PARTICIPANTS</subfield>
        <subfield code="0">(DHLAUTH)275785</subfield>
    </datafield>
    <datafield tag="650" ind1=" " ind2=" ">
        <subfield code="a">DOCUMENTS</subfield>
        <subfield code="0">(DHLAUTH)270014</subfield>
    </datafield>
    <datafield tag="650" ind1=" " ind2=" ">
        <subfield code="a">SPECIALIZED AGENCIES</subfield>
        <subfield code="0">(DHLAUTH)268581</subfield>
    </datafield>
    <datafield tag="650" ind1=" " ind2=" ">
        <subfield code="a">PROJECT IMPLEMENTATION</subfield>
        <subfield code="0">(DHLAUTH)269965</subfield>
    </datafield>
    <datafield tag="650" ind1=" " ind2=" ">
        <subfield code="a">WESTERN ASIA</subfield>
        <subfield code="0">(DHLAUTH)275490</subfield>
    </datafield>
</record>
<record>
    <datafield tag="191" ind1=" " ind2=" ">
        <subfield code="a">E/ESCWA/2000/3</subfield>
    </datafield>
    <datafield tag="245" ind1=" " ind2=" ">
        <subfield code="a">ESCWA ACTIVITIES IN SUPPORT OF MEMBER STATES DURING THE BIENNIUM 1998-1999</subfield>
    </datafield>
    <datafield tag="269" ind1=" " ind2=" ">
        <subfield code="a">20000710</subfield>
    </datafield>
    <datafield tag="650" ind1=" " ind2=" ">
        <subfield code="a">ACTIVITIES</subfield>
        <subfield code="0">(DHLAUTH)275823</subfield>
    </datafield>
    <datafield tag="650" ind1=" " ind2=" ">
        <subfield code="a">ADVISORY SERVICES</subfield>
        <subfield code="0">(DHLAUTH)269860</subfield>
    </datafield>
    <datafield tag="650" ind1=" " ind2=" ">
        <subfield code="a">PUBLICATIONS</subfield>
        <subfield code="0">(DHLAUTH)270013</subfield>
    </datafield>
    <datafield tag="650" ind1=" " ind2=" ">
        <subfield code="a">DOCUMENTS</subfield>
        <subfield code="0">(DHLAUTH)270014</subfield>
    </datafield>
    <datafield tag="650" ind1=" " ind2=" ">
        <subfield code="a">WESTERN ASIA</subfield>
        <subfield code="0">(DHLAUTH)275490</subfield>
    </datafield>
</record>
<record>
    <datafield tag="191" ind1=" " ind2=" ">
        <subfield code="a">E/ESCWA/2000/4</subfield>
    </datafield>
    <datafield tag="245" ind1=" " ind2=" ">
        <subfield code="a">AREAS OF COOPERATION BETWEEN ESCWA AND OTHER AGENCIES WITHIN THE UNITED NATIONS SYSTEM</subfield>
    </datafield>
    <datafield tag="269" ind1=" " ind2=" ">
        <subfield code="a">20000524</subfield>
    </datafield>
    <datafield tag="650" ind1=" " ind2=" ">
        <subfield code="a">WORK PROGRAMME</subfield>
        <subfield code="0">(DHLAUTH)275800</subfield>
    </datafield>
    <datafield tag="650" ind1=" " ind2=" ">
        <subfield code="a">REGIONAL COMMISSIONS</subfield>
        <subfield code="0">(DHLAUTH)269969</subfield>
    </datafield>
    <datafield tag="650" ind1=" " ind2=" ">
        <subfield code="a">SPECIALIZED AGENCIES</subfield>
        <subfield code="0">(DHLAUTH)268581</subfield>
    </datafield>
    <datafield tag="650" ind1=" " ind2=" ">
        <subfield code="a">INTER-AGENCY COOPERATION</subfield>
        <subfield code="0">(DHLAUTH)268578</subfield>
    </datafield>
</record>
<record>
    <datafield tag="191" ind1=" " ind2=" ">
        <subfield code="a">E/ESCWA/2002/WG.1-I/L.9</subfield>
    </datafield>
    <datafield tag="246" ind1=" " ind2=" ">
        <subfield code="a">Mashru' al-taqrir al-niha`i wa al-tawsiyat : al-Lajnah al-iqtisadiyah wa-al-Ijtima'iyah li-Gharbi Asiyah, al-Ijtima' al-'Arabi al-Tahdiri li-Mu`tamar al-Umam al-Mutahidah lil-Musinin, al-Jam'iyah al-'Alamiyah al-Thaniyah lil-Shaikhoukhah, Ijtima' fariq al-Khubara`, Bairut, 5-8 Shubat/Febrair, 2002</subfield>
    </datafield>
    <datafield tag="246" ind1=" " ind2=" ">
        <subfield code="a">MASHRU' AL-TAQRIR AL-NIHA`I WA AL-TAWSIYAT : AL-LAJNAH AL-IQTISADIYAH WA-AL-IJTIMA'IYAH LI-GHARBI ASIYAH, AL-IJTIMA' AL-'ARABI AL-TAHDIRI LI-MU`TAMAR AL-UMAM AL-MUTAHIDAH LIL-MUSININ, AL-JAM'IYAH AL-'ALAMIYAH AL-THANIYAH LIL-SHAIKHOUKHAH, IJTIMA' FARIQ AL-KHUBARA`, BAIRUT, 5-8 SHUBAT/FEBRAIR, 2002</subfield>
    </datafield>
    <datafield tag="269" ind1=" " ind2=" ">
        <subfield code="a">20020208</subfield>
    </datafield>
    <datafield tag="650" ind1=" " ind2=" ">
        <subfield code="a">AGEING PERSONS</subfield>
        <subfield code="0">(DHLAUTH)273772</subfield>
    </datafield>
    <datafield tag="650" ind1=" " ind2=" ">
        <subfield code="a">DEMOGRAPHIC AGEING</subfield>
        <subfield code="0">(DHLAUTH)272936</subfield>
    </datafield>
    <datafield tag="650" ind1=" " ind2=" ">
        <subfield code="a">CARE OF AGEING PERSONS</subfield>
        <subfield code="0">(DHLAUTH)441039</subfield>
    </datafield>
</record>
<record>
    <datafield tag="191" ind1=" " ind2=" ">
        <subfield code="a">E/ESCWA/2008/C.1/4</subfield>
    </datafield>
    <datafield tag="246" ind1=" " ind2=" ">
        <subfield code="a">تقرير اجتماع اللجنة الفنية بيروت 16-17 كانون الثاني 2008</subfield>
    </datafield>
    <datafield tag="269" ind1=" " ind2=" ">
        <subfield code="a">20080125</subfield>
    </datafield>
    <datafield tag="650" ind1=" " ind2=" ">
        <subfield code="a">CONFERENCES</subfield>
        <subfield code="0">(DHLAUTH)275758</subfield>
    </datafield>
    <datafield tag="650" ind1=" " ind2=" ">
        <subfield code="a">AGENDA</subfield>
        <subfield code="0">(DHLAUTH)275133</subfield>
    </datafield>
    <datafield tag="650" ind1=" " ind2=" ">
        <subfield code="a">ACTIVITIES</subfield>
        <subfield code="0">(DHLAUTH)275823</subfield>
    </datafield>
    <datafield tag="650" ind1=" " ind2=" ">
        <subfield code="a">WESTERN ASIA</subfield>
        <subfield code="0">(DHLAUTH)275490</subfield>
    </datafield>
    <datafield tag="650" ind1=" " ind2=" ">
        <subfield code="a">WORK ORGANIZATION</subfield>
        <subfield code="0">(DHLAUTH)275746</subfield>
    </datafield>
    <datafield tag="650" ind1=" " ind2=" ">
        <subfield code="a">WORK PROGRAMME</subfield>
        <subfield code="0">(DHLAUTH)275800</subfield>
    </datafield>
    <datafield tag="650" ind1=" " ind2=" ">
        <subfield code="a">TERMS OF REFERENCE</subfield>
        <subfield code="0">(DHLAUTH)268319</subfield>
    </datafield>
    <datafield tag="650" ind1=" " ind2=" ">
        <subfield code="a">PARTICIPANTS</subfield>
        <subfield code="0">(DHLAUTH)275785</subfield>
    </datafield>
</record>
<record>
    <datafield tag="191" ind1=" " ind2=" ">
        <subfield code="a">E/ESCWA/2008/C.1/L.2</subfield>
    </datafield>
    <datafield tag="245" ind1=" " ind2=" ">
        <subfield code="a">PROPOSED ORGANIZATION OF WORK/ TECHNICAL COMMITTEE FIRST MEETING BEIRUT,16-17 JANUARY 2008</subfield>
    </datafield>
    <datafield tag="246" ind1=" " ind2=" ">
        <subfield code="a">تنظيم الاعمال المقترح/ اللجنة الفنية الاجتماع الاول بيروت 16-17 كانون الثاني 2008</subfield>
    </datafield>
    <datafield tag="269" ind1=" " ind2=" ">
        <subfield code="a">20080111</subfield>
    </datafield>
    <datafield tag="650" ind1=" " ind2=" ">
        <subfield code="a">CONFERENCES</subfield>
        <subfield code="0">(DHLAUTH)275758</subfield>
    </datafield>
    <datafield tag="650" ind1=" " ind2=" ">
        <subfield code="a">WESTERN ASIA</subfield>
        <subfield code="0">(DHLAUTH)275490</subfield>
    </datafield>
    <datafield tag="650" ind1=" " ind2=" ">
        <subfield code="a">WORK ORGANIZATION</subfield>
        <subfield code="0">(DHLAUTH)275746</subfield>
    </datafield>
    <datafield tag="650" ind1=" " ind2=" ">
        <subfield code="a">ACTIVITIES</subfield>
        <subfield code="0">(DHLAUTH)275823</subfield>
    </datafield>
    <datafield tag="650" ind1=" " ind2=" ">
        <subfield code="a">FUNCTIONAL COMMISSIONS</subfield>
        <subfield code="0">(DHLAUTH)275819</subfield>
    </datafield>
</record>
<record>
    <datafield tag="191" ind1=" " ind2=" ">
        <subfield code="a">E/ESCWA/2008/C.1/L.3</subfield>
    </datafield>
    <datafield tag="245" ind1=" " ind2=" ">
        <subfield code="a">DRAFT TERMS OF REFERENCE OF THE TECHNICAL COMMITTEE/ TECHNICAL COMMITTEE FIRST MEETING BEIRUT,16-17 JANUARY 2008</subfield>
    </datafield>
    <datafield tag="246" ind1=" " ind2=" ">
        <subfield code="a">مسودة صلاحيات اللجنة الفنية/ اللجنة الفنية الاجتماع الاول بيروت 16-17 كانون الثاني 2008</subfield>
    </datafield>
    <datafield tag="269" ind1=" " ind2=" ">
        <subfield code="a">20080111</subfield>
    </datafield>
    <datafield tag="650" ind1=" " ind2=" ">
        <subfield code="a">CONFERENCES</subfield>
        <subfield code="0">(DHLAUTH)275758</subfield>
    </datafield>
    <datafield tag="650" ind1=" " ind2=" ">
        <subfield code="a">ACTIVITIES</subfield>
        <subfield code="0">(DHLAUTH)275823</subfield>
    </datafield>
    <datafield tag="650" ind1=" " ind2=" ">
        <subfield code="a">WESTERN ASIA</subfield>
        <subfield code="0">(DHLAUTH)275490</subfield>
    </datafield>
    <datafield tag="650" ind1=" " ind2=" ">
        <subfield code="a">FUNCTIONAL COMMISSIONS</subfield>
        <subfield code="0">(DHLAUTH)275819</subfield>
    </datafield>
</record>
<record>
    <datafield tag="191" ind1=" " ind2=" ">
        <subfield code="a">E/ESCWA/2008/C.2/3</subfield>
    </datafield>
    <datafield tag="246" ind1=" " ind2=" ">
        <subfield code="a">برنامج العمل المقترح لفترة السنتين 2010-2011/ اللجنة الفنية الاجتماع الثاني بيروت 3-4 تشرين الثاني/نوفمبر 2008</subfield>
    </datafield>
    <datafield tag="269" ind1=" " ind2=" ">
        <subfield code="a">20081028</subfield>
    </datafield>
    <datafield tag="650" ind1=" " ind2=" ">
        <subfield code="a">WESTERN ASIA</subfield>
        <subfield code="0">(DHLAUTH)275490</subfield>
    </datafield>
    <datafield tag="650" ind1=" " ind2=" ">
        <subfield code="a">CONFERENCES</subfield>
        <subfield code="0">(DHLAUTH)275758</subfield>
    </datafield>
    <datafield tag="650" ind1=" " ind2=" ">
        <subfield code="a">WORK PROGRAMME</subfield>
        <subfield code="0">(DHLAUTH)275800</subfield>
    </datafield>
    <datafield tag="650" ind1=" " ind2=" ">
        <subfield code="a">SUSTAINABLE DEVELOPMENT</subfield>
        <subfield code="0">(DHLAUTH)269920</subfield>
    </datafield>
    <datafield tag="650" ind1=" " ind2=" ">
        <subfield code="a">NATURAL RESOURCES</subfield>
        <subfield code="0">(DHLAUTH)270548</subfield>
    </datafield>
    <datafield tag="650" ind1=" " ind2=" ">
        <subfield code="a">SOCIAL POLICY</subfield>
        <subfield code="0">(DHLAUTH)269713</subfield>
    </datafield>
    <datafield tag="650" ind1=" " ind2=" ">
        <subfield code="a">ECONOMIC INTEGRATION</subfield>
        <subfield code="0">(DHLAUTH)269761</subfield>
    </datafield>
    <datafield tag="650" ind1=" " ind2=" ">
        <subfield code="a">INFORMATION TECHNOLOGY</subfield>
        <subfield code="0">(DHLAUTH)272714</subfield>
    </datafield>
    <datafield tag="650" ind1=" " ind2=" ">
        <subfield code="a">COMMUNICATION TECHNOLOGY</subfield>
        <subfield code="0">(DHLAUTH)272713</subfield>
    </datafield>
    <datafield tag="650" ind1=" " ind2=" ">
        <subfield code="a">WOMEN'S ADVANCEMENT</subfield>
        <subfield code="0">(DHLAUTH)273158</subfield>
    </datafield>
</record>
<record>
    <datafield tag="191" ind1=" " ind2=" ">
        <subfield code="a">E/ESCWA/2008/C.2/4(PARTII)</subfield>
    </datafield>
    <datafield tag="246" ind1=" " ind2=" ">
        <subfield code="a">متابعة الدورة الوزارية الخامسة والعشرين صنعاء 26-29 ايار/مايو 2008 : نتائج تقييم الدورة الخامسة والعشرين للاسكوا/ اللجنة الفنية الاجتماع الثاني بيروت 3-4 تشرين الثاني/نوفمبر 2008</subfield>
    </datafield>
    <datafield tag="269" ind1=" " ind2=" ">
        <subfield code="a">20081024</subfield>
    </datafield>
    <datafield tag="650" ind1=" " ind2=" ">
        <subfield code="a">CONFERENCES</subfield>
        <subfield code="0">(DHLAUTH)275758</subfield>
    </datafield>
    <datafield tag="650" ind1=" " ind2=" ">
        <subfield code="a">WESTERN ASIA</subfield>
        <subfield code="0">(DHLAUTH)275490</subfield>
    </datafield>
    <datafield tag="650" ind1=" " ind2=" ">
        <subfield code="a">OPERATIONAL ACTIVITIES</subfield>
        <subfield code="0">(DHLAUTH)269992</subfield>
    </datafield>
    <datafield tag="650" ind1=" " ind2=" ">
        <subfield code="a">PERFORMANCE APPRAISAL</subfield>
        <subfield code="0">(DHLAUTH)272031</subfield>
    </datafield>
</record>
<record>
    <datafield tag="191" ind1=" " ind2=" ">
        <subfield code="a">E/ESCWA/2008/C.2/4(PARTI)</subfield>
    </datafield>
    <datafield tag="246" ind1=" " ind2=" ">
        <subfield code="a">متابعة الدورة الوزارية الخامسة والعشرين صنعاء 26-29 ايار/مايو 2008 : تنفيذ القرارات التي اعتمدتها اللجنة في دورتها الخامسة والعشرين/ اللجنة الفنية الاجتماع الثاني بيروت 3-4 تشرين الثاني/نوفمبر 2008</subfield>
    </datafield>
    <datafield tag="269" ind1=" " ind2=" ">
        <subfield code="a">20081023</subfield>
    </datafield>
    <datafield tag="650" ind1=" " ind2=" ">
        <subfield code="a">CONFERENCES</subfield>
        <subfield code="0">(DHLAUTH)275758</subfield>
    </datafield>
    <datafield tag="650" ind1=" " ind2=" ">
        <subfield code="a">WESTERN ASIA</subfield>
        <subfield code="0">(DHLAUTH)275490</subfield>
    </datafield>
    <datafield tag="650" ind1=" " ind2=" ">
        <subfield code="a">RESOLUTIONS AND DECISIONS</subfield>
        <subfield code="0">(DHLAUTH)275677</subfield>
    </datafield>
    <datafield tag="650" ind1=" " ind2=" ">
        <subfield code="a">OPERATIONAL ACTIVITIES</subfield>
        <subfield code="0">(DHLAUTH)269992</subfield>
    </datafield>
</record>
<record>
    <datafield tag="191" ind1=" " ind2=" ">
        <subfield code="a">E/ESCWA/2008/C.2/5</subfield>
    </datafield>
    <datafield tag="246" ind1=" " ind2=" ">
        <subfield code="a">معلومات عن مؤتمر المتابعة الدولي لتمويل التنمية لاستعراض تنفيذ توافق اراء مونتيري الدوحة 29 تشرين الثاني/نوفمبر - 2 كانون الاول/ديسمبر 2008/ اللجنة الفنية الاجتماع الثاني بيروت 3-4 تشرين الثاني/نوفمبر 2008</subfield>
    </datafield>
    <datafield tag="269" ind1=" " ind2=" ">
        <subfield code="a">20081023</subfield>
    </datafield>
    <datafield tag="650" ind1=" " ind2=" ">
        <subfield code="a">WESTERN ASIA</subfield>
        <subfield code="0">(DHLAUTH)275490</subfield>
    </datafield>
    <datafield tag="650" ind1=" " ind2=" ">
        <subfield code="a">CONFERENCES</subfield>
        <subfield code="0">(DHLAUTH)275758</subfield>
    </datafield>
    <datafield tag="650" ind1=" " ind2=" ">
        <subfield code="a">FOREIGN DIRECT INVESTMENT</subfield>
        <subfield code="0">(DHLAUTH)269863</subfield>
    </datafield>
    <datafield tag="650" ind1=" " ind2=" ">
        <subfield code="a">TECHNICAL COOPERATION</subfield>
        <subfield code="0">(DHLAUTH)268658</subfield>
    </datafield>
    <datafield tag="650" ind1=" " ind2=" ">
        <subfield code="a">ECONOMIC COOPERATION</subfield>
        <subfield code="0">(DHLAUTH)268654</subfield>
    </datafield>
    <datafield tag="650" ind1=" " ind2=" ">
        <subfield code="a">DEVELOPMENT FINANCE</subfield>
        <subfield code="0">(DHLAUTH)269876</subfield>
    </datafield>
</record>
<record>
    <datafield tag="191" ind1=" " ind2=" ">
        <subfield code="a">E/ESCWA/2008/C.2/6(PARTIII)</subfield>
    </datafield>
    <datafield tag="246" ind1=" " ind2=" ">
        <subfield code="a">انشطة الامانة التنفيذية الانشطة الرئيسية حتى نهاية عام 2008 التحضيرات الجارية للدورة الثامنة للجنة الموارد المائية بيروت 17-19 كانون الاول/ديسمبر  2008</subfield>
    </datafield>
    <datafield tag="269" ind1=" " ind2=" ">
        <subfield code="a">20081023</subfield>
    </datafield>
    <datafield tag="650" ind1=" " ind2=" ">
        <subfield code="a">OPERATIONAL ACTIVITIES</subfield>
        <subfield code="0">(DHLAUTH)269992</subfield>
    </datafield>
    <datafield tag="650" ind1=" " ind2=" ">
        <subfield code="a">WORK ORGANIZATION</subfield>
        <subfield code="0">(DHLAUTH)275746</subfield>
    </datafield>
    <datafield tag="650" ind1=" " ind2=" ">
        <subfield code="a">WESTERN ASIA</subfield>
        <subfield code="0">(DHLAUTH)275490</subfield>
    </datafield>
    <datafield tag="650" ind1=" " ind2=" ">
        <subfield code="a">CONFERENCES</subfield>
        <subfield code="0">(DHLAUTH)275758</subfield>
    </datafield>
    <datafield tag="650" ind1=" " ind2=" ">
        <subfield code="a">RECOMMENDATIONS</subfield>
        <subfield code="0">(DHLAUTH)275840</subfield>
    </datafield>
    <datafield tag="650" ind1=" " ind2=" ">
        <subfield code="a">WATER RESOURCES</subfield>
        <subfield code="0">(DHLAUTH)270568</subfield>
    </datafield>
    <datafield tag="650" ind1=" " ind2=" ">
        <subfield code="a">AGENDA</subfield>
        <subfield code="0">(DHLAUTH)275133</subfield>
    </datafield>
</record>
<record>
    <datafield tag="191" ind1=" " ind2=" ">
        <subfield code="a">E/ESCWA/2008/C.2/6(PARTII)</subfield>
    </datafield>
    <datafield tag="246" ind1=" " ind2=" ">
        <subfield code="a">انشطة الامانة التنفيذية الانشطة الرئيسية التي نفذت منذ ايار/مايو 2008 : نبذة عن اعمال الدورة الثامنة للجنة الاحصائية بيروت 14-16 تشرين الاول/اكتوبر 2008/ اللجنة الفنية الاجتماع الثاني بيروت 3-4 تشرين الثاني/نوفمبر 2008</subfield>
    </datafield>
    <datafield tag="269" ind1=" " ind2=" ">
        <subfield code="a">20081023</subfield>
    </datafield>
    <datafield tag="650" ind1=" " ind2=" ">
        <subfield code="a">OPERATIONAL ACTIVITIES</subfield>
        <subfield code="0">(DHLAUTH)269992</subfield>
    </datafield>
    <datafield tag="650" ind1=" " ind2=" ">
        <subfield code="a">CONFERENCES</subfield>
        <subfield code="0">(DHLAUTH)275758</subfield>
    </datafield>
    <datafield tag="650" ind1=" " ind2=" ">
        <subfield code="a">RECOMMENDATIONS</subfield>
        <subfield code="0">(DHLAUTH)275840</subfield>
    </datafield>
    <datafield tag="650" ind1=" " ind2=" ">
        <subfield code="a">STATISTICS</subfield>
        <subfield code="0">(DHLAUTH)269347</subfield>
    </datafield>
    <datafield tag="650" ind1=" " ind2=" ">
        <subfield code="a">WESTERN ASIA</subfield>
        <subfield code="0">(DHLAUTH)275490</subfield>
    </datafield>
</record>
<record>
    <datafield tag="191" ind1=" " ind2=" ">
        <subfield code="a">E/ESCWA/2008/C.2/6(PARTIV)</subfield>
    </datafield>
    <datafield tag="246" ind1=" " ind2=" ">
        <subfield code="a">انشطة الامانة التنفيذية الانشطة الرئيسية حتى نهاية عام 2008 التحضيرات الجارية للدورة السابعة للجنة الطاقة بيروت 5-6 شباط/فبراير 2009/ اللجنة الفنية الاجتماع الثاني بيروت 3-4 تشرين الثاني/نوفمبر 2008</subfield>
    </datafield>
    <datafield tag="269" ind1=" " ind2=" ">
        <subfield code="a">20081023</subfield>
    </datafield>
    <datafield tag="650" ind1=" " ind2=" ">
        <subfield code="a">OPERATIONAL ACTIVITIES</subfield>
        <subfield code="0">(DHLAUTH)269992</subfield>
    </datafield>
    <datafield tag="650" ind1=" " ind2=" ">
        <subfield code="a">WORK ORGANIZATION</subfield>
        <subfield code="0">(DHLAUTH)275746</subfield>
    </datafield>
    <datafield tag="650" ind1=" " ind2=" ">
        <subfield code="a">WESTERN ASIA</subfield>
        <subfield code="0">(DHLAUTH)275490</subfield>
    </datafield>
    <datafield tag="650" ind1=" " ind2=" ">
        <subfield code="a">CONFERENCES</subfield>
        <subfield code="0">(DHLAUTH)275758</subfield>
    </datafield>
    <datafield tag="650" ind1=" " ind2=" ">
        <subfield code="a">WORK PROGRAMME</subfield>
        <subfield code="0">(DHLAUTH)275800</subfield>
    </datafield>
    <datafield tag="650" ind1=" " ind2=" ">
        <subfield code="a">ENERGY RESOURCES</subfield>
        <subfield code="0">(DHLAUTH)270561</subfield>
    </datafield>
    <datafield tag="650" ind1=" " ind2=" ">
        <subfield code="a">CLIMATE CHANGE</subfield>
        <subfield code="0">(DHLAUTH)275343</subfield>
    </datafield>
</record>
<record>
    <datafield tag="191" ind1=" " ind2=" ">
        <subfield code="a">E/ESCWA/2008/C.2/6(PARTI)</subfield>
    </datafield>
    <datafield tag="246" ind1=" " ind2=" ">
        <subfield code="a">انشطة الامانة التنفيذية الانشطة الرئيسية التي نفذت منذ ايار/مايو 2008 : نبذة عن الاجتماع الثاني عشر لالية الامم المتحدة للتنسيق الاقليمي بيروت 13-14 ايلول/سبتمبر 2008/ اللجنة الفنية الاجتماع الثاني بيروت 3-4 تشرين الثاني/نوفمبر 2008</subfield>
    </datafield>
    <datafield tag="269" ind1=" " ind2=" ">
        <subfield code="a">20081023</subfield>
    </datafield>
    <datafield tag="650" ind1=" " ind2=" ">
        <subfield code="a">WORK ORGANIZATION</subfield>
        <subfield code="0">(DHLAUTH)275746</subfield>
    </datafield>
    <datafield tag="650" ind1=" " ind2=" ">
        <subfield code="a">WESTERN ASIA</subfield>
        <subfield code="0">(DHLAUTH)275490</subfield>
    </datafield>
    <datafield tag="650" ind1=" " ind2=" ">
        <subfield code="a">CONFERENCES</subfield>
        <subfield code="0">(DHLAUTH)275758</subfield>
    </datafield>
    <datafield tag="650" ind1=" " ind2=" ">
        <subfield code="a">OPERATIONAL ACTIVITIES</subfield>
        <subfield code="0">(DHLAUTH)269992</subfield>
    </datafield>
</record>
<record>
    <datafield tag="191" ind1=" " ind2=" ">
        <subfield code="a">E/ESCWA/2008/C.2/7(CRP)</subfield>
    </datafield>
    <datafield tag="246" ind1=" " ind2=" ">
        <subfield code="a">مبادرة من بلدان غرب اسيا تحضيرا للاستعراض الوزاري السنوي في المجلس الاقتصادي والاجتماعي والاجتماعي لعام 2009/ اللجنة الفنية الاجتماع الثاني بيروت 3-4 تشرين الثاني/نوفمبر 2008</subfield>
    </datafield>
    <datafield tag="269" ind1=" " ind2=" ">
        <subfield code="a">20081028</subfield>
    </datafield>
    <datafield tag="650" ind1=" " ind2=" ">
        <subfield code="a">WORK ORGANIZATION</subfield>
        <subfield code="0">(DHLAUTH)275746</subfield>
    </datafield>
    <datafield tag="650" ind1=" " ind2=" ">
        <subfield code="a">WESTERN ASIA</subfield>
        <subfield code="0">(DHLAUTH)275490</subfield>
    </datafield>
    <datafield tag="650" ind1=" " ind2=" ">
        <subfield code="a">CONFERENCES</subfield>
        <subfield code="0">(DHLAUTH)275758</subfield>
    </datafield>
</record>
<record>
    <datafield tag="191" ind1=" " ind2=" ">
        <subfield code="a">E/ESCWA/2008/C.2/8</subfield>
    </datafield>
    <datafield tag="246" ind1=" " ind2=" ">
        <subfield code="a">التنسيق بين الاسكوا وجامعة الدول العربية بشان النص الموحد لاتفاقية النقل الدولي متعدد الوسائط للبضائع بين الدول العربية/ اللجنة الفنية الاجتماع الثاني بيروت 3-4 تشرين الثاني/نوفمبر 2008</subfield>
    </datafield>
    <datafield tag="269" ind1=" " ind2=" ">
        <subfield code="a">20081023</subfield>
    </datafield>
    <datafield tag="650" ind1=" " ind2=" ">
        <subfield code="a">WESTERN ASIA</subfield>
        <subfield code="0">(DHLAUTH)275490</subfield>
    </datafield>
    <datafield tag="650" ind1=" " ind2=" ">
        <subfield code="a">CONFERENCES</subfield>
        <subfield code="0">(DHLAUTH)275758</subfield>
    </datafield>
    <datafield tag="650" ind1=" " ind2=" ">
        <subfield code="a">MULTIMODAL TRANSPORT</subfield>
        <subfield code="0">(DHLAUTH)272480</subfield>
    </datafield>
    <datafield tag="650" ind1=" " ind2=" ">
        <subfield code="a">ARAB COUNTRIES</subfield>
        <subfield code="0">(DHLAUTH)268705</subfield>
    </datafield>
</record>
<record>
    <datafield tag="191" ind1=" " ind2=" ">
        <subfield code="a">E/ESCWA/2008/C.2/9</subfield>
    </datafield>
    <datafield tag="246" ind1=" " ind2=" ">
        <subfield code="a">تقرير اللجنة الفنية عن اجتماعها الثاني بيروت 3-4 تشرين الثاني/ نوفمبر 2008</subfield>
    </datafield>
    <datafield tag="269" ind1=" " ind2=" ">
        <subfield code="a">20081104</subfield>
    </datafield>
    <datafield tag="650" ind1=" " ind2=" ">
        <subfield code="a">WESTERN ASIA</subfield>
        <subfield code="0">(DHLAUTH)275490</subfield>
    </datafield>
    <datafield tag="650" ind1=" " ind2=" ">
        <subfield code="a">CONFERENCES</subfield>
        <subfield code="0">(DHLAUTH)275758</subfield>
    </datafield>
    <datafield tag="650" ind1=" " ind2=" ">
        <subfield code="a">RECOMMENDATIONS</subfield>
        <subfield code="0">(DHLAUTH)275840</subfield>
    </datafield>
    <datafield tag="650" ind1=" " ind2=" ">
        <subfield code="a">WORK ORGANIZATION</subfield>
        <subfield code="0">(DHLAUTH)275746</subfield>
    </datafield>
    <datafield tag="650" ind1=" " ind2=" ">
        <subfield code="a">WORK PROGRAMME</subfield>
        <subfield code="0">(DHLAUTH)275800</subfield>
    </datafield>
    <datafield tag="650" ind1=" " ind2=" ">
        <subfield code="a">OPERATIONAL ACTIVITIES</subfield>
        <subfield code="0">(DHLAUTH)269992</subfield>
    </datafield>
</record>
<record>
    <datafield tag="191" ind1=" " ind2=" ">
        <subfield code="a">E/ESCWA/2008/C.2/INF.1</subfield>
    </datafield>
    <datafield tag="246" ind1=" " ind2=" ">
        <subfield code="a">قائمة الوثائق/ اللجنة الفنية الاجتماع الثاني بيروت 3-4 تشرين الثاني/نوفمبر 2008</subfield>
    </datafield>
    <datafield tag="269" ind1=" " ind2=" ">
        <subfield code="a">20081024</subfield>
    </datafield>
    <datafield tag="650" ind1=" " ind2=" ">
        <subfield code="a">CONFERENCES</subfield>
        <subfield code="0">(DHLAUTH)275758</subfield>
    </datafield>
    <datafield tag="650" ind1=" " ind2=" ">
        <subfield code="a">DOCUMENTS</subfield>
        <subfield code="0">(DHLAUTH)270014</subfield>
    </datafield>
    <datafield tag="650" ind1=" " ind2=" ">
        <subfield code="a">WESTERN ASIA</subfield>
        <subfield code="0">(DHLAUTH)275490</subfield>
    </datafield>
</record>
<record>
    <datafield tag="191" ind1=" " ind2=" ">
        <subfield code="a">E/ESCWA/2009/C.3/3</subfield>
    </datafield>
    <datafield tag="246" ind1=" " ind2=" ">
        <subfield code="a">الاولويات الاقليمية والعالمية: الازمة المالية والامن الغذائي وتغير المناخ</subfield>
    </datafield>
    <datafield tag="269" ind1=" " ind2=" ">
        <subfield code="a">20090617</subfield>
    </datafield>
    <datafield tag="650" ind1=" " ind2=" ">
        <subfield code="a">CONFERENCES</subfield>
        <subfield code="0">(DHLAUTH)275758</subfield>
    </datafield>
    <datafield tag="650" ind1=" " ind2=" ">
        <subfield code="a">WESTERN ASIA</subfield>
        <subfield code="0">(DHLAUTH)275490</subfield>
    </datafield>
    <datafield tag="650" ind1=" " ind2=" ">
        <subfield code="a">FINANCIAL CRISIS</subfield>
        <subfield code="0">(DHLAUTH)275770</subfield>
    </datafield>
    <datafield tag="650" ind1=" " ind2=" ">
        <subfield code="a">FOOD SECURITY</subfield>
        <subfield code="0">(DHLAUTH)273653</subfield>
    </datafield>
    <datafield tag="650" ind1=" " ind2=" ">
        <subfield code="a">CLIMATE CHANGE</subfield>
        <subfield code="0">(DHLAUTH)275343</subfield>
    </datafield>
</record>
<record>
    <datafield tag="191" ind1=" " ind2=" ">
        <subfield code="a">E/ESCWA/2009/C.3/4</subfield>
    </datafield>
    <datafield tag="246" ind1=" " ind2=" ">
        <subfield code="a">تعزيز العلاقات بين الامانة التنفيذية والبلدان الاعضاء/ اللجنة الفنية الاجتماع الثالث بيروت 21-22 تموز 2009</subfield>
    </datafield>
    <datafield tag="269" ind1=" " ind2=" ">
        <subfield code="a">20090609</subfield>
    </datafield>
    <datafield tag="650" ind1=" " ind2=" ">
        <subfield code="a">WESTERN ASIA</subfield>
        <subfield code="0">(DHLAUTH)275490</subfield>
    </datafield>
    <datafield tag="650" ind1=" " ind2=" ">
        <subfield code="a">CONFERENCES</subfield>
        <subfield code="0">(DHLAUTH)275758</subfield>
    </datafield>
    <datafield tag="650" ind1=" " ind2=" ">
        <subfield code="a">MEMBERS</subfield>
        <subfield code="0">(DHLAUTH)275782</subfield>
    </datafield>
</record>
<record>
    <datafield tag="191" ind1=" " ind2=" ">
        <subfield code="a">E/ESCWA/2009/C.3/5</subfield>
    </datafield>
    <datafield tag="246" ind1=" " ind2=" ">
        <subfield code="a">التقدم المحرز في عمل الامانة التنفيذية/ اللجنة الفنية الاجتماع الثالث بيروت 21-22 تموز 2009</subfield>
    </datafield>
    <datafield tag="269" ind1=" " ind2=" ">
        <subfield code="a">20090609</subfield>
    </datafield>
    <datafield tag="650" ind1=" " ind2=" ">
        <subfield code="a">WESTERN ASIA</subfield>
        <subfield code="0">(DHLAUTH)275490</subfield>
    </datafield>
    <datafield tag="650" ind1=" " ind2=" ">
        <subfield code="a">CONFERENCES</subfield>
        <subfield code="0">(DHLAUTH)275758</subfield>
    </datafield>
    <datafield tag="650" ind1=" " ind2=" ">
        <subfield code="a">PROGRAMME IMPLEMENTATION</subfield>
        <subfield code="0">(DHLAUTH)275794</subfield>
    </datafield>
    <datafield tag="650" ind1=" " ind2=" ">
        <subfield code="a">OPERATIONAL ACTIVITIES</subfield>
        <subfield code="0">(DHLAUTH)269992</subfield>
    </datafield>
</record>
<record>
    <datafield tag="191" ind1=" " ind2=" ">
        <subfield code="a">E/ESCWA/2009/C.3/5(PARTII)</subfield>
    </datafield>
    <datafield tag="246" ind1=" " ind2=" ">
        <subfield code="a">التقدم المحرز في عمل الامانة التنفيذية : الانشطة الرئيسية المخطط تنفيذها حتى نهاية عام 2009</subfield>
    </datafield>
    <datafield tag="269" ind1=" " ind2=" ">
        <subfield code="a">20090609</subfield>
    </datafield>
    <datafield tag="650" ind1=" " ind2=" ">
        <subfield code="a">WESTERN ASIA</subfield>
        <subfield code="0">(DHLAUTH)275490</subfield>
    </datafield>
    <datafield tag="650" ind1=" " ind2=" ">
        <subfield code="a">CONFERENCES</subfield>
        <subfield code="0">(DHLAUTH)275758</subfield>
    </datafield>
    <datafield tag="650" ind1=" " ind2=" ">
        <subfield code="a">OPERATIONAL ACTIVITIES</subfield>
        <subfield code="0">(DHLAUTH)269992</subfield>
    </datafield>
    <datafield tag="650" ind1=" " ind2=" ">
        <subfield code="a">WOMEN</subfield>
        <subfield code="0">(DHLAUTH)273032</subfield>
    </datafield>
    <datafield tag="650" ind1=" " ind2=" ">
        <subfield code="a">YOUTH</subfield>
        <subfield code="0">(DHLAUTH)269401</subfield>
    </datafield>
    <datafield tag="650" ind1=" " ind2=" ">
        <subfield code="a">SOCIAL DEVELOPMENT</subfield>
        <subfield code="0">(DHLAUTH)269873</subfield>
    </datafield>
    <datafield tag="650" ind1=" " ind2=" ">
        <subfield code="a">AGENDA</subfield>
        <subfield code="0">(DHLAUTH)275133</subfield>
    </datafield>
</record>
<record>
    <datafield tag="191" ind1=" " ind2=" ">
        <subfield code="a">E/ESCWA/2009/C.3/5(PARTI)</subfield>
    </datafield>
    <datafield tag="246" ind1=" " ind2=" ">
        <subfield code="a">التقدم المحرز في عمل الامانة التنفيذية : الانشطة الرئيسية التي نفذت منذ تشرين الثاني/نوفمبر 2008</subfield>
    </datafield>
    <datafield tag="269" ind1=" " ind2=" ">
        <subfield code="a">20090609</subfield>
    </datafield>
    <datafield tag="650" ind1=" " ind2=" ">
        <subfield code="a">WESTERN ASIA</subfield>
        <subfield code="0">(DHLAUTH)275490</subfield>
    </datafield>
    <datafield tag="650" ind1=" " ind2=" ">
        <subfield code="a">CONFERENCES</subfield>
        <subfield code="0">(DHLAUTH)275758</subfield>
    </datafield>
    <datafield tag="650" ind1=" " ind2=" ">
        <subfield code="a">PROGRAMME IMPLEMENTATION</subfield>
        <subfield code="0">(DHLAUTH)275794</subfield>
    </datafield>
    <datafield tag="650" ind1=" " ind2=" ">
        <subfield code="a">OPERATIONAL ACTIVITIES</subfield>
        <subfield code="0">(DHLAUTH)269992</subfield>
    </datafield>
    <datafield tag="650" ind1=" " ind2=" ">
        <subfield code="a">WATER RESOURCES</subfield>
        <subfield code="0">(DHLAUTH)270568</subfield>
    </datafield>
    <datafield tag="650" ind1=" " ind2=" ">
        <subfield code="a">TRANSPORT</subfield>
        <subfield code="0">(DHLAUTH)272243</subfield>
    </datafield>
    <datafield tag="650" ind1=" " ind2=" ">
        <subfield code="a">FINANCIAL CRISIS</subfield>
        <subfield code="0">(DHLAUTH)275770</subfield>
    </datafield>
    <datafield tag="650" ind1=" " ind2=" ">
        <subfield code="a">INFORMATION SOCIETY</subfield>
        <subfield code="0">(DHLAUTH)612610</subfield>
    </datafield>
    <datafield tag="650" ind1=" " ind2=" ">
        <subfield code="a">TRADE LIBERALIZATION</subfield>
        <subfield code="0">(DHLAUTH)272834</subfield>
    </datafield>
</record>
<record>
    <datafield tag="191" ind1=" " ind2=" ">
        <subfield code="a">E/ESCWA/2009/C.3/INF.1</subfield>
    </datafield>
    <datafield tag="246" ind1=" " ind2=" ">
        <subfield code="a">قائمة الوثائق/ اللجنة الفنية الاجتماع الثالث بيروت 21-22 تموز 2009</subfield>
    </datafield>
    <datafield tag="269" ind1=" " ind2=" ">
        <subfield code="a">20090609</subfield>
    </datafield>
    <datafield tag="650" ind1=" " ind2=" ">
        <subfield code="a">WESTERN ASIA</subfield>
        <subfield code="0">(DHLAUTH)275490</subfield>
    </datafield>
    <datafield tag="650" ind1=" " ind2=" ">
        <subfield code="a">CONFERENCES</subfield>
        <subfield code="0">(DHLAUTH)275758</subfield>
    </datafield>
    <datafield tag="650" ind1=" " ind2=" ">
        <subfield code="a">DOCUMENTS</subfield>
        <subfield code="0">(DHLAUTH)270014</subfield>
    </datafield>
</record>
<record>
    <datafield tag="191" ind1=" " ind2=" ">
        <subfield code="a">E/ESCWA/2010/C.4/9/REPORT</subfield>
    </datafield>
    <datafield tag="246" ind1=" " ind2=" ">
        <subfield code="a">تقرير اللجنة الفنية عن اجتماعها الرابع بيروت 26-27 كانون الثاني/ يناير 2010</subfield>
    </datafield>
    <datafield tag="269" ind1=" " ind2=" ">
        <subfield code="a">20100203</subfield>
    </datafield>
    <datafield tag="650" ind1=" " ind2=" ">
        <subfield code="a">WESTERN ASIA</subfield>
        <subfield code="0">(DHLAUTH)275490</subfield>
    </datafield>
    <datafield tag="650" ind1=" " ind2=" ">
        <subfield code="a">CONFERENCES</subfield>
        <subfield code="0">(DHLAUTH)275758</subfield>
    </datafield>
    <datafield tag="650" ind1=" " ind2=" ">
        <subfield code="a">CLIMATE CHANGE</subfield>
        <subfield code="0">(DHLAUTH)275343</subfield>
    </datafield>
    <datafield tag="650" ind1=" " ind2=" ">
        <subfield code="a">RECOMMENDATIONS</subfield>
        <subfield code="0">(DHLAUTH)275840</subfield>
    </datafield>
    <datafield tag="650" ind1=" " ind2=" ">
        <subfield code="a">FOOD SECURITY</subfield>
        <subfield code="0">(DHLAUTH)273653</subfield>
    </datafield>
    <datafield tag="650" ind1=" " ind2=" ">
        <subfield code="a">EMPOWERMENT</subfield>
        <subfield code="0">(DHLAUTH)469874</subfield>
    </datafield>
    <datafield tag="650" ind1=" " ind2=" ">
        <subfield code="a">WOMEN</subfield>
        <subfield code="0">(DHLAUTH)273032</subfield>
    </datafield>
    <datafield tag="650" ind1=" " ind2=" ">
        <subfield code="a">WORK ORGANIZATION</subfield>
        <subfield code="0">(DHLAUTH)275746</subfield>
    </datafield>
</record>
<record>
    <datafield tag="191" ind1=" " ind2=" ">
        <subfield code="a">E/ESCWA/2013/REPORT</subfield>
    </datafield>
    <datafield tag="245" ind1=" " ind2=" ">
        <subfield code="a">THE BROKEN CYCLE: UNIVERSITIES, RESEARCH AND SOCIETY IN THE ARAB REGION : PROPOSALS FOR CHANGE</subfield>
    </datafield>
    <datafield tag="246" ind1=" " ind2=" ">
        <subfield code="a">الحلقة المفقودة بين الجامعات والبحوث والمجتمع في المنطقة العربية : مقترحات للتغيير</subfield>
    </datafield>
    <datafield tag="269" ind1=" " ind2=" ">
        <subfield code="a">20141001</subfield>
    </datafield>
    <datafield tag="650" ind1=" " ind2=" ">
        <subfield code="a">PUBLICATIONS</subfield>
        <subfield code="0">(DHLAUTH)270013</subfield>
    </datafield>
    <datafield tag="650" ind1=" " ind2=" ">
        <subfield code="a">PUBLISHING</subfield>
        <subfield code="0">(DHLAUTH)272407</subfield>
    </datafield>
    <datafield tag="650" ind1=" " ind2=" ">
        <subfield code="a">SCIENTIFIC RESEARCH</subfield>
        <subfield code="0">(DHLAUTH)270603</subfield>
    </datafield>
    <datafield tag="650" ind1=" " ind2=" ">
        <subfield code="a">KNOWLEDGE MANAGEMENT</subfield>
        <subfield code="0">(DHLAUTH)551429</subfield>
    </datafield>
    <datafield tag="650" ind1=" " ind2=" ">
        <subfield code="a">INNOVATIONS</subfield>
        <subfield code="0">(DHLAUTH)271352</subfield>
    </datafield>
    <datafield tag="650" ind1=" " ind2=" ">
        <subfield code="a">INTERNATIONAL COOPERATION</subfield>
        <subfield code="0">(DHLAUTH)268622</subfield>
    </datafield>
    <datafield tag="650" ind1=" " ind2=" ">
        <subfield code="a">SCIENTIFIC COOPERATION</subfield>
        <subfield code="0">(DHLAUTH)268657</subfield>
    </datafield>
    <datafield tag="650" ind1=" " ind2=" ">
        <subfield code="a">ARAB COUNTRIES</subfield>
        <subfield code="0">(DHLAUTH)268705</subfield>
    </datafield>
    <datafield tag="650" ind1=" " ind2=" ">
        <subfield code="a">UNIVERSITY COOPERATION</subfield>
        <subfield code="0">(DHLAUTH)274027</subfield>
    </datafield>
    <datafield tag="650" ind1=" " ind2=" ">
        <subfield code="a">SOCIAL SCIENCES</subfield>
        <subfield code="0">(DHLAUTH)269598</subfield>
    </datafield>
    <datafield tag="650" ind1=" " ind2=" ">
        <subfield code="a">UNIVERSITIES AND COLLEGES</subfield>
        <subfield code="0">(DHLAUTH)273940</subfield>
    </datafield>
    <datafield tag="650" ind1=" " ind2=" ">
        <subfield code="a">HIGHER EDUCATION</subfield>
        <subfield code="0">(DHLAUTH)273997</subfield>
    </datafield>
    <datafield tag="650" ind1=" " ind2=" ">
        <subfield code="a">RESEARCH AND DEVELOPMENT</subfield>
        <subfield code="0">(DHLAUTH)271949</subfield>
    </datafield>
    <datafield tag="650" ind1=" " ind2=" ">
        <subfield code="a">HUMAN DEVELOPMENT</subfield>
        <subfield code="0">(DHLAUTH)276688</subfield>
    </datafield>
</record>
<record>
    <datafield tag="191" ind1=" " ind2=" ">
        <subfield code="a">E/ESCWA/2015/EC.1/3</subfield>
    </datafield>
    <datafield tag="246" ind1=" " ind2=" ">
        <subfield code="a">قضايا المتابعة : اللجنة الاقتصادية والاجتماعية لغربي آسيا (الاسكوا)، اللجنة التنفيذية، الاجتماع الاول، عمان، 8 - 9 حزيران/يونيو 2015</subfield>
    </datafield>
    <datafield tag="269" ind1=" " ind2=" ">
        <subfield code="a">20150528</subfield>
    </datafield>
    <datafield tag="650" ind1=" " ind2=" ">
        <subfield code="a">REGIONAL COMMISSIONS</subfield>
        <subfield code="0">(DHLAUTH)269969</subfield>
    </datafield>
    <datafield tag="650" ind1=" " ind2=" ">
        <subfield code="a">EXECUTIVE ADVISORY BODIES</subfield>
        <subfield code="0">(DHLAUTH)268357</subfield>
    </datafield>
    <datafield tag="650" ind1=" " ind2=" ">
        <subfield code="a">CONFERENCES</subfield>
        <subfield code="0">(DHLAUTH)275758</subfield>
    </datafield>
    <datafield tag="650" ind1=" " ind2=" ">
        <subfield code="a">INTERGOVERNMENTAL BODIES</subfield>
        <subfield code="0">(DHLAUTH)275766</subfield>
    </datafield>
    <datafield tag="650" ind1=" " ind2=" ">
        <subfield code="a">ARAB COUNTRIES</subfield>
        <subfield code="0">(DHLAUTH)268705</subfield>
    </datafield>
    <datafield tag="650" ind1=" " ind2=" ">
        <subfield code="a">TECHNICAL COOPERATION</subfield>
        <subfield code="0">(DHLAUTH)268658</subfield>
    </datafield>
</record>
<record>
    <datafield tag="191" ind1=" " ind2=" ">
        <subfield code="a">E/ESCWA/S-5/1</subfield>
    </datafield>
    <datafield tag="191" ind1=" " ind2=" ">
        <subfield code="a">E/ESCWA/2015/EC.1/4</subfield>
    </datafield>
    <datafield tag="246" ind1=" " ind2=" ">
        <subfield code="a">النظر في طلب الجمهورية الاسلامية الموريتانية الانضمام الى عضوية اللجنة : اللجنة الاقتصادية والاجتماعية لغربي آسيا (الاسكوا)، الدورة الاستثنائية الخامسة للجنة، عمان، 8 - 9 حزيران/يونيو 2015</subfield>
    </datafield>
    <datafield tag="269" ind1=" " ind2=" ">
        <subfield code="a">20150520</subfield>
    </datafield>
    <datafield tag="650" ind1=" " ind2=" ">
        <subfield code="a">REGIONAL COMMISSIONS</subfield>
        <subfield code="0">(DHLAUTH)269969</subfield>
    </datafield>
    <datafield tag="650" ind1=" " ind2=" ">
        <subfield code="a">EXECUTIVE ADVISORY BODIES</subfield>
        <subfield code="0">(DHLAUTH)268357</subfield>
    </datafield>
    <datafield tag="650" ind1=" " ind2=" ">
        <subfield code="a">CONFERENCES</subfield>
        <subfield code="0">(DHLAUTH)275758</subfield>
    </datafield>
    <datafield tag="650" ind1=" " ind2=" ">
        <subfield code="a">MEMBERS</subfield>
        <subfield code="0">(DHLAUTH)275782</subfield>
    </datafield>
    <datafield tag="650" ind1=" " ind2=" ">
        <subfield code="a">ADVISORY SERVICES</subfield>
        <subfield code="0">(DHLAUTH)269860</subfield>
    </datafield>
    <datafield tag="650" ind1=" " ind2=" ">
        <subfield code="a">ARAB COUNTRIES</subfield>
        <subfield code="0">(DHLAUTH)268705</subfield>
    </datafield>
    <datafield tag="650" ind1=" " ind2=" ">
        <subfield code="a">TECHNICAL COOPERATION</subfield>
        <subfield code="0">(DHLAUTH)268658</subfield>
    </datafield>
    <datafield tag="650" ind1=" " ind2=" ">
        <subfield code="a">MAURITANIA</subfield>
        <subfield code="0">(DHLAUTH)273407</subfield>
    </datafield>
</record>
<record>
    <datafield tag="191" ind1=" " ind2=" ">
        <subfield code="a">E/ESCWA/2015/EC.1/5</subfield>
    </datafield>
    <datafield tag="246" ind1=" " ind2=" ">
        <subfield code="a">القضايا الاقليمية والعالمية : اللجنة التنفيذية، الاجتماع الاول، عمان، 8 -9 حزيران/يونيو 2015</subfield>
    </datafield>
    <datafield tag="269" ind1=" " ind2=" ">
        <subfield code="a">20150528</subfield>
    </datafield>
    <datafield tag="650" ind1=" " ind2=" ">
        <subfield code="a">PALESTINE QUESTION</subfield>
        <subfield code="0">(DHLAUTH)268363</subfield>
    </datafield>
    <datafield tag="650" ind1=" " ind2=" ">
        <subfield code="a">DEVELOPMENT FINANCE</subfield>
        <subfield code="0">(DHLAUTH)269876</subfield>
    </datafield>
    <datafield tag="650" ind1=" " ind2=" ">
        <subfield code="a">CLIMATE CHANGE</subfield>
        <subfield code="0">(DHLAUTH)275343</subfield>
    </datafield>
    <datafield tag="650" ind1=" " ind2=" ">
        <subfield code="a">WOMEN'S ADVANCEMENT</subfield>
        <subfield code="0">(DHLAUTH)273158</subfield>
    </datafield>
    <datafield tag="650" ind1=" " ind2=" ">
        <subfield code="a">INTERGOVERNMENTAL BODIES</subfield>
        <subfield code="0">(DHLAUTH)275766</subfield>
    </datafield>
    <datafield tag="650" ind1=" " ind2=" ">
        <subfield code="a">REGIONAL COMMISSIONS</subfield>
        <subfield code="0">(DHLAUTH)269969</subfield>
    </datafield>
    <datafield tag="650" ind1=" " ind2=" ">
        <subfield code="a">WESTERN ASIA</subfield>
        <subfield code="0">(DHLAUTH)275490</subfield>
    </datafield>
    <datafield tag="650" ind1=" " ind2=" ">
        <subfield code="a">ARAB COUNTRIES</subfield>
        <subfield code="0">(DHLAUTH)268705</subfield>
    </datafield>
    <datafield tag="650" ind1=" " ind2=" ">
        <subfield code="a">CONFERENCES</subfield>
        <subfield code="0">(DHLAUTH)275758</subfield>
    </datafield>
</record>
<record>
    <datafield tag="191" ind1=" " ind2=" ">
        <subfield code="a">E/ESCWA/2015/EC.1/7</subfield>
    </datafield>
    <datafield tag="246" ind1=" " ind2=" ">
        <subfield code="a">تقارير الهيئات الفرعية للجنة عن دوراتها : اللجنة الاقتصادية والاجتماعية لغربي آسيا (الاسكوا)، اللجنة التنفيذية، الاجتماع الاول، عمان، 8 - 9 حزيران/يونيو 2015</subfield>
    </datafield>
    <datafield tag="269" ind1=" " ind2=" ">
        <subfield code="a">20150528</subfield>
    </datafield>
    <datafield tag="650" ind1=" " ind2=" ">
        <subfield code="a">REGIONAL COMMISSIONS</subfield>
        <subfield code="0">(DHLAUTH)269969</subfield>
    </datafield>
    <datafield tag="650" ind1=" " ind2=" ">
        <subfield code="a">EXECUTIVE ADVISORY BODIES</subfield>
        <subfield code="0">(DHLAUTH)268357</subfield>
    </datafield>
    <datafield tag="650" ind1=" " ind2=" ">
        <subfield code="a">CONFERENCES</subfield>
        <subfield code="0">(DHLAUTH)275758</subfield>
    </datafield>
    <datafield tag="650" ind1=" " ind2=" ">
        <subfield code="a">INTERGOVERNMENTAL BODIES</subfield>
        <subfield code="0">(DHLAUTH)275766</subfield>
    </datafield>
    <datafield tag="650" ind1=" " ind2=" ">
        <subfield code="a">ARAB COUNTRIES</subfield>
        <subfield code="0">(DHLAUTH)268705</subfield>
    </datafield>
</record>
<record>
    <datafield tag="191" ind1=" " ind2=" ">
        <subfield code="a">E/ESCWA/2015/EC.1/INF.2</subfield>
    </datafield>
    <datafield tag="246" ind1=" " ind2=" ">
        <subfield code="a">قائمة مؤقتة بالوثائق : اللجنة الاقتصادية والاجتماعية لغربي آسيا (الاسكوا)، اللجنة التنفيذية، الاجتماع الاول، عمان، 8 - 9 حزيران/يونيو 2015</subfield>
    </datafield>
    <datafield tag="269" ind1=" " ind2=" ">
        <subfield code="a">20150304</subfield>
    </datafield>
    <datafield tag="650" ind1=" " ind2=" ">
        <subfield code="a">REGIONAL COMMISSIONS</subfield>
        <subfield code="0">(DHLAUTH)269969</subfield>
    </datafield>
    <datafield tag="650" ind1=" " ind2=" ">
        <subfield code="a">EXECUTIVE ADVISORY BODIES</subfield>
        <subfield code="0">(DHLAUTH)268357</subfield>
    </datafield>
    <datafield tag="650" ind1=" " ind2=" ">
        <subfield code="a">CONFERENCES</subfield>
        <subfield code="0">(DHLAUTH)275758</subfield>
    </datafield>
    <datafield tag="650" ind1=" " ind2=" ">
        <subfield code="a">INTERGOVERNMENTAL BODIES</subfield>
        <subfield code="0">(DHLAUTH)275766</subfield>
    </datafield>
    <datafield tag="650" ind1=" " ind2=" ">
        <subfield code="a">ARAB COUNTRIES</subfield>
        <subfield code="0">(DHLAUTH)268705</subfield>
    </datafield>
    <datafield tag="650" ind1=" " ind2=" ">
        <subfield code="a">DOCUMENTS</subfield>
        <subfield code="0">(DHLAUTH)270014</subfield>
    </datafield>
</record>
<record>
    <datafield tag="191" ind1=" " ind2=" ">
        <subfield code="a">E/ESCWA/2015/EC.1/L.2</subfield>
    </datafield>
    <datafield tag="245" ind1=" " ind2=" ">
        <subfield code="a">ORGANIZATION OF WORK : NOTE BY THE SECRETARIAT : ECONOMIC AND SOCIAL COMMISSION FOR WESTERN ASIA (ESCWA), EXECUTIVE COMMITTEE FIRST MEETING, AMMAN, 8-9 JUNE 2015 </subfield>
    </datafield>
    <datafield tag="246" ind1=" " ind2=" ">
        <subfield code="a">تنظيم الاعمال : مذكرة من الامانة التنفيذية : اللجنة الاقتصادية والاجتماعية لغربي آسيا (الاسكوا)، اللجنة التنفيذية، الاجتماع الاول، عمان، 8-9 حزيران/يونيو 2015</subfield>
    </datafield>
    <datafield tag="269" ind1=" " ind2=" ">
        <subfield code="a">20150311</subfield>
    </datafield>
    <datafield tag="650" ind1=" " ind2=" ">
        <subfield code="a">EXECUTIVE ADVISORY BODIES</subfield>
        <subfield code="0">(DHLAUTH)268357</subfield>
    </datafield>
    <datafield tag="650" ind1=" " ind2=" ">
        <subfield code="a">CONFERENCES</subfield>
        <subfield code="0">(DHLAUTH)275758</subfield>
    </datafield>
    <datafield tag="650" ind1=" " ind2=" ">
        <subfield code="a">WORK ORGANIZATION</subfield>
        <subfield code="0">(DHLAUTH)275746</subfield>
    </datafield>
    <datafield tag="650" ind1=" " ind2=" ">
        <subfield code="a">INTERGOVERNMENTAL BODIES</subfield>
        <subfield code="0">(DHLAUTH)275766</subfield>
    </datafield>
    <datafield tag="650" ind1=" " ind2=" ">
        <subfield code="a">ARAB COUNTRIES</subfield>
        <subfield code="0">(DHLAUTH)268705</subfield>
    </datafield>
    <datafield tag="650" ind1=" " ind2=" ">
        <subfield code="a">TECHNICAL COOPERATION</subfield>
        <subfield code="0">(DHLAUTH)268658</subfield>
    </datafield>
</record>
<record>
    <datafield tag="191" ind1=" " ind2=" ">
        <subfield code="a">E/ESCWA/2016/TOR</subfield>
    </datafield>
    <datafield tag="245" ind1=" " ind2=" ">
        <subfield code="a">TERMS OF REFERENCE AND RULES OF PROCEDURE OF THE ECONOMIC AND SOCIAL COMMISSION FOR WESTERN ASIA</subfield>
    </datafield>
    <datafield tag="246" ind1=" " ind2=" ">
        <subfield code="a">صلاحيات اللجنة الاقتصادية والاجتماعية لغربي آسيا ونظامها الداخلي</subfield>
    </datafield>
    <datafield tag="269" ind1=" " ind2=" ">
        <subfield code="a">20161130</subfield>
    </datafield>
    <datafield tag="650" ind1=" " ind2=" ">
        <subfield code="a">REGIONAL COMMISSIONS</subfield>
        <subfield code="0">(DHLAUTH)269969</subfield>
    </datafield>
    <datafield tag="650" ind1=" " ind2=" ">
        <subfield code="a">TERMS OF REFERENCE</subfield>
        <subfield code="0">(DHLAUTH)268319</subfield>
    </datafield>
    <datafield tag="650" ind1=" " ind2=" ">
        <subfield code="a">WESTERN ASIA</subfield>
        <subfield code="0">(DHLAUTH)275490</subfield>
    </datafield>
    <datafield tag="650" ind1=" " ind2=" ">
        <subfield code="a">RULES OF PROCEDURE</subfield>
        <subfield code="0">(DHLAUTH)268454</subfield>
    </datafield>
</record>
<record>
    <datafield tag="191" ind1=" " ind2=" ">
        <subfield code="a">E/ESCWA/2017/EC.3/3</subfield>
    </datafield>
    <datafield tag="245" ind1=" " ind2=" ">
        <subfield code="a">FOLLOW-UP ISSUES : ECONOMIC AND SOCIAL COMMISSION FOR WESTERN ASIA (ESCWA), EXECUTIVE COMMITTEE, THIRD MEETING, RABAT, 6 - 7 MAY 2017</subfield>
    </datafield>
    <datafield tag="246" ind1=" " ind2=" ">
        <subfield code="a">قضايا المتابعة : اللجنة الاقتصادية والاجتماعية لغربي آىسيا (الاسكوا)، اللجنة التنفيذية، الاجتماع الثالث، الرباط، 6 - 7 ايار/مايو 2017</subfield>
    </datafield>
    <datafield tag="269" ind1=" " ind2=" ">
        <subfield code="a">20170503</subfield>
    </datafield>
    <datafield tag="650" ind1=" " ind2=" ">
        <subfield code="a">EXECUTIVE ADVISORY BODIES</subfield>
        <subfield code="0">(DHLAUTH)268357</subfield>
    </datafield>
    <datafield tag="650" ind1=" " ind2=" ">
        <subfield code="a">FOLLOW-UP PROCEDURES</subfield>
        <subfield code="0">(DHLAUTH)657513</subfield>
    </datafield>
    <datafield tag="650" ind1=" " ind2=" ">
        <subfield code="a">REGIONAL COMMISSIONS</subfield>
        <subfield code="0">(DHLAUTH)269969</subfield>
    </datafield>
    <datafield tag="650" ind1=" " ind2=" ">
        <subfield code="a">WESTERN ASIA</subfield>
        <subfield code="0">(DHLAUTH)275490</subfield>
    </datafield>
    <datafield tag="650" ind1=" " ind2=" ">
        <subfield code="a">ARAB COUNTRIES</subfield>
        <subfield code="0">(DHLAUTH)268705</subfield>
    </datafield>
    <datafield tag="650" ind1=" " ind2=" ">
        <subfield code="a">CONFERENCES</subfield>
        <subfield code="0">(DHLAUTH)275758</subfield>
    </datafield>
</record>
<record>
    <datafield tag="191" ind1=" " ind2=" ">
        <subfield code="a">E/ESCWA/2017/EC.3/3 (PART II)</subfield>
    </datafield>
    <datafield tag="246" ind1=" " ind2=" ">
        <subfield code="a">قضايا المتابعة : تنفيذ اعلان الدوحة بشأن تنفيذ خطة التنمية المستدامة لعام 2030 في الدول العربية والقرارات الصادرة عن الدورة الوزارية التاسعة والعشرين للاسكوا</subfield>
    </datafield>
    <datafield tag="269" ind1=" " ind2=" ">
        <subfield code="a">20170427</subfield>
    </datafield>
    <datafield tag="650" ind1=" " ind2=" ">
        <subfield code="a">EXECUTIVE ADVISORY BODIES</subfield>
        <subfield code="0">(DHLAUTH)268357</subfield>
    </datafield>
    <datafield tag="650" ind1=" " ind2=" ">
        <subfield code="a">SUSTAINABLE DEVELOPMENT</subfield>
        <subfield code="0">(DHLAUTH)269920</subfield>
    </datafield>
    <datafield tag="650" ind1=" " ind2=" ">
        <subfield code="a">YOUTH POLICY</subfield>
        <subfield code="0">(DHLAUTH)515891</subfield>
    </datafield>
    <datafield tag="650" ind1=" " ind2=" ">
        <subfield code="a">GENDER DISCRIMINATION</subfield>
        <subfield code="0">(DHLAUTH)273133</subfield>
    </datafield>
    <datafield tag="650" ind1=" " ind2=" ">
        <subfield code="a">GENDER EQUALITY</subfield>
        <subfield code="0">(DHLAUTH)441178</subfield>
    </datafield>
    <datafield tag="650" ind1=" " ind2=" ">
        <subfield code="a">WOMEN'S RIGHTS</subfield>
        <subfield code="0">(DHLAUTH)273161</subfield>
    </datafield>
    <datafield tag="650" ind1=" " ind2=" ">
        <subfield code="a">POLITICAL PARTICIPATION</subfield>
        <subfield code="0">(DHLAUTH)268475</subfield>
    </datafield>
    <datafield tag="650" ind1=" " ind2=" ">
        <subfield code="a">CAPACITY BUILDING</subfield>
        <subfield code="0">(DHLAUTH)276636</subfield>
    </datafield>
    <datafield tag="650" ind1=" " ind2=" ">
        <subfield code="a">SOCIAL JUSTICE</subfield>
        <subfield code="0">(DHLAUTH)270080</subfield>
    </datafield>
    <datafield tag="650" ind1=" " ind2=" ">
        <subfield code="a">PALESTINIANS</subfield>
        <subfield code="0">(DHLAUTH)269084</subfield>
    </datafield>
    <datafield tag="650" ind1=" " ind2=" ">
        <subfield code="a">RESOLUTIONS AND DECISIONS</subfield>
        <subfield code="0">(DHLAUTH)275677</subfield>
    </datafield>
    <datafield tag="650" ind1=" " ind2=" ">
        <subfield code="a">WESTERN ASIA</subfield>
        <subfield code="0">(DHLAUTH)275490</subfield>
    </datafield>
    <datafield tag="650" ind1=" " ind2=" ">
        <subfield code="a">ARAB COUNTRIES</subfield>
        <subfield code="0">(DHLAUTH)268705</subfield>
    </datafield>
    <datafield tag="650" ind1=" " ind2=" ">
        <subfield code="a">CONFERENCES</subfield>
        <subfield code="0">(DHLAUTH)275758</subfield>
    </datafield>
</record>
<record>
    <datafield tag="191" ind1=" " ind2=" ">
        <subfield code="a">E/ESCWA/2017/EC.3/3(PART I)</subfield>
    </datafield>
    <datafield tag="246" ind1=" " ind2=" ">
        <subfield code="a">قضايا المتابعة : تنقذ التوصيات الصادرة عن اللجنة التنفيذية في اجتماعها الثاني : اللجنة الاقتصادية والاجتماعية لغربي آىسيا (الاسكوا)، اللجنة التنفيذية، الاجتماع الثالث، الرباط، 6 - 7 ايار/مايو 2017</subfield>
    </datafield>
    <datafield tag="269" ind1=" " ind2=" ">
        <subfield code="a">20170427</subfield>
    </datafield>
    <datafield tag="650" ind1=" " ind2=" ">
        <subfield code="a">EXECUTIVE ADVISORY BODIES</subfield>
        <subfield code="0">(DHLAUTH)268357</subfield>
    </datafield>
    <datafield tag="650" ind1=" " ind2=" ">
        <subfield code="a">PROGRAMME IMPLEMENTATION</subfield>
        <subfield code="0">(DHLAUTH)275794</subfield>
    </datafield>
    <datafield tag="650" ind1=" " ind2=" ">
        <subfield code="a">REGIONAL COMMISSIONS</subfield>
        <subfield code="0">(DHLAUTH)269969</subfield>
    </datafield>
    <datafield tag="650" ind1=" " ind2=" ">
        <subfield code="a">RECOMMENDATIONS</subfield>
        <subfield code="0">(DHLAUTH)275840</subfield>
    </datafield>
    <datafield tag="650" ind1=" " ind2=" ">
        <subfield code="a">CONFERENCES</subfield>
        <subfield code="0">(DHLAUTH)275758</subfield>
    </datafield>
    <datafield tag="650" ind1=" " ind2=" ">
        <subfield code="a">WESTERN ASIA</subfield>
        <subfield code="0">(DHLAUTH)275490</subfield>
    </datafield>
    <datafield tag="650" ind1=" " ind2=" ">
        <subfield code="a">ARAB COUNTRIES</subfield>
        <subfield code="0">(DHLAUTH)268705</subfield>
    </datafield>
    <datafield tag="650" ind1=" " ind2=" ">
        <subfield code="a">ACTIVITIES</subfield>
        <subfield code="0">(DHLAUTH)275823</subfield>
    </datafield>
</record>
<record>
    <datafield tag="191" ind1=" " ind2=" ">
        <subfield code="a">E/ESCWA/2017/EC.3/4</subfield>
    </datafield>
    <datafield tag="245" ind1=" " ind2=" ">
        <subfield code="a">REGIONAL AND GLOBAL ISSUES : ECONOMIC AND SOCIAL COMMISSION FOR WESTERN ASIA (ESCWA), EXECUTIVE COMMITTEE, THIRD MEETING, RABAT, 6 - 7 MAY 2017</subfield>
    </datafield>
    <datafield tag="246" ind1=" " ind2=" ">
        <subfield code="a">القضايا الاقليمية والعالمية : اللجنة الاقتصادية والاجتماعية لغربي آسيا (الاسكوا)، اللجنة التنفيذية، الاجتماع الثالث، الرباط، 6 - 7 ايار/مايو 2017</subfield>
    </datafield>
    <datafield tag="269" ind1=" " ind2=" ">
        <subfield code="a">20170503</subfield>
    </datafield>
    <datafield tag="650" ind1=" " ind2=" ">
        <subfield code="a">EXECUTIVE ADVISORY BODIES</subfield>
        <subfield code="0">(DHLAUTH)268357</subfield>
    </datafield>
    <datafield tag="650" ind1=" " ind2=" ">
        <subfield code="a">REGIONAL COMMISSIONS</subfield>
        <subfield code="0">(DHLAUTH)269969</subfield>
    </datafield>
    <datafield tag="650" ind1=" " ind2=" ">
        <subfield code="a">WESTERN ASIA</subfield>
        <subfield code="0">(DHLAUTH)275490</subfield>
    </datafield>
    <datafield tag="650" ind1=" " ind2=" ">
        <subfield code="a">ARAB COUNTRIES</subfield>
        <subfield code="0">(DHLAUTH)268705</subfield>
    </datafield>
    <datafield tag="650" ind1=" " ind2=" ">
        <subfield code="a">REGIONAL PROGRAMMES</subfield>
        <subfield code="0">(DHLAUTH)273565</subfield>
    </datafield>
    <datafield tag="650" ind1=" " ind2=" ">
        <subfield code="a">CONFERENCES</subfield>
        <subfield code="0">(DHLAUTH)275758</subfield>
    </datafield>
</record>
<record>
    <datafield tag="191" ind1=" " ind2=" ">
        <subfield code="a">E/ESCWA/2017/EC.3/4 (PART III)</subfield>
    </datafield>
    <datafield tag="245" ind1=" " ind2=" ">
        <subfield code="a">REGIONAL AND GLOBAL ISSUES : FINANCING FOR DEVELOPMENT : PROGRESS REPORT ON THE IMPLEMENTATION OF THE ESCWA WORKPLAN : ECONOMIC AND SOCIAL COMMISSION FOR WESTERN ASIA (ESCWA), EXECUTIVE COMMITTEE, THIRD MEETING, RABAT, 6 - 7 MAY 2017</subfield>
    </datafield>
    <datafield tag="246" ind1=" " ind2=" ">
        <subfield code="a">القضايا العالمية والاقليمية : تمويل التنمية : تقرير مرحلي عن تنفيذ خطة عمل الاسكوا :  اللجنة الاقتصادية والاجتماعية لغربي آسيا (الاسكوا)، اللجنة التنفيذية، الاجتماع الثالث، الرباط، 6 - 7 ايار/مايو 2017</subfield>
    </datafield>
    <datafield tag="269" ind1=" " ind2=" ">
        <subfield code="a">20170427</subfield>
    </datafield>
    <datafield tag="650" ind1=" " ind2=" ">
        <subfield code="a">DEVELOPMENT FINANCE</subfield>
        <subfield code="0">(DHLAUTH)269876</subfield>
    </datafield>
    <datafield tag="650" ind1=" " ind2=" ">
        <subfield code="a">PROGRAMME IMPLEMENTATION</subfield>
        <subfield code="0">(DHLAUTH)275794</subfield>
    </datafield>
    <datafield tag="650" ind1=" " ind2=" ">
        <subfield code="a">PROJECT EVALUATION</subfield>
        <subfield code="0">(DHLAUTH)269591</subfield>
    </datafield>
    <datafield tag="650" ind1=" " ind2=" ">
        <subfield code="a">ECONOMIC DEVELOPMENT</subfield>
        <subfield code="0">(DHLAUTH)269755</subfield>
    </datafield>
    <datafield tag="650" ind1=" " ind2=" ">
        <subfield code="a">ECONOMIC INTEGRATION</subfield>
        <subfield code="0">(DHLAUTH)269761</subfield>
    </datafield>
    <datafield tag="650" ind1=" " ind2=" ">
        <subfield code="a">TECHNICAL COOPERATION</subfield>
        <subfield code="0">(DHLAUTH)268658</subfield>
    </datafield>
    <datafield tag="650" ind1=" " ind2=" ">
        <subfield code="a">REGIONAL COMMISSIONS</subfield>
        <subfield code="0">(DHLAUTH)269969</subfield>
    </datafield>
    <datafield tag="650" ind1=" " ind2=" ">
        <subfield code="a">WESTERN ASIA</subfield>
        <subfield code="0">(DHLAUTH)275490</subfield>
    </datafield>
    <datafield tag="650" ind1=" " ind2=" ">
        <subfield code="a">ARAB COUNTRIES</subfield>
        <subfield code="0">(DHLAUTH)268705</subfield>
    </datafield>
    <datafield tag="650" ind1=" " ind2=" ">
        <subfield code="a">EXECUTIVE ADVISORY BODIES</subfield>
        <subfield code="0">(DHLAUTH)268357</subfield>
    </datafield>
    <datafield tag="650" ind1=" " ind2=" ">
        <subfield code="a">CONFERENCES</subfield>
        <subfield code="0">(DHLAUTH)275758</subfield>
    </datafield>
</record>
<record>
    <datafield tag="191" ind1=" " ind2=" ">
        <subfield code="a">E/ESCWA/2017/EC.3/4 (PART II)</subfield>
    </datafield>
    <datafield tag="246" ind1=" " ind2=" ">
        <subfield code="a">القضايا العالمية والاقليمية : نتائج المؤتمر الثاني والعشرين للاطراف في اتفاقية الامم المتحدة الاطارية بشأن تغير المناخ : اللجنة الاقتصادية والاجتماعية لغربي آسيا (الاسكوا)، اللجنة التنفيذية، الاجتماع الثالث، الرباط، 6 - 7 ايار/مايو 2017</subfield>
    </datafield>
    <datafield tag="269" ind1=" " ind2=" ">
        <subfield code="a">20170410</subfield>
    </datafield>
    <datafield tag="650" ind1=" " ind2=" ">
        <subfield code="a">CLIMATE CHANGE</subfield>
        <subfield code="0">(DHLAUTH)275343</subfield>
    </datafield>
    <datafield tag="650" ind1=" " ind2=" ">
        <subfield code="a">TREATIES</subfield>
        <subfield code="0">(DHLAUTH)9632</subfield>
    </datafield>
    <datafield tag="650" ind1=" " ind2=" ">
        <subfield code="a">ARAB COUNTRIES</subfield>
        <subfield code="0">(DHLAUTH)268705</subfield>
    </datafield>
    <datafield tag="650" ind1=" " ind2=" ">
        <subfield code="a">CONFERENCES</subfield>
        <subfield code="0">(DHLAUTH)275758</subfield>
    </datafield>
    <datafield tag="650" ind1=" " ind2=" ">
        <subfield code="a">SUBSIDIARY BODIES</subfield>
        <subfield code="0">(DHLAUTH)275818</subfield>
    </datafield>
    <datafield tag="650" ind1=" " ind2=" ">
        <subfield code="a">REGIONAL COMMISSIONS</subfield>
        <subfield code="0">(DHLAUTH)269969</subfield>
    </datafield>
    <datafield tag="650" ind1=" " ind2=" ">
        <subfield code="a">WESTERN ASIA</subfield>
        <subfield code="0">(DHLAUTH)275490</subfield>
    </datafield>
</record>
<record>
    <datafield tag="191" ind1=" " ind2=" ">
        <subfield code="a">E/ESCWA/2017/EC.3/4 (PART IV)</subfield>
    </datafield>
    <datafield tag="245" ind1=" " ind2=" ">
        <subfield code="a">GLOBAL AND REGIONAL ISSUES : DIGITAL FUTURE OF THE ARAB REGION : ECONOMIC AND SOCIAL COMMISSION FOR WESTERN ASIA (ESCWA), EXECUTIVE COMMITTEE, THIRD MEETING, RABAT, 6 - 7 MAY 2017</subfield>
    </datafield>
    <datafield tag="246" ind1=" " ind2=" ">
        <subfield code="a">القضايا الاقليمية والعالمية : المستقبل الرقمي في العالم العربي : اللجنة الاقتصادية والاجتماعية لغربي آسيا (الاسكوا)، اللجنة التنفيذية، الاجتماع الثالث، الرباط، 6 - 7 ايار/مايو 2017</subfield>
    </datafield>
    <datafield tag="269" ind1=" " ind2=" ">
        <subfield code="a">20170411</subfield>
    </datafield>
    <datafield tag="650" ind1=" " ind2=" ">
        <subfield code="a">DIGITAL TECHNOLOGY</subfield>
        <subfield code="0">(DHLAUTH)276639</subfield>
    </datafield>
    <datafield tag="650" ind1=" " ind2=" ">
        <subfield code="a">ECONOMICS</subfield>
        <subfield code="0">(DHLAUTH)269576</subfield>
    </datafield>
    <datafield tag="650" ind1=" " ind2=" ">
        <subfield code="a">DEVELOPED COUNTRIES</subfield>
        <subfield code="0">(DHLAUTH)268699</subfield>
    </datafield>
    <datafield tag="650" ind1=" " ind2=" ">
        <subfield code="a">ECONOMIC DEVELOPMENT</subfield>
        <subfield code="0">(DHLAUTH)269755</subfield>
    </datafield>
    <datafield tag="650" ind1=" " ind2=" ">
        <subfield code="a">REGIONAL COMMISSIONS</subfield>
        <subfield code="0">(DHLAUTH)269969</subfield>
    </datafield>
    <datafield tag="650" ind1=" " ind2=" ">
        <subfield code="a">WESTERN ASIA</subfield>
        <subfield code="0">(DHLAUTH)275490</subfield>
    </datafield>
    <datafield tag="650" ind1=" " ind2=" ">
        <subfield code="a">ARAB COUNTRIES</subfield>
        <subfield code="0">(DHLAUTH)268705</subfield>
    </datafield>
    <datafield tag="650" ind1=" " ind2=" ">
        <subfield code="a">CONFERENCES</subfield>
        <subfield code="0">(DHLAUTH)275758</subfield>
    </datafield>
</record>
<record>
    <datafield tag="191" ind1=" " ind2=" ">
        <subfield code="a">E/ESCWA/2017/EC.3/4(PART I)</subfield>
    </datafield>
    <datafield tag="245" ind1=" " ind2=" ">
        <subfield code="a">GLOBAL AND REGIONAL ISSUES : OUTCOMES OF THE UNITED NATIONS CONFERENCES ON HOUSING AND SUSTAINABLE DEVELOPMENT (HABITAT III) : ECONOMIC AND SOCIAL COMMISSION FOR WESTERN ASIA (ESCWA), EXECUTIVE COMMITTEE, THIRD MEETING, RABAT, 6 - 7 MAY 2017</subfield>
    </datafield>
    <datafield tag="246" ind1=" " ind2=" ">
        <subfield code="a">القضايا الاقليمية والعالمية : نتائج مؤتمر الامم المتحدة المعني بالاسكان والتنمية الحضرية المستدامة (المؤئل الثالث) : اللجنة الاقتصادية والاجتماعية لغربي آىسيا (الاسكوا)، اللجنة التنفيذية، الاجتماع الثالث، الرباط، 6 - 7 ايار/مايو 2017</subfield>
    </datafield>
    <datafield tag="269" ind1=" " ind2=" ">
        <subfield code="a">20170412</subfield>
    </datafield>
    <datafield tag="650" ind1=" " ind2=" ">
        <subfield code="a">EXECUTIVE ADVISORY BODIES</subfield>
        <subfield code="0">(DHLAUTH)268357</subfield>
    </datafield>
    <datafield tag="650" ind1=" " ind2=" ">
        <subfield code="a">URBAN DEVELOPMENT</subfield>
        <subfield code="0">(DHLAUTH)269970</subfield>
    </datafield>
    <datafield tag="650" ind1=" " ind2=" ">
        <subfield code="a">HOUSING</subfield>
        <subfield code="0">(DHLAUTH)272289</subfield>
    </datafield>
    <datafield tag="650" ind1=" " ind2=" ">
        <subfield code="a">SUSTAINABLE DEVELOPMENT</subfield>
        <subfield code="0">(DHLAUTH)269920</subfield>
    </datafield>
    <datafield tag="650" ind1=" " ind2=" ">
        <subfield code="a">ARAB COUNTRIES</subfield>
        <subfield code="0">(DHLAUTH)268705</subfield>
    </datafield>
    <datafield tag="650" ind1=" " ind2=" ">
        <subfield code="a">WESTERN ASIA</subfield>
        <subfield code="0">(DHLAUTH)275490</subfield>
    </datafield>
    <datafield tag="650" ind1=" " ind2=" ">
        <subfield code="a">REGIONAL COMMISSIONS</subfield>
        <subfield code="0">(DHLAUTH)269969</subfield>
    </datafield>
    <datafield tag="650" ind1=" " ind2=" ">
        <subfield code="a">CONFERENCES</subfield>
        <subfield code="0">(DHLAUTH)275758</subfield>
    </datafield>
</record>
<record>
    <datafield tag="191" ind1=" " ind2=" ">
        <subfield code="a">E/ESCWA/2017/EC.3/5</subfield>
    </datafield>
    <datafield tag="245" ind1=" " ind2=" ">
        <subfield code="a">SESSION REPORTS OF ESCWA SUBSIDIARY BODIES : ECONOMIC AND SOCIAL COMMISSION FOR WESTERN ASIA (ESCWA), EXECUTIVE COMMITTEE, THIRD MEETING, RABAT, 6 - 7 MAY 2017</subfield>
    </datafield>
    <datafield tag="246" ind1=" " ind2=" ">
        <subfield code="a">تقارير الهيئات الفرعية للاسكوا عن دوراتها : اللجنة الاقتصادية والاجتماعية لغربي آسيا (الاسكوا)، اللجنة التنفيذية، الاجتماع الثالث، الرباط، 6 - 7 ايار/مايو 2017</subfield>
    </datafield>
    <datafield tag="269" ind1=" " ind2=" ">
        <subfield code="a">20170503</subfield>
    </datafield>
    <datafield tag="650" ind1=" " ind2=" ">
        <subfield code="a">EXECUTIVE ADVISORY BODIES</subfield>
        <subfield code="0">(DHLAUTH)268357</subfield>
    </datafield>
    <datafield tag="650" ind1=" " ind2=" ">
        <subfield code="a">SUBSIDIARY BODIES</subfield>
        <subfield code="0">(DHLAUTH)275818</subfield>
    </datafield>
    <datafield tag="650" ind1=" " ind2=" ">
        <subfield code="a">WESTERN ASIA</subfield>
        <subfield code="0">(DHLAUTH)275490</subfield>
    </datafield>
    <datafield tag="650" ind1=" " ind2=" ">
        <subfield code="a">ARAB COUNTRIES</subfield>
        <subfield code="0">(DHLAUTH)268705</subfield>
    </datafield>
    <datafield tag="650" ind1=" " ind2=" ">
        <subfield code="a">CONFERENCES</subfield>
        <subfield code="0">(DHLAUTH)275758</subfield>
    </datafield>
</record>
<record>
    <datafield tag="191" ind1=" " ind2=" ">
        <subfield code="a">E/ESCWA/2017/EC.3/6</subfield>
    </datafield>
    <datafield tag="245" ind1=" " ind2=" ">
        <subfield code="a">PROPOSED PROGRAMME OF WORK FOR THE BIENNIUM 2018 - 2019 : ECONOMIC AND SOCIAL COMMISSION FOR WESTERN ASIA (ESCWA), EXECUTIVE COMMITTEE, THIRD MEETING, RABAT, 6 - 7 MAY 2017</subfield>
    </datafield>
    <datafield tag="246" ind1=" " ind2=" ">
        <subfield code="a">برنامج العمل المقترح لفترة السنتين 2018 - 2019 : اللجنة الاقتصادية والاجتماعية لغربي آسيا (الاسكوا)، اللجنة التنفيذية، الاجتماع الثالث، الرباط، 6 - 7 ايار/مايو 2017</subfield>
    </datafield>
    <datafield tag="269" ind1=" " ind2=" ">
        <subfield code="a">20170404</subfield>
    </datafield>
    <datafield tag="650" ind1=" " ind2=" ">
        <subfield code="a">WORK PROGRAMME</subfield>
        <subfield code="0">(DHLAUTH)275800</subfield>
    </datafield>
    <datafield tag="650" ind1=" " ind2=" ">
        <subfield code="a">REGIONAL COMMISSIONS</subfield>
        <subfield code="0">(DHLAUTH)269969</subfield>
    </datafield>
    <datafield tag="650" ind1=" " ind2=" ">
        <subfield code="a">WESTERN ASIA</subfield>
        <subfield code="0">(DHLAUTH)275490</subfield>
    </datafield>
    <datafield tag="650" ind1=" " ind2=" ">
        <subfield code="a">SUBSIDIARY BODIES</subfield>
        <subfield code="0">(DHLAUTH)275818</subfield>
    </datafield>
    <datafield tag="650" ind1=" " ind2=" ">
        <subfield code="a">SUSTAINABLE DEVELOPMENT</subfield>
        <subfield code="0">(DHLAUTH)269920</subfield>
    </datafield>
    <datafield tag="650" ind1=" " ind2=" ">
        <subfield code="a">NATURAL RESOURCES</subfield>
        <subfield code="0">(DHLAUTH)270548</subfield>
    </datafield>
    <datafield tag="650" ind1=" " ind2=" ">
        <subfield code="a">SOCIAL DEVELOPMENT</subfield>
        <subfield code="0">(DHLAUTH)269873</subfield>
    </datafield>
    <datafield tag="650" ind1=" " ind2=" ">
        <subfield code="a">SOCIAL DEVELOPMENT</subfield>
        <subfield code="0">(DHLAUTH)269873</subfield>
    </datafield>
    <datafield tag="650" ind1=" " ind2=" ">
        <subfield code="a">ECONOMIC DEVELOPMENT</subfield>
        <subfield code="0">(DHLAUTH)269755</subfield>
    </datafield>
    <datafield tag="650" ind1=" " ind2=" ">
        <subfield code="a">ECONOMIC INTEGRATION</subfield>
        <subfield code="0">(DHLAUTH)269761</subfield>
    </datafield>
    <datafield tag="650" ind1=" " ind2=" ">
        <subfield code="a">TECHNOLOGICAL INNOVATIONS</subfield>
        <subfield code="0">(DHLAUTH)271354</subfield>
    </datafield>
    <datafield tag="650" ind1=" " ind2=" ">
        <subfield code="a">STATISTICS</subfield>
        <subfield code="0">(DHLAUTH)269347</subfield>
    </datafield>
    <datafield tag="650" ind1=" " ind2=" ">
        <subfield code="a">WOMEN'S ADVANCEMENT</subfield>
        <subfield code="0">(DHLAUTH)273158</subfield>
    </datafield>
    <datafield tag="650" ind1=" " ind2=" ">
        <subfield code="a">CONFERENCES</subfield>
        <subfield code="0">(DHLAUTH)275758</subfield>
    </datafield>
</record>
<record>
    <datafield tag="191" ind1=" " ind2=" ">
        <subfield code="a">E/ESCWA/2017/EC.3/7</subfield>
    </datafield>
    <datafield tag="246" ind1=" " ind2=" ">
        <subfield code="a">برنامج التعاون الفني في الاسكوا : التقدم المحرز في تنفيذ الانشطة المقررة : اللجنة الاقتصادية والاجتماعية لغربي آسيا (الاسكوا)، اللجنة التنفيذية، الاجتماع الثالث، الرباط، 6 - 7 ايار/مايو 2017</subfield>
    </datafield>
    <datafield tag="269" ind1=" " ind2=" ">
        <subfield code="a">20170411</subfield>
    </datafield>
    <datafield tag="650" ind1=" " ind2=" ">
        <subfield code="a">TECHNICAL COOPERATION</subfield>
        <subfield code="0">(DHLAUTH)268658</subfield>
    </datafield>
    <datafield tag="650" ind1=" " ind2=" ">
        <subfield code="a">ACTIVITIES</subfield>
        <subfield code="0">(DHLAUTH)275823</subfield>
    </datafield>
    <datafield tag="650" ind1=" " ind2=" ">
        <subfield code="a">PROGRAMME IMPLEMENTATION</subfield>
        <subfield code="0">(DHLAUTH)275794</subfield>
    </datafield>
    <datafield tag="650" ind1=" " ind2=" ">
        <subfield code="a">REGIONAL COMMISSIONS</subfield>
        <subfield code="0">(DHLAUTH)269969</subfield>
    </datafield>
    <datafield tag="650" ind1=" " ind2=" ">
        <subfield code="a">WESTERN ASIA</subfield>
        <subfield code="0">(DHLAUTH)275490</subfield>
    </datafield>
    <datafield tag="650" ind1=" " ind2=" ">
        <subfield code="a">SUBSIDIARY BODIES</subfield>
        <subfield code="0">(DHLAUTH)275818</subfield>
    </datafield>
    <datafield tag="650" ind1=" " ind2=" ">
        <subfield code="a">CONFERENCES</subfield>
        <subfield code="0">(DHLAUTH)275758</subfield>
    </datafield>
</record>
<record>
    <datafield tag="191" ind1=" " ind2=" ">
        <subfield code="a">E/ESCWA/2017/EC.3/INF.1</subfield>
    </datafield>
    <datafield tag="245" ind1=" " ind2=" ">
        <subfield code="a">INFORMATION NOTE : ECONOMIC AND SOCIAL COMMISSION FOR WESTERN ASIA (ESCWA), EXECUTIVE COMMITTEE, THIRD MEETING, RABAT, 6 - 7 MAY 2017</subfield>
    </datafield>
    <datafield tag="246" ind1=" " ind2=" ">
        <subfield code="a">مذكرة توضيحية : اللجنة الاقتصادية والاجتماعية لغربي آىسيا (الاسكوا)، اللجنة التنفيذية، الاجتماع الثالث، الرباط، 6 - 7 ايار/مايو 2017</subfield>
    </datafield>
    <datafield tag="269" ind1=" " ind2=" ">
        <subfield code="a">20170424</subfield>
    </datafield>
    <datafield tag="650" ind1=" " ind2=" ">
        <subfield code="a">EXECUTIVE ADVISORY BODIES</subfield>
        <subfield code="0">(DHLAUTH)268357</subfield>
    </datafield>
    <datafield tag="650" ind1=" " ind2=" ">
        <subfield code="a">REGIONAL COMMISSIONS</subfield>
        <subfield code="0">(DHLAUTH)269969</subfield>
    </datafield>
    <datafield tag="650" ind1=" " ind2=" ">
        <subfield code="a">WESTERN ASIA</subfield>
        <subfield code="0">(DHLAUTH)275490</subfield>
    </datafield>
    <datafield tag="650" ind1=" " ind2=" ">
        <subfield code="a">ARAB COUNTRIES</subfield>
        <subfield code="0">(DHLAUTH)268705</subfield>
    </datafield>
    <datafield tag="650" ind1=" " ind2=" ">
        <subfield code="a">CONFERENCES</subfield>
        <subfield code="0">(DHLAUTH)275758</subfield>
    </datafield>
</record>
<record>
    <datafield tag="191" ind1=" " ind2=" ">
        <subfield code="a">E/ESCWA/2017/EC.3/INF.2</subfield>
    </datafield>
    <datafield tag="245" ind1=" " ind2=" ">
        <subfield code="a">LIST OF DOCUMENTS : ECONOMIC AND SOCIAL COMMISSION FOR WESTERN ASIA (ESCWA), EXECUTIVE COMMITTEE, THIRD MEETING, RABAT, 6 - 7 MAY 2017</subfield>
    </datafield>
    <datafield tag="246" ind1=" " ind2=" ">
        <subfield code="a">قائمة بالوثائق : اللجنة الاقتصادية والاجتماعية لغربي آىسيا (الاسكوا)، اللجنة التنفيذية، الاجتماع الثالث، الرباط، 6 - 7 ايار/مايو 2017</subfield>
    </datafield>
    <datafield tag="269" ind1=" " ind2=" ">
        <subfield code="a">20170502</subfield>
    </datafield>
    <datafield tag="650" ind1=" " ind2=" ">
        <subfield code="a">EXECUTIVE ADVISORY BODIES</subfield>
        <subfield code="0">(DHLAUTH)268357</subfield>
    </datafield>
    <datafield tag="650" ind1=" " ind2=" ">
        <subfield code="a">REGIONAL COMMISSIONS</subfield>
        <subfield code="0">(DHLAUTH)269969</subfield>
    </datafield>
    <datafield tag="650" ind1=" " ind2=" ">
        <subfield code="a">WESTERN ASIA</subfield>
        <subfield code="0">(DHLAUTH)275490</subfield>
    </datafield>
    <datafield tag="650" ind1=" " ind2=" ">
        <subfield code="a">ARAB COUNTRIES</subfield>
        <subfield code="0">(DHLAUTH)268705</subfield>
    </datafield>
    <datafield tag="650" ind1=" " ind2=" ">
        <subfield code="a">DOCUMENTS</subfield>
        <subfield code="0">(DHLAUTH)270014</subfield>
    </datafield>
    <datafield tag="650" ind1=" " ind2=" ">
        <subfield code="a">CONFERENCES</subfield>
        <subfield code="0">(DHLAUTH)275758</subfield>
    </datafield>
</record>
<record>
    <datafield tag="191" ind1=" " ind2=" ">
        <subfield code="a">E/ESCWA/2017/EC.3/L.1</subfield>
    </datafield>
    <datafield tag="245" ind1=" " ind2=" ">
        <subfield code="a">PROVISIONAL AGENDA AND ANNOTATIONS : ECONOMIC AND SOCIAL COMMISSION FOR WESTERN ASIA (ESCWA), EXECUTIVE COMMITTEE, THIRD MEETING, RABAT, 6 - 7 MAY 2017</subfield>
    </datafield>
    <datafield tag="246" ind1=" " ind2=" ">
        <subfield code="a">جدول الاعمال المؤقت والشروح : اللجنة الاقتصادية والاجتماعية لغربي آىسيا (الاسكوا)، اللجنة التنفيذية، الاجتماع الثالث، الرباط، 6 - 7 ايار/مايو 2017</subfield>
    </datafield>
    <datafield tag="269" ind1=" " ind2=" ">
        <subfield code="a">20170426</subfield>
    </datafield>
    <datafield tag="650" ind1=" " ind2=" ">
        <subfield code="a">EXECUTIVE ADVISORY BODIES</subfield>
        <subfield code="0">(DHLAUTH)268357</subfield>
    </datafield>
    <datafield tag="650" ind1=" " ind2=" ">
        <subfield code="a">REGIONAL COMMISSIONS</subfield>
        <subfield code="0">(DHLAUTH)269969</subfield>
    </datafield>
    <datafield tag="650" ind1=" " ind2=" ">
        <subfield code="a">WESTERN ASIA</subfield>
        <subfield code="0">(DHLAUTH)275490</subfield>
    </datafield>
    <datafield tag="650" ind1=" " ind2=" ">
        <subfield code="a">ARAB COUNTRIES</subfield>
        <subfield code="0">(DHLAUTH)268705</subfield>
    </datafield>
    <datafield tag="650" ind1=" " ind2=" ">
        <subfield code="a">CONFERENCES</subfield>
        <subfield code="0">(DHLAUTH)275758</subfield>
    </datafield>
    <datafield tag="650" ind1=" " ind2=" ">
        <subfield code="a">AGENDA</subfield>
        <subfield code="0">(DHLAUTH)275133</subfield>
    </datafield>
</record>
<record>
    <datafield tag="191" ind1=" " ind2=" ">
        <subfield code="a">E/ESCWA/2017/EC.3/L.2</subfield>
    </datafield>
    <datafield tag="245" ind1=" " ind2=" ">
        <subfield code="a">ORGANIZATION OF WORK : NOTE BY THE SECRETARIAT : ECONOMIC AND SOCIAL COMMISSION FOR WESTERN ASIA (ESCWA), EXECUTIVE COMMITTEE, THIRD MEETING, RABAT, 6 - 7 MAY 2017</subfield>
    </datafield>
    <datafield tag="246" ind1=" " ind2=" ">
        <subfield code="a">تنظيم الاعمال : مذكرة من الامانة التنفيذية : اللجنة الاقتصادية والاجتماعية لغربي آىسيا (الاسكوا)، اللجنة التنفيذية، الاجتماع الثالث، الرباط، 6 - 7 ايار/مايو 2017</subfield>
    </datafield>
    <datafield tag="269" ind1=" " ind2=" ">
        <subfield code="a">20170426</subfield>
    </datafield>
    <datafield tag="650" ind1=" " ind2=" ">
        <subfield code="a">EXECUTIVE ADVISORY BODIES</subfield>
        <subfield code="0">(DHLAUTH)268357</subfield>
    </datafield>
    <datafield tag="650" ind1=" " ind2=" ">
        <subfield code="a">WORK ORGANIZATION</subfield>
        <subfield code="0">(DHLAUTH)275746</subfield>
    </datafield>
    <datafield tag="650" ind1=" " ind2=" ">
        <subfield code="a">REGIONAL COMMISSIONS</subfield>
        <subfield code="0">(DHLAUTH)269969</subfield>
    </datafield>
    <datafield tag="650" ind1=" " ind2=" ">
        <subfield code="a">WESTERN ASIA</subfield>
        <subfield code="0">(DHLAUTH)275490</subfield>
    </datafield>
    <datafield tag="650" ind1=" " ind2=" ">
        <subfield code="a">CONFERENCES</subfield>
        <subfield code="0">(DHLAUTH)275758</subfield>
    </datafield>
</record>
<record>
    <datafield tag="191" ind1=" " ind2=" ">
        <subfield code="a">E/1999/41</subfield>
    </datafield>
    <datafield tag="191" ind1=" " ind2=" ">
        <subfield code="a">E/ESCWA/20/9</subfield>
    </datafield>
    <datafield tag="245" ind1=" " ind2=" ">
        <subfield code="a">REPORT OF THE TWENTIETH SESSION: 27-28 MAY 1999 ECONOMIC AND SOCIAL COUNCIL OFFICIAL RECORDS 1999 SUPPLEMENT NO.21</subfield>
    </datafield>
    <datafield tag="246" ind1=" " ind2=" ">
        <subfield code="a">تقرير الدورة العشرين 27-28 ايار 1999</subfield>
    </datafield>
    <datafield tag="269" ind1=" " ind2=" ">
        <subfield code="a">19990528</subfield>
    </datafield>
    <datafield tag="650" ind1=" " ind2=" ">
        <subfield code="a">PERIODIC REPORTS</subfield>
        <subfield code="0">(DHLAUTH)275135</subfield>
    </datafield>
    <datafield tag="650" ind1=" " ind2=" ">
        <subfield code="a">RESOLUTIONS AND DECISIONS</subfield>
        <subfield code="0">(DHLAUTH)275677</subfield>
    </datafield>
    <datafield tag="650" ind1=" " ind2=" ">
        <subfield code="a">WORK ORGANIZATION</subfield>
        <subfield code="0">(DHLAUTH)275746</subfield>
    </datafield>
    <datafield tag="650" ind1=" " ind2=" ">
        <subfield code="a">PARTICIPANTS</subfield>
        <subfield code="0">(DHLAUTH)275785</subfield>
    </datafield>
    <datafield tag="650" ind1=" " ind2=" ">
        <subfield code="a">PUBLICATIONS</subfield>
        <subfield code="0">(DHLAUTH)270013</subfield>
    </datafield>
    <datafield tag="650" ind1=" " ind2=" ">
        <subfield code="a">ARAB COUNTRIES</subfield>
        <subfield code="0">(DHLAUTH)268705</subfield>
    </datafield>
    <datafield tag="650" ind1=" " ind2=" ">
        <subfield code="a">WORK PROGRAMME</subfield>
        <subfield code="0">(DHLAUTH)275800</subfield>
    </datafield>
    <datafield tag="650" ind1=" " ind2=" ">
        <subfield code="a">ACTIVITIES</subfield>
        <subfield code="0">(DHLAUTH)275823</subfield>
    </datafield>
</record>
<record>
    <datafield tag="191" ind1=" " ind2=" ">
        <subfield code="a">E/1999/41/REV.1(SUPP)</subfield>
    </datafield>
    <datafield tag="191" ind1=" " ind2=" ">
        <subfield code="a">E/ESCWA/20/9/REV.1</subfield>
    </datafield>
    <datafield tag="245" ind1=" " ind2=" ">
        <subfield code="a">ECONOMIC AND SOCIAL COMMISSION FOR WESTERN ASIA : REPORT ON THE 20TH SESSION, 27-28 MAY 1999</subfield>
    </datafield>
    <datafield tag="246" ind1=" " ind2=" ">
        <subfield code="a">Economic and Social Commission for Western Asia : report on the 20th session, 27-28 May 1999</subfield>
    </datafield>
    <datafield tag="246" ind1=" " ind2=" ">
        <subfield code="a">تقرير الدورة العشرين 27-28 ايار 1999</subfield>
    </datafield>
    <datafield tag="269" ind1=" " ind2=" ">
        <subfield code="a">19990531</subfield>
    </datafield>
    <datafield tag="650" ind1=" " ind2=" ">
        <subfield code="a">DEVELOPMENT</subfield>
        <subfield code="0">(DHLAUTH)269844</subfield>
    </datafield>
    <datafield tag="650" ind1=" " ind2=" ">
        <subfield code="a">REGIONAL COOPERATION</subfield>
        <subfield code="0">(DHLAUTH)268656</subfield>
    </datafield>
    <datafield tag="650" ind1=" " ind2=" ">
        <subfield code="a">WESTERN ASIA</subfield>
        <subfield code="0">(DHLAUTH)275490</subfield>
    </datafield>
    <datafield tag="650" ind1=" " ind2=" ">
        <subfield code="a">DECLARATIONS (TEXT)</subfield>
        <subfield code="0">(DHLAUTH)534103</subfield>
    </datafield>
    <datafield tag="650" ind1=" " ind2=" ">
        <subfield code="a">DOCUMENTS</subfield>
        <subfield code="0">(DHLAUTH)270014</subfield>
    </datafield>
</record>
<record>
    <datafield tag="191" ind1=" " ind2=" ">
        <subfield code="a">E/ESCWA/21/6/REV.2(F)</subfield>
    </datafield>
    <datafield tag="245" ind1=" " ind2=" ">
        <subfield code="a">AGREEMENT ON INTERNATIONAL ROADS IN THE ARAB MASHREQ</subfield>
    </datafield>
    <datafield tag="269" ind1=" " ind2=" ">
        <subfield code="a">20010509</subfield>
    </datafield>
    <datafield tag="650" ind1=" " ind2=" ">
        <subfield code="a">ROAD NETWORKS</subfield>
        <subfield code="0">(DHLAUTH)272501</subfield>
    </datafield>
    <datafield tag="650" ind1=" " ind2=" ">
        <subfield code="a">ROAD SIGNS AND SIGNALS</subfield>
        <subfield code="0">(DHLAUTH)272592</subfield>
    </datafield>
    <datafield tag="650" ind1=" " ind2=" ">
        <subfield code="a">TREATIES</subfield>
        <subfield code="0">(DHLAUTH)9632</subfield>
    </datafield>
    <datafield tag="650" ind1=" " ind2=" ">
        <subfield code="a">CONFERENCES</subfield>
        <subfield code="0">(DHLAUTH)275758</subfield>
    </datafield>
    <datafield tag="650" ind1=" " ind2=" ">
        <subfield code="a">ROAD TRANSPORT</subfield>
        <subfield code="0">(DHLAUTH)9060</subfield>
    </datafield>
    <datafield tag="650" ind1=" " ind2=" ">
        <subfield code="a">WESTERN ASIA</subfield>
        <subfield code="0">(DHLAUTH)275490</subfield>
    </datafield>
    <datafield tag="650" ind1=" " ind2=" ">
        <subfield code="a">TECHNICAL ASPECTS</subfield>
        <subfield code="0">(DHLAUTH)275235</subfield>
    </datafield>
    <datafield tag="650" ind1=" " ind2=" ">
        <subfield code="a">ENVIRONMENTAL PROTECTION</subfield>
        <subfield code="0">(DHLAUTH)270598</subfield>
    </datafield>
    <datafield tag="650" ind1=" " ind2=" ">
        <subfield code="a">TRANSPORT SYSTEMS</subfield>
        <subfield code="0">(DHLAUTH)268907</subfield>
    </datafield>
</record>
<record>
    <datafield tag="191" ind1=" " ind2=" ">
        <subfield code="a">E/ESCWA/22/10/REV.1(A)</subfield>
    </datafield>
    <datafield tag="191" ind1=" " ind2=" ">
        <subfield code="a">E/2003/41/REV.1(A)</subfield>
    </datafield>
    <datafield tag="245" ind1=" " ind2=" ">
        <subfield code="a">REPORT ON THE TWENTY-SECOND SESSION, BEIRUT, 14-17 APRIL 2003</subfield>
    </datafield>
    <datafield tag="269" ind1=" " ind2=" ">
        <subfield code="a">20030417</subfield>
    </datafield>
    <datafield tag="650" ind1=" " ind2=" ">
        <subfield code="a">ACTIVITIES</subfield>
        <subfield code="0">(DHLAUTH)275823</subfield>
    </datafield>
    <datafield tag="650" ind1=" " ind2=" ">
        <subfield code="a">RESOLUTIONS AND DECISIONS</subfield>
        <subfield code="0">(DHLAUTH)275677</subfield>
    </datafield>
    <datafield tag="650" ind1=" " ind2=" ">
        <subfield code="a">WORK ORGANIZATION</subfield>
        <subfield code="0">(DHLAUTH)275746</subfield>
    </datafield>
    <datafield tag="650" ind1=" " ind2=" ">
        <subfield code="a">PARTICIPANTS</subfield>
        <subfield code="0">(DHLAUTH)275785</subfield>
    </datafield>
    <datafield tag="650" ind1=" " ind2=" ">
        <subfield code="a">DOCUMENTS</subfield>
        <subfield code="0">(DHLAUTH)270014</subfield>
    </datafield>
    <datafield tag="650" ind1=" " ind2=" ">
        <subfield code="a">PUBLICATIONS</subfield>
        <subfield code="0">(DHLAUTH)270013</subfield>
    </datafield>
    <datafield tag="650" ind1=" " ind2=" ">
        <subfield code="a">WESTERN ASIA</subfield>
        <subfield code="0">(DHLAUTH)275490</subfield>
    </datafield>
</record>
<record>
    <datafield tag="191" ind1=" " ind2=" ">
        <subfield code="a">E/ESCWA/22/1(A)</subfield>
    </datafield>
    <datafield tag="245" ind1=" " ind2=" ">
        <subfield code="a">AGENDA</subfield>
    </datafield>
    <datafield tag="269" ind1=" " ind2=" ">
        <subfield code="a">20030414</subfield>
    </datafield>
    <datafield tag="650" ind1=" " ind2=" ">
        <subfield code="a">AGENDA</subfield>
        <subfield code="0">(DHLAUTH)275133</subfield>
    </datafield>
    <datafield tag="650" ind1=" " ind2=" ">
        <subfield code="a">CONFERENCES</subfield>
        <subfield code="0">(DHLAUTH)275758</subfield>
    </datafield>
    <datafield tag="650" ind1=" " ind2=" ">
        <subfield code="a">WESTERN ASIA</subfield>
        <subfield code="0">(DHLAUTH)275490</subfield>
    </datafield>
</record>
<record>
    <datafield tag="191" ind1=" " ind2=" ">
        <subfield code="a">E/ESCWA/22/2(A)</subfield>
    </datafield>
    <datafield tag="245" ind1=" " ind2=" ">
        <subfield code="a">ORGANIZATION OF WORK</subfield>
    </datafield>
    <datafield tag="269" ind1=" " ind2=" ">
        <subfield code="a">20030414</subfield>
    </datafield>
    <datafield tag="650" ind1=" " ind2=" ">
        <subfield code="a">CONFERENCES</subfield>
        <subfield code="0">(DHLAUTH)275758</subfield>
    </datafield>
    <datafield tag="650" ind1=" " ind2=" ">
        <subfield code="a">WESTERN ASIA</subfield>
        <subfield code="0">(DHLAUTH)275490</subfield>
    </datafield>
    <datafield tag="650" ind1=" " ind2=" ">
        <subfield code="a">WORK ORGANIZATION</subfield>
        <subfield code="0">(DHLAUTH)275746</subfield>
    </datafield>
</record>
<record>
    <datafield tag="191" ind1=" " ind2=" ">
        <subfield code="a">E/ESCWA/22/3(A)</subfield>
    </datafield>
    <datafield tag="245" ind1=" " ind2=" ">
        <subfield code="a">INVITATION TO STATES MEMBERS OF THE UNITED NATIONS AND/OR OF THE SPECIALIZED AGENCIES NOT MEMBERS OF THE COMMISSION TO PARTICIPATE IN THE CAPACITY OF OBSERVER IN THE TWENTY-SECOND SESSION OF THE COMMISSION</subfield>
    </datafield>
    <datafield tag="269" ind1=" " ind2=" ">
        <subfield code="a">20030327</subfield>
    </datafield>
    <datafield tag="650" ind1=" " ind2=" ">
        <subfield code="a">CONFERENCES</subfield>
        <subfield code="0">(DHLAUTH)275758</subfield>
    </datafield>
    <datafield tag="650" ind1=" " ind2=" ">
        <subfield code="a">WESTERN ASIA</subfield>
        <subfield code="0">(DHLAUTH)275490</subfield>
    </datafield>
</record>
<record>
    <datafield tag="191" ind1=" " ind2=" ">
        <subfield code="a">E/ESCWA/22/4(A)</subfield>
    </datafield>
    <datafield tag="245" ind1=" " ind2=" ">
        <subfield code="a">REPORT OF THE EXECUTIVE SECRETARY ON THE ACTIVITIES OF THE COMMISSION</subfield>
    </datafield>
    <datafield tag="269" ind1=" " ind2=" ">
        <subfield code="a">20030319</subfield>
    </datafield>
    <datafield tag="650" ind1=" " ind2=" ">
        <subfield code="a">WORK PROGRAMME</subfield>
        <subfield code="0">(DHLAUTH)275800</subfield>
    </datafield>
    <datafield tag="650" ind1=" " ind2=" ">
        <subfield code="a">TECHNOLOGY</subfield>
        <subfield code="0">(DHLAUTH)271833</subfield>
    </datafield>
    <datafield tag="650" ind1=" " ind2=" ">
        <subfield code="a">TECHNOLOGICAL INNOVATIONS</subfield>
        <subfield code="0">(DHLAUTH)271354</subfield>
    </datafield>
    <datafield tag="650" ind1=" " ind2=" ">
        <subfield code="a">INTER-AGENCY COOPERATION</subfield>
        <subfield code="0">(DHLAUTH)268578</subfield>
    </datafield>
    <datafield tag="650" ind1=" " ind2=" ">
        <subfield code="a">TECHNICAL COOPERATION</subfield>
        <subfield code="0">(DHLAUTH)268658</subfield>
    </datafield>
    <datafield tag="650" ind1=" " ind2=" ">
        <subfield code="a">REGIONAL COOPERATION</subfield>
        <subfield code="0">(DHLAUTH)268656</subfield>
    </datafield>
    <datafield tag="650" ind1=" " ind2=" ">
        <subfield code="a">SHARED WATER RESOURCES</subfield>
        <subfield code="0">(DHLAUTH)269493</subfield>
    </datafield>
    <datafield tag="650" ind1=" " ind2=" ">
        <subfield code="a">RENEWABLE RESOURCES</subfield>
        <subfield code="0">(DHLAUTH)270564</subfield>
    </datafield>
    <datafield tag="650" ind1=" " ind2=" ">
        <subfield code="a">TRANSPORT</subfield>
        <subfield code="0">(DHLAUTH)272243</subfield>
    </datafield>
    <datafield tag="650" ind1=" " ind2=" ">
        <subfield code="a">PALESTINE</subfield>
        <subfield code="0">(DHLAUTH)277398</subfield>
    </datafield>
    <datafield tag="650" ind1=" " ind2=" ">
        <subfield code="a">CONFERENCES</subfield>
        <subfield code="0">(DHLAUTH)275758</subfield>
    </datafield>
    <datafield tag="650" ind1=" " ind2=" ">
        <subfield code="a">FINANCIAL ASPECTS</subfield>
        <subfield code="0">(DHLAUTH)275767</subfield>
    </datafield>
    <datafield tag="650" ind1=" " ind2=" ">
        <subfield code="a">DOCUMENTS</subfield>
        <subfield code="0">(DHLAUTH)270014</subfield>
    </datafield>
    <datafield tag="650" ind1=" " ind2=" ">
        <subfield code="a">CIVIL SOCIETY</subfield>
        <subfield code="0">(DHLAUTH)479996</subfield>
    </datafield>
    <datafield tag="650" ind1=" " ind2=" ">
        <subfield code="a">WESTERN ASIA</subfield>
        <subfield code="0">(DHLAUTH)275490</subfield>
    </datafield>
</record>
<record>
    <datafield tag="191" ind1=" " ind2=" ">
        <subfield code="a">E/ESCWA/22/4(PART III)</subfield>
    </datafield>
    <datafield tag="245" ind1=" " ind2=" ">
        <subfield code="a">REPORT OF THE EXECUTIVE SECRETARY ON THE ACTIVITIES OF THE COMMISSION: FOLLOW-UP TO IMPLEMENTATION OF THE RESOLUTIONS ADOPTED BY THE COMMISSION AT ITS TWENTY-FIRST SESSION</subfield>
    </datafield>
    <datafield tag="246" ind1=" " ind2=" ">
        <subfield code="a">تقرير الأمين التنفيذي عن أنشطة اللجنة: متابعة تنفيذ القرارات الصادرة عن اللجنة في دورتها الحادية والعشرين</subfield>
    </datafield>
    <datafield tag="269" ind1=" " ind2=" ">
        <subfield code="a">20030319</subfield>
    </datafield>
    <datafield tag="650" ind1=" " ind2=" ">
        <subfield code="a">CONFERENCES</subfield>
        <subfield code="0">(DHLAUTH)275758</subfield>
    </datafield>
    <datafield tag="650" ind1=" " ind2=" ">
        <subfield code="a">WESTERN ASIA</subfield>
        <subfield code="0">(DHLAUTH)275490</subfield>
    </datafield>
    <datafield tag="650" ind1=" " ind2=" ">
        <subfield code="a">RESOLUTIONS AND DECISIONS</subfield>
        <subfield code="0">(DHLAUTH)275677</subfield>
    </datafield>
</record>
<record>
    <datafield tag="191" ind1=" " ind2=" ">
        <subfield code="a">E/ESCWA/22/4(PART III)/ADD.1</subfield>
    </datafield>
    <datafield tag="245" ind1=" " ind2=" ">
        <subfield code="a">REPORT OF THE EXECUTIVE SECRETARY ON THE ACTIVITIES OF THE COMMISSION FOLLOW-UP TO IMPLEMENTATION OF THE RESOLUTIONS ADOPTED BY THE COMMISSION AT ITS TWENTY-FIRST SESSION : THE ESTABLISHMENT OF AN ESCWA CONSULTATIVE COMMITTEE ON SCIENTIFIC AND TECHNOLOGICAL DEVELOPMENT AND TECHNOLOGICAL INNOVATION: RESOLUTION 225 (XXI)</subfield>
    </datafield>
    <datafield tag="246" ind1=" " ind2=" ">
        <subfield code="a">تقرير الأمين التنفيذي عن أنشطة اللجنة: متابعة تنفيذ القرارات الصادرة عن اللجنة في دورتها الحادية والعشرين</subfield>
    </datafield>
    <datafield tag="269" ind1=" " ind2=" ">
        <subfield code="a">20030310</subfield>
    </datafield>
    <datafield tag="650" ind1=" " ind2=" ">
        <subfield code="a">SCIENCE AND TECHNOLOGY</subfield>
        <subfield code="0">(DHLAUTH)275209</subfield>
    </datafield>
    <datafield tag="650" ind1=" " ind2=" ">
        <subfield code="a">RESOLUTIONS AND DECISIONS</subfield>
        <subfield code="0">(DHLAUTH)275677</subfield>
    </datafield>
    <datafield tag="650" ind1=" " ind2=" ">
        <subfield code="a">TECHNICAL COOPERATION</subfield>
        <subfield code="0">(DHLAUTH)268658</subfield>
    </datafield>
    <datafield tag="650" ind1=" " ind2=" ">
        <subfield code="a">CONFERENCES</subfield>
        <subfield code="0">(DHLAUTH)275758</subfield>
    </datafield>
    <datafield tag="650" ind1=" " ind2=" ">
        <subfield code="a">WESTERN ASIA</subfield>
        <subfield code="0">(DHLAUTH)275490</subfield>
    </datafield>
</record>
<record>
    <datafield tag="191" ind1=" " ind2=" ">
        <subfield code="a">E/ESCWA/22/4(PART III)/ADD.2</subfield>
    </datafield>
    <datafield tag="245" ind1=" " ind2=" ">
        <subfield code="a">REPORT OF THE EXECUTIVE SECRETARY ON THE ACTIVITIES OF THE COMMISSION: FOLLOW-UP TO IMPLEMENTATION OF THE RESOLUTIONS ADOPTED BY THE COMMISSION AT ITS TWENTY-FIRST SESSION</subfield>
    </datafield>
    <datafield tag="246" ind1=" " ind2=" ">
        <subfield code="a">تقرير الأمين التنفيذي عن أنشطة اللجنة: متابعة تنفيذ القرارات الصادرة عن اللجنة في دورتها الحادية والعشرين</subfield>
    </datafield>
    <datafield tag="269" ind1=" " ind2=" ">
        <subfield code="a">20030327</subfield>
    </datafield>
    <datafield tag="650" ind1=" " ind2=" ">
        <subfield code="a">RESOLUTIONS AND DECISIONS</subfield>
        <subfield code="0">(DHLAUTH)275677</subfield>
    </datafield>
    <datafield tag="650" ind1=" " ind2=" ">
        <subfield code="a">CONFERENCES</subfield>
        <subfield code="0">(DHLAUTH)275758</subfield>
    </datafield>
    <datafield tag="650" ind1=" " ind2=" ">
        <subfield code="a">WESTERN ASIA</subfield>
        <subfield code="0">(DHLAUTH)275490</subfield>
    </datafield>
    <datafield tag="650" ind1=" " ind2=" ">
        <subfield code="a">PROGRAMME BUDGETING</subfield>
        <subfield code="0">(DHLAUTH)270055</subfield>
    </datafield>
</record>
<record>
    <datafield tag="191" ind1=" " ind2=" ">
        <subfield code="a">E/ESCWA/22/4(PART III)/ADD.3</subfield>
    </datafield>
    <datafield tag="245" ind1=" " ind2=" ">
        <subfield code="a">REPORT OF THE EXECUTIVE SECRETARY ON THE ACTIVITIES OF THE COMMISSION: FOLLOW-UP TO IMPLEMENTATION OF THE RESOLUTIONS ADOPTED BY THE COMMISSION AT ITS TWENTY-FIRST SESSION</subfield>
    </datafield>
    <datafield tag="246" ind1=" " ind2=" ">
        <subfield code="a">تقرير الأمين التنفيذي عن أنشطة اللجنة: متابعة تنفيذ القرارات الصادرة عن اللجنة في دورتها الحادية والعشرين</subfield>
    </datafield>
    <datafield tag="269" ind1=" " ind2=" ">
        <subfield code="a">20030307</subfield>
    </datafield>
    <datafield tag="650" ind1=" " ind2=" ">
        <subfield code="a">SHARED WATER RESOURCES</subfield>
        <subfield code="0">(DHLAUTH)269493</subfield>
    </datafield>
    <datafield tag="650" ind1=" " ind2=" ">
        <subfield code="a">RESOLUTIONS AND DECISIONS</subfield>
        <subfield code="0">(DHLAUTH)275677</subfield>
    </datafield>
    <datafield tag="650" ind1=" " ind2=" ">
        <subfield code="a">CONFERENCES</subfield>
        <subfield code="0">(DHLAUTH)275758</subfield>
    </datafield>
    <datafield tag="650" ind1=" " ind2=" ">
        <subfield code="a">WESTERN ASIA</subfield>
        <subfield code="0">(DHLAUTH)275490</subfield>
    </datafield>
</record>
<record>
    <datafield tag="191" ind1=" " ind2=" ">
        <subfield code="a">E/ESCWA/22/4(PART III)/ADD.4</subfield>
    </datafield>
    <datafield tag="245" ind1=" " ind2=" ">
        <subfield code="a">REPORT OF THE EXECUTIVE SECRETARY ON THE ACTIVITIES OF THE COMMISSION: FOLLOW-UP TO IMPLEMENTATION OF THE RESOLUTIONS ADOPTED BY THE COMMISSION AT ITS TWENTY-FIRST SESSION</subfield>
    </datafield>
    <datafield tag="246" ind1=" " ind2=" ">
        <subfield code="a">تقرير الأمين التنفيذي عن أنشطة اللجنة: متابعة تنفيذ القرارات الصادرة عن اللجنة في دورتها الحادية والعشرين ترشيد ورفع كفاءة الطاقة واستخدام مصادر الطاقة المتجددة: القرار 234 (د-21)</subfield>
    </datafield>
    <datafield tag="269" ind1=" " ind2=" ">
        <subfield code="a">20030307</subfield>
    </datafield>
    <datafield tag="650" ind1=" " ind2=" ">
        <subfield code="a">RENEWABLE RESOURCES</subfield>
        <subfield code="0">(DHLAUTH)270564</subfield>
    </datafield>
    <datafield tag="650" ind1=" " ind2=" ">
        <subfield code="a">ENERGY EFFICIENCY</subfield>
        <subfield code="0">(DHLAUTH)271204</subfield>
    </datafield>
    <datafield tag="650" ind1=" " ind2=" ">
        <subfield code="a">ACTIVITIES</subfield>
        <subfield code="0">(DHLAUTH)275823</subfield>
    </datafield>
    <datafield tag="650" ind1=" " ind2=" ">
        <subfield code="a">RESOLUTIONS AND DECISIONS</subfield>
        <subfield code="0">(DHLAUTH)275677</subfield>
    </datafield>
    <datafield tag="650" ind1=" " ind2=" ">
        <subfield code="a">CONFERENCES</subfield>
        <subfield code="0">(DHLAUTH)275758</subfield>
    </datafield>
    <datafield tag="650" ind1=" " ind2=" ">
        <subfield code="a">WESTERN ASIA</subfield>
        <subfield code="0">(DHLAUTH)275490</subfield>
    </datafield>
</record>
<record>
    <datafield tag="191" ind1=" " ind2=" ">
        <subfield code="a">E/ESCWA/22/4(PART III)/ADD.5</subfield>
    </datafield>
    <datafield tag="245" ind1=" " ind2=" ">
        <subfield code="a">REPORT OF THE EXECUTIVE SECRETARY ON THE ACTIVITIES OF THE COMMISSION: FOLLOW-UP TO IMPLEMENTATION OF THE RESOLUTIONS ADOPTED BY THE COMMISSION AT ITS TWENTY-FIRST SESSION ADOPTION OF THE AGREEMENT ON INTERNATIONAL ROADS IN THE ARAB MASHREQ: RESOLUTION 235 (XXI)</subfield>
    </datafield>
    <datafield tag="246" ind1=" " ind2=" ">
        <subfield code="a">تقرير الأمين التنفيذي عن أنشطة اللجنة: متابعة تنفيذ القرارات الصادرة عن اللجنة في دورتها الحادية والعشرين اعتماد اتفاق الطرق الدولية في المشرق العربي: القرار 235 (د-21)</subfield>
    </datafield>
    <datafield tag="269" ind1=" " ind2=" ">
        <subfield code="a">20030307</subfield>
    </datafield>
    <datafield tag="650" ind1=" " ind2=" ">
        <subfield code="a">TRANSPORT</subfield>
        <subfield code="0">(DHLAUTH)272243</subfield>
    </datafield>
    <datafield tag="650" ind1=" " ind2=" ">
        <subfield code="a">ACTIVITIES</subfield>
        <subfield code="0">(DHLAUTH)275823</subfield>
    </datafield>
    <datafield tag="650" ind1=" " ind2=" ">
        <subfield code="a">RESOLUTIONS AND DECISIONS</subfield>
        <subfield code="0">(DHLAUTH)275677</subfield>
    </datafield>
    <datafield tag="650" ind1=" " ind2=" ">
        <subfield code="a">CONFERENCES</subfield>
        <subfield code="0">(DHLAUTH)275758</subfield>
    </datafield>
    <datafield tag="650" ind1=" " ind2=" ">
        <subfield code="a">WESTERN ASIA</subfield>
        <subfield code="0">(DHLAUTH)275490</subfield>
    </datafield>
</record>
<record>
    <datafield tag="191" ind1=" " ind2=" ">
        <subfield code="a">E/ESCWA/22/4(PART III)/ADD.6</subfield>
    </datafield>
    <datafield tag="245" ind1=" " ind2=" ">
        <subfield code="a">REPORT OF THE EXECUTIVE SECRETARY ON THE ACTIVITIES OF THE COMMISSION: FOLLOW-UP ACTION ON THE RESOLUTIONS OF THE COMMISSION ADOPTED AT ITS TWENTY-FIRST SESSION REHABILITATION OF ECONOMIC SECTORS IN PALESTINE: RESOLUTION 237 (XXI)</subfield>
    </datafield>
    <datafield tag="246" ind1=" " ind2=" ">
        <subfield code="a">تقرير الأمين التنفيذي عن أنشطة اللجنة: متابعة تنفيذ القرارات الصادرة عن اللجنة في دورتها الحادية والعشرين اعادة تأهيل القطاعات الاقتصادية في فلسطين: القرار 237 (د-21)</subfield>
    </datafield>
    <datafield tag="269" ind1=" " ind2=" ">
        <subfield code="a">20030321</subfield>
    </datafield>
    <datafield tag="650" ind1=" " ind2=" ">
        <subfield code="a">ECONOMIC ASPECTS</subfield>
        <subfield code="0">(DHLAUTH)269753</subfield>
    </datafield>
    <datafield tag="650" ind1=" " ind2=" ">
        <subfield code="a">PALESTINE</subfield>
        <subfield code="0">(DHLAUTH)277398</subfield>
    </datafield>
    <datafield tag="650" ind1=" " ind2=" ">
        <subfield code="a">ACTIVITIES</subfield>
        <subfield code="0">(DHLAUTH)275823</subfield>
    </datafield>
    <datafield tag="650" ind1=" " ind2=" ">
        <subfield code="a">RESOLUTIONS AND DECISIONS</subfield>
        <subfield code="0">(DHLAUTH)275677</subfield>
    </datafield>
    <datafield tag="650" ind1=" " ind2=" ">
        <subfield code="a">CONFERENCES</subfield>
        <subfield code="0">(DHLAUTH)275758</subfield>
    </datafield>
    <datafield tag="650" ind1=" " ind2=" ">
        <subfield code="a">WESTERN ASIA</subfield>
        <subfield code="0">(DHLAUTH)275490</subfield>
    </datafield>
</record>
<record>
    <datafield tag="191" ind1=" " ind2=" ">
        <subfield code="a">E/ESCWA/22/4(PART II)</subfield>
    </datafield>
    <datafield tag="245" ind1=" " ind2=" ">
        <subfield code="a">REPORT OF THE EXECUTIVE SECRETARY ON THE ACTIVITIES OF THE COMMISSION: PROGRESS MADE DURING 2003 IN THE IMPLEMENTATION OF THE PROGRAMME OF WORK FOR THE BIENNIUM 2002-2003</subfield>
    </datafield>
    <datafield tag="246" ind1=" " ind2=" ">
        <subfield code="a">تقرير الأمين التنفيذي عن أنشطة اللجنة: التقدم المحرز خلال عام 2002 في تنفيذ برنامج العمل لفترة السنتين 2002-2003: أنشطة البرنامج العادي</subfield>
    </datafield>
    <datafield tag="269" ind1=" " ind2=" ">
        <subfield code="a">20030328</subfield>
    </datafield>
    <datafield tag="650" ind1=" " ind2=" ">
        <subfield code="a">WORK PROGRAMME</subfield>
        <subfield code="0">(DHLAUTH)275800</subfield>
    </datafield>
    <datafield tag="650" ind1=" " ind2=" ">
        <subfield code="a">ACTIVITIES</subfield>
        <subfield code="0">(DHLAUTH)275823</subfield>
    </datafield>
    <datafield tag="650" ind1=" " ind2=" ">
        <subfield code="a">WATER</subfield>
        <subfield code="0">(DHLAUTH)270885</subfield>
    </datafield>
    <datafield tag="650" ind1=" " ind2=" ">
        <subfield code="a">SOCIAL POLICY</subfield>
        <subfield code="0">(DHLAUTH)269713</subfield>
    </datafield>
    <datafield tag="650" ind1=" " ind2=" ">
        <subfield code="a">GLOBALIZATION</subfield>
        <subfield code="0">(DHLAUTH)276685</subfield>
    </datafield>
    <datafield tag="650" ind1=" " ind2=" ">
        <subfield code="a">TECHNOLOGY</subfield>
        <subfield code="0">(DHLAUTH)271833</subfield>
    </datafield>
    <datafield tag="650" ind1=" " ind2=" ">
        <subfield code="a">CONFERENCES</subfield>
        <subfield code="0">(DHLAUTH)275758</subfield>
    </datafield>
    <datafield tag="650" ind1=" " ind2=" ">
        <subfield code="a">WESTERN ASIA</subfield>
        <subfield code="0">(DHLAUTH)275490</subfield>
    </datafield>
</record>
<record>
    <datafield tag="191" ind1=" " ind2=" ">
        <subfield code="a">E/ESCWA/22/4(PART II)/ADD.1</subfield>
    </datafield>
    <datafield tag="245" ind1=" " ind2=" ">
        <subfield code="a">REPORT OF THE EXECUTIVE SECRETARY ON THE ACTIVITIES OF THE COMMISSION: PROGRESS MADE DURING 2002 IN THE IMPLEMENTATION FO THE PROGRAMME OF WORK FOR THE BIENNIUM 2002-2003</subfield>
    </datafield>
    <datafield tag="246" ind1=" " ind2=" ">
        <subfield code="a">تقرير الأمين التنفيذي عن أنشطة اللجنة: التقدم المحرز خلال عام 2002 في تنفيذ برنامج العمل لفترة السنتين 2002-2003</subfield>
    </datafield>
    <datafield tag="269" ind1=" " ind2=" ">
        <subfield code="a">20030320</subfield>
    </datafield>
    <datafield tag="650" ind1=" " ind2=" ">
        <subfield code="a">WORK PROGRAMME</subfield>
        <subfield code="0">(DHLAUTH)275800</subfield>
    </datafield>
    <datafield tag="650" ind1=" " ind2=" ">
        <subfield code="a">INTER-AGENCY COOPERATION</subfield>
        <subfield code="0">(DHLAUTH)268578</subfield>
    </datafield>
    <datafield tag="650" ind1=" " ind2=" ">
        <subfield code="a">INTERNATIONAL ORGANIZATIONS</subfield>
        <subfield code="0">(DHLAUTH)268671</subfield>
    </datafield>
    <datafield tag="650" ind1=" " ind2=" ">
        <subfield code="a">CIVIL SOCIETY</subfield>
        <subfield code="0">(DHLAUTH)479996</subfield>
    </datafield>
    <datafield tag="650" ind1=" " ind2=" ">
        <subfield code="a">ACTIVITIES</subfield>
        <subfield code="0">(DHLAUTH)275823</subfield>
    </datafield>
    <datafield tag="650" ind1=" " ind2=" ">
        <subfield code="a">CONFERENCES</subfield>
        <subfield code="0">(DHLAUTH)275758</subfield>
    </datafield>
    <datafield tag="650" ind1=" " ind2=" ">
        <subfield code="a">WESTERN ASIA</subfield>
        <subfield code="0">(DHLAUTH)275490</subfield>
    </datafield>
</record>
<record>
    <datafield tag="191" ind1=" " ind2=" ">
        <subfield code="a">E/ESCWA/22/4(PART II)/ADD.2</subfield>
    </datafield>
    <datafield tag="245" ind1=" " ind2=" ">
        <subfield code="a">REPORT OF THE EXECUTIVE SECRETARY ON THE ACTIVITIES OF THE COMMISSION: PROGRESS MADE DURING 2002 IN THE IMPLEMENTATION FO THE PROGRAMME OF WORK FOR THE BIENNIUM 2002-2003</subfield>
    </datafield>
    <datafield tag="246" ind1=" " ind2=" ">
        <subfield code="a">تقرير الأمين التنفيذي عن أنشطة اللجنة: التقدم المحرز خلال عام 2002 في تنفيذ برنامج العمل لفترة السنتين 2002-2003</subfield>
    </datafield>
    <datafield tag="269" ind1=" " ind2=" ">
        <subfield code="a">20030324</subfield>
    </datafield>
    <datafield tag="650" ind1=" " ind2=" ">
        <subfield code="a">ACTIVITIES</subfield>
        <subfield code="0">(DHLAUTH)275823</subfield>
    </datafield>
    <datafield tag="650" ind1=" " ind2=" ">
        <subfield code="a">ADVISORY SERVICES</subfield>
        <subfield code="0">(DHLAUTH)269860</subfield>
    </datafield>
    <datafield tag="650" ind1=" " ind2=" ">
        <subfield code="a">TECHNICAL COOPERATION</subfield>
        <subfield code="0">(DHLAUTH)268658</subfield>
    </datafield>
    <datafield tag="650" ind1=" " ind2=" ">
        <subfield code="a">WESTERN ASIA</subfield>
        <subfield code="0">(DHLAUTH)275490</subfield>
    </datafield>
    <datafield tag="650" ind1=" " ind2=" ">
        <subfield code="a">CONFERENCES</subfield>
        <subfield code="0">(DHLAUTH)275758</subfield>
    </datafield>
</record>
<record>
    <datafield tag="191" ind1=" " ind2=" ">
        <subfield code="a">E/ESCWA/22/4(PART IV)</subfield>
    </datafield>
    <datafield tag="245" ind1=" " ind2=" ">
        <subfield code="a">REPORT OF THE EXECUTIVE SECRETARY ON THE ACTIVITIES OF THE COMMISSION: FOLLOW-UP ACTION AT REGIONAL LEVEL TO UNITED NATIONS INTERNATIONAL CONFERENCES</subfield>
    </datafield>
    <datafield tag="246" ind1=" " ind2=" ">
        <subfield code="a">تقرير الأمين التنفيذي عن أنشطة اللجنة: أعمال المتابعة, على الصعيد الإقليمي, للمؤتمرات العالمية للأمم المتحدة</subfield>
    </datafield>
    <datafield tag="269" ind1=" " ind2=" ">
        <subfield code="a">20030310</subfield>
    </datafield>
    <datafield tag="650" ind1=" " ind2=" ">
        <subfield code="a">RACIAL DISCRIMINATION</subfield>
        <subfield code="0">(DHLAUTH)268993</subfield>
    </datafield>
    <datafield tag="650" ind1=" " ind2=" ">
        <subfield code="a">FAMILY</subfield>
        <subfield code="0">(DHLAUTH)269293</subfield>
    </datafield>
    <datafield tag="650" ind1=" " ind2=" ">
        <subfield code="a">FINANCE</subfield>
        <subfield code="0">(DHLAUTH)269616</subfield>
    </datafield>
    <datafield tag="650" ind1=" " ind2=" ">
        <subfield code="a">AGEING</subfield>
        <subfield code="0">(DHLAUTH)273056</subfield>
    </datafield>
    <datafield tag="650" ind1=" " ind2=" ">
        <subfield code="a">CHILDREN</subfield>
        <subfield code="0">(DHLAUTH)269400</subfield>
    </datafield>
    <datafield tag="650" ind1=" " ind2=" ">
        <subfield code="a">SUSTAINABLE DEVELOPMENT</subfield>
        <subfield code="0">(DHLAUTH)269920</subfield>
    </datafield>
    <datafield tag="650" ind1=" " ind2=" ">
        <subfield code="a">INFORMATION SOCIETY</subfield>
        <subfield code="0">(DHLAUTH)612610</subfield>
    </datafield>
    <datafield tag="650" ind1=" " ind2=" ">
        <subfield code="a">WOMEN</subfield>
        <subfield code="0">(DHLAUTH)273032</subfield>
    </datafield>
    <datafield tag="650" ind1=" " ind2=" ">
        <subfield code="a">POPULATION</subfield>
        <subfield code="0">(DHLAUTH)272994</subfield>
    </datafield>
    <datafield tag="650" ind1=" " ind2=" ">
        <subfield code="a">WESTERN ASIA</subfield>
        <subfield code="0">(DHLAUTH)275490</subfield>
    </datafield>
    <datafield tag="650" ind1=" " ind2=" ">
        <subfield code="a">CONFERENCES</subfield>
        <subfield code="0">(DHLAUTH)275758</subfield>
    </datafield>
</record>
<record>
    <datafield tag="191" ind1=" " ind2=" ">
        <subfield code="a">E/ESCWA/22/4(PART I)</subfield>
    </datafield>
    <datafield tag="245" ind1=" " ind2=" ">
        <subfield code="a">REPORT OF THE EXECUTIVE SECRETARY ON THE ACTIVITIES OF THE COMMISSION: THE ROLE OF ESCWA IN SUPPORTING THE MANDATE OF THE UNITED NATIONS</subfield>
    </datafield>
    <datafield tag="246" ind1=" " ind2=" ">
        <subfield code="a">تقرير الأمين التنفيذي عن أنشطة اللجنة: دور إسكوا في دعم رسالة الأمم المتحدة</subfield>
    </datafield>
    <datafield tag="269" ind1=" " ind2=" ">
        <subfield code="a">20030319</subfield>
    </datafield>
    <datafield tag="650" ind1=" " ind2=" ">
        <subfield code="a">ACTIVITIES</subfield>
        <subfield code="0">(DHLAUTH)275823</subfield>
    </datafield>
    <datafield tag="650" ind1=" " ind2=" ">
        <subfield code="a">CONFERENCES</subfield>
        <subfield code="0">(DHLAUTH)275758</subfield>
    </datafield>
    <datafield tag="650" ind1=" " ind2=" ">
        <subfield code="a">WESTERN ASIA</subfield>
        <subfield code="0">(DHLAUTH)275490</subfield>
    </datafield>
</record>
<record>
    <datafield tag="191" ind1=" " ind2=" ">
        <subfield code="a">E/ESCWA/22/4(PART VII)/REV.1</subfield>
    </datafield>
    <datafield tag="245" ind1=" " ind2=" ">
        <subfield code="a">REPORT OF THE EXECUTIVE SECRETARY ON THE ACTIVITIES OF THE COMMISSION: FINANCIAL STATUS OF THE COMMISSION'S PROGRAMMES</subfield>
    </datafield>
    <datafield tag="269" ind1=" " ind2=" ">
        <subfield code="a">20030404</subfield>
    </datafield>
    <datafield tag="650" ind1=" " ind2=" ">
        <subfield code="a">BUDGET</subfield>
        <subfield code="0">(DHLAUTH)270085</subfield>
    </datafield>
    <datafield tag="650" ind1=" " ind2=" ">
        <subfield code="a">FINANCIAL ASPECTS</subfield>
        <subfield code="0">(DHLAUTH)275767</subfield>
    </datafield>
    <datafield tag="650" ind1=" " ind2=" ">
        <subfield code="a">TRUST FUNDS</subfield>
        <subfield code="0">(DHLAUTH)270424</subfield>
    </datafield>
    <datafield tag="650" ind1=" " ind2=" ">
        <subfield code="a">ACTIVITIES</subfield>
        <subfield code="0">(DHLAUTH)275823</subfield>
    </datafield>
    <datafield tag="650" ind1=" " ind2=" ">
        <subfield code="a">CONFERENCES</subfield>
        <subfield code="0">(DHLAUTH)275758</subfield>
    </datafield>
    <datafield tag="650" ind1=" " ind2=" ">
        <subfield code="a">WESTERN ASIA</subfield>
        <subfield code="0">(DHLAUTH)275490</subfield>
    </datafield>
</record>
<record>
    <datafield tag="191" ind1=" " ind2=" ">
        <subfield code="a">E/ESCWA/22/4(PART VII)/REV.2</subfield>
    </datafield>
    <datafield tag="246" ind1=" " ind2=" ">
        <subfield code="a">تقرير الأمين التنفيذي عن أنشطة اللجنة: الوضع المالي لبرامج اللجنة</subfield>
    </datafield>
    <datafield tag="269" ind1=" " ind2=" ">
        <subfield code="a">20030416</subfield>
    </datafield>
    <datafield tag="650" ind1=" " ind2=" ">
        <subfield code="a">BUDGET</subfield>
        <subfield code="0">(DHLAUTH)270085</subfield>
    </datafield>
    <datafield tag="650" ind1=" " ind2=" ">
        <subfield code="a">CONFERENCES</subfield>
        <subfield code="0">(DHLAUTH)275758</subfield>
    </datafield>
    <datafield tag="650" ind1=" " ind2=" ">
        <subfield code="a">WESTERN ASIA</subfield>
        <subfield code="0">(DHLAUTH)275490</subfield>
    </datafield>
    <datafield tag="650" ind1=" " ind2=" ">
        <subfield code="a">ACTIVITIES</subfield>
        <subfield code="0">(DHLAUTH)275823</subfield>
    </datafield>
    <datafield tag="650" ind1=" " ind2=" ">
        <subfield code="a">TRUST FUNDS</subfield>
        <subfield code="0">(DHLAUTH)270424</subfield>
    </datafield>
    <datafield tag="650" ind1=" " ind2=" ">
        <subfield code="a">FINANCIAL ASPECTS</subfield>
        <subfield code="0">(DHLAUTH)275767</subfield>
    </datafield>
</record>
<record>
    <datafield tag="191" ind1=" " ind2=" ">
        <subfield code="a">E/ESCWA/22/4(PART VI)</subfield>
    </datafield>
    <datafield tag="245" ind1=" " ind2=" ">
        <subfield code="a">REPORT OF THE EXECUTIVE SECRETARY ON THE ACTIVITIES OF THE COMMISSION: RESTRUCTURING OF THE ECONOMIC AND SOCIAL COMMISSION FOR WESTERN ASIA</subfield>
    </datafield>
    <datafield tag="246" ind1=" " ind2=" ">
        <subfield code="a">تقرير الأمين التنفيذي عن أنشطة اللجنة: إعادة هيكلة اللجنة الإقتصادية وافجتماعية لغربي آسيا</subfield>
    </datafield>
    <datafield tag="269" ind1=" " ind2=" ">
        <subfield code="a">20030313</subfield>
    </datafield>
    <datafield tag="650" ind1=" " ind2=" ">
        <subfield code="a">ORGANIZATIONAL STRUCTURE</subfield>
        <subfield code="0">(DHLAUTH)272030</subfield>
    </datafield>
    <datafield tag="650" ind1=" " ind2=" ">
        <subfield code="a">ORGANIZATIONAL REFORM</subfield>
        <subfield code="0">(DHLAUTH)479653</subfield>
    </datafield>
    <datafield tag="650" ind1=" " ind2=" ">
        <subfield code="a">PROGRAMME PRIORITIES</subfield>
        <subfield code="0">(DHLAUTH)275763</subfield>
    </datafield>
    <datafield tag="650" ind1=" " ind2=" ">
        <subfield code="a">ACTIVITIES</subfield>
        <subfield code="0">(DHLAUTH)275823</subfield>
    </datafield>
    <datafield tag="650" ind1=" " ind2=" ">
        <subfield code="a">CONFERENCES</subfield>
        <subfield code="0">(DHLAUTH)275758</subfield>
    </datafield>
    <datafield tag="650" ind1=" " ind2=" ">
        <subfield code="a">WESTERN ASIA</subfield>
        <subfield code="0">(DHLAUTH)275490</subfield>
    </datafield>
</record>
<record>
    <datafield tag="191" ind1=" " ind2=" ">
        <subfield code="a">E/ESCWA/22/5(A)</subfield>
    </datafield>
    <datafield tag="245" ind1=" " ind2=" ">
        <subfield code="a">ADOPTION OF THE AGREEMENT ON INTERNATIONAL RAILWAYS IN THE ARAB MASHREQ</subfield>
    </datafield>
    <datafield tag="269" ind1=" " ind2=" ">
        <subfield code="a">20030307</subfield>
    </datafield>
    <datafield tag="650" ind1=" " ind2=" ">
        <subfield code="a">CONFERENCES</subfield>
        <subfield code="0">(DHLAUTH)275758</subfield>
    </datafield>
    <datafield tag="650" ind1=" " ind2=" ">
        <subfield code="a">WESTERN ASIA</subfield>
        <subfield code="0">(DHLAUTH)275490</subfield>
    </datafield>
</record>
<record>
    <datafield tag="191" ind1=" " ind2=" ">
        <subfield code="a">E/ESCWA/22/6(A)</subfield>
    </datafield>
    <datafield tag="245" ind1=" " ind2=" ">
        <subfield code="a">ISSUES OF IMPORTANCE FOR THE FUTURE OF THE ESCWA REGION</subfield>
    </datafield>
    <datafield tag="269" ind1=" " ind2=" ">
        <subfield code="a">20030320</subfield>
    </datafield>
    <datafield tag="650" ind1=" " ind2=" ">
        <subfield code="a">CONFERENCES</subfield>
        <subfield code="0">(DHLAUTH)275758</subfield>
    </datafield>
    <datafield tag="650" ind1=" " ind2=" ">
        <subfield code="a">WESTERN ASIA</subfield>
        <subfield code="0">(DHLAUTH)275490</subfield>
    </datafield>
    <datafield tag="650" ind1=" " ind2=" ">
        <subfield code="a">AGENDA</subfield>
        <subfield code="0">(DHLAUTH)275133</subfield>
    </datafield>
</record>
<record>
    <datafield tag="191" ind1=" " ind2=" ">
        <subfield code="a">E/ESCWA/22/6/ADD.1(A)</subfield>
    </datafield>
    <datafield tag="245" ind1=" " ind2=" ">
        <subfield code="a">ISSUES OF IMPORTANCE FOR THE FUTURE OF THE ESCWA REGION: THE STRENGTHENING OF ARAB REGIONAL COOPERATION</subfield>
    </datafield>
    <datafield tag="269" ind1=" " ind2=" ">
        <subfield code="a">20030313</subfield>
    </datafield>
    <datafield tag="650" ind1=" " ind2=" ">
        <subfield code="a">REGIONAL COOPERATION</subfield>
        <subfield code="0">(DHLAUTH)268656</subfield>
    </datafield>
    <datafield tag="650" ind1=" " ind2=" ">
        <subfield code="a">GLOBALIZATION</subfield>
        <subfield code="0">(DHLAUTH)276685</subfield>
    </datafield>
    <datafield tag="650" ind1=" " ind2=" ">
        <subfield code="a">CONFERENCES</subfield>
        <subfield code="0">(DHLAUTH)275758</subfield>
    </datafield>
    <datafield tag="650" ind1=" " ind2=" ">
        <subfield code="a">WESTERN ASIA</subfield>
        <subfield code="0">(DHLAUTH)275490</subfield>
    </datafield>
</record>
<record>
    <datafield tag="191" ind1=" " ind2=" ">
        <subfield code="a">E/ESCWA/22/7(A)</subfield>
    </datafield>
    <datafield tag="245" ind1=" " ind2=" ">
        <subfield code="a">DRAFT PROGRAMME OF WORK AND PRIORITIES FOR THE BIENNIUM 2004-2005</subfield>
    </datafield>
    <datafield tag="269" ind1=" " ind2=" ">
        <subfield code="a">20030129</subfield>
    </datafield>
    <datafield tag="650" ind1=" " ind2=" ">
        <subfield code="a">WORK PROGRAMME</subfield>
        <subfield code="0">(DHLAUTH)275800</subfield>
    </datafield>
    <datafield tag="650" ind1=" " ind2=" ">
        <subfield code="a">SUSTAINABLE DEVELOPMENT</subfield>
        <subfield code="0">(DHLAUTH)269920</subfield>
    </datafield>
    <datafield tag="650" ind1=" " ind2=" ">
        <subfield code="a">WATER RESOURCES</subfield>
        <subfield code="0">(DHLAUTH)270568</subfield>
    </datafield>
    <datafield tag="650" ind1=" " ind2=" ">
        <subfield code="a">SOCIAL POLICY</subfield>
        <subfield code="0">(DHLAUTH)269713</subfield>
    </datafield>
    <datafield tag="650" ind1=" " ind2=" ">
        <subfield code="a">ECONOMIC ANALYSIS</subfield>
        <subfield code="0">(DHLAUTH)269649</subfield>
    </datafield>
    <datafield tag="650" ind1=" " ind2=" ">
        <subfield code="a">ECONOMIC INTEGRATION</subfield>
        <subfield code="0">(DHLAUTH)269761</subfield>
    </datafield>
    <datafield tag="650" ind1=" " ind2=" ">
        <subfield code="a">GLOBALIZATION</subfield>
        <subfield code="0">(DHLAUTH)276685</subfield>
    </datafield>
    <datafield tag="650" ind1=" " ind2=" ">
        <subfield code="a">INFORMATION TECHNOLOGY</subfield>
        <subfield code="0">(DHLAUTH)272714</subfield>
    </datafield>
    <datafield tag="650" ind1=" " ind2=" ">
        <subfield code="a">COMMUNICATION TECHNOLOGY</subfield>
        <subfield code="0">(DHLAUTH)272713</subfield>
    </datafield>
    <datafield tag="650" ind1=" " ind2=" ">
        <subfield code="a">STATISTICS</subfield>
        <subfield code="0">(DHLAUTH)269347</subfield>
    </datafield>
    <datafield tag="650" ind1=" " ind2=" ">
        <subfield code="a">ACTIVITIES</subfield>
        <subfield code="0">(DHLAUTH)275823</subfield>
    </datafield>
    <datafield tag="650" ind1=" " ind2=" ">
        <subfield code="a">CONFERENCES</subfield>
        <subfield code="0">(DHLAUTH)275758</subfield>
    </datafield>
    <datafield tag="650" ind1=" " ind2=" ">
        <subfield code="a">WESTERN ASIA</subfield>
        <subfield code="0">(DHLAUTH)275490</subfield>
    </datafield>
</record>
<record>
    <datafield tag="191" ind1=" " ind2=" ">
        <subfield code="a">E/ESCWA/22/8(A)</subfield>
    </datafield>
    <datafield tag="245" ind1=" " ind2=" ">
        <subfield code="a">THE ROLE OF ESCWA IN COORDINATING REGIONAL ACTIVITIES OF THE UNITED NATIONS SYSTEM</subfield>
    </datafield>
    <datafield tag="269" ind1=" " ind2=" ">
        <subfield code="a">20030314</subfield>
    </datafield>
    <datafield tag="650" ind1=" " ind2=" ">
        <subfield code="a">REGIONAL COOPERATION</subfield>
        <subfield code="0">(DHLAUTH)268656</subfield>
    </datafield>
    <datafield tag="650" ind1=" " ind2=" ">
        <subfield code="a">CONFERENCES</subfield>
        <subfield code="0">(DHLAUTH)275758</subfield>
    </datafield>
    <datafield tag="650" ind1=" " ind2=" ">
        <subfield code="a">ACTIVITIES</subfield>
        <subfield code="0">(DHLAUTH)275823</subfield>
    </datafield>
    <datafield tag="650" ind1=" " ind2=" ">
        <subfield code="a">WEBSITES</subfield>
        <subfield code="0">(DHLAUTH)481046</subfield>
    </datafield>
    <datafield tag="650" ind1=" " ind2=" ">
        <subfield code="a">WESTERN ASIA</subfield>
        <subfield code="0">(DHLAUTH)275490</subfield>
    </datafield>
</record>
<record>
    <datafield tag="191" ind1=" " ind2=" ">
        <subfield code="a">E/ESCWA/22/9/REV.1(A)</subfield>
    </datafield>
    <datafield tag="245" ind1=" " ind2=" ">
        <subfield code="a">DESIGNATING THE SESSIONS OF THE COMMISSION AS THE FORUM FOR A BIENNIAL PLEDGING CONFERENCE: RESOLUTION 236 (XXI)</subfield>
    </datafield>
    <datafield tag="269" ind1=" " ind2=" ">
        <subfield code="a">20030407</subfield>
    </datafield>
    <datafield tag="650" ind1=" " ind2=" ">
        <subfield code="a">PLEDGING CONFERENCES</subfield>
        <subfield code="0">(DHLAUTH)275832</subfield>
    </datafield>
    <datafield tag="650" ind1=" " ind2=" ">
        <subfield code="a">TRUST FUNDS</subfield>
        <subfield code="0">(DHLAUTH)270424</subfield>
    </datafield>
    <datafield tag="650" ind1=" " ind2=" ">
        <subfield code="a">BUDGET CONTRIBUTIONS</subfield>
        <subfield code="0">(DHLAUTH)275750</subfield>
    </datafield>
    <datafield tag="650" ind1=" " ind2=" ">
        <subfield code="a">ACTIVITIES</subfield>
        <subfield code="0">(DHLAUTH)275823</subfield>
    </datafield>
    <datafield tag="650" ind1=" " ind2=" ">
        <subfield code="a">REGIONAL COMMISSIONS</subfield>
        <subfield code="0">(DHLAUTH)269969</subfield>
    </datafield>
    <datafield tag="650" ind1=" " ind2=" ">
        <subfield code="a">CONFERENCES</subfield>
        <subfield code="0">(DHLAUTH)275758</subfield>
    </datafield>
    <datafield tag="650" ind1=" " ind2=" ">
        <subfield code="a">WESTERN ASIA</subfield>
        <subfield code="0">(DHLAUTH)275490</subfield>
    </datafield>
</record>
<record>
    <datafield tag="191" ind1=" " ind2=" ">
        <subfield code="a">E/ESCWA/23/RES/L.254</subfield>
    </datafield>
    <datafield tag="246" ind1=" " ind2=" ">
        <subfield code="a">مشروع قرار اعتماد مذكرة تفاهم بشان التعاون في مجال النقل البحري في المشرق العربي</subfield>
    </datafield>
    <datafield tag="269" ind1=" " ind2=" ">
        <subfield code="a">20050507</subfield>
    </datafield>
    <datafield tag="650" ind1=" " ind2=" ">
        <subfield code="a">MARITIME TRANSPORT</subfield>
        <subfield code="0">(DHLAUTH)272479</subfield>
    </datafield>
    <datafield tag="650" ind1=" " ind2=" ">
        <subfield code="a">TREATIES</subfield>
        <subfield code="0">(DHLAUTH)9632</subfield>
    </datafield>
    <datafield tag="650" ind1=" " ind2=" ">
        <subfield code="a">CONFERENCES</subfield>
        <subfield code="0">(DHLAUTH)275758</subfield>
    </datafield>
    <datafield tag="650" ind1=" " ind2=" ">
        <subfield code="a">WESTERN ASIA</subfield>
        <subfield code="0">(DHLAUTH)275490</subfield>
    </datafield>
    <datafield tag="650" ind1=" " ind2=" ">
        <subfield code="a">REGIONAL COOPERATION</subfield>
        <subfield code="0">(DHLAUTH)268656</subfield>
    </datafield>
    <datafield tag="650" ind1=" " ind2=" ">
        <subfield code="a">RESOLUTIONS AND DECISIONS</subfield>
        <subfield code="0">(DHLAUTH)275677</subfield>
    </datafield>
</record>
<record>
    <datafield tag="191" ind1=" " ind2=" ">
        <subfield code="a">E/ESCWA/24/4(PARTII)</subfield>
    </datafield>
    <datafield tag="246" ind1=" " ind2=" ">
        <subfield code="a">قضايا السياسة العامة في منطقة الاسكوا مواجهة مشاكل بطالة الشباب في منطقة الاسكوا</subfield>
    </datafield>
    <datafield tag="269" ind1=" " ind2=" ">
        <subfield code="a">20060419</subfield>
    </datafield>
    <datafield tag="650" ind1=" " ind2=" ">
        <subfield code="a">CONFERENCES</subfield>
        <subfield code="0">(DHLAUTH)275758</subfield>
    </datafield>
    <datafield tag="650" ind1=" " ind2=" ">
        <subfield code="a">WESTERN ASIA</subfield>
        <subfield code="0">(DHLAUTH)275490</subfield>
    </datafield>
    <datafield tag="650" ind1=" " ind2=" ">
        <subfield code="a">UNEMPLOYMENT</subfield>
        <subfield code="0">(DHLAUTH)269726</subfield>
    </datafield>
    <datafield tag="650" ind1=" " ind2=" ">
        <subfield code="a">YOUTH</subfield>
        <subfield code="0">(DHLAUTH)269401</subfield>
    </datafield>
    <datafield tag="650" ind1=" " ind2=" ">
        <subfield code="a">ECONOMIC GROWTH</subfield>
        <subfield code="0">(DHLAUTH)269754</subfield>
    </datafield>
    <datafield tag="650" ind1=" " ind2=" ">
        <subfield code="a">LABOUR MARKET</subfield>
        <subfield code="0">(DHLAUTH)269799</subfield>
    </datafield>
    <datafield tag="650" ind1=" " ind2=" ">
        <subfield code="a">STATISTICAL DATA</subfield>
        <subfield code="0">(DHLAUTH)270233</subfield>
    </datafield>
</record>
<record>
    <datafield tag="191" ind1=" " ind2=" ">
        <subfield code="a">E/ESCWA/25/1</subfield>
    </datafield>
    <datafield tag="245" ind1=" " ind2=" ">
        <subfield code="a">AGENDA/ TWENTY-FIFTH SESSION SANA'A 26-29 MAY 2008</subfield>
    </datafield>
    <datafield tag="246" ind1=" " ind2=" ">
        <subfield code="a">جدول الاعمال/ الدورة الخامسة والعشرون صنعاء, 26-29 ايار/مايو 2008</subfield>
    </datafield>
    <datafield tag="269" ind1=" " ind2=" ">
        <subfield code="a">20080526</subfield>
    </datafield>
    <datafield tag="650" ind1=" " ind2=" ">
        <subfield code="a">AGENDA</subfield>
        <subfield code="0">(DHLAUTH)275133</subfield>
    </datafield>
    <datafield tag="650" ind1=" " ind2=" ">
        <subfield code="a">CONFERENCES</subfield>
        <subfield code="0">(DHLAUTH)275758</subfield>
    </datafield>
    <datafield tag="650" ind1=" " ind2=" ">
        <subfield code="a">WESTERN ASIA</subfield>
        <subfield code="0">(DHLAUTH)275490</subfield>
    </datafield>
</record>
<record>
    <datafield tag="191" ind1=" " ind2=" ">
        <subfield code="a">E/ESCWA/25/10</subfield>
    </datafield>
    <datafield tag="245" ind1=" " ind2=" ">
        <subfield code="a">REPORT ON THE TWENTY-FIFTH SESSION 26-29 MAY 2008</subfield>
    </datafield>
    <datafield tag="246" ind1=" " ind2=" ">
        <subfield code="a">RAPPORT SUR LA VINGT-CINQUIEME SESSION 26-29 MAI 2008</subfield>
    </datafield>
    <datafield tag="246" ind1=" " ind2=" ">
        <subfield code="a">تقرير الدورة الخامسة والعشرين, 26--29 آيار /مايو 2008</subfield>
    </datafield>
    <datafield tag="269" ind1=" " ind2=" ">
        <subfield code="a">20080529</subfield>
    </datafield>
    <datafield tag="650" ind1=" " ind2=" ">
        <subfield code="a">WESTERN ASIA</subfield>
        <subfield code="0">(DHLAUTH)275490</subfield>
    </datafield>
    <datafield tag="650" ind1=" " ind2=" ">
        <subfield code="a">CONFERENCES</subfield>
        <subfield code="0">(DHLAUTH)275758</subfield>
    </datafield>
    <datafield tag="650" ind1=" " ind2=" ">
        <subfield code="a">PARTICIPANTS</subfield>
        <subfield code="0">(DHLAUTH)275785</subfield>
    </datafield>
    <datafield tag="650" ind1=" " ind2=" ">
        <subfield code="a">ACTIVITIES</subfield>
        <subfield code="0">(DHLAUTH)275823</subfield>
    </datafield>
    <datafield tag="650" ind1=" " ind2=" ">
        <subfield code="a">WORK ORGANIZATION</subfield>
        <subfield code="0">(DHLAUTH)275746</subfield>
    </datafield>
    <datafield tag="650" ind1=" " ind2=" ">
        <subfield code="a">DOCUMENTS</subfield>
        <subfield code="0">(DHLAUTH)270014</subfield>
    </datafield>
    <datafield tag="650" ind1=" " ind2=" ">
        <subfield code="a">MULTIMODAL TRANSPORT</subfield>
        <subfield code="0">(DHLAUTH)272480</subfield>
    </datafield>
    <datafield tag="650" ind1=" " ind2=" ">
        <subfield code="a">RESOLUTIONS AND DECISIONS</subfield>
        <subfield code="0">(DHLAUTH)275677</subfield>
    </datafield>
    <datafield tag="650" ind1=" " ind2=" ">
        <subfield code="a">CLIMATE CHANGE</subfield>
        <subfield code="0">(DHLAUTH)275343</subfield>
    </datafield>
    <datafield tag="650" ind1=" " ind2=" ">
        <subfield code="a">ARAB COUNTRIES</subfield>
        <subfield code="0">(DHLAUTH)268705</subfield>
    </datafield>
    <datafield tag="650" ind1=" " ind2=" ">
        <subfield code="a">TECHNOLOGY</subfield>
        <subfield code="0">(DHLAUTH)271833</subfield>
    </datafield>
    <datafield tag="650" ind1=" " ind2=" ">
        <subfield code="a">SOCIAL POLICY</subfield>
        <subfield code="0">(DHLAUTH)269713</subfield>
    </datafield>
    <datafield tag="650" ind1=" " ind2=" ">
        <subfield code="a">GENDER STATISTICS</subfield>
        <subfield code="0">(DHLAUTH)276683</subfield>
    </datafield>
    <datafield tag="650" ind1=" " ind2=" ">
        <subfield code="a">YEMEN</subfield>
        <subfield code="0">(DHLAUTH)273521</subfield>
    </datafield>
    <datafield tag="650" ind1=" " ind2=" ">
        <subfield code="a">ARABIC LANGUAGE</subfield>
        <subfield code="0">(DHLAUTH)274768</subfield>
    </datafield>
    <datafield tag="650" ind1=" " ind2=" ">
        <subfield code="a">TECHNICAL COOPERATION</subfield>
        <subfield code="0">(DHLAUTH)268658</subfield>
    </datafield>
    <datafield tag="650" ind1=" " ind2=" ">
        <subfield code="a">AGENDA</subfield>
        <subfield code="0">(DHLAUTH)275133</subfield>
    </datafield>
    <datafield tag="650" ind1=" " ind2=" ">
        <subfield code="a">RESOLUTIONS AND DECISIONS</subfield>
        <subfield code="0">(DHLAUTH)275677</subfield>
    </datafield>
    <datafield tag="650" ind1=" " ind2=" ">
        <subfield code="a">EQUALITY</subfield>
        <subfield code="0">(DHLAUTH)268334</subfield>
    </datafield>
    <datafield tag="650" ind1=" " ind2=" ">
        <subfield code="a">EMPOWERMENT</subfield>
        <subfield code="0">(DHLAUTH)469874</subfield>
    </datafield>
    <datafield tag="650" ind1=" " ind2=" ">
        <subfield code="a">WOMEN</subfield>
        <subfield code="0">(DHLAUTH)273032</subfield>
    </datafield>
    <datafield tag="650" ind1=" " ind2=" ">
        <subfield code="a">VIOLENCE</subfield>
        <subfield code="0">(DHLAUTH)268506</subfield>
    </datafield>
    <datafield tag="650" ind1=" " ind2=" ">
        <subfield code="a">ECONOMIC POLICY</subfield>
        <subfield code="0">(DHLAUTH)268235</subfield>
    </datafield>
    <datafield tag="650" ind1=" " ind2=" ">
        <subfield code="a">ECONOMIC DEVELOPMENT</subfield>
        <subfield code="0">(DHLAUTH)269755</subfield>
    </datafield>
    <datafield tag="650" ind1=" " ind2=" ">
        <subfield code="a">YOUTH EMPLOYMENT</subfield>
        <subfield code="0">(DHLAUTH)274031</subfield>
    </datafield>
    <datafield tag="650" ind1=" " ind2=" ">
        <subfield code="a">INFORMATION SOCIETY</subfield>
        <subfield code="0">(DHLAUTH)612610</subfield>
    </datafield>
    <datafield tag="650" ind1=" " ind2=" ">
        <subfield code="a">ADVISORY SERVICES</subfield>
        <subfield code="0">(DHLAUTH)269860</subfield>
    </datafield>
    <datafield tag="650" ind1=" " ind2=" ">
        <subfield code="a">CONFLICT</subfield>
        <subfield code="0">(DHLAUTH)268740</subfield>
    </datafield>
    <datafield tag="650" ind1=" " ind2=" ">
        <subfield code="a">SUDAN</subfield>
        <subfield code="0">(DHLAUTH)273486</subfield>
    </datafield>
    <datafield tag="650" ind1=" " ind2=" ">
        <subfield code="a">POLICY-MAKING</subfield>
        <subfield code="0">(DHLAUTH)274697</subfield>
    </datafield>
</record>
<record>
    <datafield tag="191" ind1=" " ind2=" ">
        <subfield code="a">E/ESCWA/25/1/ADD.1</subfield>
    </datafield>
    <datafield tag="245" ind1=" " ind2=" ">
        <subfield code="a">ANNOTATED AGENDA/ TWENTY-FIFTH SESSION SANA'A 26-29 MAY 2008</subfield>
    </datafield>
    <datafield tag="246" ind1=" " ind2=" ">
        <subfield code="a">جدول الاعمال المشروح/ الدورة الخامسة والعشرون صنعاء, 26-29 ايار/مايو 2008</subfield>
    </datafield>
    <datafield tag="269" ind1=" " ind2=" ">
        <subfield code="a">20080605</subfield>
    </datafield>
    <datafield tag="650" ind1=" " ind2=" ">
        <subfield code="a">WESTERN ASIA</subfield>
        <subfield code="0">(DHLAUTH)275490</subfield>
    </datafield>
    <datafield tag="650" ind1=" " ind2=" ">
        <subfield code="a">CONFERENCES</subfield>
        <subfield code="0">(DHLAUTH)275758</subfield>
    </datafield>
    <datafield tag="650" ind1=" " ind2=" ">
        <subfield code="a">AGENDA</subfield>
        <subfield code="0">(DHLAUTH)275133</subfield>
    </datafield>
    <datafield tag="650" ind1=" " ind2=" ">
        <subfield code="a">WORK ORGANIZATION</subfield>
        <subfield code="0">(DHLAUTH)275746</subfield>
    </datafield>
    <datafield tag="650" ind1=" " ind2=" ">
        <subfield code="a">REGIONAL COOPERATION</subfield>
        <subfield code="0">(DHLAUTH)268656</subfield>
    </datafield>
    <datafield tag="650" ind1=" " ind2=" ">
        <subfield code="a">ARABIC LANGUAGE</subfield>
        <subfield code="0">(DHLAUTH)274768</subfield>
    </datafield>
    <datafield tag="650" ind1=" " ind2=" ">
        <subfield code="a">MULTIMODAL TRANSPORT</subfield>
        <subfield code="0">(DHLAUTH)272480</subfield>
    </datafield>
    <datafield tag="650" ind1=" " ind2=" ">
        <subfield code="a">PROJECT IMPLEMENTATION</subfield>
        <subfield code="0">(DHLAUTH)269965</subfield>
    </datafield>
    <datafield tag="650" ind1=" " ind2=" ">
        <subfield code="a">SUDAN</subfield>
        <subfield code="0">(DHLAUTH)273486</subfield>
    </datafield>
</record>
<record>
    <datafield tag="191" ind1=" " ind2=" ">
        <subfield code="a">E/ESCWA/25/2</subfield>
    </datafield>
    <datafield tag="245" ind1=" " ind2=" ">
        <subfield code="a">ORGANIZATION OF WORK/ TWENTY-FIFTH SESSION SANA'A 26-29 MAY 2008</subfield>
    </datafield>
    <datafield tag="246" ind1=" " ind2=" ">
        <subfield code="a">تنظيم الاعمال/ الدورة الخامسة والعشرون صنعاء, 26-29 ايار/مايو 2008</subfield>
    </datafield>
    <datafield tag="269" ind1=" " ind2=" ">
        <subfield code="a">20080526</subfield>
    </datafield>
    <datafield tag="650" ind1=" " ind2=" ">
        <subfield code="a">CONFERENCES</subfield>
        <subfield code="0">(DHLAUTH)275758</subfield>
    </datafield>
    <datafield tag="650" ind1=" " ind2=" ">
        <subfield code="a">WORK ORGANIZATION</subfield>
        <subfield code="0">(DHLAUTH)275746</subfield>
    </datafield>
    <datafield tag="650" ind1=" " ind2=" ">
        <subfield code="a">WESTERN ASIA</subfield>
        <subfield code="0">(DHLAUTH)275490</subfield>
    </datafield>
</record>
<record>
    <datafield tag="191" ind1=" " ind2=" ">
        <subfield code="a">E/ESCWA/25/3</subfield>
    </datafield>
    <datafield tag="245" ind1=" " ind2=" ">
        <subfield code="a">CONSIDERATION OF REQUESTS BY STATES MEMBERS OF THE UNITED NATIONS AND/OR ITS SPECIALIZED AGENCIES THAT ARE NOT MEMBERS OF THE ECONOMIC AND SOCIAL COMMISSION FOR WESTERN ASIA (ESCWA) TO PARTICIPATE AS OBSERVERS IN THE TWENTY-FIFTH SESSION OF THE COMMISSION/ TWENTY-FIFTH SESSION SANA'A 26-29 MAY 2008</subfield>
    </datafield>
    <datafield tag="246" ind1=" " ind2=" ">
        <subfield code="a">النظر في طلبات الدول الاعضاء في الامم المتحدة و/او في وكالاتها المتخصصة التي ليست اعضاء في اللجنة الاقتصادية والاجتماعية لغربي اسيا للاشتراك بصفة مراقب في الدورة الخامسة والعشرين للجنة/ الدورة الخامسة والعشرون صنعاء, 26-29 ايار/مايو 2008</subfield>
    </datafield>
    <datafield tag="269" ind1=" " ind2=" ">
        <subfield code="a">20080318</subfield>
    </datafield>
    <datafield tag="650" ind1=" " ind2=" ">
        <subfield code="a">CONFERENCES</subfield>
        <subfield code="0">(DHLAUTH)275758</subfield>
    </datafield>
    <datafield tag="650" ind1=" " ind2=" ">
        <subfield code="a">WESTERN ASIA</subfield>
        <subfield code="0">(DHLAUTH)275490</subfield>
    </datafield>
    <datafield tag="650" ind1=" " ind2=" ">
        <subfield code="a">MEMBERS</subfield>
        <subfield code="0">(DHLAUTH)275782</subfield>
    </datafield>
</record>
<record>
    <datafield tag="191" ind1=" " ind2=" ">
        <subfield code="a">E/ESCWA/25/4</subfield>
    </datafield>
    <datafield tag="245" ind1=" " ind2=" ">
        <subfield code="a">POLICY ISSUES IN THE ESCWA REGION/ TWENTY-FIFTH SESSION SANA'A 26-29 MAY 2008</subfield>
    </datafield>
    <datafield tag="246" ind1=" " ind2=" ">
        <subfield code="a">قضايا السياسة العامة في منطقة الاسكوا/ الدورة الخامسة والعشرون صنعاء, 26-29 ايار/مايو 2008</subfield>
    </datafield>
    <datafield tag="269" ind1=" " ind2=" ">
        <subfield code="a">20080421</subfield>
    </datafield>
    <datafield tag="650" ind1=" " ind2=" ">
        <subfield code="a">CONFERENCES</subfield>
        <subfield code="0">(DHLAUTH)275758</subfield>
    </datafield>
    <datafield tag="650" ind1=" " ind2=" ">
        <subfield code="a">WESTERN ASIA</subfield>
        <subfield code="0">(DHLAUTH)275490</subfield>
    </datafield>
    <datafield tag="650" ind1=" " ind2=" ">
        <subfield code="a">AGENDA</subfield>
        <subfield code="0">(DHLAUTH)275133</subfield>
    </datafield>
    <datafield tag="650" ind1=" " ind2=" ">
        <subfield code="a">POLICY-MAKING</subfield>
        <subfield code="0">(DHLAUTH)274697</subfield>
    </datafield>
    <datafield tag="650" ind1=" " ind2=" ">
        <subfield code="a">DEVELOPMENT FINANCE</subfield>
        <subfield code="0">(DHLAUTH)269876</subfield>
    </datafield>
</record>
<record>
    <datafield tag="191" ind1=" " ind2=" ">
        <subfield code="a">E/ESCWA/25/4(PARTII)/A</subfield>
    </datafield>
    <datafield tag="245" ind1=" " ind2=" ">
        <subfield code="a">STRENGTHENING REGIONAL COOPERATION FOR ACHIEVING THE MILLENNIUM DEVELOPMENT GOALS: POLICY ISSUES IN THE ESCWA REGION REGIONAL COOPERATION FOR ACHIEVING THE MILLENNIUM DEVELOPMENT GOALS/ TWENTY-FIFTH SESSION SANA'A 26-29 MAY 2008</subfield>
    </datafield>
    <datafield tag="246" ind1=" " ind2=" ">
        <subfield code="a">تعزيز التعاون الاقليمي لتحقيق الاهداف الانمائية للالفية: قضايا السياسة العامة في منطقة الاسكوا التعاون الاقليمي لتحقيق الاهداف الانمائية للالفية/ الدورة الخامسة والعشرون صنعاء, 26-29 ايار/مايو 2008</subfield>
    </datafield>
    <datafield tag="269" ind1=" " ind2=" ">
        <subfield code="a">20080417</subfield>
    </datafield>
    <datafield tag="650" ind1=" " ind2=" ">
        <subfield code="a">CONFERENCES</subfield>
        <subfield code="0">(DHLAUTH)275758</subfield>
    </datafield>
    <datafield tag="650" ind1=" " ind2=" ">
        <subfield code="a">WESTERN ASIA</subfield>
        <subfield code="0">(DHLAUTH)275490</subfield>
    </datafield>
    <datafield tag="650" ind1=" " ind2=" ">
        <subfield code="a">AGENDA</subfield>
        <subfield code="0">(DHLAUTH)275133</subfield>
    </datafield>
    <datafield tag="650" ind1=" " ind2=" ">
        <subfield code="a">DEVELOPMENT FINANCE</subfield>
        <subfield code="0">(DHLAUTH)269876</subfield>
    </datafield>
    <datafield tag="650" ind1=" " ind2=" ">
        <subfield code="a">FINANCIAL RESOURCES</subfield>
        <subfield code="0">(DHLAUTH)269810</subfield>
    </datafield>
    <datafield tag="650" ind1=" " ind2=" ">
        <subfield code="a">CAPITAL MARKETS</subfield>
        <subfield code="0">(DHLAUTH)270364</subfield>
    </datafield>
    <datafield tag="650" ind1=" " ind2=" ">
        <subfield code="a">FOREIGN DIRECT INVESTMENT</subfield>
        <subfield code="0">(DHLAUTH)269863</subfield>
    </datafield>
    <datafield tag="650" ind1=" " ind2=" ">
        <subfield code="a">INTERNATIONAL TRADE</subfield>
        <subfield code="0">(DHLAUTH)269532</subfield>
    </datafield>
    <datafield tag="650" ind1=" " ind2=" ">
        <subfield code="a">TECHNICAL COOPERATION</subfield>
        <subfield code="0">(DHLAUTH)268658</subfield>
    </datafield>
    <datafield tag="650" ind1=" " ind2=" ">
        <subfield code="a">ECONOMIC INTEGRATION</subfield>
        <subfield code="0">(DHLAUTH)269761</subfield>
    </datafield>
    <datafield tag="650" ind1=" " ind2=" ">
        <subfield code="a">GOODS</subfield>
        <subfield code="0">(DHLAUTH)269547</subfield>
    </datafield>
    <datafield tag="650" ind1=" " ind2=" ">
        <subfield code="a">IMMIGRANTS</subfield>
        <subfield code="0">(DHLAUTH)273042</subfield>
    </datafield>
</record>
<record>
    <datafield tag="191" ind1=" " ind2=" ">
        <subfield code="a">E/ESCWA/25/4(PARTII)/B</subfield>
    </datafield>
    <datafield tag="245" ind1=" " ind2=" ">
        <subfield code="a">ACHIEVEMENTS AND PROGRESS MADE IN ATTAINING THE MILLENNIUM DEVELOPMENT GOALS: POLICY ISSUES IN THE ESCWA REGION REGIONAL COOPERATION FOR ACHIEVING THE MILLENNIUM DEVELOPMENT GOALS/ TWENTY-FIFTH SESSION SANA'A 26-29 MAY 2008</subfield>
    </datafield>
    <datafield tag="246" ind1=" " ind2=" ">
        <subfield code="a">الانجازات والتقدم المحرز في بلوغ الاهداف الانمائية للالفية في البلدان العربية: التحديات والسياسات: قضايا السياسة العامة في منطقة الاسكوا التعاون الاقليمي لتحقيق الاهداف الانمائية للالفية/ الدورة الخامسة والعشرون صنعاء, 26-29 ايار/مايو 2008</subfield>
    </datafield>
    <datafield tag="269" ind1=" " ind2=" ">
        <subfield code="a">20080414</subfield>
    </datafield>
    <datafield tag="650" ind1=" " ind2=" ">
        <subfield code="a">CONFERENCES</subfield>
        <subfield code="0">(DHLAUTH)275758</subfield>
    </datafield>
    <datafield tag="650" ind1=" " ind2=" ">
        <subfield code="a">WESTERN ASIA</subfield>
        <subfield code="0">(DHLAUTH)275490</subfield>
    </datafield>
    <datafield tag="650" ind1=" " ind2=" ">
        <subfield code="a">AGENDA</subfield>
        <subfield code="0">(DHLAUTH)275133</subfield>
    </datafield>
    <datafield tag="650" ind1=" " ind2=" ">
        <subfield code="a">REGIONAL COOPERATION</subfield>
        <subfield code="0">(DHLAUTH)268656</subfield>
    </datafield>
    <datafield tag="650" ind1=" " ind2=" ">
        <subfield code="a">CONFLICT</subfield>
        <subfield code="0">(DHLAUTH)268740</subfield>
    </datafield>
    <datafield tag="650" ind1=" " ind2=" ">
        <subfield code="a">POVERTY</subfield>
        <subfield code="0">(DHLAUTH)270079</subfield>
    </datafield>
    <datafield tag="650" ind1=" " ind2=" ">
        <subfield code="a">YOUTH</subfield>
        <subfield code="0">(DHLAUTH)269401</subfield>
    </datafield>
    <datafield tag="650" ind1=" " ind2=" ">
        <subfield code="a">GENDER EQUALITY</subfield>
        <subfield code="0">(DHLAUTH)441178</subfield>
    </datafield>
    <datafield tag="650" ind1=" " ind2=" ">
        <subfield code="a">PRIMARY EDUCATION</subfield>
        <subfield code="0">(DHLAUTH)273999</subfield>
    </datafield>
    <datafield tag="650" ind1=" " ind2=" ">
        <subfield code="a">CHILD MORTALITY</subfield>
        <subfield code="0">(DHLAUTH)272962</subfield>
    </datafield>
    <datafield tag="650" ind1=" " ind2=" ">
        <subfield code="a">MOTHERS</subfield>
        <subfield code="0">(DHLAUTH)273089</subfield>
    </datafield>
    <datafield tag="650" ind1=" " ind2=" ">
        <subfield code="a">AIDS</subfield>
        <subfield code="0">(DHLAUTH)273866</subfield>
    </datafield>
    <datafield tag="650" ind1=" " ind2=" ">
        <subfield code="a">MALARIA</subfield>
        <subfield code="0">(DHLAUTH)273871</subfield>
    </datafield>
    <datafield tag="650" ind1=" " ind2=" ">
        <subfield code="a">EDUCATION</subfield>
        <subfield code="0">(DHLAUTH)268926</subfield>
    </datafield>
    <datafield tag="650" ind1=" " ind2=" ">
        <subfield code="a">EMPLOYMENT</subfield>
        <subfield code="0">(DHLAUTH)269797</subfield>
    </datafield>
    <datafield tag="650" ind1=" " ind2=" ">
        <subfield code="a">UNEMPLOYMENT</subfield>
        <subfield code="0">(DHLAUTH)269726</subfield>
    </datafield>
    <datafield tag="650" ind1=" " ind2=" ">
        <subfield code="a">WOMEN</subfield>
        <subfield code="0">(DHLAUTH)273032</subfield>
    </datafield>
    <datafield tag="650" ind1=" " ind2=" ">
        <subfield code="a">EMPOWERMENT</subfield>
        <subfield code="0">(DHLAUTH)469874</subfield>
    </datafield>
</record>
<record>
    <datafield tag="191" ind1=" " ind2=" ">
        <subfield code="a">E/ESCWA/25/4(PARTI)/A</subfield>
    </datafield>
    <datafield tag="245" ind1=" " ind2=" ">
        <subfield code="a">FOLLOW-UP TO IMPLEMENTATION OF THE MONTERREY CONSENSUS IN THE ESCWA MEMBER COUNTRIES: POLICY ISSUES IN THE ESCWA REGION FINANCING FOR DEVELOPMENT IN THE ESCWA REGION/ TWENTY-FIFTH SESSION SANA'A 26-29 MAY 2008</subfield>
    </datafield>
    <datafield tag="246" ind1=" " ind2=" ">
        <subfield code="a">متابعة تنفيذ توافق اراء مونتيري في البلدان الاعضاء في الاسكوا: قضايا السياسة العامة في منطقة الاسكوا تمويل التنمية في منطقة الاسكوا</subfield>
    </datafield>
    <datafield tag="269" ind1=" " ind2=" ">
        <subfield code="a">20080319</subfield>
    </datafield>
    <datafield tag="650" ind1=" " ind2=" ">
        <subfield code="a">CONFERENCES</subfield>
        <subfield code="0">(DHLAUTH)275758</subfield>
    </datafield>
    <datafield tag="650" ind1=" " ind2=" ">
        <subfield code="a">WESTERN ASIA</subfield>
        <subfield code="0">(DHLAUTH)275490</subfield>
    </datafield>
    <datafield tag="650" ind1=" " ind2=" ">
        <subfield code="a">AGENDA</subfield>
        <subfield code="0">(DHLAUTH)275133</subfield>
    </datafield>
    <datafield tag="650" ind1=" " ind2=" ">
        <subfield code="a">PROGRAMME IMPLEMENTATION</subfield>
        <subfield code="0">(DHLAUTH)275794</subfield>
    </datafield>
    <datafield tag="650" ind1=" " ind2=" ">
        <subfield code="a">DEVELOPMENT FINANCE</subfield>
        <subfield code="0">(DHLAUTH)269876</subfield>
    </datafield>
    <datafield tag="650" ind1=" " ind2=" ">
        <subfield code="a">MONEY SUPPLY</subfield>
        <subfield code="0">(DHLAUTH)269689</subfield>
    </datafield>
    <datafield tag="650" ind1=" " ind2=" ">
        <subfield code="a">CAPITAL MARKETS</subfield>
        <subfield code="0">(DHLAUTH)270364</subfield>
    </datafield>
    <datafield tag="650" ind1=" " ind2=" ">
        <subfield code="a">FOREIGN DIRECT INVESTMENT</subfield>
        <subfield code="0">(DHLAUTH)269863</subfield>
    </datafield>
    <datafield tag="650" ind1=" " ind2=" ">
        <subfield code="a">INTERNATIONAL TRADE</subfield>
        <subfield code="0">(DHLAUTH)269532</subfield>
    </datafield>
    <datafield tag="650" ind1=" " ind2=" ">
        <subfield code="a">TECHNICAL COOPERATION</subfield>
        <subfield code="0">(DHLAUTH)268658</subfield>
    </datafield>
    <datafield tag="650" ind1=" " ind2=" ">
        <subfield code="a">EXTERNAL DEBT</subfield>
        <subfield code="0">(DHLAUTH)270096</subfield>
    </datafield>
    <datafield tag="650" ind1=" " ind2=" ">
        <subfield code="a">RECOMMENDATIONS</subfield>
        <subfield code="0">(DHLAUTH)275840</subfield>
    </datafield>
</record>
<record>
    <datafield tag="191" ind1=" " ind2=" ">
        <subfield code="a">E/ESCWA/25/4(PARTI)/B/REV.1</subfield>
    </datafield>
    <datafield tag="191" ind1=" " ind2=" ">
        <subfield code="a">E/ESCWA/EDGD/2008/4/REV.1</subfield>
    </datafield>
    <datafield tag="245" ind1=" " ind2=" ">
        <subfield code="a">REPORT CONSULTATIVE PREPARATORY MEETING FOR THE FOLLOW-UP INTERNATIONAL CONFERENCE ON FINANCING FOR DEVELOPMENT DOHA, 29-30 APRIL 2008</subfield>
    </datafield>
    <datafield tag="246" ind1=" " ind2=" ">
        <subfield code="a">تقرير الاجتماع التشاوري التحضيري لمؤتمر المتابعة الدولي لتمويل التنمية الدوحة, 29-30 نيسان/ابريل 2008</subfield>
    </datafield>
    <datafield tag="269" ind1=" " ind2=" ">
        <subfield code="a">20080605</subfield>
    </datafield>
    <datafield tag="650" ind1=" " ind2=" ">
        <subfield code="a">CONFERENCES</subfield>
        <subfield code="0">(DHLAUTH)275758</subfield>
    </datafield>
    <datafield tag="650" ind1=" " ind2=" ">
        <subfield code="a">WESTERN ASIA</subfield>
        <subfield code="0">(DHLAUTH)275490</subfield>
    </datafield>
    <datafield tag="650" ind1=" " ind2=" ">
        <subfield code="a">DEVELOPMENT FINANCE</subfield>
        <subfield code="0">(DHLAUTH)269876</subfield>
    </datafield>
    <datafield tag="650" ind1=" " ind2=" ">
        <subfield code="a">RECOMMENDATIONS</subfield>
        <subfield code="0">(DHLAUTH)275840</subfield>
    </datafield>
    <datafield tag="650" ind1=" " ind2=" ">
        <subfield code="a">WORK ORGANIZATION</subfield>
        <subfield code="0">(DHLAUTH)275746</subfield>
    </datafield>
    <datafield tag="650" ind1=" " ind2=" ">
        <subfield code="a">FINANCIAL RESOURCES</subfield>
        <subfield code="0">(DHLAUTH)269810</subfield>
    </datafield>
    <datafield tag="650" ind1=" " ind2=" ">
        <subfield code="a">PARTICIPANTS</subfield>
        <subfield code="0">(DHLAUTH)275785</subfield>
    </datafield>
    <datafield tag="650" ind1=" " ind2=" ">
        <subfield code="a">INTERNATIONAL TRADE</subfield>
        <subfield code="0">(DHLAUTH)269532</subfield>
    </datafield>
</record>
<record>
    <datafield tag="191" ind1=" " ind2=" ">
        <subfield code="a">E/ESCWA/25/5</subfield>
    </datafield>
    <datafield tag="245" ind1=" " ind2=" ">
        <subfield code="a">REPORT OF THE EXECUTIVE SECRETARY ON THE ACTIVITIES OF THE COMMISSION/ TWENTY-FIFTH SESSION SANA'A 26-29 MAY 2008</subfield>
    </datafield>
    <datafield tag="246" ind1=" " ind2=" ">
        <subfield code="a">تقرير الامين التنفيذي عن انشطة اللجنة/ الدورة الخامسة والعشرون صنعاء, 26-29 ايار/مايو 2008</subfield>
    </datafield>
    <datafield tag="269" ind1=" " ind2=" ">
        <subfield code="a">20080318</subfield>
    </datafield>
    <datafield tag="650" ind1=" " ind2=" ">
        <subfield code="a">CONFERENCES</subfield>
        <subfield code="0">(DHLAUTH)275758</subfield>
    </datafield>
    <datafield tag="650" ind1=" " ind2=" ">
        <subfield code="a">WESTERN ASIA</subfield>
        <subfield code="0">(DHLAUTH)275490</subfield>
    </datafield>
    <datafield tag="650" ind1=" " ind2=" ">
        <subfield code="a">AGENDA</subfield>
        <subfield code="0">(DHLAUTH)275133</subfield>
    </datafield>
    <datafield tag="650" ind1=" " ind2=" ">
        <subfield code="a">OPERATIONAL ACTIVITIES</subfield>
        <subfield code="0">(DHLAUTH)269992</subfield>
    </datafield>
</record>
<record>
    <datafield tag="191" ind1=" " ind2=" ">
        <subfield code="a">E/ESCWA/25/5(PARTIII)</subfield>
    </datafield>
    <datafield tag="245" ind1=" " ind2=" ">
        <subfield code="a">FOLLOW-UP TO THE ESTABLISHMENT OF AN ARABIC LANGUAGE CENTRE AT ESCWA: REPORT OF THE EXECUTIVE SECRETARY ON THE ACTIVITIES OF THE COMMISSION/ TWENTY-FIFTH SESSION SANA'A 26-29 MAY 2008</subfield>
    </datafield>
    <datafield tag="246" ind1=" " ind2=" ">
        <subfield code="a">متابعة انشاء مركز للغة العربية في الاسكوا: تقرير الامين التنفيذي عن انشطة اللجنة/ الدورة الخامسة والعشرون صنعاء, 26-29 ايار/مايو 2008</subfield>
    </datafield>
    <datafield tag="269" ind1=" " ind2=" ">
        <subfield code="a">20080417</subfield>
    </datafield>
    <datafield tag="650" ind1=" " ind2=" ">
        <subfield code="a">CONFERENCES</subfield>
        <subfield code="0">(DHLAUTH)275758</subfield>
    </datafield>
    <datafield tag="650" ind1=" " ind2=" ">
        <subfield code="a">AGENDA</subfield>
        <subfield code="0">(DHLAUTH)275133</subfield>
    </datafield>
    <datafield tag="650" ind1=" " ind2=" ">
        <subfield code="a">WESTERN ASIA</subfield>
        <subfield code="0">(DHLAUTH)275490</subfield>
    </datafield>
    <datafield tag="650" ind1=" " ind2=" ">
        <subfield code="a">ARABIC LANGUAGE</subfield>
        <subfield code="0">(DHLAUTH)274768</subfield>
    </datafield>
    <datafield tag="650" ind1=" " ind2=" ">
        <subfield code="a">OPERATIONAL ACTIVITIES</subfield>
        <subfield code="0">(DHLAUTH)269992</subfield>
    </datafield>
</record>
<record>
    <datafield tag="191" ind1=" " ind2=" ">
        <subfield code="a">E/ESCWA/25/5(PARTII)</subfield>
    </datafield>
    <datafield tag="245" ind1=" " ind2=" ">
        <subfield code="a">FOLLOW-UP TO THE IMPLEMENTATION OF THE RESOLUTIONS ADOPTED BY THE COMMISSION AT ITS TWENTY-FOURTH SESSION: REPORT OF THE EXECUTIVE SECRETARY ON THE ACTIVITIES OF THE COMMISSION/ TWENTY-FIFTH SESSION SANA'A 26-29 MAY 2008</subfield>
    </datafield>
    <datafield tag="246" ind1=" " ind2=" ">
        <subfield code="a">متابعة تنفيذ القرارات التي اعتمدتها اللجنة في دورتها الرابعة والعشرين: تقرير الامين التنفيذي عن انشطة اللجنة/ الدورة الخامسة والعشرون صنعاء, 26-29 ايار/مايو 2008</subfield>
    </datafield>
    <datafield tag="269" ind1=" " ind2=" ">
        <subfield code="a">20080421</subfield>
    </datafield>
    <datafield tag="650" ind1=" " ind2=" ">
        <subfield code="a">CONFERENCES</subfield>
        <subfield code="0">(DHLAUTH)275758</subfield>
    </datafield>
    <datafield tag="650" ind1=" " ind2=" ">
        <subfield code="a">WESTERN ASIA</subfield>
        <subfield code="0">(DHLAUTH)275490</subfield>
    </datafield>
    <datafield tag="650" ind1=" " ind2=" ">
        <subfield code="a">AGENDA</subfield>
        <subfield code="0">(DHLAUTH)275133</subfield>
    </datafield>
    <datafield tag="650" ind1=" " ind2=" ">
        <subfield code="a">OPERATIONAL ACTIVITIES</subfield>
        <subfield code="0">(DHLAUTH)269992</subfield>
    </datafield>
    <datafield tag="650" ind1=" " ind2=" ">
        <subfield code="a">RESOLUTIONS AND DECISIONS</subfield>
        <subfield code="0">(DHLAUTH)275677</subfield>
    </datafield>
    <datafield tag="650" ind1=" " ind2=" ">
        <subfield code="a">MACROECONOMICS</subfield>
        <subfield code="0">(DHLAUTH)269604</subfield>
    </datafield>
    <datafield tag="650" ind1=" " ind2=" ">
        <subfield code="a">ECONOMIC STABILIZATION</subfield>
        <subfield code="0">(DHLAUTH)269722</subfield>
    </datafield>
    <datafield tag="650" ind1=" " ind2=" ">
        <subfield code="a">CONFLICT</subfield>
        <subfield code="0">(DHLAUTH)268740</subfield>
    </datafield>
    <datafield tag="650" ind1=" " ind2=" ">
        <subfield code="a">SOCIAL DEVELOPMENT</subfield>
        <subfield code="0">(DHLAUTH)269873</subfield>
    </datafield>
    <datafield tag="650" ind1=" " ind2=" ">
        <subfield code="a">ECONOMIC DEVELOPMENT</subfield>
        <subfield code="0">(DHLAUTH)269755</subfield>
    </datafield>
    <datafield tag="650" ind1=" " ind2=" ">
        <subfield code="a">INFORMATION SOCIETY</subfield>
        <subfield code="0">(DHLAUTH)612610</subfield>
    </datafield>
    <datafield tag="650" ind1=" " ind2=" ">
        <subfield code="a">TECHNOLOGY</subfield>
        <subfield code="0">(DHLAUTH)271833</subfield>
    </datafield>
    <datafield tag="650" ind1=" " ind2=" ">
        <subfield code="a">YOUTH</subfield>
        <subfield code="0">(DHLAUTH)269401</subfield>
    </datafield>
    <datafield tag="650" ind1=" " ind2=" ">
        <subfield code="a">TECHNICAL COOPERATION</subfield>
        <subfield code="0">(DHLAUTH)268658</subfield>
    </datafield>
    <datafield tag="650" ind1=" " ind2=" ">
        <subfield code="a">WOMEN</subfield>
        <subfield code="0">(DHLAUTH)273032</subfield>
    </datafield>
</record>
<record>
    <datafield tag="191" ind1=" " ind2=" ">
        <subfield code="a">E/ESCWA/25/5(PARTII)/SUPP.1</subfield>
    </datafield>
    <datafield tag="245" ind1=" " ind2=" ">
        <subfield code="a">ACTION PLAN FOR PARTNERSHIP DEVELOPMENT AND RESOURCE MOBILIZATION: REPORT OF THE EXECUTIVE SECRETARY ON THE ACTIVITIES OF THE COMMISION FOLLOW-UP TO THE IMPLEMENTATION OF RESOLUTIONS ADOPTED BY THE COMMISSION AT ITS TWENTY-FOURTH SESSION/ TWENTY-FIFTH SESSION SANA'A 26-29 MAY 2008</subfield>
    </datafield>
    <datafield tag="246" ind1=" " ind2=" ">
        <subfield code="a">خطة عمل لتنمية الشراكات وتعبئة الموارد: تقرير الامين التنفيذي عن انشطة اللجنة متابعة تنفيذ القرارات التي اعتمدتها اللجنة في دورتها الرابعة والعشرين/ الدورة الخامسة والعشرون صنعاء, 26-29 ايار/مايو 2008</subfield>
    </datafield>
    <datafield tag="269" ind1=" " ind2=" ">
        <subfield code="a">20080421</subfield>
    </datafield>
    <datafield tag="650" ind1=" " ind2=" ">
        <subfield code="a">CONFERENCES</subfield>
        <subfield code="0">(DHLAUTH)275758</subfield>
    </datafield>
    <datafield tag="650" ind1=" " ind2=" ">
        <subfield code="a">WESTERN ASIA</subfield>
        <subfield code="0">(DHLAUTH)275490</subfield>
    </datafield>
    <datafield tag="650" ind1=" " ind2=" ">
        <subfield code="a">AGENDA</subfield>
        <subfield code="0">(DHLAUTH)275133</subfield>
    </datafield>
    <datafield tag="650" ind1=" " ind2=" ">
        <subfield code="a">FINANCIAL RESOURCES</subfield>
        <subfield code="0">(DHLAUTH)269810</subfield>
    </datafield>
    <datafield tag="650" ind1=" " ind2=" ">
        <subfield code="a">RESOURCES MOBILIZATION</subfield>
        <subfield code="0">(DHLAUTH)270309</subfield>
    </datafield>
    <datafield tag="650" ind1=" " ind2=" ">
        <subfield code="a">OPERATIONAL ACTIVITIES</subfield>
        <subfield code="0">(DHLAUTH)269992</subfield>
    </datafield>
    <datafield tag="650" ind1=" " ind2=" ">
        <subfield code="a">PARTNERSHIP</subfield>
        <subfield code="0">(DHLAUTH)269206</subfield>
    </datafield>
    <datafield tag="650" ind1=" " ind2=" ">
        <subfield code="a">DEVELOPMENT FINANCE</subfield>
        <subfield code="0">(DHLAUTH)269876</subfield>
    </datafield>
</record>
<record>
    <datafield tag="191" ind1=" " ind2=" ">
        <subfield code="a">E/ESCWA/25/5(PARTII)/SUPP.2</subfield>
    </datafield>
    <datafield tag="245" ind1=" " ind2=" ">
        <subfield code="a">STRENGTHENING THE ROLE OF NATIONAL STATISTICAL SYSTEMS IN APPLYING THE FUNDAMENTAL PRINCIPLES OF OFFICIAL STATISTICS ISSUED BY THE UNITED NATIONS: REPORT OF THE EXECUTIVE SECRETARY ON THE ACTIVITIES OF THE COMMISSION FOLLOW-UP TO THE IMPLEMENTATION OF THE RESOLUTIONS ADOPTED BY THE COMMISSION AT ITS TWENTY-FOURTH SESSION/ TWENTY-FIFTH SESSION SANA'A 26-29 MAY 2008</subfield>
    </datafield>
    <datafield tag="246" ind1=" " ind2=" ">
        <subfield code="a">سبل تعزيز دور الانظمة الاحصائية الوطنية في تطبيق المبادئ الاساسية للاحصاءات الرسمية الصادرة عن الامم المتحدة: تقرير الامين التنفيذي عن انشطة اللجنة متابعة تنفيذ القرارات التي اعتمدتها اللجنة في دورتها الرابعة والعشرين/ الدورة الخامسة والعشرون صنعاء, 26-29 ايار/مايو 2008</subfield>
    </datafield>
    <datafield tag="269" ind1=" " ind2=" ">
        <subfield code="a">20080421</subfield>
    </datafield>
    <datafield tag="650" ind1=" " ind2=" ">
        <subfield code="a">CONFERENCES</subfield>
        <subfield code="0">(DHLAUTH)275758</subfield>
    </datafield>
    <datafield tag="650" ind1=" " ind2=" ">
        <subfield code="a">WESTERN ASIA</subfield>
        <subfield code="0">(DHLAUTH)275490</subfield>
    </datafield>
    <datafield tag="650" ind1=" " ind2=" ">
        <subfield code="a">AGENDA</subfield>
        <subfield code="0">(DHLAUTH)275133</subfield>
    </datafield>
    <datafield tag="650" ind1=" " ind2=" ">
        <subfield code="a">STATISTICAL DATA</subfield>
        <subfield code="0">(DHLAUTH)270233</subfield>
    </datafield>
    <datafield tag="650" ind1=" " ind2=" ">
        <subfield code="a">RECOMMENDATIONS</subfield>
        <subfield code="0">(DHLAUTH)275840</subfield>
    </datafield>
</record>
<record>
    <datafield tag="191" ind1=" " ind2=" ">
        <subfield code="a">E/ESCWA/25/5(PARTIV)</subfield>
    </datafield>
    <datafield tag="245" ind1=" " ind2=" ">
        <subfield code="a">TECHNICAL COOPERATION PROGRAMME: REPORT OF THE EXECUTIVE SECRETARY ON THE ACTIVITIES OF THE COMMISSION/ TWENTY-FIFTH SESSION SANA'A 26-29 MAY 2008</subfield>
    </datafield>
    <datafield tag="246" ind1=" " ind2=" ">
        <subfield code="a">برنامج التعاون الفني: تقرير الامين التنفيذي عن انشطة اللجنة/ الدورة الخامسة والعشرون صنعاء, 26-29 ايار/مايو 2008</subfield>
    </datafield>
    <datafield tag="269" ind1=" " ind2=" ">
        <subfield code="a">20080421</subfield>
    </datafield>
    <datafield tag="650" ind1=" " ind2=" ">
        <subfield code="a">CONFERENCES</subfield>
        <subfield code="0">(DHLAUTH)275758</subfield>
    </datafield>
    <datafield tag="650" ind1=" " ind2=" ">
        <subfield code="a">WESTERN ASIA</subfield>
        <subfield code="0">(DHLAUTH)275490</subfield>
    </datafield>
    <datafield tag="650" ind1=" " ind2=" ">
        <subfield code="a">AGENDA</subfield>
        <subfield code="0">(DHLAUTH)275133</subfield>
    </datafield>
    <datafield tag="650" ind1=" " ind2=" ">
        <subfield code="a">OPERATIONAL ACTIVITIES</subfield>
        <subfield code="0">(DHLAUTH)269992</subfield>
    </datafield>
    <datafield tag="650" ind1=" " ind2=" ">
        <subfield code="a">TECHNICAL COOPERATION</subfield>
        <subfield code="0">(DHLAUTH)268658</subfield>
    </datafield>
</record>
<record>
    <datafield tag="191" ind1=" " ind2=" ">
        <subfield code="a">E/ESCWA/25/5(PARTIV)/ADD.1</subfield>
    </datafield>
    <datafield tag="245" ind1=" " ind2=" ">
        <subfield code="a">ACTIVITIES UNDER THE REGULAR PROGRAMME OF TECHNICAL COOPERATION: REPORT OF THE EXECUTIVE SECRETARY ON THE ACTIVITIES OF THE COMMISSION TECHNICAL COOPERATION PROGRAMME/ TWENTY-FIFTH SESSION SANA'A 26-29 MAY 2008</subfield>
    </datafield>
    <datafield tag="246" ind1=" " ind2=" ">
        <subfield code="a">الانشطة المنفذة بتمويل من البرنامج العادي للتعاون الفني: تقرير الامين التنفيذي عن انشطة اللجنة برنامج التعاون الفني/ الدورة الخامسة والعشرون صنعاء, 26-29 ايار/مايو 2008</subfield>
    </datafield>
    <datafield tag="269" ind1=" " ind2=" ">
        <subfield code="a">20080408</subfield>
    </datafield>
    <datafield tag="650" ind1=" " ind2=" ">
        <subfield code="a">CONFERENCES</subfield>
        <subfield code="0">(DHLAUTH)275758</subfield>
    </datafield>
    <datafield tag="650" ind1=" " ind2=" ">
        <subfield code="a">WESTERN ASIA</subfield>
        <subfield code="0">(DHLAUTH)275490</subfield>
    </datafield>
    <datafield tag="650" ind1=" " ind2=" ">
        <subfield code="a">AGENDA</subfield>
        <subfield code="0">(DHLAUTH)275133</subfield>
    </datafield>
    <datafield tag="650" ind1=" " ind2=" ">
        <subfield code="a">OPERATIONAL ACTIVITIES</subfield>
        <subfield code="0">(DHLAUTH)269992</subfield>
    </datafield>
    <datafield tag="650" ind1=" " ind2=" ">
        <subfield code="a">TECHNICAL COOPERATION</subfield>
        <subfield code="0">(DHLAUTH)268658</subfield>
    </datafield>
    <datafield tag="650" ind1=" " ind2=" ">
        <subfield code="a">ADVISORY SERVICES</subfield>
        <subfield code="0">(DHLAUTH)269860</subfield>
    </datafield>
    <datafield tag="650" ind1=" " ind2=" ">
        <subfield code="a">SOCIAL POLICY</subfield>
        <subfield code="0">(DHLAUTH)269713</subfield>
    </datafield>
    <datafield tag="650" ind1=" " ind2=" ">
        <subfield code="a">ECONOMIC INTEGRATION</subfield>
        <subfield code="0">(DHLAUTH)269761</subfield>
    </datafield>
    <datafield tag="650" ind1=" " ind2=" ">
        <subfield code="a">INFORMATION TECHNOLOGY</subfield>
        <subfield code="0">(DHLAUTH)272714</subfield>
    </datafield>
    <datafield tag="650" ind1=" " ind2=" ">
        <subfield code="a">COMMUNICATION TECHNOLOGY</subfield>
        <subfield code="0">(DHLAUTH)272713</subfield>
    </datafield>
    <datafield tag="650" ind1=" " ind2=" ">
        <subfield code="a">ECONOMIC ANALYSIS</subfield>
        <subfield code="0">(DHLAUTH)269649</subfield>
    </datafield>
    <datafield tag="650" ind1=" " ind2=" ">
        <subfield code="a">STATISTICS</subfield>
        <subfield code="0">(DHLAUTH)269347</subfield>
    </datafield>
    <datafield tag="650" ind1=" " ind2=" ">
        <subfield code="a">WOMEN'S ADVANCEMENT</subfield>
        <subfield code="0">(DHLAUTH)273158</subfield>
    </datafield>
    <datafield tag="650" ind1=" " ind2=" ">
        <subfield code="a">GLOBALIZATION</subfield>
        <subfield code="0">(DHLAUTH)276685</subfield>
    </datafield>
    <datafield tag="650" ind1=" " ind2=" ">
        <subfield code="a">SUSTAINABLE DEVELOPMENT</subfield>
        <subfield code="0">(DHLAUTH)269920</subfield>
    </datafield>
</record>
<record>
    <datafield tag="191" ind1=" " ind2=" ">
        <subfield code="a">E/ESCWA/25/5(PARTIV)/ADD.2</subfield>
    </datafield>
    <datafield tag="245" ind1=" " ind2=" ">
        <subfield code="a">ACTIVITIES FUNDED BY THE UNITED NATIONS DEVELOPMENT ACCOUNT: REPORT OF THE EXECUTIVE SECRETARY ON THE ACTIVITIES OF THE COMMISSION TECHNICAL COOPERATION PROGRAMME/ TWENTY-FIFTH SESSION SANA'A 26-29 MAY 2008</subfield>
    </datafield>
    <datafield tag="246" ind1=" " ind2=" ">
        <subfield code="a">الانشطة الممولة من حساب الامم المتحدة للتنمية: تقرير الامين التنفيذي عن انشطة اللجنة برنامج التعاون الفني/ الدورة الخامسة والعشرون صنعاء, 26-29 ايار/مايو 2008</subfield>
    </datafield>
    <datafield tag="269" ind1=" " ind2=" ">
        <subfield code="a">20080424</subfield>
    </datafield>
    <datafield tag="650" ind1=" " ind2=" ">
        <subfield code="a">CONFERENCES</subfield>
        <subfield code="0">(DHLAUTH)275758</subfield>
    </datafield>
    <datafield tag="650" ind1=" " ind2=" ">
        <subfield code="a">WESTERN ASIA</subfield>
        <subfield code="0">(DHLAUTH)275490</subfield>
    </datafield>
    <datafield tag="650" ind1=" " ind2=" ">
        <subfield code="a">AGENDA</subfield>
        <subfield code="0">(DHLAUTH)275133</subfield>
    </datafield>
    <datafield tag="650" ind1=" " ind2=" ">
        <subfield code="a">TECHNICAL COOPERATION</subfield>
        <subfield code="0">(DHLAUTH)268658</subfield>
    </datafield>
    <datafield tag="650" ind1=" " ind2=" ">
        <subfield code="a">SUSTAINABLE DEVELOPMENT</subfield>
        <subfield code="0">(DHLAUTH)269920</subfield>
    </datafield>
    <datafield tag="650" ind1=" " ind2=" ">
        <subfield code="a">INFORMATION TECHNOLOGY</subfield>
        <subfield code="0">(DHLAUTH)272714</subfield>
    </datafield>
    <datafield tag="650" ind1=" " ind2=" ">
        <subfield code="a">COMMUNICATION TECHNOLOGY</subfield>
        <subfield code="0">(DHLAUTH)272713</subfield>
    </datafield>
    <datafield tag="650" ind1=" " ind2=" ">
        <subfield code="a">OPERATIONAL ACTIVITIES</subfield>
        <subfield code="0">(DHLAUTH)269992</subfield>
    </datafield>
    <datafield tag="650" ind1=" " ind2=" ">
        <subfield code="a">PROJECT ACTIVITIES</subfield>
        <subfield code="0">(DHLAUTH)275801</subfield>
    </datafield>
</record>
<record>
    <datafield tag="191" ind1=" " ind2=" ">
        <subfield code="a">E/ESCWA/25/5(PARTI)</subfield>
    </datafield>
    <datafield tag="245" ind1=" " ind2=" ">
        <subfield code="a">PROGRAMME PERFORMANCE REPORT FOR THE BIENNIUM 2006-2007: REPORT OF THE EXECUTIVE SECRETARY ON THE ACTIVITIES OF THE COMMISSION/ TWENTY-FIFTH SESSION SANA'A 26-29 MAY 2008</subfield>
    </datafield>
    <datafield tag="246" ind1=" " ind2=" ">
        <subfield code="a">تقرير اداء البرنامج لفترة السنتين 2006-2007: تقرير الامين التنفيذي عن انشطة اللجنة/ الدورة الخامسة والعشرون صنعاء, 26-29 ايار/مايو 2008</subfield>
    </datafield>
    <datafield tag="269" ind1=" " ind2=" ">
        <subfield code="a">20080307</subfield>
    </datafield>
    <datafield tag="650" ind1=" " ind2=" ">
        <subfield code="a">CONFERENCES</subfield>
        <subfield code="0">(DHLAUTH)275758</subfield>
    </datafield>
    <datafield tag="650" ind1=" " ind2=" ">
        <subfield code="a">WESTERN ASIA</subfield>
        <subfield code="0">(DHLAUTH)275490</subfield>
    </datafield>
    <datafield tag="650" ind1=" " ind2=" ">
        <subfield code="a">AGENDA</subfield>
        <subfield code="0">(DHLAUTH)275133</subfield>
    </datafield>
    <datafield tag="650" ind1=" " ind2=" ">
        <subfield code="a">OPERATIONAL ACTIVITIES</subfield>
        <subfield code="0">(DHLAUTH)269992</subfield>
    </datafield>
    <datafield tag="650" ind1=" " ind2=" ">
        <subfield code="a">WORK PROGRAMME</subfield>
        <subfield code="0">(DHLAUTH)275800</subfield>
    </datafield>
    <datafield tag="650" ind1=" " ind2=" ">
        <subfield code="a">SOCIAL POLICY</subfield>
        <subfield code="0">(DHLAUTH)269713</subfield>
    </datafield>
    <datafield tag="650" ind1=" " ind2=" ">
        <subfield code="a">ECONOMIC INTEGRATION</subfield>
        <subfield code="0">(DHLAUTH)269761</subfield>
    </datafield>
    <datafield tag="650" ind1=" " ind2=" ">
        <subfield code="a">GLOBALIZATION</subfield>
        <subfield code="0">(DHLAUTH)276685</subfield>
    </datafield>
    <datafield tag="650" ind1=" " ind2=" ">
        <subfield code="a">INFORMATION TECHNOLOGY</subfield>
        <subfield code="0">(DHLAUTH)272714</subfield>
    </datafield>
    <datafield tag="650" ind1=" " ind2=" ">
        <subfield code="a">COMMUNICATION TECHNOLOGY</subfield>
        <subfield code="0">(DHLAUTH)272713</subfield>
    </datafield>
    <datafield tag="650" ind1=" " ind2=" ">
        <subfield code="a">STATISTICAL DATA</subfield>
        <subfield code="0">(DHLAUTH)270233</subfield>
    </datafield>
    <datafield tag="650" ind1=" " ind2=" ">
        <subfield code="a">SUSTAINABLE DEVELOPMENT</subfield>
        <subfield code="0">(DHLAUTH)269920</subfield>
    </datafield>
    <datafield tag="650" ind1=" " ind2=" ">
        <subfield code="a">EMPOWERMENT</subfield>
        <subfield code="0">(DHLAUTH)469874</subfield>
    </datafield>
    <datafield tag="650" ind1=" " ind2=" ">
        <subfield code="a">WOMEN</subfield>
        <subfield code="0">(DHLAUTH)273032</subfield>
    </datafield>
</record>
<record>
    <datafield tag="191" ind1=" " ind2=" ">
        <subfield code="a">E/ESCWA/25/5(PARTVI)</subfield>
    </datafield>
    <datafield tag="245" ind1=" " ind2=" ">
        <subfield code="a">REPORTS OF ESCWA SUBSIDIARY BODIES ON THEIR SESSIONS: REPORT OF THE EXECUTIVE SECRETARY ON THE ACTIVITIES OF THE COMMISSION</subfield>
    </datafield>
    <datafield tag="246" ind1=" " ind2=" ">
        <subfield code="a">تقارير دورات الهيئات الفرعية للجنة: تقرير الامين التنفيذي عن انشطة اللجنة/ الدورة الخامسة والعشرون صنعاء, 26-29 ايار/مايو 2008</subfield>
    </datafield>
    <datafield tag="269" ind1=" " ind2=" ">
        <subfield code="a">20080421</subfield>
    </datafield>
    <datafield tag="650" ind1=" " ind2=" ">
        <subfield code="a">SUBSIDIARY BODIES</subfield>
        <subfield code="0">(DHLAUTH)275818</subfield>
    </datafield>
    <datafield tag="650" ind1=" " ind2=" ">
        <subfield code="a">WESTERN ASIA</subfield>
        <subfield code="0">(DHLAUTH)275490</subfield>
    </datafield>
    <datafield tag="650" ind1=" " ind2=" ">
        <subfield code="a">CONFERENCES</subfield>
        <subfield code="0">(DHLAUTH)275758</subfield>
    </datafield>
    <datafield tag="650" ind1=" " ind2=" ">
        <subfield code="a">OPERATIONAL ACTIVITIES</subfield>
        <subfield code="0">(DHLAUTH)269992</subfield>
    </datafield>
</record>
<record>
    <datafield tag="191" ind1=" " ind2=" ">
        <subfield code="a">E/ESCWA/25/5(PARTV)</subfield>
    </datafield>
    <datafield tag="245" ind1=" " ind2=" ">
        <subfield code="a">FINANCIAL STATUS OF THE COMMISSION: REPORT OF THE EXECUTIVE SECRETARY ON THE ACTIVITIES OF THE COMMISSION/ TWENTY-FIFTH SESSION SANA'A 26-29 MAY 2008</subfield>
    </datafield>
    <datafield tag="246" ind1=" " ind2=" ">
        <subfield code="a">الوضع المالي للجنة: تقرير الامين التنفيذي عن انشطة اللجنة/ الدورة الخامسة والعشرون صنعاء, 26-29 ايار/مايو 2008</subfield>
    </datafield>
    <datafield tag="269" ind1=" " ind2=" ">
        <subfield code="a">20080430</subfield>
    </datafield>
    <datafield tag="650" ind1=" " ind2=" ">
        <subfield code="a">CONFERENCES</subfield>
        <subfield code="0">(DHLAUTH)275758</subfield>
    </datafield>
    <datafield tag="650" ind1=" " ind2=" ">
        <subfield code="a">WESTERN ASIA</subfield>
        <subfield code="0">(DHLAUTH)275490</subfield>
    </datafield>
    <datafield tag="650" ind1=" " ind2=" ">
        <subfield code="a">AGENDA</subfield>
        <subfield code="0">(DHLAUTH)275133</subfield>
    </datafield>
    <datafield tag="650" ind1=" " ind2=" ">
        <subfield code="a">BUDGET</subfield>
        <subfield code="0">(DHLAUTH)270085</subfield>
    </datafield>
    <datafield tag="650" ind1=" " ind2=" ">
        <subfield code="a">TECHNICAL COOPERATION</subfield>
        <subfield code="0">(DHLAUTH)268658</subfield>
    </datafield>
    <datafield tag="650" ind1=" " ind2=" ">
        <subfield code="a">FINANCIAL STATEMENTS</subfield>
        <subfield code="0">(DHLAUTH)270260</subfield>
    </datafield>
    <datafield tag="650" ind1=" " ind2=" ">
        <subfield code="a">OPERATIONAL ACTIVITIES</subfield>
        <subfield code="0">(DHLAUTH)269992</subfield>
    </datafield>
</record>
<record>
    <datafield tag="191" ind1=" " ind2=" ">
        <subfield code="a">E/ESCWA/25/6</subfield>
    </datafield>
    <datafield tag="245" ind1=" " ind2=" ">
        <subfield code="a">MANAGEMENT ISSUES/ TWENTY-FIFTH SESSION SANA'A 26-29 MAY 2008</subfield>
    </datafield>
    <datafield tag="246" ind1=" " ind2=" ">
        <subfield code="a">قضايا الادارة العليا/ الدورة الخامسة والعشرون صنعاء, 26-29 ايار/مايو 2008</subfield>
    </datafield>
    <datafield tag="269" ind1=" " ind2=" ">
        <subfield code="a">20080421</subfield>
    </datafield>
    <datafield tag="650" ind1=" " ind2=" ">
        <subfield code="a">CONFERENCES</subfield>
        <subfield code="0">(DHLAUTH)275758</subfield>
    </datafield>
    <datafield tag="650" ind1=" " ind2=" ">
        <subfield code="a">WESTERN ASIA</subfield>
        <subfield code="0">(DHLAUTH)275490</subfield>
    </datafield>
    <datafield tag="650" ind1=" " ind2=" ">
        <subfield code="a">AGENDA</subfield>
        <subfield code="0">(DHLAUTH)275133</subfield>
    </datafield>
    <datafield tag="650" ind1=" " ind2=" ">
        <subfield code="a">OPERATIONAL ACTIVITIES</subfield>
        <subfield code="0">(DHLAUTH)269992</subfield>
    </datafield>
    <datafield tag="650" ind1=" " ind2=" ">
        <subfield code="a">MANAGEMENT</subfield>
        <subfield code="0">(DHLAUTH)269660</subfield>
    </datafield>
</record>
<record>
    <datafield tag="191" ind1=" " ind2=" ">
        <subfield code="a">E/ESCWA/25/6(PARTIII)/REV.1</subfield>
    </datafield>
    <datafield tag="245" ind1=" " ind2=" ">
        <subfield code="a">PROPOSED STRATEGIC FRAMEWORK FOR THE BIENNIUM 2010-2011: MANAGEMENT ISSUES/ TWENTY-FIFTH SESSION SANA'A 26-29 MAY 2008</subfield>
    </datafield>
    <datafield tag="246" ind1=" " ind2=" ">
        <subfield code="a">الاطار الاستراتيجي المقترح لفترة السنتين 2010-2011: قضايا الادارة العليا/ الدورة الخامسة والعشرون صنعاء, 26-29 ايار/مايو 2008</subfield>
    </datafield>
    <datafield tag="269" ind1=" " ind2=" ">
        <subfield code="a">20080613</subfield>
    </datafield>
    <datafield tag="650" ind1=" " ind2=" ">
        <subfield code="a">CONFERENCES</subfield>
        <subfield code="0">(DHLAUTH)275758</subfield>
    </datafield>
    <datafield tag="650" ind1=" " ind2=" ">
        <subfield code="a">WESTERN ASIA</subfield>
        <subfield code="0">(DHLAUTH)275490</subfield>
    </datafield>
    <datafield tag="650" ind1=" " ind2=" ">
        <subfield code="a">AGENDA</subfield>
        <subfield code="0">(DHLAUTH)275133</subfield>
    </datafield>
    <datafield tag="650" ind1=" " ind2=" ">
        <subfield code="a">OPERATIONAL ACTIVITIES</subfield>
        <subfield code="0">(DHLAUTH)269992</subfield>
    </datafield>
    <datafield tag="650" ind1=" " ind2=" ">
        <subfield code="a">MANAGEMENT</subfield>
        <subfield code="0">(DHLAUTH)269660</subfield>
    </datafield>
    <datafield tag="650" ind1=" " ind2=" ">
        <subfield code="a">RESOLUTIONS AND DECISIONS</subfield>
        <subfield code="0">(DHLAUTH)275677</subfield>
    </datafield>
    <datafield tag="650" ind1=" " ind2=" ">
        <subfield code="a">ECONOMIC POLICY</subfield>
        <subfield code="0">(DHLAUTH)268235</subfield>
    </datafield>
    <datafield tag="650" ind1=" " ind2=" ">
        <subfield code="a">ECONOMIC DEVELOPMENT</subfield>
        <subfield code="0">(DHLAUTH)269755</subfield>
    </datafield>
    <datafield tag="650" ind1=" " ind2=" ">
        <subfield code="a">INFORMATION TECHNOLOGY</subfield>
        <subfield code="0">(DHLAUTH)272714</subfield>
    </datafield>
    <datafield tag="650" ind1=" " ind2=" ">
        <subfield code="a">COMMUNICATION TECHNOLOGY</subfield>
        <subfield code="0">(DHLAUTH)272713</subfield>
    </datafield>
    <datafield tag="650" ind1=" " ind2=" ">
        <subfield code="a">SUSTAINABLE DEVELOPMENT</subfield>
        <subfield code="0">(DHLAUTH)269920</subfield>
    </datafield>
    <datafield tag="650" ind1=" " ind2=" ">
        <subfield code="a">POVERTY</subfield>
        <subfield code="0">(DHLAUTH)270079</subfield>
    </datafield>
    <datafield tag="650" ind1=" " ind2=" ">
        <subfield code="a">SOCIAL POLICY</subfield>
        <subfield code="0">(DHLAUTH)269713</subfield>
    </datafield>
</record>
<record>
    <datafield tag="191" ind1=" " ind2=" ">
        <subfield code="a">E/ESCWA/25/6(PARTII)</subfield>
    </datafield>
    <datafield tag="245" ind1=" " ind2=" ">
        <subfield code="a">PROPOSED AMENDMENTS TO THE WORK PROGRAMME FOR THE BIENNIUM 2008-2009: MANAGEMENT ISSUES/ TWENTY-FIFTH SESSION SANA'A 26-29 MAY 2008</subfield>
    </datafield>
    <datafield tag="246" ind1=" " ind2=" ">
        <subfield code="a">التعديلات المقترحة على برنامج العمل لفترة السنتين 2008-2009: قضايا الادارة العليا/ الدورة الخامسة والعشرون صنعاء, 26-29 ايار/مايو 2008</subfield>
    </datafield>
    <datafield tag="269" ind1=" " ind2=" ">
        <subfield code="a">20080401</subfield>
    </datafield>
    <datafield tag="650" ind1=" " ind2=" ">
        <subfield code="a">CONFERENCES</subfield>
        <subfield code="0">(DHLAUTH)275758</subfield>
    </datafield>
    <datafield tag="650" ind1=" " ind2=" ">
        <subfield code="a">WESTERN ASIA</subfield>
        <subfield code="0">(DHLAUTH)275490</subfield>
    </datafield>
    <datafield tag="650" ind1=" " ind2=" ">
        <subfield code="a">AGENDA</subfield>
        <subfield code="0">(DHLAUTH)275133</subfield>
    </datafield>
    <datafield tag="650" ind1=" " ind2=" ">
        <subfield code="a">MANAGEMENT</subfield>
        <subfield code="0">(DHLAUTH)269660</subfield>
    </datafield>
    <datafield tag="650" ind1=" " ind2=" ">
        <subfield code="a">WORK PROGRAMME</subfield>
        <subfield code="0">(DHLAUTH)275800</subfield>
    </datafield>
    <datafield tag="650" ind1=" " ind2=" ">
        <subfield code="a">DEVELOPMENT</subfield>
        <subfield code="0">(DHLAUTH)269844</subfield>
    </datafield>
    <datafield tag="650" ind1=" " ind2=" ">
        <subfield code="a">OPERATIONAL ACTIVITIES</subfield>
        <subfield code="0">(DHLAUTH)269992</subfield>
    </datafield>
</record>
<record>
    <datafield tag="191" ind1=" " ind2=" ">
        <subfield code="a">E/ESCWA/25/6(PARTI)</subfield>
    </datafield>
    <datafield tag="245" ind1=" " ind2=" ">
        <subfield code="a">STREAMLINING THE WORK OF THE COMMISSION: MANAGEMENT ISSUES/ TWENTY-FIFTH SESSION SANA'A 26-29 MAY 2008</subfield>
    </datafield>
    <datafield tag="246" ind1=" " ind2=" ">
        <subfield code="a">ترشيد عمل اللجنة: قضايا الادارة العليا/ الدورة الخامسة والعشرون صنعاء, 26-29 ايار/مايو 2008</subfield>
    </datafield>
    <datafield tag="269" ind1=" " ind2=" ">
        <subfield code="a">20080421</subfield>
    </datafield>
    <datafield tag="650" ind1=" " ind2=" ">
        <subfield code="a">CONFERENCES</subfield>
        <subfield code="0">(DHLAUTH)275758</subfield>
    </datafield>
    <datafield tag="650" ind1=" " ind2=" ">
        <subfield code="a">WESTERN ASIA</subfield>
        <subfield code="0">(DHLAUTH)275490</subfield>
    </datafield>
    <datafield tag="650" ind1=" " ind2=" ">
        <subfield code="a">AGENDA</subfield>
        <subfield code="0">(DHLAUTH)275133</subfield>
    </datafield>
    <datafield tag="650" ind1=" " ind2=" ">
        <subfield code="a">OPERATIONAL ACTIVITIES</subfield>
        <subfield code="0">(DHLAUTH)269992</subfield>
    </datafield>
    <datafield tag="650" ind1=" " ind2=" ">
        <subfield code="a">MANAGEMENT</subfield>
        <subfield code="0">(DHLAUTH)269660</subfield>
    </datafield>
</record>
<record>
    <datafield tag="191" ind1=" " ind2=" ">
        <subfield code="a">E/ESCWA/25/6(PARTI)/ADD.1</subfield>
    </datafield>
    <datafield tag="245" ind1=" " ind2=" ">
        <subfield code="a">LESSONS LEARNED FROM EVALUATION OF THE SESSIONS OF THE COMMISSION AND ITS SUBSIDIARY BODIES: MANAGEMNET ISSUES STREAMLINING THE WORK OF THE COMMISSION/ TWENTY-FIFTH SESSION SANA'A 26-29 MAY 2008</subfield>
    </datafield>
    <datafield tag="246" ind1=" " ind2=" ">
        <subfield code="a">الدروس المستفادة من تقييم دورات اللجنة وهيئاتها الفرعية: قضايا الادارة العليا ترشيد عمل اللجنة الاقتصادية والاجتماعية لغربي اسيا/ الدورة الخامسة والعشرون صنعاء, 26-29 ايار/مايو 2008</subfield>
    </datafield>
    <datafield tag="269" ind1=" " ind2=" ">
        <subfield code="a">20080314</subfield>
    </datafield>
    <datafield tag="650" ind1=" " ind2=" ">
        <subfield code="a">CONFERENCES</subfield>
        <subfield code="0">(DHLAUTH)275758</subfield>
    </datafield>
    <datafield tag="650" ind1=" " ind2=" ">
        <subfield code="a">WESTERN ASIA</subfield>
        <subfield code="0">(DHLAUTH)275490</subfield>
    </datafield>
    <datafield tag="650" ind1=" " ind2=" ">
        <subfield code="a">SUBSIDIARY BODIES</subfield>
        <subfield code="0">(DHLAUTH)275818</subfield>
    </datafield>
    <datafield tag="650" ind1=" " ind2=" ">
        <subfield code="a">EVALUATION</subfield>
        <subfield code="0">(DHLAUTH)269588</subfield>
    </datafield>
    <datafield tag="650" ind1=" " ind2=" ">
        <subfield code="a">MANAGEMENT</subfield>
        <subfield code="0">(DHLAUTH)269660</subfield>
    </datafield>
    <datafield tag="650" ind1=" " ind2=" ">
        <subfield code="a">PERFORMANCE APPRAISAL</subfield>
        <subfield code="0">(DHLAUTH)272031</subfield>
    </datafield>
</record>
<record>
    <datafield tag="191" ind1=" " ind2=" ">
        <subfield code="a">E/ESCWA/25/6(PARTI)/ADD.2</subfield>
    </datafield>
    <datafield tag="245" ind1=" " ind2=" ">
        <subfield code="a">FREQUENCY OF THE SESSIONS OF THE COMMISSION AND IT'S SUBSIDIARY BODIES: MANAGEMENT ISSUES STREAMLINING THE WORK OF THE COMMISSION</subfield>
    </datafield>
    <datafield tag="246" ind1=" " ind2=" ">
        <subfield code="a">تواتر دورات اللجنة وهيئاتها الفرعية: قضايا الادارة العليا ترشيد عمل اللجنة/ الدورة الخامسة والعشرون صنعاء, 26-29 ايار/مايو 2008</subfield>
    </datafield>
    <datafield tag="269" ind1=" " ind2=" ">
        <subfield code="a">20080411</subfield>
    </datafield>
    <datafield tag="650" ind1=" " ind2=" ">
        <subfield code="a">CONFERENCES</subfield>
        <subfield code="0">(DHLAUTH)275758</subfield>
    </datafield>
    <datafield tag="650" ind1=" " ind2=" ">
        <subfield code="a">WESTERN ASIA</subfield>
        <subfield code="0">(DHLAUTH)275490</subfield>
    </datafield>
    <datafield tag="650" ind1=" " ind2=" ">
        <subfield code="a">AGENDA</subfield>
        <subfield code="0">(DHLAUTH)275133</subfield>
    </datafield>
    <datafield tag="650" ind1=" " ind2=" ">
        <subfield code="a">OPERATIONAL ACTIVITIES</subfield>
        <subfield code="0">(DHLAUTH)269992</subfield>
    </datafield>
    <datafield tag="650" ind1=" " ind2=" ">
        <subfield code="a">MANAGEMENT</subfield>
        <subfield code="0">(DHLAUTH)269660</subfield>
    </datafield>
    <datafield tag="650" ind1=" " ind2=" ">
        <subfield code="a">SUBSIDIARY BODIES</subfield>
        <subfield code="0">(DHLAUTH)275818</subfield>
    </datafield>
    <datafield tag="650" ind1=" " ind2=" ">
        <subfield code="a">DEVELOPMENT</subfield>
        <subfield code="0">(DHLAUTH)269844</subfield>
    </datafield>
    <datafield tag="650" ind1=" " ind2=" ">
        <subfield code="a">INTERGOVERNMENTAL BODIES</subfield>
        <subfield code="0">(DHLAUTH)275766</subfield>
    </datafield>
</record>
<record>
    <datafield tag="191" ind1=" " ind2=" ">
        <subfield code="a">E/ESCWA/25/6/CRP.1</subfield>
    </datafield>
    <datafield tag="245" ind1=" " ind2=" ">
        <subfield code="a">REPORT ON THE PROPOSAL PUT FORWARD BY THE SECRETARY-GENERAL FOR IMPROVING THE EFFECTIVE AND EFFICIENT DELIVERY OF THE MANDATES OF DEVELOPMENT-RELATED ACTIVITIES AND REVISED ESTIMATES RELATING TO THE PROGRAMME BUDGET FOR THE BIENNIUM 2008-2009: MANAGEMENT ISSUES PROPOSED AMENDMENTS TO THE WORK PROGRAMME FOR THE BIENNIUM 2008-2009</subfield>
    </datafield>
    <datafield tag="246" ind1=" " ind2=" ">
        <subfield code="a">تقرير عن مقترح الامين العام بشأن تحسين فعالية وكفاءة تنفيذ الولايات المتصلة بالأنشطة الانمائية والتقديرات المنقحة المتعلقة بالميزانية البرنامجية لفترة السنتين 2008-2009: قضايا الادارة العليا تعديلات مقترحة على برنامج العمل لفترة السنتين 2008-2009</subfield>
    </datafield>
    <datafield tag="269" ind1=" " ind2=" ">
        <subfield code="a">20080521</subfield>
    </datafield>
    <datafield tag="650" ind1=" " ind2=" ">
        <subfield code="a">CONFERENCES</subfield>
        <subfield code="0">(DHLAUTH)275758</subfield>
    </datafield>
    <datafield tag="650" ind1=" " ind2=" ">
        <subfield code="a">WESTERN ASIA</subfield>
        <subfield code="0">(DHLAUTH)275490</subfield>
    </datafield>
    <datafield tag="650" ind1=" " ind2=" ">
        <subfield code="a">AGENDA</subfield>
        <subfield code="0">(DHLAUTH)275133</subfield>
    </datafield>
    <datafield tag="650" ind1=" " ind2=" ">
        <subfield code="a">MANAGEMENT</subfield>
        <subfield code="0">(DHLAUTH)269660</subfield>
    </datafield>
    <datafield tag="650" ind1=" " ind2=" ">
        <subfield code="a">WORK PROGRAMME</subfield>
        <subfield code="0">(DHLAUTH)275800</subfield>
    </datafield>
    <datafield tag="650" ind1=" " ind2=" ">
        <subfield code="a">DEVELOPMENT</subfield>
        <subfield code="0">(DHLAUTH)269844</subfield>
    </datafield>
    <datafield tag="650" ind1=" " ind2=" ">
        <subfield code="a">OPERATIONAL ACTIVITIES</subfield>
        <subfield code="0">(DHLAUTH)269992</subfield>
    </datafield>
    <datafield tag="650" ind1=" " ind2=" ">
        <subfield code="a">BUDGET</subfield>
        <subfield code="0">(DHLAUTH)270085</subfield>
    </datafield>
</record>
<record>
    <datafield tag="191" ind1=" " ind2=" ">
        <subfield code="a">E/ESCWA/25/7</subfield>
    </datafield>
    <datafield tag="245" ind1=" " ind2=" ">
        <subfield code="a">ADOPTION AND SIGNATURE OF THE CONVENTION ON INTERNATIONAL MULTIMODAL TRANSPORT OF GOODS IN THE ARAB MASHREQ/ TWENTY-FIFTH SESSION SANA'A 26-29 MAY 2008</subfield>
    </datafield>
    <datafield tag="246" ind1=" " ind2=" ">
        <subfield code="a">اعتماد اتفاقية النقل الدولي متعدد الوسائط للبضائع في المشرق العربي والتوقيع عليها/ الدورة الخامسة والعشرون صنعاء, 26-29 ايار/مايو 2008</subfield>
    </datafield>
    <datafield tag="269" ind1=" " ind2=" ">
        <subfield code="a">20080430</subfield>
    </datafield>
    <datafield tag="650" ind1=" " ind2=" ">
        <subfield code="a">CONFERENCES</subfield>
        <subfield code="0">(DHLAUTH)275758</subfield>
    </datafield>
    <datafield tag="650" ind1=" " ind2=" ">
        <subfield code="a">MULTIMODAL TRANSPORT</subfield>
        <subfield code="0">(DHLAUTH)272480</subfield>
    </datafield>
    <datafield tag="650" ind1=" " ind2=" ">
        <subfield code="a">GOODS</subfield>
        <subfield code="0">(DHLAUTH)269547</subfield>
    </datafield>
    <datafield tag="650" ind1=" " ind2=" ">
        <subfield code="a">PROJECT PREPARATION</subfield>
        <subfield code="0">(DHLAUTH)275807</subfield>
    </datafield>
    <datafield tag="650" ind1=" " ind2=" ">
        <subfield code="a">RECOMMENDATIONS</subfield>
        <subfield code="0">(DHLAUTH)275840</subfield>
    </datafield>
    <datafield tag="650" ind1=" " ind2=" ">
        <subfield code="a">RECOMMENDATIONS</subfield>
        <subfield code="0">(DHLAUTH)275840</subfield>
    </datafield>
    <datafield tag="650" ind1=" " ind2=" ">
        <subfield code="a">WESTERN ASIA</subfield>
        <subfield code="0">(DHLAUTH)275490</subfield>
    </datafield>
</record>
<record>
    <datafield tag="191" ind1=" " ind2=" ">
        <subfield code="a">E/ESCWA/25/8</subfield>
    </datafield>
    <datafield tag="245" ind1=" " ind2=" ">
        <subfield code="a">CONSIDERATION OF THE REQUEST FOR MEMBERSHIP IN THE COMMISSION BY THE SUDAN/ TWENTY-FIFTH SESSION SANA'A 26-29 MAY 2008</subfield>
    </datafield>
    <datafield tag="246" ind1=" " ind2=" ">
        <subfield code="a">النظر في طلب جمهورية السودان الانضمام الى عضوية اللجنة/ الدورة الخامسة والعشرون صنعاء, 26-29 ايار/مايو 2008</subfield>
    </datafield>
    <datafield tag="269" ind1=" " ind2=" ">
        <subfield code="a">20080220</subfield>
    </datafield>
    <datafield tag="650" ind1=" " ind2=" ">
        <subfield code="a">WESTERN ASIA</subfield>
        <subfield code="0">(DHLAUTH)275490</subfield>
    </datafield>
    <datafield tag="650" ind1=" " ind2=" ">
        <subfield code="a">SUDAN</subfield>
        <subfield code="0">(DHLAUTH)273486</subfield>
    </datafield>
    <datafield tag="650" ind1=" " ind2=" ">
        <subfield code="a">MEMBERS</subfield>
        <subfield code="0">(DHLAUTH)275782</subfield>
    </datafield>
    <datafield tag="650" ind1=" " ind2=" ">
        <subfield code="a">CONFERENCES</subfield>
        <subfield code="0">(DHLAUTH)275758</subfield>
    </datafield>
</record>
<record>
    <datafield tag="191" ind1=" " ind2=" ">
        <subfield code="a">E/ESCWA/25/INF.1</subfield>
    </datafield>
    <datafield tag="245" ind1=" " ind2=" ">
        <subfield code="a">LIST OF TWENTY-FIFTH SESSION DOCUMENTS/ TWENTY-FIFTH SESSION SANA'A 26-29 MAY 2008</subfield>
    </datafield>
    <datafield tag="246" ind1=" " ind2=" ">
        <subfield code="a">قائمة وثائق الدورة الخامسة والعشرين/ الدورة الخامسة والعشرون صنعاء, 26-29 ايار/مايو 2008</subfield>
    </datafield>
    <datafield tag="269" ind1=" " ind2=" ">
        <subfield code="a">20080605</subfield>
    </datafield>
    <datafield tag="650" ind1=" " ind2=" ">
        <subfield code="a">CONFERENCES</subfield>
        <subfield code="0">(DHLAUTH)275758</subfield>
    </datafield>
    <datafield tag="650" ind1=" " ind2=" ">
        <subfield code="a">WESTERN ASIA</subfield>
        <subfield code="0">(DHLAUTH)275490</subfield>
    </datafield>
    <datafield tag="650" ind1=" " ind2=" ">
        <subfield code="a">DOCUMENTS</subfield>
        <subfield code="0">(DHLAUTH)270014</subfield>
    </datafield>
</record>
<record>
    <datafield tag="191" ind1=" " ind2=" ">
        <subfield code="a">E/ESCWA/25/INF.2</subfield>
    </datafield>
    <datafield tag="245" ind1=" " ind2=" ">
        <subfield code="a">INFORMATION FOR PARTICIPANTS/ TWENTY-FIFTH SESSION SANA'A 26-29 MAY 2008</subfield>
    </datafield>
    <datafield tag="246" ind1=" " ind2=" ">
        <subfield code="a">معلومات للمشاركين/ الدورة الخامسة والعشرون صنعاء, 26-29 ايار/مايو 2008</subfield>
    </datafield>
    <datafield tag="269" ind1=" " ind2=" ">
        <subfield code="a">20080512</subfield>
    </datafield>
    <datafield tag="650" ind1=" " ind2=" ">
        <subfield code="a">PARTICIPANTS</subfield>
        <subfield code="0">(DHLAUTH)275785</subfield>
    </datafield>
    <datafield tag="650" ind1=" " ind2=" ">
        <subfield code="a">WESTERN ASIA</subfield>
        <subfield code="0">(DHLAUTH)275490</subfield>
    </datafield>
    <datafield tag="650" ind1=" " ind2=" ">
        <subfield code="a">CONFERENCE AND MEETING SERVICES</subfield>
        <subfield code="0">(DHLAUTH)274839</subfield>
    </datafield>
    <datafield tag="650" ind1=" " ind2=" ">
        <subfield code="a">CONFERENCE FACILITIES</subfield>
        <subfield code="0">(DHLAUTH)275756</subfield>
    </datafield>
</record>
<record>
    <datafield tag="191" ind1=" " ind2=" ">
        <subfield code="a">E/ESCWA/25/L.9</subfield>
    </datafield>
    <datafield tag="191" ind1=" " ind2=" ">
        <subfield code="a">E/ESCWA/EDGD/2008/L.3</subfield>
    </datafield>
    <datafield tag="245" ind1=" " ind2=" ">
        <subfield code="a">DRAFT CONVENTION ON INTERNATIONAL MULTIMODAL TRANSPORT OF GOODS IN THE ARAB MASHREQ/ TWENTY-FIFTH SESSION SANA'A 26-29 MAY 2008</subfield>
    </datafield>
    <datafield tag="246" ind1=" " ind2=" ">
        <subfield code="a">PROJECT DE CONVENTION SUR LE TRANSPORT MULTIMODAL INTERNATIONAL DE MARCHANDISES DANS LE MASHREK ARABE</subfield>
    </datafield>
    <datafield tag="246" ind1=" " ind2=" ">
        <subfield code="a">مشروع اتفاقية النقل الدولي متعدد الوسائط للبضائع في المشرق العربي ديباجة/ الدورة الخامسة والعشرون صنعاء, 26-29 ايار/مايو 2008</subfield>
    </datafield>
    <datafield tag="269" ind1=" " ind2=" ">
        <subfield code="a">20080429</subfield>
    </datafield>
    <datafield tag="650" ind1=" " ind2=" ">
        <subfield code="a">CONFERENCES</subfield>
        <subfield code="0">(DHLAUTH)275758</subfield>
    </datafield>
    <datafield tag="650" ind1=" " ind2=" ">
        <subfield code="a">WESTERN ASIA</subfield>
        <subfield code="0">(DHLAUTH)275490</subfield>
    </datafield>
    <datafield tag="650" ind1=" " ind2=" ">
        <subfield code="a">MULTIMODAL TRANSPORT</subfield>
        <subfield code="0">(DHLAUTH)272480</subfield>
    </datafield>
    <datafield tag="650" ind1=" " ind2=" ">
        <subfield code="a">TREATIES</subfield>
        <subfield code="0">(DHLAUTH)9632</subfield>
    </datafield>
    <datafield tag="650" ind1=" " ind2=" ">
        <subfield code="a">TRANSPORT AGREEMENTS</subfield>
        <subfield code="0">(DHLAUTH)581346</subfield>
    </datafield>
    <datafield tag="650" ind1=" " ind2=" ">
        <subfield code="a">GOODS TRANSPORT</subfield>
        <subfield code="0">(DHLAUTH)272477</subfield>
    </datafield>
    <datafield tag="650" ind1=" " ind2=" ">
        <subfield code="a">RESOLUTIONS AND DECISIONS</subfield>
        <subfield code="0">(DHLAUTH)275677</subfield>
    </datafield>
</record>
<record>
    <datafield tag="191" ind1=" " ind2=" ">
        <subfield code="a">E/2012/41(SUPP)</subfield>
    </datafield>
    <datafield tag="191" ind1=" " ind2=" ">
        <subfield code="a">E/ESCWA/27/9/REPORT</subfield>
    </datafield>
    <datafield tag="245" ind1=" " ind2=" ">
        <subfield code="a">ECONOMIC AND SOCIAL COMMISSION FOR WESTERN ASIA : REPORT ON THE 27TH SESSION, 7-10 MAY 2012</subfield>
    </datafield>
    <datafield tag="246" ind1=" " ind2=" ">
        <subfield code="a">Economic and Social Commission for Western Asia : report on the 27th session, 7-10 May 2012</subfield>
    </datafield>
    <datafield tag="269" ind1=" " ind2=" ">
        <subfield code="a">20120101</subfield>
    </datafield>
    <datafield tag="650" ind1=" " ind2=" ">
        <subfield code="a">REGIONAL COOPERATION</subfield>
        <subfield code="0">(DHLAUTH)268656</subfield>
    </datafield>
    <datafield tag="650" ind1=" " ind2=" ">
        <subfield code="a">SOCIAL POLICY</subfield>
        <subfield code="0">(DHLAUTH)269713</subfield>
    </datafield>
    <datafield tag="650" ind1=" " ind2=" ">
        <subfield code="a">SUSTAINABLE DEVELOPMENT</subfield>
        <subfield code="0">(DHLAUTH)269920</subfield>
    </datafield>
    <datafield tag="650" ind1=" " ind2=" ">
        <subfield code="a">SMALL ENTERPRISES</subfield>
        <subfield code="0">(DHLAUTH)269624</subfield>
    </datafield>
    <datafield tag="650" ind1=" " ind2=" ">
        <subfield code="a">WESTERN ASIA</subfield>
        <subfield code="0">(DHLAUTH)275490</subfield>
    </datafield>
    <datafield tag="650" ind1=" " ind2=" ">
        <subfield code="a">PROGRAMME PLANNING</subfield>
        <subfield code="0">(DHLAUTH)275798</subfield>
    </datafield>
    <datafield tag="650" ind1=" " ind2=" ">
        <subfield code="a">DOCUMENTS</subfield>
        <subfield code="0">(DHLAUTH)270014</subfield>
    </datafield>
</record>
<record>
    <datafield tag="191" ind1=" " ind2=" ">
        <subfield code="a">E/ESCWA/29/11</subfield>
    </datafield>
    <datafield tag="246" ind1=" " ind2=" ">
        <subfield code="a">تنفيذ خطة التنمية المستدامة لعام 2030 في الدول العربية  : اللجنة الاقتصادية والاجتماعية لغربي آسيا (الاسكوا)، الدورة التاسعة والعشرون، الدوحة، 13 - 15 كانون الاول/ديسمبر 2016</subfield>
    </datafield>
    <datafield tag="269" ind1=" " ind2=" ">
        <subfield code="a">20161018</subfield>
    </datafield>
    <datafield tag="650" ind1=" " ind2=" ">
        <subfield code="a">SUSTAINABLE DEVELOPMENT</subfield>
        <subfield code="0">(DHLAUTH)269920</subfield>
    </datafield>
    <datafield tag="650" ind1=" " ind2=" ">
        <subfield code="a">DEVELOPMENT PLANNING</subfield>
        <subfield code="0">(DHLAUTH)269883</subfield>
    </datafield>
    <datafield tag="650" ind1=" " ind2=" ">
        <subfield code="a">DEVELOPMENT PLANS</subfield>
        <subfield code="0">(DHLAUTH)269892</subfield>
    </datafield>
    <datafield tag="650" ind1=" " ind2=" ">
        <subfield code="a">DEVELOPMENT POLICY</subfield>
        <subfield code="0">(DHLAUTH)269893</subfield>
    </datafield>
    <datafield tag="650" ind1=" " ind2=" ">
        <subfield code="a">DATA COLLECTION</subfield>
        <subfield code="0">(DHLAUTH)270174</subfield>
    </datafield>
    <datafield tag="650" ind1=" " ind2=" ">
        <subfield code="a">POPULATION ASPECTS</subfield>
        <subfield code="0">(DHLAUTH)273106</subfield>
    </datafield>
    <datafield tag="650" ind1=" " ind2=" ">
        <subfield code="a">HUMAN DEVELOPMENT</subfield>
        <subfield code="0">(DHLAUTH)276688</subfield>
    </datafield>
    <datafield tag="650" ind1=" " ind2=" ">
        <subfield code="a">ARAB COUNTRIES</subfield>
        <subfield code="0">(DHLAUTH)268705</subfield>
    </datafield>
    <datafield tag="650" ind1=" " ind2=" ">
        <subfield code="a">WESTERN ASIA</subfield>
        <subfield code="0">(DHLAUTH)275490</subfield>
    </datafield>
    <datafield tag="650" ind1=" " ind2=" ">
        <subfield code="a">CONFERENCES</subfield>
        <subfield code="0">(DHLAUTH)275758</subfield>
    </datafield>
</record>
<record>
    <datafield tag="191" ind1=" " ind2=" ">
        <subfield code="a">E/2016/41</subfield>
    </datafield>
    <datafield tag="191" ind1=" " ind2=" ">
        <subfield code="a">E/ESCWA/29/12/REPORT</subfield>
    </datafield>
    <datafield tag="245" ind1=" " ind2=" ">
        <subfield code="a">ECONOMIC AND SOCIAL COMMISSION FOR WESTERN ASIA, REPORT OF THE TWENTY-NINTH SESSION, 13-15 DECEMBER 2016 : ECONOMIC AND SOCIAL COUNCIL : OFFICIAL RECORDS : 2016 : SUPPLEMENT NO. 21</subfield>
    </datafield>
    <datafield tag="246" ind1=" " ind2=" ">
        <subfield code="a">COMMISSION ECONOMIQUE ET SOCIALE POUR L'ASIE OCCIDENTALE, RAPPORT SUR LA VINGT-NEUVIEME SESSION 13-15 DECEMBRE 2016 : CONSEIL ECONOMIQUE ET SOCIAL : DOCUMENTS OFFICIELS : 2016 : SUPPLEMENT NO. 21</subfield>
    </datafield>
    <datafield tag="246" ind1=" " ind2=" ">
        <subfield code="a">اللجنة الاقتصادية والاجتماعية لغربي آسيا، تقرير الدورة التاسعة والعشرين، 13 - 15 كانون الاول/ديسمبر 2016 : المجلس الاقتصادي والاجتماعي، الوثائق الرسمية : 2016  الملحق رقم 21</subfield>
    </datafield>
    <datafield tag="269" ind1=" " ind2=" ">
        <subfield code="a">20161230</subfield>
    </datafield>
    <datafield tag="650" ind1=" " ind2=" ">
        <subfield code="a">REGIONAL COMMISSIONS</subfield>
        <subfield code="0">(DHLAUTH)269969</subfield>
    </datafield>
    <datafield tag="650" ind1=" " ind2=" ">
        <subfield code="a">WESTERN ASIA</subfield>
        <subfield code="0">(DHLAUTH)275490</subfield>
    </datafield>
    <datafield tag="650" ind1=" " ind2=" ">
        <subfield code="a">CONFERENCES</subfield>
        <subfield code="0">(DHLAUTH)275758</subfield>
    </datafield>
    <datafield tag="650" ind1=" " ind2=" ">
        <subfield code="a">SUSTAINABLE DEVELOPMENT</subfield>
        <subfield code="0">(DHLAUTH)269920</subfield>
    </datafield>
    <datafield tag="650" ind1=" " ind2=" ">
        <subfield code="a">SOCIAL JUSTICE</subfield>
        <subfield code="0">(DHLAUTH)270080</subfield>
    </datafield>
    <datafield tag="650" ind1=" " ind2=" ">
        <subfield code="a">PALESTINIANS</subfield>
        <subfield code="0">(DHLAUTH)269084</subfield>
    </datafield>
    <datafield tag="650" ind1=" " ind2=" ">
        <subfield code="a">MANAGEMENT</subfield>
        <subfield code="0">(DHLAUTH)269660</subfield>
    </datafield>
    <datafield tag="650" ind1=" " ind2=" ">
        <subfield code="a">GENDER MAINSTREAMING</subfield>
        <subfield code="0">(DHLAUTH)493524</subfield>
    </datafield>
    <datafield tag="650" ind1=" " ind2=" ">
        <subfield code="a">WORK PROGRAMME</subfield>
        <subfield code="0">(DHLAUTH)275800</subfield>
    </datafield>
    <datafield tag="650" ind1=" " ind2=" ">
        <subfield code="a">ARAB COUNTRIES</subfield>
        <subfield code="0">(DHLAUTH)268705</subfield>
    </datafield>
</record>
<record>
    <datafield tag="191" ind1=" " ind2=" ">
        <subfield code="a">E/ESCWA/29/INF.1</subfield>
    </datafield>
    <datafield tag="245" ind1=" " ind2=" ">
        <subfield code="a">INFORMATION  FOR PARTICIPANTS : ECONOMIC AND SOCIAL COMMISSION FOR WESTERN ASIA : TWENTY-NINTH SESSION, DOHA, 13 - 15 DECEMBER 2016</subfield>
    </datafield>
    <datafield tag="246" ind1=" " ind2=" ">
        <subfield code="a">معلومات للمشاركين : اللجنة الاقتصادية والاجتماعية لغربي آسيا : الدورة التاسعة والعشرون، الدوحة، 13 - 15 كانون الاول /ديسمبر 2016</subfield>
    </datafield>
    <datafield tag="269" ind1=" " ind2=" ">
        <subfield code="a">20161230</subfield>
    </datafield>
    <datafield tag="650" ind1=" " ind2=" ">
        <subfield code="a">REGIONAL COMMISSIONS</subfield>
        <subfield code="0">(DHLAUTH)269969</subfield>
    </datafield>
    <datafield tag="650" ind1=" " ind2=" ">
        <subfield code="a">INFORMATION</subfield>
        <subfield code="0">(DHLAUTH)270009</subfield>
    </datafield>
    <datafield tag="650" ind1=" " ind2=" ">
        <subfield code="a">PARTICIPANTS</subfield>
        <subfield code="0">(DHLAUTH)275785</subfield>
    </datafield>
    <datafield tag="650" ind1=" " ind2=" ">
        <subfield code="a">CONFERENCES</subfield>
        <subfield code="0">(DHLAUTH)275758</subfield>
    </datafield>
    <datafield tag="650" ind1=" " ind2=" ">
        <subfield code="a">WESTERN ASIA</subfield>
        <subfield code="0">(DHLAUTH)275490</subfield>
    </datafield>
    <datafield tag="650" ind1=" " ind2=" ">
        <subfield code="a">ARAB COUNTRIES</subfield>
        <subfield code="0">(DHLAUTH)268705</subfield>
    </datafield>
</record>
<record>
    <datafield tag="191" ind1=" " ind2=" ">
        <subfield code="a">E/ESCWA/29/INF.2</subfield>
    </datafield>
    <datafield tag="245" ind1=" " ind2=" ">
        <subfield code="a">LIST OF DOCUMENTS : ECONOMIC AND SOCIAL COMMISSION FOR WESTERN ASIA (ESCWA), TWENTY-NINTH SESSION, DOHA, 13 - 15 DECEMBER 2016</subfield>
    </datafield>
    <datafield tag="246" ind1=" " ind2=" ">
        <subfield code="a">قائمة الوثائق : اللجنة الاقتصادية والاجتماعية لغربي آسيا (الاسكوا)، الدورة التاسعة والعشرون، الدوحة، 13 - 15 كانون الاول/ديسمبر 2016</subfield>
    </datafield>
    <datafield tag="269" ind1=" " ind2=" ">
        <subfield code="a">20161102</subfield>
    </datafield>
    <datafield tag="650" ind1=" " ind2=" ">
        <subfield code="a">DOCUMENTS</subfield>
        <subfield code="0">(DHLAUTH)270014</subfield>
    </datafield>
    <datafield tag="650" ind1=" " ind2=" ">
        <subfield code="a">REGIONAL COMMISSIONS</subfield>
        <subfield code="0">(DHLAUTH)269969</subfield>
    </datafield>
    <datafield tag="650" ind1=" " ind2=" ">
        <subfield code="a">WESTERN ASIA</subfield>
        <subfield code="0">(DHLAUTH)275490</subfield>
    </datafield>
    <datafield tag="650" ind1=" " ind2=" ">
        <subfield code="a">CONFERENCES</subfield>
        <subfield code="0">(DHLAUTH)275758</subfield>
    </datafield>
</record>
<record>
    <datafield tag="191" ind1=" " ind2=" ">
        <subfield code="a">E/ESCWA/80/ADD.1</subfield>
    </datafield>
    <datafield tag="245" ind1=" " ind2=" ">
        <subfield code="a">SURVEY OF ECONOMIC AND SOCIAL DEVELOPMENTS IN THE ECWA REGION 1970-1978</subfield>
    </datafield>
    <datafield tag="269" ind1=" " ind2=" ">
        <subfield code="a">19790425</subfield>
    </datafield>
    <datafield tag="650" ind1=" " ind2=" ">
        <subfield code="a">SOCIAL DEVELOPMENT</subfield>
        <subfield code="0">(DHLAUTH)269873</subfield>
    </datafield>
    <datafield tag="650" ind1=" " ind2=" ">
        <subfield code="a">DEVELOPMENT STRATEGIES</subfield>
        <subfield code="0">(DHLAUTH)269884</subfield>
    </datafield>
    <datafield tag="650" ind1=" " ind2=" ">
        <subfield code="a">ECONOMIC DEVELOPMENT</subfield>
        <subfield code="0">(DHLAUTH)269755</subfield>
    </datafield>
    <datafield tag="650" ind1=" " ind2=" ">
        <subfield code="a">ECONOMIC SURVEYS</subfield>
        <subfield code="0">(DHLAUTH)269780</subfield>
    </datafield>
</record>
<record>
    <datafield tag="191" ind1=" " ind2=" ">
        <subfield code="a">E/ESCWA/88/1/REV.1</subfield>
    </datafield>
    <datafield tag="245" ind1=" " ind2=" ">
        <subfield code="a">REPORT OF THE EXECUTIVE SECRETARYAPRIL 1987 - APRIL 1988</subfield>
    </datafield>
    <datafield tag="246" ind1=" " ind2=" ">
        <subfield code="a">RAPPORT DU SECRETAIRE EXECUTIFAVRIL 1987 - AVRIL 1988</subfield>
    </datafield>
    <datafield tag="246" ind1=" " ind2=" ">
        <subfield code="a">تقرير الامين العام التنفيذي نيسان/ابريل 1987 نيسان /ابريل 1988</subfield>
    </datafield>
    <datafield tag="269" ind1=" " ind2=" ">
        <subfield code="a">19880401</subfield>
    </datafield>
    <datafield tag="650" ind1=" " ind2=" ">
        <subfield code="a">WESTERN ASIA</subfield>
        <subfield code="0">(DHLAUTH)275490</subfield>
    </datafield>
    <datafield tag="650" ind1=" " ind2=" ">
        <subfield code="a">CONFERENCES</subfield>
        <subfield code="0">(DHLAUTH)275758</subfield>
    </datafield>
    <datafield tag="650" ind1=" " ind2=" ">
        <subfield code="a">ACTIVITIES</subfield>
        <subfield code="0">(DHLAUTH)275823</subfield>
    </datafield>
    <datafield tag="650" ind1=" " ind2=" ">
        <subfield code="a">FINANCIAL CRISIS</subfield>
        <subfield code="0">(DHLAUTH)275770</subfield>
    </datafield>
</record>
<record>
    <datafield tag="191" ind1=" " ind2=" ">
        <subfield code="a">E/ESCWA/89/1/REV.1</subfield>
    </datafield>
    <datafield tag="245" ind1=" " ind2=" ">
        <subfield code="a">ECONOMIC CONDITIONS OF THE GOLAN HEIGHTS UNDER ISRAELI OCCUPATION</subfield>
    </datafield>
    <datafield tag="269" ind1=" " ind2=" ">
        <subfield code="a">19890927</subfield>
    </datafield>
    <datafield tag="650" ind1=" " ind2=" ">
        <subfield code="a">ECONOMIC CONDITIONS</subfield>
        <subfield code="0">(DHLAUTH)269719</subfield>
    </datafield>
    <datafield tag="650" ind1=" " ind2=" ">
        <subfield code="a">WESTERN ASIA</subfield>
        <subfield code="0">(DHLAUTH)275490</subfield>
    </datafield>
    <datafield tag="650" ind1=" " ind2=" ">
        <subfield code="a">GOLAN HEIGHTS</subfield>
        <subfield code="0">(DHLAUTH)277042</subfield>
    </datafield>
    <datafield tag="650" ind1=" " ind2=" ">
        <subfield code="a">ISRAEL</subfield>
        <subfield code="0">(DHLAUTH)268556</subfield>
    </datafield>
    <datafield tag="650" ind1=" " ind2=" ">
        <subfield code="a">GEOGRAPHY</subfield>
        <subfield code="0">(DHLAUTH)270510</subfield>
    </datafield>
    <datafield tag="650" ind1=" " ind2=" ">
        <subfield code="a">POPULATION</subfield>
        <subfield code="0">(DHLAUTH)272994</subfield>
    </datafield>
    <datafield tag="650" ind1=" " ind2=" ">
        <subfield code="a">EDUCATION</subfield>
        <subfield code="0">(DHLAUTH)268926</subfield>
    </datafield>
    <datafield tag="650" ind1=" " ind2=" ">
        <subfield code="a">SYRIAN ARAB REPUBLIC</subfield>
        <subfield code="0">(DHLAUTH)273496</subfield>
    </datafield>
    <datafield tag="650" ind1=" " ind2=" ">
        <subfield code="a">LABOUR</subfield>
        <subfield code="0">(DHLAUTH)274210</subfield>
    </datafield>
    <datafield tag="650" ind1=" " ind2=" ">
        <subfield code="a">EMPLOYMENT</subfield>
        <subfield code="0">(DHLAUTH)269797</subfield>
    </datafield>
    <datafield tag="650" ind1=" " ind2=" ">
        <subfield code="a">MONEY</subfield>
        <subfield code="0">(DHLAUTH)269687</subfield>
    </datafield>
    <datafield tag="650" ind1=" " ind2=" ">
        <subfield code="a">BANKING</subfield>
        <subfield code="0">(DHLAUTH)270339</subfield>
    </datafield>
    <datafield tag="650" ind1=" " ind2=" ">
        <subfield code="a">RECOMMENDATIONS</subfield>
        <subfield code="0">(DHLAUTH)275840</subfield>
    </datafield>
</record>
<record>
    <datafield tag="191" ind1=" " ind2=" ">
        <subfield code="a">E/ESCWA/89/2</subfield>
    </datafield>
    <datafield tag="246" ind1=" " ind2=" ">
        <subfield code="a">الوضع الديموغرافي والحالة التعليمية للفلسطينيين المقيمين في الجمهورية العربية السورية والجمهورية اللبنانية</subfield>
    </datafield>
    <datafield tag="269" ind1=" " ind2=" ">
        <subfield code="a">19890511</subfield>
    </datafield>
    <datafield tag="650" ind1=" " ind2=" ">
        <subfield code="a">POPULATION GROWTH</subfield>
        <subfield code="0">(DHLAUTH)272944</subfield>
    </datafield>
    <datafield tag="650" ind1=" " ind2=" ">
        <subfield code="a">POPULATION DISTRIBUTION</subfield>
        <subfield code="0">(DHLAUTH)272996</subfield>
    </datafield>
    <datafield tag="650" ind1=" " ind2=" ">
        <subfield code="a">EDUCATION</subfield>
        <subfield code="0">(DHLAUTH)268926</subfield>
    </datafield>
    <datafield tag="650" ind1=" " ind2=" ">
        <subfield code="a">PALESTINE REFUGEES</subfield>
        <subfield code="0">(DHLAUTH)269083</subfield>
    </datafield>
    <datafield tag="650" ind1=" " ind2=" ">
        <subfield code="a">REFUGEE CAMPS</subfield>
        <subfield code="0">(DHLAUTH)274386</subfield>
    </datafield>
    <datafield tag="650" ind1=" " ind2=" ">
        <subfield code="a">DEMOGRAPHIC STATISTICS</subfield>
        <subfield code="0">(DHLAUTH)270229</subfield>
    </datafield>
    <datafield tag="650" ind1=" " ind2=" ">
        <subfield code="a">FERTILITY</subfield>
        <subfield code="0">(DHLAUTH)273021</subfield>
    </datafield>
    <datafield tag="650" ind1=" " ind2=" ">
        <subfield code="a">AGE DISTRIBUTION</subfield>
        <subfield code="0">(DHLAUTH)269146</subfield>
    </datafield>
    <datafield tag="650" ind1=" " ind2=" ">
        <subfield code="a">LEBANON</subfield>
        <subfield code="0">(DHLAUTH)269069</subfield>
    </datafield>
    <datafield tag="650" ind1=" " ind2=" ">
        <subfield code="a">SYRIAN ARAB REPUBLIC</subfield>
        <subfield code="0">(DHLAUTH)273496</subfield>
    </datafield>
</record>
<record>
    <datafield tag="191" ind1=" " ind2=" ">
        <subfield code="a">E/ESCWA/89/3</subfield>
    </datafield>
    <datafield tag="246" ind1=" " ind2=" ">
        <subfield code="a">السكان والقوى العاملة والتعليم في الاراضي الفلسطينية المحتلة</subfield>
    </datafield>
    <datafield tag="269" ind1=" " ind2=" ">
        <subfield code="a">19890511</subfield>
    </datafield>
    <datafield tag="650" ind1=" " ind2=" ">
        <subfield code="a">POPULATION GROWTH</subfield>
        <subfield code="0">(DHLAUTH)272944</subfield>
    </datafield>
    <datafield tag="650" ind1=" " ind2=" ">
        <subfield code="a">POPULATION DISTRIBUTION</subfield>
        <subfield code="0">(DHLAUTH)272996</subfield>
    </datafield>
    <datafield tag="650" ind1=" " ind2=" ">
        <subfield code="a">EDUCATION</subfield>
        <subfield code="0">(DHLAUTH)268926</subfield>
    </datafield>
    <datafield tag="650" ind1=" " ind2=" ">
        <subfield code="a">HEALTH CONDITIONS</subfield>
        <subfield code="0">(DHLAUTH)273716</subfield>
    </datafield>
    <datafield tag="650" ind1=" " ind2=" ">
        <subfield code="a">HEALTH SERVICES</subfield>
        <subfield code="0">(DHLAUTH)273200</subfield>
    </datafield>
    <datafield tag="650" ind1=" " ind2=" ">
        <subfield code="a">HUMAN RIGHTS</subfield>
        <subfield code="0">(DHLAUTH)274431</subfield>
    </datafield>
    <datafield tag="650" ind1=" " ind2=" ">
        <subfield code="a">MILITARY OCCUPATION</subfield>
        <subfield code="0">(DHLAUTH)268552</subfield>
    </datafield>
    <datafield tag="650" ind1=" " ind2=" ">
        <subfield code="a">PALESTINIAN UPRISING</subfield>
        <subfield code="0">(DHLAUTH)269085</subfield>
    </datafield>
    <datafield tag="650" ind1=" " ind2=" ">
        <subfield code="a">PEACE</subfield>
        <subfield code="0">(DHLAUTH)268448</subfield>
    </datafield>
    <datafield tag="650" ind1=" " ind2=" ">
        <subfield code="a">WEST BANK (STATE OF PALESTINE)</subfield>
        <subfield code="0">(DHLAUTH)277374</subfield>
    </datafield>
    <datafield tag="650" ind1=" " ind2=" ">
        <subfield code="a">GAZA STRIP (STATE OF PALESTINE)</subfield>
        <subfield code="0">(DHLAUTH)277030</subfield>
    </datafield>
    <datafield tag="650" ind1=" " ind2=" ">
        <subfield code="a">UNEMPLOYMENT</subfield>
        <subfield code="0">(DHLAUTH)269726</subfield>
    </datafield>
</record>
<record>
    <datafield tag="191" ind1=" " ind2=" ">
        <subfield code="a">E/ESCWA/89/CSS/1</subfield>
    </datafield>
    <datafield tag="245" ind1=" " ind2=" ">
        <subfield code="a">NOTES ON THE PRESENTATION OF DOCUMENTS</subfield>
    </datafield>
    <datafield tag="269" ind1=" " ind2=" ">
        <subfield code="a">19890831</subfield>
    </datafield>
    <datafield tag="650" ind1=" " ind2=" ">
        <subfield code="a">DOCUMENTATION</subfield>
        <subfield code="0">(DHLAUTH)275080</subfield>
    </datafield>
    <datafield tag="650" ind1=" " ind2=" ">
        <subfield code="a">GUIDELINES</subfield>
        <subfield code="0">(DHLAUTH)275775</subfield>
    </datafield>
    <datafield tag="650" ind1=" " ind2=" ">
        <subfield code="a">WESTERN ASIA</subfield>
        <subfield code="0">(DHLAUTH)275490</subfield>
    </datafield>
    <datafield tag="650" ind1=" " ind2=" ">
        <subfield code="a">CONFERENCES</subfield>
        <subfield code="0">(DHLAUTH)275758</subfield>
    </datafield>
</record>
<record>
    <datafield tag="191" ind1=" " ind2=" ">
        <subfield code="a">E/ESCWA/AGREB/XII</subfield>
    </datafield>
    <datafield tag="246" ind1=" " ind2=" ">
        <subfield code="a">AGRICULTURE AND DEVELOPMENT IN WESTERN ASIA, DECEMBER 1989 NUMBER 12 = الزراعة والتنمية في غربي آسيا العدد 12, 1989</subfield>
    </datafield>
    <datafield tag="269" ind1=" " ind2=" ">
        <subfield code="a">19891201</subfield>
    </datafield>
    <datafield tag="650" ind1=" " ind2=" ">
        <subfield code="a">RURAL DEVELOPMENT</subfield>
        <subfield code="0">(DHLAUTH)269872</subfield>
    </datafield>
    <datafield tag="650" ind1=" " ind2=" ">
        <subfield code="a">AGRICULTURAL DEVELOPMENT</subfield>
        <subfield code="0">(DHLAUTH)269917</subfield>
    </datafield>
    <datafield tag="650" ind1=" " ind2=" ">
        <subfield code="a">AGRICULTURAL PLANNING</subfield>
        <subfield code="0">(DHLAUTH)269924</subfield>
    </datafield>
    <datafield tag="650" ind1=" " ind2=" ">
        <subfield code="a">WESTERN ASIA</subfield>
        <subfield code="0">(DHLAUTH)275490</subfield>
    </datafield>
</record>
<record>
    <datafield tag="191" ind1=" " ind2=" ">
        <subfield code="a">E/ESCWA/AGREB/XIII</subfield>
    </datafield>
    <datafield tag="246" ind1=" " ind2=" ">
        <subfield code="a">AGRICULTURE AND DEVELOPMENT IN WESTERN ASIA, JANUARY 1992 NUMBER 13 = الزراعة والتنمية في غربي آسيا العدد 13, 1992</subfield>
    </datafield>
    <datafield tag="269" ind1=" " ind2=" ">
        <subfield code="a">19920101</subfield>
    </datafield>
    <datafield tag="650" ind1=" " ind2=" ">
        <subfield code="a">AGRICULTURAL DEVELOPMENT</subfield>
        <subfield code="0">(DHLAUTH)269917</subfield>
    </datafield>
    <datafield tag="650" ind1=" " ind2=" ">
        <subfield code="a">RURAL DEVELOPMENT</subfield>
        <subfield code="0">(DHLAUTH)269872</subfield>
    </datafield>
    <datafield tag="650" ind1=" " ind2=" ">
        <subfield code="a">AGRICULTURAL PLANNING</subfield>
        <subfield code="0">(DHLAUTH)269924</subfield>
    </datafield>
    <datafield tag="650" ind1=" " ind2=" ">
        <subfield code="a">WESTERN ASIA</subfield>
        <subfield code="0">(DHLAUTH)275490</subfield>
    </datafield>
</record>
<record>
    <datafield tag="191" ind1=" " ind2=" ">
        <subfield code="a">E/ESCWA/AGREB/XIX</subfield>
    </datafield>
    <datafield tag="246" ind1=" " ind2=" ">
        <subfield code="a">AGRICULTURE AND DEVELOPMENT IN WESTERN ASIA NUMBER 19 DECEMBER 1997 = الزراعة والتنمية في غربي آسيا العدد 19, 1997</subfield>
    </datafield>
    <datafield tag="269" ind1=" " ind2=" ">
        <subfield code="a">19971201</subfield>
    </datafield>
    <datafield tag="650" ind1=" " ind2=" ">
        <subfield code="a">AGRICULTURAL DEVELOPMENT</subfield>
        <subfield code="0">(DHLAUTH)269917</subfield>
    </datafield>
    <datafield tag="650" ind1=" " ind2=" ">
        <subfield code="a">AGRICULTURAL PLANNING</subfield>
        <subfield code="0">(DHLAUTH)269924</subfield>
    </datafield>
    <datafield tag="650" ind1=" " ind2=" ">
        <subfield code="a">WESTERN ASIA</subfield>
        <subfield code="0">(DHLAUTH)275490</subfield>
    </datafield>
    <datafield tag="650" ind1=" " ind2=" ">
        <subfield code="a">RURAL DEVELOPMENT</subfield>
        <subfield code="0">(DHLAUTH)269872</subfield>
    </datafield>
</record>
<record>
    <datafield tag="191" ind1=" " ind2=" ">
        <subfield code="a">E/ESCWA/AGREB/XVIII</subfield>
    </datafield>
    <datafield tag="245" ind1=" " ind2=" ">
        <subfield code="a">AGRICULTURE AND DEVELOPMENT IN WESTERN ASIA, NUMBER 18 DECEMBER 1996 = الزراعة والتنمية في غربي آسيا العدد 18, 1996</subfield>
    </datafield>
    <datafield tag="269" ind1=" " ind2=" ">
        <subfield code="a">19961201</subfield>
    </datafield>
    <datafield tag="650" ind1=" " ind2=" ">
        <subfield code="a">WESTERN ASIA</subfield>
        <subfield code="0">(DHLAUTH)275490</subfield>
    </datafield>
    <datafield tag="650" ind1=" " ind2=" ">
        <subfield code="a">AGRICULTURAL DEVELOPMENT</subfield>
        <subfield code="0">(DHLAUTH)269917</subfield>
    </datafield>
    <datafield tag="650" ind1=" " ind2=" ">
        <subfield code="a">AGRICULTURAL PLANNING</subfield>
        <subfield code="0">(DHLAUTH)269924</subfield>
    </datafield>
    <datafield tag="650" ind1=" " ind2=" ">
        <subfield code="a">RURAL DEVELOPMENT</subfield>
        <subfield code="0">(DHLAUTH)269872</subfield>
    </datafield>
</record>
<record>
    <datafield tag="191" ind1=" " ind2=" ">
        <subfield code="a">E/ESCWA/AGR/1990/1</subfield>
    </datafield>
    <datafield tag="245" ind1=" " ind2=" ">
        <subfield code="a">REPORT ON THE ESCWA/FAO ADVANCED TRAINING WORKSHOP ON THE FARM ANALYSIS COMPUTER PACKAGE (FARMAP). BAGHDAD, 26 NOVEMBER - 2 DECEMBER 1989</subfield>
    </datafield>
    <datafield tag="269" ind1=" " ind2=" ">
        <subfield code="a">19900305</subfield>
    </datafield>
    <datafield tag="650" ind1=" " ind2=" ">
        <subfield code="a">CONFERENCES</subfield>
        <subfield code="0">(DHLAUTH)275758</subfield>
    </datafield>
    <datafield tag="650" ind1=" " ind2=" ">
        <subfield code="a">EVALUATION</subfield>
        <subfield code="0">(DHLAUTH)269588</subfield>
    </datafield>
    <datafield tag="650" ind1=" " ind2=" ">
        <subfield code="a">COMPUTER APPLICATIONS</subfield>
        <subfield code="0">(DHLAUTH)271864</subfield>
    </datafield>
    <datafield tag="650" ind1=" " ind2=" ">
        <subfield code="a">AGRICULTURAL TRAINING</subfield>
        <subfield code="0">(DHLAUTH)271334</subfield>
    </datafield>
    <datafield tag="650" ind1=" " ind2=" ">
        <subfield code="a">COMPUTER PROGRAMS</subfield>
        <subfield code="0">(DHLAUTH)275242</subfield>
    </datafield>
    <datafield tag="650" ind1=" " ind2=" ">
        <subfield code="a">ACTIVITIES</subfield>
        <subfield code="0">(DHLAUTH)275823</subfield>
    </datafield>
    <datafield tag="650" ind1=" " ind2=" ">
        <subfield code="a">FARM MANAGEMENT</subfield>
        <subfield code="0">(DHLAUTH)271336</subfield>
    </datafield>
</record>
<record>
    <datafield tag="191" ind1=" " ind2=" ">
        <subfield code="a">E/ESCWA/AGR/1990/2</subfield>
    </datafield>
    <datafield tag="246" ind1=" " ind2=" ">
        <subfield code="a">تقرير عن المهمة الإستشارية حول تقييم مشروع التعداد الزراعي في مجلس التنمية الأمانة الفنية مسقط سلطنة عمان, خلال الفترة من 27 كانون الثاني/يناير - 15 شباط/فبراير 1990</subfield>
    </datafield>
    <datafield tag="269" ind1=" " ind2=" ">
        <subfield code="a">19900218</subfield>
    </datafield>
    <datafield tag="650" ind1=" " ind2=" ">
        <subfield code="a">AGRICULTURAL STATISTICS</subfield>
        <subfield code="0">(DHLAUTH)270191</subfield>
    </datafield>
    <datafield tag="650" ind1=" " ind2=" ">
        <subfield code="a">OMAN</subfield>
        <subfield code="0">(DHLAUTH)273438</subfield>
    </datafield>
    <datafield tag="650" ind1=" " ind2=" ">
        <subfield code="a">WESTERN ASIA</subfield>
        <subfield code="0">(DHLAUTH)275490</subfield>
    </datafield>
</record>
<record>
    <datafield tag="191" ind1=" " ind2=" ">
        <subfield code="a">E/ESCWA/AGR/1992/1</subfield>
    </datafield>
    <datafield tag="245" ind1=" " ind2=" ">
        <subfield code="a">A DESERTIFICATION CONTROL PROJECT IN JORDAN: AS-SAFAWI INTEGRATED DEVELOPMENT PROJECT</subfield>
    </datafield>
    <datafield tag="269" ind1=" " ind2=" ">
        <subfield code="a">19920108</subfield>
    </datafield>
    <datafield tag="650" ind1=" " ind2=" ">
        <subfield code="a">JORDAN</subfield>
        <subfield code="0">(DHLAUTH)269099</subfield>
    </datafield>
    <datafield tag="650" ind1=" " ind2=" ">
        <subfield code="a">PROJECT IMPLEMENTATION</subfield>
        <subfield code="0">(DHLAUTH)269965</subfield>
    </datafield>
    <datafield tag="650" ind1=" " ind2=" ">
        <subfield code="a">DESERTIFICATION</subfield>
        <subfield code="0">(DHLAUTH)270641</subfield>
    </datafield>
    <datafield tag="650" ind1=" " ind2=" ">
        <subfield code="a">DEVELOPMENT PLANNING</subfield>
        <subfield code="0">(DHLAUTH)269883</subfield>
    </datafield>
    <datafield tag="650" ind1=" " ind2=" ">
        <subfield code="a">WESTERN ASIA</subfield>
        <subfield code="0">(DHLAUTH)275490</subfield>
    </datafield>
</record>
<record>
    <datafield tag="191" ind1=" " ind2=" ">
        <subfield code="a">E/ESCWA/AGR/1992/10</subfield>
    </datafield>
    <datafield tag="246" ind1=" " ind2=" ">
        <subfield code="a">"الحالة الراهنة للتسويق الزراعي في الجمهورية العربية السورية "ترشيد استهلاك الاغذية وتوزيعها</subfield>
    </datafield>
    <datafield tag="269" ind1=" " ind2=" ">
        <subfield code="a">19921209</subfield>
    </datafield>
    <datafield tag="650" ind1=" " ind2=" ">
        <subfield code="a">AGRICULTURAL PRODUCT MARKETING</subfield>
        <subfield code="0">(DHLAUTH)271308</subfield>
    </datafield>
    <datafield tag="650" ind1=" " ind2=" ">
        <subfield code="a">AGRICULTURAL PRODUCTS</subfield>
        <subfield code="0">(DHLAUTH)270579</subfield>
    </datafield>
    <datafield tag="650" ind1=" " ind2=" ">
        <subfield code="a">AGRICULTURAL PRODUCTION</subfield>
        <subfield code="0">(DHLAUTH)269670</subfield>
    </datafield>
    <datafield tag="650" ind1=" " ind2=" ">
        <subfield code="a">FOUNDATIONS</subfield>
        <subfield code="0">(DHLAUTH)270118</subfield>
    </datafield>
    <datafield tag="650" ind1=" " ind2=" ">
        <subfield code="a">AGRICULTURAL PRICES</subfield>
        <subfield code="0">(DHLAUTH)271329</subfield>
    </datafield>
    <datafield tag="650" ind1=" " ind2=" ">
        <subfield code="a">FOOD CONSUMPTION</subfield>
        <subfield code="0">(DHLAUTH)269579</subfield>
    </datafield>
    <datafield tag="650" ind1=" " ind2=" ">
        <subfield code="a">SYRIAN ARAB REPUBLIC</subfield>
        <subfield code="0">(DHLAUTH)273496</subfield>
    </datafield>
    <datafield tag="650" ind1=" " ind2=" ">
        <subfield code="a">WESTERN ASIA</subfield>
        <subfield code="0">(DHLAUTH)275490</subfield>
    </datafield>
    <datafield tag="650" ind1=" " ind2=" ">
        <subfield code="a">AGRICULTURAL STATISTICS</subfield>
        <subfield code="0">(DHLAUTH)270191</subfield>
    </datafield>
</record>
<record>
    <datafield tag="191" ind1=" " ind2=" ">
        <subfield code="a">E/ESCWA/AGR/1992/11</subfield>
    </datafield>
    <datafield tag="246" ind1=" " ind2=" ">
        <subfield code="a">واقع الإرشاد الزراعي في الأردن وسبل ومجالات تطويره</subfield>
    </datafield>
    <datafield tag="269" ind1=" " ind2=" ">
        <subfield code="a">19921217</subfield>
    </datafield>
    <datafield tag="650" ind1=" " ind2=" ">
        <subfield code="a">AGRICULTURAL EXTENSION</subfield>
        <subfield code="0">(DHLAUTH)271314</subfield>
    </datafield>
    <datafield tag="650" ind1=" " ind2=" ">
        <subfield code="a">HUMAN RESOURCES</subfield>
        <subfield code="0">(DHLAUTH)270571</subfield>
    </datafield>
    <datafield tag="650" ind1=" " ind2=" ">
        <subfield code="a">ORGANIZATIONAL STRUCTURE</subfield>
        <subfield code="0">(DHLAUTH)272030</subfield>
    </datafield>
    <datafield tag="650" ind1=" " ind2=" ">
        <subfield code="a">TECHNOLOGY TRANSFER</subfield>
        <subfield code="0">(DHLAUTH)271882</subfield>
    </datafield>
    <datafield tag="650" ind1=" " ind2=" ">
        <subfield code="a">TRAINING PROGRAMMES</subfield>
        <subfield code="0">(DHLAUTH)274026</subfield>
    </datafield>
    <datafield tag="650" ind1=" " ind2=" ">
        <subfield code="a">AGRICULTURAL TRAINING</subfield>
        <subfield code="0">(DHLAUTH)271334</subfield>
    </datafield>
    <datafield tag="650" ind1=" " ind2=" ">
        <subfield code="a">SYRIAN ARAB REPUBLIC</subfield>
        <subfield code="0">(DHLAUTH)273496</subfield>
    </datafield>
    <datafield tag="650" ind1=" " ind2=" ">
        <subfield code="a">JORDAN</subfield>
        <subfield code="0">(DHLAUTH)269099</subfield>
    </datafield>
    <datafield tag="650" ind1=" " ind2=" ">
        <subfield code="a">WESTERN ASIA</subfield>
        <subfield code="0">(DHLAUTH)275490</subfield>
    </datafield>
</record>
<record>
    <datafield tag="191" ind1=" " ind2=" ">
        <subfield code="a">E/ESCWA/AGR/1992/12</subfield>
    </datafield>
    <datafield tag="246" ind1=" " ind2=" ">
        <subfield code="a">مكافحة زراعة الحشيش والخشخاش الأفيون في لبنان</subfield>
    </datafield>
    <datafield tag="269" ind1=" " ind2=" ">
        <subfield code="a">19921223</subfield>
    </datafield>
    <datafield tag="650" ind1=" " ind2=" ">
        <subfield code="a">NARCOTIC DRUGS</subfield>
        <subfield code="0">(DHLAUTH)272339</subfield>
    </datafield>
    <datafield tag="650" ind1=" " ind2=" ">
        <subfield code="a">OPIUM</subfield>
        <subfield code="0">(DHLAUTH)272337</subfield>
    </datafield>
    <datafield tag="650" ind1=" " ind2=" ">
        <subfield code="a">RURAL DEVELOPMENT</subfield>
        <subfield code="0">(DHLAUTH)269872</subfield>
    </datafield>
    <datafield tag="650" ind1=" " ind2=" ">
        <subfield code="a">NATURAL RESOURCES</subfield>
        <subfield code="0">(DHLAUTH)270548</subfield>
    </datafield>
    <datafield tag="650" ind1=" " ind2=" ">
        <subfield code="a">RECOMMENDATIONS</subfield>
        <subfield code="0">(DHLAUTH)275840</subfield>
    </datafield>
    <datafield tag="650" ind1=" " ind2=" ">
        <subfield code="a">LEBANON</subfield>
        <subfield code="0">(DHLAUTH)269069</subfield>
    </datafield>
    <datafield tag="650" ind1=" " ind2=" ">
        <subfield code="a">WESTERN ASIA</subfield>
        <subfield code="0">(DHLAUTH)275490</subfield>
    </datafield>
    <datafield tag="650" ind1=" " ind2=" ">
        <subfield code="a">DRUG CONTROL</subfield>
        <subfield code="0">(DHLAUTH)273704</subfield>
    </datafield>
</record>
<record>
    <datafield tag="191" ind1=" " ind2=" ">
        <subfield code="a">E/ESCWA/AGR/1992/12 (SUPPL.1)</subfield>
    </datafield>
    <datafield tag="246" ind1=" " ind2=" ">
        <subfield code="a">(مكافحة زراعة الحشيش والخشخاش الأفيون في لبنان (مرفق</subfield>
    </datafield>
    <datafield tag="269" ind1=" " ind2=" ">
        <subfield code="a">19930308</subfield>
    </datafield>
    <datafield tag="650" ind1=" " ind2=" ">
        <subfield code="a">OPIUM</subfield>
        <subfield code="0">(DHLAUTH)272337</subfield>
    </datafield>
    <datafield tag="650" ind1=" " ind2=" ">
        <subfield code="a">NARCOTIC DRUGS</subfield>
        <subfield code="0">(DHLAUTH)272339</subfield>
    </datafield>
    <datafield tag="650" ind1=" " ind2=" ">
        <subfield code="a">LEBANON</subfield>
        <subfield code="0">(DHLAUTH)269069</subfield>
    </datafield>
    <datafield tag="650" ind1=" " ind2=" ">
        <subfield code="a">RURAL DEVELOPMENT</subfield>
        <subfield code="0">(DHLAUTH)269872</subfield>
    </datafield>
    <datafield tag="650" ind1=" " ind2=" ">
        <subfield code="a">NATURAL RESOURCES</subfield>
        <subfield code="0">(DHLAUTH)270548</subfield>
    </datafield>
    <datafield tag="650" ind1=" " ind2=" ">
        <subfield code="a">RECOMMENDATIONS</subfield>
        <subfield code="0">(DHLAUTH)275840</subfield>
    </datafield>
    <datafield tag="650" ind1=" " ind2=" ">
        <subfield code="a">ECONOMIC CONDITIONS</subfield>
        <subfield code="0">(DHLAUTH)269719</subfield>
    </datafield>
    <datafield tag="650" ind1=" " ind2=" ">
        <subfield code="a">SOCIAL CONDITIONS</subfield>
        <subfield code="0">(DHLAUTH)268327</subfield>
    </datafield>
    <datafield tag="650" ind1=" " ind2=" ">
        <subfield code="a">WESTERN ASIA</subfield>
        <subfield code="0">(DHLAUTH)275490</subfield>
    </datafield>
    <datafield tag="650" ind1=" " ind2=" ">
        <subfield code="a">DRUG CONTROL</subfield>
        <subfield code="0">(DHLAUTH)273704</subfield>
    </datafield>
</record>
<record>
    <datafield tag="191" ind1=" " ind2=" ">
        <subfield code="a">E/ESCWA/AGR/1992/2</subfield>
    </datafield>
    <datafield tag="246" ind1=" " ind2=" ">
        <subfield code="a">الحالة الراهنة في للتسويق الزراعي في العراق ومجالات تطويره .</subfield>
    </datafield>
    <datafield tag="269" ind1=" " ind2=" ">
        <subfield code="a">19920128</subfield>
    </datafield>
    <datafield tag="650" ind1=" " ind2=" ">
        <subfield code="a">AGRICULTURAL PRODUCT MARKETING</subfield>
        <subfield code="0">(DHLAUTH)271308</subfield>
    </datafield>
    <datafield tag="650" ind1=" " ind2=" ">
        <subfield code="a">AGRICULTURAL PRICES</subfield>
        <subfield code="0">(DHLAUTH)271329</subfield>
    </datafield>
    <datafield tag="650" ind1=" " ind2=" ">
        <subfield code="a">FOOD CONSUMPTION</subfield>
        <subfield code="0">(DHLAUTH)269579</subfield>
    </datafield>
    <datafield tag="650" ind1=" " ind2=" ">
        <subfield code="a">AGRICULTURAL PRODUCTION</subfield>
        <subfield code="0">(DHLAUTH)269670</subfield>
    </datafield>
    <datafield tag="650" ind1=" " ind2=" ">
        <subfield code="a">WESTERN ASIA</subfield>
        <subfield code="0">(DHLAUTH)275490</subfield>
    </datafield>
    <datafield tag="650" ind1=" " ind2=" ">
        <subfield code="a">IRAQ</subfield>
        <subfield code="0">(DHLAUTH)273370</subfield>
    </datafield>
    <datafield tag="650" ind1=" " ind2=" ">
        <subfield code="a">AGRICULTURAL ADMINISTRATION</subfield>
        <subfield code="0">(DHLAUTH)269882</subfield>
    </datafield>
</record>
<record>
    <datafield tag="191" ind1=" " ind2=" ">
        <subfield code="a">E/ESCWA/AGR/1992/3</subfield>
    </datafield>
    <datafield tag="246" ind1=" " ind2=" ">
        <subfield code="a">الحالة الراهنة للتسويق الزراعي في الأردن ومجالات تطويره</subfield>
    </datafield>
    <datafield tag="269" ind1=" " ind2=" ">
        <subfield code="a">19920128</subfield>
    </datafield>
    <datafield tag="650" ind1=" " ind2=" ">
        <subfield code="a">AGRICULTURAL PRODUCT MARKETING</subfield>
        <subfield code="0">(DHLAUTH)271308</subfield>
    </datafield>
    <datafield tag="650" ind1=" " ind2=" ">
        <subfield code="a">AGRICULTURAL PRODUCTS</subfield>
        <subfield code="0">(DHLAUTH)270579</subfield>
    </datafield>
    <datafield tag="650" ind1=" " ind2=" ">
        <subfield code="a">AGRICULTURAL PRODUCTION</subfield>
        <subfield code="0">(DHLAUTH)269670</subfield>
    </datafield>
    <datafield tag="650" ind1=" " ind2=" ">
        <subfield code="a">FOUNDATIONS</subfield>
        <subfield code="0">(DHLAUTH)270118</subfield>
    </datafield>
    <datafield tag="650" ind1=" " ind2=" ">
        <subfield code="a">AGRICULTURAL PRICES</subfield>
        <subfield code="0">(DHLAUTH)271329</subfield>
    </datafield>
    <datafield tag="650" ind1=" " ind2=" ">
        <subfield code="a">FOOD CONSUMPTION</subfield>
        <subfield code="0">(DHLAUTH)269579</subfield>
    </datafield>
    <datafield tag="650" ind1=" " ind2=" ">
        <subfield code="a">JORDAN</subfield>
        <subfield code="0">(DHLAUTH)269099</subfield>
    </datafield>
    <datafield tag="650" ind1=" " ind2=" ">
        <subfield code="a">WESTERN ASIA</subfield>
        <subfield code="0">(DHLAUTH)275490</subfield>
    </datafield>
    <datafield tag="650" ind1=" " ind2=" ">
        <subfield code="a">AGRICULTURAL STATISTICS</subfield>
        <subfield code="0">(DHLAUTH)270191</subfield>
    </datafield>
</record>
<record>
    <datafield tag="191" ind1=" " ind2=" ">
        <subfield code="a">E/ESCWA/AGR/1992/4</subfield>
    </datafield>
    <datafield tag="246" ind1=" " ind2=" ">
        <subfield code="a">تطوير نظم التخطيط الزراعي في الجمهورية العراقية</subfield>
    </datafield>
    <datafield tag="269" ind1=" " ind2=" ">
        <subfield code="a">19920216</subfield>
    </datafield>
    <datafield tag="650" ind1=" " ind2=" ">
        <subfield code="a">AGRICULTURAL DEVELOPMENT</subfield>
        <subfield code="0">(DHLAUTH)269917</subfield>
    </datafield>
    <datafield tag="650" ind1=" " ind2=" ">
        <subfield code="a">AGRICULTURAL POLICY</subfield>
        <subfield code="0">(DHLAUTH)269929</subfield>
    </datafield>
    <datafield tag="650" ind1=" " ind2=" ">
        <subfield code="a">FINANCIAL POLICY</subfield>
        <subfield code="0">(DHLAUTH)516405</subfield>
    </datafield>
    <datafield tag="650" ind1=" " ind2=" ">
        <subfield code="a">DEVELOPMENT PLANNING</subfield>
        <subfield code="0">(DHLAUTH)269883</subfield>
    </datafield>
    <datafield tag="650" ind1=" " ind2=" ">
        <subfield code="a">IRAQ</subfield>
        <subfield code="0">(DHLAUTH)273370</subfield>
    </datafield>
    <datafield tag="650" ind1=" " ind2=" ">
        <subfield code="a">WESTERN ASIA</subfield>
        <subfield code="0">(DHLAUTH)275490</subfield>
    </datafield>
</record>
<record>
    <datafield tag="191" ind1=" " ind2=" ">
        <subfield code="a">E/ESCWA/AGR/1992/5</subfield>
    </datafield>
    <datafield tag="246" ind1=" " ind2=" ">
        <subfield code="a">التخطيط الزراعي في الأردن</subfield>
    </datafield>
    <datafield tag="269" ind1=" " ind2=" ">
        <subfield code="a">19920805</subfield>
    </datafield>
    <datafield tag="650" ind1=" " ind2=" ">
        <subfield code="a">AGRICULTURAL PLANNING</subfield>
        <subfield code="0">(DHLAUTH)269924</subfield>
    </datafield>
    <datafield tag="650" ind1=" " ind2=" ">
        <subfield code="a">AGRICULTURAL POLICY</subfield>
        <subfield code="0">(DHLAUTH)269929</subfield>
    </datafield>
    <datafield tag="650" ind1=" " ind2=" ">
        <subfield code="a">FINANCIAL POLICY</subfield>
        <subfield code="0">(DHLAUTH)516405</subfield>
    </datafield>
    <datafield tag="650" ind1=" " ind2=" ">
        <subfield code="a">DEVELOPMENT PLANNING</subfield>
        <subfield code="0">(DHLAUTH)269883</subfield>
    </datafield>
    <datafield tag="650" ind1=" " ind2=" ">
        <subfield code="a">JORDAN</subfield>
        <subfield code="0">(DHLAUTH)269099</subfield>
    </datafield>
    <datafield tag="650" ind1=" " ind2=" ">
        <subfield code="a">WESTERN ASIA</subfield>
        <subfield code="0">(DHLAUTH)275490</subfield>
    </datafield>
</record>
<record>
    <datafield tag="191" ind1=" " ind2=" ">
        <subfield code="a">E/ESCWA/AGR/1992/6</subfield>
    </datafield>
    <datafield tag="246" ind1=" " ind2=" ">
        <subfield code="a">دراسة الجدوي الأولية لإنشاء مركز تدريبي إنتاجي للألبان في الضفة الغربية</subfield>
    </datafield>
    <datafield tag="269" ind1=" " ind2=" ">
        <subfield code="a">19920817</subfield>
    </datafield>
    <datafield tag="650" ind1=" " ind2=" ">
        <subfield code="a">DAIRY INDUSTRY</subfield>
        <subfield code="0">(DHLAUTH)271759</subfield>
    </datafield>
    <datafield tag="650" ind1=" " ind2=" ">
        <subfield code="a">AGRICULTURAL TRAINING</subfield>
        <subfield code="0">(DHLAUTH)271334</subfield>
    </datafield>
    <datafield tag="650" ind1=" " ind2=" ">
        <subfield code="a">FEASIBILITY STUDIES</subfield>
        <subfield code="0">(DHLAUTH)269961</subfield>
    </datafield>
    <datafield tag="650" ind1=" " ind2=" ">
        <subfield code="a">WESTERN ASIA</subfield>
        <subfield code="0">(DHLAUTH)275490</subfield>
    </datafield>
</record>
<record>
    <datafield tag="191" ind1=" " ind2=" ">
        <subfield code="a">E/ESCWA/AGR/1992/7</subfield>
    </datafield>
    <datafield tag="246" ind1=" " ind2=" ">
        <subfield code="a">التنمية الريفية في الأراضي الفلسطينية المحتلة</subfield>
    </datafield>
    <datafield tag="269" ind1=" " ind2=" ">
        <subfield code="a">19920416</subfield>
    </datafield>
    <datafield tag="650" ind1=" " ind2=" ">
        <subfield code="a">RURAL DEVELOPMENT</subfield>
        <subfield code="0">(DHLAUTH)269872</subfield>
    </datafield>
    <datafield tag="650" ind1=" " ind2=" ">
        <subfield code="a">SOCIO-ECONOMIC INDICATORS</subfield>
        <subfield code="0">(DHLAUTH)269759</subfield>
    </datafield>
    <datafield tag="650" ind1=" " ind2=" ">
        <subfield code="a">NATURAL RESOURCES</subfield>
        <subfield code="0">(DHLAUTH)270548</subfield>
    </datafield>
    <datafield tag="650" ind1=" " ind2=" ">
        <subfield code="a">SOCIAL SERVICES</subfield>
        <subfield code="0">(DHLAUTH)269370</subfield>
    </datafield>
    <datafield tag="650" ind1=" " ind2=" ">
        <subfield code="a">WESTERN ASIA</subfield>
        <subfield code="0">(DHLAUTH)275490</subfield>
    </datafield>
</record>
<record>
    <datafield tag="191" ind1=" " ind2=" ">
        <subfield code="a">E/ESCWA/AGR/1992/8</subfield>
    </datafield>
    <datafield tag="246" ind1=" " ind2=" ">
        <subfield code="a">الخطة الوطنية لمكافحة التصحر في الجمهورية اليمنية</subfield>
    </datafield>
    <datafield tag="269" ind1=" " ind2=" ">
        <subfield code="a">19920721</subfield>
    </datafield>
    <datafield tag="650" ind1=" " ind2=" ">
        <subfield code="a">WORK PROGRAMME</subfield>
        <subfield code="0">(DHLAUTH)275800</subfield>
    </datafield>
    <datafield tag="650" ind1=" " ind2=" ">
        <subfield code="a">DESERTIFICATION</subfield>
        <subfield code="0">(DHLAUTH)270641</subfield>
    </datafield>
    <datafield tag="650" ind1=" " ind2=" ">
        <subfield code="a">INSTITUTION BUILDING</subfield>
        <subfield code="0">(DHLAUTH)269946</subfield>
    </datafield>
    <datafield tag="650" ind1=" " ind2=" ">
        <subfield code="a">NATURAL RESOURCES</subfield>
        <subfield code="0">(DHLAUTH)270548</subfield>
    </datafield>
    <datafield tag="650" ind1=" " ind2=" ">
        <subfield code="a">SOCIAL CONDITIONS</subfield>
        <subfield code="0">(DHLAUTH)268327</subfield>
    </datafield>
    <datafield tag="650" ind1=" " ind2=" ">
        <subfield code="a">ECONOMIC CONDITIONS</subfield>
        <subfield code="0">(DHLAUTH)269719</subfield>
    </datafield>
    <datafield tag="650" ind1=" " ind2=" ">
        <subfield code="a">ENVIRONMENTAL PROTECTION</subfield>
        <subfield code="0">(DHLAUTH)270598</subfield>
    </datafield>
    <datafield tag="650" ind1=" " ind2=" ">
        <subfield code="a">RECOMMENDATIONS</subfield>
        <subfield code="0">(DHLAUTH)275840</subfield>
    </datafield>
    <datafield tag="650" ind1=" " ind2=" ">
        <subfield code="a">YEMEN</subfield>
        <subfield code="0">(DHLAUTH)273521</subfield>
    </datafield>
    <datafield tag="650" ind1=" " ind2=" ">
        <subfield code="a">WESTERN ASIA</subfield>
        <subfield code="0">(DHLAUTH)275490</subfield>
    </datafield>
</record>
<record>
    <datafield tag="191" ind1=" " ind2=" ">
        <subfield code="a">E/ESCWA/AGR/1993/10</subfield>
    </datafield>
    <datafield tag="246" ind1=" " ind2=" ">
        <subfield code="a">القات في اليمن</subfield>
    </datafield>
    <datafield tag="269" ind1=" " ind2=" ">
        <subfield code="a">19931110</subfield>
    </datafield>
    <datafield tag="650" ind1=" " ind2=" ">
        <subfield code="a">AGRICULTURE</subfield>
        <subfield code="0">(DHLAUTH)271335</subfield>
    </datafield>
    <datafield tag="650" ind1=" " ind2=" ">
        <subfield code="a">AGRICULTURAL PRODUCTION</subfield>
        <subfield code="0">(DHLAUTH)269670</subfield>
    </datafield>
    <datafield tag="650" ind1=" " ind2=" ">
        <subfield code="a">KHAT</subfield>
        <subfield code="0">(DHLAUTH)274554</subfield>
    </datafield>
    <datafield tag="650" ind1=" " ind2=" ">
        <subfield code="a">DRUG PRODUCTION</subfield>
        <subfield code="0">(DHLAUTH)274541</subfield>
    </datafield>
    <datafield tag="650" ind1=" " ind2=" ">
        <subfield code="a">PSYCHOTROPIC SUBSTANCES</subfield>
        <subfield code="0">(DHLAUTH)274527</subfield>
    </datafield>
    <datafield tag="650" ind1=" " ind2=" ">
        <subfield code="a">AGRICULTURAL LAND</subfield>
        <subfield code="0">(DHLAUTH)270942</subfield>
    </datafield>
    <datafield tag="650" ind1=" " ind2=" ">
        <subfield code="a">WESTERN ASIA</subfield>
        <subfield code="0">(DHLAUTH)275490</subfield>
    </datafield>
</record>
<record>
    <datafield tag="191" ind1=" " ind2=" ">
        <subfield code="a">E/ESCWA/AGR/1993/11</subfield>
    </datafield>
    <datafield tag="246" ind1=" " ind2=" ">
        <subfield code="a">وقائع الارشاد الزراعي في الجمهورية العربية السورية و سبل و مجالات تطويره</subfield>
    </datafield>
    <datafield tag="269" ind1=" " ind2=" ">
        <subfield code="a">19931115</subfield>
    </datafield>
    <datafield tag="650" ind1=" " ind2=" ">
        <subfield code="a">AGRICULTURAL EXTENSION</subfield>
        <subfield code="0">(DHLAUTH)271314</subfield>
    </datafield>
    <datafield tag="650" ind1=" " ind2=" ">
        <subfield code="a">AGRICULTURE</subfield>
        <subfield code="0">(DHLAUTH)271335</subfield>
    </datafield>
    <datafield tag="650" ind1=" " ind2=" ">
        <subfield code="a">WESTERN ASIA</subfield>
        <subfield code="0">(DHLAUTH)275490</subfield>
    </datafield>
    <datafield tag="650" ind1=" " ind2=" ">
        <subfield code="a">HUMAN RESOURCES</subfield>
        <subfield code="0">(DHLAUTH)270571</subfield>
    </datafield>
    <datafield tag="650" ind1=" " ind2=" ">
        <subfield code="a">TECHNOLOGY TRANSFER</subfield>
        <subfield code="0">(DHLAUTH)271882</subfield>
    </datafield>
    <datafield tag="650" ind1=" " ind2=" ">
        <subfield code="a">DISEASE CONTROL</subfield>
        <subfield code="0">(DHLAUTH)273001</subfield>
    </datafield>
    <datafield tag="650" ind1=" " ind2=" ">
        <subfield code="a">RURAL AREAS</subfield>
        <subfield code="0">(DHLAUTH)269978</subfield>
    </datafield>
    <datafield tag="650" ind1=" " ind2=" ">
        <subfield code="a">PUBLIC INFORMATION</subfield>
        <subfield code="0">(DHLAUTH)268517</subfield>
    </datafield>
    <datafield tag="650" ind1=" " ind2=" ">
        <subfield code="a">TRAINING PROGRAMMES</subfield>
        <subfield code="0">(DHLAUTH)274026</subfield>
    </datafield>
    <datafield tag="650" ind1=" " ind2=" ">
        <subfield code="a">PROGRAMME EVALUATION</subfield>
        <subfield code="0">(DHLAUTH)269962</subfield>
    </datafield>
    <datafield tag="650" ind1=" " ind2=" ">
        <subfield code="a">SYRIAN ARAB REPUBLIC</subfield>
        <subfield code="0">(DHLAUTH)273496</subfield>
    </datafield>
</record>
<record>
    <datafield tag="191" ind1=" " ind2=" ">
        <subfield code="a">E/ESCWA/AGR/1993/12</subfield>
    </datafield>
    <datafield tag="246" ind1=" " ind2=" ">
        <subfield code="a">تقييم سياسات وبرامج التنمية الريفية على المستوى الاقليمي لبلدان الاسكوا</subfield>
    </datafield>
    <datafield tag="269" ind1=" " ind2=" ">
        <subfield code="a">19931121</subfield>
    </datafield>
    <datafield tag="650" ind1=" " ind2=" ">
        <subfield code="a">EVALUATION</subfield>
        <subfield code="0">(DHLAUTH)269588</subfield>
    </datafield>
    <datafield tag="650" ind1=" " ind2=" ">
        <subfield code="a">WESTERN ASIA</subfield>
        <subfield code="0">(DHLAUTH)275490</subfield>
    </datafield>
    <datafield tag="650" ind1=" " ind2=" ">
        <subfield code="a">RURAL DEVELOPMENT</subfield>
        <subfield code="0">(DHLAUTH)269872</subfield>
    </datafield>
    <datafield tag="650" ind1=" " ind2=" ">
        <subfield code="a">HUMAN DEVELOPMENT</subfield>
        <subfield code="0">(DHLAUTH)276688</subfield>
    </datafield>
    <datafield tag="650" ind1=" " ind2=" ">
        <subfield code="a">DEVELOPMENT PLANNING</subfield>
        <subfield code="0">(DHLAUTH)269883</subfield>
    </datafield>
    <datafield tag="650" ind1=" " ind2=" ">
        <subfield code="a">WOMEN IN DEVELOPMENT</subfield>
        <subfield code="0">(DHLAUTH)269878</subfield>
    </datafield>
</record>
<record>
    <datafield tag="191" ind1=" " ind2=" ">
        <subfield code="a">E/ESCWA/AGR/1993/14</subfield>
    </datafield>
    <datafield tag="246" ind1=" " ind2=" ">
        <subfield code="a">وقائع إجتماع فريق الخبراء لتقييم سياسات وبرامج التنمية الريفية في البلدان الأعضاء في ألاسكوا 10-14 تشرين الاول/اكتوبر 1993 عمان</subfield>
    </datafield>
    <datafield tag="269" ind1=" " ind2=" ">
        <subfield code="a">19931102</subfield>
    </datafield>
    <datafield tag="650" ind1=" " ind2=" ">
        <subfield code="a">EVALUATION</subfield>
        <subfield code="0">(DHLAUTH)269588</subfield>
    </datafield>
    <datafield tag="650" ind1=" " ind2=" ">
        <subfield code="a">WESTERN ASIA</subfield>
        <subfield code="0">(DHLAUTH)275490</subfield>
    </datafield>
    <datafield tag="650" ind1=" " ind2=" ">
        <subfield code="a">RECOMMENDATIONS</subfield>
        <subfield code="0">(DHLAUTH)275840</subfield>
    </datafield>
    <datafield tag="650" ind1=" " ind2=" ">
        <subfield code="a">AGRICULTURAL POLICY</subfield>
        <subfield code="0">(DHLAUTH)269929</subfield>
    </datafield>
    <datafield tag="650" ind1=" " ind2=" ">
        <subfield code="a">CONFERENCES</subfield>
        <subfield code="0">(DHLAUTH)275758</subfield>
    </datafield>
    <datafield tag="650" ind1=" " ind2=" ">
        <subfield code="a">WORK ORGANIZATION</subfield>
        <subfield code="0">(DHLAUTH)275746</subfield>
    </datafield>
    <datafield tag="650" ind1=" " ind2=" ">
        <subfield code="a">DOCUMENTS</subfield>
        <subfield code="0">(DHLAUTH)270014</subfield>
    </datafield>
    <datafield tag="650" ind1=" " ind2=" ">
        <subfield code="a">PARTICIPANTS</subfield>
        <subfield code="0">(DHLAUTH)275785</subfield>
    </datafield>
    <datafield tag="650" ind1=" " ind2=" ">
        <subfield code="a">RURAL DEVELOPMENT</subfield>
        <subfield code="0">(DHLAUTH)269872</subfield>
    </datafield>
</record>
<record>
    <datafield tag="191" ind1=" " ind2=" ">
        <subfield code="a">E/ESCWA/AGR/1993/15</subfield>
    </datafield>
    <datafield tag="246" ind1=" " ind2=" ">
        <subfield code="a">مشروع مكافحة التصحر في اليمن</subfield>
    </datafield>
    <datafield tag="269" ind1=" " ind2=" ">
        <subfield code="a">19931214</subfield>
    </datafield>
    <datafield tag="650" ind1=" " ind2=" ">
        <subfield code="a">DESERTIFICATION</subfield>
        <subfield code="0">(DHLAUTH)270641</subfield>
    </datafield>
    <datafield tag="650" ind1=" " ind2=" ">
        <subfield code="a">YEMEN</subfield>
        <subfield code="0">(DHLAUTH)273521</subfield>
    </datafield>
    <datafield tag="650" ind1=" " ind2=" ">
        <subfield code="a">ENVIRONMENTAL PROTECTION</subfield>
        <subfield code="0">(DHLAUTH)270598</subfield>
    </datafield>
    <datafield tag="650" ind1=" " ind2=" ">
        <subfield code="a">WESTERN ASIA</subfield>
        <subfield code="0">(DHLAUTH)275490</subfield>
    </datafield>
</record>
<record>
    <datafield tag="191" ind1=" " ind2=" ">
        <subfield code="a">E/ESCWA/AGR/1993/16</subfield>
    </datafield>
    <datafield tag="245" ind1=" " ind2=" ">
        <subfield code="a">NATIONAL PLAN OF ACTION TO COMBAT DESERTIFICATION IN THE UNITED ARAB EMIRATES</subfield>
    </datafield>
    <datafield tag="246" ind1=" " ind2=" ">
        <subfield code="a">خطة العمل الوطنية امكافحة التصحر في الإمارات العربية المتحدة</subfield>
    </datafield>
    <datafield tag="269" ind1=" " ind2=" ">
        <subfield code="a">19940117</subfield>
    </datafield>
    <datafield tag="650" ind1=" " ind2=" ">
        <subfield code="a">ENVIRONMENTAL PROTECTION</subfield>
        <subfield code="0">(DHLAUTH)270598</subfield>
    </datafield>
    <datafield tag="650" ind1=" " ind2=" ">
        <subfield code="a">PROGRAMMES OF ACTION</subfield>
        <subfield code="0">(DHLAUTH)275777</subfield>
    </datafield>
    <datafield tag="650" ind1=" " ind2=" ">
        <subfield code="a">NATURAL RESOURCES</subfield>
        <subfield code="0">(DHLAUTH)270548</subfield>
    </datafield>
    <datafield tag="650" ind1=" " ind2=" ">
        <subfield code="a">INSTITUTION BUILDING</subfield>
        <subfield code="0">(DHLAUTH)269946</subfield>
    </datafield>
    <datafield tag="650" ind1=" " ind2=" ">
        <subfield code="a">UNITED ARAB EMIRATES</subfield>
        <subfield code="0">(DHLAUTH)275604</subfield>
    </datafield>
    <datafield tag="650" ind1=" " ind2=" ">
        <subfield code="a">DESERTIFICATION</subfield>
        <subfield code="0">(DHLAUTH)270641</subfield>
    </datafield>
    <datafield tag="650" ind1=" " ind2=" ">
        <subfield code="a">SOCIO-ECONOMIC INDICATORS</subfield>
        <subfield code="0">(DHLAUTH)269759</subfield>
    </datafield>
    <datafield tag="650" ind1=" " ind2=" ">
        <subfield code="a">CLIMATE</subfield>
        <subfield code="0">(DHLAUTH)275342</subfield>
    </datafield>
    <datafield tag="650" ind1=" " ind2=" ">
        <subfield code="a">PHYSICAL GEOGRAPHY</subfield>
        <subfield code="0">(DHLAUTH)270734</subfield>
    </datafield>
</record>
<record>
    <datafield tag="191" ind1=" " ind2=" ">
        <subfield code="a">E/ESCWA/AGR/1993/17</subfield>
    </datafield>
    <datafield tag="246" ind1=" " ind2=" ">
        <subfield code="a">التجاره البينية للسلع الزراعية في منطقة آسيا</subfield>
    </datafield>
    <datafield tag="269" ind1=" " ind2=" ">
        <subfield code="a">19931219</subfield>
    </datafield>
    <datafield tag="650" ind1=" " ind2=" ">
        <subfield code="a">INTRAREGIONAL TRADE</subfield>
        <subfield code="0">(DHLAUTH)269769</subfield>
    </datafield>
    <datafield tag="650" ind1=" " ind2=" ">
        <subfield code="a">TRADE POLICY</subfield>
        <subfield code="0">(DHLAUTH)268237</subfield>
    </datafield>
    <datafield tag="650" ind1=" " ind2=" ">
        <subfield code="a">AGRICULTURAL PRODUCTION</subfield>
        <subfield code="0">(DHLAUTH)269670</subfield>
    </datafield>
    <datafield tag="650" ind1=" " ind2=" ">
        <subfield code="a">EXPORTS</subfield>
        <subfield code="0">(DHLAUTH)271798</subfield>
    </datafield>
    <datafield tag="650" ind1=" " ind2=" ">
        <subfield code="a">IMPORTS</subfield>
        <subfield code="0">(DHLAUTH)272827</subfield>
    </datafield>
    <datafield tag="650" ind1=" " ind2=" ">
        <subfield code="a">WESTERN ASIA</subfield>
        <subfield code="0">(DHLAUTH)275490</subfield>
    </datafield>
</record>
<record>
    <datafield tag="191" ind1=" " ind2=" ">
        <subfield code="a">E/ESCWA/AGR/1993/3</subfield>
    </datafield>
    <datafield tag="246" ind1=" " ind2=" ">
        <subfield code="a">تقييم سياسة وبرامج الريفية في سلطنة عمان الدروس المستفادة</subfield>
    </datafield>
    <datafield tag="269" ind1=" " ind2=" ">
        <subfield code="a">19930617</subfield>
    </datafield>
    <datafield tag="650" ind1=" " ind2=" ">
        <subfield code="a">RURAL DEVELOPMENT</subfield>
        <subfield code="0">(DHLAUTH)269872</subfield>
    </datafield>
    <datafield tag="650" ind1=" " ind2=" ">
        <subfield code="a">AGRICULTURAL DEVELOPMENT</subfield>
        <subfield code="0">(DHLAUTH)269917</subfield>
    </datafield>
    <datafield tag="650" ind1=" " ind2=" ">
        <subfield code="a">COMMUNITY DEVELOPMENT</subfield>
        <subfield code="0">(DHLAUTH)269977</subfield>
    </datafield>
    <datafield tag="650" ind1=" " ind2=" ">
        <subfield code="a">RECOMMENDATIONS</subfield>
        <subfield code="0">(DHLAUTH)275840</subfield>
    </datafield>
    <datafield tag="650" ind1=" " ind2=" ">
        <subfield code="a">EVALUATION</subfield>
        <subfield code="0">(DHLAUTH)269588</subfield>
    </datafield>
    <datafield tag="650" ind1=" " ind2=" ">
        <subfield code="a">WOMEN</subfield>
        <subfield code="0">(DHLAUTH)273032</subfield>
    </datafield>
    <datafield tag="650" ind1=" " ind2=" ">
        <subfield code="a">RURAL AREAS</subfield>
        <subfield code="0">(DHLAUTH)269978</subfield>
    </datafield>
    <datafield tag="650" ind1=" " ind2=" ">
        <subfield code="a">OMAN</subfield>
        <subfield code="0">(DHLAUTH)273438</subfield>
    </datafield>
    <datafield tag="650" ind1=" " ind2=" ">
        <subfield code="a">WESTERN ASIA</subfield>
        <subfield code="0">(DHLAUTH)275490</subfield>
    </datafield>
</record>
<record>
    <datafield tag="191" ind1=" " ind2=" ">
        <subfield code="a">E/ESCWA/AGR/1993/4</subfield>
    </datafield>
    <datafield tag="246" ind1=" " ind2=" ">
        <subfield code="a">اعداد وتأهيل القطاع الزراعي في لبنان الاقراض الزراعي</subfield>
    </datafield>
    <datafield tag="269" ind1=" " ind2=" ">
        <subfield code="a">19930810</subfield>
    </datafield>
    <datafield tag="650" ind1=" " ind2=" ">
        <subfield code="a">AGRICULTURE</subfield>
        <subfield code="0">(DHLAUTH)271335</subfield>
    </datafield>
    <datafield tag="650" ind1=" " ind2=" ">
        <subfield code="a">AGRICULTURAL BANKS</subfield>
        <subfield code="0">(DHLAUTH)270347</subfield>
    </datafield>
    <datafield tag="650" ind1=" " ind2=" ">
        <subfield code="a">DEVELOPMENT CREDITS</subfield>
        <subfield code="0">(DHLAUTH)270306</subfield>
    </datafield>
    <datafield tag="650" ind1=" " ind2=" ">
        <subfield code="a">WESTERN ASIA</subfield>
        <subfield code="0">(DHLAUTH)275490</subfield>
    </datafield>
    <datafield tag="650" ind1=" " ind2=" ">
        <subfield code="a">LEBANON</subfield>
        <subfield code="0">(DHLAUTH)269069</subfield>
    </datafield>
</record>
<record>
    <datafield tag="191" ind1=" " ind2=" ">
        <subfield code="a">E/ESCWA/AGR/1993/7</subfield>
    </datafield>
    <datafield tag="246" ind1=" " ind2=" ">
        <subfield code="a">تقييم سياسات وبرامج التنمية الريفية في لبنان</subfield>
    </datafield>
    <datafield tag="269" ind1=" " ind2=" ">
        <subfield code="a">19930905</subfield>
    </datafield>
    <datafield tag="650" ind1=" " ind2=" ">
        <subfield code="a">RURAL DEVELOPMENT</subfield>
        <subfield code="0">(DHLAUTH)269872</subfield>
    </datafield>
    <datafield tag="650" ind1=" " ind2=" ">
        <subfield code="a">AGRICULTURAL DEVELOPMENT</subfield>
        <subfield code="0">(DHLAUTH)269917</subfield>
    </datafield>
    <datafield tag="650" ind1=" " ind2=" ">
        <subfield code="a">WOMEN IN AGRICULTURE</subfield>
        <subfield code="0">(DHLAUTH)271405</subfield>
    </datafield>
    <datafield tag="650" ind1=" " ind2=" ">
        <subfield code="a">COMMUNITY DEVELOPMENT</subfield>
        <subfield code="0">(DHLAUTH)269977</subfield>
    </datafield>
    <datafield tag="650" ind1=" " ind2=" ">
        <subfield code="a">EVALUATION</subfield>
        <subfield code="0">(DHLAUTH)269588</subfield>
    </datafield>
    <datafield tag="650" ind1=" " ind2=" ">
        <subfield code="a">AGRICULTURAL POLICY</subfield>
        <subfield code="0">(DHLAUTH)269929</subfield>
    </datafield>
    <datafield tag="650" ind1=" " ind2=" ">
        <subfield code="a">WESTERN ASIA</subfield>
        <subfield code="0">(DHLAUTH)275490</subfield>
    </datafield>
    <datafield tag="650" ind1=" " ind2=" ">
        <subfield code="a">LEBANON</subfield>
        <subfield code="0">(DHLAUTH)269069</subfield>
    </datafield>
</record>
<record>
    <datafield tag="191" ind1=" " ind2=" ">
        <subfield code="a">E/ESCWA/AGR/1993/9/ADD.1</subfield>
    </datafield>
    <datafield tag="245" ind1=" " ind2=" ">
        <subfield code="a">REHABILITATION OF THE AGRICULTURAL SECTOR IN THE OCCUPIED PALESTINIAN TERRITORIES. PROJECT DOCUMENT NO. 1. REHABILITATION OF DEEP WELLS IN THE OCCUPIED PALESTINIAN TERRITORIES.</subfield>
    </datafield>
    <datafield tag="269" ind1=" " ind2=" ">
        <subfield code="a">19931104</subfield>
    </datafield>
    <datafield tag="650" ind1=" " ind2=" ">
        <subfield code="a">WEST BANK (STATE OF PALESTINE)</subfield>
        <subfield code="0">(DHLAUTH)277374</subfield>
    </datafield>
    <datafield tag="650" ind1=" " ind2=" ">
        <subfield code="a">NATURAL RESOURCES</subfield>
        <subfield code="0">(DHLAUTH)270548</subfield>
    </datafield>
    <datafield tag="650" ind1=" " ind2=" ">
        <subfield code="a">PROJECT ACTIVITIES</subfield>
        <subfield code="0">(DHLAUTH)275801</subfield>
    </datafield>
    <datafield tag="650" ind1=" " ind2=" ">
        <subfield code="a">PROJECT IMPLEMENTATION</subfield>
        <subfield code="0">(DHLAUTH)269965</subfield>
    </datafield>
    <datafield tag="650" ind1=" " ind2=" ">
        <subfield code="a">REHABILITATION PROJECTS</subfield>
        <subfield code="0">(DHLAUTH)269923</subfield>
    </datafield>
    <datafield tag="650" ind1=" " ind2=" ">
        <subfield code="a">WELLS</subfield>
        <subfield code="0">(DHLAUTH)270895</subfield>
    </datafield>
</record>
<record>
    <datafield tag="191" ind1=" " ind2=" ">
        <subfield code="a">E/ESCWA/AGR/1993/9/ADD.2</subfield>
    </datafield>
    <datafield tag="245" ind1=" " ind2=" ">
        <subfield code="a">REHABILITATION OF THE AGRICULTURAL SECTOR IN THE OCCUPIED PALESTINIAN TERRITORIES. PROJECT DOCUMENT NO. 2. REHABILITATION OF SPRINGS AND RELATED IRRIGATION CANALS IN THE OCCUPIED PALESTINIAN TERRITORIES.</subfield>
    </datafield>
    <datafield tag="269" ind1=" " ind2=" ">
        <subfield code="a">19931104</subfield>
    </datafield>
    <datafield tag="650" ind1=" " ind2=" ">
        <subfield code="a">WEST BANK (STATE OF PALESTINE)</subfield>
        <subfield code="0">(DHLAUTH)277374</subfield>
    </datafield>
    <datafield tag="650" ind1=" " ind2=" ">
        <subfield code="a">NATURAL RESOURCES</subfield>
        <subfield code="0">(DHLAUTH)270548</subfield>
    </datafield>
    <datafield tag="650" ind1=" " ind2=" ">
        <subfield code="a">PROJECT ACTIVITIES</subfield>
        <subfield code="0">(DHLAUTH)275801</subfield>
    </datafield>
    <datafield tag="650" ind1=" " ind2=" ">
        <subfield code="a">PROJECT IMPLEMENTATION</subfield>
        <subfield code="0">(DHLAUTH)269965</subfield>
    </datafield>
    <datafield tag="650" ind1=" " ind2=" ">
        <subfield code="a">REHABILITATION PROJECTS</subfield>
        <subfield code="0">(DHLAUTH)269923</subfield>
    </datafield>
    <datafield tag="650" ind1=" " ind2=" ">
        <subfield code="a">IRRIGATION</subfield>
        <subfield code="0">(DHLAUTH)270872</subfield>
    </datafield>
    <datafield tag="650" ind1=" " ind2=" ">
        <subfield code="a">SPRINGS</subfield>
        <subfield code="0">(DHLAUTH)270892</subfield>
    </datafield>
</record>
<record>
    <datafield tag="191" ind1=" " ind2=" ">
        <subfield code="a">E/ESCWA/AGR/1994/11</subfield>
    </datafield>
    <datafield tag="245" ind1=" " ind2=" ">
        <subfield code="a">WILDLIFE CONSERVATION FOR SUSTAINABLE DEVELOPMENT IN ARAB COUNTRIES</subfield>
    </datafield>
    <datafield tag="246" ind1=" " ind2=" ">
        <subfield code="a">المحافظة علي الحياة البرية من اجل التنمية المستديمة في البلدان العربية</subfield>
    </datafield>
    <datafield tag="269" ind1=" " ind2=" ">
        <subfield code="a">19950103</subfield>
    </datafield>
    <datafield tag="650" ind1=" " ind2=" ">
        <subfield code="a">RECOMMENDATIONS</subfield>
        <subfield code="0">(DHLAUTH)275840</subfield>
    </datafield>
    <datafield tag="650" ind1=" " ind2=" ">
        <subfield code="a">ENVIRONMENTAL POLICY</subfield>
        <subfield code="0">(DHLAUTH)269904</subfield>
    </datafield>
    <datafield tag="650" ind1=" " ind2=" ">
        <subfield code="a">POPULATION GROWTH</subfield>
        <subfield code="0">(DHLAUTH)272944</subfield>
    </datafield>
</record>
<record>
    <datafield tag="191" ind1=" " ind2=" ">
        <subfield code="a">E/ESCWA/AGR/1994/1/REV.1</subfield>
    </datafield>
    <datafield tag="246" ind1=" " ind2=" ">
        <subfield code="a">مشروع مقترح لإعادة تاهيل قطاع الاسماك في قطاع غزة</subfield>
    </datafield>
    <datafield tag="269" ind1=" " ind2=" ">
        <subfield code="a">19941122</subfield>
    </datafield>
    <datafield tag="650" ind1=" " ind2=" ">
        <subfield code="a">FISH</subfield>
        <subfield code="0">(DHLAUTH)271009</subfield>
    </datafield>
    <datafield tag="650" ind1=" " ind2=" ">
        <subfield code="a">PROGRAMME IMPLEMENTATION</subfield>
        <subfield code="0">(DHLAUTH)275794</subfield>
    </datafield>
    <datafield tag="650" ind1=" " ind2=" ">
        <subfield code="a">FISHING VESSELS</subfield>
        <subfield code="0">(DHLAUTH)271684</subfield>
    </datafield>
    <datafield tag="650" ind1=" " ind2=" ">
        <subfield code="a">FISHING</subfield>
        <subfield code="0">(DHLAUTH)270995</subfield>
    </datafield>
    <datafield tag="650" ind1=" " ind2=" ">
        <subfield code="a">WESTERN ASIA</subfield>
        <subfield code="0">(DHLAUTH)275490</subfield>
    </datafield>
    <datafield tag="650" ind1=" " ind2=" ">
        <subfield code="a">TERRITORIES OCCUPIED BY ISRAEL</subfield>
        <subfield code="0">(DHLAUTH)268687</subfield>
    </datafield>
</record>
<record>
    <datafield tag="191" ind1=" " ind2=" ">
        <subfield code="a">E/ESCWA/AGR/1994/3</subfield>
    </datafield>
    <datafield tag="245" ind1=" " ind2=" ">
        <subfield code="a">THE IMPACT OF POPULATION GROWTH AND URBANIZATION ON FOOD CONSUMPTION PATTERNS IN EGYPT</subfield>
    </datafield>
    <datafield tag="269" ind1=" " ind2=" ">
        <subfield code="a">19940814</subfield>
    </datafield>
    <datafield tag="650" ind1=" " ind2=" ">
        <subfield code="a">FOOD POLICY</subfield>
        <subfield code="0">(DHLAUTH)271365</subfield>
    </datafield>
    <datafield tag="650" ind1=" " ind2=" ">
        <subfield code="a">POPULATION GROWTH</subfield>
        <subfield code="0">(DHLAUTH)272944</subfield>
    </datafield>
    <datafield tag="650" ind1=" " ind2=" ">
        <subfield code="a">EGYPT</subfield>
        <subfield code="0">(DHLAUTH)273328</subfield>
    </datafield>
    <datafield tag="650" ind1=" " ind2=" ">
        <subfield code="a">INTERNAL MIGRATION</subfield>
        <subfield code="0">(DHLAUTH)270950</subfield>
    </datafield>
    <datafield tag="650" ind1=" " ind2=" ">
        <subfield code="a">FOOD SUPPLY</subfield>
        <subfield code="0">(DHLAUTH)271761</subfield>
    </datafield>
    <datafield tag="650" ind1=" " ind2=" ">
        <subfield code="a">NATIONAL INCOME</subfield>
        <subfield code="0">(DHLAUTH)269803</subfield>
    </datafield>
    <datafield tag="650" ind1=" " ind2=" ">
        <subfield code="a">HOUSEHOLDS</subfield>
        <subfield code="0">(DHLAUTH)273037</subfield>
    </datafield>
    <datafield tag="650" ind1=" " ind2=" ">
        <subfield code="a">FOOD CONSUMPTION</subfield>
        <subfield code="0">(DHLAUTH)269579</subfield>
    </datafield>
</record>
<record>
    <datafield tag="191" ind1=" " ind2=" ">
        <subfield code="a">E/ESCWA/AGR/1994/4</subfield>
    </datafield>
    <datafield tag="245" ind1=" " ind2=" ">
        <subfield code="a">THE MARKETING OF AGRICULTURAL PRODUCTS IN LEBANON</subfield>
    </datafield>
    <datafield tag="246" ind1=" " ind2=" ">
        <subfield code="a">تسويق المنتجات الزراعية في لبنان</subfield>
    </datafield>
    <datafield tag="269" ind1=" " ind2=" ">
        <subfield code="a">19941213</subfield>
    </datafield>
    <datafield tag="650" ind1=" " ind2=" ">
        <subfield code="a">LEBANON</subfield>
        <subfield code="0">(DHLAUTH)269069</subfield>
    </datafield>
    <datafield tag="650" ind1=" " ind2=" ">
        <subfield code="a">ECONOMIC CONDITIONS</subfield>
        <subfield code="0">(DHLAUTH)269719</subfield>
    </datafield>
    <datafield tag="650" ind1=" " ind2=" ">
        <subfield code="a">RECOMMENDATIONS</subfield>
        <subfield code="0">(DHLAUTH)275840</subfield>
    </datafield>
    <datafield tag="650" ind1=" " ind2=" ">
        <subfield code="a">AGRICULTURAL PRODUCTION</subfield>
        <subfield code="0">(DHLAUTH)269670</subfield>
    </datafield>
    <datafield tag="650" ind1=" " ind2=" ">
        <subfield code="a">AGRICULTURAL PRODUCT MARKETING</subfield>
        <subfield code="0">(DHLAUTH)271308</subfield>
    </datafield>
</record>
<record>
    <datafield tag="191" ind1=" " ind2=" ">
        <subfield code="a">E/ESCWA/AGR/1994/6</subfield>
    </datafield>
    <datafield tag="246" ind1=" " ind2=" ">
        <subfield code="a">تحليل التطورات الحديثة في القطاع الزراعي في منطقة غربي آسيا خلال العام 1993</subfield>
    </datafield>
    <datafield tag="269" ind1=" " ind2=" ">
        <subfield code="a">19941120</subfield>
    </datafield>
    <datafield tag="650" ind1=" " ind2=" ">
        <subfield code="a">ARAB COUNTRIES</subfield>
        <subfield code="0">(DHLAUTH)268705</subfield>
    </datafield>
    <datafield tag="650" ind1=" " ind2=" ">
        <subfield code="a">AGRICULTURAL RESOURCES</subfield>
        <subfield code="0">(DHLAUTH)270569</subfield>
    </datafield>
    <datafield tag="650" ind1=" " ind2=" ">
        <subfield code="a">POPULATION</subfield>
        <subfield code="0">(DHLAUTH)272994</subfield>
    </datafield>
    <datafield tag="650" ind1=" " ind2=" ">
        <subfield code="a">AGRICULTURAL PRODUCTION</subfield>
        <subfield code="0">(DHLAUTH)269670</subfield>
    </datafield>
    <datafield tag="650" ind1=" " ind2=" ">
        <subfield code="a">INTERNATIONAL TRADE</subfield>
        <subfield code="0">(DHLAUTH)269532</subfield>
    </datafield>
    <datafield tag="650" ind1=" " ind2=" ">
        <subfield code="a">AGRICULTURAL POLICY</subfield>
        <subfield code="0">(DHLAUTH)269929</subfield>
    </datafield>
    <datafield tag="650" ind1=" " ind2=" ">
        <subfield code="a">WESTERN ASIA</subfield>
        <subfield code="0">(DHLAUTH)275490</subfield>
    </datafield>
</record>
<record>
    <datafield tag="191" ind1=" " ind2=" ">
        <subfield code="a">E/ESCWA/AGR/1994/7/REV.1</subfield>
    </datafield>
    <datafield tag="246" ind1=" " ind2=" ">
        <subfield code="a">التطوير المرتقب للمؤسسات الزراعية في الاراضي الفلسطينية المحتلة: برنامج العمل المقترح لإعادة تشكيل المؤسسات الفلسطينية الزراعية العامة</subfield>
    </datafield>
    <datafield tag="269" ind1=" " ind2=" ">
        <subfield code="a">19950109</subfield>
    </datafield>
    <datafield tag="650" ind1=" " ind2=" ">
        <subfield code="a">WORK PROGRAMME</subfield>
        <subfield code="0">(DHLAUTH)275800</subfield>
    </datafield>
    <datafield tag="650" ind1=" " ind2=" ">
        <subfield code="a">FOUNDATIONS</subfield>
        <subfield code="0">(DHLAUTH)270118</subfield>
    </datafield>
    <datafield tag="650" ind1=" " ind2=" ">
        <subfield code="a">ORGANIZATIONAL STRUCTURE</subfield>
        <subfield code="0">(DHLAUTH)272030</subfield>
    </datafield>
    <datafield tag="650" ind1=" " ind2=" ">
        <subfield code="a">TERRITORIES OCCUPIED BY ISRAEL</subfield>
        <subfield code="0">(DHLAUTH)268687</subfield>
    </datafield>
</record>
<record>
    <datafield tag="191" ind1=" " ind2=" ">
        <subfield code="a">E/ESCWA/AGR/1995/1</subfield>
    </datafield>
    <datafield tag="246" ind1=" " ind2=" ">
        <subfield code="a">التمويل الزراعي "مرجع للتدريس في الجامعات العربية"</subfield>
    </datafield>
    <datafield tag="269" ind1=" " ind2=" ">
        <subfield code="a">19950601</subfield>
    </datafield>
    <datafield tag="650" ind1=" " ind2=" ">
        <subfield code="a">AGRICULTURAL CREDIT</subfield>
        <subfield code="0">(DHLAUTH)270379</subfield>
    </datafield>
    <datafield tag="650" ind1=" " ind2=" ">
        <subfield code="a">UNIVERSITIES AND COLLEGES</subfield>
        <subfield code="0">(DHLAUTH)273940</subfield>
    </datafield>
    <datafield tag="650" ind1=" " ind2=" ">
        <subfield code="a">TEACHING MATERIALS</subfield>
        <subfield code="0">(DHLAUTH)274084</subfield>
    </datafield>
    <datafield tag="650" ind1=" " ind2=" ">
        <subfield code="a">LOANS</subfield>
        <subfield code="0">(DHLAUTH)270076</subfield>
    </datafield>
    <datafield tag="650" ind1=" " ind2=" ">
        <subfield code="a">CAPITAL MARKETS</subfield>
        <subfield code="0">(DHLAUTH)270364</subfield>
    </datafield>
    <datafield tag="650" ind1=" " ind2=" ">
        <subfield code="a">INVESTMENTS</subfield>
        <subfield code="0">(DHLAUTH)269859</subfield>
    </datafield>
    <datafield tag="650" ind1=" " ind2=" ">
        <subfield code="a">AGRICULTURAL INSURANCE</subfield>
        <subfield code="0">(DHLAUTH)271346</subfield>
    </datafield>
    <datafield tag="650" ind1=" " ind2=" ">
        <subfield code="a">ISLAM</subfield>
        <subfield code="0">(DHLAUTH)268706</subfield>
    </datafield>
    <datafield tag="650" ind1=" " ind2=" ">
        <subfield code="a">ARAB COUNTRIES</subfield>
        <subfield code="0">(DHLAUTH)268705</subfield>
    </datafield>
</record>
<record>
    <datafield tag="191" ind1=" " ind2=" ">
        <subfield code="a">E/ESCWA/AGR/1995/10</subfield>
    </datafield>
    <datafield tag="245" ind1=" " ind2=" ">
        <subfield code="a">THE IMPACT OF POPULATION GROWTH AND URBANIZATION ON FOOD CONSUMPTION PATTERNS IN JORDAN</subfield>
    </datafield>
    <datafield tag="246" ind1=" " ind2=" ">
        <subfield code="a">اثر النمو السكاني والتوسع العمراني على أنماط استهلاك الأغذية في الأردن</subfield>
    </datafield>
    <datafield tag="269" ind1=" " ind2=" ">
        <subfield code="a">19951207</subfield>
    </datafield>
    <datafield tag="650" ind1=" " ind2=" ">
        <subfield code="a">JORDAN</subfield>
        <subfield code="0">(DHLAUTH)269099</subfield>
    </datafield>
    <datafield tag="650" ind1=" " ind2=" ">
        <subfield code="a">POPULATION GROWTH</subfield>
        <subfield code="0">(DHLAUTH)272944</subfield>
    </datafield>
    <datafield tag="650" ind1=" " ind2=" ">
        <subfield code="a">INTERNAL MIGRATION</subfield>
        <subfield code="0">(DHLAUTH)270950</subfield>
    </datafield>
    <datafield tag="650" ind1=" " ind2=" ">
        <subfield code="a">URBAN AREAS</subfield>
        <subfield code="0">(DHLAUTH)271447</subfield>
    </datafield>
    <datafield tag="650" ind1=" " ind2=" ">
        <subfield code="a">RURAL-URBAN MIGRATION</subfield>
        <subfield code="0">(DHLAUTH)273049</subfield>
    </datafield>
    <datafield tag="650" ind1=" " ind2=" ">
        <subfield code="a">FOOD CONSUMPTION</subfield>
        <subfield code="0">(DHLAUTH)269579</subfield>
    </datafield>
</record>
<record>
    <datafield tag="191" ind1=" " ind2=" ">
        <subfield code="a">E/ESCWA/AGR/1995/11</subfield>
    </datafield>
    <datafield tag="246" ind1=" " ind2=" ">
        <subfield code="a">واقع وآفاق تطور النمط الزراعي في قطاع غزة</subfield>
    </datafield>
    <datafield tag="269" ind1=" " ind2=" ">
        <subfield code="a">19951228</subfield>
    </datafield>
    <datafield tag="650" ind1=" " ind2=" ">
        <subfield code="a">ECONOMIC CONDITIONS</subfield>
        <subfield code="0">(DHLAUTH)269719</subfield>
    </datafield>
    <datafield tag="650" ind1=" " ind2=" ">
        <subfield code="a">AGRICULTURAL PRODUCTION</subfield>
        <subfield code="0">(DHLAUTH)269670</subfield>
    </datafield>
    <datafield tag="650" ind1=" " ind2=" ">
        <subfield code="a">AGRICULTURAL RESOURCES</subfield>
        <subfield code="0">(DHLAUTH)270569</subfield>
    </datafield>
    <datafield tag="650" ind1=" " ind2=" ">
        <subfield code="a">GAZA STRIP (STATE OF PALESTINE)</subfield>
        <subfield code="0">(DHLAUTH)277030</subfield>
    </datafield>
</record>
<record>
    <datafield tag="191" ind1=" " ind2=" ">
        <subfield code="a">E/ESCWA/AGR/1995/13</subfield>
    </datafield>
    <datafield tag="245" ind1=" " ind2=" ">
        <subfield code="a">IMPACT OF THE STRUCTURAL ADJUSTMENT PROGRAMME ON FOOD PRODUCTION AND CONSUMPTION IN EGYPT</subfield>
    </datafield>
    <datafield tag="246" ind1=" " ind2=" ">
        <subfield code="a">آثار برنامج التكييف الهيكلي على إنتاج الأغذية واستهلاكها في مصر</subfield>
    </datafield>
    <datafield tag="269" ind1=" " ind2=" ">
        <subfield code="a">19960104</subfield>
    </datafield>
    <datafield tag="650" ind1=" " ind2=" ">
        <subfield code="a">AGRICULTURAL PRODUCTION</subfield>
        <subfield code="0">(DHLAUTH)269670</subfield>
    </datafield>
    <datafield tag="650" ind1=" " ind2=" ">
        <subfield code="a">FOOD PRODUCTION</subfield>
        <subfield code="0">(DHLAUTH)271368</subfield>
    </datafield>
    <datafield tag="650" ind1=" " ind2=" ">
        <subfield code="a">ECONOMIC REFORM</subfield>
        <subfield code="0">(DHLAUTH)269938</subfield>
    </datafield>
    <datafield tag="650" ind1=" " ind2=" ">
        <subfield code="a">STRUCTURAL ADJUSTMENT</subfield>
        <subfield code="0">(DHLAUTH)269790</subfield>
    </datafield>
    <datafield tag="650" ind1=" " ind2=" ">
        <subfield code="a">FOOD CONSUMPTION</subfield>
        <subfield code="0">(DHLAUTH)269579</subfield>
    </datafield>
</record>
<record>
    <datafield tag="191" ind1=" " ind2=" ">
        <subfield code="a">E/ESCWA/AGR/1995/14/REV.1</subfield>
    </datafield>
    <datafield tag="245" ind1=" " ind2=" ">
        <subfield code="a">آفاق التكامل الزراعي بين الاردن والجمهورية العربية السورية والعراق ولبنان</subfield>
    </datafield>
    <datafield tag="269" ind1=" " ind2=" ">
        <subfield code="a">19960131</subfield>
    </datafield>
    <datafield tag="650" ind1=" " ind2=" ">
        <subfield code="a">JORDAN</subfield>
        <subfield code="0">(DHLAUTH)269099</subfield>
    </datafield>
    <datafield tag="650" ind1=" " ind2=" ">
        <subfield code="a">IRAQ</subfield>
        <subfield code="0">(DHLAUTH)273370</subfield>
    </datafield>
    <datafield tag="650" ind1=" " ind2=" ">
        <subfield code="a">AGRICULTURAL POLICY</subfield>
        <subfield code="0">(DHLAUTH)269929</subfield>
    </datafield>
    <datafield tag="650" ind1=" " ind2=" ">
        <subfield code="a">ECONOMIC INTEGRATION</subfield>
        <subfield code="0">(DHLAUTH)269761</subfield>
    </datafield>
    <datafield tag="650" ind1=" " ind2=" ">
        <subfield code="a">INTRAREGIONAL TRADE</subfield>
        <subfield code="0">(DHLAUTH)269769</subfield>
    </datafield>
    <datafield tag="650" ind1=" " ind2=" ">
        <subfield code="a">PRICES</subfield>
        <subfield code="0">(DHLAUTH)269707</subfield>
    </datafield>
    <datafield tag="650" ind1=" " ind2=" ">
        <subfield code="a">SYRIAN ARAB REPUBLIC</subfield>
        <subfield code="0">(DHLAUTH)273496</subfield>
    </datafield>
</record>
<record>
    <datafield tag="191" ind1=" " ind2=" ">
        <subfield code="a">E/ESCWA/AGR/1995/2</subfield>
    </datafield>
    <datafield tag="246" ind1=" " ind2=" ">
        <subfield code="a">تقرير عن المهمة الاستشارية الى وزارة الشؤون البلدية والزراعة دولة قطر: السياسة الزراعية في دولة قطر خلال الفترة 17-22 نبسان/ابريل 1995 </subfield>
    </datafield>
    <datafield tag="269" ind1=" " ind2=" ">
        <subfield code="a">19950730</subfield>
    </datafield>
    <datafield tag="650" ind1=" " ind2=" ">
        <subfield code="a">ADVISORY SERVICES</subfield>
        <subfield code="0">(DHLAUTH)269860</subfield>
    </datafield>
    <datafield tag="650" ind1=" " ind2=" ">
        <subfield code="a">AGRICULTURAL POLICY</subfield>
        <subfield code="0">(DHLAUTH)269929</subfield>
    </datafield>
    <datafield tag="650" ind1=" " ind2=" ">
        <subfield code="a">AGRICULTURAL RESOURCES</subfield>
        <subfield code="0">(DHLAUTH)270569</subfield>
    </datafield>
    <datafield tag="650" ind1=" " ind2=" ">
        <subfield code="a">AGRICULTURAL PRODUCTION</subfield>
        <subfield code="0">(DHLAUTH)269670</subfield>
    </datafield>
    <datafield tag="650" ind1=" " ind2=" ">
        <subfield code="a">AGRICULTURAL DEVELOPMENT</subfield>
        <subfield code="0">(DHLAUTH)269917</subfield>
    </datafield>
    <datafield tag="650" ind1=" " ind2=" ">
        <subfield code="a">QATAR</subfield>
        <subfield code="0">(DHLAUTH)275603</subfield>
    </datafield>
    <datafield tag="650" ind1=" " ind2=" ">
        <subfield code="a">WORK PROGRAMME</subfield>
        <subfield code="0">(DHLAUTH)275800</subfield>
    </datafield>
    <datafield tag="650" ind1=" " ind2=" ">
        <subfield code="a">RECOMMENDATIONS</subfield>
        <subfield code="0">(DHLAUTH)275840</subfield>
    </datafield>
</record>
<record>
    <datafield tag="191" ind1=" " ind2=" ">
        <subfield code="a">E/ESCWA/AGR/1995/3</subfield>
    </datafield>
    <datafield tag="246" ind1=" " ind2=" ">
        <subfield code="a">تطوير الإحصائيات السمكية في دولة الإمارات العربية المتحدة</subfield>
    </datafield>
    <datafield tag="269" ind1=" " ind2=" ">
        <subfield code="a">19950807</subfield>
    </datafield>
    <datafield tag="650" ind1=" " ind2=" ">
        <subfield code="a">AGRICULTURAL STATISTICS</subfield>
        <subfield code="0">(DHLAUTH)270191</subfield>
    </datafield>
    <datafield tag="650" ind1=" " ind2=" ">
        <subfield code="a">ORGANIZATIONAL STRUCTURE</subfield>
        <subfield code="0">(DHLAUTH)272030</subfield>
    </datafield>
    <datafield tag="650" ind1=" " ind2=" ">
        <subfield code="a">STATISTICAL DATA</subfield>
        <subfield code="0">(DHLAUTH)270233</subfield>
    </datafield>
    <datafield tag="650" ind1=" " ind2=" ">
        <subfield code="a">PERIODIC REPORTS</subfield>
        <subfield code="0">(DHLAUTH)275135</subfield>
    </datafield>
    <datafield tag="650" ind1=" " ind2=" ">
        <subfield code="a">UNITED ARAB EMIRATES</subfield>
        <subfield code="0">(DHLAUTH)275604</subfield>
    </datafield>
</record>
<record>
    <datafield tag="191" ind1=" " ind2=" ">
        <subfield code="a">E/ESCWA/AGR/1995/4</subfield>
    </datafield>
    <datafield tag="246" ind1=" " ind2=" ">
        <subfield code="a">تقرير عن المهمة الاستشارية الى بلدية دبي خلال الفترة 23-27 نيسان/ابريل 1995: تحسين طرق ووسائل انتاج نباتات واشجار الزينة في دبي</subfield>
    </datafield>
    <datafield tag="269" ind1=" " ind2=" ">
        <subfield code="a">19950830</subfield>
    </datafield>
    <datafield tag="650" ind1=" " ind2=" ">
        <subfield code="a">ADVISORY SERVICES</subfield>
        <subfield code="0">(DHLAUTH)269860</subfield>
    </datafield>
    <datafield tag="650" ind1=" " ind2=" ">
        <subfield code="a">AGRICULTURAL PRODUCTION</subfield>
        <subfield code="0">(DHLAUTH)269670</subfield>
    </datafield>
    <datafield tag="650" ind1=" " ind2=" ">
        <subfield code="a">RECOMMENDATIONS</subfield>
        <subfield code="0">(DHLAUTH)275840</subfield>
    </datafield>
    <datafield tag="650" ind1=" " ind2=" ">
        <subfield code="a">SEEDS</subfield>
        <subfield code="0">(DHLAUTH)271588</subfield>
    </datafield>
    <datafield tag="650" ind1=" " ind2=" ">
        <subfield code="a">TISSUE CULTURE</subfield>
        <subfield code="0">(DHLAUTH)273981</subfield>
    </datafield>
    <datafield tag="650" ind1=" " ind2=" ">
        <subfield code="a">DUBAI (UNITED ARAB EMIRATES)</subfield>
        <subfield code="0">(DHLAUTH)276985</subfield>
    </datafield>
</record>
<record>
    <datafield tag="191" ind1=" " ind2=" ">
        <subfield code="a">E/ESCWA/AGR/1995/5</subfield>
    </datafield>
    <datafield tag="246" ind1=" " ind2=" ">
        <subfield code="a">الإرشاد الزراعي في اليمن: الوضع الراهن و آفاق المستقبل</subfield>
    </datafield>
    <datafield tag="269" ind1=" " ind2=" ">
        <subfield code="a">19951119</subfield>
    </datafield>
    <datafield tag="650" ind1=" " ind2=" ">
        <subfield code="a">HUMAN RESOURCES</subfield>
        <subfield code="0">(DHLAUTH)270571</subfield>
    </datafield>
    <datafield tag="650" ind1=" " ind2=" ">
        <subfield code="a">AGRICULTURAL EXTENSION</subfield>
        <subfield code="0">(DHLAUTH)271314</subfield>
    </datafield>
    <datafield tag="650" ind1=" " ind2=" ">
        <subfield code="a">ORGANIZATIONAL STRUCTURE</subfield>
        <subfield code="0">(DHLAUTH)272030</subfield>
    </datafield>
    <datafield tag="650" ind1=" " ind2=" ">
        <subfield code="a">WESTERN ASIA</subfield>
        <subfield code="0">(DHLAUTH)275490</subfield>
    </datafield>
    <datafield tag="650" ind1=" " ind2=" ">
        <subfield code="a">WOMEN IN AGRICULTURE</subfield>
        <subfield code="0">(DHLAUTH)271405</subfield>
    </datafield>
    <datafield tag="650" ind1=" " ind2=" ">
        <subfield code="a">AGRICULTURAL PRODUCTION</subfield>
        <subfield code="0">(DHLAUTH)269670</subfield>
    </datafield>
    <datafield tag="650" ind1=" " ind2=" ">
        <subfield code="a">AGRICULTURAL LAND</subfield>
        <subfield code="0">(DHLAUTH)270942</subfield>
    </datafield>
    <datafield tag="650" ind1=" " ind2=" ">
        <subfield code="a">YEMEN</subfield>
        <subfield code="0">(DHLAUTH)273521</subfield>
    </datafield>
</record>
<record>
    <datafield tag="191" ind1=" " ind2=" ">
        <subfield code="a">E/ESCWA/AGR/1995/6</subfield>
    </datafield>
    <datafield tag="246" ind1=" " ind2=" ">
        <subfield code="a">تحليل التطورات الحديثة في القطاع الزراعي في بلدان الاسكوا خلال العام 1994</subfield>
    </datafield>
    <datafield tag="269" ind1=" " ind2=" ">
        <subfield code="a">19951029</subfield>
    </datafield>
    <datafield tag="650" ind1=" " ind2=" ">
        <subfield code="a">ARAB COUNTRIES</subfield>
        <subfield code="0">(DHLAUTH)268705</subfield>
    </datafield>
    <datafield tag="650" ind1=" " ind2=" ">
        <subfield code="a">AGRICULTURAL RESOURCES</subfield>
        <subfield code="0">(DHLAUTH)270569</subfield>
    </datafield>
    <datafield tag="650" ind1=" " ind2=" ">
        <subfield code="a">POPULATION</subfield>
        <subfield code="0">(DHLAUTH)272994</subfield>
    </datafield>
    <datafield tag="650" ind1=" " ind2=" ">
        <subfield code="a">AGRICULTURAL PRODUCTION</subfield>
        <subfield code="0">(DHLAUTH)269670</subfield>
    </datafield>
    <datafield tag="650" ind1=" " ind2=" ">
        <subfield code="a">INTERNATIONAL TRADE</subfield>
        <subfield code="0">(DHLAUTH)269532</subfield>
    </datafield>
    <datafield tag="650" ind1=" " ind2=" ">
        <subfield code="a">AGRICULTURAL POLICY</subfield>
        <subfield code="0">(DHLAUTH)269929</subfield>
    </datafield>
    <datafield tag="650" ind1=" " ind2=" ">
        <subfield code="a">AGRICULTURAL PRICES</subfield>
        <subfield code="0">(DHLAUTH)271329</subfield>
    </datafield>
    <datafield tag="650" ind1=" " ind2=" ">
        <subfield code="a">FOOD PRODUCTION</subfield>
        <subfield code="0">(DHLAUTH)271368</subfield>
    </datafield>
    <datafield tag="650" ind1=" " ind2=" ">
        <subfield code="a">WESTERN ASIA</subfield>
        <subfield code="0">(DHLAUTH)275490</subfield>
    </datafield>
</record>
<record>
    <datafield tag="191" ind1=" " ind2=" ">
        <subfield code="a">E/ESCWA/AGR/1995/7</subfield>
    </datafield>
    <datafield tag="245" ind1=" " ind2=" ">
        <subfield code="a">NATIONAL FARM DATA HANDBOOK OCCUPIED TERRITORIES (THE WEST BANK AND THE GAZA STRIP)</subfield>
    </datafield>
    <datafield tag="269" ind1=" " ind2=" ">
        <subfield code="a">19951214</subfield>
    </datafield>
    <datafield tag="650" ind1=" " ind2=" ">
        <subfield code="a">WEST BANK (STATE OF PALESTINE)</subfield>
        <subfield code="0">(DHLAUTH)277374</subfield>
    </datafield>
    <datafield tag="650" ind1=" " ind2=" ">
        <subfield code="a">WATER RESOURCES</subfield>
        <subfield code="0">(DHLAUTH)270568</subfield>
    </datafield>
    <datafield tag="650" ind1=" " ind2=" ">
        <subfield code="a">LAND USE</subfield>
        <subfield code="0">(DHLAUTH)270495</subfield>
    </datafield>
    <datafield tag="650" ind1=" " ind2=" ">
        <subfield code="a">LIVESTOCK</subfield>
        <subfield code="0">(DHLAUTH)270964</subfield>
    </datafield>
    <datafield tag="650" ind1=" " ind2=" ">
        <subfield code="a">CROPS</subfield>
        <subfield code="0">(DHLAUTH)271516</subfield>
    </datafield>
    <datafield tag="650" ind1=" " ind2=" ">
        <subfield code="a">IRRIGATION</subfield>
        <subfield code="0">(DHLAUTH)270872</subfield>
    </datafield>
    <datafield tag="650" ind1=" " ind2=" ">
        <subfield code="a">AGRICULTURAL INFORMATION</subfield>
        <subfield code="0">(DHLAUTH)271351</subfield>
    </datafield>
    <datafield tag="650" ind1=" " ind2=" ">
        <subfield code="a">INPUT-OUTPUT ANALYSIS</subfield>
        <subfield code="0">(DHLAUTH)269646</subfield>
    </datafield>
    <datafield tag="650" ind1=" " ind2=" ">
        <subfield code="a">PLANT NAMES</subfield>
        <subfield code="0">(DHLAUTH)271600</subfield>
    </datafield>
    <datafield tag="650" ind1=" " ind2=" ">
        <subfield code="a">GAZA STRIP (STATE OF PALESTINE)</subfield>
        <subfield code="0">(DHLAUTH)277030</subfield>
    </datafield>
    <datafield tag="650" ind1=" " ind2=" ">
        <subfield code="a">PHYSICAL GEOGRAPHY</subfield>
        <subfield code="0">(DHLAUTH)270734</subfield>
    </datafield>
</record>
<record>
    <datafield tag="191" ind1=" " ind2=" ">
        <subfield code="a">E/ESCWA/AGR/1995/9</subfield>
    </datafield>
    <datafield tag="246" ind1=" " ind2=" ">
        <subfield code="a">دراسة وتقييم مؤسسات الإقراض الزراعي في الاراضي الفلسطينية</subfield>
    </datafield>
    <datafield tag="269" ind1=" " ind2=" ">
        <subfield code="a">19951212</subfield>
    </datafield>
    <datafield tag="650" ind1=" " ind2=" ">
        <subfield code="a">AGRICULTURAL BANKS</subfield>
        <subfield code="0">(DHLAUTH)270347</subfield>
    </datafield>
    <datafield tag="650" ind1=" " ind2=" ">
        <subfield code="a">INTEREST</subfield>
        <subfield code="0">(DHLAUTH)270324</subfield>
    </datafield>
    <datafield tag="650" ind1=" " ind2=" ">
        <subfield code="a">ISLAM</subfield>
        <subfield code="0">(DHLAUTH)268706</subfield>
    </datafield>
    <datafield tag="650" ind1=" " ind2=" ">
        <subfield code="a">AGRICULTURAL DEVELOPMENT</subfield>
        <subfield code="0">(DHLAUTH)269917</subfield>
    </datafield>
    <datafield tag="650" ind1=" " ind2=" ">
        <subfield code="a">ADMINISTRATIVE REFORM</subfield>
        <subfield code="0">(DHLAUTH)270001</subfield>
    </datafield>
    <datafield tag="650" ind1=" " ind2=" ">
        <subfield code="a">AGRICULTURAL PRODUCTIVITY</subfield>
        <subfield code="0">(DHLAUTH)509938</subfield>
    </datafield>
    <datafield tag="650" ind1=" " ind2=" ">
        <subfield code="a">WEST BANK (STATE OF PALESTINE)</subfield>
        <subfield code="0">(DHLAUTH)277374</subfield>
    </datafield>
    <datafield tag="650" ind1=" " ind2=" ">
        <subfield code="a">GAZA STRIP (STATE OF PALESTINE)</subfield>
        <subfield code="0">(DHLAUTH)277030</subfield>
    </datafield>
    <datafield tag="650" ind1=" " ind2=" ">
        <subfield code="a">HUMAN RESOURCES</subfield>
        <subfield code="0">(DHLAUTH)270571</subfield>
    </datafield>
</record>
<record>
    <datafield tag="191" ind1=" " ind2=" ">
        <subfield code="a">E/ESCWA/AGR/1996/1</subfield>
    </datafield>
    <datafield tag="246" ind1=" " ind2=" ">
        <subfield code="a">تقرير عن المهمة الإستشارية الى دولة الإمارات العربية المتحدة خلال الفترة من 26 تشرين الثاني/نوفمبر الى 14 كانون الاول/ديسمبر 1995</subfield>
    </datafield>
    <datafield tag="269" ind1=" " ind2=" ">
        <subfield code="a">19960313</subfield>
    </datafield>
    <datafield tag="650" ind1=" " ind2=" ">
        <subfield code="a">AGRICULTURAL POLICY</subfield>
        <subfield code="0">(DHLAUTH)269929</subfield>
    </datafield>
    <datafield tag="650" ind1=" " ind2=" ">
        <subfield code="a">AGRICULTURAL PRODUCTION</subfield>
        <subfield code="0">(DHLAUTH)269670</subfield>
    </datafield>
    <datafield tag="650" ind1=" " ind2=" ">
        <subfield code="a">ADVISORY SERVICES</subfield>
        <subfield code="0">(DHLAUTH)269860</subfield>
    </datafield>
    <datafield tag="650" ind1=" " ind2=" ">
        <subfield code="a">UNITED ARAB EMIRATES</subfield>
        <subfield code="0">(DHLAUTH)275604</subfield>
    </datafield>
    <datafield tag="650" ind1=" " ind2=" ">
        <subfield code="a">FARMERS</subfield>
        <subfield code="0">(DHLAUTH)271423</subfield>
    </datafield>
    <datafield tag="650" ind1=" " ind2=" ">
        <subfield code="a">AGRICULTURAL RESOURCES</subfield>
        <subfield code="0">(DHLAUTH)270569</subfield>
    </datafield>
</record>
<record>
    <datafield tag="191" ind1=" " ind2=" ">
        <subfield code="a">E/ESCWA/AGR/1996/2</subfield>
    </datafield>
    <datafield tag="245" ind1=" " ind2=" ">
        <subfield code="a">EVALUATION OF AGRICULTURAL POLICIES IN THE HASHEMITE KINGDOM OF JORDAN</subfield>
    </datafield>
    <datafield tag="269" ind1=" " ind2=" ">
        <subfield code="a">19970108</subfield>
    </datafield>
    <datafield tag="650" ind1=" " ind2=" ">
        <subfield code="a">JORDAN</subfield>
        <subfield code="0">(DHLAUTH)269099</subfield>
    </datafield>
    <datafield tag="650" ind1=" " ind2=" ">
        <subfield code="a">RECOMMENDATIONS</subfield>
        <subfield code="0">(DHLAUTH)275840</subfield>
    </datafield>
    <datafield tag="650" ind1=" " ind2=" ">
        <subfield code="a">AGRICULTURAL POLICY</subfield>
        <subfield code="0">(DHLAUTH)269929</subfield>
    </datafield>
    <datafield tag="650" ind1=" " ind2=" ">
        <subfield code="a">MATHEMATICAL ANALYSIS</subfield>
        <subfield code="0">(DHLAUTH)275333</subfield>
    </datafield>
</record>
<record>
    <datafield tag="191" ind1=" " ind2=" ">
        <subfield code="a">E/ESCWA/ID/1997/5</subfield>
    </datafield>
    <datafield tag="191" ind1=" " ind2=" ">
        <subfield code="a">E/ESCWA/SD-WOM/1997/3</subfield>
    </datafield>
    <datafield tag="191" ind1=" " ind2=" ">
        <subfield code="a">E/ESCWA/AGR/1997/1</subfield>
    </datafield>
    <datafield tag="246" ind1=" " ind2=" ">
        <subfield code="a">تقييم دور المنظمات غير الحكومية في الاراضي المحتلة وفرص التشابك فيما بينها في اطار السلطة الفلسطينية: الجزء الاول: عام</subfield>
    </datafield>
    <datafield tag="269" ind1=" " ind2=" ">
        <subfield code="a">19970903</subfield>
    </datafield>
    <datafield tag="650" ind1=" " ind2=" ">
        <subfield code="a">NON-GOVERNMENTAL ORGANIZATIONS</subfield>
        <subfield code="0">(DHLAUTH)268665</subfield>
    </datafield>
    <datafield tag="650" ind1=" " ind2=" ">
        <subfield code="a">ACTIVITIES</subfield>
        <subfield code="0">(DHLAUTH)275823</subfield>
    </datafield>
    <datafield tag="650" ind1=" " ind2=" ">
        <subfield code="a">DEVELOPMENT</subfield>
        <subfield code="0">(DHLAUTH)269844</subfield>
    </datafield>
    <datafield tag="650" ind1=" " ind2=" ">
        <subfield code="a">SMALL ENTERPRISES</subfield>
        <subfield code="0">(DHLAUTH)269624</subfield>
    </datafield>
    <datafield tag="650" ind1=" " ind2=" ">
        <subfield code="a">AGRICULTURAL PRODUCTS</subfield>
        <subfield code="0">(DHLAUTH)270579</subfield>
    </datafield>
    <datafield tag="650" ind1=" " ind2=" ">
        <subfield code="a">AGRICULTURE</subfield>
        <subfield code="0">(DHLAUTH)271335</subfield>
    </datafield>
    <datafield tag="650" ind1=" " ind2=" ">
        <subfield code="a">AGRICULTURAL PRODUCT MARKETING</subfield>
        <subfield code="0">(DHLAUTH)271308</subfield>
    </datafield>
    <datafield tag="650" ind1=" " ind2=" ">
        <subfield code="a">PALESTINE</subfield>
        <subfield code="0">(DHLAUTH)277398</subfield>
    </datafield>
    <datafield tag="650" ind1=" " ind2=" ">
        <subfield code="a">WESTERN ASIA</subfield>
        <subfield code="0">(DHLAUTH)275490</subfield>
    </datafield>
</record>
<record>
    <datafield tag="191" ind1=" " ind2=" ">
        <subfield code="a">E/ESCWA/AGR/1997/10</subfield>
    </datafield>
    <datafield tag="246" ind1=" " ind2=" ">
        <subfield code="a">الإستشراف الطويل الأمد للإنتاج الزراعي والغذائي في منطقة الأسكوا</subfield>
    </datafield>
    <datafield tag="269" ind1=" " ind2=" ">
        <subfield code="a">19971130</subfield>
    </datafield>
    <datafield tag="650" ind1=" " ind2=" ">
        <subfield code="a">JORDAN</subfield>
        <subfield code="0">(DHLAUTH)269099</subfield>
    </datafield>
    <datafield tag="650" ind1=" " ind2=" ">
        <subfield code="a">IRAQ</subfield>
        <subfield code="0">(DHLAUTH)273370</subfield>
    </datafield>
    <datafield tag="650" ind1=" " ind2=" ">
        <subfield code="a">AGRICULTURAL POLICY</subfield>
        <subfield code="0">(DHLAUTH)269929</subfield>
    </datafield>
    <datafield tag="650" ind1=" " ind2=" ">
        <subfield code="a">AGRICULTURAL PRODUCTION</subfield>
        <subfield code="0">(DHLAUTH)269670</subfield>
    </datafield>
    <datafield tag="650" ind1=" " ind2=" ">
        <subfield code="a">YEMEN</subfield>
        <subfield code="0">(DHLAUTH)273521</subfield>
    </datafield>
    <datafield tag="650" ind1=" " ind2=" ">
        <subfield code="a">EGYPT</subfield>
        <subfield code="0">(DHLAUTH)273328</subfield>
    </datafield>
    <datafield tag="650" ind1=" " ind2=" ">
        <subfield code="a">FOOD CONSUMPTION</subfield>
        <subfield code="0">(DHLAUTH)269579</subfield>
    </datafield>
    <datafield tag="650" ind1=" " ind2=" ">
        <subfield code="a">SYRIAN ARAB REPUBLIC</subfield>
        <subfield code="0">(DHLAUTH)273496</subfield>
    </datafield>
    <datafield tag="650" ind1=" " ind2=" ">
        <subfield code="a">ECONOMIC FORECASTS</subfield>
        <subfield code="0">(DHLAUTH)269720</subfield>
    </datafield>
</record>
<record>
    <datafield tag="191" ind1=" " ind2=" ">
        <subfield code="a">E/ESCWA/AGR/1997/2</subfield>
    </datafield>
    <datafield tag="246" ind1=" " ind2=" ">
        <subfield code="a">تقييم دور المنظمات غير الحكومية في الأراضي المحتلة وفرص التشابك فيما بينها في إطار السلطة الفلسطينية حالة المنظمات العاملة في مجال التسويق المنتجات الزراعية الجزء الثالث</subfield>
    </datafield>
    <datafield tag="269" ind1=" " ind2=" ">
        <subfield code="a">19970903</subfield>
    </datafield>
    <datafield tag="650" ind1=" " ind2=" ">
        <subfield code="a">PALESTINE</subfield>
        <subfield code="0">(DHLAUTH)277398</subfield>
    </datafield>
    <datafield tag="650" ind1=" " ind2=" ">
        <subfield code="a">AGRICULTURAL PRODUCTS</subfield>
        <subfield code="0">(DHLAUTH)270579</subfield>
    </datafield>
    <datafield tag="650" ind1=" " ind2=" ">
        <subfield code="a">CROPS</subfield>
        <subfield code="0">(DHLAUTH)271516</subfield>
    </datafield>
    <datafield tag="650" ind1=" " ind2=" ">
        <subfield code="a">AGRICULTURAL PRODUCT MARKETING</subfield>
        <subfield code="0">(DHLAUTH)271308</subfield>
    </datafield>
    <datafield tag="650" ind1=" " ind2=" ">
        <subfield code="a">NON-GOVERNMENTAL ORGANIZATIONS</subfield>
        <subfield code="0">(DHLAUTH)268665</subfield>
    </datafield>
    <datafield tag="650" ind1=" " ind2=" ">
        <subfield code="a">EVALUATION</subfield>
        <subfield code="0">(DHLAUTH)269588</subfield>
    </datafield>
    <datafield tag="650" ind1=" " ind2=" ">
        <subfield code="a">RECOMMENDATIONS</subfield>
        <subfield code="0">(DHLAUTH)275840</subfield>
    </datafield>
    <datafield tag="650" ind1=" " ind2=" ">
        <subfield code="a">CASE STUDIES</subfield>
        <subfield code="0">(DHLAUTH)274639</subfield>
    </datafield>
    <datafield tag="650" ind1=" " ind2=" ">
        <subfield code="a">WESTERN ASIA</subfield>
        <subfield code="0">(DHLAUTH)275490</subfield>
    </datafield>
</record>
<record>
    <datafield tag="191" ind1=" " ind2=" ">
        <subfield code="a">E/ESCWA/AGR/1997/4/REV.1</subfield>
    </datafield>
    <datafield tag="246" ind1=" " ind2=" ">
        <subfield code="a">وثيقة مشروع حول إعادة تأهيل القطاع الزراعي في فلسطين الأراضي الفلسطينية: مقترح لإعداد إستراتيجية التنمية الزراعية</subfield>
    </datafield>
    <datafield tag="269" ind1=" " ind2=" ">
        <subfield code="a">19981013</subfield>
    </datafield>
    <datafield tag="650" ind1=" " ind2=" ">
        <subfield code="a">AGRICULTURAL DEVELOPMENT</subfield>
        <subfield code="0">(DHLAUTH)269917</subfield>
    </datafield>
    <datafield tag="650" ind1=" " ind2=" ">
        <subfield code="a">PALESTINE</subfield>
        <subfield code="0">(DHLAUTH)277398</subfield>
    </datafield>
</record>
<record>
    <datafield tag="191" ind1=" " ind2=" ">
        <subfield code="a">E/ESCWA/AGR/1997/5/REV.1</subfield>
    </datafield>
    <datafield tag="246" ind1=" " ind2=" ">
        <subfield code="a">إعادة تأهيل القطاع الزراعي في الأراضي الفلسطينية: وثيقة مشروع لإعادة تأهيل التعاونيات الزراعية</subfield>
    </datafield>
    <datafield tag="269" ind1=" " ind2=" ">
        <subfield code="a">19981012</subfield>
    </datafield>
    <datafield tag="650" ind1=" " ind2=" ">
        <subfield code="a">PALESTINE</subfield>
        <subfield code="0">(DHLAUTH)277398</subfield>
    </datafield>
    <datafield tag="650" ind1=" " ind2=" ">
        <subfield code="a">AGRICULTURE</subfield>
        <subfield code="0">(DHLAUTH)271335</subfield>
    </datafield>
    <datafield tag="650" ind1=" " ind2=" ">
        <subfield code="a">WESTERN ASIA</subfield>
        <subfield code="0">(DHLAUTH)275490</subfield>
    </datafield>
</record>
<record>
    <datafield tag="191" ind1=" " ind2=" ">
        <subfield code="a">E/ESCWA/AGR/1997/6</subfield>
    </datafield>
    <datafield tag="246" ind1=" " ind2=" ">
        <subfield code="a">مقترح لإطار عام لسياسة تنمية زراعية للأراضي الفلسطينية</subfield>
    </datafield>
    <datafield tag="269" ind1=" " ind2=" ">
        <subfield code="a">19970919</subfield>
    </datafield>
    <datafield tag="650" ind1=" " ind2=" ">
        <subfield code="a">AGRICULTURAL POLICY</subfield>
        <subfield code="0">(DHLAUTH)269929</subfield>
    </datafield>
    <datafield tag="650" ind1=" " ind2=" ">
        <subfield code="a">AGRICULTURAL DEVELOPMENT</subfield>
        <subfield code="0">(DHLAUTH)269917</subfield>
    </datafield>
    <datafield tag="650" ind1=" " ind2=" ">
        <subfield code="a">WATER MANAGEMENT</subfield>
        <subfield code="0">(DHLAUTH)270919</subfield>
    </datafield>
    <datafield tag="650" ind1=" " ind2=" ">
        <subfield code="a">AGRICULTURAL COOPERATIVES</subfield>
        <subfield code="0">(DHLAUTH)271324</subfield>
    </datafield>
    <datafield tag="650" ind1=" " ind2=" ">
        <subfield code="a">AGRICULTURAL LEGISLATION</subfield>
        <subfield code="0">(DHLAUTH)271355</subfield>
    </datafield>
</record>
<record>
    <datafield tag="191" ind1=" " ind2=" ">
        <subfield code="a">E/ESCWA/AGR/1997/8</subfield>
    </datafield>
    <datafield tag="246" ind1=" " ind2=" ">
        <subfield code="a">تطوير التنسيق والتكامل الزراعي والغذائي في الدول الأعضاء في الأسكوا</subfield>
    </datafield>
    <datafield tag="269" ind1=" " ind2=" ">
        <subfield code="a">19971116</subfield>
    </datafield>
    <datafield tag="650" ind1=" " ind2=" ">
        <subfield code="a">ECONOMIC COOPERATION</subfield>
        <subfield code="0">(DHLAUTH)268654</subfield>
    </datafield>
    <datafield tag="650" ind1=" " ind2=" ">
        <subfield code="a">TRADE LIBERALIZATION</subfield>
        <subfield code="0">(DHLAUTH)272834</subfield>
    </datafield>
    <datafield tag="650" ind1=" " ind2=" ">
        <subfield code="a">ECONOMIC INTEGRATION</subfield>
        <subfield code="0">(DHLAUTH)269761</subfield>
    </datafield>
    <datafield tag="650" ind1=" " ind2=" ">
        <subfield code="a">FOOD SECURITY</subfield>
        <subfield code="0">(DHLAUTH)273653</subfield>
    </datafield>
    <datafield tag="650" ind1=" " ind2=" ">
        <subfield code="a">INTERNATIONAL COOPERATION</subfield>
        <subfield code="0">(DHLAUTH)268622</subfield>
    </datafield>
    <datafield tag="650" ind1=" " ind2=" ">
        <subfield code="a">INTRAREGIONAL TRADE</subfield>
        <subfield code="0">(DHLAUTH)269769</subfield>
    </datafield>
    <datafield tag="650" ind1=" " ind2=" ">
        <subfield code="a">AGRICULTURAL STATISTICS</subfield>
        <subfield code="0">(DHLAUTH)270191</subfield>
    </datafield>
</record>
<record>
    <datafield tag="191" ind1=" " ind2=" ">
        <subfield code="a">E/ESCWA/AGR/1997/9</subfield>
    </datafield>
    <datafield tag="246" ind1=" " ind2=" ">
        <subfield code="a">التقرير النهائي والتوصيات, إجتماع فريق خبراء حول تطوير التنسيق والتكامل الإقليمي في مجالات الأغذية و الزراعة 17-19 تشرين الثاني/نوفمبر 1997 بيروت  </subfield>
    </datafield>
    <datafield tag="269" ind1=" " ind2=" ">
        <subfield code="a">19971130</subfield>
    </datafield>
    <datafield tag="650" ind1=" " ind2=" ">
        <subfield code="a">WORK ORGANIZATION</subfield>
        <subfield code="0">(DHLAUTH)275746</subfield>
    </datafield>
    <datafield tag="650" ind1=" " ind2=" ">
        <subfield code="a">RECOMMENDATIONS</subfield>
        <subfield code="0">(DHLAUTH)275840</subfield>
    </datafield>
    <datafield tag="650" ind1=" " ind2=" ">
        <subfield code="a">ECONOMIC INTEGRATION</subfield>
        <subfield code="0">(DHLAUTH)269761</subfield>
    </datafield>
    <datafield tag="650" ind1=" " ind2=" ">
        <subfield code="a">WESTERN ASIA</subfield>
        <subfield code="0">(DHLAUTH)275490</subfield>
    </datafield>
</record>
<record>
    <datafield tag="191" ind1=" " ind2=" ">
        <subfield code="a">E/ESCWA/AGR/1999/2</subfield>
    </datafield>
    <datafield tag="246" ind1=" " ind2=" ">
        <subfield code="a">وثيقة مشروع حول إعادة تأهيل القطاع الزراعي في الأراضي الفلسطينية</subfield>
    </datafield>
    <datafield tag="269" ind1=" " ind2=" ">
        <subfield code="a">19990215</subfield>
    </datafield>
    <datafield tag="650" ind1=" " ind2=" ">
        <subfield code="a">REHABILITATION</subfield>
        <subfield code="0">(DHLAUTH)273690</subfield>
    </datafield>
    <datafield tag="650" ind1=" " ind2=" ">
        <subfield code="a">PALESTINE</subfield>
        <subfield code="0">(DHLAUTH)277398</subfield>
    </datafield>
</record>
<record>
    <datafield tag="191" ind1=" " ind2=" ">
        <subfield code="a">E/ESCWA/AGR/1999/4</subfield>
    </datafield>
    <datafield tag="246" ind1=" " ind2=" ">
        <subfield code="a">تقرير: إجتماع فريق خبراء حول مواءمة المواصفات والمقاييس لبعض السلع الزراعية المختارة بهدف تسهيل التجارة في منطقة دول الأسكوا بيروت, 27-29 نيسان/ابريل 1999</subfield>
    </datafield>
    <datafield tag="269" ind1=" " ind2=" ">
        <subfield code="a">19990512</subfield>
    </datafield>
    <datafield tag="650" ind1=" " ind2=" ">
        <subfield code="a">CONFERENCES</subfield>
        <subfield code="0">(DHLAUTH)275758</subfield>
    </datafield>
    <datafield tag="650" ind1=" " ind2=" ">
        <subfield code="a">AGRICULTURAL PRODUCTS</subfield>
        <subfield code="0">(DHLAUTH)270579</subfield>
    </datafield>
    <datafield tag="650" ind1=" " ind2=" ">
        <subfield code="a">TRADE ADJUSTMENT ASSISTANCE</subfield>
        <subfield code="0">(DHLAUTH)269788</subfield>
    </datafield>
</record>
<record>
    <datafield tag="191" ind1=" " ind2=" ">
        <subfield code="a">E/ESCWA/AGR/1999/WG.1/11</subfield>
    </datafield>
    <datafield tag="245" ind1=" " ind2=" ">
        <subfield code="a">POLICY RECOMMENDATIONS AND PLAN OF ACTION FOR THE HARMONIZATION OF STANDARDS FOR SELECTED TYPES OF AGRICULTURAL PRODUCE IN THE ESCWA REGION</subfield>
    </datafield>
    <datafield tag="246" ind1=" " ind2=" ">
        <subfield code="a">Policy recommendations and plan of action for the harmonization of standards for selected types of agricultural produce in the ESCWA Region</subfield>
    </datafield>
    <datafield tag="269" ind1=" " ind2=" ">
        <subfield code="a">19990423</subfield>
    </datafield>
    <datafield tag="650" ind1=" " ind2=" ">
        <subfield code="a">AGRICULTURAL PRODUCTS</subfield>
        <subfield code="0">(DHLAUTH)270579</subfield>
    </datafield>
    <datafield tag="650" ind1=" " ind2=" ">
        <subfield code="a">STANDARDIZATION</subfield>
        <subfield code="0">(DHLAUTH)271816</subfield>
    </datafield>
    <datafield tag="650" ind1=" " ind2=" ">
        <subfield code="a">WESTERN ASIA</subfield>
        <subfield code="0">(DHLAUTH)275490</subfield>
    </datafield>
    <datafield tag="650" ind1=" " ind2=" ">
        <subfield code="a">STANDARDS</subfield>
        <subfield code="0">(DHLAUTH)271959</subfield>
    </datafield>
    <datafield tag="650" ind1=" " ind2=" ">
        <subfield code="a">RECOMMENDATIONS</subfield>
        <subfield code="0">(DHLAUTH)275840</subfield>
    </datafield>
    <datafield tag="650" ind1=" " ind2=" ">
        <subfield code="a">AGRICULTURAL TRADE</subfield>
        <subfield code="0">(DHLAUTH)440830</subfield>
    </datafield>
</record>
<record>
    <datafield tag="191" ind1=" " ind2=" ">
        <subfield code="a">E/ESCWA/AGR/2000/1</subfield>
    </datafield>
    <datafield tag="246" ind1=" " ind2=" ">
        <subfield code="a">القروض الصغرى وتمويل المشاريع الصغرى من اجل تخفيف وطاة الفقر في المناطق الريفية في دول منطقة الاسكوا</subfield>
    </datafield>
    <datafield tag="269" ind1=" " ind2=" ">
        <subfield code="a">20001205</subfield>
    </datafield>
    <datafield tag="650" ind1=" " ind2=" ">
        <subfield code="a">POVERTY MITIGATION</subfield>
        <subfield code="0">(DHLAUTH)274700</subfield>
    </datafield>
    <datafield tag="650" ind1=" " ind2=" ">
        <subfield code="a">PROJECT FINANCE</subfield>
        <subfield code="0">(DHLAUTH)9165</subfield>
    </datafield>
    <datafield tag="650" ind1=" " ind2=" ">
        <subfield code="a">INTERNATIONAL ORGANIZATIONS</subfield>
        <subfield code="0">(DHLAUTH)268671</subfield>
    </datafield>
    <datafield tag="650" ind1=" " ind2=" ">
        <subfield code="a">GENDER</subfield>
        <subfield code="0">(DHLAUTH)444326</subfield>
    </datafield>
    <datafield tag="650" ind1=" " ind2=" ">
        <subfield code="a">WOMEN IN AGRICULTURE</subfield>
        <subfield code="0">(DHLAUTH)271405</subfield>
    </datafield>
    <datafield tag="650" ind1=" " ind2=" ">
        <subfield code="a">WESTERN ASIA</subfield>
        <subfield code="0">(DHLAUTH)275490</subfield>
    </datafield>
</record>
<record>
    <datafield tag="191" ind1=" " ind2=" ">
        <subfield code="a">E/ESCWA/AGR/2000/2</subfield>
    </datafield>
    <datafield tag="246" ind1=" " ind2=" ">
        <subfield code="a">مواءمة المواصفات والمقاييس لبعض االمدخلات الزراعية في دول غربي آسيا</subfield>
    </datafield>
    <datafield tag="269" ind1=" " ind2=" ">
        <subfield code="a">20010212</subfield>
    </datafield>
    <datafield tag="650" ind1=" " ind2=" ">
        <subfield code="a">HERBICIDES</subfield>
        <subfield code="0">(DHLAUTH)270802</subfield>
    </datafield>
    <datafield tag="650" ind1=" " ind2=" ">
        <subfield code="a">INTERNATIONAL ORGANIZATIONS</subfield>
        <subfield code="0">(DHLAUTH)268671</subfield>
    </datafield>
    <datafield tag="650" ind1=" " ind2=" ">
        <subfield code="a">LEBANON</subfield>
        <subfield code="0">(DHLAUTH)269069</subfield>
    </datafield>
    <datafield tag="650" ind1=" " ind2=" ">
        <subfield code="a">METROLOGY</subfield>
        <subfield code="0">(DHLAUTH)271966</subfield>
    </datafield>
    <datafield tag="650" ind1=" " ind2=" ">
        <subfield code="a">STANDARDS</subfield>
        <subfield code="0">(DHLAUTH)271959</subfield>
    </datafield>
    <datafield tag="650" ind1=" " ind2=" ">
        <subfield code="a">AGRICULTURAL LEGISLATION</subfield>
        <subfield code="0">(DHLAUTH)271355</subfield>
    </datafield>
</record>
<record>
    <datafield tag="191" ind1=" " ind2=" ">
        <subfield code="a">E/ESCWA/AGR/2001/2(A)</subfield>
    </datafield>
    <datafield tag="245" ind1=" " ind2=" ">
        <subfield code="a">INFORMATION SYSTEMS FOR MODERNIZING THE OPERATIONS OF RURAL FINANCIAL INSTITUTIONS IN ESCWA MEMBER COUNTRIES.</subfield>
    </datafield>
    <datafield tag="269" ind1=" " ind2=" ">
        <subfield code="a">20011005</subfield>
    </datafield>
    <datafield tag="650" ind1=" " ind2=" ">
        <subfield code="a">INFORMATION SYSTEMS</subfield>
        <subfield code="0">(DHLAUTH)272026</subfield>
    </datafield>
    <datafield tag="650" ind1=" " ind2=" ">
        <subfield code="a">FINANCIAL INSTITUTIONS</subfield>
        <subfield code="0">(DHLAUTH)270073</subfield>
    </datafield>
    <datafield tag="650" ind1=" " ind2=" ">
        <subfield code="a">FINANCING</subfield>
        <subfield code="0">(DHLAUTH)10479</subfield>
    </datafield>
    <datafield tag="650" ind1=" " ind2=" ">
        <subfield code="a">AGRICULTURAL CREDIT</subfield>
        <subfield code="0">(DHLAUTH)270379</subfield>
    </datafield>
    <datafield tag="650" ind1=" " ind2=" ">
        <subfield code="a">COMPUTER SOFTWARE</subfield>
        <subfield code="0">(DHLAUTH)275244</subfield>
    </datafield>
    <datafield tag="650" ind1=" " ind2=" ">
        <subfield code="a">SMALL ENTERPRISES</subfield>
        <subfield code="0">(DHLAUTH)269624</subfield>
    </datafield>
    <datafield tag="650" ind1=" " ind2=" ">
        <subfield code="a">CASE STUDIES</subfield>
        <subfield code="0">(DHLAUTH)274639</subfield>
    </datafield>
    <datafield tag="650" ind1=" " ind2=" ">
        <subfield code="a">EGYPT</subfield>
        <subfield code="0">(DHLAUTH)273328</subfield>
    </datafield>
    <datafield tag="650" ind1=" " ind2=" ">
        <subfield code="a">JORDAN</subfield>
        <subfield code="0">(DHLAUTH)269099</subfield>
    </datafield>
    <datafield tag="650" ind1=" " ind2=" ">
        <subfield code="a">INDONESIA</subfield>
        <subfield code="0">(DHLAUTH)273365</subfield>
    </datafield>
</record>
<record>
    <datafield tag="191" ind1=" " ind2=" ">
        <subfield code="a">E/ESCWA/AGR/84/6</subfield>
    </datafield>
    <datafield tag="246" ind1=" " ind2=" ">
        <subfield code="a">سياسة تسعير الحبوب في الأردن</subfield>
    </datafield>
    <datafield tag="269" ind1=" " ind2=" ">
        <subfield code="a">19860128</subfield>
    </datafield>
    <datafield tag="650" ind1=" " ind2=" ">
        <subfield code="a">AGRICULTURAL PRICES</subfield>
        <subfield code="0">(DHLAUTH)271329</subfield>
    </datafield>
    <datafield tag="650" ind1=" " ind2=" ">
        <subfield code="a">GRAINS</subfield>
        <subfield code="0">(DHLAUTH)271495</subfield>
    </datafield>
    <datafield tag="650" ind1=" " ind2=" ">
        <subfield code="a">ECONOMIC POLICY</subfield>
        <subfield code="0">(DHLAUTH)268235</subfield>
    </datafield>
    <datafield tag="650" ind1=" " ind2=" ">
        <subfield code="a">JORDAN</subfield>
        <subfield code="0">(DHLAUTH)269099</subfield>
    </datafield>
    <datafield tag="650" ind1=" " ind2=" ">
        <subfield code="a">FOOD CONSUMPTION</subfield>
        <subfield code="0">(DHLAUTH)269579</subfield>
    </datafield>
</record>
<record>
    <datafield tag="191" ind1=" " ind2=" ">
        <subfield code="a">E/ESCWA/AGR/85/1</subfield>
    </datafield>
    <datafield tag="245" ind1=" " ind2=" ">
        <subfield code="a">PRELEMINARY ECONOMIC ASSESSMENTS OF POST -HARVEST LOSSES OF WHEAT IN IRAQ</subfield>
    </datafield>
    <datafield tag="269" ind1=" " ind2=" ">
        <subfield code="a">19851113</subfield>
    </datafield>
    <datafield tag="650" ind1=" " ind2=" ">
        <subfield code="a">POST-HARVEST LOSSES</subfield>
        <subfield code="0">(DHLAUTH)271383</subfield>
    </datafield>
    <datafield tag="650" ind1=" " ind2=" ">
        <subfield code="a">WHEAT</subfield>
        <subfield code="0">(DHLAUTH)271559</subfield>
    </datafield>
    <datafield tag="650" ind1=" " ind2=" ">
        <subfield code="a">IRAQ</subfield>
        <subfield code="0">(DHLAUTH)273370</subfield>
    </datafield>
    <datafield tag="650" ind1=" " ind2=" ">
        <subfield code="a">WESTERN ASIA</subfield>
        <subfield code="0">(DHLAUTH)275490</subfield>
    </datafield>
</record>
<record>
    <datafield tag="191" ind1=" " ind2=" ">
        <subfield code="a">E/ESCWA/AGR/85/8</subfield>
    </datafield>
    <datafield tag="245" ind1=" " ind2=" ">
        <subfield code="a">RED MEAT, POULTRY MEAT, AND EGGS : SITUATION AND OUTLOOK IN THE ESCWA REGION</subfield>
    </datafield>
    <datafield tag="269" ind1=" " ind2=" ">
        <subfield code="a">19860519</subfield>
    </datafield>
    <datafield tag="650" ind1=" " ind2=" ">
        <subfield code="a">CONSUMPTION</subfield>
        <subfield code="0">(DHLAUTH)269577</subfield>
    </datafield>
    <datafield tag="650" ind1=" " ind2=" ">
        <subfield code="a">LIVESTOCK</subfield>
        <subfield code="0">(DHLAUTH)270964</subfield>
    </datafield>
    <datafield tag="650" ind1=" " ind2=" ">
        <subfield code="a">MEAT</subfield>
        <subfield code="0">(DHLAUTH)271665</subfield>
    </datafield>
    <datafield tag="650" ind1=" " ind2=" ">
        <subfield code="a">POULTRY</subfield>
        <subfield code="0">(DHLAUTH)271658</subfield>
    </datafield>
    <datafield tag="650" ind1=" " ind2=" ">
        <subfield code="a">EGGS</subfield>
        <subfield code="0">(DHLAUTH)271664</subfield>
    </datafield>
    <datafield tag="650" ind1=" " ind2=" ">
        <subfield code="a">LIVESTOCK INDUSTRY</subfield>
        <subfield code="0">(DHLAUTH)271404</subfield>
    </datafield>
    <datafield tag="650" ind1=" " ind2=" ">
        <subfield code="a">DEVELOPMENT</subfield>
        <subfield code="0">(DHLAUTH)269844</subfield>
    </datafield>
    <datafield tag="650" ind1=" " ind2=" ">
        <subfield code="a">AGRICULTURAL PRODUCTION</subfield>
        <subfield code="0">(DHLAUTH)269670</subfield>
    </datafield>
    <datafield tag="650" ind1=" " ind2=" ">
        <subfield code="a">AGRICULTURAL PRODUCTS</subfield>
        <subfield code="0">(DHLAUTH)270579</subfield>
    </datafield>
    <datafield tag="650" ind1=" " ind2=" ">
        <subfield code="a">AGRICULTURAL PROJECTIONS</subfield>
        <subfield code="0">(DHLAUTH)269771</subfield>
    </datafield>
    <datafield tag="650" ind1=" " ind2=" ">
        <subfield code="a">AGRICULTURAL TRADE</subfield>
        <subfield code="0">(DHLAUTH)440830</subfield>
    </datafield>
</record>
<record>
    <datafield tag="191" ind1=" " ind2=" ">
        <subfield code="a">E/ESCWA/AGR/85/WG.17/11</subfield>
    </datafield>
    <datafield tag="245" ind1=" " ind2=" ">
        <subfield code="a">WHEAT PRODUCTION ASSESSMENT TECHNOLOGY AS A CONTRIBUTION TO AN EARLY WARNING SYSTEM</subfield>
    </datafield>
    <datafield tag="269" ind1=" " ind2=" ">
        <subfield code="a">19851211</subfield>
    </datafield>
    <datafield tag="650" ind1=" " ind2=" ">
        <subfield code="a">WHEAT</subfield>
        <subfield code="0">(DHLAUTH)271559</subfield>
    </datafield>
    <datafield tag="650" ind1=" " ind2=" ">
        <subfield code="a">TECHNOLOGY</subfield>
        <subfield code="0">(DHLAUTH)271833</subfield>
    </datafield>
    <datafield tag="650" ind1=" " ind2=" ">
        <subfield code="a">WESTERN ASIA</subfield>
        <subfield code="0">(DHLAUTH)275490</subfield>
    </datafield>
    <datafield tag="650" ind1=" " ind2=" ">
        <subfield code="a">TECHNOLOGY ASSESSMENT</subfield>
        <subfield code="0">(DHLAUTH)269640</subfield>
    </datafield>
    <datafield tag="650" ind1=" " ind2=" ">
        <subfield code="a">CONFERENCES</subfield>
        <subfield code="0">(DHLAUTH)275758</subfield>
    </datafield>
    <datafield tag="650" ind1=" " ind2=" ">
        <subfield code="a">RECOMMENDATIONS</subfield>
        <subfield code="0">(DHLAUTH)275840</subfield>
    </datafield>
</record>
<record>
    <datafield tag="191" ind1=" " ind2=" ">
        <subfield code="a">E/ESCWA/AGR/86/1</subfield>
    </datafield>
    <datafield tag="245" ind1=" " ind2=" ">
        <subfield code="a">RESOURCE CONSERVATION AND WATERSHED MANAGEMENT IN WADI MANSHIYAH, MAGHRIB ANS DISTRICT YEMEN ARAB REPUBLIC</subfield>
    </datafield>
    <datafield tag="269" ind1=" " ind2=" ">
        <subfield code="a">19860101</subfield>
    </datafield>
    <datafield tag="650" ind1=" " ind2=" ">
        <subfield code="a">RESOURCES CONSERVATION</subfield>
        <subfield code="0">(DHLAUTH)270577</subfield>
    </datafield>
    <datafield tag="650" ind1=" " ind2=" ">
        <subfield code="a">WATER MANAGEMENT</subfield>
        <subfield code="0">(DHLAUTH)270919</subfield>
    </datafield>
    <datafield tag="650" ind1=" " ind2=" ">
        <subfield code="a">PROJECT ACTIVITIES</subfield>
        <subfield code="0">(DHLAUTH)275801</subfield>
    </datafield>
    <datafield tag="650" ind1=" " ind2=" ">
        <subfield code="a">YEMEN</subfield>
        <subfield code="0">(DHLAUTH)273521</subfield>
    </datafield>
    <datafield tag="650" ind1=" " ind2=" ">
        <subfield code="a">WESTERN ASIA</subfield>
        <subfield code="0">(DHLAUTH)275490</subfield>
    </datafield>
</record>
<record>
    <datafield tag="191" ind1=" " ind2=" ">
        <subfield code="a">E/ESCWA/AGR/86/2</subfield>
    </datafield>
    <datafield tag="246" ind1=" " ind2=" ">
        <subfield code="a">مفهوم الخزين الاستراتيجي من الحبوب</subfield>
    </datafield>
    <datafield tag="269" ind1=" " ind2=" ">
        <subfield code="a">19861012</subfield>
    </datafield>
    <datafield tag="650" ind1=" " ind2=" ">
        <subfield code="a">CROPS</subfield>
        <subfield code="0">(DHLAUTH)271516</subfield>
    </datafield>
    <datafield tag="650" ind1=" " ind2=" ">
        <subfield code="a">WESTERN ASIA</subfield>
        <subfield code="0">(DHLAUTH)275490</subfield>
    </datafield>
    <datafield tag="650" ind1=" " ind2=" ">
        <subfield code="a">JORDAN</subfield>
        <subfield code="0">(DHLAUTH)269099</subfield>
    </datafield>
    <datafield tag="650" ind1=" " ind2=" ">
        <subfield code="a">FOOD SECURITY</subfield>
        <subfield code="0">(DHLAUTH)273653</subfield>
    </datafield>
    <datafield tag="650" ind1=" " ind2=" ">
        <subfield code="a">GOODS</subfield>
        <subfield code="0">(DHLAUTH)269547</subfield>
    </datafield>
</record>
<record>
    <datafield tag="191" ind1=" " ind2=" ">
        <subfield code="a">E/ESCWA/AGR/86/3</subfield>
    </datafield>
    <datafield tag="246" ind1=" " ind2=" ">
        <subfield code="a">التحليل الاقتصادي للمشاريع الزراعية (دراسة حالة مشروع 30 تموز كمثال تطبيقي)</subfield>
    </datafield>
    <datafield tag="269" ind1=" " ind2=" ">
        <subfield code="a">19861029</subfield>
    </datafield>
    <datafield tag="650" ind1=" " ind2=" ">
        <subfield code="a">ECONOMIC ANALYSIS</subfield>
        <subfield code="0">(DHLAUTH)269649</subfield>
    </datafield>
    <datafield tag="650" ind1=" " ind2=" ">
        <subfield code="a">CASE STUDIES</subfield>
        <subfield code="0">(DHLAUTH)274639</subfield>
    </datafield>
    <datafield tag="650" ind1=" " ind2=" ">
        <subfield code="a">IRAQ</subfield>
        <subfield code="0">(DHLAUTH)273370</subfield>
    </datafield>
    <datafield tag="650" ind1=" " ind2=" ">
        <subfield code="a">AGRICULTURE</subfield>
        <subfield code="0">(DHLAUTH)271335</subfield>
    </datafield>
    <datafield tag="650" ind1=" " ind2=" ">
        <subfield code="a">LAND REFORM</subfield>
        <subfield code="0">(DHLAUTH)271304</subfield>
    </datafield>
    <datafield tag="650" ind1=" " ind2=" ">
        <subfield code="a">AGRICULTURAL PRODUCTION</subfield>
        <subfield code="0">(DHLAUTH)269670</subfield>
    </datafield>
    <datafield tag="650" ind1=" " ind2=" ">
        <subfield code="a">PROJECT IMPLEMENTATION</subfield>
        <subfield code="0">(DHLAUTH)269965</subfield>
    </datafield>
</record>
<record>
    <datafield tag="191" ind1=" " ind2=" ">
        <subfield code="a">E/ESCWA/AGR/87/1</subfield>
    </datafield>
    <datafield tag="246" ind1=" " ind2=" ">
        <subfield code="a">مراجعة وتقييم لأوضاع الزرعة و الغذاء في العالم العربي للفترة 1975-1985, شعبة الزراعة المشتركة بين منظمة الأغذية و الزراعة واللجنة الإقتصادية و الإجتماعية لغربي آسا</subfield>
    </datafield>
    <datafield tag="269" ind1=" " ind2=" ">
        <subfield code="a">19780309</subfield>
    </datafield>
    <datafield tag="650" ind1=" " ind2=" ">
        <subfield code="a">AGRICULTURAL DEVELOPMENT</subfield>
        <subfield code="0">(DHLAUTH)269917</subfield>
    </datafield>
    <datafield tag="650" ind1=" " ind2=" ">
        <subfield code="a">CROPS</subfield>
        <subfield code="0">(DHLAUTH)271516</subfield>
    </datafield>
    <datafield tag="650" ind1=" " ind2=" ">
        <subfield code="a">ARAB COUNTRIES</subfield>
        <subfield code="0">(DHLAUTH)268705</subfield>
    </datafield>
</record>
<record>
    <datafield tag="191" ind1=" " ind2=" ">
        <subfield code="a">E/ESCWA/AGR/87/10</subfield>
    </datafield>
    <datafield tag="246" ind1=" " ind2=" ">
        <subfield code="a">حفظ الأغذية وتحسين التغذية على مستوى الأسرة</subfield>
    </datafield>
    <datafield tag="269" ind1=" " ind2=" ">
        <subfield code="a">19871224</subfield>
    </datafield>
    <datafield tag="650" ind1=" " ind2=" ">
        <subfield code="a">FOOD SECURITY</subfield>
        <subfield code="0">(DHLAUTH)273653</subfield>
    </datafield>
    <datafield tag="650" ind1=" " ind2=" ">
        <subfield code="a">FOOD</subfield>
        <subfield code="0">(DHLAUTH)271146</subfield>
    </datafield>
    <datafield tag="650" ind1=" " ind2=" ">
        <subfield code="a">PROTEINS</subfield>
        <subfield code="0">(DHLAUTH)273680</subfield>
    </datafield>
    <datafield tag="650" ind1=" " ind2=" ">
        <subfield code="a">VITAMINS</subfield>
        <subfield code="0">(DHLAUTH)273656</subfield>
    </datafield>
    <datafield tag="650" ind1=" " ind2=" ">
        <subfield code="a">CALORIES</subfield>
        <subfield code="0">(DHLAUTH)273639</subfield>
    </datafield>
    <datafield tag="650" ind1=" " ind2=" ">
        <subfield code="a">MALNUTRITION</subfield>
        <subfield code="0">(DHLAUTH)273638</subfield>
    </datafield>
    <datafield tag="650" ind1=" " ind2=" ">
        <subfield code="a">FOOD PRESERVATION</subfield>
        <subfield code="0">(DHLAUTH)272312</subfield>
    </datafield>
    <datafield tag="650" ind1=" " ind2=" ">
        <subfield code="a">NUTRITION</subfield>
        <subfield code="0">(DHLAUTH)271601</subfield>
    </datafield>
    <datafield tag="650" ind1=" " ind2=" ">
        <subfield code="a">WESTERN ASIA</subfield>
        <subfield code="0">(DHLAUTH)275490</subfield>
    </datafield>
</record>
<record>
    <datafield tag="191" ind1=" " ind2=" ">
        <subfield code="a">E/ESCWA/AGR/87/11</subfield>
    </datafield>
    <datafield tag="245" ind1=" " ind2=" ">
        <subfield code="a">AN APPROACH TOWARDS ECONOMIC ANALYSIS OF DESERTIFICATION CONTROL PROJECTS</subfield>
    </datafield>
    <datafield tag="269" ind1=" " ind2=" ">
        <subfield code="a">19871125</subfield>
    </datafield>
    <datafield tag="650" ind1=" " ind2=" ">
        <subfield code="a">DESERTIFICATION</subfield>
        <subfield code="0">(DHLAUTH)270641</subfield>
    </datafield>
    <datafield tag="650" ind1=" " ind2=" ">
        <subfield code="a">INVESTMENTS</subfield>
        <subfield code="0">(DHLAUTH)269859</subfield>
    </datafield>
    <datafield tag="650" ind1=" " ind2=" ">
        <subfield code="a">PROJECT EVALUATION</subfield>
        <subfield code="0">(DHLAUTH)269591</subfield>
    </datafield>
    <datafield tag="650" ind1=" " ind2=" ">
        <subfield code="a">ECONOMIC ANALYSIS</subfield>
        <subfield code="0">(DHLAUTH)269649</subfield>
    </datafield>
</record>
<record>
    <datafield tag="191" ind1=" " ind2=" ">
        <subfield code="a">E/ESCWA/AGR/87/12/REV.1</subfield>
    </datafield>
    <datafield tag="245" ind1=" " ind2=" ">
        <subfield code="a">EVALUATION OF RURAL DEVELOPMENT PROJECTS AND PROGRAMMES IN THE LEAST DEVELOPED COUNTRIES OF THE ESCWA REGION</subfield>
    </datafield>
    <datafield tag="269" ind1=" " ind2=" ">
        <subfield code="a">19871130</subfield>
    </datafield>
    <datafield tag="650" ind1=" " ind2=" ">
        <subfield code="a">YEMEN</subfield>
        <subfield code="0">(DHLAUTH)273521</subfield>
    </datafield>
    <datafield tag="650" ind1=" " ind2=" ">
        <subfield code="a">EVALUATION</subfield>
        <subfield code="0">(DHLAUTH)269588</subfield>
    </datafield>
    <datafield tag="650" ind1=" " ind2=" ">
        <subfield code="a">RURAL DEVELOPMENT</subfield>
        <subfield code="0">(DHLAUTH)269872</subfield>
    </datafield>
    <datafield tag="650" ind1=" " ind2=" ">
        <subfield code="a">PROJECT MONITORING</subfield>
        <subfield code="0">(DHLAUTH)269966</subfield>
    </datafield>
    <datafield tag="650" ind1=" " ind2=" ">
        <subfield code="a">EGYPT</subfield>
        <subfield code="0">(DHLAUTH)273328</subfield>
    </datafield>
</record>
<record>
    <datafield tag="191" ind1=" " ind2=" ">
        <subfield code="a">E/ESCWA/AGR/87/13</subfield>
    </datafield>
    <datafield tag="245" ind1=" " ind2=" ">
        <subfield code="a">CONCEPTS, ISSUES AND PROBLEMS IN MONITORING AND EVALUATION OF RURAL DEVELOPMENT PROJECTS, WITH EXAMPLES FROM ESCWA COUNTRIES</subfield>
    </datafield>
    <datafield tag="269" ind1=" " ind2=" ">
        <subfield code="a">19871129</subfield>
    </datafield>
    <datafield tag="650" ind1=" " ind2=" ">
        <subfield code="a">RECOMMENDATIONS</subfield>
        <subfield code="0">(DHLAUTH)275840</subfield>
    </datafield>
    <datafield tag="650" ind1=" " ind2=" ">
        <subfield code="a">PROGRAMME EVALUATION</subfield>
        <subfield code="0">(DHLAUTH)269962</subfield>
    </datafield>
    <datafield tag="650" ind1=" " ind2=" ">
        <subfield code="a">YEMEN</subfield>
        <subfield code="0">(DHLAUTH)273521</subfield>
    </datafield>
    <datafield tag="650" ind1=" " ind2=" ">
        <subfield code="a">RURAL DEVELOPMENT</subfield>
        <subfield code="0">(DHLAUTH)269872</subfield>
    </datafield>
</record>
<record>
    <datafield tag="191" ind1=" " ind2=" ">
        <subfield code="a">E/ESCWA/AGR/87/14/REV.1</subfield>
    </datafield>
    <datafield tag="246" ind1=" " ind2=" ">
        <subfield code="a">مقترحات لتطوير سياسة دعم انتاج الخضروات في دولة الكويت, الاسكوا. شعبة الزراعة المشتركة بين منظمة الأغذية والزراعة واللجنة الإقتصادية والإجتماعية لغربي آسيا.</subfield>
    </datafield>
    <datafield tag="269" ind1=" " ind2=" ">
        <subfield code="a">19871203</subfield>
    </datafield>
    <datafield tag="650" ind1=" " ind2=" ">
        <subfield code="a">VEGETABLES</subfield>
        <subfield code="0">(DHLAUTH)271467</subfield>
    </datafield>
    <datafield tag="650" ind1=" " ind2=" ">
        <subfield code="a">RECOMMENDATIONS</subfield>
        <subfield code="0">(DHLAUTH)275840</subfield>
    </datafield>
    <datafield tag="650" ind1=" " ind2=" ">
        <subfield code="a">PRODUCTION COSTS</subfield>
        <subfield code="0">(DHLAUTH)269622</subfield>
    </datafield>
    <datafield tag="650" ind1=" " ind2=" ">
        <subfield code="a">KUWAIT</subfield>
        <subfield code="0">(DHLAUTH)273384</subfield>
    </datafield>
    <datafield tag="650" ind1=" " ind2=" ">
        <subfield code="a">WESTERN ASIA</subfield>
        <subfield code="0">(DHLAUTH)275490</subfield>
    </datafield>
</record>
<record>
    <datafield tag="191" ind1=" " ind2=" ">
        <subfield code="a">E/ESCWA/AGR/87/16</subfield>
    </datafield>
    <datafield tag="245" ind1=" " ind2=" ">
        <subfield code="a">IDENTIFICATION OF REGIONAL FOOD SECURITY PROJECTS: A CASE STUDY FOR IRAQ</subfield>
    </datafield>
    <datafield tag="269" ind1=" " ind2=" ">
        <subfield code="a">19871229</subfield>
    </datafield>
    <datafield tag="650" ind1=" " ind2=" ">
        <subfield code="a">IRAQ</subfield>
        <subfield code="0">(DHLAUTH)273370</subfield>
    </datafield>
    <datafield tag="650" ind1=" " ind2=" ">
        <subfield code="a">FOOD SECURITY</subfield>
        <subfield code="0">(DHLAUTH)273653</subfield>
    </datafield>
    <datafield tag="650" ind1=" " ind2=" ">
        <subfield code="a">PROJECT FINANCE</subfield>
        <subfield code="0">(DHLAUTH)9165</subfield>
    </datafield>
    <datafield tag="650" ind1=" " ind2=" ">
        <subfield code="a">LIVESTOCK</subfield>
        <subfield code="0">(DHLAUTH)270964</subfield>
    </datafield>
    <datafield tag="650" ind1=" " ind2=" ">
        <subfield code="a">PRODUCTION COSTS</subfield>
        <subfield code="0">(DHLAUTH)269622</subfield>
    </datafield>
    <datafield tag="650" ind1=" " ind2=" ">
        <subfield code="a">LABOUR</subfield>
        <subfield code="0">(DHLAUTH)274210</subfield>
    </datafield>
    <datafield tag="650" ind1=" " ind2=" ">
        <subfield code="a">IRRIGATION</subfield>
        <subfield code="0">(DHLAUTH)270872</subfield>
    </datafield>
    <datafield tag="650" ind1=" " ind2=" ">
        <subfield code="a">DRAINAGE</subfield>
        <subfield code="0">(DHLAUTH)270904</subfield>
    </datafield>
    <datafield tag="650" ind1=" " ind2=" ">
        <subfield code="a">PROFIT</subfield>
        <subfield code="0">(DHLAUTH)269702</subfield>
    </datafield>
    <datafield tag="650" ind1=" " ind2=" ">
        <subfield code="a">STATE FARMS</subfield>
        <subfield code="0">(DHLAUTH)271414</subfield>
    </datafield>
</record>
<record>
    <datafield tag="191" ind1=" " ind2=" ">
        <subfield code="a">E/ESCWA/AGR/87/17</subfield>
    </datafield>
    <datafield tag="246" ind1=" " ind2=" ">
        <subfield code="a">تنمية الصادرات الزراعية في الأراضي الغلسطينية المحتلة (الضفة الغربية وقطاع غزة)</subfield>
    </datafield>
    <datafield tag="269" ind1=" " ind2=" ">
        <subfield code="a">19871215</subfield>
    </datafield>
    <datafield tag="650" ind1=" " ind2=" ">
        <subfield code="a">EXPORT DEVELOPMENT</subfield>
        <subfield code="0">(DHLAUTH)271797</subfield>
    </datafield>
    <datafield tag="650" ind1=" " ind2=" ">
        <subfield code="a">AGRICULTURAL PRODUCTS</subfield>
        <subfield code="0">(DHLAUTH)270579</subfield>
    </datafield>
    <datafield tag="650" ind1=" " ind2=" ">
        <subfield code="a">IMPORTS</subfield>
        <subfield code="0">(DHLAUTH)272827</subfield>
    </datafield>
    <datafield tag="650" ind1=" " ind2=" ">
        <subfield code="a">WESTERN ASIA</subfield>
        <subfield code="0">(DHLAUTH)275490</subfield>
    </datafield>
</record>
<record>
    <datafield tag="191" ind1=" " ind2=" ">
        <subfield code="a">E/ESCWA/AGR/87/18</subfield>
    </datafield>
    <datafield tag="246" ind1=" " ind2=" ">
        <subfield code="a">متابعة توصيات الاجتماع الفني الحكومي المشترك بشان الامن الغذائي الذي عقد في الفترة 3-5 تشرين الثاني /نوفمبر 1986 في مقر اللجنة الاقتصادية والاجتماعية لغربي اسيا في بغداد</subfield>
    </datafield>
    <datafield tag="269" ind1=" " ind2=" ">
        <subfield code="a">19871217</subfield>
    </datafield>
    <datafield tag="650" ind1=" " ind2=" ">
        <subfield code="a">FOOD SECURITY</subfield>
        <subfield code="0">(DHLAUTH)273653</subfield>
    </datafield>
    <datafield tag="650" ind1=" " ind2=" ">
        <subfield code="a">RECOMMENDATIONS</subfield>
        <subfield code="0">(DHLAUTH)275840</subfield>
    </datafield>
    <datafield tag="650" ind1=" " ind2=" ">
        <subfield code="a">WESTERN ASIA</subfield>
        <subfield code="0">(DHLAUTH)275490</subfield>
    </datafield>
    <datafield tag="650" ind1=" " ind2=" ">
        <subfield code="a">PROGRAMME IMPLEMENTATION</subfield>
        <subfield code="0">(DHLAUTH)275794</subfield>
    </datafield>
</record>
<record>
    <datafield tag="191" ind1=" " ind2=" ">
        <subfield code="a">E/ESCWA/AGR/87/2</subfield>
    </datafield>
    <datafield tag="246" ind1=" " ind2=" ">
        <subfield code="a">العوامل الحاكمة للزراعة العربية ودور التعاون العربي</subfield>
    </datafield>
    <datafield tag="269" ind1=" " ind2=" ">
        <subfield code="a">19780319</subfield>
    </datafield>
    <datafield tag="650" ind1=" " ind2=" ">
        <subfield code="a">AGRICULTURAL PRODUCTION</subfield>
        <subfield code="0">(DHLAUTH)269670</subfield>
    </datafield>
    <datafield tag="650" ind1=" " ind2=" ">
        <subfield code="a">NATURAL RESOURCES</subfield>
        <subfield code="0">(DHLAUTH)270548</subfield>
    </datafield>
    <datafield tag="650" ind1=" " ind2=" ">
        <subfield code="a">AGRICULTURAL DEVELOPMENT</subfield>
        <subfield code="0">(DHLAUTH)269917</subfield>
    </datafield>
    <datafield tag="650" ind1=" " ind2=" ">
        <subfield code="a">WESTERN ASIA</subfield>
        <subfield code="0">(DHLAUTH)275490</subfield>
    </datafield>
</record>
<record>
    <datafield tag="191" ind1=" " ind2=" ">
        <subfield code="a">E/ESCWA/AGR/87/3</subfield>
    </datafield>
    <datafield tag="245" ind1=" " ind2=" ">
        <subfield code="a">AN APPROACH TOWARD ESTABLISHMENT OF A MONITORING SYSTEM FOR RURAL DEVELOPMENT PROJECTS WITH SPECIAL REFERENCE TO EGYPT</subfield>
    </datafield>
    <datafield tag="269" ind1=" " ind2=" ">
        <subfield code="a">19870601</subfield>
    </datafield>
    <datafield tag="650" ind1=" " ind2=" ">
        <subfield code="a">RURAL DEVELOPMENT</subfield>
        <subfield code="0">(DHLAUTH)269872</subfield>
    </datafield>
    <datafield tag="650" ind1=" " ind2=" ">
        <subfield code="a">EGYPT</subfield>
        <subfield code="0">(DHLAUTH)273328</subfield>
    </datafield>
    <datafield tag="650" ind1=" " ind2=" ">
        <subfield code="a">DEVELOPMENT PROJECTS</subfield>
        <subfield code="0">(DHLAUTH)444783</subfield>
    </datafield>
</record>
<record>
    <datafield tag="191" ind1=" " ind2=" ">
        <subfield code="a">E/ESCWA/AGR/87/4</subfield>
    </datafield>
    <datafield tag="245" ind1=" " ind2=" ">
        <subfield code="a">LOCAL GOVERNMENT, LOCAL ORGANIZATIONS, PARTICIPATION AND RURAL DEVELOPMENT IN THE YEMEN ARAB REPUBLIC. STAFF WORKING PAPER NO. 1</subfield>
    </datafield>
    <datafield tag="269" ind1=" " ind2=" ">
        <subfield code="a">19870603</subfield>
    </datafield>
    <datafield tag="650" ind1=" " ind2=" ">
        <subfield code="a">RECOMMENDATIONS</subfield>
        <subfield code="0">(DHLAUTH)275840</subfield>
    </datafield>
    <datafield tag="650" ind1=" " ind2=" ">
        <subfield code="a">YEMEN</subfield>
        <subfield code="0">(DHLAUTH)273521</subfield>
    </datafield>
    <datafield tag="650" ind1=" " ind2=" ">
        <subfield code="a">LOCAL GOVERNMENT</subfield>
        <subfield code="0">(DHLAUTH)268301</subfield>
    </datafield>
</record>
<record>
    <datafield tag="191" ind1=" " ind2=" ">
        <subfield code="a">E/ESCWA/AGR/87/5</subfield>
    </datafield>
    <datafield tag="245" ind1=" " ind2=" ">
        <subfield code="a">YEMEN ARAB REPUBLIC RURAL DEVELOPMENT STRATEGY AND IMPLEMENTATION: AN ASSESSMENT AND A REVIEW OF ISSUES</subfield>
    </datafield>
    <datafield tag="246" ind1=" " ind2=" ">
        <subfield code="a">الجمهورية العربية اليمنية استراتيجية التنمية الريفية وتنفيذيها, تقييم القضايا واستعراضها</subfield>
    </datafield>
    <datafield tag="269" ind1=" " ind2=" ">
        <subfield code="a">19900516</subfield>
    </datafield>
    <datafield tag="650" ind1=" " ind2=" ">
        <subfield code="a">RECOMMENDATIONS</subfield>
        <subfield code="0">(DHLAUTH)275840</subfield>
    </datafield>
    <datafield tag="650" ind1=" " ind2=" ">
        <subfield code="a">DEVELOPMENT STRATEGIES</subfield>
        <subfield code="0">(DHLAUTH)269884</subfield>
    </datafield>
    <datafield tag="650" ind1=" " ind2=" ">
        <subfield code="a">YEMEN</subfield>
        <subfield code="0">(DHLAUTH)273521</subfield>
    </datafield>
    <datafield tag="650" ind1=" " ind2=" ">
        <subfield code="a">EVALUATION</subfield>
        <subfield code="0">(DHLAUTH)269588</subfield>
    </datafield>
    <datafield tag="650" ind1=" " ind2=" ">
        <subfield code="a">AGRICULTURAL EXTENSION</subfield>
        <subfield code="0">(DHLAUTH)271314</subfield>
    </datafield>
    <datafield tag="650" ind1=" " ind2=" ">
        <subfield code="a">RURAL DEVELOPMENT</subfield>
        <subfield code="0">(DHLAUTH)269872</subfield>
    </datafield>
    <datafield tag="650" ind1=" " ind2=" ">
        <subfield code="a">EMPLOYMENT</subfield>
        <subfield code="0">(DHLAUTH)269797</subfield>
    </datafield>
</record>
<record>
    <datafield tag="191" ind1=" " ind2=" ">
        <subfield code="a">E/ESCWA/AGR/87/6</subfield>
    </datafield>
    <datafield tag="245" ind1=" " ind2=" ">
        <subfield code="a">CROP-SHARING AND LAND-TENANCY PRACTICES IN THE YEMEN ARAB REPUBLIC</subfield>
    </datafield>
    <datafield tag="269" ind1=" " ind2=" ">
        <subfield code="a">19871028</subfield>
    </datafield>
    <datafield tag="650" ind1=" " ind2=" ">
        <subfield code="a">YEMEN</subfield>
        <subfield code="0">(DHLAUTH)273521</subfield>
    </datafield>
    <datafield tag="650" ind1=" " ind2=" ">
        <subfield code="a">ECONOMIC ANALYSIS</subfield>
        <subfield code="0">(DHLAUTH)269649</subfield>
    </datafield>
    <datafield tag="650" ind1=" " ind2=" ">
        <subfield code="a">CROPS</subfield>
        <subfield code="0">(DHLAUTH)271516</subfield>
    </datafield>
    <datafield tag="650" ind1=" " ind2=" ">
        <subfield code="a">AGRICULTURAL LAND</subfield>
        <subfield code="0">(DHLAUTH)270942</subfield>
    </datafield>
    <datafield tag="650" ind1=" " ind2=" ">
        <subfield code="a">FARM INCOME</subfield>
        <subfield code="0">(DHLAUTH)271331</subfield>
    </datafield>
    <datafield tag="650" ind1=" " ind2=" ">
        <subfield code="a">FARM SIZE</subfield>
        <subfield code="0">(DHLAUTH)269619</subfield>
    </datafield>
    <datafield tag="650" ind1=" " ind2=" ">
        <subfield code="a">LAND ECONOMICS</subfield>
        <subfield code="0">(DHLAUTH)269603</subfield>
    </datafield>
</record>
<record>
    <datafield tag="191" ind1=" " ind2=" ">
        <subfield code="a">E/ESCWA/AGR/87/7</subfield>
    </datafield>
    <datafield tag="245" ind1=" " ind2=" ">
        <subfield code="a">NATIONAL PLAN OF ACTION TO COMBAT DESERTIFICATION IN THE HASHEMITE KINGDOM OF JORDAN</subfield>
    </datafield>
    <datafield tag="269" ind1=" " ind2=" ">
        <subfield code="a">19871101</subfield>
    </datafield>
    <datafield tag="650" ind1=" " ind2=" ">
        <subfield code="a">JORDAN</subfield>
        <subfield code="0">(DHLAUTH)269099</subfield>
    </datafield>
    <datafield tag="650" ind1=" " ind2=" ">
        <subfield code="a">PROGRAMMES OF ACTION</subfield>
        <subfield code="0">(DHLAUTH)275777</subfield>
    </datafield>
    <datafield tag="650" ind1=" " ind2=" ">
        <subfield code="a">AGRICULTURAL PRODUCTION</subfield>
        <subfield code="0">(DHLAUTH)269670</subfield>
    </datafield>
    <datafield tag="650" ind1=" " ind2=" ">
        <subfield code="a">INSTITUTION BUILDING</subfield>
        <subfield code="0">(DHLAUTH)269946</subfield>
    </datafield>
    <datafield tag="650" ind1=" " ind2=" ">
        <subfield code="a">DESERTIFICATION</subfield>
        <subfield code="0">(DHLAUTH)270641</subfield>
    </datafield>
    <datafield tag="650" ind1=" " ind2=" ">
        <subfield code="a">WATER RESOURCES</subfield>
        <subfield code="0">(DHLAUTH)270568</subfield>
    </datafield>
    <datafield tag="650" ind1=" " ind2=" ">
        <subfield code="a">HUMAN RESOURCES</subfield>
        <subfield code="0">(DHLAUTH)270571</subfield>
    </datafield>
    <datafield tag="650" ind1=" " ind2=" ">
        <subfield code="a">DEVELOPMENT PLANS</subfield>
        <subfield code="0">(DHLAUTH)269892</subfield>
    </datafield>
    <datafield tag="650" ind1=" " ind2=" ">
        <subfield code="a">FOREST CONSERVATION</subfield>
        <subfield code="0">(DHLAUTH)270585</subfield>
    </datafield>
    <datafield tag="650" ind1=" " ind2=" ">
        <subfield code="a">GROUNDWATER</subfield>
        <subfield code="0">(DHLAUTH)270891</subfield>
    </datafield>
    <datafield tag="650" ind1=" " ind2=" ">
        <subfield code="a">FORESTS</subfield>
        <subfield code="0">(DHLAUTH)270765</subfield>
    </datafield>
</record>
<record>
    <datafield tag="191" ind1=" " ind2=" ">
        <subfield code="a">E/ESCWA/AGR/87/8/REV.1</subfield>
    </datafield>
    <datafield tag="245" ind1=" " ind2=" ">
        <subfield code="a">CASE-STUDY ON WADI AL-JAWF AGRICULTURAL PROJECT YEMEN ARAB REPUBLIC: SOLUTIONS AND EXERCISES USING DASI COMPUTER PROGRAMME</subfield>
    </datafield>
    <datafield tag="269" ind1=" " ind2=" ">
        <subfield code="a">19880128</subfield>
    </datafield>
    <datafield tag="650" ind1=" " ind2=" ">
        <subfield code="a">YEMEN</subfield>
        <subfield code="0">(DHLAUTH)273521</subfield>
    </datafield>
    <datafield tag="650" ind1=" " ind2=" ">
        <subfield code="a">DATA BANKS</subfield>
        <subfield code="0">(DHLAUTH)275123</subfield>
    </datafield>
    <datafield tag="650" ind1=" " ind2=" ">
        <subfield code="a">SAMPLING</subfield>
        <subfield code="0">(DHLAUTH)270203</subfield>
    </datafield>
    <datafield tag="650" ind1=" " ind2=" ">
        <subfield code="a">FINANCIAL ASPECTS</subfield>
        <subfield code="0">(DHLAUTH)275767</subfield>
    </datafield>
    <datafield tag="650" ind1=" " ind2=" ">
        <subfield code="a">ECONOMIC ANALYSIS</subfield>
        <subfield code="0">(DHLAUTH)269649</subfield>
    </datafield>
</record>
<record>
    <datafield tag="191" ind1=" " ind2=" ">
        <subfield code="a">E/ESCWA/AGR/87/9</subfield>
    </datafield>
    <datafield tag="246" ind1=" " ind2=" ">
        <subfield code="a">استراتيجية التنمية الريفية: تقييم ومراجعة القضايا الرئيسية في جمهورية اليمن الديمقراطية</subfield>
    </datafield>
    <datafield tag="269" ind1=" " ind2=" ">
        <subfield code="a">19871102</subfield>
    </datafield>
    <datafield tag="650" ind1=" " ind2=" ">
        <subfield code="a">RECOMMENDATIONS</subfield>
        <subfield code="0">(DHLAUTH)275840</subfield>
    </datafield>
    <datafield tag="650" ind1=" " ind2=" ">
        <subfield code="a">SOCIAL CONDITIONS</subfield>
        <subfield code="0">(DHLAUTH)268327</subfield>
    </datafield>
    <datafield tag="650" ind1=" " ind2=" ">
        <subfield code="a">NATURAL RESOURCES</subfield>
        <subfield code="0">(DHLAUTH)270548</subfield>
    </datafield>
    <datafield tag="650" ind1=" " ind2=" ">
        <subfield code="a">YEMEN</subfield>
        <subfield code="0">(DHLAUTH)273521</subfield>
    </datafield>
    <datafield tag="650" ind1=" " ind2=" ">
        <subfield code="a">AGRICULTURAL DEVELOPMENT</subfield>
        <subfield code="0">(DHLAUTH)269917</subfield>
    </datafield>
    <datafield tag="650" ind1=" " ind2=" ">
        <subfield code="a">RURAL DEVELOPMENT</subfield>
        <subfield code="0">(DHLAUTH)269872</subfield>
    </datafield>
    <datafield tag="650" ind1=" " ind2=" ">
        <subfield code="a">HUMAN RESOURCES</subfield>
        <subfield code="0">(DHLAUTH)270571</subfield>
    </datafield>
    <datafield tag="650" ind1=" " ind2=" ">
        <subfield code="a">PROJECT EVALUATION</subfield>
        <subfield code="0">(DHLAUTH)269591</subfield>
    </datafield>
    <datafield tag="650" ind1=" " ind2=" ">
        <subfield code="a">RURAL CONDITIONS</subfield>
        <subfield code="0">(DHLAUTH)271442</subfield>
    </datafield>
</record>
<record>
    <datafield tag="191" ind1=" " ind2=" ">
        <subfield code="a">E/ESCWA/AGR/88/10</subfield>
    </datafield>
    <datafield tag="246" ind1=" " ind2=" ">
        <subfield code="a">تطوير نظم تسويق السلع الزراعية الغذائية ومستلزمات الإنتاج الزراعي في مصر في إطار الخطط القومية للتنمية</subfield>
    </datafield>
    <datafield tag="269" ind1=" " ind2=" ">
        <subfield code="a">19881201</subfield>
    </datafield>
    <datafield tag="650" ind1=" " ind2=" ">
        <subfield code="a">AGRICULTURAL PRODUCTION</subfield>
        <subfield code="0">(DHLAUTH)269670</subfield>
    </datafield>
    <datafield tag="650" ind1=" " ind2=" ">
        <subfield code="a">AGRICULTURAL PRODUCTS</subfield>
        <subfield code="0">(DHLAUTH)270579</subfield>
    </datafield>
    <datafield tag="650" ind1=" " ind2=" ">
        <subfield code="a">AGRICULTURAL PRODUCT MARKETING</subfield>
        <subfield code="0">(DHLAUTH)271308</subfield>
    </datafield>
    <datafield tag="650" ind1=" " ind2=" ">
        <subfield code="a">FOOD CONSUMPTION</subfield>
        <subfield code="0">(DHLAUTH)269579</subfield>
    </datafield>
    <datafield tag="650" ind1=" " ind2=" ">
        <subfield code="a">DEVELOPMENT PLANS</subfield>
        <subfield code="0">(DHLAUTH)269892</subfield>
    </datafield>
    <datafield tag="650" ind1=" " ind2=" ">
        <subfield code="a">EGYPT</subfield>
        <subfield code="0">(DHLAUTH)273328</subfield>
    </datafield>
    <datafield tag="650" ind1=" " ind2=" ">
        <subfield code="a">WESTERN ASIA</subfield>
        <subfield code="0">(DHLAUTH)275490</subfield>
    </datafield>
</record>
<record>
    <datafield tag="191" ind1=" " ind2=" ">
        <subfield code="a">E/ESCWA/AGR/88/11</subfield>
    </datafield>
    <datafield tag="246" ind1=" " ind2=" ">
        <subfield code="a">نظام التخطيط الزراعي في مصر: عرض وتحليل</subfield>
    </datafield>
    <datafield tag="269" ind1=" " ind2=" ">
        <subfield code="a">19881201</subfield>
    </datafield>
    <datafield tag="650" ind1=" " ind2=" ">
        <subfield code="a">AGRICULTURAL PRODUCTS</subfield>
        <subfield code="0">(DHLAUTH)270579</subfield>
    </datafield>
    <datafield tag="650" ind1=" " ind2=" ">
        <subfield code="a">DEVELOPMENT PLANS</subfield>
        <subfield code="0">(DHLAUTH)269892</subfield>
    </datafield>
    <datafield tag="650" ind1=" " ind2=" ">
        <subfield code="a">ECONOMIC PLANNING</subfield>
        <subfield code="0">(DHLAUTH)269834</subfield>
    </datafield>
    <datafield tag="650" ind1=" " ind2=" ">
        <subfield code="a">AGRICULTURAL PLANNING</subfield>
        <subfield code="0">(DHLAUTH)269924</subfield>
    </datafield>
    <datafield tag="650" ind1=" " ind2=" ">
        <subfield code="a">DEVELOPMENT PLANNING</subfield>
        <subfield code="0">(DHLAUTH)269883</subfield>
    </datafield>
    <datafield tag="650" ind1=" " ind2=" ">
        <subfield code="a">AGRICULTURAL PRODUCT MARKETING</subfield>
        <subfield code="0">(DHLAUTH)271308</subfield>
    </datafield>
    <datafield tag="650" ind1=" " ind2=" ">
        <subfield code="a">EGYPT</subfield>
        <subfield code="0">(DHLAUTH)273328</subfield>
    </datafield>
    <datafield tag="650" ind1=" " ind2=" ">
        <subfield code="a">WESTERN ASIA</subfield>
        <subfield code="0">(DHLAUTH)275490</subfield>
    </datafield>
</record>
<record>
    <datafield tag="191" ind1=" " ind2=" ">
        <subfield code="a">E/ESCWA/AGR/88/12</subfield>
    </datafield>
    <datafield tag="245" ind1=" " ind2=" ">
        <subfield code="a">ECONOMIC ANALYSIS OF SAND DUNE STABILIZATION, AFFORESTATION AND SHELTERBELTS PROJECT IN THE TIHAMA, YEMEN ARAB REPUBLIC</subfield>
    </datafield>
    <datafield tag="269" ind1=" " ind2=" ">
        <subfield code="a">19890215</subfield>
    </datafield>
    <datafield tag="650" ind1=" " ind2=" ">
        <subfield code="a">YEMEN</subfield>
        <subfield code="0">(DHLAUTH)273521</subfield>
    </datafield>
    <datafield tag="650" ind1=" " ind2=" ">
        <subfield code="a">DESERTIFICATION</subfield>
        <subfield code="0">(DHLAUTH)270641</subfield>
    </datafield>
    <datafield tag="650" ind1=" " ind2=" ">
        <subfield code="a">ECONOMIC ANALYSIS</subfield>
        <subfield code="0">(DHLAUTH)269649</subfield>
    </datafield>
    <datafield tag="650" ind1=" " ind2=" ">
        <subfield code="a">DEVELOPMENT PROJECTS</subfield>
        <subfield code="0">(DHLAUTH)444783</subfield>
    </datafield>
    <datafield tag="650" ind1=" " ind2=" ">
        <subfield code="a">SAND DUNES</subfield>
        <subfield code="0">(DHLAUTH)270712</subfield>
    </datafield>
    <datafield tag="650" ind1=" " ind2=" ">
        <subfield code="a">AFFORESTATION</subfield>
        <subfield code="0">(DHLAUTH)481445</subfield>
    </datafield>
</record>
<record>
    <datafield tag="191" ind1=" " ind2=" ">
        <subfield code="a">E/ESCWA/AGR/88/1/REV.1</subfield>
    </datafield>
    <datafield tag="245" ind1=" " ind2=" ">
        <subfield code="a">CASE-STUDY ON THE WADI AL-JAWF AGRICULTURAL PROJECT YEMEN ARAB REPUBLIC: BACKGROUND INFORMATION AND DATA</subfield>
    </datafield>
    <datafield tag="269" ind1=" " ind2=" ">
        <subfield code="a">19890625</subfield>
    </datafield>
    <datafield tag="650" ind1=" " ind2=" ">
        <subfield code="a">YEMEN</subfield>
        <subfield code="0">(DHLAUTH)273521</subfield>
    </datafield>
    <datafield tag="650" ind1=" " ind2=" ">
        <subfield code="a">DATA BANKS</subfield>
        <subfield code="0">(DHLAUTH)275123</subfield>
    </datafield>
    <datafield tag="650" ind1=" " ind2=" ">
        <subfield code="a">SAMPLING</subfield>
        <subfield code="0">(DHLAUTH)270203</subfield>
    </datafield>
    <datafield tag="650" ind1=" " ind2=" ">
        <subfield code="a">FINANCIAL ASPECTS</subfield>
        <subfield code="0">(DHLAUTH)275767</subfield>
    </datafield>
    <datafield tag="650" ind1=" " ind2=" ">
        <subfield code="a">ECONOMIC ANALYSIS</subfield>
        <subfield code="0">(DHLAUTH)269649</subfield>
    </datafield>
</record>
<record>
    <datafield tag="191" ind1=" " ind2=" ">
        <subfield code="a">E/ESCWA/AGR/88/2</subfield>
    </datafield>
    <datafield tag="245" ind1=" " ind2=" ">
        <subfield code="a">NATIONAL PLAN OF ACTION TO COMBAT DESERTIFICATION IN THE YEMEN ARAB REPUBLIC</subfield>
    </datafield>
    <datafield tag="246" ind1=" " ind2=" ">
        <subfield code="a">خطة العمل القومية لمكافحة التصحر في الجمهورية العربية اليمنية</subfield>
    </datafield>
    <datafield tag="269" ind1=" " ind2=" ">
        <subfield code="a">19880814</subfield>
    </datafield>
    <datafield tag="650" ind1=" " ind2=" ">
        <subfield code="a">PROGRAMMES OF ACTION</subfield>
        <subfield code="0">(DHLAUTH)275777</subfield>
    </datafield>
    <datafield tag="650" ind1=" " ind2=" ">
        <subfield code="a">NATURAL RESOURCES</subfield>
        <subfield code="0">(DHLAUTH)270548</subfield>
    </datafield>
    <datafield tag="650" ind1=" " ind2=" ">
        <subfield code="a">INSTITUTION BUILDING</subfield>
        <subfield code="0">(DHLAUTH)269946</subfield>
    </datafield>
    <datafield tag="650" ind1=" " ind2=" ">
        <subfield code="a">YEMEN</subfield>
        <subfield code="0">(DHLAUTH)273521</subfield>
    </datafield>
    <datafield tag="650" ind1=" " ind2=" ">
        <subfield code="a">DESERTIFICATION</subfield>
        <subfield code="0">(DHLAUTH)270641</subfield>
    </datafield>
</record>
<record>
    <datafield tag="191" ind1=" " ind2=" ">
        <subfield code="a">E/ESCWA/AGR/88/3</subfield>
    </datafield>
    <datafield tag="246" ind1=" " ind2=" ">
        <subfield code="a">مقترحات بشأن أسس ومنهجية التخطيط الزراعي والغذائي في دولة الكويت</subfield>
    </datafield>
    <datafield tag="269" ind1=" " ind2=" ">
        <subfield code="a">19880804</subfield>
    </datafield>
    <datafield tag="650" ind1=" " ind2=" ">
        <subfield code="a">AGRICULTURAL DEVELOPMENT</subfield>
        <subfield code="0">(DHLAUTH)269917</subfield>
    </datafield>
    <datafield tag="650" ind1=" " ind2=" ">
        <subfield code="a">FOOD SECURITY</subfield>
        <subfield code="0">(DHLAUTH)273653</subfield>
    </datafield>
    <datafield tag="650" ind1=" " ind2=" ">
        <subfield code="a">AGRICULTURAL PLANNING</subfield>
        <subfield code="0">(DHLAUTH)269924</subfield>
    </datafield>
    <datafield tag="650" ind1=" " ind2=" ">
        <subfield code="a">KUWAIT</subfield>
        <subfield code="0">(DHLAUTH)273384</subfield>
    </datafield>
    <datafield tag="650" ind1=" " ind2=" ">
        <subfield code="a">WESTERN ASIA</subfield>
        <subfield code="0">(DHLAUTH)275490</subfield>
    </datafield>
</record>
<record>
    <datafield tag="191" ind1=" " ind2=" ">
        <subfield code="a">E/ESCWA/AGR/88/4</subfield>
    </datafield>
    <datafield tag="246" ind1=" " ind2=" ">
        <subfield code="a">بعض جوانب إقتصاديات الحليب الخام : الواقع والآفاق المستقبلية للفجوة في إنتاج الحليب الخام في العالم العربي</subfield>
    </datafield>
    <datafield tag="269" ind1=" " ind2=" ">
        <subfield code="a">19880919</subfield>
    </datafield>
    <datafield tag="650" ind1=" " ind2=" ">
        <subfield code="a">FOOD SECURITY</subfield>
        <subfield code="0">(DHLAUTH)273653</subfield>
    </datafield>
    <datafield tag="650" ind1=" " ind2=" ">
        <subfield code="a">ECONOMIC GAP</subfield>
        <subfield code="0">(DHLAUTH)269845</subfield>
    </datafield>
    <datafield tag="650" ind1=" " ind2=" ">
        <subfield code="a">AGRICULTURAL PRODUCTS</subfield>
        <subfield code="0">(DHLAUTH)270579</subfield>
    </datafield>
    <datafield tag="650" ind1=" " ind2=" ">
        <subfield code="a">ARAB COUNTRIES</subfield>
        <subfield code="0">(DHLAUTH)268705</subfield>
    </datafield>
    <datafield tag="650" ind1=" " ind2=" ">
        <subfield code="a">MILK</subfield>
        <subfield code="0">(DHLAUTH)271647</subfield>
    </datafield>
    <datafield tag="650" ind1=" " ind2=" ">
        <subfield code="a">BALANCE OF TRADE</subfield>
        <subfield code="0">(DHLAUTH)272810</subfield>
    </datafield>
    <datafield tag="650" ind1=" " ind2=" ">
        <subfield code="a">WESTERN ASIA</subfield>
        <subfield code="0">(DHLAUTH)275490</subfield>
    </datafield>
</record>
<record>
    <datafield tag="191" ind1=" " ind2=" ">
        <subfield code="a">E/ESCWA/AGR/88/5</subfield>
    </datafield>
    <datafield tag="245" ind1=" " ind2=" ">
        <subfield code="a">INTERNATIONAL CONSULTATION OF ENVIRONMENT, SUSTAINABLE AGRICULTURAL DEVELOPMENT AND THE ROLE OF SMALL FARMERS. 11-13 OCTOBER 1988 IFAD ROME. ENVIRONMENT, SUSTAINABLE AGRICULTURE DEVELOPMENTS AND THE ROLE OF SMALL FARMERS.</subfield>
    </datafield>
    <datafield tag="269" ind1=" " ind2=" ">
        <subfield code="a">19881006</subfield>
    </datafield>
    <datafield tag="650" ind1=" " ind2=" ">
        <subfield code="a">SUSTAINABLE AGRICULTURE</subfield>
        <subfield code="0">(DHLAUTH)270600</subfield>
    </datafield>
    <datafield tag="650" ind1=" " ind2=" ">
        <subfield code="a">AGRICULTURAL DEVELOPMENT</subfield>
        <subfield code="0">(DHLAUTH)269917</subfield>
    </datafield>
    <datafield tag="650" ind1=" " ind2=" ">
        <subfield code="a">ENVIRONMENTAL DEGRADATION</subfield>
        <subfield code="0">(DHLAUTH)270632</subfield>
    </datafield>
    <datafield tag="650" ind1=" " ind2=" ">
        <subfield code="a">SMALL FARMS</subfield>
        <subfield code="0">(DHLAUTH)271421</subfield>
    </datafield>
    <datafield tag="650" ind1=" " ind2=" ">
        <subfield code="a">PUBLIC INSTITUTIONS</subfield>
        <subfield code="0">(DHLAUTH)269948</subfield>
    </datafield>
    <datafield tag="650" ind1=" " ind2=" ">
        <subfield code="a">WESTERN ASIA</subfield>
        <subfield code="0">(DHLAUTH)275490</subfield>
    </datafield>
</record>
<record>
    <datafield tag="191" ind1=" " ind2=" ">
        <subfield code="a">E/ESCWA/AGR/88/6</subfield>
    </datafield>
    <datafield tag="246" ind1=" " ind2=" ">
        <subfield code="a">المرتكزات الأساسية لتنمية الصناعات الزراعية الغذائية في منطقة غربي آسيا: دراسة مقدمة الى المؤتمر الثاني للامن الغذائي والصناعات الغذائية في منطقة الخليج والجزيرة العربية, الشارقة, 17-23 كانون الاول 1988</subfield>
    </datafield>
    <datafield tag="269" ind1=" " ind2=" ">
        <subfield code="a">19881212</subfield>
    </datafield>
    <datafield tag="650" ind1=" " ind2=" ">
        <subfield code="a">FOOD SECURITY</subfield>
        <subfield code="0">(DHLAUTH)273653</subfield>
    </datafield>
    <datafield tag="650" ind1=" " ind2=" ">
        <subfield code="a">FOOD INDUSTRY</subfield>
        <subfield code="0">(DHLAUTH)271313</subfield>
    </datafield>
    <datafield tag="650" ind1=" " ind2=" ">
        <subfield code="a">AGRICULTURAL PRODUCTION</subfield>
        <subfield code="0">(DHLAUTH)269670</subfield>
    </datafield>
    <datafield tag="650" ind1=" " ind2=" ">
        <subfield code="a">AGRICULTURAL PRODUCTS</subfield>
        <subfield code="0">(DHLAUTH)270579</subfield>
    </datafield>
    <datafield tag="650" ind1=" " ind2=" ">
        <subfield code="a">AGRICULTURAL POLICY</subfield>
        <subfield code="0">(DHLAUTH)269929</subfield>
    </datafield>
    <datafield tag="650" ind1=" " ind2=" ">
        <subfield code="a">INDUSTRIAL POLICY</subfield>
        <subfield code="0">(DHLAUTH)269933</subfield>
    </datafield>
    <datafield tag="650" ind1=" " ind2=" ">
        <subfield code="a">PROTECTIONISM</subfield>
        <subfield code="0">(DHLAUTH)269100</subfield>
    </datafield>
    <datafield tag="650" ind1=" " ind2=" ">
        <subfield code="a">CONFERENCES</subfield>
        <subfield code="0">(DHLAUTH)275758</subfield>
    </datafield>
    <datafield tag="650" ind1=" " ind2=" ">
        <subfield code="a">WESTERN ASIA</subfield>
        <subfield code="0">(DHLAUTH)275490</subfield>
    </datafield>
</record>
<record>
    <datafield tag="191" ind1=" " ind2=" ">
        <subfield code="a">E/ESCWA/AGR/89/10</subfield>
    </datafield>
    <datafield tag="246" ind1=" " ind2=" ">
        <subfield code="a">الحالة الراهنة للتسويق الزراعي في أقطار مجلس التعاون العربي ومجالات تطويرة : الجمهورية العربية اليمنية</subfield>
    </datafield>
    <datafield tag="269" ind1=" " ind2=" ">
        <subfield code="a">19891214</subfield>
    </datafield>
    <datafield tag="650" ind1=" " ind2=" ">
        <subfield code="a">TRANSPORT</subfield>
        <subfield code="0">(DHLAUTH)272243</subfield>
    </datafield>
    <datafield tag="650" ind1=" " ind2=" ">
        <subfield code="a">AGRICULTURAL PRODUCTION</subfield>
        <subfield code="0">(DHLAUTH)269670</subfield>
    </datafield>
    <datafield tag="650" ind1=" " ind2=" ">
        <subfield code="a">AGRICULTURAL PRODUCTS</subfield>
        <subfield code="0">(DHLAUTH)270579</subfield>
    </datafield>
    <datafield tag="650" ind1=" " ind2=" ">
        <subfield code="a">AGRICULTURAL PRICES</subfield>
        <subfield code="0">(DHLAUTH)271329</subfield>
    </datafield>
</record>
<record>
    <datafield tag="191" ind1=" " ind2=" ">
        <subfield code="a">E/ESCWA/AGR/89/12</subfield>
    </datafield>
    <datafield tag="246" ind1=" " ind2=" ">
        <subfield code="a">مشروع تطوير نظم التخطيط الزراعي وتنسيقها بين أقطار مجلس التعاون العربي</subfield>
    </datafield>
    <datafield tag="269" ind1=" " ind2=" ">
        <subfield code="a">19891227</subfield>
    </datafield>
    <datafield tag="650" ind1=" " ind2=" ">
        <subfield code="a">AGRICULTURAL PLANNING</subfield>
        <subfield code="0">(DHLAUTH)269924</subfield>
    </datafield>
</record>
<record>
    <datafield tag="191" ind1=" " ind2=" ">
        <subfield code="a">E/ESCWA/AGR/89/13</subfield>
    </datafield>
    <datafield tag="246" ind1=" " ind2=" ">
        <subfield code="a">الحالة الراهنة للتسويق الزراعي في أقطار مجلس التعاون العربي ومجالات تطويره : جمهورية مصر العربية</subfield>
    </datafield>
    <datafield tag="269" ind1=" " ind2=" ">
        <subfield code="a">19900115</subfield>
    </datafield>
    <datafield tag="650" ind1=" " ind2=" ">
        <subfield code="a">AGRICULTURAL PRODUCTION</subfield>
        <subfield code="0">(DHLAUTH)269670</subfield>
    </datafield>
    <datafield tag="650" ind1=" " ind2=" ">
        <subfield code="a">AGRICULTURAL PRODUCTS</subfield>
        <subfield code="0">(DHLAUTH)270579</subfield>
    </datafield>
    <datafield tag="650" ind1=" " ind2=" ">
        <subfield code="a">EGYPT</subfield>
        <subfield code="0">(DHLAUTH)273328</subfield>
    </datafield>
    <datafield tag="650" ind1=" " ind2=" ">
        <subfield code="a">FOOD CONSUMPTION</subfield>
        <subfield code="0">(DHLAUTH)269579</subfield>
    </datafield>
    <datafield tag="650" ind1=" " ind2=" ">
        <subfield code="a">AGRICULTURAL PRICES</subfield>
        <subfield code="0">(DHLAUTH)271329</subfield>
    </datafield>
</record>
<record>
    <datafield tag="191" ind1=" " ind2=" ">
        <subfield code="a">E/ESCWA/AGR/89/1/REV.1</subfield>
    </datafield>
    <datafield tag="245" ind1=" " ind2=" ">
        <subfield code="a">DASI COMPUTER PROGRAM FOR AGRICULTURAL PROJECT ANALYSIS. USER GUIDE NGAMO EXERCISES D1</subfield>
    </datafield>
    <datafield tag="269" ind1=" " ind2=" ">
        <subfield code="a">19900725</subfield>
    </datafield>
    <datafield tag="650" ind1=" " ind2=" ">
        <subfield code="a">DATA COLLECTION</subfield>
        <subfield code="0">(DHLAUTH)270174</subfield>
    </datafield>
    <datafield tag="650" ind1=" " ind2=" ">
        <subfield code="a">DATA BANKS</subfield>
        <subfield code="0">(DHLAUTH)275123</subfield>
    </datafield>
    <datafield tag="650" ind1=" " ind2=" ">
        <subfield code="a">COMPUTER PROGRAMS</subfield>
        <subfield code="0">(DHLAUTH)275242</subfield>
    </datafield>
</record>
<record>
    <datafield tag="191" ind1=" " ind2=" ">
        <subfield code="a">E/ESCWA/AGR/89/2/REV.1</subfield>
    </datafield>
    <datafield tag="245" ind1=" " ind2=" ">
        <subfield code="a">DASI COMPUTER PROGRAM FOR AGRICULTURAL PROJECT ANALYSIS. NGAMO EXERCISES SOLUTIONS D2</subfield>
    </datafield>
    <datafield tag="269" ind1=" " ind2=" ">
        <subfield code="a">19900725</subfield>
    </datafield>
    <datafield tag="650" ind1=" " ind2=" ">
        <subfield code="a">DATA COLLECTION</subfield>
        <subfield code="0">(DHLAUTH)270174</subfield>
    </datafield>
    <datafield tag="650" ind1=" " ind2=" ">
        <subfield code="a">DATA BANKS</subfield>
        <subfield code="0">(DHLAUTH)275123</subfield>
    </datafield>
    <datafield tag="650" ind1=" " ind2=" ">
        <subfield code="a">COMPUTER PROGRAMS</subfield>
        <subfield code="0">(DHLAUTH)275242</subfield>
    </datafield>
</record>
<record>
    <datafield tag="191" ind1=" " ind2=" ">
        <subfield code="a">E/ESCWA/AGR/89/4</subfield>
    </datafield>
    <datafield tag="245" ind1=" " ind2=" ">
        <subfield code="a">REPORT TO THE COMMISSION ON TRAINING IN AGRICULTURAL PLANNING AND PROJECT ANALYSIS</subfield>
    </datafield>
    <datafield tag="269" ind1=" " ind2=" ">
        <subfield code="a">19891127</subfield>
    </datafield>
    <datafield tag="650" ind1=" " ind2=" ">
        <subfield code="a">COOPERATION BETWEEN ORGANIZATIONS</subfield>
        <subfield code="0">(DHLAUTH)268652</subfield>
    </datafield>
    <datafield tag="650" ind1=" " ind2=" ">
        <subfield code="a">AGRICULTURAL TRAINING</subfield>
        <subfield code="0">(DHLAUTH)271334</subfield>
    </datafield>
    <datafield tag="650" ind1=" " ind2=" ">
        <subfield code="a">ACTIVITIES</subfield>
        <subfield code="0">(DHLAUTH)275823</subfield>
    </datafield>
    <datafield tag="650" ind1=" " ind2=" ">
        <subfield code="a">AGRICULTURAL PLANNING</subfield>
        <subfield code="0">(DHLAUTH)269924</subfield>
    </datafield>
</record>
<record>
    <datafield tag="191" ind1=" " ind2=" ">
        <subfield code="a">E/ESCWA/AGR/89/5</subfield>
    </datafield>
    <datafield tag="246" ind1=" " ind2=" ">
        <subfield code="a">خطة العمل لمكافحة التصحر في العراق</subfield>
    </datafield>
    <datafield tag="269" ind1=" " ind2=" ">
        <subfield code="a">19891213</subfield>
    </datafield>
    <datafield tag="650" ind1=" " ind2=" ">
        <subfield code="a">IRAQ</subfield>
        <subfield code="0">(DHLAUTH)273370</subfield>
    </datafield>
    <datafield tag="650" ind1=" " ind2=" ">
        <subfield code="a">ENVIRONMENT</subfield>
        <subfield code="0">(DHLAUTH)270627</subfield>
    </datafield>
    <datafield tag="650" ind1=" " ind2=" ">
        <subfield code="a">DESERTIFICATION</subfield>
        <subfield code="0">(DHLAUTH)270641</subfield>
    </datafield>
    <datafield tag="650" ind1=" " ind2=" ">
        <subfield code="a">WATER RESOURCES</subfield>
        <subfield code="0">(DHLAUTH)270568</subfield>
    </datafield>
    <datafield tag="650" ind1=" " ind2=" ">
        <subfield code="a">FORESTS</subfield>
        <subfield code="0">(DHLAUTH)270765</subfield>
    </datafield>
    <datafield tag="650" ind1=" " ind2=" ">
        <subfield code="a">CLIMATE</subfield>
        <subfield code="0">(DHLAUTH)275342</subfield>
    </datafield>
</record>
<record>
    <datafield tag="191" ind1=" " ind2=" ">
        <subfield code="a">E/ESCWA/AGR/89/6</subfield>
    </datafield>
    <datafield tag="246" ind1=" " ind2=" ">
        <subfield code="a">التنمية الريفية في العراق الدروس المستفادة</subfield>
    </datafield>
    <datafield tag="269" ind1=" " ind2=" ">
        <subfield code="a">19891217</subfield>
    </datafield>
    <datafield tag="650" ind1=" " ind2=" ">
        <subfield code="a">IRAQ</subfield>
        <subfield code="0">(DHLAUTH)273370</subfield>
    </datafield>
    <datafield tag="650" ind1=" " ind2=" ">
        <subfield code="a">RECOMMENDATIONS</subfield>
        <subfield code="0">(DHLAUTH)275840</subfield>
    </datafield>
    <datafield tag="650" ind1=" " ind2=" ">
        <subfield code="a">NATURAL RESOURCES</subfield>
        <subfield code="0">(DHLAUTH)270548</subfield>
    </datafield>
    <datafield tag="650" ind1=" " ind2=" ">
        <subfield code="a">DEVELOPMENT POLICY</subfield>
        <subfield code="0">(DHLAUTH)269893</subfield>
    </datafield>
    <datafield tag="650" ind1=" " ind2=" ">
        <subfield code="a">RURAL DEVELOPMENT</subfield>
        <subfield code="0">(DHLAUTH)269872</subfield>
    </datafield>
    <datafield tag="650" ind1=" " ind2=" ">
        <subfield code="a">AGRARIAN REFORM</subfield>
        <subfield code="0">(DHLAUTH)268457</subfield>
    </datafield>
    <datafield tag="650" ind1=" " ind2=" ">
        <subfield code="a">AGRICULTURAL MECHANIZATION</subfield>
        <subfield code="0">(DHLAUTH)271327</subfield>
    </datafield>
</record>
<record>
    <datafield tag="191" ind1=" " ind2=" ">
        <subfield code="a">E/ESCWA/ASD/2009/1</subfield>
    </datafield>
    <datafield tag="245" ind1=" " ind2=" ">
        <subfield code="a">ADMINISTRATIVE SERVICES DIVISION, ANNUAL REPORT 2008</subfield>
    </datafield>
    <datafield tag="269" ind1=" " ind2=" ">
        <subfield code="a">20090701</subfield>
    </datafield>
    <datafield tag="650" ind1=" " ind2=" ">
        <subfield code="a">HUMAN RESOURCES</subfield>
        <subfield code="0">(DHLAUTH)270571</subfield>
    </datafield>
    <datafield tag="650" ind1=" " ind2=" ">
        <subfield code="a">ADMINISTRATION</subfield>
        <subfield code="0">(DHLAUTH)270038</subfield>
    </datafield>
    <datafield tag="650" ind1=" " ind2=" ">
        <subfield code="a">INFORMATION CENTRES</subfield>
        <subfield code="0">(DHLAUTH)275071</subfield>
    </datafield>
    <datafield tag="650" ind1=" " ind2=" ">
        <subfield code="a">PURCHASING</subfield>
        <subfield code="0">(DHLAUTH)270017</subfield>
    </datafield>
    <datafield tag="650" ind1=" " ind2=" ">
        <subfield code="a">SECURITIES</subfield>
        <subfield code="0">(DHLAUTH)270358</subfield>
    </datafield>
    <datafield tag="650" ind1=" " ind2=" ">
        <subfield code="a">BUDGET</subfield>
        <subfield code="0">(DHLAUTH)270085</subfield>
    </datafield>
    <datafield tag="650" ind1=" " ind2=" ">
        <subfield code="a">FINANCING</subfield>
        <subfield code="0">(DHLAUTH)10479</subfield>
    </datafield>
</record>
<record>
    <datafield tag="191" ind1=" " ind2=" ">
        <subfield code="a">E/ESCWA/CAB/1997/1</subfield>
    </datafield>
    <datafield tag="245" ind1=" " ind2=" ">
        <subfield code="a">REPORT OF THE MEETING OF EMINENT PERSONS ON THE ROLE AND THE FUTURE OF THE ECONOMIC AND SOCIAL COMMISSION FOR WESTERN ASIA AMMAN, 18-19 DEC 1996 = تقرير ندوة القيادات الفكرية عن دور و مستقبل اللجنة الاقتصادية الاجتماعية لغربي آسيا</subfield>
    </datafield>
    <datafield tag="269" ind1=" " ind2=" ">
        <subfield code="a">19970102</subfield>
    </datafield>
    <datafield tag="650" ind1=" " ind2=" ">
        <subfield code="a">WORK ORGANIZATION</subfield>
        <subfield code="0">(DHLAUTH)275746</subfield>
    </datafield>
    <datafield tag="650" ind1=" " ind2=" ">
        <subfield code="a">WESTERN ASIA</subfield>
        <subfield code="0">(DHLAUTH)275490</subfield>
    </datafield>
    <datafield tag="650" ind1=" " ind2=" ">
        <subfield code="a">ENVIRONMENT</subfield>
        <subfield code="0">(DHLAUTH)270627</subfield>
    </datafield>
    <datafield tag="650" ind1=" " ind2=" ">
        <subfield code="a">REGIONAL DEVELOPMENT</subfield>
        <subfield code="0">(DHLAUTH)269690</subfield>
    </datafield>
    <datafield tag="650" ind1=" " ind2=" ">
        <subfield code="a">HUMAN DEVELOPMENT</subfield>
        <subfield code="0">(DHLAUTH)276688</subfield>
    </datafield>
    <datafield tag="650" ind1=" " ind2=" ">
        <subfield code="a">MIDDLE EAST</subfield>
        <subfield code="0">(DHLAUTH)10135</subfield>
    </datafield>
    <datafield tag="650" ind1=" " ind2=" ">
        <subfield code="a">ACTIVITIES</subfield>
        <subfield code="0">(DHLAUTH)275823</subfield>
    </datafield>
    <datafield tag="650" ind1=" " ind2=" ">
        <subfield code="a">INTERNATIONAL RELATIONS</subfield>
        <subfield code="0">(DHLAUTH)268558</subfield>
    </datafield>
    <datafield tag="650" ind1=" " ind2=" ">
        <subfield code="a">REGIONAL ORGANIZATIONS</subfield>
        <subfield code="0">(DHLAUTH)268718</subfield>
    </datafield>
    <datafield tag="650" ind1=" " ind2=" ">
        <subfield code="a">IDENTIFICATION CARDS</subfield>
        <subfield code="0">(DHLAUTH)275963</subfield>
    </datafield>
    <datafield tag="650" ind1=" " ind2=" ">
        <subfield code="a">ARABS</subfield>
        <subfield code="0">(DHLAUTH)273264</subfield>
    </datafield>
    <datafield tag="650" ind1=" " ind2=" ">
        <subfield code="a">AGENDA</subfield>
        <subfield code="0">(DHLAUTH)275133</subfield>
    </datafield>
</record>
<record>
    <datafield tag="191" ind1=" " ind2=" ">
        <subfield code="a">E/ESCWA/CSS/1993/1/REV.2</subfield>
    </datafield>
    <datafield tag="245" ind1=" " ind2=" ">
        <subfield code="a">PROVISIONAL CALENDAR OF MEETINGS 1993</subfield>
    </datafield>
    <datafield tag="246" ind1=" " ind2=" ">
        <subfield code="a">قائمة مؤقتة باجتماعات عام 1993</subfield>
    </datafield>
    <datafield tag="269" ind1=" " ind2=" ">
        <subfield code="a">19930623</subfield>
    </datafield>
    <datafield tag="650" ind1=" " ind2=" ">
        <subfield code="a">CALENDAR OF MEETINGS</subfield>
        <subfield code="0">(DHLAUTH)275757</subfield>
    </datafield>
    <datafield tag="650" ind1=" " ind2=" ">
        <subfield code="a">WESTERN ASIA</subfield>
        <subfield code="0">(DHLAUTH)275490</subfield>
    </datafield>
    <datafield tag="650" ind1=" " ind2=" ">
        <subfield code="a">CONFERENCES</subfield>
        <subfield code="0">(DHLAUTH)275758</subfield>
    </datafield>
</record>
<record>
    <datafield tag="191" ind1=" " ind2=" ">
        <subfield code="a">E/ESCWA/CSS/1994/1</subfield>
    </datafield>
    <datafield tag="245" ind1=" " ind2=" ">
        <subfield code="a">PROVISIONAL CALENDAR OF MEETINGS 1994</subfield>
    </datafield>
    <datafield tag="246" ind1=" " ind2=" ">
        <subfield code="a">قائمة مؤقتة باجتماعات عام 1994</subfield>
    </datafield>
    <datafield tag="269" ind1=" " ind2=" ">
        <subfield code="a">19940308</subfield>
    </datafield>
    <datafield tag="650" ind1=" " ind2=" ">
        <subfield code="a">CALENDAR OF MEETINGS</subfield>
        <subfield code="0">(DHLAUTH)275757</subfield>
    </datafield>
    <datafield tag="650" ind1=" " ind2=" ">
        <subfield code="a">WESTERN ASIA</subfield>
        <subfield code="0">(DHLAUTH)275490</subfield>
    </datafield>
    <datafield tag="650" ind1=" " ind2=" ">
        <subfield code="a">CONFERENCES</subfield>
        <subfield code="0">(DHLAUTH)275758</subfield>
    </datafield>
</record>
<record>
    <datafield tag="191" ind1=" " ind2=" ">
        <subfield code="a">E/ESCWA/CSS/1998/1</subfield>
    </datafield>
    <datafield tag="245" ind1=" " ind2=" ">
        <subfield code="a">PROVISIONAL CALENDAR OF MEETINGS IN 1998</subfield>
    </datafield>
    <datafield tag="246" ind1=" " ind2=" ">
        <subfield code="a">قائمة مؤقتة باجتماعات عام 1998</subfield>
    </datafield>
    <datafield tag="269" ind1=" " ind2=" ">
        <subfield code="a">19980831</subfield>
    </datafield>
    <datafield tag="650" ind1=" " ind2=" ">
        <subfield code="a">WESTERN ASIA</subfield>
        <subfield code="0">(DHLAUTH)275490</subfield>
    </datafield>
    <datafield tag="650" ind1=" " ind2=" ">
        <subfield code="a">CALENDAR OF MEETINGS</subfield>
        <subfield code="0">(DHLAUTH)275757</subfield>
    </datafield>
    <datafield tag="650" ind1=" " ind2=" ">
        <subfield code="a">CONFERENCES</subfield>
        <subfield code="0">(DHLAUTH)275758</subfield>
    </datafield>
</record>
<record>
    <datafield tag="191" ind1=" " ind2=" ">
        <subfield code="a">E/ESCWA/CSS/2001/1</subfield>
    </datafield>
    <datafield tag="245" ind1=" " ind2=" ">
        <subfield code="a">CALENDAR OF MEETINGS IN 2001</subfield>
    </datafield>
    <datafield tag="246" ind1=" " ind2=" ">
        <subfield code="a">قائمة باجتماعات عام 2001</subfield>
    </datafield>
    <datafield tag="269" ind1=" " ind2=" ">
        <subfield code="a">20011201</subfield>
    </datafield>
    <datafield tag="650" ind1=" " ind2=" ">
        <subfield code="a">CALENDAR OF MEETINGS</subfield>
        <subfield code="0">(DHLAUTH)275757</subfield>
    </datafield>
    <datafield tag="650" ind1=" " ind2=" ">
        <subfield code="a">WESTERN ASIA</subfield>
        <subfield code="0">(DHLAUTH)275490</subfield>
    </datafield>
    <datafield tag="650" ind1=" " ind2=" ">
        <subfield code="a">CONFERENCES</subfield>
        <subfield code="0">(DHLAUTH)275758</subfield>
    </datafield>
</record>
<record>
    <datafield tag="191" ind1=" " ind2=" ">
        <subfield code="a">E/ESCWA/CSS/2003/2</subfield>
    </datafield>
    <datafield tag="245" ind1=" " ind2=" ">
        <subfield code="a">GUIDE TO ESCWA CONFERENCE AND PUBLISHING SERVICES</subfield>
    </datafield>
    <datafield tag="246" ind1=" " ind2=" ">
        <subfield code="a">الاسكوا: دليل تنظيم المؤتمرات ونشر المطبوعات</subfield>
    </datafield>
    <datafield tag="269" ind1=" " ind2=" ">
        <subfield code="a">20030401</subfield>
    </datafield>
    <datafield tag="650" ind1=" " ind2=" ">
        <subfield code="a">GUIDELINES</subfield>
        <subfield code="0">(DHLAUTH)275775</subfield>
    </datafield>
    <datafield tag="650" ind1=" " ind2=" ">
        <subfield code="a">DOCUMENTS</subfield>
        <subfield code="0">(DHLAUTH)270014</subfield>
    </datafield>
    <datafield tag="650" ind1=" " ind2=" ">
        <subfield code="a">PUBLICATIONS</subfield>
        <subfield code="0">(DHLAUTH)270013</subfield>
    </datafield>
    <datafield tag="650" ind1=" " ind2=" ">
        <subfield code="a">WESTERN ASIA</subfield>
        <subfield code="0">(DHLAUTH)275490</subfield>
    </datafield>
</record>
<record>
    <datafield tag="191" ind1=" " ind2=" ">
        <subfield code="a">E/ESCWA/CSS/2003/2/REV.1</subfield>
    </datafield>
    <datafield tag="245" ind1=" " ind2=" ">
        <subfield code="a">GUIDE TO ESCWA CONFERENCE AND PUBLISHING SERVICES</subfield>
    </datafield>
    <datafield tag="269" ind1=" " ind2=" ">
        <subfield code="a">20040601</subfield>
    </datafield>
    <datafield tag="650" ind1=" " ind2=" ">
        <subfield code="a">GUIDELINES</subfield>
        <subfield code="0">(DHLAUTH)275775</subfield>
    </datafield>
    <datafield tag="650" ind1=" " ind2=" ">
        <subfield code="a">DOCUMENTS</subfield>
        <subfield code="0">(DHLAUTH)270014</subfield>
    </datafield>
    <datafield tag="650" ind1=" " ind2=" ">
        <subfield code="a">PUBLICATIONS</subfield>
        <subfield code="0">(DHLAUTH)270013</subfield>
    </datafield>
    <datafield tag="650" ind1=" " ind2=" ">
        <subfield code="a">CONFERENCES</subfield>
        <subfield code="0">(DHLAUTH)275758</subfield>
    </datafield>
    <datafield tag="650" ind1=" " ind2=" ">
        <subfield code="a">WESTERN ASIA</subfield>
        <subfield code="0">(DHLAUTH)275490</subfield>
    </datafield>
</record>
<record>
    <datafield tag="191" ind1=" " ind2=" ">
        <subfield code="a">E/ESCWA/CSS/2004/1/REV.1</subfield>
    </datafield>
    <datafield tag="245" ind1=" " ind2=" ">
        <subfield code="a">CALENDAR OF ESCWA MEETING HELD IN 2004</subfield>
    </datafield>
    <datafield tag="269" ind1=" " ind2=" ">
        <subfield code="a">20050301</subfield>
    </datafield>
    <datafield tag="650" ind1=" " ind2=" ">
        <subfield code="a">CONFERENCES</subfield>
        <subfield code="0">(DHLAUTH)275758</subfield>
    </datafield>
    <datafield tag="650" ind1=" " ind2=" ">
        <subfield code="a">WESTERN ASIA</subfield>
        <subfield code="0">(DHLAUTH)275490</subfield>
    </datafield>
</record>
<record>
    <datafield tag="191" ind1=" " ind2=" ">
        <subfield code="a">E/ESCWA/CSS/2005/1</subfield>
    </datafield>
    <datafield tag="245" ind1=" " ind2=" ">
        <subfield code="a">CALENDAR OF ESCWA MEETINGS IN 2005</subfield>
    </datafield>
    <datafield tag="246" ind1=" " ind2=" ">
        <subfield code="a">قائمة اجتماعات الاسكوا لعام 2005</subfield>
    </datafield>
    <datafield tag="269" ind1=" " ind2=" ">
        <subfield code="a">20050301</subfield>
    </datafield>
    <datafield tag="650" ind1=" " ind2=" ">
        <subfield code="a">CONFERENCES</subfield>
        <subfield code="0">(DHLAUTH)275758</subfield>
    </datafield>
    <datafield tag="650" ind1=" " ind2=" ">
        <subfield code="a">WESTERN ASIA</subfield>
        <subfield code="0">(DHLAUTH)275490</subfield>
    </datafield>
    <datafield tag="650" ind1=" " ind2=" ">
        <subfield code="a">CALENDAR OF MEETINGS</subfield>
        <subfield code="0">(DHLAUTH)275757</subfield>
    </datafield>
</record>
<record>
    <datafield tag="191" ind1=" " ind2=" ">
        <subfield code="a">E/ESCWA/CSS/2005/1/REV.2</subfield>
    </datafield>
    <datafield tag="245" ind1=" " ind2=" ">
        <subfield code="a">CALENDAR OF ESCWA MEETINGS HELD IN 2005</subfield>
    </datafield>
    <datafield tag="246" ind1=" " ind2=" ">
        <subfield code="a">قائمة اجتماعات الاسكوا لعام 2005</subfield>
    </datafield>
    <datafield tag="269" ind1=" " ind2=" ">
        <subfield code="a">20050301</subfield>
    </datafield>
    <datafield tag="650" ind1=" " ind2=" ">
        <subfield code="a">CONFERENCES</subfield>
        <subfield code="0">(DHLAUTH)275758</subfield>
    </datafield>
    <datafield tag="650" ind1=" " ind2=" ">
        <subfield code="a">WESTERN ASIA</subfield>
        <subfield code="0">(DHLAUTH)275490</subfield>
    </datafield>
    <datafield tag="650" ind1=" " ind2=" ">
        <subfield code="a">CALENDAR OF MEETINGS</subfield>
        <subfield code="0">(DHLAUTH)275757</subfield>
    </datafield>
</record>
<record>
    <datafield tag="191" ind1=" " ind2=" ">
        <subfield code="a">E/ESCWA/CSS/2006/1</subfield>
    </datafield>
    <datafield tag="245" ind1=" " ind2=" ">
        <subfield code="a">CALENDAR OF ESCWA MEETINGS HELD IN 2006</subfield>
    </datafield>
    <datafield tag="246" ind1=" " ind2=" ">
        <subfield code="a">قائمة اجتماعات الاسكوا لعام 2006</subfield>
    </datafield>
    <datafield tag="269" ind1=" " ind2=" ">
        <subfield code="a">20070101</subfield>
    </datafield>
    <datafield tag="650" ind1=" " ind2=" ">
        <subfield code="a">CONFERENCES</subfield>
        <subfield code="0">(DHLAUTH)275758</subfield>
    </datafield>
    <datafield tag="650" ind1=" " ind2=" ">
        <subfield code="a">WESTERN ASIA</subfield>
        <subfield code="0">(DHLAUTH)275490</subfield>
    </datafield>
    <datafield tag="650" ind1=" " ind2=" ">
        <subfield code="a">CALENDAR OF MEETINGS</subfield>
        <subfield code="0">(DHLAUTH)275757</subfield>
    </datafield>
</record>
<record>
    <datafield tag="191" ind1=" " ind2=" ">
        <subfield code="a">E/ESCWA/CSS/2006/1/REV.2</subfield>
    </datafield>
    <datafield tag="245" ind1=" " ind2=" ">
        <subfield code="a">CALENDAR OF ESCWA MEETINGS HELD IN 2006</subfield>
    </datafield>
    <datafield tag="246" ind1=" " ind2=" ">
        <subfield code="a">قائمة اجتماعات الاسكوا لعام 2006</subfield>
    </datafield>
    <datafield tag="269" ind1=" " ind2=" ">
        <subfield code="a">20070301</subfield>
    </datafield>
    <datafield tag="650" ind1=" " ind2=" ">
        <subfield code="a">CONFERENCES</subfield>
        <subfield code="0">(DHLAUTH)275758</subfield>
    </datafield>
    <datafield tag="650" ind1=" " ind2=" ">
        <subfield code="a">WESTERN ASIA</subfield>
        <subfield code="0">(DHLAUTH)275490</subfield>
    </datafield>
    <datafield tag="650" ind1=" " ind2=" ">
        <subfield code="a">CALENDAR OF MEETINGS</subfield>
        <subfield code="0">(DHLAUTH)275757</subfield>
    </datafield>
</record>
<record>
    <datafield tag="191" ind1=" " ind2=" ">
        <subfield code="a">E/ESCWA/CSS/2007/1</subfield>
    </datafield>
    <datafield tag="245" ind1=" " ind2=" ">
        <subfield code="a">ESCWA MEETINGS HELD IN 2007</subfield>
    </datafield>
    <datafield tag="246" ind1=" " ind2=" ">
        <subfield code="a">اجتماعات الاسكوا لعام 2007</subfield>
    </datafield>
    <datafield tag="269" ind1=" " ind2=" ">
        <subfield code="a">20080201</subfield>
    </datafield>
    <datafield tag="650" ind1=" " ind2=" ">
        <subfield code="a">CALENDAR OF MEETINGS</subfield>
        <subfield code="0">(DHLAUTH)275757</subfield>
    </datafield>
    <datafield tag="650" ind1=" " ind2=" ">
        <subfield code="a">CONFERENCES</subfield>
        <subfield code="0">(DHLAUTH)275758</subfield>
    </datafield>
    <datafield tag="650" ind1=" " ind2=" ">
        <subfield code="a">WESTERN ASIA</subfield>
        <subfield code="0">(DHLAUTH)275490</subfield>
    </datafield>
</record>
<record>
    <datafield tag="191" ind1=" " ind2=" ">
        <subfield code="a">E/ESCWA/CSS/2008/2</subfield>
    </datafield>
    <datafield tag="245" ind1=" " ind2=" ">
        <subfield code="a">ESCWA MEETINGS HELD IN 2008</subfield>
    </datafield>
    <datafield tag="246" ind1=" " ind2=" ">
        <subfield code="a">اجتماعات الاسكوا لعام 2008</subfield>
    </datafield>
    <datafield tag="269" ind1=" " ind2=" ">
        <subfield code="a">20090301</subfield>
    </datafield>
    <datafield tag="650" ind1=" " ind2=" ">
        <subfield code="a">CALENDAR OF MEETINGS</subfield>
        <subfield code="0">(DHLAUTH)275757</subfield>
    </datafield>
    <datafield tag="650" ind1=" " ind2=" ">
        <subfield code="a">WESTERN ASIA</subfield>
        <subfield code="0">(DHLAUTH)275490</subfield>
    </datafield>
</record>
<record>
    <datafield tag="191" ind1=" " ind2=" ">
        <subfield code="a">E/ESCWA/CSS/2009/2</subfield>
    </datafield>
    <datafield tag="245" ind1=" " ind2=" ">
        <subfield code="a">ESCWA MEETINGS HELD IN 2009</subfield>
    </datafield>
    <datafield tag="246" ind1=" " ind2=" ">
        <subfield code="a">اجتماعات الاسكوا لعام 2009</subfield>
    </datafield>
    <datafield tag="269" ind1=" " ind2=" ">
        <subfield code="a">20091201</subfield>
    </datafield>
    <datafield tag="650" ind1=" " ind2=" ">
        <subfield code="a">CONFERENCE AND MEETING SERVICES</subfield>
        <subfield code="0">(DHLAUTH)274839</subfield>
    </datafield>
    <datafield tag="650" ind1=" " ind2=" ">
        <subfield code="a">WESTERN ASIA</subfield>
        <subfield code="0">(DHLAUTH)275490</subfield>
    </datafield>
</record>
<record>
    <datafield tag="191" ind1=" " ind2=" ">
        <subfield code="a">E/ESCWA/CSS/2011/1</subfield>
    </datafield>
    <datafield tag="245" ind1=" " ind2=" ">
        <subfield code="a">ESCWA MEETINGS HELD IN 2010</subfield>
    </datafield>
    <datafield tag="246" ind1=" " ind2=" ">
        <subfield code="a">اجتماعات الاسكوا لعام 2010</subfield>
    </datafield>
    <datafield tag="269" ind1=" " ind2=" ">
        <subfield code="a">20110101</subfield>
    </datafield>
    <datafield tag="650" ind1=" " ind2=" ">
        <subfield code="a">WESTERN ASIA</subfield>
        <subfield code="0">(DHLAUTH)275490</subfield>
    </datafield>
    <datafield tag="650" ind1=" " ind2=" ">
        <subfield code="a">CONFERENCES</subfield>
        <subfield code="0">(DHLAUTH)275758</subfield>
    </datafield>
    <datafield tag="650" ind1=" " ind2=" ">
        <subfield code="a">CALENDAR OF MEETINGS</subfield>
        <subfield code="0">(DHLAUTH)275757</subfield>
    </datafield>
</record>
<record>
    <datafield tag="191" ind1=" " ind2=" ">
        <subfield code="a">E/ESCWA/CSS/2016/2</subfield>
    </datafield>
    <datafield tag="245" ind1=" " ind2=" ">
        <subfield code="a">ESCWA PUBLICATIONS CATALOGUE</subfield>
    </datafield>
    <datafield tag="246" ind1=" " ind2=" ">
        <subfield code="a">دليل منشورات الاسكوا </subfield>
    </datafield>
    <datafield tag="269" ind1=" " ind2=" ">
        <subfield code="a">20161201</subfield>
    </datafield>
    <datafield tag="650" ind1=" " ind2=" ">
        <subfield code="a">PUBLICATIONS</subfield>
        <subfield code="0">(DHLAUTH)270013</subfield>
    </datafield>
    <datafield tag="650" ind1=" " ind2=" ">
        <subfield code="a">CATALOGUES</subfield>
        <subfield code="0">(DHLAUTH)275050</subfield>
    </datafield>
    <datafield tag="650" ind1=" " ind2=" ">
        <subfield code="a">REGIONAL COMMISSIONS</subfield>
        <subfield code="0">(DHLAUTH)269969</subfield>
    </datafield>
    <datafield tag="650" ind1=" " ind2=" ">
        <subfield code="a">WESTERN ASIA</subfield>
        <subfield code="0">(DHLAUTH)275490</subfield>
    </datafield>
    <datafield tag="650" ind1=" " ind2=" ">
        <subfield code="a">ECONOMIC DEVELOPMENT</subfield>
        <subfield code="0">(DHLAUTH)269755</subfield>
    </datafield>
    <datafield tag="650" ind1=" " ind2=" ">
        <subfield code="a">SOCIAL DEVELOPMENT</subfield>
        <subfield code="0">(DHLAUTH)269873</subfield>
    </datafield>
    <datafield tag="650" ind1=" " ind2=" ">
        <subfield code="a">SOCIAL DEVELOPMENT</subfield>
        <subfield code="0">(DHLAUTH)269873</subfield>
    </datafield>
</record>
<record>
    <datafield tag="191" ind1=" " ind2=" ">
        <subfield code="a">E/ESCWA/C.1/13/4/REV.1</subfield>
    </datafield>
    <datafield tag="245" ind1=" " ind2=" ">
        <subfield code="a">FOLLOW-UP ON RESOLUTIONS OF THE COMMISSION: (A) RESOLUTION 131 (XI): INFORMATION SYSTEM AT THE ECONOMIC AND SOCIAL COMMISSION FOR WESTERN ASIA</subfield>
    </datafield>
    <datafield tag="246" ind1=" " ind2=" ">
        <subfield code="a">متابعة قرارات الاسكوا (أ) القرار رقم 131(د-11): نظام المعلومات في اللجنة الاقتصادية والاجتماعية لغربي آسيا</subfield>
    </datafield>
    <datafield tag="269" ind1=" " ind2=" ">
        <subfield code="a">19860414</subfield>
    </datafield>
    <datafield tag="650" ind1=" " ind2=" ">
        <subfield code="a">RESOLUTIONS AND DECISIONS</subfield>
        <subfield code="0">(DHLAUTH)275677</subfield>
    </datafield>
    <datafield tag="650" ind1=" " ind2=" ">
        <subfield code="a">WESTERN ASIA</subfield>
        <subfield code="0">(DHLAUTH)275490</subfield>
    </datafield>
    <datafield tag="650" ind1=" " ind2=" ">
        <subfield code="a">CONFERENCES</subfield>
        <subfield code="0">(DHLAUTH)275758</subfield>
    </datafield>
    <datafield tag="650" ind1=" " ind2=" ">
        <subfield code="a">INFORMATION SYSTEMS</subfield>
        <subfield code="0">(DHLAUTH)272026</subfield>
    </datafield>
</record>
<record>
    <datafield tag="191" ind1=" " ind2=" ">
        <subfield code="a">E/ESCWA/C.1/13/5/REV.1</subfield>
    </datafield>
    <datafield tag="245" ind1=" " ind2=" ">
        <subfield code="a">FOLLOW-UP ON RESOLUTIONS OF THE COMMISSION (B) RESOLUTION 134 (XII): PROGRAMME OF WORK AND PRIORITIES FOR THE PERIOD 1986-1987</subfield>
    </datafield>
    <datafield tag="246" ind1=" " ind2=" ">
        <subfield code="a">متابعة قرارات الاسكوا (ب) القرار رقم 134 (د-12): برنامج العمل والاولويات للفترة 1986-1987</subfield>
    </datafield>
    <datafield tag="269" ind1=" " ind2=" ">
        <subfield code="a">19860403</subfield>
    </datafield>
    <datafield tag="650" ind1=" " ind2=" ">
        <subfield code="a">WESTERN ASIA</subfield>
        <subfield code="0">(DHLAUTH)275490</subfield>
    </datafield>
    <datafield tag="650" ind1=" " ind2=" ">
        <subfield code="a">WORK PROGRAMME</subfield>
        <subfield code="0">(DHLAUTH)275800</subfield>
    </datafield>
    <datafield tag="650" ind1=" " ind2=" ">
        <subfield code="a">RESOLUTIONS AND DECISIONS</subfield>
        <subfield code="0">(DHLAUTH)275677</subfield>
    </datafield>
</record>
<record>
    <datafield tag="191" ind1=" " ind2=" ">
        <subfield code="a">E/ESCWA/C.1/13/6</subfield>
    </datafield>
    <datafield tag="245" ind1=" " ind2=" ">
        <subfield code="a">FOLLOW-UP ON THE MISSING LINK REPORT: REPORT BY THE REPRESENTATIVE OF THE INTERNATIONAL TELECOMMUNICATIONS UNION (ITU)</subfield>
    </datafield>
    <datafield tag="246" ind1=" " ind2=" ">
        <subfield code="a">متابعة لتقرير "الحلقة المفقودة" تقرير مقدم من ممثل الاتحاد الدولي للمواصلات السلكية واللاسلكية</subfield>
    </datafield>
    <datafield tag="269" ind1=" " ind2=" ">
        <subfield code="a">19860418</subfield>
    </datafield>
    <datafield tag="650" ind1=" " ind2=" ">
        <subfield code="a">TELECOMMUNICATIONS</subfield>
        <subfield code="0">(DHLAUTH)272452</subfield>
    </datafield>
    <datafield tag="650" ind1=" " ind2=" ">
        <subfield code="a">WESTERN ASIA</subfield>
        <subfield code="0">(DHLAUTH)275490</subfield>
    </datafield>
    <datafield tag="650" ind1=" " ind2=" ">
        <subfield code="a">CONFERENCES</subfield>
        <subfield code="0">(DHLAUTH)275758</subfield>
    </datafield>
</record>
<record>
    <datafield tag="191" ind1=" " ind2=" ">
        <subfield code="a">E/ESCWA/C.1/13/INF.1/REV.1</subfield>
    </datafield>
    <datafield tag="245" ind1=" " ind2=" ">
        <subfield code="a">LIST OF PARTICIPANTS</subfield>
    </datafield>
    <datafield tag="269" ind1=" " ind2=" ">
        <subfield code="a">19860421</subfield>
    </datafield>
    <datafield tag="650" ind1=" " ind2=" ">
        <subfield code="a">PARTICIPANTS</subfield>
        <subfield code="0">(DHLAUTH)275785</subfield>
    </datafield>
    <datafield tag="650" ind1=" " ind2=" ">
        <subfield code="a">WESTERN ASIA</subfield>
        <subfield code="0">(DHLAUTH)275490</subfield>
    </datafield>
</record>
<record>
    <datafield tag="191" ind1=" " ind2=" ">
        <subfield code="a">E/ESCWA/C.1/13/INF.1/REV.2</subfield>
    </datafield>
    <datafield tag="246" ind1=" " ind2=" ">
        <subfield code="a">قائمة بأسماء المشتركين</subfield>
    </datafield>
    <datafield tag="269" ind1=" " ind2=" ">
        <subfield code="a">19860421</subfield>
    </datafield>
    <datafield tag="650" ind1=" " ind2=" ">
        <subfield code="a">PARTICIPANTS</subfield>
        <subfield code="0">(DHLAUTH)275785</subfield>
    </datafield>
    <datafield tag="650" ind1=" " ind2=" ">
        <subfield code="a">WESTERN ASIA</subfield>
        <subfield code="0">(DHLAUTH)275490</subfield>
    </datafield>
</record>
<record>
    <datafield tag="191" ind1=" " ind2=" ">
        <subfield code="a">E/ESCWA/C.1/13/INF.2</subfield>
    </datafield>
    <datafield tag="245" ind1=" " ind2=" ">
        <subfield code="a">PROVISIONAL LIST OF DOCUMENTS, TECHNICAL COMMITTEE FOURTH SESSION 19-22 APRIL 1986 BAGHDAD</subfield>
    </datafield>
    <datafield tag="246" ind1=" " ind2=" ">
        <subfield code="a">قائمة مؤقتة بالوثائق</subfield>
    </datafield>
    <datafield tag="269" ind1=" " ind2=" ">
        <subfield code="a">19860421</subfield>
    </datafield>
    <datafield tag="650" ind1=" " ind2=" ">
        <subfield code="a">DOCUMENTS</subfield>
        <subfield code="0">(DHLAUTH)270014</subfield>
    </datafield>
    <datafield tag="650" ind1=" " ind2=" ">
        <subfield code="a">WESTERN ASIA</subfield>
        <subfield code="0">(DHLAUTH)275490</subfield>
    </datafield>
    <datafield tag="650" ind1=" " ind2=" ">
        <subfield code="a">CONFERENCES</subfield>
        <subfield code="0">(DHLAUTH)275758</subfield>
    </datafield>
</record>
<record>
    <datafield tag="191" ind1=" " ind2=" ">
        <subfield code="a">E/ESCWA/C.1/13/L.7</subfield>
    </datafield>
    <datafield tag="246" ind1=" " ind2=" ">
        <subfield code="a">مشروع تقرير اللجنة الفنية عن اعمال دورتها الرابعة </subfield>
    </datafield>
    <datafield tag="269" ind1=" " ind2=" ">
        <subfield code="a">19860422</subfield>
    </datafield>
    <datafield tag="650" ind1=" " ind2=" ">
        <subfield code="a">WESTERN ASIA</subfield>
        <subfield code="0">(DHLAUTH)275490</subfield>
    </datafield>
    <datafield tag="650" ind1=" " ind2=" ">
        <subfield code="a">ACTIVITIES</subfield>
        <subfield code="0">(DHLAUTH)275823</subfield>
    </datafield>
    <datafield tag="650" ind1=" " ind2=" ">
        <subfield code="a">RESOLUTIONS AND DECISIONS</subfield>
        <subfield code="0">(DHLAUTH)275677</subfield>
    </datafield>
    <datafield tag="650" ind1=" " ind2=" ">
        <subfield code="a">INFORMATION SYSTEMS</subfield>
        <subfield code="0">(DHLAUTH)272026</subfield>
    </datafield>
    <datafield tag="650" ind1=" " ind2=" ">
        <subfield code="a">AGENDA</subfield>
        <subfield code="0">(DHLAUTH)275133</subfield>
    </datafield>
    <datafield tag="650" ind1=" " ind2=" ">
        <subfield code="a">WORK ORGANIZATION</subfield>
        <subfield code="0">(DHLAUTH)275746</subfield>
    </datafield>
    <datafield tag="650" ind1=" " ind2=" ">
        <subfield code="a">TECHNICAL COOPERATION</subfield>
        <subfield code="0">(DHLAUTH)268658</subfield>
    </datafield>
    <datafield tag="650" ind1=" " ind2=" ">
        <subfield code="a">PALESTINE</subfield>
        <subfield code="0">(DHLAUTH)277398</subfield>
    </datafield>
</record>
<record>
    <datafield tag="191" ind1=" " ind2=" ">
        <subfield code="a">E/ESCWA/C.1/14/12/REV.1</subfield>
    </datafield>
    <datafield tag="245" ind1=" " ind2=" ">
        <subfield code="a">REPORT OF THE TECHNICAL COMMITTEE ON ITS FIFTH SESSION APRIL 1987</subfield>
    </datafield>
    <datafield tag="246" ind1=" " ind2=" ">
        <subfield code="a">تقرير اللجنة الفنية عن اعمال دورتها الخامسة الى الدورة الرابعة عشرة للاسكوا نيسان/ابريل 1987</subfield>
    </datafield>
    <datafield tag="269" ind1=" " ind2=" ">
        <subfield code="a">19870404</subfield>
    </datafield>
    <datafield tag="650" ind1=" " ind2=" ">
        <subfield code="a">WESTERN ASIA</subfield>
        <subfield code="0">(DHLAUTH)275490</subfield>
    </datafield>
    <datafield tag="650" ind1=" " ind2=" ">
        <subfield code="a">RESOLUTIONS AND DECISIONS</subfield>
        <subfield code="0">(DHLAUTH)275677</subfield>
    </datafield>
    <datafield tag="650" ind1=" " ind2=" ">
        <subfield code="a">WORK PROGRAMME</subfield>
        <subfield code="0">(DHLAUTH)275800</subfield>
    </datafield>
    <datafield tag="650" ind1=" " ind2=" ">
        <subfield code="a">PROGRAMME IMPLEMENTATION</subfield>
        <subfield code="0">(DHLAUTH)275794</subfield>
    </datafield>
    <datafield tag="650" ind1=" " ind2=" ">
        <subfield code="a">TELECOMMUNICATIONS</subfield>
        <subfield code="0">(DHLAUTH)272452</subfield>
    </datafield>
    <datafield tag="650" ind1=" " ind2=" ">
        <subfield code="a">PALESTINIANS</subfield>
        <subfield code="0">(DHLAUTH)269084</subfield>
    </datafield>
    <datafield tag="650" ind1=" " ind2=" ">
        <subfield code="a">INTERNATIONAL COOPERATION</subfield>
        <subfield code="0">(DHLAUTH)268622</subfield>
    </datafield>
    <datafield tag="650" ind1=" " ind2=" ">
        <subfield code="a">DEVELOPING COUNTRIES</subfield>
        <subfield code="0">(DHLAUTH)268442</subfield>
    </datafield>
    <datafield tag="650" ind1=" " ind2=" ">
        <subfield code="a">HUMAN SETTLEMENTS</subfield>
        <subfield code="0">(DHLAUTH)273542</subfield>
    </datafield>
    <datafield tag="650" ind1=" " ind2=" ">
        <subfield code="a">ENVIRONMENT</subfield>
        <subfield code="0">(DHLAUTH)270627</subfield>
    </datafield>
    <datafield tag="650" ind1=" " ind2=" ">
        <subfield code="a">TRANSNATIONAL CORPORATIONS</subfield>
        <subfield code="0">(DHLAUTH)10314</subfield>
    </datafield>
</record>
<record>
    <datafield tag="191" ind1=" " ind2=" ">
        <subfield code="a">E/ESCWA/C.1/14/2</subfield>
    </datafield>
    <datafield tag="245" ind1=" " ind2=" ">
        <subfield code="a">PROPOSED ORGANIZATION OF WORK, TECHNICAL COMMITTEE FIFTH SESSION 31 MAR- 2 APRIL 1987 BAGHDAD</subfield>
    </datafield>
    <datafield tag="246" ind1=" " ind2=" ">
        <subfield code="a">تنظيم الاعمال المقترح اللجنة الفنية الدورة الخامسة 31 آذار/مارس-2 ابريل/نيسان 1987</subfield>
    </datafield>
    <datafield tag="269" ind1=" " ind2=" ">
        <subfield code="a">19870211</subfield>
    </datafield>
    <datafield tag="650" ind1=" " ind2=" ">
        <subfield code="a">WORK ORGANIZATION</subfield>
        <subfield code="0">(DHLAUTH)275746</subfield>
    </datafield>
    <datafield tag="650" ind1=" " ind2=" ">
        <subfield code="a">ABACA</subfield>
        <subfield code="0">(DHLAUTH)271457</subfield>
    </datafield>
</record>
<record>
    <datafield tag="191" ind1=" " ind2=" ">
        <subfield code="a">E/ESCWA/C.1/14/3/REV.1</subfield>
    </datafield>
    <datafield tag="245" ind1=" " ind2=" ">
        <subfield code="a">INVITATION TO STATES MEMBERS OF THE UNITED NATIONS OR OF THE SPECIALIZED AGENCIES NOT MEMBERS OF THE COMMISSION TO PARTICIPATE IN A CONSULTATIVE CAPACITY IN THE FIFTH SESSION OF THE TECHNICAL COMMITTEE, NOTE BY THE EXECUTIVE SECRETARY</subfield>
    </datafield>
    <datafield tag="246" ind1=" " ind2=" ">
        <subfield code="a">دعوة الدول الاعضاء في الامم المتحدة او الوكالات المتخصصة التي ليست اعضاء في الاسكوا للاشتراك بصفة استشارية في الدورة الخامسة للجنة الفنية, مذكرة من الامين العام التنفيذي</subfield>
    </datafield>
    <datafield tag="269" ind1=" " ind2=" ">
        <subfield code="a">19870330</subfield>
    </datafield>
    <datafield tag="650" ind1=" " ind2=" ">
        <subfield code="a">WESTERN ASIA</subfield>
        <subfield code="0">(DHLAUTH)275490</subfield>
    </datafield>
    <datafield tag="650" ind1=" " ind2=" ">
        <subfield code="a">PARTICIPANTS</subfield>
        <subfield code="0">(DHLAUTH)275785</subfield>
    </datafield>
</record>
<record>
    <datafield tag="191" ind1=" " ind2=" ">
        <subfield code="a">E/ESCWA/C.1/14/4(PART II)</subfield>
    </datafield>
    <datafield tag="246" ind1=" " ind2=" ">
        <subfield code="a">تقرير الامين العام التنفيذي عن نشاطات اللجنة التقدم المحرز في تنفيذ برنامج العمل للفترة 1986-1987 انشطة التعاون الفني ومشاريع المساعدة الفنية</subfield>
    </datafield>
    <datafield tag="269" ind1=" " ind2=" ">
        <subfield code="a">19870219</subfield>
    </datafield>
    <datafield tag="650" ind1=" " ind2=" ">
        <subfield code="a">ACTIVITIES</subfield>
        <subfield code="0">(DHLAUTH)275823</subfield>
    </datafield>
    <datafield tag="650" ind1=" " ind2=" ">
        <subfield code="a">WORK PROGRAMME</subfield>
        <subfield code="0">(DHLAUTH)275800</subfield>
    </datafield>
    <datafield tag="650" ind1=" " ind2=" ">
        <subfield code="a">TECHNICAL COOPERATION</subfield>
        <subfield code="0">(DHLAUTH)268658</subfield>
    </datafield>
    <datafield tag="650" ind1=" " ind2=" ">
        <subfield code="a">WESTERN ASIA</subfield>
        <subfield code="0">(DHLAUTH)275490</subfield>
    </datafield>
</record>
<record>
    <datafield tag="191" ind1=" " ind2=" ">
        <subfield code="a">E/ESCWA/C.1/14/4(PART I)</subfield>
    </datafield>
    <datafield tag="246" ind1=" " ind2=" ">
        <subfield code="a">تقرير الامين العام التنفيذي عن نشاطات اللجنة التقدم المحرز في تنفيذ برنامج العمل لفترة السنتين 1986-1987</subfield>
    </datafield>
    <datafield tag="269" ind1=" " ind2=" ">
        <subfield code="a">19870219</subfield>
    </datafield>
    <datafield tag="650" ind1=" " ind2=" ">
        <subfield code="a">ACTIVITIES</subfield>
        <subfield code="0">(DHLAUTH)275823</subfield>
    </datafield>
    <datafield tag="650" ind1=" " ind2=" ">
        <subfield code="a">WESTERN ASIA</subfield>
        <subfield code="0">(DHLAUTH)275490</subfield>
    </datafield>
    <datafield tag="650" ind1=" " ind2=" ">
        <subfield code="a">WORK PROGRAMME</subfield>
        <subfield code="0">(DHLAUTH)275800</subfield>
    </datafield>
    <datafield tag="650" ind1=" " ind2=" ">
        <subfield code="a">FOOD</subfield>
        <subfield code="0">(DHLAUTH)271146</subfield>
    </datafield>
    <datafield tag="650" ind1=" " ind2=" ">
        <subfield code="a">AGRICULTURE</subfield>
        <subfield code="0">(DHLAUTH)271335</subfield>
    </datafield>
    <datafield tag="650" ind1=" " ind2=" ">
        <subfield code="a">DEVELOPMENT</subfield>
        <subfield code="0">(DHLAUTH)269844</subfield>
    </datafield>
    <datafield tag="650" ind1=" " ind2=" ">
        <subfield code="a">DEVELOPMENT POLICY</subfield>
        <subfield code="0">(DHLAUTH)269893</subfield>
    </datafield>
    <datafield tag="650" ind1=" " ind2=" ">
        <subfield code="a">ENVIRONMENT</subfield>
        <subfield code="0">(DHLAUTH)270627</subfield>
    </datafield>
    <datafield tag="650" ind1=" " ind2=" ">
        <subfield code="a">HUMAN SETTLEMENTS</subfield>
        <subfield code="0">(DHLAUTH)273542</subfield>
    </datafield>
    <datafield tag="650" ind1=" " ind2=" ">
        <subfield code="a">INDUSTRIAL DEVELOPMENT</subfield>
        <subfield code="0">(DHLAUTH)269918</subfield>
    </datafield>
    <datafield tag="650" ind1=" " ind2=" ">
        <subfield code="a">INTERNATIONAL TRADE</subfield>
        <subfield code="0">(DHLAUTH)269532</subfield>
    </datafield>
    <datafield tag="650" ind1=" " ind2=" ">
        <subfield code="a">DEVELOPMENT FINANCE</subfield>
        <subfield code="0">(DHLAUTH)269876</subfield>
    </datafield>
    <datafield tag="650" ind1=" " ind2=" ">
        <subfield code="a">NATURAL RESOURCES</subfield>
        <subfield code="0">(DHLAUTH)270548</subfield>
    </datafield>
    <datafield tag="650" ind1=" " ind2=" ">
        <subfield code="a">POPULATION</subfield>
        <subfield code="0">(DHLAUTH)272994</subfield>
    </datafield>
    <datafield tag="650" ind1=" " ind2=" ">
        <subfield code="a">SCIENCE AND TECHNOLOGY</subfield>
        <subfield code="0">(DHLAUTH)275209</subfield>
    </datafield>
    <datafield tag="650" ind1=" " ind2=" ">
        <subfield code="a">STATISTICS</subfield>
        <subfield code="0">(DHLAUTH)269347</subfield>
    </datafield>
    <datafield tag="650" ind1=" " ind2=" ">
        <subfield code="a">TRANSNATIONAL CORPORATIONS</subfield>
        <subfield code="0">(DHLAUTH)10314</subfield>
    </datafield>
    <datafield tag="650" ind1=" " ind2=" ">
        <subfield code="a">PUBLIC ADMINISTRATION</subfield>
        <subfield code="0">(DHLAUTH)269881</subfield>
    </datafield>
    <datafield tag="650" ind1=" " ind2=" ">
        <subfield code="a">SOCIAL DEVELOPMENT</subfield>
        <subfield code="0">(DHLAUTH)269873</subfield>
    </datafield>
</record>
<record>
    <datafield tag="191" ind1=" " ind2=" ">
        <subfield code="a">E/ESCWA/C.1/14/4(PART I)/ADD.1</subfield>
    </datafield>
    <datafield tag="246" ind1=" " ind2=" ">
        <subfield code="a">تقرير الامين العام التنفيذي عن نشاطات اللجنة التقدم المحرز في تنفيذ برنامج العمل لفترة السنتين 1986-1987 اداء البرنامج وتعديلات مقترحة</subfield>
    </datafield>
    <datafield tag="269" ind1=" " ind2=" ">
        <subfield code="a">19870329</subfield>
    </datafield>
    <datafield tag="650" ind1=" " ind2=" ">
        <subfield code="a">ACTIVITIES</subfield>
        <subfield code="0">(DHLAUTH)275823</subfield>
    </datafield>
    <datafield tag="650" ind1=" " ind2=" ">
        <subfield code="a">WESTERN ASIA</subfield>
        <subfield code="0">(DHLAUTH)275490</subfield>
    </datafield>
    <datafield tag="650" ind1=" " ind2=" ">
        <subfield code="a">WORK PROGRAMME</subfield>
        <subfield code="0">(DHLAUTH)275800</subfield>
    </datafield>
</record>
<record>
    <datafield tag="191" ind1=" " ind2=" ">
        <subfield code="a">E/ESCWA/C.1/14/4/ADD.1</subfield>
    </datafield>
    <datafield tag="246" ind1=" " ind2=" ">
        <subfield code="a">تقرير الامين العام التنفيذي عن نشاطات اللجنة التقدم المحرز في تنفيذ برنامج العمل لفترة السنتين 1986-1987 تحديد مشارع معينة لترويج التكنولوجيات الناجزة للطاقة الشمسية وطاقة الرياح في منطقة الاسكوا</subfield>
    </datafield>
    <datafield tag="269" ind1=" " ind2=" ">
        <subfield code="a">19870212</subfield>
    </datafield>
    <datafield tag="650" ind1=" " ind2=" ">
        <subfield code="a">ACTIVITIES</subfield>
        <subfield code="0">(DHLAUTH)275823</subfield>
    </datafield>
    <datafield tag="650" ind1=" " ind2=" ">
        <subfield code="a">WESTERN ASIA</subfield>
        <subfield code="0">(DHLAUTH)275490</subfield>
    </datafield>
    <datafield tag="650" ind1=" " ind2=" ">
        <subfield code="a">WORK PROGRAMME</subfield>
        <subfield code="0">(DHLAUTH)275800</subfield>
    </datafield>
    <datafield tag="650" ind1=" " ind2=" ">
        <subfield code="a">SOLAR ENERGY</subfield>
        <subfield code="0">(DHLAUTH)271255</subfield>
    </datafield>
    <datafield tag="650" ind1=" " ind2=" ">
        <subfield code="a">TECHNOLOGY</subfield>
        <subfield code="0">(DHLAUTH)271833</subfield>
    </datafield>
    <datafield tag="650" ind1=" " ind2=" ">
        <subfield code="a">WIND POWER</subfield>
        <subfield code="0">(DHLAUTH)271257</subfield>
    </datafield>
</record>
<record>
    <datafield tag="191" ind1=" " ind2=" ">
        <subfield code="a">E/ESCWA/C.1/14/5/ADD.12/REV.1</subfield>
    </datafield>
    <datafield tag="246" ind1=" " ind2=" ">
        <subfield code="a">تقرير الامين العام التنفيذي عن نشاطات اللجنة, متابعة قرارات اللجنة : ’12’ القرار 153 (د-13) بشأن تعديل النظام الداخلي المؤقت للجنة الاقتصادية والاجتماعية لغربي آسيا</subfield>
    </datafield>
    <datafield tag="269" ind1=" " ind2=" ">
        <subfield code="a">19870302</subfield>
    </datafield>
    <datafield tag="650" ind1=" " ind2=" ">
        <subfield code="a">RESOLUTIONS AND DECISIONS</subfield>
        <subfield code="0">(DHLAUTH)275677</subfield>
    </datafield>
    <datafield tag="650" ind1=" " ind2=" ">
        <subfield code="a">WESTERN ASIA</subfield>
        <subfield code="0">(DHLAUTH)275490</subfield>
    </datafield>
    <datafield tag="650" ind1=" " ind2=" ">
        <subfield code="a">ACTIVITIES</subfield>
        <subfield code="0">(DHLAUTH)275823</subfield>
    </datafield>
</record>
<record>
    <datafield tag="191" ind1=" " ind2=" ">
        <subfield code="a">E/ESCWA/C.1/14/5/ADD.4</subfield>
    </datafield>
    <datafield tag="246" ind1=" " ind2=" ">
        <subfield code="a">تقرير الامين العام التنفيذي عن نشاطات اللجنة,متابعة قرارات اللجنة : ’4’ القرار 144 (د-13) بشأن ملء الشواغر في الامانة التنفيذية</subfield>
    </datafield>
    <datafield tag="269" ind1=" " ind2=" ">
        <subfield code="a">19870218</subfield>
    </datafield>
    <datafield tag="650" ind1=" " ind2=" ">
        <subfield code="a">WESTERN ASIA</subfield>
        <subfield code="0">(DHLAUTH)275490</subfield>
    </datafield>
    <datafield tag="650" ind1=" " ind2=" ">
        <subfield code="a">ACTIVITIES</subfield>
        <subfield code="0">(DHLAUTH)275823</subfield>
    </datafield>
    <datafield tag="650" ind1=" " ind2=" ">
        <subfield code="a">RESOLUTIONS AND DECISIONS</subfield>
        <subfield code="0">(DHLAUTH)275677</subfield>
    </datafield>
</record>
<record>
    <datafield tag="191" ind1=" " ind2=" ">
        <subfield code="a">E/ESCWA/C.1/14/INF.1/REV.2</subfield>
    </datafield>
    <datafield tag="245" ind1=" " ind2=" ">
        <subfield code="a">PROVISIONAL LIST OF DOCUMENTS</subfield>
    </datafield>
    <datafield tag="246" ind1=" " ind2=" ">
        <subfield code="a">قائمة مؤقتة بالوثائق</subfield>
    </datafield>
    <datafield tag="269" ind1=" " ind2=" ">
        <subfield code="a">19870401</subfield>
    </datafield>
    <datafield tag="650" ind1=" " ind2=" ">
        <subfield code="a">DOCUMENTS</subfield>
        <subfield code="0">(DHLAUTH)270014</subfield>
    </datafield>
    <datafield tag="650" ind1=" " ind2=" ">
        <subfield code="a">WESTERN ASIA</subfield>
        <subfield code="0">(DHLAUTH)275490</subfield>
    </datafield>
</record>
<record>
    <datafield tag="191" ind1=" " ind2=" ">
        <subfield code="a">E/ESCWA/C.1/14/INF.2/REV.2</subfield>
    </datafield>
    <datafield tag="245" ind1=" " ind2=" ">
        <subfield code="a">LIST OF PARTICIPANTS</subfield>
    </datafield>
    <datafield tag="246" ind1=" " ind2=" ">
        <subfield code="a">قائمة بأسماء المشاركين</subfield>
    </datafield>
    <datafield tag="269" ind1=" " ind2=" ">
        <subfield code="a">19870402</subfield>
    </datafield>
    <datafield tag="650" ind1=" " ind2=" ">
        <subfield code="a">PARTICIPANTS</subfield>
        <subfield code="0">(DHLAUTH)275785</subfield>
    </datafield>
    <datafield tag="650" ind1=" " ind2=" ">
        <subfield code="a">WESTERN ASIA</subfield>
        <subfield code="0">(DHLAUTH)275490</subfield>
    </datafield>
</record>
<record>
    <datafield tag="191" ind1=" " ind2=" ">
        <subfield code="a">E/ESCWA/C.1/15/14/REV.1</subfield>
    </datafield>
    <datafield tag="246" ind1=" " ind2=" ">
        <subfield code="a">التحضير للاستراتيجية الانمائية الدولية لعقد الامم المتحدة الانمائي الرابع (1991-2000) : مذكرة من الامين العام التنفيذي </subfield>
    </datafield>
    <datafield tag="269" ind1=" " ind2=" ">
        <subfield code="a">19890513</subfield>
    </datafield>
    <datafield tag="650" ind1=" " ind2=" ">
        <subfield code="a">DEVELOPMENT STRATEGIES</subfield>
        <subfield code="0">(DHLAUTH)269884</subfield>
    </datafield>
    <datafield tag="650" ind1=" " ind2=" ">
        <subfield code="a">DEVELOPING COUNTRIES</subfield>
        <subfield code="0">(DHLAUTH)268442</subfield>
    </datafield>
    <datafield tag="650" ind1=" " ind2=" ">
        <subfield code="a">WESTERN ASIA</subfield>
        <subfield code="0">(DHLAUTH)275490</subfield>
    </datafield>
</record>
<record>
    <datafield tag="191" ind1=" " ind2=" ">
        <subfield code="a">E/ESCWA/15/5</subfield>
    </datafield>
    <datafield tag="191" ind1=" " ind2=" ">
        <subfield code="a">E/ESCWA/C.1/15/15</subfield>
    </datafield>
    <datafield tag="245" ind1=" " ind2=" ">
        <subfield code="a">REPORT OF THE TECHNICAL COMMITTEE ON THE WORK OF ITS SIXTH SESSION</subfield>
    </datafield>
    <datafield tag="269" ind1=" " ind2=" ">
        <subfield code="a">19890531</subfield>
    </datafield>
    <datafield tag="650" ind1=" " ind2=" ">
        <subfield code="a">AGENDA</subfield>
        <subfield code="0">(DHLAUTH)275133</subfield>
    </datafield>
    <datafield tag="650" ind1=" " ind2=" ">
        <subfield code="a">WORK PROGRAMME</subfield>
        <subfield code="0">(DHLAUTH)275800</subfield>
    </datafield>
    <datafield tag="650" ind1=" " ind2=" ">
        <subfield code="a">PROGRAMME PLANNING</subfield>
        <subfield code="0">(DHLAUTH)275798</subfield>
    </datafield>
    <datafield tag="650" ind1=" " ind2=" ">
        <subfield code="a">ACTIVITIES</subfield>
        <subfield code="0">(DHLAUTH)275823</subfield>
    </datafield>
    <datafield tag="650" ind1=" " ind2=" ">
        <subfield code="a">RESOLUTIONS AND DECISIONS</subfield>
        <subfield code="0">(DHLAUTH)275677</subfield>
    </datafield>
    <datafield tag="650" ind1=" " ind2=" ">
        <subfield code="a">WESTERN ASIA</subfield>
        <subfield code="0">(DHLAUTH)275490</subfield>
    </datafield>
</record>
<record>
    <datafield tag="191" ind1=" " ind2=" ">
        <subfield code="a">E/ESCWA/15/5/REV.1</subfield>
    </datafield>
    <datafield tag="191" ind1=" " ind2=" ">
        <subfield code="a">E/ESCWA/C.1/15/15/REV.1</subfield>
    </datafield>
    <datafield tag="246" ind1=" " ind2=" ">
        <subfield code="a">تقرير اللجنة الفنية عن أعمال دورتها السادسة الى الدورة الخامسة عشرة للأسكوا</subfield>
    </datafield>
    <datafield tag="269" ind1=" " ind2=" ">
        <subfield code="a">19890531</subfield>
    </datafield>
    <datafield tag="650" ind1=" " ind2=" ">
        <subfield code="a">WORK PROGRAMME</subfield>
        <subfield code="0">(DHLAUTH)275800</subfield>
    </datafield>
    <datafield tag="650" ind1=" " ind2=" ">
        <subfield code="a">WORK ORGANIZATION</subfield>
        <subfield code="0">(DHLAUTH)275746</subfield>
    </datafield>
    <datafield tag="650" ind1=" " ind2=" ">
        <subfield code="a">DECISION-MAKING</subfield>
        <subfield code="0">(DHLAUTH)270223</subfield>
    </datafield>
    <datafield tag="650" ind1=" " ind2=" ">
        <subfield code="a">WESTERN ASIA</subfield>
        <subfield code="0">(DHLAUTH)275490</subfield>
    </datafield>
</record>
<record>
    <datafield tag="191" ind1=" " ind2=" ">
        <subfield code="a">E/ESCWA/C.1/15/4</subfield>
    </datafield>
    <datafield tag="246" ind1=" " ind2=" ">
        <subfield code="a">تقرير الامين العام التنفيذي عن نشلطات اللجنة, اللجنة الفنية الدورة السادسة 13-15 ايار/مايو 1989 بغداد</subfield>
    </datafield>
    <datafield tag="269" ind1=" " ind2=" ">
        <subfield code="a">19890403</subfield>
    </datafield>
    <datafield tag="650" ind1=" " ind2=" ">
        <subfield code="a">ACTIVITIES</subfield>
        <subfield code="0">(DHLAUTH)275823</subfield>
    </datafield>
    <datafield tag="650" ind1=" " ind2=" ">
        <subfield code="a">WESTERN ASIA</subfield>
        <subfield code="0">(DHLAUTH)275490</subfield>
    </datafield>
    <datafield tag="650" ind1=" " ind2=" ">
        <subfield code="a">CONFERENCES</subfield>
        <subfield code="0">(DHLAUTH)275758</subfield>
    </datafield>
</record>
<record>
    <datafield tag="191" ind1=" " ind2=" ">
        <subfield code="a">E/ESCWA/C.1/15/4(PART I)/REV.1/SUPPL.1</subfield>
    </datafield>
    <datafield tag="246" ind1=" " ind2=" ">
        <subfield code="a">تقرير الامين العام التنفيذي عن نشاطات اللجنة التقدم المحرز في تنفيذ برنامج العمل لفترة السنتين 1988-1989 : اداء البرنامج والتعديلات المقترحة ملخص للتعديلات المقترحة</subfield>
    </datafield>
    <datafield tag="269" ind1=" " ind2=" ">
        <subfield code="a">19890513</subfield>
    </datafield>
    <datafield tag="650" ind1=" " ind2=" ">
        <subfield code="a">ACTIVITIES</subfield>
        <subfield code="0">(DHLAUTH)275823</subfield>
    </datafield>
    <datafield tag="650" ind1=" " ind2=" ">
        <subfield code="a">WESTERN ASIA</subfield>
        <subfield code="0">(DHLAUTH)275490</subfield>
    </datafield>
</record>
<record>
    <datafield tag="191" ind1=" " ind2=" ">
        <subfield code="a">E/ESCWA/C.1/15/6/ADD.1</subfield>
    </datafield>
    <datafield tag="245" ind1=" " ind2=" ">
        <subfield code="a">REPORT OF THE EXECUTIVE SECRETARY ON THE ACTIVITIES OF THE COMMISSION FOLLOW-UP ACTION ON THE RESOLUTIONS OF THE COMMISSION (I) RESOLUTION 156(XIV) ON THE PROGRAMME OF WORK AND PRIORITIES FOR THE BIENNIUM 1988-1989</subfield>
    </datafield>
    <datafield tag="246" ind1=" " ind2=" ">
        <subfield code="a">تقرير الامبن العام التنقفيذي عن نشاطات اللجنة متابعة القرارات الصادرة عن اللجنة '1' القرار 156 (د-14) بشأن برنامج العمل والاولويات للفترة 1988-1989</subfield>
    </datafield>
    <datafield tag="269" ind1=" " ind2=" ">
        <subfield code="a">19890322</subfield>
    </datafield>
    <datafield tag="650" ind1=" " ind2=" ">
        <subfield code="a">WESTERN ASIA</subfield>
        <subfield code="0">(DHLAUTH)275490</subfield>
    </datafield>
    <datafield tag="650" ind1=" " ind2=" ">
        <subfield code="a">ACTIVITIES</subfield>
        <subfield code="0">(DHLAUTH)275823</subfield>
    </datafield>
    <datafield tag="650" ind1=" " ind2=" ">
        <subfield code="a">RESOLUTIONS AND DECISIONS</subfield>
        <subfield code="0">(DHLAUTH)275677</subfield>
    </datafield>
    <datafield tag="650" ind1=" " ind2=" ">
        <subfield code="a">WORK PROGRAMME</subfield>
        <subfield code="0">(DHLAUTH)275800</subfield>
    </datafield>
</record>
<record>
    <datafield tag="191" ind1=" " ind2=" ">
        <subfield code="a">E/ESCWA/C.1/15/6/ADD.2</subfield>
    </datafield>
    <datafield tag="245" ind1=" " ind2=" ">
        <subfield code="a">REPORT OF THE EXECUTIVE SECRETARY ON THE COMMISSION FOLLOW-UP ACTION ON THE RESOLUTIONS OF THE COMMISSION, (II) RESOLUTION 157(XIV) ON THE MEDIUM-TERM PLAN OF THE ECONOMIC AND SOCIAL COMMISSION FOR WESTERN ASIA FOR THE PERIOD 1990-1995</subfield>
    </datafield>
    <datafield tag="246" ind1=" " ind2=" ">
        <subfield code="a">تقرير الامين العام التنفيذي عن نشاطات اللجنة متابعة القرارات الصادرة عن اللجنة '2'القرار 157 (د-14) بشأن الخطة متوسطة الاجل للجنة الاقتصادية والاجتماعية لغربي آسيا للفترة 1990-1995</subfield>
    </datafield>
    <datafield tag="269" ind1=" " ind2=" ">
        <subfield code="a">19890321</subfield>
    </datafield>
    <datafield tag="650" ind1=" " ind2=" ">
        <subfield code="a">ACTIVITIES</subfield>
        <subfield code="0">(DHLAUTH)275823</subfield>
    </datafield>
    <datafield tag="650" ind1=" " ind2=" ">
        <subfield code="a">WESTERN ASIA</subfield>
        <subfield code="0">(DHLAUTH)275490</subfield>
    </datafield>
    <datafield tag="650" ind1=" " ind2=" ">
        <subfield code="a">RESOLUTIONS AND DECISIONS</subfield>
        <subfield code="0">(DHLAUTH)275677</subfield>
    </datafield>
    <datafield tag="650" ind1=" " ind2=" ">
        <subfield code="a">MEDIUM-TERM PLAN</subfield>
        <subfield code="0">(DHLAUTH)275752</subfield>
    </datafield>
</record>
<record>
    <datafield tag="191" ind1=" " ind2=" ">
        <subfield code="a">E/ESCWA/C.1/15/7</subfield>
    </datafield>
    <datafield tag="245" ind1=" " ind2=" ">
        <subfield code="a">FOLLOW-UP ACTION AT THE REGIONAL LEVEL ON UNITED NATIONS WORLD CONFERENCES AND ESCWAREGIONAL MEETINGS</subfield>
    </datafield>
    <datafield tag="246" ind1=" " ind2=" ">
        <subfield code="a">اعمال المتابعة على الصعيد الاقليمي للمؤتمرات العالمية للامم المتحدة والاجتماعات الاقليمية للجنة</subfield>
    </datafield>
    <datafield tag="269" ind1=" " ind2=" ">
        <subfield code="a">19890330</subfield>
    </datafield>
    <datafield tag="650" ind1=" " ind2=" ">
        <subfield code="a">ACTIVITIES</subfield>
        <subfield code="0">(DHLAUTH)275823</subfield>
    </datafield>
    <datafield tag="650" ind1=" " ind2=" ">
        <subfield code="a">WESTERN ASIA</subfield>
        <subfield code="0">(DHLAUTH)275490</subfield>
    </datafield>
    <datafield tag="650" ind1=" " ind2=" ">
        <subfield code="a">CONFERENCES</subfield>
        <subfield code="0">(DHLAUTH)275758</subfield>
    </datafield>
</record>
<record>
    <datafield tag="191" ind1=" " ind2=" ">
        <subfield code="a">E/ESCWA/C.1/15/INF.1</subfield>
    </datafield>
    <datafield tag="245" ind1=" " ind2=" ">
        <subfield code="a">PROVISIONAL LIST OF DOCUMENTS, TECHNICAL COMMITTEE SIXTH SESSION 13-15 MAY 1989 BAGHDAD</subfield>
    </datafield>
    <datafield tag="269" ind1=" " ind2=" ">
        <subfield code="a">19890510</subfield>
    </datafield>
    <datafield tag="650" ind1=" " ind2=" ">
        <subfield code="a">DOCUMENTS</subfield>
        <subfield code="0">(DHLAUTH)270014</subfield>
    </datafield>
    <datafield tag="650" ind1=" " ind2=" ">
        <subfield code="a">WESTERN ASIA</subfield>
        <subfield code="0">(DHLAUTH)275490</subfield>
    </datafield>
    <datafield tag="650" ind1=" " ind2=" ">
        <subfield code="a">CONFERENCES</subfield>
        <subfield code="0">(DHLAUTH)275758</subfield>
    </datafield>
</record>
<record>
    <datafield tag="191" ind1=" " ind2=" ">
        <subfield code="a">E/ESCWA/C.1/15/L.1</subfield>
    </datafield>
    <datafield tag="245" ind1=" " ind2=" ">
        <subfield code="a">PROVISIONAL AGENDA, TECHNICAL COMMITTEE SIXTH SESSION 13-15 MAY 1989 BAGHDAD</subfield>
    </datafield>
    <datafield tag="269" ind1=" " ind2=" ">
        <subfield code="a">19890108</subfield>
    </datafield>
    <datafield tag="650" ind1=" " ind2=" ">
        <subfield code="a">AGENDA</subfield>
        <subfield code="0">(DHLAUTH)275133</subfield>
    </datafield>
    <datafield tag="650" ind1=" " ind2=" ">
        <subfield code="a">WESTERN ASIA</subfield>
        <subfield code="0">(DHLAUTH)275490</subfield>
    </datafield>
    <datafield tag="650" ind1=" " ind2=" ">
        <subfield code="a">WORK ORGANIZATION</subfield>
        <subfield code="0">(DHLAUTH)275746</subfield>
    </datafield>
</record>
<record>
    <datafield tag="191" ind1=" " ind2=" ">
        <subfield code="a">E/ESCWA/C.1/15/L.2/ADD.1</subfield>
    </datafield>
    <datafield tag="246" ind1=" " ind2=" ">
        <subfield code="a">جدول الاعمال المؤقت المشروح, اللجنة الفنية الدورة السادسة 13-15 ايار/مايو 1989 بغداد</subfield>
    </datafield>
    <datafield tag="269" ind1=" " ind2=" ">
        <subfield code="a">19890306</subfield>
    </datafield>
    <datafield tag="650" ind1=" " ind2=" ">
        <subfield code="a">AGENDA</subfield>
        <subfield code="0">(DHLAUTH)275133</subfield>
    </datafield>
    <datafield tag="650" ind1=" " ind2=" ">
        <subfield code="a">WESTERN ASIA</subfield>
        <subfield code="0">(DHLAUTH)275490</subfield>
    </datafield>
    <datafield tag="650" ind1=" " ind2=" ">
        <subfield code="a">ACTIVITIES</subfield>
        <subfield code="0">(DHLAUTH)275823</subfield>
    </datafield>
</record>
<record>
    <datafield tag="191" ind1=" " ind2=" ">
        <subfield code="a">E/ESCWA/C.1/17/2/REV.2</subfield>
    </datafield>
    <datafield tag="246" ind1=" " ind2=" ">
        <subfield code="a">تنظيم الاعمال الجلسات العامة للجنة الفنية, الدورة الثامنة 11-13 تشرين الاول/اكتوبر 1993 عمان</subfield>
    </datafield>
    <datafield tag="269" ind1=" " ind2=" ">
        <subfield code="a">19931013</subfield>
    </datafield>
    <datafield tag="650" ind1=" " ind2=" ">
        <subfield code="a">WESTERN ASIA</subfield>
        <subfield code="0">(DHLAUTH)275490</subfield>
    </datafield>
    <datafield tag="650" ind1=" " ind2=" ">
        <subfield code="a">WORK ORGANIZATION</subfield>
        <subfield code="0">(DHLAUTH)275746</subfield>
    </datafield>
</record>
<record>
    <datafield tag="191" ind1=" " ind2=" ">
        <subfield code="a">E/ESCWA/C.1/17/3</subfield>
    </datafield>
    <datafield tag="246" ind1=" " ind2=" ">
        <subfield code="a">التقدم المحرز في تنفيذ برنامج العمل للفترة 1 كانون/يناير 1992-30 حزيران /يونيو 1993 وفي انشطة التعاون الفني</subfield>
    </datafield>
    <datafield tag="269" ind1=" " ind2=" ">
        <subfield code="a">19930810</subfield>
    </datafield>
    <datafield tag="650" ind1=" " ind2=" ">
        <subfield code="a">WESTERN ASIA</subfield>
        <subfield code="0">(DHLAUTH)275490</subfield>
    </datafield>
    <datafield tag="650" ind1=" " ind2=" ">
        <subfield code="a">WORK PROGRAMME</subfield>
        <subfield code="0">(DHLAUTH)275800</subfield>
    </datafield>
    <datafield tag="650" ind1=" " ind2=" ">
        <subfield code="a">TECHNICAL COOPERATION</subfield>
        <subfield code="0">(DHLAUTH)268658</subfield>
    </datafield>
    <datafield tag="650" ind1=" " ind2=" ">
        <subfield code="a">FOOD</subfield>
        <subfield code="0">(DHLAUTH)271146</subfield>
    </datafield>
    <datafield tag="650" ind1=" " ind2=" ">
        <subfield code="a">AGRICULTURE</subfield>
        <subfield code="0">(DHLAUTH)271335</subfield>
    </datafield>
    <datafield tag="650" ind1=" " ind2=" ">
        <subfield code="a">ENVIRONMENTAL POLICY</subfield>
        <subfield code="0">(DHLAUTH)269904</subfield>
    </datafield>
    <datafield tag="650" ind1=" " ind2=" ">
        <subfield code="a">INDUSTRIAL DEVELOPMENT</subfield>
        <subfield code="0">(DHLAUTH)269918</subfield>
    </datafield>
    <datafield tag="650" ind1=" " ind2=" ">
        <subfield code="a">NATURAL RESOURCES</subfield>
        <subfield code="0">(DHLAUTH)270548</subfield>
    </datafield>
    <datafield tag="650" ind1=" " ind2=" ">
        <subfield code="a">POPULATION</subfield>
        <subfield code="0">(DHLAUTH)272994</subfield>
    </datafield>
    <datafield tag="650" ind1=" " ind2=" ">
        <subfield code="a">SCIENCE AND TECHNOLOGY</subfield>
        <subfield code="0">(DHLAUTH)275209</subfield>
    </datafield>
    <datafield tag="650" ind1=" " ind2=" ">
        <subfield code="a">WOMEN IN DEVELOPMENT</subfield>
        <subfield code="0">(DHLAUTH)269878</subfield>
    </datafield>
    <datafield tag="650" ind1=" " ind2=" ">
        <subfield code="a">STATISTICS</subfield>
        <subfield code="0">(DHLAUTH)269347</subfield>
    </datafield>
    <datafield tag="650" ind1=" " ind2=" ">
        <subfield code="a">TRANSPORT</subfield>
        <subfield code="0">(DHLAUTH)272243</subfield>
    </datafield>
    <datafield tag="650" ind1=" " ind2=" ">
        <subfield code="a">COMMUNICATIONS</subfield>
        <subfield code="0">(DHLAUTH)272411</subfield>
    </datafield>
</record>
<record>
    <datafield tag="191" ind1=" " ind2=" ">
        <subfield code="a">E/ESCWA/C.1/17/4/REV.1</subfield>
    </datafield>
    <datafield tag="246" ind1=" " ind2=" ">
        <subfield code="a">مسح التطورات الاقتصادية والاجتماعية في منطقة الاسكوا, 1992 : موجز, مذكرة من الامين التنفيذي</subfield>
    </datafield>
    <datafield tag="269" ind1=" " ind2=" ">
        <subfield code="a">19930513</subfield>
    </datafield>
    <datafield tag="650" ind1=" " ind2=" ">
        <subfield code="a">ECONOMIC SURVEYS</subfield>
        <subfield code="0">(DHLAUTH)269780</subfield>
    </datafield>
    <datafield tag="650" ind1=" " ind2=" ">
        <subfield code="a">SOCIAL SURVEYS</subfield>
        <subfield code="0">(DHLAUTH)269794</subfield>
    </datafield>
    <datafield tag="650" ind1=" " ind2=" ">
        <subfield code="a">WESTERN ASIA</subfield>
        <subfield code="0">(DHLAUTH)275490</subfield>
    </datafield>
</record>
<record>
    <datafield tag="191" ind1=" " ind2=" ">
        <subfield code="a">E/ESCWA/C.1/17/5</subfield>
    </datafield>
    <datafield tag="246" ind1=" " ind2=" ">
        <subfield code="a">برنامج العمل المقترح لفترة السنتين 1994-1995, مذكرة من الامين العام التنفيذي</subfield>
    </datafield>
    <datafield tag="269" ind1=" " ind2=" ">
        <subfield code="a">19930503</subfield>
    </datafield>
    <datafield tag="650" ind1=" " ind2=" ">
        <subfield code="a">WORK PROGRAMME</subfield>
        <subfield code="0">(DHLAUTH)275800</subfield>
    </datafield>
    <datafield tag="650" ind1=" " ind2=" ">
        <subfield code="a">FOOD</subfield>
        <subfield code="0">(DHLAUTH)271146</subfield>
    </datafield>
    <datafield tag="650" ind1=" " ind2=" ">
        <subfield code="a">AGRICULTURE</subfield>
        <subfield code="0">(DHLAUTH)271335</subfield>
    </datafield>
    <datafield tag="650" ind1=" " ind2=" ">
        <subfield code="a">DEVELOPMENT POLICY</subfield>
        <subfield code="0">(DHLAUTH)269893</subfield>
    </datafield>
    <datafield tag="650" ind1=" " ind2=" ">
        <subfield code="a">ENVIRONMENT</subfield>
        <subfield code="0">(DHLAUTH)270627</subfield>
    </datafield>
    <datafield tag="650" ind1=" " ind2=" ">
        <subfield code="a">INDUSTRIAL DEVELOPMENT</subfield>
        <subfield code="0">(DHLAUTH)269918</subfield>
    </datafield>
    <datafield tag="650" ind1=" " ind2=" ">
        <subfield code="a">INTERNATIONAL TRADE</subfield>
        <subfield code="0">(DHLAUTH)269532</subfield>
    </datafield>
    <datafield tag="650" ind1=" " ind2=" ">
        <subfield code="a">POPULATION</subfield>
        <subfield code="0">(DHLAUTH)272994</subfield>
    </datafield>
    <datafield tag="650" ind1=" " ind2=" ">
        <subfield code="a">SCIENCE AND TECHNOLOGY</subfield>
        <subfield code="0">(DHLAUTH)275209</subfield>
    </datafield>
    <datafield tag="650" ind1=" " ind2=" ">
        <subfield code="a">WOMEN IN DEVELOPMENT</subfield>
        <subfield code="0">(DHLAUTH)269878</subfield>
    </datafield>
    <datafield tag="650" ind1=" " ind2=" ">
        <subfield code="a">STATISTICS</subfield>
        <subfield code="0">(DHLAUTH)269347</subfield>
    </datafield>
    <datafield tag="650" ind1=" " ind2=" ">
        <subfield code="a">TRANSPORT</subfield>
        <subfield code="0">(DHLAUTH)272243</subfield>
    </datafield>
    <datafield tag="650" ind1=" " ind2=" ">
        <subfield code="a">TECHNICAL COOPERATION</subfield>
        <subfield code="0">(DHLAUTH)268658</subfield>
    </datafield>
</record>
<record>
    <datafield tag="191" ind1=" " ind2=" ">
        <subfield code="a">E/ESCWA/C.1/17/6/REV.2</subfield>
    </datafield>
    <datafield tag="191" ind1=" " ind2=" ">
        <subfield code="a">E/ESCWA/17/16</subfield>
    </datafield>
    <datafield tag="245" ind1=" " ind2=" ">
        <subfield code="a">REPORT OF THE TECHNICAL COMMITTEE ON THE WORK OF ITS EIGHTH SESSION</subfield>
    </datafield>
    <datafield tag="246" ind1=" " ind2=" ">
        <subfield code="a">تقرير اللجنة الفنية عن أعمال دورتها الثامنة</subfield>
    </datafield>
    <datafield tag="269" ind1=" " ind2=" ">
        <subfield code="a">19931207</subfield>
    </datafield>
    <datafield tag="650" ind1=" " ind2=" ">
        <subfield code="a">WORK PROGRAMME</subfield>
        <subfield code="0">(DHLAUTH)275800</subfield>
    </datafield>
    <datafield tag="650" ind1=" " ind2=" ">
        <subfield code="a">WORK ORGANIZATION</subfield>
        <subfield code="0">(DHLAUTH)275746</subfield>
    </datafield>
    <datafield tag="650" ind1=" " ind2=" ">
        <subfield code="a">WESTERN ASIA</subfield>
        <subfield code="0">(DHLAUTH)275490</subfield>
    </datafield>
    <datafield tag="650" ind1=" " ind2=" ">
        <subfield code="a">RESOLUTIONS AND DECISIONS</subfield>
        <subfield code="0">(DHLAUTH)275677</subfield>
    </datafield>
</record>
<record>
    <datafield tag="191" ind1=" " ind2=" ">
        <subfield code="a">E/ESCWA/C.1/17/INF.1</subfield>
    </datafield>
    <datafield tag="246" ind1=" " ind2=" ">
        <subfield code="a">قائمة مؤقتة بأسماء المشاركين, الدورة الثامنة 11-13 تشرين الاول/اكتوبر 1993 عمان</subfield>
    </datafield>
    <datafield tag="269" ind1=" " ind2=" ">
        <subfield code="a">19931011</subfield>
    </datafield>
    <datafield tag="650" ind1=" " ind2=" ">
        <subfield code="a">PARTICIPANTS</subfield>
        <subfield code="0">(DHLAUTH)275785</subfield>
    </datafield>
    <datafield tag="650" ind1=" " ind2=" ">
        <subfield code="a">WESTERN ASIA</subfield>
        <subfield code="0">(DHLAUTH)275490</subfield>
    </datafield>
</record>
<record>
    <datafield tag="191" ind1=" " ind2=" ">
        <subfield code="a">E/ESCWA/C.1/17/L.1/REV.2</subfield>
    </datafield>
    <datafield tag="246" ind1=" " ind2=" ">
        <subfield code="a">جدول الاعمال المؤقت, الدورة الثامنة 11-13 تشرين الاول/اكتوبر 1993 عمان</subfield>
    </datafield>
    <datafield tag="269" ind1=" " ind2=" ">
        <subfield code="a">19930913</subfield>
    </datafield>
    <datafield tag="650" ind1=" " ind2=" ">
        <subfield code="a">AGENDA</subfield>
        <subfield code="0">(DHLAUTH)275133</subfield>
    </datafield>
    <datafield tag="650" ind1=" " ind2=" ">
        <subfield code="a">WESTERN ASIA</subfield>
        <subfield code="0">(DHLAUTH)275490</subfield>
    </datafield>
</record>
<record>
    <datafield tag="191" ind1=" " ind2=" ">
        <subfield code="a">E/ESCWA/C.1/17/L.1/REV.2/ADD.1</subfield>
    </datafield>
    <datafield tag="246" ind1=" " ind2=" ">
        <subfield code="a">جدول الاعمال المؤقت المشروح, الدورة الثامنة 11-13 تشرين الاول/اكتوبر 1993 عمان</subfield>
    </datafield>
    <datafield tag="269" ind1=" " ind2=" ">
        <subfield code="a">19931004</subfield>
    </datafield>
    <datafield tag="650" ind1=" " ind2=" ">
        <subfield code="a">AGENDA</subfield>
        <subfield code="0">(DHLAUTH)275133</subfield>
    </datafield>
    <datafield tag="650" ind1=" " ind2=" ">
        <subfield code="a">WESTERN ASIA</subfield>
        <subfield code="0">(DHLAUTH)275490</subfield>
    </datafield>
</record>
<record>
    <datafield tag="191" ind1=" " ind2=" ">
        <subfield code="a">E/ESCWA/C.1/17/L.1/REV.3</subfield>
    </datafield>
    <datafield tag="246" ind1=" " ind2=" ">
        <subfield code="a">جدول الاعمال, الدورة الثامنة 11-13 تشرين الاول/اكتوبر 1993 عمان</subfield>
    </datafield>
    <datafield tag="269" ind1=" " ind2=" ">
        <subfield code="a">19931013</subfield>
    </datafield>
    <datafield tag="650" ind1=" " ind2=" ">
        <subfield code="a">AGENDA</subfield>
        <subfield code="0">(DHLAUTH)275133</subfield>
    </datafield>
    <datafield tag="650" ind1=" " ind2=" ">
        <subfield code="a">WESTERN ASIA</subfield>
        <subfield code="0">(DHLAUTH)275490</subfield>
    </datafield>
</record>
<record>
    <datafield tag="191" ind1=" " ind2=" ">
        <subfield code="a">E/ESCWA/C.1/18/10</subfield>
    </datafield>
    <datafield tag="245" ind1=" " ind2=" ">
        <subfield code="a">FINANCIAL STATUS OF THE COMMISSION'S PROGRAMMES, NOTE BY THE EXECUTIVE SECRETARY</subfield>
    </datafield>
    <datafield tag="246" ind1=" " ind2=" ">
        <subfield code="a">الوضع المالي لبرامج اللجنة, مذكرة من الامين التنفيذي</subfield>
    </datafield>
    <datafield tag="269" ind1=" " ind2=" ">
        <subfield code="a">19950314</subfield>
    </datafield>
    <datafield tag="650" ind1=" " ind2=" ">
        <subfield code="a">FINANCIAL ASPECTS</subfield>
        <subfield code="0">(DHLAUTH)275767</subfield>
    </datafield>
    <datafield tag="650" ind1=" " ind2=" ">
        <subfield code="a">WESTERN ASIA</subfield>
        <subfield code="0">(DHLAUTH)275490</subfield>
    </datafield>
    <datafield tag="650" ind1=" " ind2=" ">
        <subfield code="a">EXTRABUDGETARY FINANCING</subfield>
        <subfield code="0">(DHLAUTH)275753</subfield>
    </datafield>
    <datafield tag="650" ind1=" " ind2=" ">
        <subfield code="a">ACTIVITIES</subfield>
        <subfield code="0">(DHLAUTH)275823</subfield>
    </datafield>
</record>
<record>
    <datafield tag="191" ind1=" " ind2=" ">
        <subfield code="a">E/ESCWA/C.1/18/11</subfield>
    </datafield>
    <datafield tag="245" ind1=" " ind2=" ">
        <subfield code="a">REPORT ON THE ADVISORY COMMITTEE ESTABLISHED PURSUANT TO RESOLUTION 175 (XV)ON THE STRENGTHENING OF THE ROLE AND PERFORMANCE OF THE ECONOMIC AND SOCIAL COMMISSION FOR WESTERN ASIA</subfield>
    </datafield>
    <datafield tag="246" ind1=" " ind2=" ">
        <subfield code="a">تقرير عن الهيئة الاستشارية المنشاة بموجب قرار اللجنة 175 (د-15) بشان تعزيز دور واداء اللجنة الاقتصادية والاجتماعية لغربي آسيا</subfield>
    </datafield>
    <datafield tag="269" ind1=" " ind2=" ">
        <subfield code="a">19950508</subfield>
    </datafield>
    <datafield tag="650" ind1=" " ind2=" ">
        <subfield code="a">RESOLUTIONS AND DECISIONS</subfield>
        <subfield code="0">(DHLAUTH)275677</subfield>
    </datafield>
    <datafield tag="650" ind1=" " ind2=" ">
        <subfield code="a">WESTERN ASIA</subfield>
        <subfield code="0">(DHLAUTH)275490</subfield>
    </datafield>
</record>
<record>
    <datafield tag="191" ind1=" " ind2=" ">
        <subfield code="a">E/ESCWA/C.1/18/1/REV.2</subfield>
    </datafield>
    <datafield tag="246" ind1=" " ind2=" ">
        <subfield code="a">جدول الاعمال, اللجنة الفنية الدورة التاسعة 22-23 ايار/مايو 1995 بيروت</subfield>
    </datafield>
    <datafield tag="269" ind1=" " ind2=" ">
        <subfield code="a">19950425</subfield>
    </datafield>
    <datafield tag="650" ind1=" " ind2=" ">
        <subfield code="a">AGENDA</subfield>
        <subfield code="0">(DHLAUTH)275133</subfield>
    </datafield>
    <datafield tag="650" ind1=" " ind2=" ">
        <subfield code="a">WESTERN ASIA</subfield>
        <subfield code="0">(DHLAUTH)275490</subfield>
    </datafield>
</record>
<record>
    <datafield tag="191" ind1=" " ind2=" ">
        <subfield code="a">E/ESCWA/C.1/18/2</subfield>
    </datafield>
    <datafield tag="246" ind1=" " ind2=" ">
        <subfield code="a">تنظيم الاعمال, اللجنة الفنية الدورة التاسعة 22-23 ايار/مايو 1995 بيروت</subfield>
    </datafield>
    <datafield tag="269" ind1=" " ind2=" ">
        <subfield code="a">19950515</subfield>
    </datafield>
    <datafield tag="650" ind1=" " ind2=" ">
        <subfield code="a">WORK ORGANIZATION</subfield>
        <subfield code="0">(DHLAUTH)275746</subfield>
    </datafield>
    <datafield tag="650" ind1=" " ind2=" ">
        <subfield code="a">WESTERN ASIA</subfield>
        <subfield code="0">(DHLAUTH)275490</subfield>
    </datafield>
</record>
<record>
    <datafield tag="191" ind1=" " ind2=" ">
        <subfield code="a">E/ESCWA/C.1/18/3</subfield>
    </datafield>
    <datafield tag="245" ind1=" " ind2=" ">
        <subfield code="a">INVITATION TO STATES MEMBERS OF THE UNITED NATIONS OR OF THE SPECIALIZED AGENCIES NOT MEMBERS OF THE COMMISSION TO PARTICIPATE IN THE CAPACITY OF OBSERVER IN THE EIGHTEENTH SESSION OF THE COMMISSION</subfield>
    </datafield>
    <datafield tag="246" ind1=" " ind2=" ">
        <subfield code="a">دعوة الدول الاعضاء في الامم المتحدة او في الوكالات المتخصصة التي ليست اعضاء في اللجنة الاقتصادية والاجتماعية لغربي اسيا للاشتراك بصفة مراقب في الدورة الثامنة عشرة, اللجنة الفنية الدورة التاسعة 22-23 ايار/مايو 1995 بيروت</subfield>
    </datafield>
    <datafield tag="269" ind1=" " ind2=" ">
        <subfield code="a">19950518</subfield>
    </datafield>
    <datafield tag="650" ind1=" " ind2=" ">
        <subfield code="a">SPECIALIZED AGENCIES</subfield>
        <subfield code="0">(DHLAUTH)268581</subfield>
    </datafield>
    <datafield tag="650" ind1=" " ind2=" ">
        <subfield code="a">WESTERN ASIA</subfield>
        <subfield code="0">(DHLAUTH)275490</subfield>
    </datafield>
    <datafield tag="650" ind1=" " ind2=" ">
        <subfield code="a">PARTICIPANTS</subfield>
        <subfield code="0">(DHLAUTH)275785</subfield>
    </datafield>
</record>
<record>
    <datafield tag="191" ind1=" " ind2=" ">
        <subfield code="a">E/ESCWA/C.1/18/4(PARTII)</subfield>
    </datafield>
    <datafield tag="245" ind1=" " ind2=" ">
        <subfield code="a">REPORT OF THE EXECUTIVE SECRETARY ON THE ACTIVITIES OF THE COMMISSION PROGRESS MADE DURING 1994 IN THE IMPLEMENTATION OF THE PROGRAMME OF WORK FOR THE BIENNIUM 1994-1995 : TECHNICAL COOPERATION ACTIVITIES</subfield>
    </datafield>
    <datafield tag="246" ind1=" " ind2=" ">
        <subfield code="a">تقرير الامين التنفيذي عن انشطة اللجنة التقدم المحرز خلال عام 1994 في تنفيذ برنامج العمل لفترة السنتين 1994-1995 : انشطة التعاون الفني</subfield>
    </datafield>
    <datafield tag="269" ind1=" " ind2=" ">
        <subfield code="a">19950308</subfield>
    </datafield>
    <datafield tag="650" ind1=" " ind2=" ">
        <subfield code="a">ACTIVITIES</subfield>
        <subfield code="0">(DHLAUTH)275823</subfield>
    </datafield>
    <datafield tag="650" ind1=" " ind2=" ">
        <subfield code="a">WESTERN ASIA</subfield>
        <subfield code="0">(DHLAUTH)275490</subfield>
    </datafield>
    <datafield tag="650" ind1=" " ind2=" ">
        <subfield code="a">PROGRAMME IMPLEMENTATION</subfield>
        <subfield code="0">(DHLAUTH)275794</subfield>
    </datafield>
    <datafield tag="650" ind1=" " ind2=" ">
        <subfield code="a">TECHNICAL COOPERATION</subfield>
        <subfield code="0">(DHLAUTH)268658</subfield>
    </datafield>
</record>
<record>
    <datafield tag="191" ind1=" " ind2=" ">
        <subfield code="a">E/ESCWA/C.1/18/4(PARTI)</subfield>
    </datafield>
    <datafield tag="245" ind1=" " ind2=" ">
        <subfield code="a">PROGRESS MADE DURING 1994 IN THE IMPLEMENTATION OF THE PROGRAMME OF WORK FOR THE BIENNIUM 1994-1995 : REPORT OF THE EXECUTIVE SECRETARY ON THE ACTIVITIES OF THE COMMISSION</subfield>
    </datafield>
    <datafield tag="269" ind1=" " ind2=" ">
        <subfield code="a">19950427</subfield>
    </datafield>
    <datafield tag="650" ind1=" " ind2=" ">
        <subfield code="a">WORK PROGRAMME</subfield>
        <subfield code="0">(DHLAUTH)275800</subfield>
    </datafield>
    <datafield tag="650" ind1=" " ind2=" ">
        <subfield code="a">PROGRAMME PRIORITIES</subfield>
        <subfield code="0">(DHLAUTH)275763</subfield>
    </datafield>
    <datafield tag="650" ind1=" " ind2=" ">
        <subfield code="a">ACTIVITIES</subfield>
        <subfield code="0">(DHLAUTH)275823</subfield>
    </datafield>
    <datafield tag="650" ind1=" " ind2=" ">
        <subfield code="a">WESTERN ASIA</subfield>
        <subfield code="0">(DHLAUTH)275490</subfield>
    </datafield>
    <datafield tag="650" ind1=" " ind2=" ">
        <subfield code="a">CONFERENCES</subfield>
        <subfield code="0">(DHLAUTH)275758</subfield>
    </datafield>
    <datafield tag="650" ind1=" " ind2=" ">
        <subfield code="a">PROGRAMME IMPLEMENTATION</subfield>
        <subfield code="0">(DHLAUTH)275794</subfield>
    </datafield>
</record>
<record>
    <datafield tag="191" ind1=" " ind2=" ">
        <subfield code="a">E/ESCWA/C.1/18/4(PARTI)/ADD.1</subfield>
    </datafield>
    <datafield tag="245" ind1=" " ind2=" ">
        <subfield code="a">REPORT ON FOLLOW-UP ACTION ON THE ACTIVITIES OF THE TRANSPORT AND COMMUNICATIONS DECADE IN WESTERN ASIA (1985-1994) </subfield>
    </datafield>
    <datafield tag="246" ind1=" " ind2=" ">
        <subfield code="a">تقرير عن اعمال متابعة تنفيذ نشاطات عقد النقل والمواصلات في غربي آسيا (1985-1994)</subfield>
    </datafield>
    <datafield tag="269" ind1=" " ind2=" ">
        <subfield code="a">19950201</subfield>
    </datafield>
    <datafield tag="650" ind1=" " ind2=" ">
        <subfield code="a">WESTERN ASIA</subfield>
        <subfield code="0">(DHLAUTH)275490</subfield>
    </datafield>
    <datafield tag="650" ind1=" " ind2=" ">
        <subfield code="a">ACTIVITIES</subfield>
        <subfield code="0">(DHLAUTH)275823</subfield>
    </datafield>
    <datafield tag="650" ind1=" " ind2=" ">
        <subfield code="a">PROGRAMME IMPLEMENTATION</subfield>
        <subfield code="0">(DHLAUTH)275794</subfield>
    </datafield>
    <datafield tag="650" ind1=" " ind2=" ">
        <subfield code="a">WORK PROGRAMME</subfield>
        <subfield code="0">(DHLAUTH)275800</subfield>
    </datafield>
    <datafield tag="650" ind1=" " ind2=" ">
        <subfield code="a">TRANSPORT</subfield>
        <subfield code="0">(DHLAUTH)272243</subfield>
    </datafield>
    <datafield tag="650" ind1=" " ind2=" ">
        <subfield code="a">COMMUNICATIONS</subfield>
        <subfield code="0">(DHLAUTH)272411</subfield>
    </datafield>
</record>
<record>
    <datafield tag="191" ind1=" " ind2=" ">
        <subfield code="a">E/ESCWA/C.1/18/4(PARTI)/ADD.2</subfield>
    </datafield>
    <datafield tag="245" ind1=" " ind2=" ">
        <subfield code="a">REPORT ON PROGRESS MADE IN THE ESCWA PLAN TO IMPLEMENT AGENDA 21 IN THE REGION, FOR SUBMISSION TO THE COMMISSION ON SUSTAINABLE DEVELOPMENT AND THE ECONOMIC AND SOCIAL COUNCIL</subfield>
    </datafield>
    <datafield tag="246" ind1=" " ind2=" ">
        <subfield code="a">تقرير عن التقدم المحرز في خطة الاسكوا لتنفيذ جدول اعمال القرن 21 في المنطقة لعرضه على لجنة التنمية المستدامة والمجلس الاقتصادي والاجتماعي التابع للامم المتحدة</subfield>
    </datafield>
    <datafield tag="269" ind1=" " ind2=" ">
        <subfield code="a">19950201</subfield>
    </datafield>
    <datafield tag="650" ind1=" " ind2=" ">
        <subfield code="a">ACTIVITIES</subfield>
        <subfield code="0">(DHLAUTH)275823</subfield>
    </datafield>
    <datafield tag="650" ind1=" " ind2=" ">
        <subfield code="a">WESTERN ASIA</subfield>
        <subfield code="0">(DHLAUTH)275490</subfield>
    </datafield>
    <datafield tag="650" ind1=" " ind2=" ">
        <subfield code="a">PROGRAMME IMPLEMENTATION</subfield>
        <subfield code="0">(DHLAUTH)275794</subfield>
    </datafield>
    <datafield tag="650" ind1=" " ind2=" ">
        <subfield code="a">SUSTAINABLE DEVELOPMENT</subfield>
        <subfield code="0">(DHLAUTH)269920</subfield>
    </datafield>
</record>
<record>
    <datafield tag="191" ind1=" " ind2=" ">
        <subfield code="a">E/ESCWA/C.1/18/4(PARTI)/ADD.3</subfield>
    </datafield>
    <datafield tag="245" ind1=" " ind2=" ">
        <subfield code="a">PREPARATIONS FOR REGIONAL PREPARATORY MEETINGS FOR WORLD CONFERENCES : REPORT OF THE EXECUTIVE SECRETARY ON THE ACTIVITIES OF THE COMMISSION:PROGRESS MADE DURING 1994 IN THE IMPLEMENTATION OF THE PROGRAMME OF WORK FOR THE BIENNIUM 1994-1995</subfield>
    </datafield>
    <datafield tag="246" ind1=" " ind2=" ">
        <subfield code="a">التقدم المحرز خلال عام 1994 في تنفيذ برنامج العمل لفترة السنتين 1994-1995 : اعمال التحضير للاجتماعات الاقليمية التحضرية للمؤتمرات العالمية</subfield>
    </datafield>
    <datafield tag="269" ind1=" " ind2=" ">
        <subfield code="a">19950406</subfield>
    </datafield>
    <datafield tag="650" ind1=" " ind2=" ">
        <subfield code="a">WORK PROGRAMME</subfield>
        <subfield code="0">(DHLAUTH)275800</subfield>
    </datafield>
    <datafield tag="650" ind1=" " ind2=" ">
        <subfield code="a">PROGRAMME PRIORITIES</subfield>
        <subfield code="0">(DHLAUTH)275763</subfield>
    </datafield>
    <datafield tag="650" ind1=" " ind2=" ">
        <subfield code="a">ACTIVITIES</subfield>
        <subfield code="0">(DHLAUTH)275823</subfield>
    </datafield>
    <datafield tag="650" ind1=" " ind2=" ">
        <subfield code="a">WESTERN ASIA</subfield>
        <subfield code="0">(DHLAUTH)275490</subfield>
    </datafield>
    <datafield tag="650" ind1=" " ind2=" ">
        <subfield code="a">CONFERENCES</subfield>
        <subfield code="0">(DHLAUTH)275758</subfield>
    </datafield>
    <datafield tag="650" ind1=" " ind2=" ">
        <subfield code="a">PROGRAMME IMPLEMENTATION</subfield>
        <subfield code="0">(DHLAUTH)275794</subfield>
    </datafield>
</record>
<record>
    <datafield tag="191" ind1=" " ind2=" ">
        <subfield code="a">E/ESCWA/C.1/18/4(PARTI)/REV.1</subfield>
    </datafield>
    <datafield tag="246" ind1=" " ind2=" ">
        <subfield code="a">التقدم المحرز خلال عام 1994 في تنفيذ برنامج العمل لفترة السنتين 1994-1995 : تقرير الامين التنفيذي عن انشطة اللجنة</subfield>
    </datafield>
    <datafield tag="269" ind1=" " ind2=" ">
        <subfield code="a">19950427</subfield>
    </datafield>
    <datafield tag="650" ind1=" " ind2=" ">
        <subfield code="a">WORK PROGRAMME</subfield>
        <subfield code="0">(DHLAUTH)275800</subfield>
    </datafield>
    <datafield tag="650" ind1=" " ind2=" ">
        <subfield code="a">CONFERENCES</subfield>
        <subfield code="0">(DHLAUTH)275758</subfield>
    </datafield>
    <datafield tag="650" ind1=" " ind2=" ">
        <subfield code="a">ACTIVITIES</subfield>
        <subfield code="0">(DHLAUTH)275823</subfield>
    </datafield>
    <datafield tag="650" ind1=" " ind2=" ">
        <subfield code="a">PROGRAMME PRIORITIES</subfield>
        <subfield code="0">(DHLAUTH)275763</subfield>
    </datafield>
    <datafield tag="650" ind1=" " ind2=" ">
        <subfield code="a">PROGRAMME IMPLEMENTATION</subfield>
        <subfield code="0">(DHLAUTH)275794</subfield>
    </datafield>
    <datafield tag="650" ind1=" " ind2=" ">
        <subfield code="a">WESTERN ASIA</subfield>
        <subfield code="0">(DHLAUTH)275490</subfield>
    </datafield>
</record>
<record>
    <datafield tag="191" ind1=" " ind2=" ">
        <subfield code="a">E/ESCWA/C.1/18/5</subfield>
    </datafield>
    <datafield tag="245" ind1=" " ind2=" ">
        <subfield code="a">REPORT OF THE EXECUTIVE SECRETARY ON THE ACTIVITIES OF THE COMMISSION : FOLLOW-UP ACTION ON THE RESOLUTIONS OF THE COMMISSION ADOPTED AT ITS SEVENTEENTH SESSION</subfield>
    </datafield>
    <datafield tag="246" ind1=" " ind2=" ">
        <subfield code="a">تقرير الامين التنفيذي عن انشطة اللجنة متابعة القرارات الصادرة عن اللجنة في دورتها السابعة عشرة</subfield>
    </datafield>
    <datafield tag="269" ind1=" " ind2=" ">
        <subfield code="a">19950429</subfield>
    </datafield>
    <datafield tag="650" ind1=" " ind2=" ">
        <subfield code="a">WESTERN ASIA</subfield>
        <subfield code="0">(DHLAUTH)275490</subfield>
    </datafield>
    <datafield tag="650" ind1=" " ind2=" ">
        <subfield code="a">RESOLUTIONS AND DECISIONS</subfield>
        <subfield code="0">(DHLAUTH)275677</subfield>
    </datafield>
    <datafield tag="650" ind1=" " ind2=" ">
        <subfield code="a">CONFERENCES</subfield>
        <subfield code="0">(DHLAUTH)275758</subfield>
    </datafield>
    <datafield tag="650" ind1=" " ind2=" ">
        <subfield code="a">AGENDA</subfield>
        <subfield code="0">(DHLAUTH)275133</subfield>
    </datafield>
    <datafield tag="650" ind1=" " ind2=" ">
        <subfield code="a">HUMAN SETTLEMENTS</subfield>
        <subfield code="0">(DHLAUTH)273542</subfield>
    </datafield>
</record>
<record>
    <datafield tag="191" ind1=" " ind2=" ">
        <subfield code="a">E/ESCWA/C.1/18/5/ADD.1</subfield>
    </datafield>
    <datafield tag="245" ind1=" " ind2=" ">
        <subfield code="a">RESOLUTION 197 (XVII) ON THE PERMANENT HEADQUARTERS OF THE ECONOMIC AND SOCIAL COMMISSION FOR WESTERN ASIA</subfield>
    </datafield>
    <datafield tag="269" ind1=" " ind2=" ">
        <subfield code="a">19950507</subfield>
    </datafield>
    <datafield tag="650" ind1=" " ind2=" ">
        <subfield code="a">ACTIVITIES</subfield>
        <subfield code="0">(DHLAUTH)275823</subfield>
    </datafield>
    <datafield tag="650" ind1=" " ind2=" ">
        <subfield code="a">WESTERN ASIA</subfield>
        <subfield code="0">(DHLAUTH)275490</subfield>
    </datafield>
    <datafield tag="650" ind1=" " ind2=" ">
        <subfield code="a">RESOLUTIONS AND DECISIONS</subfield>
        <subfield code="0">(DHLAUTH)275677</subfield>
    </datafield>
</record>
<record>
    <datafield tag="191" ind1=" " ind2=" ">
        <subfield code="a">E/ESCWA/C.1/18/5/ADD.1/REV.1</subfield>
    </datafield>
    <datafield tag="246" ind1=" " ind2=" ">
        <subfield code="a">القرار 197(د-17) بشان المقر الدائم للجنة الاقتصادية والاجتماعية لغربي اسيا : تقرير الامين التنفيذي عن انشطة اللجنة متابعة القرارات الصادرة عن اللجنة في دورتها السابعة عشرة</subfield>
    </datafield>
    <datafield tag="269" ind1=" " ind2=" ">
        <subfield code="a">19950507</subfield>
    </datafield>
    <datafield tag="650" ind1=" " ind2=" ">
        <subfield code="a">WESTERN ASIA</subfield>
        <subfield code="0">(DHLAUTH)275490</subfield>
    </datafield>
    <datafield tag="650" ind1=" " ind2=" ">
        <subfield code="a">RESOLUTIONS AND DECISIONS</subfield>
        <subfield code="0">(DHLAUTH)275677</subfield>
    </datafield>
</record>
<record>
    <datafield tag="191" ind1=" " ind2=" ">
        <subfield code="a">E/ESCWA/C.1/18/5/ADD.2</subfield>
    </datafield>
    <datafield tag="245" ind1=" " ind2=" ">
        <subfield code="a">RESOLUTION 198 (XVII) ON THE ESTABLISHMENT OF A COMMITEE ON SOCIAL DEVELOPMENT WITHIN THE ECONOMIC AND SOCIAL COMMISSION FOR WESTERN ASIA : REPORT OF THE EXECUTIVE SECRETARY ON THE ACTIVITIES OF THE COMMISSION:FOLLOW-UP ACTION ON THE RESOLUTIONS OF THE COMMISSION ADOPTED AT ITS SEVENTEENTH SESSION</subfield>
    </datafield>
    <datafield tag="246" ind1=" " ind2=" ">
        <subfield code="a">القرار 198 (د-17) بشأن انشاء لجنة للتنمية الاجتماعية في اللجنة الاقتصادية والاجتماعية لغربي آسيا : تقرير الأمين التنفيذي عن انشطة اللجنة:متابعة القرارات الصادرة عن اللجنة في دورتها السابعة عشرة. </subfield>
    </datafield>
    <datafield tag="269" ind1=" " ind2=" ">
        <subfield code="a">19950404</subfield>
    </datafield>
    <datafield tag="650" ind1=" " ind2=" ">
        <subfield code="a">WESTERN ASIA</subfield>
        <subfield code="0">(DHLAUTH)275490</subfield>
    </datafield>
    <datafield tag="650" ind1=" " ind2=" ">
        <subfield code="a">RESOLUTIONS AND DECISIONS</subfield>
        <subfield code="0">(DHLAUTH)275677</subfield>
    </datafield>
    <datafield tag="650" ind1=" " ind2=" ">
        <subfield code="a">CONFERENCES</subfield>
        <subfield code="0">(DHLAUTH)275758</subfield>
    </datafield>
    <datafield tag="650" ind1=" " ind2=" ">
        <subfield code="a">AGENDA</subfield>
        <subfield code="0">(DHLAUTH)275133</subfield>
    </datafield>
    <datafield tag="650" ind1=" " ind2=" ">
        <subfield code="a">HUMAN SETTLEMENTS</subfield>
        <subfield code="0">(DHLAUTH)273542</subfield>
    </datafield>
</record>
<record>
    <datafield tag="191" ind1=" " ind2=" ">
        <subfield code="a">E/ESCWA/C.1/18/5/ADD.3</subfield>
    </datafield>
    <datafield tag="245" ind1=" " ind2=" ">
        <subfield code="a">RESOLUTION 202 (XVII) ON THE UNITED NATIONS CONFERENCE ON HUMAN SETTLEMENTS (HABITAT II) : REPORT OF THE EXECUTIVE SECRETARY ON THE ACTIVITIES OF THE COMMISSION:FOLLOW-UP ACTION ON THE RESOLUTIONS OF THE COMMISSION ADOPTED AT ITS SEVENTEENTH SESSION</subfield>
    </datafield>
    <datafield tag="246" ind1=" " ind2=" ">
        <subfield code="a">القرار 202 (د-17) بشان مؤتمر الامم المتحدة للمستوطنات البشرية (الموئل-2) : تقرير الامين التنفيذي عن انشطة اللجنة:متابعة القرارات الصادرة عن اللجنة في دورتها السابعة عشرة</subfield>
    </datafield>
    <datafield tag="269" ind1=" " ind2=" ">
        <subfield code="a">19950404</subfield>
    </datafield>
    <datafield tag="650" ind1=" " ind2=" ">
        <subfield code="a">HUMAN SETTLEMENTS</subfield>
        <subfield code="0">(DHLAUTH)273542</subfield>
    </datafield>
    <datafield tag="650" ind1=" " ind2=" ">
        <subfield code="a">CONFERENCES</subfield>
        <subfield code="0">(DHLAUTH)275758</subfield>
    </datafield>
    <datafield tag="650" ind1=" " ind2=" ">
        <subfield code="a">AGENDA</subfield>
        <subfield code="0">(DHLAUTH)275133</subfield>
    </datafield>
    <datafield tag="650" ind1=" " ind2=" ">
        <subfield code="a">RESOLUTIONS AND DECISIONS</subfield>
        <subfield code="0">(DHLAUTH)275677</subfield>
    </datafield>
    <datafield tag="650" ind1=" " ind2=" ">
        <subfield code="a">WESTERN ASIA</subfield>
        <subfield code="0">(DHLAUTH)275490</subfield>
    </datafield>
</record>
<record>
    <datafield tag="191" ind1=" " ind2=" ">
        <subfield code="a">E/ESCWA/C.1/18/6</subfield>
    </datafield>
    <datafield tag="245" ind1=" " ind2=" ">
        <subfield code="a">REPORT OF THE EXECUTIVE SECRETARY ON THE ACTIVITIES OF THE COMMISSION, PREPARATION AND FOLLOW-UP ACTION AT THE REGIONAL LEVEL ON UNITED NATIONS WORLD CONFERENCES AND ESCWA REGIONAL MEETINGS</subfield>
    </datafield>
    <datafield tag="269" ind1=" " ind2=" ">
        <subfield code="a">19950406</subfield>
    </datafield>
    <datafield tag="650" ind1=" " ind2=" ">
        <subfield code="a">ACTIVITIES</subfield>
        <subfield code="0">(DHLAUTH)275823</subfield>
    </datafield>
    <datafield tag="650" ind1=" " ind2=" ">
        <subfield code="a">WESTERN ASIA</subfield>
        <subfield code="0">(DHLAUTH)275490</subfield>
    </datafield>
    <datafield tag="650" ind1=" " ind2=" ">
        <subfield code="a">CONFERENCES</subfield>
        <subfield code="0">(DHLAUTH)275758</subfield>
    </datafield>
    <datafield tag="650" ind1=" " ind2=" ">
        <subfield code="a">POPULATION</subfield>
        <subfield code="0">(DHLAUTH)272994</subfield>
    </datafield>
    <datafield tag="650" ind1=" " ind2=" ">
        <subfield code="a">WOMEN</subfield>
        <subfield code="0">(DHLAUTH)273032</subfield>
    </datafield>
    <datafield tag="650" ind1=" " ind2=" ">
        <subfield code="a">EQUALITY</subfield>
        <subfield code="0">(DHLAUTH)268334</subfield>
    </datafield>
    <datafield tag="650" ind1=" " ind2=" ">
        <subfield code="a">DEVELOPMENT</subfield>
        <subfield code="0">(DHLAUTH)269844</subfield>
    </datafield>
    <datafield tag="650" ind1=" " ind2=" ">
        <subfield code="a">HUMAN SETTLEMENTS</subfield>
        <subfield code="0">(DHLAUTH)273542</subfield>
    </datafield>
    <datafield tag="650" ind1=" " ind2=" ">
        <subfield code="a">RECOMMENDATIONS</subfield>
        <subfield code="0">(DHLAUTH)275840</subfield>
    </datafield>
    <datafield tag="650" ind1=" " ind2=" ">
        <subfield code="a">SOCIAL DEVELOPMENT</subfield>
        <subfield code="0">(DHLAUTH)269873</subfield>
    </datafield>
    <datafield tag="650" ind1=" " ind2=" ">
        <subfield code="a">ARABS</subfield>
        <subfield code="0">(DHLAUTH)273264</subfield>
    </datafield>
    <datafield tag="650" ind1=" " ind2=" ">
        <subfield code="a">PARTNERSHIP</subfield>
        <subfield code="0">(DHLAUTH)269206</subfield>
    </datafield>
    <datafield tag="650" ind1=" " ind2=" ">
        <subfield code="a">FAMILY</subfield>
        <subfield code="0">(DHLAUTH)269293</subfield>
    </datafield>
</record>
<record>
    <datafield tag="191" ind1=" " ind2=" ">
        <subfield code="a">E/ESCWA/C.1/18/6/REV.1</subfield>
    </datafield>
    <datafield tag="246" ind1=" " ind2=" ">
        <subfield code="a">تقرير الامين التنفيذي عن انشطة اللجنة, اعمال التحضير والمتابعة على الصعيد الاقليمي للمؤتمرات العالمية للامم المتحدة والاجتماعات الاقليمية للاسكوا</subfield>
    </datafield>
    <datafield tag="269" ind1=" " ind2=" ">
        <subfield code="a">19950406</subfield>
    </datafield>
    <datafield tag="650" ind1=" " ind2=" ">
        <subfield code="a">WESTERN ASIA</subfield>
        <subfield code="0">(DHLAUTH)275490</subfield>
    </datafield>
    <datafield tag="650" ind1=" " ind2=" ">
        <subfield code="a">CONFERENCES</subfield>
        <subfield code="0">(DHLAUTH)275758</subfield>
    </datafield>
    <datafield tag="650" ind1=" " ind2=" ">
        <subfield code="a">WOMEN</subfield>
        <subfield code="0">(DHLAUTH)273032</subfield>
    </datafield>
    <datafield tag="650" ind1=" " ind2=" ">
        <subfield code="a">SOCIAL DEVELOPMENT</subfield>
        <subfield code="0">(DHLAUTH)269873</subfield>
    </datafield>
    <datafield tag="650" ind1=" " ind2=" ">
        <subfield code="a">FAMILY</subfield>
        <subfield code="0">(DHLAUTH)269293</subfield>
    </datafield>
    <datafield tag="650" ind1=" " ind2=" ">
        <subfield code="a">ARABS</subfield>
        <subfield code="0">(DHLAUTH)273264</subfield>
    </datafield>
    <datafield tag="650" ind1=" " ind2=" ">
        <subfield code="a">HUMAN SETTLEMENTS</subfield>
        <subfield code="0">(DHLAUTH)273542</subfield>
    </datafield>
    <datafield tag="650" ind1=" " ind2=" ">
        <subfield code="a">DEVELOPMENT</subfield>
        <subfield code="0">(DHLAUTH)269844</subfield>
    </datafield>
    <datafield tag="650" ind1=" " ind2=" ">
        <subfield code="a">EQUALITY</subfield>
        <subfield code="0">(DHLAUTH)268334</subfield>
    </datafield>
    <datafield tag="650" ind1=" " ind2=" ">
        <subfield code="a">PEACE</subfield>
        <subfield code="0">(DHLAUTH)268448</subfield>
    </datafield>
</record>
<record>
    <datafield tag="191" ind1=" " ind2=" ">
        <subfield code="a">E/ESCWA/C.1/18/7</subfield>
    </datafield>
    <datafield tag="245" ind1=" " ind2=" ">
        <subfield code="a">COOPERATION AMONG DEVELOPING COUNTRIES AND REGIONAL ORGANIZATIONS</subfield>
    </datafield>
    <datafield tag="246" ind1=" " ind2=" ">
        <subfield code="a">التعاون فيما بين البلدان النامية ومع المنظمات الاقليمية : تقرير الامين التنفيذي عن انشطة اللجنة</subfield>
    </datafield>
    <datafield tag="269" ind1=" " ind2=" ">
        <subfield code="a">19950308</subfield>
    </datafield>
    <datafield tag="650" ind1=" " ind2=" ">
        <subfield code="a">COOPERATION BETWEEN ORGANIZATIONS</subfield>
        <subfield code="0">(DHLAUTH)268652</subfield>
    </datafield>
    <datafield tag="650" ind1=" " ind2=" ">
        <subfield code="a">TECHNICAL COOPERATION</subfield>
        <subfield code="0">(DHLAUTH)268658</subfield>
    </datafield>
    <datafield tag="650" ind1=" " ind2=" ">
        <subfield code="a">REGIONAL ORGANIZATIONS</subfield>
        <subfield code="0">(DHLAUTH)268718</subfield>
    </datafield>
    <datafield tag="650" ind1=" " ind2=" ">
        <subfield code="a">DEVELOPING COUNTRIES</subfield>
        <subfield code="0">(DHLAUTH)268442</subfield>
    </datafield>
    <datafield tag="650" ind1=" " ind2=" ">
        <subfield code="a">WESTERN ASIA</subfield>
        <subfield code="0">(DHLAUTH)275490</subfield>
    </datafield>
</record>
<record>
    <datafield tag="191" ind1=" " ind2=" ">
        <subfield code="a">E/ESCWA/C.1/18/8</subfield>
    </datafield>
    <datafield tag="245" ind1=" " ind2=" ">
        <subfield code="a">CURRENT ISSUES OF IMPORTANCE TO THE ESCWA REGION (COMMISSION RESOLUTION 119 (X)) : IMPACT OF THE SINGLE EUROPEAN MARKET ON THE ESCWA MEMBER COUNTRIES:EXECUTIVE SUMMARY:NOTE BY THE EXECUTIVE SECRETARY</subfield>
    </datafield>
    <datafield tag="246" ind1=" " ind2=" ">
        <subfield code="a">قاضية او مشكلات راهنة هامة لبلدان المنطقة (قرار اللجنة 119 (د-10)) : آثار قيام السوق الاوروبية الموحدة على الدول الاعضاء في الاسكوا ملخص لاهم التفاصيل, مذكرة من الامين التنفيذي</subfield>
    </datafield>
    <datafield tag="269" ind1=" " ind2=" ">
        <subfield code="a">19950404</subfield>
    </datafield>
    <datafield tag="650" ind1=" " ind2=" ">
        <subfield code="a">AGRICULTURAL PRODUCTS</subfield>
        <subfield code="0">(DHLAUTH)270579</subfield>
    </datafield>
    <datafield tag="650" ind1=" " ind2=" ">
        <subfield code="a">MANUFACTURING</subfield>
        <subfield code="0">(DHLAUTH)271821</subfield>
    </datafield>
    <datafield tag="650" ind1=" " ind2=" ">
        <subfield code="a">TEXTILE INDUSTRY</subfield>
        <subfield code="0">(DHLAUTH)272084</subfield>
    </datafield>
    <datafield tag="650" ind1=" " ind2=" ">
        <subfield code="a">CLOTHING INDUSTRY</subfield>
        <subfield code="0">(DHLAUTH)272080</subfield>
    </datafield>
    <datafield tag="650" ind1=" " ind2=" ">
        <subfield code="a">PETROCHEMICAL INDUSTRY</subfield>
        <subfield code="0">(DHLAUTH)271276</subfield>
    </datafield>
    <datafield tag="650" ind1=" " ind2=" ">
        <subfield code="a">FOOD INDUSTRY</subfield>
        <subfield code="0">(DHLAUTH)271313</subfield>
    </datafield>
    <datafield tag="650" ind1=" " ind2=" ">
        <subfield code="a">BANKING</subfield>
        <subfield code="0">(DHLAUTH)270339</subfield>
    </datafield>
    <datafield tag="650" ind1=" " ind2=" ">
        <subfield code="a">FINANCE</subfield>
        <subfield code="0">(DHLAUTH)269616</subfield>
    </datafield>
    <datafield tag="650" ind1=" " ind2=" ">
        <subfield code="a">SCIENCE AND TECHNOLOGY</subfield>
        <subfield code="0">(DHLAUTH)275209</subfield>
    </datafield>
    <datafield tag="650" ind1=" " ind2=" ">
        <subfield code="a">RECOMMENDATIONS</subfield>
        <subfield code="0">(DHLAUTH)275840</subfield>
    </datafield>
</record>
<record>
    <datafield tag="191" ind1=" " ind2=" ">
        <subfield code="a">E/ESCWA/19/4/REV.1</subfield>
    </datafield>
    <datafield tag="191" ind1=" " ind2=" ">
        <subfield code="a">E/ESCWA/C.1/19/14/REV.1</subfield>
    </datafield>
    <datafield tag="246" ind1=" " ind2=" ">
        <subfield code="a">تقرير اللجنة الفنية عن أعمال دورتها العاشرة الى الدورة التاسعة عشرة للأسكوا</subfield>
    </datafield>
    <datafield tag="269" ind1=" " ind2=" ">
        <subfield code="a">19970513</subfield>
    </datafield>
    <datafield tag="650" ind1=" " ind2=" ">
        <subfield code="a">WORK PROGRAMME</subfield>
        <subfield code="0">(DHLAUTH)275800</subfield>
    </datafield>
    <datafield tag="650" ind1=" " ind2=" ">
        <subfield code="a">WORK ORGANIZATION</subfield>
        <subfield code="0">(DHLAUTH)275746</subfield>
    </datafield>
    <datafield tag="650" ind1=" " ind2=" ">
        <subfield code="a">WESTERN ASIA</subfield>
        <subfield code="0">(DHLAUTH)275490</subfield>
    </datafield>
    <datafield tag="650" ind1=" " ind2=" ">
        <subfield code="a">RECOMMENDATIONS</subfield>
        <subfield code="0">(DHLAUTH)275840</subfield>
    </datafield>
    <datafield tag="650" ind1=" " ind2=" ">
        <subfield code="a">PARTICIPANTS</subfield>
        <subfield code="0">(DHLAUTH)275785</subfield>
    </datafield>
</record>
<record>
    <datafield tag="191" ind1=" " ind2=" ">
        <subfield code="a">E/ESCWA/C.1/19/4(PARTI)</subfield>
    </datafield>
    <datafield tag="246" ind1=" " ind2=" ">
        <subfield code="a">التقدم المحرز خلال العام 1996 في تنفيذ برنامج العمل لفترة السنتين 1996-1997 : تقرير الامين التنفيذى عن انشطة اللجنة </subfield>
    </datafield>
    <datafield tag="269" ind1=" " ind2=" ">
        <subfield code="a">19970403</subfield>
    </datafield>
    <datafield tag="650" ind1=" " ind2=" ">
        <subfield code="a">WORK PROGRAMME</subfield>
        <subfield code="0">(DHLAUTH)275800</subfield>
    </datafield>
    <datafield tag="650" ind1=" " ind2=" ">
        <subfield code="a">PROGRAMME PRIORITIES</subfield>
        <subfield code="0">(DHLAUTH)275763</subfield>
    </datafield>
    <datafield tag="650" ind1=" " ind2=" ">
        <subfield code="a">CONFERENCES</subfield>
        <subfield code="0">(DHLAUTH)275758</subfield>
    </datafield>
    <datafield tag="650" ind1=" " ind2=" ">
        <subfield code="a">ACTIVITIES</subfield>
        <subfield code="0">(DHLAUTH)275823</subfield>
    </datafield>
    <datafield tag="650" ind1=" " ind2=" ">
        <subfield code="a">WESTERN ASIA</subfield>
        <subfield code="0">(DHLAUTH)275490</subfield>
    </datafield>
    <datafield tag="650" ind1=" " ind2=" ">
        <subfield code="a">QUALITY OF LIFE</subfield>
        <subfield code="0">(DHLAUTH)270692</subfield>
    </datafield>
    <datafield tag="650" ind1=" " ind2=" ">
        <subfield code="a">ECONOMIC COOPERATION</subfield>
        <subfield code="0">(DHLAUTH)268654</subfield>
    </datafield>
    <datafield tag="650" ind1=" " ind2=" ">
        <subfield code="a">COOPERATION BETWEEN ORGANIZATIONS</subfield>
        <subfield code="0">(DHLAUTH)268652</subfield>
    </datafield>
    <datafield tag="650" ind1=" " ind2=" ">
        <subfield code="a">BUDGET</subfield>
        <subfield code="0">(DHLAUTH)270085</subfield>
    </datafield>
</record>
<record>
    <datafield tag="191" ind1=" " ind2=" ">
        <subfield code="a">E/ESCWA/C.1/19/4(PARTI)/ADD.1/REV.1</subfield>
    </datafield>
    <datafield tag="246" ind1=" " ind2=" ">
        <subfield code="a">تقرير عن انشاء لجنة الطاقة في اللجنة الاقتصادية والاجتماعية لغربي اسيا : التقدم المحرز خلال العام 1996 في تنفيذ برنامج العمل لفترة السنتين 1996-1997</subfield>
    </datafield>
    <datafield tag="269" ind1=" " ind2=" ">
        <subfield code="a">19970408</subfield>
    </datafield>
    <datafield tag="650" ind1=" " ind2=" ">
        <subfield code="a">WORK PROGRAMME</subfield>
        <subfield code="0">(DHLAUTH)275800</subfield>
    </datafield>
    <datafield tag="650" ind1=" " ind2=" ">
        <subfield code="a">CONFERENCES</subfield>
        <subfield code="0">(DHLAUTH)275758</subfield>
    </datafield>
    <datafield tag="650" ind1=" " ind2=" ">
        <subfield code="a">WESTERN ASIA</subfield>
        <subfield code="0">(DHLAUTH)275490</subfield>
    </datafield>
    <datafield tag="650" ind1=" " ind2=" ">
        <subfield code="a">RESOLUTIONS AND DECISIONS</subfield>
        <subfield code="0">(DHLAUTH)275677</subfield>
    </datafield>
    <datafield tag="650" ind1=" " ind2=" ">
        <subfield code="a">PROGRAMME IMPLEMENTATION</subfield>
        <subfield code="0">(DHLAUTH)275794</subfield>
    </datafield>
    <datafield tag="650" ind1=" " ind2=" ">
        <subfield code="a">PERIODIC REPORTS</subfield>
        <subfield code="0">(DHLAUTH)275135</subfield>
    </datafield>
</record>
<record>
    <datafield tag="191" ind1=" " ind2=" ">
        <subfield code="a">E/ESCWA/C.1/19/4(PARTI)/ADD.3/REV.1</subfield>
    </datafield>
    <datafield tag="245" ind1=" " ind2=" ">
        <subfield code="a">REPORT TO THE COMMISSION ON FOLLOW-UP ACTION FOR AGENDA 21 : REPORT OF THE EXECUTIVE SECRETARY ON THE ACTIVITIES OF THE COMMISSION : PROGRESS MADE DURING 1996 IN THE IMPLEMENTATION OF THE PROGRAMME OF WORK FOR THE BIENNIUM 1996-1997, REPORT TO THE COMMISSION ON FOLLOW-UP ACTION FOR AGENDA 21</subfield>
    </datafield>
    <datafield tag="246" ind1=" " ind2=" ">
        <subfield code="a">تقرير عن متابعة جدول الاعمال القرن 21 : تقرير الامين التنفيذي عن انشطة اللجنة التقدم المحرز خلال عام 1996 في تنفيذ برنامج العمل لفترة السنتين 1996-1997</subfield>
    </datafield>
    <datafield tag="269" ind1=" " ind2=" ">
        <subfield code="a">19970527</subfield>
    </datafield>
    <datafield tag="650" ind1=" " ind2=" ">
        <subfield code="a">WORK PROGRAMME</subfield>
        <subfield code="0">(DHLAUTH)275800</subfield>
    </datafield>
    <datafield tag="650" ind1=" " ind2=" ">
        <subfield code="a">PROGRAMME PRIORITIES</subfield>
        <subfield code="0">(DHLAUTH)275763</subfield>
    </datafield>
    <datafield tag="650" ind1=" " ind2=" ">
        <subfield code="a">CONFERENCES</subfield>
        <subfield code="0">(DHLAUTH)275758</subfield>
    </datafield>
    <datafield tag="650" ind1=" " ind2=" ">
        <subfield code="a">ACTIVITIES</subfield>
        <subfield code="0">(DHLAUTH)275823</subfield>
    </datafield>
    <datafield tag="650" ind1=" " ind2=" ">
        <subfield code="a">WESTERN ASIA</subfield>
        <subfield code="0">(DHLAUTH)275490</subfield>
    </datafield>
    <datafield tag="650" ind1=" " ind2=" ">
        <subfield code="a">PROGRAMME IMPLEMENTATION</subfield>
        <subfield code="0">(DHLAUTH)275794</subfield>
    </datafield>
    <datafield tag="650" ind1=" " ind2=" ">
        <subfield code="a">ENVIRONMENT</subfield>
        <subfield code="0">(DHLAUTH)270627</subfield>
    </datafield>
    <datafield tag="650" ind1=" " ind2=" ">
        <subfield code="a">SUSTAINABLE DEVELOPMENT</subfield>
        <subfield code="0">(DHLAUTH)269920</subfield>
    </datafield>
    <datafield tag="650" ind1=" " ind2=" ">
        <subfield code="a">REGIONAL COOPERATION</subfield>
        <subfield code="0">(DHLAUTH)268656</subfield>
    </datafield>
</record>
<record>
    <datafield tag="191" ind1=" " ind2=" ">
        <subfield code="a">E/ESCWA/C.1/20/4(PART1)/ADD.2</subfield>
    </datafield>
    <datafield tag="245" ind1=" " ind2=" ">
        <subfield code="a">REPORT OF THE EXECUTIVE SECRETARY ON THE ACTIVITIES OF THE COMMISSION: PROGRESS MADE DURING 1998 IN THE IMPLEMENTATION OF THE PROGRAMME OF WORK FOR THE BIENNIUM 1998-1999 REPORT ON SURVEY OF ECONOMIC AND SOCIAL DEVELOPMENTS IN THE ESCWA REGION, 1998-1999 SUMMARY</subfield>
    </datafield>
    <datafield tag="246" ind1=" " ind2=" ">
        <subfield code="a">تقرير الأمين التنفيذي عن أنشطة اللجنة التقدم المحرز خلال عام 1998 في تنفيذ برنامج العمل  لفترة السنتين 1998 - 1999 تقرير عن مسح للتطورات الإقتصادية و الإجتماعية في منطقة الأسكوا 1998-1999</subfield>
    </datafield>
    <datafield tag="269" ind1=" " ind2=" ">
        <subfield code="a">19990402</subfield>
    </datafield>
    <datafield tag="650" ind1=" " ind2=" ">
        <subfield code="a">ECONOMIC DEVELOPMENT</subfield>
        <subfield code="0">(DHLAUTH)269755</subfield>
    </datafield>
    <datafield tag="650" ind1=" " ind2=" ">
        <subfield code="a">ARAB COUNTRIES</subfield>
        <subfield code="0">(DHLAUTH)268705</subfield>
    </datafield>
    <datafield tag="650" ind1=" " ind2=" ">
        <subfield code="a">WORK PROGRAMME</subfield>
        <subfield code="0">(DHLAUTH)275800</subfield>
    </datafield>
</record>
<record>
    <datafield tag="191" ind1=" " ind2=" ">
        <subfield code="a">E/ESCWA/C.1/21/4/(PART II)</subfield>
    </datafield>
    <datafield tag="245" ind1=" " ind2=" ">
        <subfield code="a">REPORT OF THE EXECUTIVE SECRETARY ON THE ACTIVITIES OF THE COMMISSION. PROGRESS MADE DURING THE YEAR 2000 IN THE IMPLEMENTATION OF THE PROGRAMME OF WORK FOR THE BIENNIUM 2000-2001.</subfield>
    </datafield>
    <datafield tag="269" ind1=" " ind2=" ">
        <subfield code="a">20010307</subfield>
    </datafield>
    <datafield tag="650" ind1=" " ind2=" ">
        <subfield code="a">CONFERENCES</subfield>
        <subfield code="0">(DHLAUTH)275758</subfield>
    </datafield>
    <datafield tag="650" ind1=" " ind2=" ">
        <subfield code="a">COORDINATION WITHIN UN SYSTEM</subfield>
        <subfield code="0">(DHLAUTH)268575</subfield>
    </datafield>
    <datafield tag="650" ind1=" " ind2=" ">
        <subfield code="a">REGIONAL COOPERATION</subfield>
        <subfield code="0">(DHLAUTH)268656</subfield>
    </datafield>
    <datafield tag="650" ind1=" " ind2=" ">
        <subfield code="a">REGIONAL ORGANIZATIONS</subfield>
        <subfield code="0">(DHLAUTH)268718</subfield>
    </datafield>
    <datafield tag="650" ind1=" " ind2=" ">
        <subfield code="a">WORK PROGRAMME</subfield>
        <subfield code="0">(DHLAUTH)275800</subfield>
    </datafield>
    <datafield tag="650" ind1=" " ind2=" ">
        <subfield code="a">ACTIVITIES</subfield>
        <subfield code="0">(DHLAUTH)275823</subfield>
    </datafield>
</record>
<record>
    <datafield tag="191" ind1=" " ind2=" ">
        <subfield code="a">E/ESCWA/DOC.13</subfield>
    </datafield>
    <datafield tag="246" ind1=" " ind2=" ">
        <subfield code="a">قائمة الوثائق الانكليزية والعربية الصادرة عن اللجنة الاقتصادية والاجتماعية لغربي اسيا من اول كانون الثاني/يناير الى نهاية كانون الاول/ديسمبر = LIST OF ENGLISH AND ARABIC DOCUMENTS ISSUED BY ESCWA FROM 1 JAN TO 31 DEC 1986</subfield>
    </datafield>
    <datafield tag="269" ind1=" " ind2=" ">
        <subfield code="a">19870630</subfield>
    </datafield>
    <datafield tag="650" ind1=" " ind2=" ">
        <subfield code="a">WESTERN ASIA</subfield>
        <subfield code="0">(DHLAUTH)275490</subfield>
    </datafield>
    <datafield tag="650" ind1=" " ind2=" ">
        <subfield code="a">DOCUMENTS</subfield>
        <subfield code="0">(DHLAUTH)270014</subfield>
    </datafield>
</record>
<record>
    <datafield tag="191" ind1=" " ind2=" ">
        <subfield code="a">E/ESCWA/DOC/33</subfield>
    </datafield>
    <datafield tag="245" ind1=" " ind2=" ">
        <subfield code="a">DOCUMENTS AND PUBLICATIONS ISSUED BY ESCWA FROM 1 JANUARY 2010 TO 31 DECEMBER 2011 =  الوثائق والمطبوعات الصادرة عن اللجنة الاقتصادية والاجتماعية لغربي آسيا 1 كانون الثاني/يناير 2010 الى 31 كانون الاول/ديسمبر 2011</subfield>
    </datafield>
    <datafield tag="269" ind1=" " ind2=" ">
        <subfield code="a">20120501</subfield>
    </datafield>
    <datafield tag="650" ind1=" " ind2=" ">
        <subfield code="a">PUBLICATIONS</subfield>
        <subfield code="0">(DHLAUTH)270013</subfield>
    </datafield>
    <datafield tag="650" ind1=" " ind2=" ">
        <subfield code="a">DOCUMENTS</subfield>
        <subfield code="0">(DHLAUTH)270014</subfield>
    </datafield>
    <datafield tag="650" ind1=" " ind2=" ">
        <subfield code="a">REGIONAL COMMISSIONS</subfield>
        <subfield code="0">(DHLAUTH)269969</subfield>
    </datafield>
    <datafield tag="650" ind1=" " ind2=" ">
        <subfield code="a">WESTERN ASIA</subfield>
        <subfield code="0">(DHLAUTH)275490</subfield>
    </datafield>
    <datafield tag="650" ind1=" " ind2=" ">
        <subfield code="a">CATALOGUES</subfield>
        <subfield code="0">(DHLAUTH)275050</subfield>
    </datafield>
</record>
<record>
    <datafield tag="191" ind1=" " ind2=" ">
        <subfield code="a">E/ESCWA/DOC/34</subfield>
    </datafield>
    <datafield tag="245" ind1=" " ind2=" ">
        <subfield code="a">DOCUMENTS AND PUBLICATIONS ISSUED BY ESCWA FROM 1 JANUARY 2012 TO 31 DECEMBER 2013 = الوثائق والمطبوعات الصادرة عن اللجنة الاقتصادية والاجتماعية لغربي آسيا من 1 كانون الثاني/ يناير 2012 الى 31 كانون الاول/ ديسمبر 2013</subfield>
    </datafield>
    <datafield tag="269" ind1=" " ind2=" ">
        <subfield code="a">20140901</subfield>
    </datafield>
    <datafield tag="650" ind1=" " ind2=" ">
        <subfield code="a">REGIONAL COMMISSIONS</subfield>
        <subfield code="0">(DHLAUTH)269969</subfield>
    </datafield>
    <datafield tag="650" ind1=" " ind2=" ">
        <subfield code="a">WORK PROGRAMME</subfield>
        <subfield code="0">(DHLAUTH)275800</subfield>
    </datafield>
    <datafield tag="650" ind1=" " ind2=" ">
        <subfield code="a">PUBLICATIONS</subfield>
        <subfield code="0">(DHLAUTH)270013</subfield>
    </datafield>
    <datafield tag="650" ind1=" " ind2=" ">
        <subfield code="a">DOCUMENTS</subfield>
        <subfield code="0">(DHLAUTH)270014</subfield>
    </datafield>
    <datafield tag="650" ind1=" " ind2=" ">
        <subfield code="a">CATALOGUES</subfield>
        <subfield code="0">(DHLAUTH)275050</subfield>
    </datafield>
    <datafield tag="650" ind1=" " ind2=" ">
        <subfield code="a">WESTERN ASIA</subfield>
        <subfield code="0">(DHLAUTH)275490</subfield>
    </datafield>
</record>
<record>
    <datafield tag="191" ind1=" " ind2=" ">
        <subfield code="a">E/ESCWA/DOC/35/REV.1</subfield>
    </datafield>
    <datafield tag="245" ind1=" " ind2=" ">
        <subfield code="a">DOCUMENTS AND PUBLICATIONS ISSUED BY ESCWA FROM 1 JANUARY 2014 TO 31 DECEMBER 2015</subfield>
    </datafield>
    <datafield tag="246" ind1=" " ind2=" ">
        <subfield code="a">الوثائق والمطبوعات اصادرة عن اللجنة الاقتصادية والاجتماعية لغربي آسيا من 1 كانون الثاني/يناير 2014 الى 31 كانون الاول/ديسمبر 2015</subfield>
    </datafield>
    <datafield tag="269" ind1=" " ind2=" ">
        <subfield code="a">20160701</subfield>
    </datafield>
    <datafield tag="650" ind1=" " ind2=" ">
        <subfield code="a">DOCUMENTS</subfield>
        <subfield code="0">(DHLAUTH)270014</subfield>
    </datafield>
    <datafield tag="650" ind1=" " ind2=" ">
        <subfield code="a">REGIONAL COMMISSIONS</subfield>
        <subfield code="0">(DHLAUTH)269969</subfield>
    </datafield>
    <datafield tag="650" ind1=" " ind2=" ">
        <subfield code="a">WESTERN ASIA</subfield>
        <subfield code="0">(DHLAUTH)275490</subfield>
    </datafield>
</record>
<record>
    <datafield tag="191" ind1=" " ind2=" ">
        <subfield code="a">E/ESCWA/DPD/1990/2</subfield>
    </datafield>
    <datafield tag="245" ind1=" " ind2=" ">
        <subfield code="a">FINANCIAL MARKET AND INVESTMENT PROMOTION IN THE ESCWA REGION</subfield>
    </datafield>
    <datafield tag="269" ind1=" " ind2=" ">
        <subfield code="a">19900222</subfield>
    </datafield>
    <datafield tag="650" ind1=" " ind2=" ">
        <subfield code="a">JORDAN</subfield>
        <subfield code="0">(DHLAUTH)269099</subfield>
    </datafield>
    <datafield tag="650" ind1=" " ind2=" ">
        <subfield code="a">FOREIGN INVESTMENTS</subfield>
        <subfield code="0">(DHLAUTH)269953</subfield>
    </datafield>
    <datafield tag="650" ind1=" " ind2=" ">
        <subfield code="a">INVESTMENT PROMOTION</subfield>
        <subfield code="0">(DHLAUTH)270103</subfield>
    </datafield>
    <datafield tag="650" ind1=" " ind2=" ">
        <subfield code="a">EGYPT</subfield>
        <subfield code="0">(DHLAUTH)273328</subfield>
    </datafield>
    <datafield tag="650" ind1=" " ind2=" ">
        <subfield code="a">CAPITAL MARKETS</subfield>
        <subfield code="0">(DHLAUTH)270364</subfield>
    </datafield>
    <datafield tag="650" ind1=" " ind2=" ">
        <subfield code="a">OMAN</subfield>
        <subfield code="0">(DHLAUTH)273438</subfield>
    </datafield>
</record>
<record>
    <datafield tag="191" ind1=" " ind2=" ">
        <subfield code="a">E/ESCWA/DPD/1990/3</subfield>
    </datafield>
    <datafield tag="246" ind1=" " ind2=" ">
        <subfield code="a">آفاق التنمية في المدى المتوسط في منطقة الاسكوا</subfield>
    </datafield>
    <datafield tag="269" ind1=" " ind2=" ">
        <subfield code="a">19900205</subfield>
    </datafield>
    <datafield tag="650" ind1=" " ind2=" ">
        <subfield code="a">ECONOMIC GROWTH</subfield>
        <subfield code="0">(DHLAUTH)269754</subfield>
    </datafield>
    <datafield tag="650" ind1=" " ind2=" ">
        <subfield code="a">ECONOMIC DEVELOPMENT</subfield>
        <subfield code="0">(DHLAUTH)269755</subfield>
    </datafield>
    <datafield tag="650" ind1=" " ind2=" ">
        <subfield code="a">PETROLEUM REVENUES</subfield>
        <subfield code="0">(DHLAUTH)269856</subfield>
    </datafield>
    <datafield tag="650" ind1=" " ind2=" ">
        <subfield code="a">PETROLEUM PRICES</subfield>
        <subfield code="0">(DHLAUTH)269855</subfield>
    </datafield>
    <datafield tag="650" ind1=" " ind2=" ">
        <subfield code="a">PUBLIC EXPENDITURES</subfield>
        <subfield code="0">(DHLAUTH)268927</subfield>
    </datafield>
    <datafield tag="650" ind1=" " ind2=" ">
        <subfield code="a">EXTERNAL DEBT</subfield>
        <subfield code="0">(DHLAUTH)270096</subfield>
    </datafield>
    <datafield tag="650" ind1=" " ind2=" ">
        <subfield code="a">ECONOMIC STRUCTURE</subfield>
        <subfield code="0">(DHLAUTH)269665</subfield>
    </datafield>
    <datafield tag="650" ind1=" " ind2=" ">
        <subfield code="a">BALANCE OF PAYMENTS</subfield>
        <subfield code="0">(DHLAUTH)270325</subfield>
    </datafield>
    <datafield tag="650" ind1=" " ind2=" ">
        <subfield code="a">MONETARY POLICY</subfield>
        <subfield code="0">(DHLAUTH)269935</subfield>
    </datafield>
    <datafield tag="650" ind1=" " ind2=" ">
        <subfield code="a">ECONOMIC POLICY</subfield>
        <subfield code="0">(DHLAUTH)268235</subfield>
    </datafield>
    <datafield tag="650" ind1=" " ind2=" ">
        <subfield code="a">DEVELOPMENT STRATEGIES</subfield>
        <subfield code="0">(DHLAUTH)269884</subfield>
    </datafield>
    <datafield tag="650" ind1=" " ind2=" ">
        <subfield code="a">ECONOMIC PLANNING</subfield>
        <subfield code="0">(DHLAUTH)269834</subfield>
    </datafield>
    <datafield tag="650" ind1=" " ind2=" ">
        <subfield code="a">DEVELOPMENT PLANNING</subfield>
        <subfield code="0">(DHLAUTH)269883</subfield>
    </datafield>
    <datafield tag="650" ind1=" " ind2=" ">
        <subfield code="a">MANUFACTURING</subfield>
        <subfield code="0">(DHLAUTH)271821</subfield>
    </datafield>
    <datafield tag="650" ind1=" " ind2=" ">
        <subfield code="a">INDUSTRIAL POLICY</subfield>
        <subfield code="0">(DHLAUTH)269933</subfield>
    </datafield>
    <datafield tag="650" ind1=" " ind2=" ">
        <subfield code="a">WESTERN ASIA</subfield>
        <subfield code="0">(DHLAUTH)275490</subfield>
    </datafield>
</record>
<record>
    <datafield tag="191" ind1=" " ind2=" ">
        <subfield code="a">E/ESCWA/DPD/1990/7</subfield>
    </datafield>
    <datafield tag="246" ind1=" " ind2=" ">
        <subfield code="a">إستعراض وتحليل التقدم المحرز في تنفيذ برنامج العمل الجديد الكبير لصالح أقل البلدان نمواً في منطقة الاسكوا</subfield>
    </datafield>
    <datafield tag="269" ind1=" " ind2=" ">
        <subfield code="a">19900519</subfield>
    </datafield>
    <datafield tag="650" ind1=" " ind2=" ">
        <subfield code="a">WORK PROGRAMME</subfield>
        <subfield code="0">(DHLAUTH)275800</subfield>
    </datafield>
    <datafield tag="650" ind1=" " ind2=" ">
        <subfield code="a">ECONOMIC CONDITIONS</subfield>
        <subfield code="0">(DHLAUTH)269719</subfield>
    </datafield>
    <datafield tag="650" ind1=" " ind2=" ">
        <subfield code="a">DEVELOPMENT ASSISTANCE</subfield>
        <subfield code="0">(DHLAUTH)268659</subfield>
    </datafield>
    <datafield tag="650" ind1=" " ind2=" ">
        <subfield code="a">SOCIAL CONDITIONS</subfield>
        <subfield code="0">(DHLAUTH)268327</subfield>
    </datafield>
    <datafield tag="650" ind1=" " ind2=" ">
        <subfield code="a">EXTERNAL DEBT</subfield>
        <subfield code="0">(DHLAUTH)270096</subfield>
    </datafield>
    <datafield tag="650" ind1=" " ind2=" ">
        <subfield code="a">LEAST DEVELOPED COUNTRIES</subfield>
        <subfield code="0">(DHLAUTH)269841</subfield>
    </datafield>
    <datafield tag="650" ind1=" " ind2=" ">
        <subfield code="a">WESTERN ASIA</subfield>
        <subfield code="0">(DHLAUTH)275490</subfield>
    </datafield>
    <datafield tag="650" ind1=" " ind2=" ">
        <subfield code="a">SOCIAL ASPECTS</subfield>
        <subfield code="0">(DHLAUTH)274710</subfield>
    </datafield>
    <datafield tag="650" ind1=" " ind2=" ">
        <subfield code="a">BALANCE OF PAYMENTS</subfield>
        <subfield code="0">(DHLAUTH)270325</subfield>
    </datafield>
    <datafield tag="650" ind1=" " ind2=" ">
        <subfield code="a">PUBLIC EXPENDITURES</subfield>
        <subfield code="0">(DHLAUTH)268927</subfield>
    </datafield>
    <datafield tag="650" ind1=" " ind2=" ">
        <subfield code="a">MANUFACTURING</subfield>
        <subfield code="0">(DHLAUTH)271821</subfield>
    </datafield>
    <datafield tag="650" ind1=" " ind2=" ">
        <subfield code="a">AGRICULTURE</subfield>
        <subfield code="0">(DHLAUTH)271335</subfield>
    </datafield>
    <datafield tag="650" ind1=" " ind2=" ">
        <subfield code="a">FISHERIES</subfield>
        <subfield code="0">(DHLAUTH)269560</subfield>
    </datafield>
    <datafield tag="650" ind1=" " ind2=" ">
        <subfield code="a">GROSS DOMESTIC PRODUCT</subfield>
        <subfield code="0">(DHLAUTH)269801</subfield>
    </datafield>
    <datafield tag="650" ind1=" " ind2=" ">
        <subfield code="a">YEMEN</subfield>
        <subfield code="0">(DHLAUTH)273521</subfield>
    </datafield>
    <datafield tag="650" ind1=" " ind2=" ">
        <subfield code="a">FINANCIAL RESOURCES</subfield>
        <subfield code="0">(DHLAUTH)269810</subfield>
    </datafield>
</record>
<record>
    <datafield tag="191" ind1=" " ind2=" ">
        <subfield code="a">E/ESCWA/DPD/1992/1/SUPPL.2</subfield>
    </datafield>
    <datafield tag="245" ind1=" " ind2=" ">
        <subfield code="a">DEVELOPMENTS IN THE EXTERNAL SECTOR OF THE ESCWA REGION; PERFORMANCE OF NEW EXPORT PRODUCTS IN THE 1980S SUPPLEMENT II</subfield>
    </datafield>
    <datafield tag="269" ind1=" " ind2=" ">
        <subfield code="a">19920513</subfield>
    </datafield>
    <datafield tag="650" ind1=" " ind2=" ">
        <subfield code="a">STATISTICAL DATA</subfield>
        <subfield code="0">(DHLAUTH)270233</subfield>
    </datafield>
    <datafield tag="650" ind1=" " ind2=" ">
        <subfield code="a">DEVELOPED COUNTRIES</subfield>
        <subfield code="0">(DHLAUTH)268699</subfield>
    </datafield>
    <datafield tag="650" ind1=" " ind2=" ">
        <subfield code="a">COMMODITIES</subfield>
        <subfield code="0">(DHLAUTH)270580</subfield>
    </datafield>
    <datafield tag="650" ind1=" " ind2=" ">
        <subfield code="a">TRADE RESTRICTIONS</subfield>
        <subfield code="0">(DHLAUTH)272812</subfield>
    </datafield>
    <datafield tag="650" ind1=" " ind2=" ">
        <subfield code="a">PROTECTIONISM</subfield>
        <subfield code="0">(DHLAUTH)269100</subfield>
    </datafield>
    <datafield tag="650" ind1=" " ind2=" ">
        <subfield code="a">CLASSIFICATION SYSTEMS</subfield>
        <subfield code="0">(DHLAUTH)270221</subfield>
    </datafield>
    <datafield tag="650" ind1=" " ind2=" ">
        <subfield code="a">NEW PRODUCTS</subfield>
        <subfield code="0">(DHLAUTH)271917</subfield>
    </datafield>
</record>
<record>
    <datafield tag="191" ind1=" " ind2=" ">
        <subfield code="a">E/ESCWA/DPD/1992/4</subfield>
    </datafield>
    <datafield tag="245" ind1=" " ind2=" ">
        <subfield code="a">SURVEY OF ECONOMIC AND SOCIAL DEVELOPMENTS IN THE ESCWA REGION, 1991/ SUMMARY</subfield>
    </datafield>
    <datafield tag="246" ind1=" " ind2=" ">
        <subfield code="a">مسح للتطورات الإقتصادية والإجتماعية في منطقة الأسكوا : ملخص 1991</subfield>
    </datafield>
    <datafield tag="269" ind1=" " ind2=" ">
        <subfield code="a">19920504</subfield>
    </datafield>
    <datafield tag="650" ind1=" " ind2=" ">
        <subfield code="a">SOCIAL DEVELOPMENT</subfield>
        <subfield code="0">(DHLAUTH)269873</subfield>
    </datafield>
    <datafield tag="650" ind1=" " ind2=" ">
        <subfield code="a">ECONOMIC DEVELOPMENT</subfield>
        <subfield code="0">(DHLAUTH)269755</subfield>
    </datafield>
    <datafield tag="650" ind1=" " ind2=" ">
        <subfield code="a">ECONOMIC GROWTH</subfield>
        <subfield code="0">(DHLAUTH)269754</subfield>
    </datafield>
    <datafield tag="650" ind1=" " ind2=" ">
        <subfield code="a">ECONOMIC INDICATORS</subfield>
        <subfield code="0">(DHLAUTH)269642</subfield>
    </datafield>
</record>
<record>
    <datafield tag="191" ind1=" " ind2=" ">
        <subfield code="a">E/ESCWA/DPD/1993/11</subfield>
    </datafield>
    <datafield tag="246" ind1=" " ind2=" ">
        <subfield code="a">الإصلاح الإقتصادي واعادة الإعمار في لبنان</subfield>
    </datafield>
    <datafield tag="269" ind1=" " ind2=" ">
        <subfield code="a">19931003</subfield>
    </datafield>
    <datafield tag="650" ind1=" " ind2=" ">
        <subfield code="a">ECONOMIC CONDITIONS</subfield>
        <subfield code="0">(DHLAUTH)269719</subfield>
    </datafield>
    <datafield tag="650" ind1=" " ind2=" ">
        <subfield code="a">SOCIAL CONDITIONS</subfield>
        <subfield code="0">(DHLAUTH)268327</subfield>
    </datafield>
    <datafield tag="650" ind1=" " ind2=" ">
        <subfield code="a">RECOMMENDATIONS</subfield>
        <subfield code="0">(DHLAUTH)275840</subfield>
    </datafield>
    <datafield tag="650" ind1=" " ind2=" ">
        <subfield code="a">LEBANON</subfield>
        <subfield code="0">(DHLAUTH)269069</subfield>
    </datafield>
</record>
<record>
    <datafield tag="191" ind1=" " ind2=" ">
        <subfield code="a">E/ESCWA/DPD/1993/1/REV.1</subfield>
    </datafield>
    <datafield tag="246" ind1=" " ind2=" ">
        <subfield code="a">تقرير عن المهمة الاستشارية الى الضفة الغربية وقطاع غزة الاراضي الفلسطينية المحتلة: تقويم عام للاوضاع الإقتصادية والإجتماعية في الاراضي الفلسطينية المحتلة ودور الاسكوا في دعم فرص تحسين الاحوال المعيشية خلال الفترة من 16 كانون الاول/ديسمبر 1992 الى 8 كانون الثاني/يناير 1993</subfield>
    </datafield>
    <datafield tag="269" ind1=" " ind2=" ">
        <subfield code="a">19930308</subfield>
    </datafield>
    <datafield tag="650" ind1=" " ind2=" ">
        <subfield code="a">ADVISORY SERVICES</subfield>
        <subfield code="0">(DHLAUTH)269860</subfield>
    </datafield>
    <datafield tag="650" ind1=" " ind2=" ">
        <subfield code="a">ECONOMIC CONDITIONS</subfield>
        <subfield code="0">(DHLAUTH)269719</subfield>
    </datafield>
    <datafield tag="650" ind1=" " ind2=" ">
        <subfield code="a">SOCIAL CONDITIONS</subfield>
        <subfield code="0">(DHLAUTH)268327</subfield>
    </datafield>
    <datafield tag="650" ind1=" " ind2=" ">
        <subfield code="a">LIVING CONDITIONS</subfield>
        <subfield code="0">(DHLAUTH)269738</subfield>
    </datafield>
    <datafield tag="650" ind1=" " ind2=" ">
        <subfield code="a">DEVELOPMENT STRATEGIES</subfield>
        <subfield code="0">(DHLAUTH)269884</subfield>
    </datafield>
    <datafield tag="650" ind1=" " ind2=" ">
        <subfield code="a">DEVELOPMENT POLICY</subfield>
        <subfield code="0">(DHLAUTH)269893</subfield>
    </datafield>
    <datafield tag="650" ind1=" " ind2=" ">
        <subfield code="a">ECONOMIC PLANNING</subfield>
        <subfield code="0">(DHLAUTH)269834</subfield>
    </datafield>
    <datafield tag="650" ind1=" " ind2=" ">
        <subfield code="a">PALESTINE</subfield>
        <subfield code="0">(DHLAUTH)277398</subfield>
    </datafield>
    <datafield tag="650" ind1=" " ind2=" ">
        <subfield code="a">WESTERN ASIA</subfield>
        <subfield code="0">(DHLAUTH)275490</subfield>
    </datafield>
</record>
<record>
    <datafield tag="191" ind1=" " ind2=" ">
        <subfield code="a">E/ESCWA/DPD/1993/2</subfield>
    </datafield>
    <datafield tag="246" ind1=" " ind2=" ">
        <subfield code="a">المديونية الخارجية لدول منطقة الاسكوا</subfield>
    </datafield>
    <datafield tag="269" ind1=" " ind2=" ">
        <subfield code="a">19930308</subfield>
    </datafield>
    <datafield tag="650" ind1=" " ind2=" ">
        <subfield code="a">EXTERNAL DEBT</subfield>
        <subfield code="0">(DHLAUTH)270096</subfield>
    </datafield>
    <datafield tag="650" ind1=" " ind2=" ">
        <subfield code="a">INTERNATIONAL FINANCE</subfield>
        <subfield code="0">(DHLAUTH)269954</subfield>
    </datafield>
    <datafield tag="650" ind1=" " ind2=" ">
        <subfield code="a">GROSS NATIONAL PRODUCT</subfield>
        <subfield code="0">(DHLAUTH)269802</subfield>
    </datafield>
    <datafield tag="650" ind1=" " ind2=" ">
        <subfield code="a">ECONOMIC ANALYSIS</subfield>
        <subfield code="0">(DHLAUTH)269649</subfield>
    </datafield>
    <datafield tag="650" ind1=" " ind2=" ">
        <subfield code="a">WESTERN ASIA</subfield>
        <subfield code="0">(DHLAUTH)275490</subfield>
    </datafield>
    <datafield tag="650" ind1=" " ind2=" ">
        <subfield code="a">INTEREST</subfield>
        <subfield code="0">(DHLAUTH)270324</subfield>
    </datafield>
</record>
<record>
    <datafield tag="191" ind1=" " ind2=" ">
        <subfield code="a">E/ESCWA/DPD/1993/3</subfield>
    </datafield>
    <datafield tag="246" ind1=" " ind2=" ">
        <subfield code="a">تقرير حول المهمة الاستشارية الى البنك الاسلامي للتنمية المملكة العربية السعودية خلال الفترة من 19-24-02-1993</subfield>
    </datafield>
    <datafield tag="269" ind1=" " ind2=" ">
        <subfield code="a">19930328</subfield>
    </datafield>
    <datafield tag="650" ind1=" " ind2=" ">
        <subfield code="a">ADVISORY SERVICES</subfield>
        <subfield code="0">(DHLAUTH)269860</subfield>
    </datafield>
    <datafield tag="650" ind1=" " ind2=" ">
        <subfield code="a">WESTERN ASIA</subfield>
        <subfield code="0">(DHLAUTH)275490</subfield>
    </datafield>
    <datafield tag="650" ind1=" " ind2=" ">
        <subfield code="a">TECHNICAL COOPERATION</subfield>
        <subfield code="0">(DHLAUTH)268658</subfield>
    </datafield>
    <datafield tag="650" ind1=" " ind2=" ">
        <subfield code="a">DEVELOPMENT ASSISTANCE</subfield>
        <subfield code="0">(DHLAUTH)268659</subfield>
    </datafield>
    <datafield tag="650" ind1=" " ind2=" ">
        <subfield code="a">TECHNICAL COOPERATION</subfield>
        <subfield code="0">(DHLAUTH)268658</subfield>
    </datafield>
    <datafield tag="650" ind1=" " ind2=" ">
        <subfield code="a">PROJECT EVALUATION</subfield>
        <subfield code="0">(DHLAUTH)269591</subfield>
    </datafield>
    <datafield tag="650" ind1=" " ind2=" ">
        <subfield code="a">WORK PROGRAMME</subfield>
        <subfield code="0">(DHLAUTH)275800</subfield>
    </datafield>
    <datafield tag="650" ind1=" " ind2=" ">
        <subfield code="a">ECONOMIC DEVELOPMENT</subfield>
        <subfield code="0">(DHLAUTH)269755</subfield>
    </datafield>
    <datafield tag="650" ind1=" " ind2=" ">
        <subfield code="a">PALESTINE</subfield>
        <subfield code="0">(DHLAUTH)277398</subfield>
    </datafield>
</record>
<record>
    <datafield tag="191" ind1=" " ind2=" ">
        <subfield code="a">E/ESCWA/DPD/1993/4</subfield>
    </datafield>
    <datafield tag="245" ind1=" " ind2=" ">
        <subfield code="a">SURVEY OF ECONOMIC AND SOCIAL DEVELOPMENTS IN THE ESCWA REGION, 1992/ SUMMARY</subfield>
    </datafield>
    <datafield tag="246" ind1=" " ind2=" ">
        <subfield code="a">مسح التطورات الاقتصادية والاجتماعية في منطقة الاسكوا, 1992 موجز</subfield>
    </datafield>
    <datafield tag="269" ind1=" " ind2=" ">
        <subfield code="a">19930411</subfield>
    </datafield>
    <datafield tag="650" ind1=" " ind2=" ">
        <subfield code="a">SOCIAL DEVELOPMENT</subfield>
        <subfield code="0">(DHLAUTH)269873</subfield>
    </datafield>
    <datafield tag="650" ind1=" " ind2=" ">
        <subfield code="a">ECONOMIC DEVELOPMENT</subfield>
        <subfield code="0">(DHLAUTH)269755</subfield>
    </datafield>
    <datafield tag="650" ind1=" " ind2=" ">
        <subfield code="a">ECONOMIC GROWTH</subfield>
        <subfield code="0">(DHLAUTH)269754</subfield>
    </datafield>
</record>
<record>
    <datafield tag="191" ind1=" " ind2=" ">
        <subfield code="a">E/ESCWA/DPD/1993/6</subfield>
    </datafield>
    <datafield tag="245" ind1=" " ind2=" ">
        <subfield code="a">FINANCE AND DEVELOPMENT IN THE ESCWA REGION</subfield>
    </datafield>
    <datafield tag="269" ind1=" " ind2=" ">
        <subfield code="a">19930510</subfield>
    </datafield>
    <datafield tag="650" ind1=" " ind2=" ">
        <subfield code="a">ECONOMIC POLICY</subfield>
        <subfield code="0">(DHLAUTH)268235</subfield>
    </datafield>
    <datafield tag="650" ind1=" " ind2=" ">
        <subfield code="a">ECONOMIC GROWTH</subfield>
        <subfield code="0">(DHLAUTH)269754</subfield>
    </datafield>
    <datafield tag="650" ind1=" " ind2=" ">
        <subfield code="a">FINANCIAL RESOURCES</subfield>
        <subfield code="0">(DHLAUTH)269810</subfield>
    </datafield>
    <datafield tag="650" ind1=" " ind2=" ">
        <subfield code="a">MONETARY POLICY</subfield>
        <subfield code="0">(DHLAUTH)269935</subfield>
    </datafield>
    <datafield tag="650" ind1=" " ind2=" ">
        <subfield code="a">BUDGET DEFICITS</subfield>
        <subfield code="0">(DHLAUTH)270057</subfield>
    </datafield>
    <datafield tag="650" ind1=" " ind2=" ">
        <subfield code="a">MONETARY ANALYSIS</subfield>
        <subfield code="0">(DHLAUTH)269750</subfield>
    </datafield>
</record>
<record>
    <datafield tag="191" ind1=" " ind2=" ">
        <subfield code="a">E/ESCWA/DPD/1993/7</subfield>
    </datafield>
    <datafield tag="246" ind1=" " ind2=" ">
        <subfield code="a">تقرير عن المهمة الاستشارية خطة تنمية المنطقة الوسطى سلطنة عمان - مسقط خلال الفترة من 21 كانون الثاني/يناير الى 9 شباط/فيراير 1993</subfield>
    </datafield>
    <datafield tag="269" ind1=" " ind2=" ">
        <subfield code="a">19930513</subfield>
    </datafield>
    <datafield tag="650" ind1=" " ind2=" ">
        <subfield code="a">ADVISORY SERVICES</subfield>
        <subfield code="0">(DHLAUTH)269860</subfield>
    </datafield>
    <datafield tag="650" ind1=" " ind2=" ">
        <subfield code="a">DEVELOPMENT PLANNING</subfield>
        <subfield code="0">(DHLAUTH)269883</subfield>
    </datafield>
    <datafield tag="650" ind1=" " ind2=" ">
        <subfield code="a">OMAN</subfield>
        <subfield code="0">(DHLAUTH)273438</subfield>
    </datafield>
</record>
<record>
    <datafield tag="191" ind1=" " ind2=" ">
        <subfield code="a">E/ESCWA/DPD/1993/8</subfield>
    </datafield>
    <datafield tag="245" ind1=" " ind2=" ">
        <subfield code="a">REVIEW OF DEVELOPMENTS AND TRENDS IN THE MONETARY AND FINANCIAL SECTORS IN THE ESCWA REGION, 1992</subfield>
    </datafield>
    <datafield tag="269" ind1=" " ind2=" ">
        <subfield code="a">19930623</subfield>
    </datafield>
    <datafield tag="650" ind1=" " ind2=" ">
        <subfield code="a">LEBANON</subfield>
        <subfield code="0">(DHLAUTH)269069</subfield>
    </datafield>
    <datafield tag="650" ind1=" " ind2=" ">
        <subfield code="a">EXTERNAL DEBT</subfield>
        <subfield code="0">(DHLAUTH)270096</subfield>
    </datafield>
    <datafield tag="650" ind1=" " ind2=" ">
        <subfield code="a">PRIVATIZATION</subfield>
        <subfield code="0">(DHLAUTH)270028</subfield>
    </datafield>
    <datafield tag="650" ind1=" " ind2=" ">
        <subfield code="a">SAUDI ARABIA</subfield>
        <subfield code="0">(DHLAUTH)273464</subfield>
    </datafield>
    <datafield tag="650" ind1=" " ind2=" ">
        <subfield code="a">BANKING</subfield>
        <subfield code="0">(DHLAUTH)270339</subfield>
    </datafield>
</record>
<record>
    <datafield tag="191" ind1=" " ind2=" ">
        <subfield code="a">E/ESCWA/DPD/85/12</subfield>
    </datafield>
    <datafield tag="245" ind1=" " ind2=" ">
        <subfield code="a">EXTERNAL DEBT: IMPLICATIONS FOR DEBTOR AND CREDITOR COUNTRIES OF WESTERN ASIA</subfield>
    </datafield>
    <datafield tag="246" ind1=" " ind2=" ">
        <subfield code="a">الديون الخارجية آثارها على البلدان المدينة والدائنة في غربي آسيا</subfield>
    </datafield>
    <datafield tag="269" ind1=" " ind2=" ">
        <subfield code="a">19851222</subfield>
    </datafield>
    <datafield tag="650" ind1=" " ind2=" ">
        <subfield code="a">RECOMMENDATIONS</subfield>
        <subfield code="0">(DHLAUTH)275840</subfield>
    </datafield>
    <datafield tag="650" ind1=" " ind2=" ">
        <subfield code="a">EXTERNAL DEBT</subfield>
        <subfield code="0">(DHLAUTH)270096</subfield>
    </datafield>
    <datafield tag="650" ind1=" " ind2=" ">
        <subfield code="a">DEBT SERVICING</subfield>
        <subfield code="0">(DHLAUTH)270095</subfield>
    </datafield>
    <datafield tag="650" ind1=" " ind2=" ">
        <subfield code="a">INTERNATIONAL FINANCE</subfield>
        <subfield code="0">(DHLAUTH)269954</subfield>
    </datafield>
    <datafield tag="650" ind1=" " ind2=" ">
        <subfield code="a">FINANCIAL ASPECTS</subfield>
        <subfield code="0">(DHLAUTH)275767</subfield>
    </datafield>
    <datafield tag="650" ind1=" " ind2=" ">
        <subfield code="a">RISK</subfield>
        <subfield code="0">(DHLAUTH)269693</subfield>
    </datafield>
    <datafield tag="650" ind1=" " ind2=" ">
        <subfield code="a">DEBT REPAYMENTS</subfield>
        <subfield code="0">(DHLAUTH)270094</subfield>
    </datafield>
</record>
<record>
    <datafield tag="191" ind1=" " ind2=" ">
        <subfield code="a">E/ESCWA/DPD/85/8</subfield>
    </datafield>
    <datafield tag="245" ind1=" " ind2=" ">
        <subfield code="a">EXPORTS OF MANUFACTURES AND SEMI-MANUFACTURES FROM IRAQ: TRENDS AND MEDIUM-TERM PROSPECTS</subfield>
    </datafield>
    <datafield tag="246" ind1=" " ind2=" ">
        <subfield code="a">الإتجاهات ومستقبل صادرات العراق من السلع المصنعة ونصف مصنعة علي المدى المتوسط</subfield>
    </datafield>
    <datafield tag="269" ind1=" " ind2=" ">
        <subfield code="a">19851101</subfield>
    </datafield>
    <datafield tag="650" ind1=" " ind2=" ">
        <subfield code="a">STATISTICAL DATA</subfield>
        <subfield code="0">(DHLAUTH)270233</subfield>
    </datafield>
    <datafield tag="650" ind1=" " ind2=" ">
        <subfield code="a">IRAQ</subfield>
        <subfield code="0">(DHLAUTH)273370</subfield>
    </datafield>
    <datafield tag="650" ind1=" " ind2=" ">
        <subfield code="a">INDUSTRIAL DEVELOPMENT</subfield>
        <subfield code="0">(DHLAUTH)269918</subfield>
    </datafield>
    <datafield tag="650" ind1=" " ind2=" ">
        <subfield code="a">EXPORTS</subfield>
        <subfield code="0">(DHLAUTH)271798</subfield>
    </datafield>
    <datafield tag="650" ind1=" " ind2=" ">
        <subfield code="a">ECONOMIC ANALYSIS</subfield>
        <subfield code="0">(DHLAUTH)269649</subfield>
    </datafield>
    <datafield tag="650" ind1=" " ind2=" ">
        <subfield code="a">MANUFACTURES</subfield>
        <subfield code="0">(DHLAUTH)271786</subfield>
    </datafield>
</record>
<record>
    <datafield tag="191" ind1=" " ind2=" ">
        <subfield code="a">E/ESCWA/DPD/86/1</subfield>
    </datafield>
    <datafield tag="245" ind1=" " ind2=" ">
        <subfield code="a">SURVEY OF ECONOMIC AND SOCIAL DEVELOPMENTS IN THE ESCWA REGION/1985</subfield>
    </datafield>
    <datafield tag="246" ind1=" " ind2=" ">
        <subfield code="a">مسح للتطورات الاقتصادية والاجتماعية في منطقة اللجنة 1985</subfield>
    </datafield>
    <datafield tag="269" ind1=" " ind2=" ">
        <subfield code="a">19860420</subfield>
    </datafield>
    <datafield tag="650" ind1=" " ind2=" ">
        <subfield code="a">REGIONAL COOPERATION</subfield>
        <subfield code="0">(DHLAUTH)268656</subfield>
    </datafield>
    <datafield tag="650" ind1=" " ind2=" ">
        <subfield code="a">EXTERNAL DEBT</subfield>
        <subfield code="0">(DHLAUTH)270096</subfield>
    </datafield>
    <datafield tag="650" ind1=" " ind2=" ">
        <subfield code="a">FOOD SECURITY</subfield>
        <subfield code="0">(DHLAUTH)273653</subfield>
    </datafield>
    <datafield tag="650" ind1=" " ind2=" ">
        <subfield code="a">HUMAN SETTLEMENTS</subfield>
        <subfield code="0">(DHLAUTH)273542</subfield>
    </datafield>
    <datafield tag="650" ind1=" " ind2=" ">
        <subfield code="a">ECONOMIC GROWTH</subfield>
        <subfield code="0">(DHLAUTH)269754</subfield>
    </datafield>
    <datafield tag="650" ind1=" " ind2=" ">
        <subfield code="a">TRADE RESTRICTIONS</subfield>
        <subfield code="0">(DHLAUTH)272812</subfield>
    </datafield>
    <datafield tag="650" ind1=" " ind2=" ">
        <subfield code="a">EMPLOYMENT</subfield>
        <subfield code="0">(DHLAUTH)269797</subfield>
    </datafield>
    <datafield tag="650" ind1=" " ind2=" ">
        <subfield code="a">BALANCE OF PAYMENTS</subfield>
        <subfield code="0">(DHLAUTH)270325</subfield>
    </datafield>
    <datafield tag="650" ind1=" " ind2=" ">
        <subfield code="a">UNEMPLOYMENT</subfield>
        <subfield code="0">(DHLAUTH)269726</subfield>
    </datafield>
    <datafield tag="650" ind1=" " ind2=" ">
        <subfield code="a">GROSS DOMESTIC PRODUCT</subfield>
        <subfield code="0">(DHLAUTH)269801</subfield>
    </datafield>
    <datafield tag="650" ind1=" " ind2=" ">
        <subfield code="a">BANKING</subfield>
        <subfield code="0">(DHLAUTH)270339</subfield>
    </datafield>
    <datafield tag="650" ind1=" " ind2=" ">
        <subfield code="a">RETURN MIGRATION</subfield>
        <subfield code="0">(DHLAUTH)273078</subfield>
    </datafield>
    <datafield tag="650" ind1=" " ind2=" ">
        <subfield code="a">INFLATION</subfield>
        <subfield code="0">(DHLAUTH)269724</subfield>
    </datafield>
    <datafield tag="650" ind1=" " ind2=" ">
        <subfield code="a">PETROLEUM PRICES</subfield>
        <subfield code="0">(DHLAUTH)269855</subfield>
    </datafield>
    <datafield tag="650" ind1=" " ind2=" ">
        <subfield code="a">DEVALUATION</subfield>
        <subfield code="0">(DHLAUTH)270438</subfield>
    </datafield>
    <datafield tag="650" ind1=" " ind2=" ">
        <subfield code="a">SUPPLY AND DEMAND</subfield>
        <subfield code="0">(DHLAUTH)269584</subfield>
    </datafield>
</record>
<record>
    <datafield tag="191" ind1=" " ind2=" ">
        <subfield code="a">E/ESCWA/DPD/86/10</subfield>
    </datafield>
    <datafield tag="245" ind1=" " ind2=" ">
        <subfield code="a">A MACRO-ECONOMETRIC PLANNING MODEL FOR THE YEMEN ARAB REPUBLIC</subfield>
    </datafield>
    <datafield tag="269" ind1=" " ind2=" ">
        <subfield code="a">19870712</subfield>
    </datafield>
    <datafield tag="650" ind1=" " ind2=" ">
        <subfield code="a">UNITED ARAB EMIRATES</subfield>
        <subfield code="0">(DHLAUTH)275604</subfield>
    </datafield>
    <datafield tag="650" ind1=" " ind2=" ">
        <subfield code="a">YEMEN</subfield>
        <subfield code="0">(DHLAUTH)273521</subfield>
    </datafield>
    <datafield tag="650" ind1=" " ind2=" ">
        <subfield code="a">ECONOMIC PLANNING</subfield>
        <subfield code="0">(DHLAUTH)269834</subfield>
    </datafield>
    <datafield tag="650" ind1=" " ind2=" ">
        <subfield code="a">MACROECONOMICS</subfield>
        <subfield code="0">(DHLAUTH)269604</subfield>
    </datafield>
</record>
<record>
    <datafield tag="191" ind1=" " ind2=" ">
        <subfield code="a">E/ESCWA/DPD/86/11/REV.1</subfield>
    </datafield>
    <datafield tag="245" ind1=" " ind2=" ">
        <subfield code="a">A PLANNING MODEL FOR JORDAN</subfield>
    </datafield>
    <datafield tag="269" ind1=" " ind2=" ">
        <subfield code="a">19871026</subfield>
    </datafield>
    <datafield tag="650" ind1=" " ind2=" ">
        <subfield code="a">JORDAN</subfield>
        <subfield code="0">(DHLAUTH)269099</subfield>
    </datafield>
    <datafield tag="650" ind1=" " ind2=" ">
        <subfield code="a">EMPLOYMENT</subfield>
        <subfield code="0">(DHLAUTH)269797</subfield>
    </datafield>
    <datafield tag="650" ind1=" " ind2=" ">
        <subfield code="a">ECONOMIC PLANNING</subfield>
        <subfield code="0">(DHLAUTH)269834</subfield>
    </datafield>
    <datafield tag="650" ind1=" " ind2=" ">
        <subfield code="a">MACROECONOMICS</subfield>
        <subfield code="0">(DHLAUTH)269604</subfield>
    </datafield>
    <datafield tag="650" ind1=" " ind2=" ">
        <subfield code="a">SECTORAL PLANNING</subfield>
        <subfield code="0">(DHLAUTH)269897</subfield>
    </datafield>
</record>
<record>
    <datafield tag="191" ind1=" " ind2=" ">
        <subfield code="a">E/ESCWA/DPD/86/13/REV.1</subfield>
    </datafield>
    <datafield tag="245" ind1=" " ind2=" ">
        <subfield code="a">DEVELOPMENT OBSTACLES AND NEEDS IN THE LEAST DEVELOPED COUNTRIES IN THE ESCWA REGION</subfield>
    </datafield>
    <datafield tag="269" ind1=" " ind2=" ">
        <subfield code="a">19871001</subfield>
    </datafield>
    <datafield tag="650" ind1=" " ind2=" ">
        <subfield code="a">LEAST DEVELOPED COUNTRIES</subfield>
        <subfield code="0">(DHLAUTH)269841</subfield>
    </datafield>
    <datafield tag="650" ind1=" " ind2=" ">
        <subfield code="a">DEBT</subfield>
        <subfield code="0">(DHLAUTH)269545</subfield>
    </datafield>
    <datafield tag="650" ind1=" " ind2=" ">
        <subfield code="a">FINANCIAL RESOURCES</subfield>
        <subfield code="0">(DHLAUTH)269810</subfield>
    </datafield>
    <datafield tag="650" ind1=" " ind2=" ">
        <subfield code="a">BALANCE OF PAYMENTS</subfield>
        <subfield code="0">(DHLAUTH)270325</subfield>
    </datafield>
    <datafield tag="650" ind1=" " ind2=" ">
        <subfield code="a">PRODUCTION</subfield>
        <subfield code="0">(DHLAUTH)269667</subfield>
    </datafield>
    <datafield tag="650" ind1=" " ind2=" ">
        <subfield code="a">PHYSICAL INFRASTRUCTURE</subfield>
        <subfield code="0">(DHLAUTH)272498</subfield>
    </datafield>
</record>
<record>
    <datafield tag="191" ind1=" " ind2=" ">
        <subfield code="a">E/ESCWA/DPD/86/14</subfield>
    </datafield>
    <datafield tag="246" ind1=" " ind2=" ">
        <subfield code="a">أثر عودة العمالة المهاجرة دراسة استطلاعية بالنسبة الي بعض الدول المصدرة للعمالة في منطقة اللجنة الإقتصادية وألإجتماعية لغربي آسيا</subfield>
    </datafield>
    <datafield tag="269" ind1=" " ind2=" ">
        <subfield code="a">19860303</subfield>
    </datafield>
    <datafield tag="650" ind1=" " ind2=" ">
        <subfield code="a">ECONOMIC ASPECTS</subfield>
        <subfield code="0">(DHLAUTH)269753</subfield>
    </datafield>
    <datafield tag="650" ind1=" " ind2=" ">
        <subfield code="a">MIGRANT WORKERS</subfield>
        <subfield code="0">(DHLAUTH)274223</subfield>
    </datafield>
    <datafield tag="650" ind1=" " ind2=" ">
        <subfield code="a">LABOUR MARKET</subfield>
        <subfield code="0">(DHLAUTH)269799</subfield>
    </datafield>
    <datafield tag="650" ind1=" " ind2=" ">
        <subfield code="a">BALANCE OF PAYMENTS</subfield>
        <subfield code="0">(DHLAUTH)270325</subfield>
    </datafield>
    <datafield tag="650" ind1=" " ind2=" ">
        <subfield code="a">WAGES</subfield>
        <subfield code="0">(DHLAUTH)269809</subfield>
    </datafield>
    <datafield tag="650" ind1=" " ind2=" ">
        <subfield code="a">ECONOMIC CONDITIONS</subfield>
        <subfield code="0">(DHLAUTH)269719</subfield>
    </datafield>
    <datafield tag="650" ind1=" " ind2=" ">
        <subfield code="a">SOCIAL CONDITIONS</subfield>
        <subfield code="0">(DHLAUTH)268327</subfield>
    </datafield>
    <datafield tag="650" ind1=" " ind2=" ">
        <subfield code="a">EGYPT</subfield>
        <subfield code="0">(DHLAUTH)273328</subfield>
    </datafield>
    <datafield tag="650" ind1=" " ind2=" ">
        <subfield code="a">JORDAN</subfield>
        <subfield code="0">(DHLAUTH)269099</subfield>
    </datafield>
    <datafield tag="650" ind1=" " ind2=" ">
        <subfield code="a">YEMEN</subfield>
        <subfield code="0">(DHLAUTH)273521</subfield>
    </datafield>
    <datafield tag="650" ind1=" " ind2=" ">
        <subfield code="a">RECOMMENDATIONS</subfield>
        <subfield code="0">(DHLAUTH)275840</subfield>
    </datafield>
    <datafield tag="650" ind1=" " ind2=" ">
        <subfield code="a">STATISTICAL DATA</subfield>
        <subfield code="0">(DHLAUTH)270233</subfield>
    </datafield>
    <datafield tag="650" ind1=" " ind2=" ">
        <subfield code="a">REMITTANCES</subfield>
        <subfield code="0">(DHLAUTH)270415</subfield>
    </datafield>
</record>
<record>
    <datafield tag="191" ind1=" " ind2=" ">
        <subfield code="a">E/ESCWA/DPD/86/1/REV.1</subfield>
    </datafield>
    <datafield tag="245" ind1=" " ind2=" ">
        <subfield code="a">SURVEY OF ECONOMIC AND SOCIAL DEVELOPMENTS IN ESCWA REGION 1985</subfield>
    </datafield>
    <datafield tag="269" ind1=" " ind2=" ">
        <subfield code="a">19861201</subfield>
    </datafield>
    <datafield tag="650" ind1=" " ind2=" ">
        <subfield code="a">ECONOMIC SURVEYS</subfield>
        <subfield code="0">(DHLAUTH)269780</subfield>
    </datafield>
    <datafield tag="650" ind1=" " ind2=" ">
        <subfield code="a">WESTERN ASIA</subfield>
        <subfield code="0">(DHLAUTH)275490</subfield>
    </datafield>
    <datafield tag="650" ind1=" " ind2=" ">
        <subfield code="a">ABACA</subfield>
        <subfield code="0">(DHLAUTH)271457</subfield>
    </datafield>
    <datafield tag="650" ind1=" " ind2=" ">
        <subfield code="a">SOCIAL DEVELOPMENT</subfield>
        <subfield code="0">(DHLAUTH)269873</subfield>
    </datafield>
    <datafield tag="650" ind1=" " ind2=" ">
        <subfield code="a">ECONOMIC DEVELOPMENT</subfield>
        <subfield code="0">(DHLAUTH)269755</subfield>
    </datafield>
</record>
<record>
    <datafield tag="191" ind1=" " ind2=" ">
        <subfield code="a">E/ESCWA/DPD/86/2</subfield>
    </datafield>
    <datafield tag="245" ind1=" " ind2=" ">
        <subfield code="a">SURVEY OF ECONOMIC AND SOCIAL DEVELOPMENTS IN THE ESCWA REGION 1985. SUMMARY</subfield>
    </datafield>
    <datafield tag="269" ind1=" " ind2=" ">
        <subfield code="a">19860101</subfield>
    </datafield>
    <datafield tag="650" ind1=" " ind2=" ">
        <subfield code="a">ECONOMIC CONDITIONS</subfield>
        <subfield code="0">(DHLAUTH)269719</subfield>
    </datafield>
    <datafield tag="650" ind1=" " ind2=" ">
        <subfield code="a">ECONOMIC GROWTH</subfield>
        <subfield code="0">(DHLAUTH)269754</subfield>
    </datafield>
</record>
<record>
    <datafield tag="191" ind1=" " ind2=" ">
        <subfield code="a">E/ESCWA/DPD/86/3</subfield>
    </datafield>
    <datafield tag="245" ind1=" " ind2=" ">
        <subfield code="a">TRADE AND ECONOMIC CO-OPERATION BETWEEN THE ESCWA COUNTRIES AND THE SOCIALIST COUNTRIES OF EASTERN EUROPE: WITH PARTICULAR REFERENCE TO BULGARIA (1975-1984)</subfield>
    </datafield>
    <datafield tag="269" ind1=" " ind2=" ">
        <subfield code="a">19861001</subfield>
    </datafield>
    <datafield tag="650" ind1=" " ind2=" ">
        <subfield code="a">ECONOMIC COOPERATION</subfield>
        <subfield code="0">(DHLAUTH)268654</subfield>
    </datafield>
    <datafield tag="650" ind1=" " ind2=" ">
        <subfield code="a">FOREIGN TRADE</subfield>
        <subfield code="0">(DHLAUTH)272801</subfield>
    </datafield>
</record>
<record>
    <datafield tag="191" ind1=" " ind2=" ">
        <subfield code="a">E/ESCWA/DPD/87/1</subfield>
    </datafield>
    <datafield tag="246" ind1=" " ind2=" ">
        <subfield code="a">تقرير عن المهمة الإستشارية للجهاز المركزي للإحصاء دولة قطر خلال الفترة 6-14 كانون الثاني 1987</subfield>
    </datafield>
    <datafield tag="269" ind1=" " ind2=" ">
        <subfield code="a">19870204</subfield>
    </datafield>
    <datafield tag="650" ind1=" " ind2=" ">
        <subfield code="a">ECONOMIC ASPECTS</subfield>
        <subfield code="0">(DHLAUTH)269753</subfield>
    </datafield>
    <datafield tag="650" ind1=" " ind2=" ">
        <subfield code="a">ADVISORY SERVICES</subfield>
        <subfield code="0">(DHLAUTH)269860</subfield>
    </datafield>
    <datafield tag="650" ind1=" " ind2=" ">
        <subfield code="a">WESTERN ASIA</subfield>
        <subfield code="0">(DHLAUTH)275490</subfield>
    </datafield>
    <datafield tag="650" ind1=" " ind2=" ">
        <subfield code="a">QATAR</subfield>
        <subfield code="0">(DHLAUTH)275603</subfield>
    </datafield>
    <datafield tag="650" ind1=" " ind2=" ">
        <subfield code="a">RECOMMENDATIONS</subfield>
        <subfield code="0">(DHLAUTH)275840</subfield>
    </datafield>
</record>
<record>
    <datafield tag="191" ind1=" " ind2=" ">
        <subfield code="a">E/ESCWA/DPD/87/10</subfield>
    </datafield>
    <datafield tag="245" ind1=" " ind2=" ">
        <subfield code="a">A MACRO-ECONOMETRIC PLANNING MODEL FOR BAHRAIN</subfield>
    </datafield>
    <datafield tag="269" ind1=" " ind2=" ">
        <subfield code="a">19870712</subfield>
    </datafield>
    <datafield tag="650" ind1=" " ind2=" ">
        <subfield code="a">BAHRAIN</subfield>
        <subfield code="0">(DHLAUTH)273274</subfield>
    </datafield>
    <datafield tag="650" ind1=" " ind2=" ">
        <subfield code="a">ECONOMIC PLANNING</subfield>
        <subfield code="0">(DHLAUTH)269834</subfield>
    </datafield>
    <datafield tag="650" ind1=" " ind2=" ">
        <subfield code="a">MACROECONOMICS</subfield>
        <subfield code="0">(DHLAUTH)269604</subfield>
    </datafield>
</record>
<record>
    <datafield tag="191" ind1=" " ind2=" ">
        <subfield code="a">E/ESCWA/DPD/87/11</subfield>
    </datafield>
    <datafield tag="246" ind1=" " ind2=" ">
        <subfield code="a">تقرير عن المهمة الإستشارية لوزارة التخطيط في المملكة العربية السعودية خلال الفترة 20-27 حزيران 1987</subfield>
    </datafield>
    <datafield tag="269" ind1=" " ind2=" ">
        <subfield code="a">19870707</subfield>
    </datafield>
    <datafield tag="650" ind1=" " ind2=" ">
        <subfield code="a">ECONOMIC ASPECTS</subfield>
        <subfield code="0">(DHLAUTH)269753</subfield>
    </datafield>
    <datafield tag="650" ind1=" " ind2=" ">
        <subfield code="a">ADVISORY SERVICES</subfield>
        <subfield code="0">(DHLAUTH)269860</subfield>
    </datafield>
    <datafield tag="650" ind1=" " ind2=" ">
        <subfield code="a">WESTERN ASIA</subfield>
        <subfield code="0">(DHLAUTH)275490</subfield>
    </datafield>
    <datafield tag="650" ind1=" " ind2=" ">
        <subfield code="a">RECOMMENDATIONS</subfield>
        <subfield code="0">(DHLAUTH)275840</subfield>
    </datafield>
    <datafield tag="650" ind1=" " ind2=" ">
        <subfield code="a">SAUDI ARABIA</subfield>
        <subfield code="0">(DHLAUTH)273464</subfield>
    </datafield>
</record>
<record>
    <datafield tag="191" ind1=" " ind2=" ">
        <subfield code="a">E/ESCWA/DPD/87/13</subfield>
    </datafield>
    <datafield tag="245" ind1=" " ind2=" ">
        <subfield code="a">REVIEW OF ECONOMIC DEVELOPMENTS IN THE ESCWA REGION DURING THE FIRST HALF OF 1987</subfield>
    </datafield>
    <datafield tag="269" ind1=" " ind2=" ">
        <subfield code="a">19870910</subfield>
    </datafield>
    <datafield tag="650" ind1=" " ind2=" ">
        <subfield code="a">ECONOMIC COOPERATION</subfield>
        <subfield code="0">(DHLAUTH)268654</subfield>
    </datafield>
    <datafield tag="650" ind1=" " ind2=" ">
        <subfield code="a">ECONOMIC GROWTH</subfield>
        <subfield code="0">(DHLAUTH)269754</subfield>
    </datafield>
    <datafield tag="650" ind1=" " ind2=" ">
        <subfield code="a">DEVELOPMENT PLANS</subfield>
        <subfield code="0">(DHLAUTH)269892</subfield>
    </datafield>
    <datafield tag="650" ind1=" " ind2=" ">
        <subfield code="a">PETROLEUM RESERVES</subfield>
        <subfield code="0">(DHLAUTH)271268</subfield>
    </datafield>
</record>
<record>
    <datafield tag="191" ind1=" " ind2=" ">
        <subfield code="a">E/ESCWA/DPD/87/14</subfield>
    </datafield>
    <datafield tag="245" ind1=" " ind2=" ">
        <subfield code="a">DEVELOPMENTS IN THE EXTERNAL SECTOR OF THE ESCWA REGION/ 1985 FOREIGN TRADE COMPENDIUM</subfield>
    </datafield>
    <datafield tag="269" ind1=" " ind2=" ">
        <subfield code="a">19871001</subfield>
    </datafield>
    <datafield tag="650" ind1=" " ind2=" ">
        <subfield code="a">STATISTICAL DATA</subfield>
        <subfield code="0">(DHLAUTH)270233</subfield>
    </datafield>
    <datafield tag="650" ind1=" " ind2=" ">
        <subfield code="a">FOREIGN TRADE</subfield>
        <subfield code="0">(DHLAUTH)272801</subfield>
    </datafield>
</record>
<record>
    <datafield tag="191" ind1=" " ind2=" ">
        <subfield code="a">E/ESCWA/DPD/87/15</subfield>
    </datafield>
    <datafield tag="246" ind1=" " ind2=" ">
        <subfield code="a">تقرير اولي عن المهمة الى دائرة التخطيط الإمارات العربية المتحدة ابو ظبي خلال الفترة من 12-09-02-10-1987</subfield>
    </datafield>
    <datafield tag="269" ind1=" " ind2=" ">
        <subfield code="a">19871105</subfield>
    </datafield>
    <datafield tag="650" ind1=" " ind2=" ">
        <subfield code="a">ECONOMIC ASPECTS</subfield>
        <subfield code="0">(DHLAUTH)269753</subfield>
    </datafield>
    <datafield tag="650" ind1=" " ind2=" ">
        <subfield code="a">ADVISORY SERVICES</subfield>
        <subfield code="0">(DHLAUTH)269860</subfield>
    </datafield>
    <datafield tag="650" ind1=" " ind2=" ">
        <subfield code="a">UNITED ARAB EMIRATES</subfield>
        <subfield code="0">(DHLAUTH)275604</subfield>
    </datafield>
</record>
<record>
    <datafield tag="191" ind1=" " ind2=" ">
        <subfield code="a">E/ESCWA/DPD/87/17</subfield>
    </datafield>
    <datafield tag="246" ind1=" " ind2=" ">
        <subfield code="a">تقرير الى اللجنة عن توصيات فريق الخبراء المخصص المعني بالنماذج الإقتصادية القياسية القطرية والإقليمية عمان الأردن 14-16-10-1987</subfield>
    </datafield>
    <datafield tag="269" ind1=" " ind2=" ">
        <subfield code="a">19871221</subfield>
    </datafield>
    <datafield tag="650" ind1=" " ind2=" ">
        <subfield code="a">ECONOMIC ASPECTS</subfield>
        <subfield code="0">(DHLAUTH)269753</subfield>
    </datafield>
    <datafield tag="650" ind1=" " ind2=" ">
        <subfield code="a">RECOMMENDATIONS</subfield>
        <subfield code="0">(DHLAUTH)275840</subfield>
    </datafield>
    <datafield tag="650" ind1=" " ind2=" ">
        <subfield code="a">WESTERN ASIA</subfield>
        <subfield code="0">(DHLAUTH)275490</subfield>
    </datafield>
    <datafield tag="650" ind1=" " ind2=" ">
        <subfield code="a">ECONOMETRIC MODELS</subfield>
        <subfield code="0">(DHLAUTH)269630</subfield>
    </datafield>
</record>
<record>
    <datafield tag="191" ind1=" " ind2=" ">
        <subfield code="a">E/ESCWA/DPD/87/19</subfield>
    </datafield>
    <datafield tag="246" ind1=" " ind2=" ">
        <subfield code="a">تقييم الموارد المالية اللازمة للدولتين الاقل نمواً في منطقة غربي آسيا وإحتمالات التمويل الخارجي</subfield>
    </datafield>
    <datafield tag="269" ind1=" " ind2=" ">
        <subfield code="a">19871219</subfield>
    </datafield>
    <datafield tag="650" ind1=" " ind2=" ">
        <subfield code="a">MONEY SUPPLY</subfield>
        <subfield code="0">(DHLAUTH)269689</subfield>
    </datafield>
    <datafield tag="650" ind1=" " ind2=" ">
        <subfield code="a">ECONOMIC ASPECTS</subfield>
        <subfield code="0">(DHLAUTH)269753</subfield>
    </datafield>
    <datafield tag="650" ind1=" " ind2=" ">
        <subfield code="a">TAXATION</subfield>
        <subfield code="0">(DHLAUTH)270067</subfield>
    </datafield>
    <datafield tag="650" ind1=" " ind2=" ">
        <subfield code="a">LEAST DEVELOPED COUNTRIES</subfield>
        <subfield code="0">(DHLAUTH)269841</subfield>
    </datafield>
    <datafield tag="650" ind1=" " ind2=" ">
        <subfield code="a">RECOMMENDATIONS</subfield>
        <subfield code="0">(DHLAUTH)275840</subfield>
    </datafield>
    <datafield tag="650" ind1=" " ind2=" ">
        <subfield code="a">WESTERN ASIA</subfield>
        <subfield code="0">(DHLAUTH)275490</subfield>
    </datafield>
</record>
<record>
    <datafield tag="191" ind1=" " ind2=" ">
        <subfield code="a">E/ESCWA/DPD/87/2</subfield>
    </datafield>
    <datafield tag="245" ind1=" " ind2=" ">
        <subfield code="a">SUMMARY REPORT ON THE MISSION TO THE CENTRAL STATISTICAL ORGANIZATION IN QATAR FROM 6 - 14 JANUARY 1987</subfield>
    </datafield>
    <datafield tag="269" ind1=" " ind2=" ">
        <subfield code="a">19870218</subfield>
    </datafield>
    <datafield tag="650" ind1=" " ind2=" ">
        <subfield code="a">QATAR</subfield>
        <subfield code="0">(DHLAUTH)275603</subfield>
    </datafield>
    <datafield tag="650" ind1=" " ind2=" ">
        <subfield code="a">RECOMMENDATIONS</subfield>
        <subfield code="0">(DHLAUTH)275840</subfield>
    </datafield>
    <datafield tag="650" ind1=" " ind2=" ">
        <subfield code="a">ADVISORY SERVICES</subfield>
        <subfield code="0">(DHLAUTH)269860</subfield>
    </datafield>
</record>
<record>
    <datafield tag="191" ind1=" " ind2=" ">
        <subfield code="a">E/ESCWA/DPD/87/20</subfield>
    </datafield>
    <datafield tag="245" ind1=" " ind2=" ">
        <subfield code="a">TRADE AND ECONOMIC CO-OPERATION BTWEEN THE ESCWA COUNTRIES AND THE SOCIALIST COUNTRIES OF EASTERN EUROPE: 1975 - 1986</subfield>
    </datafield>
    <datafield tag="246" ind1=" " ind2=" ">
        <subfield code="a">التعاون التجاري والإقتصادي فيما بين بلدان الاسكوا والبلدان الإشتراكية في اوروبا الشرقية 1975-1986, ورقة مقدمة الى الاونكتاد/برنامج الامم المتحدة الإنمائي الندوة الإقليمية لغرف التجارة في البلدان العربية و البلدان الإشتراكية في اوروبا الشرقية عمان 1-4 -12-1987</subfield>
    </datafield>
    <datafield tag="269" ind1=" " ind2=" ">
        <subfield code="a">19871217</subfield>
    </datafield>
    <datafield tag="650" ind1=" " ind2=" ">
        <subfield code="a">STATISTICAL DATA</subfield>
        <subfield code="0">(DHLAUTH)270233</subfield>
    </datafield>
    <datafield tag="650" ind1=" " ind2=" ">
        <subfield code="a">ECONOMIC COOPERATION</subfield>
        <subfield code="0">(DHLAUTH)268654</subfield>
    </datafield>
    <datafield tag="650" ind1=" " ind2=" ">
        <subfield code="a">FOREIGN TRADE</subfield>
        <subfield code="0">(DHLAUTH)272801</subfield>
    </datafield>
    <datafield tag="650" ind1=" " ind2=" ">
        <subfield code="a">RECOMMENDATIONS</subfield>
        <subfield code="0">(DHLAUTH)275840</subfield>
    </datafield>
    <datafield tag="650" ind1=" " ind2=" ">
        <subfield code="a">REGIONAL COOPERATION</subfield>
        <subfield code="0">(DHLAUTH)268656</subfield>
    </datafield>
    <datafield tag="650" ind1=" " ind2=" ">
        <subfield code="a">EASTERN EUROPE</subfield>
        <subfield code="0">(DHLAUTH)275573</subfield>
    </datafield>
</record>
<record>
    <datafield tag="191" ind1=" " ind2=" ">
        <subfield code="a">E/ESCWA/DPD/87/21</subfield>
    </datafield>
    <datafield tag="245" ind1=" " ind2=" ">
        <subfield code="a">DEVELOPMENTS IN INTERNATIONAL TRADE AND PAYMENTS OF THE ESCWA REGION</subfield>
    </datafield>
    <datafield tag="269" ind1=" " ind2=" ">
        <subfield code="a">19871224</subfield>
    </datafield>
    <datafield tag="650" ind1=" " ind2=" ">
        <subfield code="a">FOREIGN TRADE</subfield>
        <subfield code="0">(DHLAUTH)272801</subfield>
    </datafield>
    <datafield tag="650" ind1=" " ind2=" ">
        <subfield code="a">MULTILATERAL TRADE NEGOTIATIONS</subfield>
        <subfield code="0">(DHLAUTH)272848</subfield>
    </datafield>
    <datafield tag="650" ind1=" " ind2=" ">
        <subfield code="a">BALANCE OF PAYMENTS</subfield>
        <subfield code="0">(DHLAUTH)270325</subfield>
    </datafield>
    <datafield tag="650" ind1=" " ind2=" ">
        <subfield code="a">MONETARY RESERVES</subfield>
        <subfield code="0">(DHLAUTH)269688</subfield>
    </datafield>
    <datafield tag="650" ind1=" " ind2=" ">
        <subfield code="a">PETROLEUM PRICES</subfield>
        <subfield code="0">(DHLAUTH)269855</subfield>
    </datafield>
</record>
<record>
    <datafield tag="191" ind1=" " ind2=" ">
        <subfield code="a">E/ESCWA/DPD/87/22</subfield>
    </datafield>
    <datafield tag="245" ind1=" " ind2=" ">
        <subfield code="a">THE DESIGN OF A REGIONAL MACRO-ECONOMETRIC MODEL FOR ESCWA MEMBER COUNTRIES</subfield>
    </datafield>
    <datafield tag="269" ind1=" " ind2=" ">
        <subfield code="a">19871210</subfield>
    </datafield>
    <datafield tag="650" ind1=" " ind2=" ">
        <subfield code="a">ECONOMETRIC MODELS</subfield>
        <subfield code="0">(DHLAUTH)269630</subfield>
    </datafield>
    <datafield tag="650" ind1=" " ind2=" ">
        <subfield code="a">WESTERN ASIA</subfield>
        <subfield code="0">(DHLAUTH)275490</subfield>
    </datafield>
</record>
<record>
    <datafield tag="191" ind1=" " ind2=" ">
        <subfield code="a">E/ESCWA/DPD/87/23</subfield>
    </datafield>
    <datafield tag="245" ind1=" " ind2=" ">
        <subfield code="a">ARAB BANKS. CURRENT SITUATION AND FUTURE PROSPECTS IN THE LIGHT OF THE FALL IN OIL PRICES, WORLD DEBT CRISIS AND DEVELOPMENTS IN THE INTERNATIONAL FINANCIAL MARKETS</subfield>
    </datafield>
    <datafield tag="269" ind1=" " ind2=" ">
        <subfield code="a">19871130</subfield>
    </datafield>
    <datafield tag="650" ind1=" " ind2=" ">
        <subfield code="a">BANKS</subfield>
        <subfield code="0">(DHLAUTH)270346</subfield>
    </datafield>
    <datafield tag="650" ind1=" " ind2=" ">
        <subfield code="a">PETROLEUM PRICES</subfield>
        <subfield code="0">(DHLAUTH)269855</subfield>
    </datafield>
    <datafield tag="650" ind1=" " ind2=" ">
        <subfield code="a">PETROLEUM REVENUES</subfield>
        <subfield code="0">(DHLAUTH)269856</subfield>
    </datafield>
    <datafield tag="650" ind1=" " ind2=" ">
        <subfield code="a">BANKING STATISTICS</subfield>
        <subfield code="0">(DHLAUTH)276561</subfield>
    </datafield>
</record>
<record>
    <datafield tag="191" ind1=" " ind2=" ">
        <subfield code="a">E/ESCWA/DPD/87/23/REV.1</subfield>
    </datafield>
    <datafield tag="245" ind1=" " ind2=" ">
        <subfield code="a">ARAB BANKS/ CURRENT SITUATION AND FUTURE PROSPECTS IN THE LIGHT OF THE FALL IN OIL PRICES, WORLD DEBT CRISIS AND DEVELOPMENTS IN THE INTERNATIONAL FINANCIAL MARKETS</subfield>
    </datafield>
    <datafield tag="269" ind1=" " ind2=" ">
        <subfield code="a">19891030</subfield>
    </datafield>
    <datafield tag="650" ind1=" " ind2=" ">
        <subfield code="a">BANKS</subfield>
        <subfield code="0">(DHLAUTH)270346</subfield>
    </datafield>
    <datafield tag="650" ind1=" " ind2=" ">
        <subfield code="a">PETROLEUM PRICES</subfield>
        <subfield code="0">(DHLAUTH)269855</subfield>
    </datafield>
    <datafield tag="650" ind1=" " ind2=" ">
        <subfield code="a">PETROLEUM REVENUES</subfield>
        <subfield code="0">(DHLAUTH)269856</subfield>
    </datafield>
    <datafield tag="650" ind1=" " ind2=" ">
        <subfield code="a">BANKING STATISTICS</subfield>
        <subfield code="0">(DHLAUTH)276561</subfield>
    </datafield>
</record>
<record>
    <datafield tag="191" ind1=" " ind2=" ">
        <subfield code="a">E/ESCWA/DPD/87/3</subfield>
    </datafield>
    <datafield tag="246" ind1=" " ind2=" ">
        <subfield code="a">مسح للتطورات الإقتصادية والإجتماعية في منطقة اللجنة 1986</subfield>
    </datafield>
    <datafield tag="269" ind1=" " ind2=" ">
        <subfield code="a">19870101</subfield>
    </datafield>
    <datafield tag="650" ind1=" " ind2=" ">
        <subfield code="a">ECONOMIC COOPERATION</subfield>
        <subfield code="0">(DHLAUTH)268654</subfield>
    </datafield>
    <datafield tag="650" ind1=" " ind2=" ">
        <subfield code="a">RENEWABLE ENERGY SOURCES</subfield>
        <subfield code="0">(DHLAUTH)270594</subfield>
    </datafield>
    <datafield tag="650" ind1=" " ind2=" ">
        <subfield code="a">PETROLEUM IMPORTS</subfield>
        <subfield code="0">(DHLAUTH)269857</subfield>
    </datafield>
    <datafield tag="650" ind1=" " ind2=" ">
        <subfield code="a">AGRICULTURE</subfield>
        <subfield code="0">(DHLAUTH)271335</subfield>
    </datafield>
    <datafield tag="650" ind1=" " ind2=" ">
        <subfield code="a">EXTERNAL DEBT</subfield>
        <subfield code="0">(DHLAUTH)270096</subfield>
    </datafield>
    <datafield tag="650" ind1=" " ind2=" ">
        <subfield code="a">ECONOMIC GROWTH</subfield>
        <subfield code="0">(DHLAUTH)269754</subfield>
    </datafield>
    <datafield tag="650" ind1=" " ind2=" ">
        <subfield code="a">WATER RESOURCES</subfield>
        <subfield code="0">(DHLAUTH)270568</subfield>
    </datafield>
    <datafield tag="650" ind1=" " ind2=" ">
        <subfield code="a">EMPLOYMENT</subfield>
        <subfield code="0">(DHLAUTH)269797</subfield>
    </datafield>
    <datafield tag="650" ind1=" " ind2=" ">
        <subfield code="a">WOMEN IN DEVELOPMENT</subfield>
        <subfield code="0">(DHLAUTH)269878</subfield>
    </datafield>
    <datafield tag="650" ind1=" " ind2=" ">
        <subfield code="a">PORTS</subfield>
        <subfield code="0">(DHLAUTH)270888</subfield>
    </datafield>
    <datafield tag="650" ind1=" " ind2=" ">
        <subfield code="a">MARITIME TRANSPORT</subfield>
        <subfield code="0">(DHLAUTH)272479</subfield>
    </datafield>
    <datafield tag="650" ind1=" " ind2=" ">
        <subfield code="a">INTRAREGIONAL TRADE</subfield>
        <subfield code="0">(DHLAUTH)269769</subfield>
    </datafield>
    <datafield tag="650" ind1=" " ind2=" ">
        <subfield code="a">ROADS</subfield>
        <subfield code="0">(DHLAUTH)272500</subfield>
    </datafield>
    <datafield tag="650" ind1=" " ind2=" ">
        <subfield code="a">MANUFACTURING</subfield>
        <subfield code="0">(DHLAUTH)271821</subfield>
    </datafield>
    <datafield tag="650" ind1=" " ind2=" ">
        <subfield code="a">PETROLEUM EXPORTS</subfield>
        <subfield code="0">(DHLAUTH)269853</subfield>
    </datafield>
    <datafield tag="650" ind1=" " ind2=" ">
        <subfield code="a">PETROLEUM PRICES</subfield>
        <subfield code="0">(DHLAUTH)269855</subfield>
    </datafield>
    <datafield tag="650" ind1=" " ind2=" ">
        <subfield code="a">RAILWAYS</subfield>
        <subfield code="0">(DHLAUTH)272499</subfield>
    </datafield>
    <datafield tag="650" ind1=" " ind2=" ">
        <subfield code="a">WATER REUSE</subfield>
        <subfield code="0">(DHLAUTH)270916</subfield>
    </datafield>
</record>
<record>
    <datafield tag="191" ind1=" " ind2=" ">
        <subfield code="a">E/ESCWA/DPD/87/7</subfield>
    </datafield>
    <datafield tag="245" ind1=" " ind2=" ">
        <subfield code="a">SUMMARY REPORT/ON THE MISSION TO THE DEPARTMENT OF PLANNING IN ABU DHABI EMIRATE, UNITED ARAB EMIRATES (FROM 19 FEBRUARY - 6 MARCH 1987)</subfield>
    </datafield>
    <datafield tag="269" ind1=" " ind2=" ">
        <subfield code="a">19870527</subfield>
    </datafield>
    <datafield tag="650" ind1=" " ind2=" ">
        <subfield code="a">ADVISORY SERVICES</subfield>
        <subfield code="0">(DHLAUTH)269860</subfield>
    </datafield>
    <datafield tag="650" ind1=" " ind2=" ">
        <subfield code="a">UNITED ARAB EMIRATES</subfield>
        <subfield code="0">(DHLAUTH)275604</subfield>
    </datafield>
</record>
<record>
    <datafield tag="191" ind1=" " ind2=" ">
        <subfield code="a">E/ESCWA/DPD/87/9</subfield>
    </datafield>
    <datafield tag="245" ind1=" " ind2=" ">
        <subfield code="a">A MACRO-ECONOMIC PLANNING MODEL FOR SYRIAN ARAB REPUBLIC</subfield>
    </datafield>
    <datafield tag="269" ind1=" " ind2=" ">
        <subfield code="a">19870712</subfield>
    </datafield>
    <datafield tag="650" ind1=" " ind2=" ">
        <subfield code="a">ECONOMIC PLANNING</subfield>
        <subfield code="0">(DHLAUTH)269834</subfield>
    </datafield>
    <datafield tag="650" ind1=" " ind2=" ">
        <subfield code="a">MACROECONOMICS</subfield>
        <subfield code="0">(DHLAUTH)269604</subfield>
    </datafield>
    <datafield tag="650" ind1=" " ind2=" ">
        <subfield code="a">SYRIAN ARAB REPUBLIC</subfield>
        <subfield code="0">(DHLAUTH)273496</subfield>
    </datafield>
</record>
<record>
    <datafield tag="191" ind1=" " ind2=" ">
        <subfield code="a">E/ESCWA/DPD/88/1/REV.1</subfield>
    </datafield>
    <datafield tag="245" ind1=" " ind2=" ">
        <subfield code="a">SUMMARY OF ECONOMIC AND SOCIAL DEVELOPMENTS IN THE ESCWA REGION 1987</subfield>
    </datafield>
    <datafield tag="269" ind1=" " ind2=" ">
        <subfield code="a">19880101</subfield>
    </datafield>
    <datafield tag="650" ind1=" " ind2=" ">
        <subfield code="a">SOCIAL DEVELOPMENT</subfield>
        <subfield code="0">(DHLAUTH)269873</subfield>
    </datafield>
    <datafield tag="650" ind1=" " ind2=" ">
        <subfield code="a">ECONOMIC POLICY</subfield>
        <subfield code="0">(DHLAUTH)268235</subfield>
    </datafield>
    <datafield tag="650" ind1=" " ind2=" ">
        <subfield code="a">ECONOMIC GROWTH</subfield>
        <subfield code="0">(DHLAUTH)269754</subfield>
    </datafield>
    <datafield tag="650" ind1=" " ind2=" ">
        <subfield code="a">BALANCE OF PAYMENTS</subfield>
        <subfield code="0">(DHLAUTH)270325</subfield>
    </datafield>
    <datafield tag="650" ind1=" " ind2=" ">
        <subfield code="a">INTRAREGIONAL TRADE</subfield>
        <subfield code="0">(DHLAUTH)269769</subfield>
    </datafield>
</record>
<record>
    <datafield tag="191" ind1=" " ind2=" ">
        <subfield code="a">E/ESCWA/DPD/88/2</subfield>
    </datafield>
    <datafield tag="245" ind1=" " ind2=" ">
        <subfield code="a">RECENT DEVELOPMENTS IN EXTERNAL TRADE AND PAYMENTS OF THE ESCWA REGION</subfield>
    </datafield>
    <datafield tag="269" ind1=" " ind2=" ">
        <subfield code="a">19880509</subfield>
    </datafield>
    <datafield tag="650" ind1=" " ind2=" ">
        <subfield code="a">STATISTICAL DATA</subfield>
        <subfield code="0">(DHLAUTH)270233</subfield>
    </datafield>
    <datafield tag="650" ind1=" " ind2=" ">
        <subfield code="a">FOREIGN TRADE</subfield>
        <subfield code="0">(DHLAUTH)272801</subfield>
    </datafield>
    <datafield tag="650" ind1=" " ind2=" ">
        <subfield code="a">BALANCE OF PAYMENTS</subfield>
        <subfield code="0">(DHLAUTH)270325</subfield>
    </datafield>
    <datafield tag="650" ind1=" " ind2=" ">
        <subfield code="a">TRADE IN SERVICES</subfield>
        <subfield code="0">(DHLAUTH)272229</subfield>
    </datafield>
</record>
<record>
    <datafield tag="191" ind1=" " ind2=" ">
        <subfield code="a">E/ESCWA/DPD/88/3</subfield>
    </datafield>
    <datafield tag="245" ind1=" " ind2=" ">
        <subfield code="a">DEVELOPMENTS IN THE EXTERNAL SECTOR OF THE ESCWA REGION : TERMS OF TRADE INDEX NUMBERS</subfield>
    </datafield>
    <datafield tag="269" ind1=" " ind2=" ">
        <subfield code="a">19880601</subfield>
    </datafield>
    <datafield tag="650" ind1=" " ind2=" ">
        <subfield code="a">STATISTICAL DATA</subfield>
        <subfield code="0">(DHLAUTH)270233</subfield>
    </datafield>
    <datafield tag="650" ind1=" " ind2=" ">
        <subfield code="a">FOREIGN TRADE</subfield>
        <subfield code="0">(DHLAUTH)272801</subfield>
    </datafield>
    <datafield tag="650" ind1=" " ind2=" ">
        <subfield code="a">COMMODITY PRICES</subfield>
        <subfield code="0">(DHLAUTH)271366</subfield>
    </datafield>
    <datafield tag="650" ind1=" " ind2=" ">
        <subfield code="a">TERMS OF TRADE</subfield>
        <subfield code="0">(DHLAUTH)272811</subfield>
    </datafield>
    <datafield tag="650" ind1=" " ind2=" ">
        <subfield code="a">STATISTICAL METHODOLOGY</subfield>
        <subfield code="0">(DHLAUTH)269635</subfield>
    </datafield>
    <datafield tag="650" ind1=" " ind2=" ">
        <subfield code="a">BALANCE OF TRADE</subfield>
        <subfield code="0">(DHLAUTH)272810</subfield>
    </datafield>
    <datafield tag="650" ind1=" " ind2=" ">
        <subfield code="a">PURCHASING POWER</subfield>
        <subfield code="0">(DHLAUTH)269739</subfield>
    </datafield>
    <datafield tag="650" ind1=" " ind2=" ">
        <subfield code="a">INDEX NUMBERS</subfield>
        <subfield code="0">(DHLAUTH)269641</subfield>
    </datafield>
</record>
<record>
    <datafield tag="191" ind1=" " ind2=" ">
        <subfield code="a">E/ESCWA/DPD/88/4</subfield>
    </datafield>
    <datafield tag="246" ind1=" " ind2=" ">
        <subfield code="a">تقييم التقدم المحرز في تنفيذ برنامج الامم المتحدة الجديد الشامل للثمانينات لأقل البلدان نموا في منطقة غربي آسيا</subfield>
    </datafield>
    <datafield tag="269" ind1=" " ind2=" ">
        <subfield code="a">19880627</subfield>
    </datafield>
    <datafield tag="650" ind1=" " ind2=" ">
        <subfield code="a">LEAST DEVELOPED COUNTRIES</subfield>
        <subfield code="0">(DHLAUTH)269841</subfield>
    </datafield>
    <datafield tag="650" ind1=" " ind2=" ">
        <subfield code="a">ECONOMIC DEVELOPMENT</subfield>
        <subfield code="0">(DHLAUTH)269755</subfield>
    </datafield>
    <datafield tag="650" ind1=" " ind2=" ">
        <subfield code="a">INVESTMENTS</subfield>
        <subfield code="0">(DHLAUTH)269859</subfield>
    </datafield>
    <datafield tag="650" ind1=" " ind2=" ">
        <subfield code="a">ENERGY RESOURCES</subfield>
        <subfield code="0">(DHLAUTH)270561</subfield>
    </datafield>
    <datafield tag="650" ind1=" " ind2=" ">
        <subfield code="a">TRANSPORT</subfield>
        <subfield code="0">(DHLAUTH)272243</subfield>
    </datafield>
    <datafield tag="650" ind1=" " ind2=" ">
        <subfield code="a">INTERNATIONAL TRADE</subfield>
        <subfield code="0">(DHLAUTH)269532</subfield>
    </datafield>
    <datafield tag="650" ind1=" " ind2=" ">
        <subfield code="a">BALANCE OF PAYMENTS</subfield>
        <subfield code="0">(DHLAUTH)270325</subfield>
    </datafield>
    <datafield tag="650" ind1=" " ind2=" ">
        <subfield code="a">WESTERN ASIA</subfield>
        <subfield code="0">(DHLAUTH)275490</subfield>
    </datafield>
</record>
<record>
    <datafield tag="191" ind1=" " ind2=" ">
        <subfield code="a">E/ESCWA/DPD/88/6</subfield>
    </datafield>
    <datafield tag="245" ind1=" " ind2=" ">
        <subfield code="a">TRADE IN SERVICES AND DEVELOPMENT IN THE ESCWA REGION</subfield>
    </datafield>
    <datafield tag="269" ind1=" " ind2=" ">
        <subfield code="a">19881004</subfield>
    </datafield>
    <datafield tag="650" ind1=" " ind2=" ">
        <subfield code="a">MULTILATERAL TRADE NEGOTIATIONS</subfield>
        <subfield code="0">(DHLAUTH)272848</subfield>
    </datafield>
    <datafield tag="650" ind1=" " ind2=" ">
        <subfield code="a">TRADE IN SERVICES</subfield>
        <subfield code="0">(DHLAUTH)272229</subfield>
    </datafield>
    <datafield tag="650" ind1=" " ind2=" ">
        <subfield code="a">INTERNATIONAL COMMERCIAL TRANSACTIONS</subfield>
        <subfield code="0">(DHLAUTH)270272</subfield>
    </datafield>
</record>
<record>
    <datafield tag="191" ind1=" " ind2=" ">
        <subfield code="a">E/ESCWA/DPD/88/8</subfield>
    </datafield>
    <datafield tag="246" ind1=" " ind2=" ">
        <subfield code="a">تقرير عن المهمة الاستشارية الى مجلس التنمية بسلطة عمان (خلال الفترة من 2-15 تشرين الاول/اكتوبر 1988)</subfield>
    </datafield>
    <datafield tag="269" ind1=" " ind2=" ">
        <subfield code="a">19881204</subfield>
    </datafield>
    <datafield tag="650" ind1=" " ind2=" ">
        <subfield code="a">WESTERN ASIA</subfield>
        <subfield code="0">(DHLAUTH)275490</subfield>
    </datafield>
    <datafield tag="650" ind1=" " ind2=" ">
        <subfield code="a">OMAN</subfield>
        <subfield code="0">(DHLAUTH)273438</subfield>
    </datafield>
    <datafield tag="650" ind1=" " ind2=" ">
        <subfield code="a">DEVELOPMENT PLANNING</subfield>
        <subfield code="0">(DHLAUTH)269883</subfield>
    </datafield>
    <datafield tag="650" ind1=" " ind2=" ">
        <subfield code="a">ADVISORY SERVICES</subfield>
        <subfield code="0">(DHLAUTH)269860</subfield>
    </datafield>
</record>
<record>
    <datafield tag="191" ind1=" " ind2=" ">
        <subfield code="a">E/ESCWA/DPD/89/1</subfield>
    </datafield>
    <datafield tag="246" ind1=" " ind2=" ">
        <subfield code="a">سياسات التكييف والاصلاح الاقتصادي الهيكلي في مجموعة مختارة من بلدان منطقة اللحنة الاقتصادية والاجتماعية لغربي اسيا (الاسكوا)</subfield>
    </datafield>
    <datafield tag="269" ind1=" " ind2=" ">
        <subfield code="a">19890306</subfield>
    </datafield>
    <datafield tag="650" ind1=" " ind2=" ">
        <subfield code="a">ECONOMIC REFORM</subfield>
        <subfield code="0">(DHLAUTH)269938</subfield>
    </datafield>
    <datafield tag="650" ind1=" " ind2=" ">
        <subfield code="a">WESTERN ASIA</subfield>
        <subfield code="0">(DHLAUTH)275490</subfield>
    </datafield>
    <datafield tag="650" ind1=" " ind2=" ">
        <subfield code="a">JORDAN</subfield>
        <subfield code="0">(DHLAUTH)269099</subfield>
    </datafield>
    <datafield tag="650" ind1=" " ind2=" ">
        <subfield code="a">ECONOMIC POLICY</subfield>
        <subfield code="0">(DHLAUTH)268235</subfield>
    </datafield>
    <datafield tag="650" ind1=" " ind2=" ">
        <subfield code="a">ECONOMIC DEVELOPMENT</subfield>
        <subfield code="0">(DHLAUTH)269755</subfield>
    </datafield>
    <datafield tag="650" ind1=" " ind2=" ">
        <subfield code="a">KUWAIT</subfield>
        <subfield code="0">(DHLAUTH)273384</subfield>
    </datafield>
    <datafield tag="650" ind1=" " ind2=" ">
        <subfield code="a">YEMEN</subfield>
        <subfield code="0">(DHLAUTH)273521</subfield>
    </datafield>
    <datafield tag="650" ind1=" " ind2=" ">
        <subfield code="a">EGYPT</subfield>
        <subfield code="0">(DHLAUTH)273328</subfield>
    </datafield>
</record>
<record>
    <datafield tag="191" ind1=" " ind2=" ">
        <subfield code="a">E/ESCWA/DPD/89/11</subfield>
    </datafield>
    <datafield tag="246" ind1=" " ind2=" ">
        <subfield code="a">التحضير للإستراتيجية الإنمائية الدولية لعقد الامم المتحدة الإنمائي الرابع 1991-2000, ورقة خاصة  بإستراتيجية منطقة اللجنة الإقتصادية والإجتماعية لغربي آسيا معروضة على إجتماع الخبراء الحكوميين من دول الأعضاء المنعقد في بغداد خلال الفترة 22-24 كانون الثاني 1990</subfield>
    </datafield>
    <datafield tag="269" ind1=" " ind2=" ">
        <subfield code="a">19891218</subfield>
    </datafield>
    <datafield tag="650" ind1=" " ind2=" ">
        <subfield code="a">DEVELOPMENT STRATEGIES</subfield>
        <subfield code="0">(DHLAUTH)269884</subfield>
    </datafield>
    <datafield tag="650" ind1=" " ind2=" ">
        <subfield code="a">ECONOMIC ASPECTS</subfield>
        <subfield code="0">(DHLAUTH)269753</subfield>
    </datafield>
    <datafield tag="650" ind1=" " ind2=" ">
        <subfield code="a">ECONOMIC GROWTH</subfield>
        <subfield code="0">(DHLAUTH)269754</subfield>
    </datafield>
    <datafield tag="650" ind1=" " ind2=" ">
        <subfield code="a">DEVELOPMENT</subfield>
        <subfield code="0">(DHLAUTH)269844</subfield>
    </datafield>
    <datafield tag="650" ind1=" " ind2=" ">
        <subfield code="a">SOCIAL DEVELOPMENT</subfield>
        <subfield code="0">(DHLAUTH)269873</subfield>
    </datafield>
    <datafield tag="650" ind1=" " ind2=" ">
        <subfield code="a">WESTERN ASIA</subfield>
        <subfield code="0">(DHLAUTH)275490</subfield>
    </datafield>
</record>
<record>
    <datafield tag="191" ind1=" " ind2=" ">
        <subfield code="a">E/ESCWA/DPD/89/4</subfield>
    </datafield>
    <datafield tag="246" ind1=" " ind2=" ">
        <subfield code="a">القيمة الإقتصادية للموارد النفطية العربية بين الدعوة للتكامل الإقتصادي العربي وبين شروط النمو و التنمية القطرية تحليلات عامة, دراسة مقدمة الى المؤتمر العلمي الحادي عشر لاتحاد الإقتصاديين العرب الذي سيعقد في الدار البيضاء بالمملكة المغربية خلال الفترة 3-5 تشرين الاول/اكتوبر 1989</subfield>
    </datafield>
    <datafield tag="269" ind1=" " ind2=" ">
        <subfield code="a">19890605</subfield>
    </datafield>
    <datafield tag="650" ind1=" " ind2=" ">
        <subfield code="a">ECONOMIC ASPECTS</subfield>
        <subfield code="0">(DHLAUTH)269753</subfield>
    </datafield>
    <datafield tag="650" ind1=" " ind2=" ">
        <subfield code="a">ECONOMIC INTEGRATION</subfield>
        <subfield code="0">(DHLAUTH)269761</subfield>
    </datafield>
    <datafield tag="650" ind1=" " ind2=" ">
        <subfield code="a">ECONOMIC GROWTH</subfield>
        <subfield code="0">(DHLAUTH)269754</subfield>
    </datafield>
    <datafield tag="650" ind1=" " ind2=" ">
        <subfield code="a">PETROLEUM IMPORTS</subfield>
        <subfield code="0">(DHLAUTH)269857</subfield>
    </datafield>
    <datafield tag="650" ind1=" " ind2=" ">
        <subfield code="a">PETROLEUM PRICES</subfield>
        <subfield code="0">(DHLAUTH)269855</subfield>
    </datafield>
    <datafield tag="650" ind1=" " ind2=" ">
        <subfield code="a">WESTERN ASIA</subfield>
        <subfield code="0">(DHLAUTH)275490</subfield>
    </datafield>
</record>
<record>
    <datafield tag="191" ind1=" " ind2=" ">
        <subfield code="a">E/ESCWA/DPD/89/7</subfield>
    </datafield>
    <datafield tag="245" ind1=" " ind2=" ">
        <subfield code="a">REVIEW OF DEVELOPMENTS AND TRENDS IN THE MONETARY AND FINANCIAL SECTORS IN THE ESCWA REGION DURING THE 1980S</subfield>
    </datafield>
    <datafield tag="269" ind1=" " ind2=" ">
        <subfield code="a">19891106</subfield>
    </datafield>
    <datafield tag="650" ind1=" " ind2=" ">
        <subfield code="a">RECOMMENDATIONS</subfield>
        <subfield code="0">(DHLAUTH)275840</subfield>
    </datafield>
    <datafield tag="650" ind1=" " ind2=" ">
        <subfield code="a">EXTERNAL DEBT</subfield>
        <subfield code="0">(DHLAUTH)270096</subfield>
    </datafield>
    <datafield tag="650" ind1=" " ind2=" ">
        <subfield code="a">PRIVATIZATION</subfield>
        <subfield code="0">(DHLAUTH)270028</subfield>
    </datafield>
    <datafield tag="650" ind1=" " ind2=" ">
        <subfield code="a">BANKING</subfield>
        <subfield code="0">(DHLAUTH)270339</subfield>
    </datafield>
    <datafield tag="650" ind1=" " ind2=" ">
        <subfield code="a">MONETARY ANALYSIS</subfield>
        <subfield code="0">(DHLAUTH)269750</subfield>
    </datafield>
</record>
<record>
    <datafield tag="191" ind1=" " ind2=" ">
        <subfield code="a">E/ESCWA/DPD/89/8</subfield>
    </datafield>
    <datafield tag="246" ind1=" " ind2=" ">
        <subfield code="a">مجلس التعاون العربي الإمكانات والتحديات, وقائع الندوة التي عقدتها اللجنة الإقتصادية والإجتماعية لغربي آسيا بالإشتراك مع إتحاد الإقتصاديين العرب بغداد في 5 حزيران/ يونيو 1989</subfield>
    </datafield>
    <datafield tag="269" ind1=" " ind2=" ">
        <subfield code="a">19891116</subfield>
    </datafield>
    <datafield tag="650" ind1=" " ind2=" ">
        <subfield code="a">REGIONAL COOPERATION</subfield>
        <subfield code="0">(DHLAUTH)268656</subfield>
    </datafield>
    <datafield tag="650" ind1=" " ind2=" ">
        <subfield code="a">ECONOMIC COOPERATION</subfield>
        <subfield code="0">(DHLAUTH)268654</subfield>
    </datafield>
    <datafield tag="650" ind1=" " ind2=" ">
        <subfield code="a">ECONOMIC POLICY</subfield>
        <subfield code="0">(DHLAUTH)268235</subfield>
    </datafield>
    <datafield tag="650" ind1=" " ind2=" ">
        <subfield code="a">ECONOMIC DEVELOPMENT</subfield>
        <subfield code="0">(DHLAUTH)269755</subfield>
    </datafield>
    <datafield tag="650" ind1=" " ind2=" ">
        <subfield code="a">ECONOMIC GROWTH</subfield>
        <subfield code="0">(DHLAUTH)269754</subfield>
    </datafield>
    <datafield tag="650" ind1=" " ind2=" ">
        <subfield code="a">WESTERN ASIA</subfield>
        <subfield code="0">(DHLAUTH)275490</subfield>
    </datafield>
</record>
<record>
    <datafield tag="191" ind1=" " ind2=" ">
        <subfield code="a">E/ESCWA/DPD/89/9</subfield>
    </datafield>
    <datafield tag="245" ind1=" " ind2=" ">
        <subfield code="a">NEW EXPORT PRODUCTS FROM WESTERN ASIA</subfield>
    </datafield>
    <datafield tag="269" ind1=" " ind2=" ">
        <subfield code="a">19891201</subfield>
    </datafield>
    <datafield tag="650" ind1=" " ind2=" ">
        <subfield code="a">STATISTICAL DATA</subfield>
        <subfield code="0">(DHLAUTH)270233</subfield>
    </datafield>
    <datafield tag="650" ind1=" " ind2=" ">
        <subfield code="a">EXPORTS</subfield>
        <subfield code="0">(DHLAUTH)271798</subfield>
    </datafield>
    <datafield tag="650" ind1=" " ind2=" ">
        <subfield code="a">NEW PRODUCTS</subfield>
        <subfield code="0">(DHLAUTH)271917</subfield>
    </datafield>
</record>
<record>
    <datafield tag="191" ind1=" " ind2=" ">
        <subfield code="a">E/ESCWA/DPD/89/IG.1/L.1</subfield>
    </datafield>
    <datafield tag="245" ind1=" " ind2=" ">
        <subfield code="a">PROVISIONAL AGENDA, INTERGOVERNMENTAL MEETING ON TRADE IN SERVICES AND DEVELOPMENTS IN THE ESCWA REGION 17-19 JANUARY 1989 BAGHDAD</subfield>
    </datafield>
    <datafield tag="246" ind1=" " ind2=" ">
        <subfield code="a">جدول الاعمال المؤقت, إجتماع حكومي بشان تجارة الخدمات والتنمية في منطقة الاسكوا 17-19 -01-1989 بغداد</subfield>
    </datafield>
    <datafield tag="269" ind1=" " ind2=" ">
        <subfield code="a">19881016</subfield>
    </datafield>
    <datafield tag="650" ind1=" " ind2=" ">
        <subfield code="a">AGENDA</subfield>
        <subfield code="0">(DHLAUTH)275133</subfield>
    </datafield>
    <datafield tag="650" ind1=" " ind2=" ">
        <subfield code="a">CONFERENCES</subfield>
        <subfield code="0">(DHLAUTH)275758</subfield>
    </datafield>
</record>
<record>
    <datafield tag="191" ind1=" " ind2=" ">
        <subfield code="a">E/ESCWA/DPD/90/1</subfield>
    </datafield>
    <datafield tag="245" ind1=" " ind2=" ">
        <subfield code="a">INTERNATIONAL TRANSACTIONS IN SERVICES IN WESTERN ASIA</subfield>
    </datafield>
    <datafield tag="269" ind1=" " ind2=" ">
        <subfield code="a">19900129</subfield>
    </datafield>
    <datafield tag="650" ind1=" " ind2=" ">
        <subfield code="a">TRANSNATIONAL CORPORATIONS</subfield>
        <subfield code="0">(DHLAUTH)10314</subfield>
    </datafield>
    <datafield tag="650" ind1=" " ind2=" ">
        <subfield code="a">NEW TECHNOLOGIES</subfield>
        <subfield code="0">(DHLAUTH)271842</subfield>
    </datafield>
    <datafield tag="650" ind1=" " ind2=" ">
        <subfield code="a">SERVICE INDUSTRIES</subfield>
        <subfield code="0">(DHLAUTH)271824</subfield>
    </datafield>
    <datafield tag="650" ind1=" " ind2=" ">
        <subfield code="a">INTERNATIONAL COMMERCIAL TRANSACTIONS</subfield>
        <subfield code="0">(DHLAUTH)270272</subfield>
    </datafield>
    <datafield tag="650" ind1=" " ind2=" ">
        <subfield code="a">MANPOWER</subfield>
        <subfield code="0">(DHLAUTH)273105</subfield>
    </datafield>
</record>
<record>
    <datafield tag="191" ind1=" " ind2=" ">
        <subfield code="a">E/ESCWA/EAD/2003/4(A)</subfield>
    </datafield>
    <datafield tag="245" ind1=" " ind2=" ">
        <subfield code="a">SURVEY OF ECONOMIC AND SOCIAL DEVELOPMENTS IN THE ESCWA REGION</subfield>
    </datafield>
    <datafield tag="269" ind1=" " ind2=" ">
        <subfield code="a">20030415</subfield>
    </datafield>
    <datafield tag="650" ind1=" " ind2=" ">
        <subfield code="a">ECONOMIC GROWTH</subfield>
        <subfield code="0">(DHLAUTH)269754</subfield>
    </datafield>
    <datafield tag="650" ind1=" " ind2=" ">
        <subfield code="a">GROSS DOMESTIC PRODUCT</subfield>
        <subfield code="0">(DHLAUTH)269801</subfield>
    </datafield>
    <datafield tag="650" ind1=" " ind2=" ">
        <subfield code="a">SOCIAL SERVICES</subfield>
        <subfield code="0">(DHLAUTH)269370</subfield>
    </datafield>
    <datafield tag="650" ind1=" " ind2=" ">
        <subfield code="a">SOCIAL PROBLEMS</subfield>
        <subfield code="0">(DHLAUTH)273573</subfield>
    </datafield>
    <datafield tag="650" ind1=" " ind2=" ">
        <subfield code="a">TRANSPORT</subfield>
        <subfield code="0">(DHLAUTH)272243</subfield>
    </datafield>
    <datafield tag="650" ind1=" " ind2=" ">
        <subfield code="a">MONETARY POLICY</subfield>
        <subfield code="0">(DHLAUTH)269935</subfield>
    </datafield>
    <datafield tag="650" ind1=" " ind2=" ">
        <subfield code="a">FISCAL POLICY</subfield>
        <subfield code="0">(DHLAUTH)269932</subfield>
    </datafield>
    <datafield tag="650" ind1=" " ind2=" ">
        <subfield code="a">FOREIGN DIRECT INVESTMENT</subfield>
        <subfield code="0">(DHLAUTH)269863</subfield>
    </datafield>
    <datafield tag="650" ind1=" " ind2=" ">
        <subfield code="a">WESTERN ASIA</subfield>
        <subfield code="0">(DHLAUTH)275490</subfield>
    </datafield>
</record>
<record>
    <datafield tag="191" ind1=" " ind2=" ">
        <subfield code="a">E/ESCWA/EAD/2005/5</subfield>
    </datafield>
    <datafield tag="245" ind1=" " ind2=" ">
        <subfield code="a">SURVEY OF ECONOMIC AND SOCIAL DEVELOPMENTS IN THE ESCWA REGION SUMMARY 2005</subfield>
    </datafield>
    <datafield tag="246" ind1=" " ind2=" ">
        <subfield code="a">مسح للتطورات الإقتصادية والإجتماعية في منطقة الأسكوا : ملخص 2005</subfield>
    </datafield>
    <datafield tag="269" ind1=" " ind2=" ">
        <subfield code="a">20050331</subfield>
    </datafield>
    <datafield tag="650" ind1=" " ind2=" ">
        <subfield code="a">ECONOMIC DEVELOPMENT</subfield>
        <subfield code="0">(DHLAUTH)269755</subfield>
    </datafield>
    <datafield tag="650" ind1=" " ind2=" ">
        <subfield code="a">PETROLEUM PRICES</subfield>
        <subfield code="0">(DHLAUTH)269855</subfield>
    </datafield>
    <datafield tag="650" ind1=" " ind2=" ">
        <subfield code="a">ECONOMIC INTEGRATION</subfield>
        <subfield code="0">(DHLAUTH)269761</subfield>
    </datafield>
    <datafield tag="650" ind1=" " ind2=" ">
        <subfield code="a">SOCIAL CONDITIONS</subfield>
        <subfield code="0">(DHLAUTH)268327</subfield>
    </datafield>
    <datafield tag="650" ind1=" " ind2=" ">
        <subfield code="a">WESTERN ASIA</subfield>
        <subfield code="0">(DHLAUTH)275490</subfield>
    </datafield>
    <datafield tag="650" ind1=" " ind2=" ">
        <subfield code="a">PUBLIC DEBT</subfield>
        <subfield code="0">(DHLAUTH)270062</subfield>
    </datafield>
    <datafield tag="650" ind1=" " ind2=" ">
        <subfield code="a">FOREIGN TRADE</subfield>
        <subfield code="0">(DHLAUTH)272801</subfield>
    </datafield>
    <datafield tag="650" ind1=" " ind2=" ">
        <subfield code="a">INCOME DISTRIBUTION</subfield>
        <subfield code="0">(DHLAUTH)269628</subfield>
    </datafield>
    <datafield tag="650" ind1=" " ind2=" ">
        <subfield code="a">UNEMPLOYMENT</subfield>
        <subfield code="0">(DHLAUTH)269726</subfield>
    </datafield>
    <datafield tag="650" ind1=" " ind2=" ">
        <subfield code="a">INDUSTRIALIZATION</subfield>
        <subfield code="0">(DHLAUTH)269846</subfield>
    </datafield>
    <datafield tag="650" ind1=" " ind2=" ">
        <subfield code="a">SOCIAL POLICY</subfield>
        <subfield code="0">(DHLAUTH)269713</subfield>
    </datafield>
</record>
<record>
    <datafield tag="191" ind1=" " ind2=" ">
        <subfield code="a">E/ESCWA/EAD/2007/BOOKLET.1</subfield>
    </datafield>
    <datafield tag="245" ind1=" " ind2=" ">
        <subfield code="a">THE MILLENNIUM DEVELOPMENT GOALS IN THE ARAB REGION 2007 : A YOUTH LENS AN OVERVIEW</subfield>
    </datafield>
    <datafield tag="269" ind1=" " ind2=" ">
        <subfield code="a">20070601</subfield>
    </datafield>
    <datafield tag="650" ind1=" " ind2=" ">
        <subfield code="a">POVERTY</subfield>
        <subfield code="0">(DHLAUTH)270079</subfield>
    </datafield>
    <datafield tag="650" ind1=" " ind2=" ">
        <subfield code="a">HUNGER</subfield>
        <subfield code="0">(DHLAUTH)273675</subfield>
    </datafield>
    <datafield tag="650" ind1=" " ind2=" ">
        <subfield code="a">POPULATION</subfield>
        <subfield code="0">(DHLAUTH)272994</subfield>
    </datafield>
    <datafield tag="650" ind1=" " ind2=" ">
        <subfield code="a">FOOD SHORTAGE</subfield>
        <subfield code="0">(DHLAUTH)273654</subfield>
    </datafield>
    <datafield tag="650" ind1=" " ind2=" ">
        <subfield code="a">GENDER DISCRIMINATION</subfield>
        <subfield code="0">(DHLAUTH)273133</subfield>
    </datafield>
    <datafield tag="650" ind1=" " ind2=" ">
        <subfield code="a">CHILD MORTALITY</subfield>
        <subfield code="0">(DHLAUTH)272962</subfield>
    </datafield>
    <datafield tag="650" ind1=" " ind2=" ">
        <subfield code="a">MATERNAL AND CHILD HEALTH</subfield>
        <subfield code="0">(DHLAUTH)273091</subfield>
    </datafield>
    <datafield tag="650" ind1=" " ind2=" ">
        <subfield code="a">AIDS</subfield>
        <subfield code="0">(DHLAUTH)273866</subfield>
    </datafield>
    <datafield tag="650" ind1=" " ind2=" ">
        <subfield code="a">MALARIA</subfield>
        <subfield code="0">(DHLAUTH)273871</subfield>
    </datafield>
    <datafield tag="650" ind1=" " ind2=" ">
        <subfield code="a">TUBERCULOSIS</subfield>
        <subfield code="0">(DHLAUTH)273798</subfield>
    </datafield>
    <datafield tag="650" ind1=" " ind2=" ">
        <subfield code="a">ENERGY EFFICIENCY</subfield>
        <subfield code="0">(DHLAUTH)271204</subfield>
    </datafield>
    <datafield tag="650" ind1=" " ind2=" ">
        <subfield code="a">ARAB COUNTRIES</subfield>
        <subfield code="0">(DHLAUTH)268705</subfield>
    </datafield>
    <datafield tag="650" ind1=" " ind2=" ">
        <subfield code="a">POVERTY MITIGATION</subfield>
        <subfield code="0">(DHLAUTH)274700</subfield>
    </datafield>
    <datafield tag="650" ind1=" " ind2=" ">
        <subfield code="a">CHILD NUTRITION</subfield>
        <subfield code="0">(DHLAUTH)272964</subfield>
    </datafield>
    <datafield tag="650" ind1=" " ind2=" ">
        <subfield code="a">PRIMARY EDUCATION</subfield>
        <subfield code="0">(DHLAUTH)273999</subfield>
    </datafield>
    <datafield tag="650" ind1=" " ind2=" ">
        <subfield code="a">GENDER EQUALITY</subfield>
        <subfield code="0">(DHLAUTH)441178</subfield>
    </datafield>
    <datafield tag="650" ind1=" " ind2=" ">
        <subfield code="a">ENVIRONMENT</subfield>
        <subfield code="0">(DHLAUTH)270627</subfield>
    </datafield>
    <datafield tag="650" ind1=" " ind2=" ">
        <subfield code="a">YOUTH</subfield>
        <subfield code="0">(DHLAUTH)269401</subfield>
    </datafield>
    <datafield tag="650" ind1=" " ind2=" ">
        <subfield code="a">STATISTICAL DATA</subfield>
        <subfield code="0">(DHLAUTH)270233</subfield>
    </datafield>
</record>
<record>
    <datafield tag="191" ind1=" " ind2=" ">
        <subfield code="a">E/ESCWA/ECRI/2006/1</subfield>
    </datafield>
    <datafield tag="245" ind1=" " ind2=" ">
        <subfield code="a">REPORT EXPERT GROUP MEETING ON DEVELOPMENT UNDER CRISIS CONDITION BEIRUT 27-28 JUNE 2006</subfield>
    </datafield>
    <datafield tag="269" ind1=" " ind2=" ">
        <subfield code="a">20060915</subfield>
    </datafield>
    <datafield tag="650" ind1=" " ind2=" ">
        <subfield code="a">ECONOMIC CONDITIONS</subfield>
        <subfield code="0">(DHLAUTH)269719</subfield>
    </datafield>
    <datafield tag="650" ind1=" " ind2=" ">
        <subfield code="a">POLITICAL CONDITIONS</subfield>
        <subfield code="0">(DHLAUTH)268326</subfield>
    </datafield>
    <datafield tag="650" ind1=" " ind2=" ">
        <subfield code="a">WAR</subfield>
        <subfield code="0">(DHLAUTH)268280</subfield>
    </datafield>
    <datafield tag="650" ind1=" " ind2=" ">
        <subfield code="a">CONFERENCES</subfield>
        <subfield code="0">(DHLAUTH)275758</subfield>
    </datafield>
    <datafield tag="650" ind1=" " ind2=" ">
        <subfield code="a">SUSTAINABLE DEVELOPMENT</subfield>
        <subfield code="0">(DHLAUTH)269920</subfield>
    </datafield>
    <datafield tag="650" ind1=" " ind2=" ">
        <subfield code="a">WESTERN ASIA</subfield>
        <subfield code="0">(DHLAUTH)275490</subfield>
    </datafield>
    <datafield tag="650" ind1=" " ind2=" ">
        <subfield code="a">CONFLICT</subfield>
        <subfield code="0">(DHLAUTH)268740</subfield>
    </datafield>
    <datafield tag="650" ind1=" " ind2=" ">
        <subfield code="a">IRAQ</subfield>
        <subfield code="0">(DHLAUTH)273370</subfield>
    </datafield>
    <datafield tag="650" ind1=" " ind2=" ">
        <subfield code="a">LEBANON</subfield>
        <subfield code="0">(DHLAUTH)269069</subfield>
    </datafield>
    <datafield tag="650" ind1=" " ind2=" ">
        <subfield code="a">PALESTINE</subfield>
        <subfield code="0">(DHLAUTH)277398</subfield>
    </datafield>
    <datafield tag="650" ind1=" " ind2=" ">
        <subfield code="a">PARTICIPANTS</subfield>
        <subfield code="0">(DHLAUTH)275785</subfield>
    </datafield>
    <datafield tag="650" ind1=" " ind2=" ">
        <subfield code="a">WORK ORGANIZATION</subfield>
        <subfield code="0">(DHLAUTH)275746</subfield>
    </datafield>
</record>
<record>
    <datafield tag="191" ind1=" " ind2=" ">
        <subfield code="a">E/ESCWA/ECRI/2007/1</subfield>
    </datafield>
    <datafield tag="245" ind1=" " ind2=" ">
        <subfield code="a">THE ROLE OF DEVELOPMENT ASSISTANCE IN MITIGATING OF EXACERBATING CONFLICT: FRAMEWORK AND MECHANISMS</subfield>
    </datafield>
    <datafield tag="269" ind1=" " ind2=" ">
        <subfield code="a">20070205</subfield>
    </datafield>
    <datafield tag="650" ind1=" " ind2=" ">
        <subfield code="a">DEVELOPMENT</subfield>
        <subfield code="0">(DHLAUTH)269844</subfield>
    </datafield>
    <datafield tag="650" ind1=" " ind2=" ">
        <subfield code="a">CONFLICT</subfield>
        <subfield code="0">(DHLAUTH)268740</subfield>
    </datafield>
    <datafield tag="650" ind1=" " ind2=" ">
        <subfield code="a">DEVELOPMENT POLICY</subfield>
        <subfield code="0">(DHLAUTH)269893</subfield>
    </datafield>
    <datafield tag="650" ind1=" " ind2=" ">
        <subfield code="a">POST-CONFLICT RECONSTRUCTION</subfield>
        <subfield code="0">(DHLAUTH)534888</subfield>
    </datafield>
    <datafield tag="650" ind1=" " ind2=" ">
        <subfield code="a">POLITICAL CONDITIONS</subfield>
        <subfield code="0">(DHLAUTH)268326</subfield>
    </datafield>
    <datafield tag="650" ind1=" " ind2=" ">
        <subfield code="a">LEBANON</subfield>
        <subfield code="0">(DHLAUTH)269069</subfield>
    </datafield>
    <datafield tag="650" ind1=" " ind2=" ">
        <subfield code="a">WESTERN ASIA</subfield>
        <subfield code="0">(DHLAUTH)275490</subfield>
    </datafield>
</record>
<record>
    <datafield tag="191" ind1=" " ind2=" ">
        <subfield code="a">E/ESCWA/ECRI/2007/2</subfield>
    </datafield>
    <datafield tag="245" ind1=" " ind2=" ">
        <subfield code="a">LEBANON REBUILDING AND REVIVAL: A POLICY PAPER WITH INITIATIVES</subfield>
    </datafield>
    <datafield tag="246" ind1=" " ind2=" ">
        <subfield code="a">اعادة اعمار لبنان ونهوضة : ورقة حول السياسة العامة ومبادرات</subfield>
    </datafield>
    <datafield tag="269" ind1=" " ind2=" ">
        <subfield code="a">20070206</subfield>
    </datafield>
    <datafield tag="650" ind1=" " ind2=" ">
        <subfield code="a">LEBANON SITUATION</subfield>
        <subfield code="0">(DHLAUTH)269068</subfield>
    </datafield>
    <datafield tag="650" ind1=" " ind2=" ">
        <subfield code="a">ISRAEL</subfield>
        <subfield code="0">(DHLAUTH)268556</subfield>
    </datafield>
    <datafield tag="650" ind1=" " ind2=" ">
        <subfield code="a">RECONSTRUCTION</subfield>
        <subfield code="0">(DHLAUTH)268666</subfield>
    </datafield>
    <datafield tag="650" ind1=" " ind2=" ">
        <subfield code="a">EVALUATION</subfield>
        <subfield code="0">(DHLAUTH)269588</subfield>
    </datafield>
    <datafield tag="650" ind1=" " ind2=" ">
        <subfield code="a">PRIVATE SECTOR</subfield>
        <subfield code="0">(DHLAUTH)269684</subfield>
    </datafield>
    <datafield tag="650" ind1=" " ind2=" ">
        <subfield code="a">COMMUNITY DEVELOPMENT</subfield>
        <subfield code="0">(DHLAUTH)269977</subfield>
    </datafield>
    <datafield tag="650" ind1=" " ind2=" ">
        <subfield code="a">DEBT MANAGEMENT</subfield>
        <subfield code="0">(DHLAUTH)270090</subfield>
    </datafield>
    <datafield tag="650" ind1=" " ind2=" ">
        <subfield code="a">AGROINDUSTRY</subfield>
        <subfield code="0">(DHLAUTH)271311</subfield>
    </datafield>
    <datafield tag="650" ind1=" " ind2=" ">
        <subfield code="a">EDUCATION</subfield>
        <subfield code="0">(DHLAUTH)268926</subfield>
    </datafield>
    <datafield tag="650" ind1=" " ind2=" ">
        <subfield code="a">AID FINANCING</subfield>
        <subfield code="0">(DHLAUTH)270304</subfield>
    </datafield>
    <datafield tag="650" ind1=" " ind2=" ">
        <subfield code="a">LEBANON</subfield>
        <subfield code="0">(DHLAUTH)269069</subfield>
    </datafield>
    <datafield tag="650" ind1=" " ind2=" ">
        <subfield code="a">POST-CONFLICT RECONSTRUCTION</subfield>
        <subfield code="0">(DHLAUTH)534888</subfield>
    </datafield>
</record>
<record>
    <datafield tag="191" ind1=" " ind2=" ">
        <subfield code="a">E/ESCWA/ECRI/2008/1</subfield>
    </datafield>
    <datafield tag="245" ind1=" " ind2=" ">
        <subfield code="a">ECONOMIC AND SOCIAL REPERCUSSIONS OF ISRAELI OCCUPATION: FACTS AND FIGURES</subfield>
    </datafield>
    <datafield tag="269" ind1=" " ind2=" ">
        <subfield code="a">20080926</subfield>
    </datafield>
    <datafield tag="650" ind1=" " ind2=" ">
        <subfield code="a">WESTERN ASIA</subfield>
        <subfield code="0">(DHLAUTH)275490</subfield>
    </datafield>
    <datafield tag="650" ind1=" " ind2=" ">
        <subfield code="a">OCCUPATIONS</subfield>
        <subfield code="0">(DHLAUTH)268937</subfield>
    </datafield>
    <datafield tag="650" ind1=" " ind2=" ">
        <subfield code="a">ISRAEL</subfield>
        <subfield code="0">(DHLAUTH)268556</subfield>
    </datafield>
    <datafield tag="650" ind1=" " ind2=" ">
        <subfield code="a">GAZA STRIP (STATE OF PALESTINE)</subfield>
        <subfield code="0">(DHLAUTH)277030</subfield>
    </datafield>
    <datafield tag="650" ind1=" " ind2=" ">
        <subfield code="a">DESTRUCTION OF PROPERTY</subfield>
        <subfield code="0">(DHLAUTH)268522</subfield>
    </datafield>
    <datafield tag="650" ind1=" " ind2=" ">
        <subfield code="a">WEST BANK (STATE OF PALESTINE)</subfield>
        <subfield code="0">(DHLAUTH)277374</subfield>
    </datafield>
    <datafield tag="650" ind1=" " ind2=" ">
        <subfield code="a">SOCIAL STATISTICS</subfield>
        <subfield code="0">(DHLAUTH)270232</subfield>
    </datafield>
    <datafield tag="650" ind1=" " ind2=" ">
        <subfield code="a">NATURAL RESOURCES</subfield>
        <subfield code="0">(DHLAUTH)270548</subfield>
    </datafield>
    <datafield tag="650" ind1=" " ind2=" ">
        <subfield code="a">WATER STATISTICS</subfield>
        <subfield code="0">(DHLAUTH)270918</subfield>
    </datafield>
    <datafield tag="650" ind1=" " ind2=" ">
        <subfield code="a">ENVIRONMENTAL STATISTICS</subfield>
        <subfield code="0">(DHLAUTH)270230</subfield>
    </datafield>
    <datafield tag="650" ind1=" " ind2=" ">
        <subfield code="a">POVERTY</subfield>
        <subfield code="0">(DHLAUTH)270079</subfield>
    </datafield>
    <datafield tag="650" ind1=" " ind2=" ">
        <subfield code="a">UNEMPLOYMENT</subfield>
        <subfield code="0">(DHLAUTH)269726</subfield>
    </datafield>
    <datafield tag="650" ind1=" " ind2=" ">
        <subfield code="a">PALESTINE</subfield>
        <subfield code="0">(DHLAUTH)277398</subfield>
    </datafield>
    <datafield tag="650" ind1=" " ind2=" ">
        <subfield code="a">PUBLIC HEALTH</subfield>
        <subfield code="0">(DHLAUTH)270662</subfield>
    </datafield>
    <datafield tag="650" ind1=" " ind2=" ">
        <subfield code="a">YOUTH</subfield>
        <subfield code="0">(DHLAUTH)269401</subfield>
    </datafield>
    <datafield tag="650" ind1=" " ind2=" ">
        <subfield code="a">EDUCATION</subfield>
        <subfield code="0">(DHLAUTH)268926</subfield>
    </datafield>
</record>
<record>
    <datafield tag="191" ind1=" " ind2=" ">
        <subfield code="a">E/ESCWA/ECRI/2012/BOOKLET.1</subfield>
    </datafield>
    <datafield tag="245" ind1=" " ind2=" ">
        <subfield code="a">PALESTINE UNDER OCCUPATION: FACTS AND FIGURES 2012</subfield>
    </datafield>
    <datafield tag="246" ind1=" " ind2=" ">
        <subfield code="a">فلسطين تحت الاحتلال: وقائع وارقام 2012</subfield>
    </datafield>
    <datafield tag="269" ind1=" " ind2=" ">
        <subfield code="a">20121101</subfield>
    </datafield>
    <datafield tag="650" ind1=" " ind2=" ">
        <subfield code="a">SOCIAL CONDITIONS</subfield>
        <subfield code="0">(DHLAUTH)268327</subfield>
    </datafield>
    <datafield tag="650" ind1=" " ind2=" ">
        <subfield code="a">ECONOMIC CONDITIONS</subfield>
        <subfield code="0">(DHLAUTH)269719</subfield>
    </datafield>
    <datafield tag="650" ind1=" " ind2=" ">
        <subfield code="a">DEATH</subfield>
        <subfield code="0">(DHLAUTH)269438</subfield>
    </datafield>
    <datafield tag="650" ind1=" " ind2=" ">
        <subfield code="a">DETENTION</subfield>
        <subfield code="0">(DHLAUTH)274597</subfield>
    </datafield>
    <datafield tag="650" ind1=" " ind2=" ">
        <subfield code="a">DISCRIMINATION</subfield>
        <subfield code="0">(DHLAUTH)270286</subfield>
    </datafield>
    <datafield tag="650" ind1=" " ind2=" ">
        <subfield code="a">FORCED MIGRATION</subfield>
        <subfield code="0">(DHLAUTH)269274</subfield>
    </datafield>
    <datafield tag="650" ind1=" " ind2=" ">
        <subfield code="a">SETTLEMENT POLICY</subfield>
        <subfield code="0">(DHLAUTH)269906</subfield>
    </datafield>
    <datafield tag="650" ind1=" " ind2=" ">
        <subfield code="a">POLLUTION</subfield>
        <subfield code="0">(DHLAUTH)270642</subfield>
    </datafield>
    <datafield tag="650" ind1=" " ind2=" ">
        <subfield code="a">SEPARATION BARRIERS</subfield>
        <subfield code="0">(DHLAUTH)651560</subfield>
    </datafield>
    <datafield tag="650" ind1=" " ind2=" ">
        <subfield code="a">GAZA STRIP (STATE OF PALESTINE)</subfield>
        <subfield code="0">(DHLAUTH)277030</subfield>
    </datafield>
    <datafield tag="650" ind1=" " ind2=" ">
        <subfield code="a">SOCIAL INDICATORS</subfield>
        <subfield code="0">(DHLAUTH)269644</subfield>
    </datafield>
    <datafield tag="650" ind1=" " ind2=" ">
        <subfield code="a">ECONOMIC INDICATORS</subfield>
        <subfield code="0">(DHLAUTH)269642</subfield>
    </datafield>
    <datafield tag="650" ind1=" " ind2=" ">
        <subfield code="a">EDUCATION</subfield>
        <subfield code="0">(DHLAUTH)268926</subfield>
    </datafield>
    <datafield tag="650" ind1=" " ind2=" ">
        <subfield code="a">PALESTINE</subfield>
        <subfield code="0">(DHLAUTH)277398</subfield>
    </datafield>
    <datafield tag="650" ind1=" " ind2=" ">
        <subfield code="a">TERRITORIES OCCUPIED BY ISRAEL</subfield>
        <subfield code="0">(DHLAUTH)268687</subfield>
    </datafield>
</record>
<record>
    <datafield tag="191" ind1=" " ind2=" ">
        <subfield code="a">E/ESCWA/ECRI/2012/WG.2/REPORT</subfield>
    </datafield>
    <datafield tag="245" ind1=" " ind2=" ">
        <subfield code="a">REPORT EXPERT GROUP MEETING ON ASSET TRACING AND RECOVERY BEIRUT, 2 JULY 2012</subfield>
    </datafield>
    <datafield tag="246" ind1=" " ind2=" ">
        <subfield code="a">تقرير اجتماع فريق الخبراء بشان تعقب الاصول واستردادها بيروت 2 تموز/يوليو 2012</subfield>
    </datafield>
    <datafield tag="269" ind1=" " ind2=" ">
        <subfield code="a">20121227</subfield>
    </datafield>
    <datafield tag="650" ind1=" " ind2=" ">
        <subfield code="a">WESTERN ASIA</subfield>
        <subfield code="0">(DHLAUTH)275490</subfield>
    </datafield>
    <datafield tag="650" ind1=" " ind2=" ">
        <subfield code="a">CONFERENCES</subfield>
        <subfield code="0">(DHLAUTH)275758</subfield>
    </datafield>
    <datafield tag="650" ind1=" " ind2=" ">
        <subfield code="a">ECONOMIC GROWTH</subfield>
        <subfield code="0">(DHLAUTH)269754</subfield>
    </datafield>
    <datafield tag="650" ind1=" " ind2=" ">
        <subfield code="a">HIDDEN ECONOMY</subfield>
        <subfield code="0">(DHLAUTH)269791</subfield>
    </datafield>
    <datafield tag="650" ind1=" " ind2=" ">
        <subfield code="a">RECOMMENDATIONS</subfield>
        <subfield code="0">(DHLAUTH)275840</subfield>
    </datafield>
    <datafield tag="650" ind1=" " ind2=" ">
        <subfield code="a">CAPACITY BUILDING</subfield>
        <subfield code="0">(DHLAUTH)276636</subfield>
    </datafield>
</record>
<record>
    <datafield tag="191" ind1=" " ind2=" ">
        <subfield code="a">E/ESCWA/ECRI/2014/BOOKLET.1</subfield>
    </datafield>
    <datafield tag="245" ind1=" " ind2=" ">
        <subfield code="a">PALESTINE, THE OCCUPATION AND THE FOURTH GENEVA CONVENTION : FACTS AND FIGURES</subfield>
    </datafield>
    <datafield tag="246" ind1=" " ind2=" ">
        <subfield code="a">فلسطين: بين الاحتلال واتفاقية جنيف الرابعة : وقائع وارقام</subfield>
    </datafield>
    <datafield tag="269" ind1=" " ind2=" ">
        <subfield code="a">20140401</subfield>
    </datafield>
    <datafield tag="650" ind1=" " ind2=" ">
        <subfield code="a">PALESTINE QUESTION</subfield>
        <subfield code="0">(DHLAUTH)268363</subfield>
    </datafield>
    <datafield tag="650" ind1=" " ind2=" ">
        <subfield code="a">PALESTINE</subfield>
        <subfield code="0">(DHLAUTH)277398</subfield>
    </datafield>
    <datafield tag="650" ind1=" " ind2=" ">
        <subfield code="a">MILITARY OCCUPATION</subfield>
        <subfield code="0">(DHLAUTH)268552</subfield>
    </datafield>
    <datafield tag="650" ind1=" " ind2=" ">
        <subfield code="a">HUMAN RIGHTS VIOLATIONS</subfield>
        <subfield code="0">(DHLAUTH)274435</subfield>
    </datafield>
    <datafield tag="650" ind1=" " ind2=" ">
        <subfield code="a">COLONIALISM</subfield>
        <subfield code="0">(DHLAUTH)268629</subfield>
    </datafield>
    <datafield tag="650" ind1=" " ind2=" ">
        <subfield code="a">DETENTION</subfield>
        <subfield code="0">(DHLAUTH)274597</subfield>
    </datafield>
    <datafield tag="650" ind1=" " ind2=" ">
        <subfield code="a">STATISTICAL DATA</subfield>
        <subfield code="0">(DHLAUTH)270233</subfield>
    </datafield>
</record>
<record>
    <datafield tag="191" ind1=" " ind2=" ">
        <subfield code="a">E/ESCWA/ECRI/2014/WG.2/REPORT</subfield>
    </datafield>
    <datafield tag="245" ind1=" " ind2=" ">
        <subfield code="a">REPORT: EXPERT GROUP MEETING ON MONITORING PROGRESS ON GOVERNANCE AMID ARAB POLITICAL TRANSFORMATION BEIRUT, 11-12 JUNE 2014</subfield>
    </datafield>
    <datafield tag="246" ind1=" " ind2=" ">
        <subfield code="a">تقريــر اجتماع فريق الخبراء حول رصد التقدم في مجال الحوكمة في خضم التحول السياسي في المنطقة العربية بيروت، 12-11 حزيران/يونيو 2014</subfield>
    </datafield>
    <datafield tag="269" ind1=" " ind2=" ">
        <subfield code="a">20141010</subfield>
    </datafield>
    <datafield tag="650" ind1=" " ind2=" ">
        <subfield code="a">GOVERNANCE</subfield>
        <subfield code="0">(DHLAUTH)276686</subfield>
    </datafield>
    <datafield tag="650" ind1=" " ind2=" ">
        <subfield code="a">POLITICAL CONDITIONS</subfield>
        <subfield code="0">(DHLAUTH)268326</subfield>
    </datafield>
    <datafield tag="650" ind1=" " ind2=" ">
        <subfield code="a">ACCOUNTABILITY</subfield>
        <subfield code="0">(DHLAUTH)269310</subfield>
    </datafield>
    <datafield tag="650" ind1=" " ind2=" ">
        <subfield code="a">DECISION-MAKING</subfield>
        <subfield code="0">(DHLAUTH)270223</subfield>
    </datafield>
    <datafield tag="650" ind1=" " ind2=" ">
        <subfield code="a">PUBLIC SECTOR</subfield>
        <subfield code="0">(DHLAUTH)269679</subfield>
    </datafield>
    <datafield tag="650" ind1=" " ind2=" ">
        <subfield code="a">STATISTICAL ORGANIZATIONS</subfield>
        <subfield code="0">(DHLAUTH)270224</subfield>
    </datafield>
    <datafield tag="650" ind1=" " ind2=" ">
        <subfield code="a">MEASUREMENT</subfield>
        <subfield code="0">(DHLAUTH)270540</subfield>
    </datafield>
    <datafield tag="650" ind1=" " ind2=" ">
        <subfield code="a">ARAB COUNTRIES</subfield>
        <subfield code="0">(DHLAUTH)268705</subfield>
    </datafield>
    <datafield tag="650" ind1=" " ind2=" ">
        <subfield code="a">CONFERENCES</subfield>
        <subfield code="0">(DHLAUTH)275758</subfield>
    </datafield>
</record>
<record>
    <datafield tag="191" ind1=" " ind2=" ">
        <subfield code="a">E/ESCWA/ECRI/2015/2</subfield>
    </datafield>
    <datafield tag="245" ind1=" " ind2=" ">
        <subfield code="a">PROTRACTED CONFLICT AND DEVELOPMENT IN THE ARAB REGION : TRENDS AND IMPACTS, ISSUE NO. 4</subfield>
    </datafield>
    <datafield tag="246" ind1=" " ind2=" ">
        <subfield code="a">اتجاهات وتداعيات اثناء النزاعات، العدد 4 : النزاعات المتمادية واثرها على التنمية في المنطقة العربية</subfield>
    </datafield>
    <datafield tag="269" ind1=" " ind2=" ">
        <subfield code="a">20150730</subfield>
    </datafield>
    <datafield tag="650" ind1=" " ind2=" ">
        <subfield code="a">DEVELOPMENT</subfield>
        <subfield code="0">(DHLAUTH)269844</subfield>
    </datafield>
    <datafield tag="650" ind1=" " ind2=" ">
        <subfield code="a">ARMED CONFLICTS</subfield>
        <subfield code="0">(DHLAUTH)268752</subfield>
    </datafield>
    <datafield tag="650" ind1=" " ind2=" ">
        <subfield code="a">SOCIAL ASPECTS</subfield>
        <subfield code="0">(DHLAUTH)274710</subfield>
    </datafield>
    <datafield tag="650" ind1=" " ind2=" ">
        <subfield code="a">ECONOMIC ASPECTS</subfield>
        <subfield code="0">(DHLAUTH)269753</subfield>
    </datafield>
    <datafield tag="650" ind1=" " ind2=" ">
        <subfield code="a">POVERTY</subfield>
        <subfield code="0">(DHLAUTH)270079</subfield>
    </datafield>
    <datafield tag="650" ind1=" " ind2=" ">
        <subfield code="a">CHILD MORTALITY</subfield>
        <subfield code="0">(DHLAUTH)272962</subfield>
    </datafield>
    <datafield tag="650" ind1=" " ind2=" ">
        <subfield code="a">HUNGER</subfield>
        <subfield code="0">(DHLAUTH)273675</subfield>
    </datafield>
    <datafield tag="650" ind1=" " ind2=" ">
        <subfield code="a">EDUCATION</subfield>
        <subfield code="0">(DHLAUTH)268926</subfield>
    </datafield>
    <datafield tag="650" ind1=" " ind2=" ">
        <subfield code="a">ECONOMIC GROWTH</subfield>
        <subfield code="0">(DHLAUTH)269754</subfield>
    </datafield>
    <datafield tag="650" ind1=" " ind2=" ">
        <subfield code="a">NEIGHBOURING STATES</subfield>
        <subfield code="0">(DHLAUTH)268537</subfield>
    </datafield>
    <datafield tag="650" ind1=" " ind2=" ">
        <subfield code="a">WELFARE ECONOMICS</subfield>
        <subfield code="0">(DHLAUTH)269610</subfield>
    </datafield>
    <datafield tag="650" ind1=" " ind2=" ">
        <subfield code="a">DEVELOPMENT INDICATORS</subfield>
        <subfield code="0">(DHLAUTH)269756</subfield>
    </datafield>
    <datafield tag="650" ind1=" " ind2=" ">
        <subfield code="a">DEATH</subfield>
        <subfield code="0">(DHLAUTH)269438</subfield>
    </datafield>
    <datafield tag="650" ind1=" " ind2=" ">
        <subfield code="a">ARAB COUNTRIES</subfield>
        <subfield code="0">(DHLAUTH)268705</subfield>
    </datafield>
    <datafield tag="650" ind1=" " ind2=" ">
        <subfield code="a">STATISTICAL DATA</subfield>
        <subfield code="0">(DHLAUTH)270233</subfield>
    </datafield>
</record>
<record>
    <datafield tag="191" ind1=" " ind2=" ">
        <subfield code="a">E/ESCWA/ECRI/2015/WP.5</subfield>
    </datafield>
    <datafield tag="245" ind1=" " ind2=" ">
        <subfield code="a">A PEOPLE IN DANGER : EFFECTS ON HEALTH OF THE 2014 ISRAELI OFFENSIVE ON THE GAZA STRIP</subfield>
    </datafield>
    <datafield tag="246" ind1=" " ind2=" ">
        <subfield code="a">شعب في خطر : تداعيات الهجوم الاسرائيلي في عام 2014 على الصحة في قطاع غزة</subfield>
    </datafield>
    <datafield tag="269" ind1=" " ind2=" ">
        <subfield code="a">20160727</subfield>
    </datafield>
    <datafield tag="650" ind1=" " ind2=" ">
        <subfield code="a">MILITARY OCCUPATION</subfield>
        <subfield code="0">(DHLAUTH)268552</subfield>
    </datafield>
    <datafield tag="650" ind1=" " ind2=" ">
        <subfield code="a">HEALTH CONDITIONS</subfield>
        <subfield code="0">(DHLAUTH)273716</subfield>
    </datafield>
    <datafield tag="650" ind1=" " ind2=" ">
        <subfield code="a">GAZA STRIP (STATE OF PALESTINE)</subfield>
        <subfield code="0">(DHLAUTH)277030</subfield>
    </datafield>
    <datafield tag="650" ind1=" " ind2=" ">
        <subfield code="a">FOOD SECURITY</subfield>
        <subfield code="0">(DHLAUTH)273653</subfield>
    </datafield>
    <datafield tag="650" ind1=" " ind2=" ">
        <subfield code="a">DOMESTIC VIOLENCE</subfield>
        <subfield code="0">(DHLAUTH)274569</subfield>
    </datafield>
    <datafield tag="650" ind1=" " ind2=" ">
        <subfield code="a">SOCIAL CONDITIONS</subfield>
        <subfield code="0">(DHLAUTH)268327</subfield>
    </datafield>
    <datafield tag="650" ind1=" " ind2=" ">
        <subfield code="a">ECONOMIC CONDITIONS</subfield>
        <subfield code="0">(DHLAUTH)269719</subfield>
    </datafield>
    <datafield tag="650" ind1=" " ind2=" ">
        <subfield code="a">MENTAL HEALTH</subfield>
        <subfield code="0">(DHLAUTH)273714</subfield>
    </datafield>
    <datafield tag="650" ind1=" " ind2=" ">
        <subfield code="a">CHRONIC DISEASES</subfield>
        <subfield code="0">(DHLAUTH)273834</subfield>
    </datafield>
    <datafield tag="650" ind1=" " ind2=" ">
        <subfield code="a">SOCIAL INDICATORS</subfield>
        <subfield code="0">(DHLAUTH)269644</subfield>
    </datafield>
</record>
<record>
    <datafield tag="191" ind1=" " ind2=" ">
        <subfield code="a">E/ESCWA/ECRI/2016/1</subfield>
    </datafield>
    <datafield tag="245" ind1=" " ind2=" ">
        <subfield code="a">ARAB GOVERNANCE REPORT II : GOVERNANCE AND INSTITUTIONAL TRANSFORMATIONS IN CONFLICT-AFFECTED ARAB COUNTRIES</subfield>
    </datafield>
    <datafield tag="269" ind1=" " ind2=" ">
        <subfield code="a">20160613</subfield>
    </datafield>
    <datafield tag="650" ind1=" " ind2=" ">
        <subfield code="a">GOVERNANCE</subfield>
        <subfield code="0">(DHLAUTH)276686</subfield>
    </datafield>
    <datafield tag="650" ind1=" " ind2=" ">
        <subfield code="a">INSTITUTION BUILDING</subfield>
        <subfield code="0">(DHLAUTH)269946</subfield>
    </datafield>
    <datafield tag="650" ind1=" " ind2=" ">
        <subfield code="a">DEVELOPMENT</subfield>
        <subfield code="0">(DHLAUTH)269844</subfield>
    </datafield>
    <datafield tag="650" ind1=" " ind2=" ">
        <subfield code="a">PEACEBUILDING</subfield>
        <subfield code="0">(DHLAUTH)268714</subfield>
    </datafield>
    <datafield tag="650" ind1=" " ind2=" ">
        <subfield code="a">CONFLICT</subfield>
        <subfield code="0">(DHLAUTH)268740</subfield>
    </datafield>
    <datafield tag="650" ind1=" " ind2=" ">
        <subfield code="a">ADMINISTRATIVE REFORM</subfield>
        <subfield code="0">(DHLAUTH)270001</subfield>
    </datafield>
    <datafield tag="650" ind1=" " ind2=" ">
        <subfield code="a">ARAB COUNTRIES</subfield>
        <subfield code="0">(DHLAUTH)268705</subfield>
    </datafield>
</record>
<record>
    <datafield tag="191" ind1=" " ind2=" ">
        <subfield code="a">E/ESCWA/ECU/84/1</subfield>
    </datafield>
    <datafield tag="246" ind1=" " ind2=" ">
        <subfield code="a">تعزيز قدرات بلدان غربي اسيا على حماية البيئة التنظيم المؤسسي</subfield>
    </datafield>
    <datafield tag="269" ind1=" " ind2=" ">
        <subfield code="a">19851113</subfield>
    </datafield>
    <datafield tag="650" ind1=" " ind2=" ">
        <subfield code="a">INSTITUTION BUILDING</subfield>
        <subfield code="0">(DHLAUTH)269946</subfield>
    </datafield>
    <datafield tag="650" ind1=" " ind2=" ">
        <subfield code="a">ENVIRONMENTAL PROTECTION</subfield>
        <subfield code="0">(DHLAUTH)270598</subfield>
    </datafield>
    <datafield tag="650" ind1=" " ind2=" ">
        <subfield code="a">ENVIRONMENTAL DEGRADATION</subfield>
        <subfield code="0">(DHLAUTH)270632</subfield>
    </datafield>
    <datafield tag="650" ind1=" " ind2=" ">
        <subfield code="a">FOOD CONTAMINATION</subfield>
        <subfield code="0">(DHLAUTH)270812</subfield>
    </datafield>
    <datafield tag="650" ind1=" " ind2=" ">
        <subfield code="a">URBANIZATION</subfield>
        <subfield code="0">(DHLAUTH)273116</subfield>
    </datafield>
    <datafield tag="650" ind1=" " ind2=" ">
        <subfield code="a">REGIONAL PLANNING</subfield>
        <subfield code="0">(DHLAUTH)269895</subfield>
    </datafield>
    <datafield tag="650" ind1=" " ind2=" ">
        <subfield code="a">WESTERN ASIA</subfield>
        <subfield code="0">(DHLAUTH)275490</subfield>
    </datafield>
</record>
<record>
    <datafield tag="191" ind1=" " ind2=" ">
        <subfield code="a">E/ESCWA/HS/85/2</subfield>
    </datafield>
    <datafield tag="191" ind1=" " ind2=" ">
        <subfield code="a">E/ESCWA/ECU/85/6</subfield>
    </datafield>
    <datafield tag="245" ind1=" " ind2=" ">
        <subfield code="a">STRENGTHENING URBAN ENVIRONMENTAL MANAGEMENT IN THE ESCWA REGION :  ENVIRONMENT MANAGEMENT SCHEME FOR AMMAN, JORDAN.</subfield>
    </datafield>
    <datafield tag="246" ind1=" " ind2=" ">
        <subfield code="a">تعزيز الادارة البيئية الحضرية في منطقة الاسكوا : مخطط الادارة البيئية لمدينة عمان بالاردن</subfield>
    </datafield>
    <datafield tag="269" ind1=" " ind2=" ">
        <subfield code="a">19851008</subfield>
    </datafield>
    <datafield tag="650" ind1=" " ind2=" ">
        <subfield code="a">HUMAN SETTLEMENTS</subfield>
        <subfield code="0">(DHLAUTH)273542</subfield>
    </datafield>
    <datafield tag="650" ind1=" " ind2=" ">
        <subfield code="a">AMMAN (JORDAN)</subfield>
        <subfield code="0">(DHLAUTH)276766</subfield>
    </datafield>
    <datafield tag="650" ind1=" " ind2=" ">
        <subfield code="a">JORDAN</subfield>
        <subfield code="0">(DHLAUTH)269099</subfield>
    </datafield>
    <datafield tag="650" ind1=" " ind2=" ">
        <subfield code="a">WATER SUPPLY</subfield>
        <subfield code="0">(DHLAUTH)270886</subfield>
    </datafield>
    <datafield tag="650" ind1=" " ind2=" ">
        <subfield code="a">AIR POLLUTION</subfield>
        <subfield code="0">(DHLAUTH)270785</subfield>
    </datafield>
    <datafield tag="650" ind1=" " ind2=" ">
        <subfield code="a">INDUSTRIAL POLLUTION</subfield>
        <subfield code="0">(DHLAUTH)270791</subfield>
    </datafield>
    <datafield tag="650" ind1=" " ind2=" ">
        <subfield code="a">ENVIRONMENTAL MANAGEMENT</subfield>
        <subfield code="0">(DHLAUTH)270590</subfield>
    </datafield>
    <datafield tag="650" ind1=" " ind2=" ">
        <subfield code="a">URBAN DEVELOPMENT</subfield>
        <subfield code="0">(DHLAUTH)269970</subfield>
    </datafield>
    <datafield tag="650" ind1=" " ind2=" ">
        <subfield code="a">INSTITUTION BUILDING</subfield>
        <subfield code="0">(DHLAUTH)269946</subfield>
    </datafield>
</record>
<record>
    <datafield tag="191" ind1=" " ind2=" ">
        <subfield code="a">E/ESCWA/HS/85/2(A)</subfield>
    </datafield>
    <datafield tag="191" ind1=" " ind2=" ">
        <subfield code="a">E/ESCWA/ECU/85/6(A)</subfield>
    </datafield>
    <datafield tag="245" ind1=" " ind2=" ">
        <subfield code="a">STRENGTHENING URBAN ENVIRONMENTAL MANAGEMENT IN THE ESCWA REGION/ ENVIRONMENT MANAGEMENT SCHEME FOR AMMAN, JORDAN.</subfield>
    </datafield>
    <datafield tag="269" ind1=" " ind2=" ">
        <subfield code="a">19851008</subfield>
    </datafield>
    <datafield tag="650" ind1=" " ind2=" ">
        <subfield code="a">HUMAN SETTLEMENTS</subfield>
        <subfield code="0">(DHLAUTH)273542</subfield>
    </datafield>
    <datafield tag="650" ind1=" " ind2=" ">
        <subfield code="a">AMMAN (JORDAN)</subfield>
        <subfield code="0">(DHLAUTH)276766</subfield>
    </datafield>
    <datafield tag="650" ind1=" " ind2=" ">
        <subfield code="a">JORDAN</subfield>
        <subfield code="0">(DHLAUTH)269099</subfield>
    </datafield>
    <datafield tag="650" ind1=" " ind2=" ">
        <subfield code="a">WATER SUPPLY</subfield>
        <subfield code="0">(DHLAUTH)270886</subfield>
    </datafield>
    <datafield tag="650" ind1=" " ind2=" ">
        <subfield code="a">AIR POLLUTION</subfield>
        <subfield code="0">(DHLAUTH)270785</subfield>
    </datafield>
    <datafield tag="650" ind1=" " ind2=" ">
        <subfield code="a">INDUSTRIAL POLLUTION</subfield>
        <subfield code="0">(DHLAUTH)270791</subfield>
    </datafield>
    <datafield tag="650" ind1=" " ind2=" ">
        <subfield code="a">ENVIRONMENTAL MANAGEMENT</subfield>
        <subfield code="0">(DHLAUTH)270590</subfield>
    </datafield>
    <datafield tag="650" ind1=" " ind2=" ">
        <subfield code="a">URBAN DEVELOPMENT</subfield>
        <subfield code="0">(DHLAUTH)269970</subfield>
    </datafield>
    <datafield tag="650" ind1=" " ind2=" ">
        <subfield code="a">INSTITUTION BUILDING</subfield>
        <subfield code="0">(DHLAUTH)269946</subfield>
    </datafield>
</record>
<record>
    <datafield tag="191" ind1=" " ind2=" ">
        <subfield code="a">E/ESCWA/ECU/85/7</subfield>
    </datafield>
    <datafield tag="246" ind1=" " ind2=" ">
        <subfield code="a">تقييم معايير وبرامج مكافحة التلوث الصناعي في الدول العربية بمنطقة غربي أسيا</subfield>
    </datafield>
    <datafield tag="269" ind1=" " ind2=" ">
        <subfield code="a">19851013</subfield>
    </datafield>
    <datafield tag="650" ind1=" " ind2=" ">
        <subfield code="a">INDUSTRIAL POLLUTION</subfield>
        <subfield code="0">(DHLAUTH)270791</subfield>
    </datafield>
    <datafield tag="650" ind1=" " ind2=" ">
        <subfield code="a">INDUSTRIALIZATION</subfield>
        <subfield code="0">(DHLAUTH)269846</subfield>
    </datafield>
    <datafield tag="650" ind1=" " ind2=" ">
        <subfield code="a">EVALUATION</subfield>
        <subfield code="0">(DHLAUTH)269588</subfield>
    </datafield>
    <datafield tag="650" ind1=" " ind2=" ">
        <subfield code="a">ENVIRONMENTAL DEGRADATION</subfield>
        <subfield code="0">(DHLAUTH)270632</subfield>
    </datafield>
    <datafield tag="650" ind1=" " ind2=" ">
        <subfield code="a">POLLUTION CONTROL</subfield>
        <subfield code="0">(DHLAUTH)270661</subfield>
    </datafield>
    <datafield tag="650" ind1=" " ind2=" ">
        <subfield code="a">WESTERN ASIA</subfield>
        <subfield code="0">(DHLAUTH)275490</subfield>
    </datafield>
</record>
<record>
    <datafield tag="191" ind1=" " ind2=" ">
        <subfield code="a">E/ESCWA/ECU/85/8</subfield>
    </datafield>
    <datafield tag="245" ind1=" " ind2=" ">
        <subfield code="a">MANAGEMENT OF INDUSTRIAL AND HAZARDOUS WASTES</subfield>
    </datafield>
    <datafield tag="269" ind1=" " ind2=" ">
        <subfield code="a">19851201</subfield>
    </datafield>
    <datafield tag="650" ind1=" " ind2=" ">
        <subfield code="a">INDUSTRIAL POLLUTION</subfield>
        <subfield code="0">(DHLAUTH)270791</subfield>
    </datafield>
    <datafield tag="650" ind1=" " ind2=" ">
        <subfield code="a">ENVIRONMENTAL MANAGEMENT</subfield>
        <subfield code="0">(DHLAUTH)270590</subfield>
    </datafield>
    <datafield tag="650" ind1=" " ind2=" ">
        <subfield code="a">WESTERN ASIA</subfield>
        <subfield code="0">(DHLAUTH)275490</subfield>
    </datafield>
    <datafield tag="650" ind1=" " ind2=" ">
        <subfield code="a">RECOMMENDATIONS</subfield>
        <subfield code="0">(DHLAUTH)275840</subfield>
    </datafield>
    <datafield tag="650" ind1=" " ind2=" ">
        <subfield code="a">INDUSTRIAL WASTES</subfield>
        <subfield code="0">(DHLAUTH)270803</subfield>
    </datafield>
    <datafield tag="650" ind1=" " ind2=" ">
        <subfield code="a">WASTE MANAGEMENT</subfield>
        <subfield code="0">(DHLAUTH)272254</subfield>
    </datafield>
    <datafield tag="650" ind1=" " ind2=" ">
        <subfield code="a">POLLUTANTS</subfield>
        <subfield code="0">(DHLAUTH)270681</subfield>
    </datafield>
    <datafield tag="650" ind1=" " ind2=" ">
        <subfield code="a">HAZARDOUS WASTES</subfield>
        <subfield code="0">(DHLAUTH)270865</subfield>
    </datafield>
    <datafield tag="650" ind1=" " ind2=" ">
        <subfield code="a">CONFERENCES</subfield>
        <subfield code="0">(DHLAUTH)275758</subfield>
    </datafield>
</record>
<record>
    <datafield tag="191" ind1=" " ind2=" ">
        <subfield code="a">E/ESCWA/ECU/85/9</subfield>
    </datafield>
    <datafield tag="245" ind1=" " ind2=" ">
        <subfield code="a">URBANIZATION IN WESTERN ASIA ENVIRONMENTAL CONSEQUENCES</subfield>
    </datafield>
    <datafield tag="269" ind1=" " ind2=" ">
        <subfield code="a">19851212</subfield>
    </datafield>
    <datafield tag="650" ind1=" " ind2=" ">
        <subfield code="a">WESTERN ASIA</subfield>
        <subfield code="0">(DHLAUTH)275490</subfield>
    </datafield>
    <datafield tag="650" ind1=" " ind2=" ">
        <subfield code="a">URBANIZATION</subfield>
        <subfield code="0">(DHLAUTH)273116</subfield>
    </datafield>
    <datafield tag="650" ind1=" " ind2=" ">
        <subfield code="a">INSTITUTION BUILDING</subfield>
        <subfield code="0">(DHLAUTH)269946</subfield>
    </datafield>
    <datafield tag="650" ind1=" " ind2=" ">
        <subfield code="a">ENVIRONMENTAL MANAGEMENT</subfield>
        <subfield code="0">(DHLAUTH)270590</subfield>
    </datafield>
    <datafield tag="650" ind1=" " ind2=" ">
        <subfield code="a">ENVIRONMENTAL PROTECTION</subfield>
        <subfield code="0">(DHLAUTH)270598</subfield>
    </datafield>
    <datafield tag="650" ind1=" " ind2=" ">
        <subfield code="a">DEVELOPMENT PLANNING</subfield>
        <subfield code="0">(DHLAUTH)269883</subfield>
    </datafield>
    <datafield tag="650" ind1=" " ind2=" ">
        <subfield code="a">METROPOLITAN AREAS</subfield>
        <subfield code="0">(DHLAUTH)273550</subfield>
    </datafield>
    <datafield tag="650" ind1=" " ind2=" ">
        <subfield code="a">ENVIRONMENTAL MONITORING</subfield>
        <subfield code="0">(DHLAUTH)270667</subfield>
    </datafield>
    <datafield tag="650" ind1=" " ind2=" ">
        <subfield code="a">CASE STUDIES</subfield>
        <subfield code="0">(DHLAUTH)274639</subfield>
    </datafield>
    <datafield tag="650" ind1=" " ind2=" ">
        <subfield code="a">AMMAN (JORDAN)</subfield>
        <subfield code="0">(DHLAUTH)276766</subfield>
    </datafield>
    <datafield tag="650" ind1=" " ind2=" ">
        <subfield code="a">ALEXANDRIA (EGYPT)</subfield>
        <subfield code="0">(DHLAUTH)276750</subfield>
    </datafield>
    <datafield tag="650" ind1=" " ind2=" ">
        <subfield code="a">KUWAIT</subfield>
        <subfield code="0">(DHLAUTH)273384</subfield>
    </datafield>
</record>
<record>
    <datafield tag="191" ind1=" " ind2=" ">
        <subfield code="a">E/ESCWA/ECU/86/1</subfield>
    </datafield>
    <datafield tag="246" ind1=" " ind2=" ">
        <subfield code="a">الادارة البيئية في المدن العربية الواقع والمستقبل, المؤتمر الوزاري حول الاعتبارات البيئية في التنمية تونس 13-15-10-1986</subfield>
    </datafield>
    <datafield tag="269" ind1=" " ind2=" ">
        <subfield code="a">19860729</subfield>
    </datafield>
    <datafield tag="650" ind1=" " ind2=" ">
        <subfield code="a">ENVIRONMENTAL MANAGEMENT</subfield>
        <subfield code="0">(DHLAUTH)270590</subfield>
    </datafield>
    <datafield tag="650" ind1=" " ind2=" ">
        <subfield code="a">ENVIRONMENTAL PROTECTION</subfield>
        <subfield code="0">(DHLAUTH)270598</subfield>
    </datafield>
    <datafield tag="650" ind1=" " ind2=" ">
        <subfield code="a">INDUSTRIAL POLLUTION</subfield>
        <subfield code="0">(DHLAUTH)270791</subfield>
    </datafield>
    <datafield tag="650" ind1=" " ind2=" ">
        <subfield code="a">AIR POLLUTION</subfield>
        <subfield code="0">(DHLAUTH)270785</subfield>
    </datafield>
    <datafield tag="650" ind1=" " ind2=" ">
        <subfield code="a">WESTERN ASIA</subfield>
        <subfield code="0">(DHLAUTH)275490</subfield>
    </datafield>
    <datafield tag="650" ind1=" " ind2=" ">
        <subfield code="a">JORDAN</subfield>
        <subfield code="0">(DHLAUTH)269099</subfield>
    </datafield>
    <datafield tag="650" ind1=" " ind2=" ">
        <subfield code="a">INDUSTRIAL DEVELOPMENT</subfield>
        <subfield code="0">(DHLAUTH)269918</subfield>
    </datafield>
    <datafield tag="650" ind1=" " ind2=" ">
        <subfield code="a">WASTE MANAGEMENT</subfield>
        <subfield code="0">(DHLAUTH)272254</subfield>
    </datafield>
    <datafield tag="650" ind1=" " ind2=" ">
        <subfield code="a">PUBLIC HEALTH</subfield>
        <subfield code="0">(DHLAUTH)270662</subfield>
    </datafield>
    <datafield tag="650" ind1=" " ind2=" ">
        <subfield code="a">EGYPT</subfield>
        <subfield code="0">(DHLAUTH)273328</subfield>
    </datafield>
    <datafield tag="650" ind1=" " ind2=" ">
        <subfield code="a">KUWAIT</subfield>
        <subfield code="0">(DHLAUTH)273384</subfield>
    </datafield>
</record>
<record>
    <datafield tag="191" ind1=" " ind2=" ">
        <subfield code="a">E/ESCWA/STAT/86/37</subfield>
    </datafield>
    <datafield tag="191" ind1=" " ind2=" ">
        <subfield code="a">E/ESCWA/ECU/86/3</subfield>
    </datafield>
    <datafield tag="246" ind1=" " ind2=" ">
        <subfield code="a">وضع الاحصاءات البيئية لمنطقة غرب اسيا تقرير عن المهمة الاستشارية الى كل من الاردن الكويت مصر خلال الترة من 12- تشرين الثاني/نوفمبر -12 كانون الاول/ديسمبر 1986</subfield>
    </datafield>
    <datafield tag="269" ind1=" " ind2=" ">
        <subfield code="a">19870512</subfield>
    </datafield>
    <datafield tag="650" ind1=" " ind2=" ">
        <subfield code="a">WESTERN ASIA</subfield>
        <subfield code="0">(DHLAUTH)275490</subfield>
    </datafield>
    <datafield tag="650" ind1=" " ind2=" ">
        <subfield code="a">ENVIRONMENTAL STATISTICS</subfield>
        <subfield code="0">(DHLAUTH)270230</subfield>
    </datafield>
    <datafield tag="650" ind1=" " ind2=" ">
        <subfield code="a">ENVIRONMENTAL PROTECTION</subfield>
        <subfield code="0">(DHLAUTH)270598</subfield>
    </datafield>
    <datafield tag="650" ind1=" " ind2=" ">
        <subfield code="a">ENVIRONMENT</subfield>
        <subfield code="0">(DHLAUTH)270627</subfield>
    </datafield>
    <datafield tag="650" ind1=" " ind2=" ">
        <subfield code="a">ENVIRONMENTAL DEGRADATION</subfield>
        <subfield code="0">(DHLAUTH)270632</subfield>
    </datafield>
    <datafield tag="650" ind1=" " ind2=" ">
        <subfield code="a">HUMAN SETTLEMENTS</subfield>
        <subfield code="0">(DHLAUTH)273542</subfield>
    </datafield>
    <datafield tag="650" ind1=" " ind2=" ">
        <subfield code="a">NATURAL RESOURCES</subfield>
        <subfield code="0">(DHLAUTH)270548</subfield>
    </datafield>
    <datafield tag="650" ind1=" " ind2=" ">
        <subfield code="a">ADVISORY SERVICES</subfield>
        <subfield code="0">(DHLAUTH)269860</subfield>
    </datafield>
</record>
<record>
    <datafield tag="191" ind1=" " ind2=" ">
        <subfield code="a">E/ESCWA/ECU/87/1</subfield>
    </datafield>
    <datafield tag="245" ind1=" " ind2=" ">
        <subfield code="a">MISSION REPORT APPRAISAL AND PROPOSED RESTRUCTURING OF ENVIRONMENTAL ADMINISTRATION IN THE YEMEN ARAB REPUBLIC 25 NOVEMBER - 2 DECEMBER 1986</subfield>
    </datafield>
    <datafield tag="246" ind1=" " ind2=" ">
        <subfield code="a">تقرير عن تقييم ادارة البيئة واقتراح تنظيم مؤسسي لها في الجمهورية العربية اليمنية خلال الفترة من 25 تشرين الثاني/ نوفمبر -02 كانون الاول/ديسمبر 1986</subfield>
    </datafield>
    <datafield tag="269" ind1=" " ind2=" ">
        <subfield code="a">19870107</subfield>
    </datafield>
    <datafield tag="650" ind1=" " ind2=" ">
        <subfield code="a">WESTERN ASIA</subfield>
        <subfield code="0">(DHLAUTH)275490</subfield>
    </datafield>
    <datafield tag="650" ind1=" " ind2=" ">
        <subfield code="a">ENVIRONMENTAL MONITORING</subfield>
        <subfield code="0">(DHLAUTH)270667</subfield>
    </datafield>
    <datafield tag="650" ind1=" " ind2=" ">
        <subfield code="a">PUBLIC INSTITUTIONS</subfield>
        <subfield code="0">(DHLAUTH)269948</subfield>
    </datafield>
    <datafield tag="650" ind1=" " ind2=" ">
        <subfield code="a">ENVIRONMENTAL POLICY</subfield>
        <subfield code="0">(DHLAUTH)269904</subfield>
    </datafield>
    <datafield tag="650" ind1=" " ind2=" ">
        <subfield code="a">ENVIRONMENTAL DEGRADATION</subfield>
        <subfield code="0">(DHLAUTH)270632</subfield>
    </datafield>
    <datafield tag="650" ind1=" " ind2=" ">
        <subfield code="a">PERSONNEL MANAGEMENT</subfield>
        <subfield code="0">(DHLAUTH)270006</subfield>
    </datafield>
    <datafield tag="650" ind1=" " ind2=" ">
        <subfield code="a">ORGANIZATIONAL STRUCTURE</subfield>
        <subfield code="0">(DHLAUTH)272030</subfield>
    </datafield>
    <datafield tag="650" ind1=" " ind2=" ">
        <subfield code="a">ENVIRONMENTAL PROTECTION</subfield>
        <subfield code="0">(DHLAUTH)270598</subfield>
    </datafield>
    <datafield tag="650" ind1=" " ind2=" ">
        <subfield code="a">ENVIRONMENTAL MANAGEMENT</subfield>
        <subfield code="0">(DHLAUTH)270590</subfield>
    </datafield>
    <datafield tag="650" ind1=" " ind2=" ">
        <subfield code="a">YEMEN</subfield>
        <subfield code="0">(DHLAUTH)273521</subfield>
    </datafield>
</record>
<record>
    <datafield tag="191" ind1=" " ind2=" ">
        <subfield code="a">E/ESCWA/ECU/87/2</subfield>
    </datafield>
    <datafield tag="245" ind1=" " ind2=" ">
        <subfield code="a">REPORT ON INDUSTRIAL ENVIRONMENTAL IMPACT ASSESSMENT IN WESTERN ASIA</subfield>
    </datafield>
    <datafield tag="269" ind1=" " ind2=" ">
        <subfield code="a">19870111</subfield>
    </datafield>
    <datafield tag="650" ind1=" " ind2=" ">
        <subfield code="a">WESTERN ASIA</subfield>
        <subfield code="0">(DHLAUTH)275490</subfield>
    </datafield>
    <datafield tag="650" ind1=" " ind2=" ">
        <subfield code="a">ENVIRONMENTAL IMPACT ASSESSMENT</subfield>
        <subfield code="0">(DHLAUTH)270597</subfield>
    </datafield>
    <datafield tag="650" ind1=" " ind2=" ">
        <subfield code="a">PROGRAMMES OF ACTION</subfield>
        <subfield code="0">(DHLAUTH)275777</subfield>
    </datafield>
    <datafield tag="650" ind1=" " ind2=" ">
        <subfield code="a">RECOMMENDATIONS</subfield>
        <subfield code="0">(DHLAUTH)275840</subfield>
    </datafield>
    <datafield tag="650" ind1=" " ind2=" ">
        <subfield code="a">INFORMATION NETWORKS</subfield>
        <subfield code="0">(DHLAUTH)272733</subfield>
    </datafield>
    <datafield tag="650" ind1=" " ind2=" ">
        <subfield code="a">INDUSTRY</subfield>
        <subfield code="0">(DHLAUTH)271796</subfield>
    </datafield>
    <datafield tag="650" ind1=" " ind2=" ">
        <subfield code="a">COST EFFECTIVENESS</subfield>
        <subfield code="0">(DHLAUTH)269587</subfield>
    </datafield>
</record>
<record>
    <datafield tag="191" ind1=" " ind2=" ">
        <subfield code="a">E/ESCWA/ECU/87/3</subfield>
    </datafield>
    <datafield tag="246" ind1=" " ind2=" ">
        <subfield code="a">مشاكل النفايات الصلبة والآثار البيئية للنمو الحضري في غرب اسيا, ندوة حول النفايات الصلبة في المجتمعات الحضرية في غربي آسيا الكويت, 20-22-04-1987</subfield>
    </datafield>
    <datafield tag="269" ind1=" " ind2=" ">
        <subfield code="a">19870308</subfield>
    </datafield>
    <datafield tag="650" ind1=" " ind2=" ">
        <subfield code="a">WESTERN ASIA</subfield>
        <subfield code="0">(DHLAUTH)275490</subfield>
    </datafield>
    <datafield tag="650" ind1=" " ind2=" ">
        <subfield code="a">ENVIRONMENTAL DEGRADATION</subfield>
        <subfield code="0">(DHLAUTH)270632</subfield>
    </datafield>
    <datafield tag="650" ind1=" " ind2=" ">
        <subfield code="a">ENVIRONMENTAL PROTECTION</subfield>
        <subfield code="0">(DHLAUTH)270598</subfield>
    </datafield>
    <datafield tag="650" ind1=" " ind2=" ">
        <subfield code="a">POPULATION GROWTH</subfield>
        <subfield code="0">(DHLAUTH)272944</subfield>
    </datafield>
    <datafield tag="650" ind1=" " ind2=" ">
        <subfield code="a">POLLUTION CONTROL</subfield>
        <subfield code="0">(DHLAUTH)270661</subfield>
    </datafield>
    <datafield tag="650" ind1=" " ind2=" ">
        <subfield code="a">URBAN DEVELOPMENT</subfield>
        <subfield code="0">(DHLAUTH)269970</subfield>
    </datafield>
    <datafield tag="650" ind1=" " ind2=" ">
        <subfield code="a">SOLID WASTE MANAGEMENT</subfield>
        <subfield code="0">(DHLAUTH)270665</subfield>
    </datafield>
    <datafield tag="650" ind1=" " ind2=" ">
        <subfield code="a">TOXIC WASTE MANAGEMENT</subfield>
        <subfield code="0">(DHLAUTH)270673</subfield>
    </datafield>
    <datafield tag="650" ind1=" " ind2=" ">
        <subfield code="a">HAZARDOUS WASTES</subfield>
        <subfield code="0">(DHLAUTH)270865</subfield>
    </datafield>
</record>
<record>
    <datafield tag="191" ind1=" " ind2=" ">
        <subfield code="a">E/ESCWA/ECU/87/4</subfield>
    </datafield>
    <datafield tag="245" ind1=" " ind2=" ">
        <subfield code="a">PROJECT PROPOSAL STRENGTHENING ENVIRONMENTAL ADMINISTRATION IN WESTERN ASIA</subfield>
    </datafield>
    <datafield tag="269" ind1=" " ind2=" ">
        <subfield code="a">19870808</subfield>
    </datafield>
    <datafield tag="650" ind1=" " ind2=" ">
        <subfield code="a">WESTERN ASIA</subfield>
        <subfield code="0">(DHLAUTH)275490</subfield>
    </datafield>
    <datafield tag="650" ind1=" " ind2=" ">
        <subfield code="a">PUBLIC INSTITUTIONS</subfield>
        <subfield code="0">(DHLAUTH)269948</subfield>
    </datafield>
    <datafield tag="650" ind1=" " ind2=" ">
        <subfield code="a">HUMAN RESOURCES</subfield>
        <subfield code="0">(DHLAUTH)270571</subfield>
    </datafield>
    <datafield tag="650" ind1=" " ind2=" ">
        <subfield code="a">PROJECT ACTIVITIES</subfield>
        <subfield code="0">(DHLAUTH)275801</subfield>
    </datafield>
</record>
<record>
    <datafield tag="191" ind1=" " ind2=" ">
        <subfield code="a">E/ESCWA/ECU/87/6</subfield>
    </datafield>
    <datafield tag="245" ind1=" " ind2=" ">
        <subfield code="a">INDUSTRIAL ENVIRONMENTAL MANAGEMENT IN THE GULF REGION: AN OVERVIEW</subfield>
    </datafield>
    <datafield tag="269" ind1=" " ind2=" ">
        <subfield code="a">19870705</subfield>
    </datafield>
    <datafield tag="650" ind1=" " ind2=" ">
        <subfield code="a">WESTERN ASIA</subfield>
        <subfield code="0">(DHLAUTH)275490</subfield>
    </datafield>
    <datafield tag="650" ind1=" " ind2=" ">
        <subfield code="a">ENVIRONMENTAL MANAGEMENT</subfield>
        <subfield code="0">(DHLAUTH)270590</subfield>
    </datafield>
    <datafield tag="650" ind1=" " ind2=" ">
        <subfield code="a">ENVIRONMENTALLY SOUND TECHNOLOGY</subfield>
        <subfield code="0">(DHLAUTH)270685</subfield>
    </datafield>
    <datafield tag="650" ind1=" " ind2=" ">
        <subfield code="a">MANPOWER DEVELOPMENT</subfield>
        <subfield code="0">(DHLAUTH)274163</subfield>
    </datafield>
    <datafield tag="650" ind1=" " ind2=" ">
        <subfield code="a">INDUSTRIALIZATION</subfield>
        <subfield code="0">(DHLAUTH)269846</subfield>
    </datafield>
</record>
<record>
    <datafield tag="191" ind1=" " ind2=" ">
        <subfield code="a">E/ESCWA/ECU/87/7</subfield>
    </datafield>
    <datafield tag="246" ind1=" " ind2=" ">
        <subfield code="a">حول التاثيرات البيئية للانماء الحضري في غربي اسيا</subfield>
    </datafield>
    <datafield tag="269" ind1=" " ind2=" ">
        <subfield code="a">19870816</subfield>
    </datafield>
    <datafield tag="650" ind1=" " ind2=" ">
        <subfield code="a">WESTERN ASIA</subfield>
        <subfield code="0">(DHLAUTH)275490</subfield>
    </datafield>
    <datafield tag="650" ind1=" " ind2=" ">
        <subfield code="a">ENVIRONMENTAL MANAGEMENT</subfield>
        <subfield code="0">(DHLAUTH)270590</subfield>
    </datafield>
    <datafield tag="650" ind1=" " ind2=" ">
        <subfield code="a">URBAN DEVELOPMENT</subfield>
        <subfield code="0">(DHLAUTH)269970</subfield>
    </datafield>
    <datafield tag="650" ind1=" " ind2=" ">
        <subfield code="a">CASE STUDIES</subfield>
        <subfield code="0">(DHLAUTH)274639</subfield>
    </datafield>
    <datafield tag="650" ind1=" " ind2=" ">
        <subfield code="a">YEMEN</subfield>
        <subfield code="0">(DHLAUTH)273521</subfield>
    </datafield>
    <datafield tag="650" ind1=" " ind2=" ">
        <subfield code="a">JORDAN</subfield>
        <subfield code="0">(DHLAUTH)269099</subfield>
    </datafield>
    <datafield tag="650" ind1=" " ind2=" ">
        <subfield code="a">ALEXANDRIA (EGYPT)</subfield>
        <subfield code="0">(DHLAUTH)276750</subfield>
    </datafield>
</record>
<record>
    <datafield tag="191" ind1=" " ind2=" ">
        <subfield code="a">E/ESCWA/ECU/87/8</subfield>
    </datafield>
    <datafield tag="245" ind1=" " ind2=" ">
        <subfield code="a">INDUSTRIAL ENVIRONMENTAL IMPACT ASSESSMENT IN WESTERN ASIA: RETROSPECT AND PROSPECT</subfield>
    </datafield>
    <datafield tag="246" ind1=" " ind2=" ">
        <subfield code="a">تقييم التاثير البيئي للتصنيع في غربي اسيا: الحاضر والمستقبل</subfield>
    </datafield>
    <datafield tag="269" ind1=" " ind2=" ">
        <subfield code="a">19871029</subfield>
    </datafield>
    <datafield tag="650" ind1=" " ind2=" ">
        <subfield code="a">WESTERN ASIA</subfield>
        <subfield code="0">(DHLAUTH)275490</subfield>
    </datafield>
    <datafield tag="650" ind1=" " ind2=" ">
        <subfield code="a">ENVIRONMENTAL IMPACT ASSESSMENT</subfield>
        <subfield code="0">(DHLAUTH)270597</subfield>
    </datafield>
    <datafield tag="650" ind1=" " ind2=" ">
        <subfield code="a">PROGRAMMES OF ACTION</subfield>
        <subfield code="0">(DHLAUTH)275777</subfield>
    </datafield>
    <datafield tag="650" ind1=" " ind2=" ">
        <subfield code="a">GUIDELINES</subfield>
        <subfield code="0">(DHLAUTH)275775</subfield>
    </datafield>
    <datafield tag="650" ind1=" " ind2=" ">
        <subfield code="a">INDUSTRIALIZATION</subfield>
        <subfield code="0">(DHLAUTH)269846</subfield>
    </datafield>
</record>
<record>
    <datafield tag="191" ind1=" " ind2=" ">
        <subfield code="a">E/ESCWA/ECU/87/9</subfield>
    </datafield>
    <datafield tag="245" ind1=" " ind2=" ">
        <subfield code="a">ENVIRONMENTAL MANAGEMENT IN THE OIL REFINING AND PETROCHEMICAL INDUSTRY IN WESTERN ASIA:  A REGIONAL PERSPECTIVE.</subfield>
    </datafield>
    <datafield tag="269" ind1=" " ind2=" ">
        <subfield code="a">19871125</subfield>
    </datafield>
    <datafield tag="650" ind1=" " ind2=" ">
        <subfield code="a">WESTERN ASIA</subfield>
        <subfield code="0">(DHLAUTH)275490</subfield>
    </datafield>
    <datafield tag="650" ind1=" " ind2=" ">
        <subfield code="a">PETROCHEMICAL INDUSTRY</subfield>
        <subfield code="0">(DHLAUTH)271276</subfield>
    </datafield>
    <datafield tag="650" ind1=" " ind2=" ">
        <subfield code="a">ENVIRONMENTAL MANAGEMENT</subfield>
        <subfield code="0">(DHLAUTH)270590</subfield>
    </datafield>
    <datafield tag="650" ind1=" " ind2=" ">
        <subfield code="a">INDUSTRIAL POLLUTION</subfield>
        <subfield code="0">(DHLAUTH)270791</subfield>
    </datafield>
    <datafield tag="650" ind1=" " ind2=" ">
        <subfield code="a">ENVIRONMENTAL IMPACT ASSESSMENT</subfield>
        <subfield code="0">(DHLAUTH)270597</subfield>
    </datafield>
    <datafield tag="650" ind1=" " ind2=" ">
        <subfield code="a">SOLID WASTE MANAGEMENT</subfield>
        <subfield code="0">(DHLAUTH)270665</subfield>
    </datafield>
    <datafield tag="650" ind1=" " ind2=" ">
        <subfield code="a">MARINE ENVIRONMENT</subfield>
        <subfield code="0">(DHLAUTH)270629</subfield>
    </datafield>
    <datafield tag="650" ind1=" " ind2=" ">
        <subfield code="a">ENVIRONMENTAL MONITORING</subfield>
        <subfield code="0">(DHLAUTH)270667</subfield>
    </datafield>
    <datafield tag="650" ind1=" " ind2=" ">
        <subfield code="a">BAHRAIN</subfield>
        <subfield code="0">(DHLAUTH)273274</subfield>
    </datafield>
    <datafield tag="650" ind1=" " ind2=" ">
        <subfield code="a">EGYPT</subfield>
        <subfield code="0">(DHLAUTH)273328</subfield>
    </datafield>
    <datafield tag="650" ind1=" " ind2=" ">
        <subfield code="a">IRAQ</subfield>
        <subfield code="0">(DHLAUTH)273370</subfield>
    </datafield>
    <datafield tag="650" ind1=" " ind2=" ">
        <subfield code="a">QATAR</subfield>
        <subfield code="0">(DHLAUTH)275603</subfield>
    </datafield>
    <datafield tag="650" ind1=" " ind2=" ">
        <subfield code="a">SAUDI ARABIA</subfield>
        <subfield code="0">(DHLAUTH)273464</subfield>
    </datafield>
</record>
<record>
    <datafield tag="191" ind1=" " ind2=" ">
        <subfield code="a">E/ESCWA/ECU/89/1</subfield>
    </datafield>
    <datafield tag="245" ind1=" " ind2=" ">
        <subfield code="a">ENVIRONMENTAL ISSUES AND SUSTAINABLE DEVELOPMENT IN THE ESCWA REGION. CURRENT AND ENVISAGED ACTIVITIES.</subfield>
    </datafield>
    <datafield tag="269" ind1=" " ind2=" ">
        <subfield code="a">19890319</subfield>
    </datafield>
    <datafield tag="650" ind1=" " ind2=" ">
        <subfield code="a">WESTERN ASIA</subfield>
        <subfield code="0">(DHLAUTH)275490</subfield>
    </datafield>
    <datafield tag="650" ind1=" " ind2=" ">
        <subfield code="a">SUSTAINABLE DEVELOPMENT</subfield>
        <subfield code="0">(DHLAUTH)269920</subfield>
    </datafield>
    <datafield tag="650" ind1=" " ind2=" ">
        <subfield code="a">PROGRAMME PRIORITIES</subfield>
        <subfield code="0">(DHLAUTH)275763</subfield>
    </datafield>
    <datafield tag="650" ind1=" " ind2=" ">
        <subfield code="a">PROGRAMMES OF ACTION</subfield>
        <subfield code="0">(DHLAUTH)275777</subfield>
    </datafield>
    <datafield tag="650" ind1=" " ind2=" ">
        <subfield code="a">ACTIVITIES</subfield>
        <subfield code="0">(DHLAUTH)275823</subfield>
    </datafield>
</record>
<record>
    <datafield tag="191" ind1=" " ind2=" ">
        <subfield code="a">E/ESCWA/ECW/2005/1</subfield>
    </datafield>
    <datafield tag="246" ind1=" " ind2=" ">
        <subfield code="a">وضع المرأة العربية 2005 : تأريخ  الحركات النسائية في العالم العربي</subfield>
    </datafield>
    <datafield tag="269" ind1=" " ind2=" ">
        <subfield code="a">20051129</subfield>
    </datafield>
    <datafield tag="650" ind1=" " ind2=" ">
        <subfield code="a">FEMINISM</subfield>
        <subfield code="0">(DHLAUTH)273156</subfield>
    </datafield>
    <datafield tag="650" ind1=" " ind2=" ">
        <subfield code="a">WOMEN'S ADVANCEMENT</subfield>
        <subfield code="0">(DHLAUTH)273158</subfield>
    </datafield>
    <datafield tag="650" ind1=" " ind2=" ">
        <subfield code="a">WOMEN'S STATUS</subfield>
        <subfield code="0">(DHLAUTH)269378</subfield>
    </datafield>
    <datafield tag="650" ind1=" " ind2=" ">
        <subfield code="a">ADMINISTRATIVE REFORM</subfield>
        <subfield code="0">(DHLAUTH)270001</subfield>
    </datafield>
    <datafield tag="650" ind1=" " ind2=" ">
        <subfield code="a">WESTERN ASIA</subfield>
        <subfield code="0">(DHLAUTH)275490</subfield>
    </datafield>
</record>
<record>
    <datafield tag="191" ind1=" " ind2=" ">
        <subfield code="a">E/ESCWA/ECW/2007/1</subfield>
    </datafield>
    <datafield tag="246" ind1=" " ind2=" ">
        <subfield code="a">إتفاقية القضاء على جميع أشكال التمييز ضد المرأة تقارير الظل في البلدان العربية</subfield>
    </datafield>
    <datafield tag="269" ind1=" " ind2=" ">
        <subfield code="a">20070504</subfield>
    </datafield>
    <datafield tag="650" ind1=" " ind2=" ">
        <subfield code="a">WOMEN</subfield>
        <subfield code="0">(DHLAUTH)273032</subfield>
    </datafield>
    <datafield tag="650" ind1=" " ind2=" ">
        <subfield code="a">CAPACITY BUILDING</subfield>
        <subfield code="0">(DHLAUTH)276636</subfield>
    </datafield>
    <datafield tag="650" ind1=" " ind2=" ">
        <subfield code="a">T0014164?</subfield>
        <subfield code="0">(DHLAUTH)?</subfield>
    </datafield>
    <datafield tag="650" ind1=" " ind2=" ">
        <subfield code="a">NON-GOVERNMENTAL ORGANIZATIONS</subfield>
        <subfield code="0">(DHLAUTH)268665</subfield>
    </datafield>
    <datafield tag="650" ind1=" " ind2=" ">
        <subfield code="a">RECOMMENDATIONS</subfield>
        <subfield code="0">(DHLAUTH)275840</subfield>
    </datafield>
    <datafield tag="650" ind1=" " ind2=" ">
        <subfield code="a">T0014119?</subfield>
        <subfield code="0">(DHLAUTH)?</subfield>
    </datafield>
    <datafield tag="650" ind1=" " ind2=" ">
        <subfield code="a">ARAB COUNTRIES</subfield>
        <subfield code="0">(DHLAUTH)268705</subfield>
    </datafield>
</record>
<record>
    <datafield tag="191" ind1=" " ind2=" ">
        <subfield code="a">E/ESCWA/ECW/2007/IG.1/4/ADD.3/SUPP.1</subfield>
    </datafield>
    <datafield tag="246" ind1=" " ind2=" ">
        <subfield code="a">Al-Mar`ah fi-al-mintaqah al-'Arabiyah : waqi' wa-tahadiyat wa-afaq mustaqbaliyah : mulakhas al-rudud 'ala al-istibian al-muwajah ila al-aliyat al-wataniyah al-ma'niyah bi-qadhaiyah al-mara`ah</subfield>
    </datafield>
    <datafield tag="246" ind1=" " ind2=" ">
        <subfield code="a">AL-MAR`AH FI-AL-MINTAQAH AL-'ARABIYAH : WAQI' WA-TAHADIYAT WA-AFAQ MUSTAQBALIYAH : MULAKHAS AL-RUDUD 'ALA AL-ISTIBIAN AL-MUWAJAH ILA AL-ALIYAT AL-WATANIYAH AL-MA'NIYAH BI-QADHAIYAH AL-MARA`AH</subfield>
    </datafield>
    <datafield tag="269" ind1=" " ind2=" ">
        <subfield code="a">20070201</subfield>
    </datafield>
    <datafield tag="650" ind1=" " ind2=" ">
        <subfield code="a">WOMEN'S ADVANCEMENT</subfield>
        <subfield code="0">(DHLAUTH)273158</subfield>
    </datafield>
    <datafield tag="650" ind1=" " ind2=" ">
        <subfield code="a">WOMEN'S STATUS</subfield>
        <subfield code="0">(DHLAUTH)269378</subfield>
    </datafield>
    <datafield tag="650" ind1=" " ind2=" ">
        <subfield code="a">WOMEN'S ORGANIZATIONS</subfield>
        <subfield code="0">(DHLAUTH)273160</subfield>
    </datafield>
    <datafield tag="650" ind1=" " ind2=" ">
        <subfield code="a">WESTERN ASIA</subfield>
        <subfield code="0">(DHLAUTH)275490</subfield>
    </datafield>
    <datafield tag="650" ind1=" " ind2=" ">
        <subfield code="a">QUESTIONNAIRES</subfield>
        <subfield code="0">(DHLAUTH)272018</subfield>
    </datafield>
</record>
<record>
    <datafield tag="191" ind1=" " ind2=" ">
        <subfield code="a">E/ESCWA/ECW/2009/3</subfield>
    </datafield>
    <datafield tag="246" ind1=" " ind2=" ">
        <subfield code="a">سبل تعزيز دور المراة في حل النزاعات وبناء السلام دراسات حالة فلسطين ولبنان والعراق</subfield>
    </datafield>
    <datafield tag="269" ind1=" " ind2=" ">
        <subfield code="a">20091203</subfield>
    </datafield>
    <datafield tag="650" ind1=" " ind2=" ">
        <subfield code="a">WOMEN IN ARMED CONFLICTS</subfield>
        <subfield code="0">(DHLAUTH)652111</subfield>
    </datafield>
    <datafield tag="650" ind1=" " ind2=" ">
        <subfield code="a">WOMEN'S STATUS</subfield>
        <subfield code="0">(DHLAUTH)269378</subfield>
    </datafield>
    <datafield tag="650" ind1=" " ind2=" ">
        <subfield code="a">PALESTINE</subfield>
        <subfield code="0">(DHLAUTH)277398</subfield>
    </datafield>
    <datafield tag="650" ind1=" " ind2=" ">
        <subfield code="a">LEBANON</subfield>
        <subfield code="0">(DHLAUTH)269069</subfield>
    </datafield>
    <datafield tag="650" ind1=" " ind2=" ">
        <subfield code="a">IRAQ</subfield>
        <subfield code="0">(DHLAUTH)273370</subfield>
    </datafield>
    <datafield tag="650" ind1=" " ind2=" ">
        <subfield code="a">WESTERN ASIA</subfield>
        <subfield code="0">(DHLAUTH)275490</subfield>
    </datafield>
</record>
<record>
    <datafield tag="191" ind1=" " ind2=" ">
        <subfield code="a">E/ESCWA/ECW/2010/1</subfield>
    </datafield>
    <datafield tag="246" ind1=" " ind2=" ">
        <subfield code="a">مراجعة تقييم اليات النهوض بالمراة وادائها في تعميم مراعاة منظور النوع الاجتماعي في البلدان العربية</subfield>
    </datafield>
    <datafield tag="269" ind1=" " ind2=" ">
        <subfield code="a">20101020</subfield>
    </datafield>
    <datafield tag="650" ind1=" " ind2=" ">
        <subfield code="a">GENDER</subfield>
        <subfield code="0">(DHLAUTH)444326</subfield>
    </datafield>
    <datafield tag="650" ind1=" " ind2=" ">
        <subfield code="a">WOMEN'S ADVANCEMENT</subfield>
        <subfield code="0">(DHLAUTH)273158</subfield>
    </datafield>
    <datafield tag="650" ind1=" " ind2=" ">
        <subfield code="a">ARAB COUNTRIES</subfield>
        <subfield code="0">(DHLAUTH)268705</subfield>
    </datafield>
    <datafield tag="650" ind1=" " ind2=" ">
        <subfield code="a">WESTERN ASIA</subfield>
        <subfield code="0">(DHLAUTH)275490</subfield>
    </datafield>
</record>
<record>
    <datafield tag="191" ind1=" " ind2=" ">
        <subfield code="a">E/ESCWA/ECW/2011/TECHNICAL PAPER.1</subfield>
    </datafield>
    <datafield tag="245" ind1=" " ind2=" ">
        <subfield code="a">SOCIAL AND ECONOMIC SITUATION OF PALESTINIAN WOMEN 2009-2011</subfield>
    </datafield>
    <datafield tag="269" ind1=" " ind2=" ">
        <subfield code="a">20110421</subfield>
    </datafield>
    <datafield tag="650" ind1=" " ind2=" ">
        <subfield code="a">PALESTINE</subfield>
        <subfield code="0">(DHLAUTH)277398</subfield>
    </datafield>
    <datafield tag="650" ind1=" " ind2=" ">
        <subfield code="a">WOMEN</subfield>
        <subfield code="0">(DHLAUTH)273032</subfield>
    </datafield>
    <datafield tag="650" ind1=" " ind2=" ">
        <subfield code="a">LIVING CONDITIONS</subfield>
        <subfield code="0">(DHLAUTH)269738</subfield>
    </datafield>
    <datafield tag="650" ind1=" " ind2=" ">
        <subfield code="a">LABOUR</subfield>
        <subfield code="0">(DHLAUTH)274210</subfield>
    </datafield>
    <datafield tag="650" ind1=" " ind2=" ">
        <subfield code="a">POVERTY</subfield>
        <subfield code="0">(DHLAUTH)270079</subfield>
    </datafield>
    <datafield tag="650" ind1=" " ind2=" ">
        <subfield code="a">EDUCATION</subfield>
        <subfield code="0">(DHLAUTH)268926</subfield>
    </datafield>
    <datafield tag="650" ind1=" " ind2=" ">
        <subfield code="a">HUMAN RIGHTS</subfield>
        <subfield code="0">(DHLAUTH)274431</subfield>
    </datafield>
    <datafield tag="650" ind1=" " ind2=" ">
        <subfield code="a">HEALTH</subfield>
        <subfield code="0">(DHLAUTH)273713</subfield>
    </datafield>
    <datafield tag="650" ind1=" " ind2=" ">
        <subfield code="a">WESTERN ASIA</subfield>
        <subfield code="0">(DHLAUTH)275490</subfield>
    </datafield>
    <datafield tag="650" ind1=" " ind2=" ">
        <subfield code="a">GAZA STRIP (STATE OF PALESTINE)</subfield>
        <subfield code="0">(DHLAUTH)277030</subfield>
    </datafield>
    <datafield tag="650" ind1=" " ind2=" ">
        <subfield code="a">WATER</subfield>
        <subfield code="0">(DHLAUTH)270885</subfield>
    </datafield>
    <datafield tag="650" ind1=" " ind2=" ">
        <subfield code="a">POPULATION DISTRIBUTION</subfield>
        <subfield code="0">(DHLAUTH)272996</subfield>
    </datafield>
    <datafield tag="650" ind1=" " ind2=" ">
        <subfield code="a">SANITATION</subfield>
        <subfield code="0">(DHLAUTH)270653</subfield>
    </datafield>
    <datafield tag="650" ind1=" " ind2=" ">
        <subfield code="a">SOCIAL STATUS</subfield>
        <subfield code="0">(DHLAUTH)269377</subfield>
    </datafield>
    <datafield tag="650" ind1=" " ind2=" ">
        <subfield code="a">ECONOMIC CONDITIONS</subfield>
        <subfield code="0">(DHLAUTH)269719</subfield>
    </datafield>
    <datafield tag="650" ind1=" " ind2=" ">
        <subfield code="a">POLITICAL CONDITIONS</subfield>
        <subfield code="0">(DHLAUTH)268326</subfield>
    </datafield>
    <datafield tag="650" ind1=" " ind2=" ">
        <subfield code="a">TERRITORIES OCCUPIED BY ISRAEL</subfield>
        <subfield code="0">(DHLAUTH)268687</subfield>
    </datafield>
</record>
<record>
    <datafield tag="191" ind1=" " ind2=" ">
        <subfield code="a">E/ESCWA/ECW/2012/TECHNICAL PAPER.2</subfield>
    </datafield>
    <datafield tag="245" ind1=" " ind2=" ">
        <subfield code="a">SOCIAL AND ECONOMIC SITUATION OF PALESTINIAN WOMEN  JANUARY 2011-JUNE 2012</subfield>
    </datafield>
    <datafield tag="246" ind1=" " ind2=" ">
        <subfield code="a">الاوضاع الاجتماعية والاقتصادية للمرأة الفلسطينية، كانون الثاني/يناير 2011 - حزيران/يونيو 2012</subfield>
    </datafield>
    <datafield tag="269" ind1=" " ind2=" ">
        <subfield code="a">20130501</subfield>
    </datafield>
    <datafield tag="650" ind1=" " ind2=" ">
        <subfield code="a">LIVING CONDITIONS</subfield>
        <subfield code="0">(DHLAUTH)269738</subfield>
    </datafield>
    <datafield tag="650" ind1=" " ind2=" ">
        <subfield code="a">LABOUR</subfield>
        <subfield code="0">(DHLAUTH)274210</subfield>
    </datafield>
    <datafield tag="650" ind1=" " ind2=" ">
        <subfield code="a">POVERTY</subfield>
        <subfield code="0">(DHLAUTH)270079</subfield>
    </datafield>
    <datafield tag="650" ind1=" " ind2=" ">
        <subfield code="a">EDUCATION</subfield>
        <subfield code="0">(DHLAUTH)268926</subfield>
    </datafield>
    <datafield tag="650" ind1=" " ind2=" ">
        <subfield code="a">HEALTH</subfield>
        <subfield code="0">(DHLAUTH)273713</subfield>
    </datafield>
    <datafield tag="650" ind1=" " ind2=" ">
        <subfield code="a">POPULATION DISTRIBUTION</subfield>
        <subfield code="0">(DHLAUTH)272996</subfield>
    </datafield>
    <datafield tag="650" ind1=" " ind2=" ">
        <subfield code="a">ECONOMIC CONDITIONS</subfield>
        <subfield code="0">(DHLAUTH)269719</subfield>
    </datafield>
    <datafield tag="650" ind1=" " ind2=" ">
        <subfield code="a">SOCIAL CONDITIONS</subfield>
        <subfield code="0">(DHLAUTH)268327</subfield>
    </datafield>
    <datafield tag="650" ind1=" " ind2=" ">
        <subfield code="a">WOMEN</subfield>
        <subfield code="0">(DHLAUTH)273032</subfield>
    </datafield>
    <datafield tag="650" ind1=" " ind2=" ">
        <subfield code="a">PALESTINE</subfield>
        <subfield code="0">(DHLAUTH)277398</subfield>
    </datafield>
</record>
<record>
    <datafield tag="191" ind1=" " ind2=" ">
        <subfield code="a">E/ESCWA/ECW/2013/5</subfield>
    </datafield>
    <datafield tag="246" ind1=" " ind2=" ">
        <subfield code="a">تجارب البلدان العربية في ادماج مفهوم النوع الاجتماعي في المؤسسات الحكومية</subfield>
    </datafield>
    <datafield tag="269" ind1=" " ind2=" ">
        <subfield code="a">20131218</subfield>
    </datafield>
    <datafield tag="650" ind1=" " ind2=" ">
        <subfield code="a">GENDER MAINSTREAMING</subfield>
        <subfield code="0">(DHLAUTH)493524</subfield>
    </datafield>
    <datafield tag="650" ind1=" " ind2=" ">
        <subfield code="a">PUBLIC INSTITUTIONS</subfield>
        <subfield code="0">(DHLAUTH)269948</subfield>
    </datafield>
    <datafield tag="650" ind1=" " ind2=" ">
        <subfield code="a">GENDER STATISTICS</subfield>
        <subfield code="0">(DHLAUTH)276683</subfield>
    </datafield>
    <datafield tag="650" ind1=" " ind2=" ">
        <subfield code="a">GENDER RESEARCH</subfield>
        <subfield code="0">(DHLAUTH)444782</subfield>
    </datafield>
    <datafield tag="650" ind1=" " ind2=" ">
        <subfield code="a">BUDGETARY POLICY</subfield>
        <subfield code="0">(DHLAUTH)269930</subfield>
    </datafield>
    <datafield tag="650" ind1=" " ind2=" ">
        <subfield code="a">FINANCING</subfield>
        <subfield code="0">(DHLAUTH)10479</subfield>
    </datafield>
    <datafield tag="650" ind1=" " ind2=" ">
        <subfield code="a">RULES AND REGULATIONS</subfield>
        <subfield code="0">(DHLAUTH)275745</subfield>
    </datafield>
    <datafield tag="650" ind1=" " ind2=" ">
        <subfield code="a">ARAB COUNTRIES</subfield>
        <subfield code="0">(DHLAUTH)268705</subfield>
    </datafield>
</record>
<record>
    <datafield tag="191" ind1=" " ind2=" ">
        <subfield code="a">E/ESCWA/ECW/2015/3</subfield>
    </datafield>
    <datafield tag="245" ind1=" " ind2=" ">
        <subfield code="a">AGAINST WIND AND TIDES: A REVIEW OF THE STATUS OF WOMEN AND GENDER EQUALITY IN THE ARAB REGION (BEIJING +20)</subfield>
    </datafield>
    <datafield tag="269" ind1=" " ind2=" ">
        <subfield code="a">20160107</subfield>
    </datafield>
</record>
<record>
    <datafield tag="191" ind1=" " ind2=" ">
        <subfield code="a">E/ESCWA/ECW/2015/TECHNICAL PAPER.1</subfield>
    </datafield>
    <datafield tag="246" ind1=" " ind2=" ">
        <subfield code="a">التقرير العربي الموحد حول تنفيذ منهاج عمل بيجين بعد عشرين عاماّ</subfield>
    </datafield>
    <datafield tag="269" ind1=" " ind2=" ">
        <subfield code="a">20150119</subfield>
    </datafield>
    <datafield tag="650" ind1=" " ind2=" ">
        <subfield code="a">GENDER EQUALITY</subfield>
        <subfield code="0">(DHLAUTH)441178</subfield>
    </datafield>
    <datafield tag="650" ind1=" " ind2=" ">
        <subfield code="a">WOMEN'S ADVANCEMENT</subfield>
        <subfield code="0">(DHLAUTH)273158</subfield>
    </datafield>
    <datafield tag="650" ind1=" " ind2=" ">
        <subfield code="a">POVERTY</subfield>
        <subfield code="0">(DHLAUTH)270079</subfield>
    </datafield>
    <datafield tag="650" ind1=" " ind2=" ">
        <subfield code="a">WOMEN'S EDUCATION</subfield>
        <subfield code="0">(DHLAUTH)463028</subfield>
    </datafield>
    <datafield tag="650" ind1=" " ind2=" ">
        <subfield code="a">GENDER-BASED VIOLENCE</subfield>
        <subfield code="0">(DHLAUTH)276684</subfield>
    </datafield>
    <datafield tag="650" ind1=" " ind2=" ">
        <subfield code="a">WOMEN IN ARMED CONFLICTS</subfield>
        <subfield code="0">(DHLAUTH)652111</subfield>
    </datafield>
    <datafield tag="650" ind1=" " ind2=" ">
        <subfield code="a">WOMEN IN DEVELOPMENT</subfield>
        <subfield code="0">(DHLAUTH)269878</subfield>
    </datafield>
    <datafield tag="650" ind1=" " ind2=" ">
        <subfield code="a">POLITICAL PARTICIPATION</subfield>
        <subfield code="0">(DHLAUTH)268475</subfield>
    </datafield>
    <datafield tag="650" ind1=" " ind2=" ">
        <subfield code="a">MASS MEDIA</subfield>
        <subfield code="0">(DHLAUTH)272747</subfield>
    </datafield>
    <datafield tag="650" ind1=" " ind2=" ">
        <subfield code="a">ENVIRONMENT</subfield>
        <subfield code="0">(DHLAUTH)270627</subfield>
    </datafield>
    <datafield tag="650" ind1=" " ind2=" ">
        <subfield code="a">GIRLS</subfield>
        <subfield code="0">(DHLAUTH)272930</subfield>
    </datafield>
    <datafield tag="650" ind1=" " ind2=" ">
        <subfield code="a">STATISTICAL DATA</subfield>
        <subfield code="0">(DHLAUTH)270233</subfield>
    </datafield>
    <datafield tag="650" ind1=" " ind2=" ">
        <subfield code="a">ARAB COUNTRIES</subfield>
        <subfield code="0">(DHLAUTH)268705</subfield>
    </datafield>
</record>
<record>
    <datafield tag="191" ind1=" " ind2=" ">
        <subfield code="a">E/ESCWA/ECW/2015/TECHNICAL PAPER.2</subfield>
    </datafield>
    <datafield tag="245" ind1=" " ind2=" ">
        <subfield code="a">SOCIAL AND ECONOMIC SITUATION OF PALESTINIAN WOMEN AND GIRLS (JULY 2012 - JUNE 2014)</subfield>
    </datafield>
    <datafield tag="269" ind1=" " ind2=" ">
        <subfield code="a">20150204</subfield>
    </datafield>
    <datafield tag="650" ind1=" " ind2=" ">
        <subfield code="a">WOMEN</subfield>
        <subfield code="0">(DHLAUTH)273032</subfield>
    </datafield>
    <datafield tag="650" ind1=" " ind2=" ">
        <subfield code="a">ECONOMIC CONDITIONS</subfield>
        <subfield code="0">(DHLAUTH)269719</subfield>
    </datafield>
    <datafield tag="650" ind1=" " ind2=" ">
        <subfield code="a">SOCIAL CONDITIONS</subfield>
        <subfield code="0">(DHLAUTH)268327</subfield>
    </datafield>
    <datafield tag="650" ind1=" " ind2=" ">
        <subfield code="a">GIRLS</subfield>
        <subfield code="0">(DHLAUTH)272930</subfield>
    </datafield>
    <datafield tag="650" ind1=" " ind2=" ">
        <subfield code="a">DEMOGRAPHIC ANALYSIS</subfield>
        <subfield code="0">(DHLAUTH)272979</subfield>
    </datafield>
    <datafield tag="650" ind1=" " ind2=" ">
        <subfield code="a">POLITICAL PARTICIPATION</subfield>
        <subfield code="0">(DHLAUTH)268475</subfield>
    </datafield>
    <datafield tag="650" ind1=" " ind2=" ">
        <subfield code="a">GENDER-BASED VIOLENCE</subfield>
        <subfield code="0">(DHLAUTH)276684</subfield>
    </datafield>
    <datafield tag="650" ind1=" " ind2=" ">
        <subfield code="a">WOMEN'S EDUCATION</subfield>
        <subfield code="0">(DHLAUTH)463028</subfield>
    </datafield>
    <datafield tag="650" ind1=" " ind2=" ">
        <subfield code="a">WOMEN'S EMPLOYMENT</subfield>
        <subfield code="0">(DHLAUTH)273159</subfield>
    </datafield>
    <datafield tag="650" ind1=" " ind2=" ">
        <subfield code="a">MASS MEDIA</subfield>
        <subfield code="0">(DHLAUTH)272747</subfield>
    </datafield>
    <datafield tag="650" ind1=" " ind2=" ">
        <subfield code="a">WOMEN'S HEALTH</subfield>
        <subfield code="0">(DHLAUTH)276723</subfield>
    </datafield>
    <datafield tag="650" ind1=" " ind2=" ">
        <subfield code="a">STATISTICAL DATA</subfield>
        <subfield code="0">(DHLAUTH)270233</subfield>
    </datafield>
    <datafield tag="650" ind1=" " ind2=" ">
        <subfield code="a">POVERTY</subfield>
        <subfield code="0">(DHLAUTH)270079</subfield>
    </datafield>
    <datafield tag="650" ind1=" " ind2=" ">
        <subfield code="a">FOOD SECURITY</subfield>
        <subfield code="0">(DHLAUTH)273653</subfield>
    </datafield>
    <datafield tag="650" ind1=" " ind2=" ">
        <subfield code="a">FOOD SHORTAGE</subfield>
        <subfield code="0">(DHLAUTH)273654</subfield>
    </datafield>
    <datafield tag="650" ind1=" " ind2=" ">
        <subfield code="a">PALESTINE</subfield>
        <subfield code="0">(DHLAUTH)277398</subfield>
    </datafield>
</record>
<record>
    <datafield tag="191" ind1=" " ind2=" ">
        <subfield code="a">E/ESCWA/ECW/2015/TECHNICAL PAPER.3</subfield>
    </datafield>
    <datafield tag="245" ind1=" " ind2=" ">
        <subfield code="a">WOMEN’S RIGHTS AND GENDER EQUALITY FOR SUSTAINABLE DEVELOPMENT : DISCUSSING THE PROPOSED SUSTAINABLE DEVELOPMENT GOALS WITHIN THE CONTEXT OF DEVELOPMENT IN THE ARAB REGION</subfield>
    </datafield>
    <datafield tag="269" ind1=" " ind2=" ">
        <subfield code="a">20150226</subfield>
    </datafield>
    <datafield tag="650" ind1=" " ind2=" ">
        <subfield code="a">RECOMMENDATIONS</subfield>
        <subfield code="0">(DHLAUTH)275840</subfield>
    </datafield>
    <datafield tag="650" ind1=" " ind2=" ">
        <subfield code="a">SUSTAINABLE DEVELOPMENT</subfield>
        <subfield code="0">(DHLAUTH)269920</subfield>
    </datafield>
    <datafield tag="650" ind1=" " ind2=" ">
        <subfield code="a">ARAB COUNTRIES</subfield>
        <subfield code="0">(DHLAUTH)268705</subfield>
    </datafield>
    <datafield tag="650" ind1=" " ind2=" ">
        <subfield code="a">GENDER-BASED VIOLENCE</subfield>
        <subfield code="0">(DHLAUTH)276684</subfield>
    </datafield>
    <datafield tag="650" ind1=" " ind2=" ">
        <subfield code="a">GENDER DISCRIMINATION</subfield>
        <subfield code="0">(DHLAUTH)273133</subfield>
    </datafield>
    <datafield tag="650" ind1=" " ind2=" ">
        <subfield code="a">GENDER EQUALITY</subfield>
        <subfield code="0">(DHLAUTH)441178</subfield>
    </datafield>
    <datafield tag="650" ind1=" " ind2=" ">
        <subfield code="a">WOMEN'S RIGHTS</subfield>
        <subfield code="0">(DHLAUTH)273161</subfield>
    </datafield>
</record>
<record>
    <datafield tag="191" ind1=" " ind2=" ">
        <subfield code="a">E/ESCWA/ECW/2015/TECHNICAL PAPER.4</subfield>
    </datafield>
    <datafield tag="246" ind1=" " ind2=" ">
        <subfield code="a">قرار مجلس الامن 1325 والقرارات المكملة له ودور البرلمانيين والبرلمانيات في تطبيقها</subfield>
    </datafield>
    <datafield tag="269" ind1=" " ind2=" ">
        <subfield code="a">20160706</subfield>
    </datafield>
    <datafield tag="650" ind1=" " ind2=" ">
        <subfield code="a">WOMEN'S ADVANCEMENT</subfield>
        <subfield code="0">(DHLAUTH)273158</subfield>
    </datafield>
    <datafield tag="650" ind1=" " ind2=" ">
        <subfield code="a">WOMEN IN ARMED CONFLICTS</subfield>
        <subfield code="0">(DHLAUTH)652111</subfield>
    </datafield>
    <datafield tag="650" ind1=" " ind2=" ">
        <subfield code="a">GENDER-BASED VIOLENCE</subfield>
        <subfield code="0">(DHLAUTH)276684</subfield>
    </datafield>
    <datafield tag="650" ind1=" " ind2=" ">
        <subfield code="a">GENDER DISCRIMINATION</subfield>
        <subfield code="0">(DHLAUTH)273133</subfield>
    </datafield>
    <datafield tag="650" ind1=" " ind2=" ">
        <subfield code="a">HUMAN RIGHTS</subfield>
        <subfield code="0">(DHLAUTH)274431</subfield>
    </datafield>
    <datafield tag="650" ind1=" " ind2=" ">
        <subfield code="a">PEACE</subfield>
        <subfield code="0">(DHLAUTH)268448</subfield>
    </datafield>
    <datafield tag="650" ind1=" " ind2=" ">
        <subfield code="a">RESOLUTIONS AND DECISIONS</subfield>
        <subfield code="0">(DHLAUTH)275677</subfield>
    </datafield>
    <datafield tag="650" ind1=" " ind2=" ">
        <subfield code="a">ARAB COUNTRIES</subfield>
        <subfield code="0">(DHLAUTH)268705</subfield>
    </datafield>
</record>
<record>
    <datafield tag="191" ind1=" " ind2=" ">
        <subfield code="a">E/ESCWA/ECW/2016/PAMPHLET.1</subfield>
    </datafield>
    <datafield tag="245" ind1=" " ind2=" ">
        <subfield code="a">BEIRUT CALL FOR ACTION : PRIORITIZING WOMEN, PEACE AND SECURITY ON THE ARAB AGENDA</subfield>
    </datafield>
    <datafield tag="246" ind1=" " ind2=" ">
        <subfield code="a">نداء بيروت للعمل : رفع اولوية قضايا المراة والسلام والامن على الاجندة العربية</subfield>
    </datafield>
    <datafield tag="269" ind1=" " ind2=" ">
        <subfield code="a">20160630</subfield>
    </datafield>
    <datafield tag="650" ind1=" " ind2=" ">
        <subfield code="a">WOMEN</subfield>
        <subfield code="0">(DHLAUTH)273032</subfield>
    </datafield>
    <datafield tag="650" ind1=" " ind2=" ">
        <subfield code="a">PEACE</subfield>
        <subfield code="0">(DHLAUTH)268448</subfield>
    </datafield>
    <datafield tag="650" ind1=" " ind2=" ">
        <subfield code="a">WOMEN IN ARMED CONFLICTS</subfield>
        <subfield code="0">(DHLAUTH)652111</subfield>
    </datafield>
    <datafield tag="650" ind1=" " ind2=" ">
        <subfield code="a">ARAB COUNTRIES</subfield>
        <subfield code="0">(DHLAUTH)268705</subfield>
    </datafield>
</record>
<record>
    <datafield tag="191" ind1=" " ind2=" ">
        <subfield code="a">E/ESCWA/25/4(PARTI)/B/REV.1</subfield>
    </datafield>
    <datafield tag="191" ind1=" " ind2=" ">
        <subfield code="a">E/ESCWA/EDGD/2008/4/REV.1</subfield>
    </datafield>
    <datafield tag="245" ind1=" " ind2=" ">
        <subfield code="a">REPORT CONSULTATIVE PREPARATORY MEETING FOR THE FOLLOW-UP INTERNATIONAL CONFERENCE ON FINANCING FOR DEVELOPMENT DOHA, 29-30 APRIL 2008</subfield>
    </datafield>
    <datafield tag="246" ind1=" " ind2=" ">
        <subfield code="a">تقرير الاجتماع التشاوري التحضيري لمؤتمر المتابعة الدولي لتمويل التنمية الدوحة, 29-30 نيسان/ابريل 2008</subfield>
    </datafield>
    <datafield tag="269" ind1=" " ind2=" ">
        <subfield code="a">20080605</subfield>
    </datafield>
    <datafield tag="650" ind1=" " ind2=" ">
        <subfield code="a">CONFERENCES</subfield>
        <subfield code="0">(DHLAUTH)275758</subfield>
    </datafield>
    <datafield tag="650" ind1=" " ind2=" ">
        <subfield code="a">WESTERN ASIA</subfield>
        <subfield code="0">(DHLAUTH)275490</subfield>
    </datafield>
    <datafield tag="650" ind1=" " ind2=" ">
        <subfield code="a">DEVELOPMENT FINANCE</subfield>
        <subfield code="0">(DHLAUTH)269876</subfield>
    </datafield>
    <datafield tag="650" ind1=" " ind2=" ">
        <subfield code="a">RECOMMENDATIONS</subfield>
        <subfield code="0">(DHLAUTH)275840</subfield>
    </datafield>
    <datafield tag="650" ind1=" " ind2=" ">
        <subfield code="a">WORK ORGANIZATION</subfield>
        <subfield code="0">(DHLAUTH)275746</subfield>
    </datafield>
    <datafield tag="650" ind1=" " ind2=" ">
        <subfield code="a">FINANCIAL RESOURCES</subfield>
        <subfield code="0">(DHLAUTH)269810</subfield>
    </datafield>
    <datafield tag="650" ind1=" " ind2=" ">
        <subfield code="a">PARTICIPANTS</subfield>
        <subfield code="0">(DHLAUTH)275785</subfield>
    </datafield>
    <datafield tag="650" ind1=" " ind2=" ">
        <subfield code="a">INTERNATIONAL TRADE</subfield>
        <subfield code="0">(DHLAUTH)269532</subfield>
    </datafield>
</record>
<record>
    <datafield tag="191" ind1=" " ind2=" ">
        <subfield code="a">E/ESCWA/25/L.9</subfield>
    </datafield>
    <datafield tag="191" ind1=" " ind2=" ">
        <subfield code="a">E/ESCWA/EDGD/2008/L.3</subfield>
    </datafield>
    <datafield tag="245" ind1=" " ind2=" ">
        <subfield code="a">DRAFT CONVENTION ON INTERNATIONAL MULTIMODAL TRANSPORT OF GOODS IN THE ARAB MASHREQ/ TWENTY-FIFTH SESSION SANA'A 26-29 MAY 2008</subfield>
    </datafield>
    <datafield tag="246" ind1=" " ind2=" ">
        <subfield code="a">PROJECT DE CONVENTION SUR LE TRANSPORT MULTIMODAL INTERNATIONAL DE MARCHANDISES DANS LE MASHREK ARABE</subfield>
    </datafield>
    <datafield tag="246" ind1=" " ind2=" ">
        <subfield code="a">مشروع اتفاقية النقل الدولي متعدد الوسائط للبضائع في المشرق العربي ديباجة/ الدورة الخامسة والعشرون صنعاء, 26-29 ايار/مايو 2008</subfield>
    </datafield>
    <datafield tag="269" ind1=" " ind2=" ">
        <subfield code="a">20080429</subfield>
    </datafield>
    <datafield tag="650" ind1=" " ind2=" ">
        <subfield code="a">CONFERENCES</subfield>
        <subfield code="0">(DHLAUTH)275758</subfield>
    </datafield>
    <datafield tag="650" ind1=" " ind2=" ">
        <subfield code="a">WESTERN ASIA</subfield>
        <subfield code="0">(DHLAUTH)275490</subfield>
    </datafield>
    <datafield tag="650" ind1=" " ind2=" ">
        <subfield code="a">MULTIMODAL TRANSPORT</subfield>
        <subfield code="0">(DHLAUTH)272480</subfield>
    </datafield>
    <datafield tag="650" ind1=" " ind2=" ">
        <subfield code="a">TREATIES</subfield>
        <subfield code="0">(DHLAUTH)9632</subfield>
    </datafield>
    <datafield tag="650" ind1=" " ind2=" ">
        <subfield code="a">TRANSPORT AGREEMENTS</subfield>
        <subfield code="0">(DHLAUTH)581346</subfield>
    </datafield>
    <datafield tag="650" ind1=" " ind2=" ">
        <subfield code="a">GOODS TRANSPORT</subfield>
        <subfield code="0">(DHLAUTH)272477</subfield>
    </datafield>
    <datafield tag="650" ind1=" " ind2=" ">
        <subfield code="a">RESOLUTIONS AND DECISIONS</subfield>
        <subfield code="0">(DHLAUTH)275677</subfield>
    </datafield>
</record>
<record>
    <datafield tag="191" ind1=" " ind2=" ">
        <subfield code="a">E/ESCWA/EDGD/2009/3</subfield>
    </datafield>
    <datafield tag="246" ind1=" " ind2=" ">
        <subfield code="a">تقرير اجتماع الخبراء بشان مسارات السياسة التجارية في بلدان الاسكوا وتبعاتها على التجارة والاداء الاقتصادي بيروت 17-18 كانون الاول/ديسمبر 2008</subfield>
    </datafield>
    <datafield tag="269" ind1=" " ind2=" ">
        <subfield code="a">20090612</subfield>
    </datafield>
    <datafield tag="650" ind1=" " ind2=" ">
        <subfield code="a">WESTERN ASIA</subfield>
        <subfield code="0">(DHLAUTH)275490</subfield>
    </datafield>
    <datafield tag="650" ind1=" " ind2=" ">
        <subfield code="a">RECOMMENDATIONS</subfield>
        <subfield code="0">(DHLAUTH)275840</subfield>
    </datafield>
    <datafield tag="650" ind1=" " ind2=" ">
        <subfield code="a">ARAB COUNTRIES</subfield>
        <subfield code="0">(DHLAUTH)268705</subfield>
    </datafield>
    <datafield tag="650" ind1=" " ind2=" ">
        <subfield code="a">CONFERENCES</subfield>
        <subfield code="0">(DHLAUTH)275758</subfield>
    </datafield>
    <datafield tag="650" ind1=" " ind2=" ">
        <subfield code="a">CONFERENCES</subfield>
        <subfield code="0">(DHLAUTH)275758</subfield>
    </datafield>
    <datafield tag="650" ind1=" " ind2=" ">
        <subfield code="a">ECONOMIC TRENDS</subfield>
        <subfield code="0">(DHLAUTH)269723</subfield>
    </datafield>
    <datafield tag="650" ind1=" " ind2=" ">
        <subfield code="a">ECONOMIC POLICY</subfield>
        <subfield code="0">(DHLAUTH)268235</subfield>
    </datafield>
    <datafield tag="650" ind1=" " ind2=" ">
        <subfield code="a">WORK ORGANIZATION</subfield>
        <subfield code="0">(DHLAUTH)275746</subfield>
    </datafield>
    <datafield tag="650" ind1=" " ind2=" ">
        <subfield code="a">TRADE LIBERALIZATION</subfield>
        <subfield code="0">(DHLAUTH)272834</subfield>
    </datafield>
    <datafield tag="650" ind1=" " ind2=" ">
        <subfield code="a">AGENDA</subfield>
        <subfield code="0">(DHLAUTH)275133</subfield>
    </datafield>
    <datafield tag="650" ind1=" " ind2=" ">
        <subfield code="a">PRIVATE SECTOR</subfield>
        <subfield code="0">(DHLAUTH)269684</subfield>
    </datafield>
    <datafield tag="650" ind1=" " ind2=" ">
        <subfield code="a">FINANCIAL CRISIS</subfield>
        <subfield code="0">(DHLAUTH)275770</subfield>
    </datafield>
    <datafield tag="650" ind1=" " ind2=" ">
        <subfield code="a">PARTICIPANTS</subfield>
        <subfield code="0">(DHLAUTH)275785</subfield>
    </datafield>
</record>
<record>
    <datafield tag="191" ind1=" " ind2=" ">
        <subfield code="a">E/ESCWA/EDGD/2009/5</subfield>
    </datafield>
    <datafield tag="246" ind1=" " ind2=" ">
        <subfield code="a">تقرير اجتماع الخبراء حول دور القطاع المالي في دعم التكامل الاقليمي بيروت, 21-22 تشرين الاول/اكتوبر 2009</subfield>
    </datafield>
    <datafield tag="269" ind1=" " ind2=" ">
        <subfield code="a">20091109</subfield>
    </datafield>
    <datafield tag="650" ind1=" " ind2=" ">
        <subfield code="a">WESTERN ASIA</subfield>
        <subfield code="0">(DHLAUTH)275490</subfield>
    </datafield>
    <datafield tag="650" ind1=" " ind2=" ">
        <subfield code="a">ISLAMIC COUNTRIES</subfield>
        <subfield code="0">(DHLAUTH)274685</subfield>
    </datafield>
    <datafield tag="650" ind1=" " ind2=" ">
        <subfield code="a">BANKS</subfield>
        <subfield code="0">(DHLAUTH)270346</subfield>
    </datafield>
    <datafield tag="650" ind1=" " ind2=" ">
        <subfield code="a">CAPITAL MARKETS</subfield>
        <subfield code="0">(DHLAUTH)270364</subfield>
    </datafield>
    <datafield tag="650" ind1=" " ind2=" ">
        <subfield code="a">ECONOMIC INTEGRATION</subfield>
        <subfield code="0">(DHLAUTH)269761</subfield>
    </datafield>
    <datafield tag="650" ind1=" " ind2=" ">
        <subfield code="a">ARAB COUNTRIES</subfield>
        <subfield code="0">(DHLAUTH)268705</subfield>
    </datafield>
    <datafield tag="650" ind1=" " ind2=" ">
        <subfield code="a">SUBSIDIES</subfield>
        <subfield code="0">(DHLAUTH)270098</subfield>
    </datafield>
    <datafield tag="650" ind1=" " ind2=" ">
        <subfield code="a">WORK ORGANIZATION</subfield>
        <subfield code="0">(DHLAUTH)275746</subfield>
    </datafield>
</record>
<record>
    <datafield tag="191" ind1=" " ind2=" ">
        <subfield code="a">E/ESCWA/EDGD/2009/7</subfield>
    </datafield>
    <datafield tag="246" ind1=" " ind2=" ">
        <subfield code="a">الاستعراض السنوي للتطورات في مجال العولمة والتكامل الاقليمي في البلدان العربية 2009</subfield>
    </datafield>
    <datafield tag="269" ind1=" " ind2=" ">
        <subfield code="a">20091215</subfield>
    </datafield>
    <datafield tag="650" ind1=" " ind2=" ">
        <subfield code="a">GLOBALIZATION</subfield>
        <subfield code="0">(DHLAUTH)276685</subfield>
    </datafield>
    <datafield tag="650" ind1=" " ind2=" ">
        <subfield code="a">INTRAREGIONAL TRADE</subfield>
        <subfield code="0">(DHLAUTH)269769</subfield>
    </datafield>
    <datafield tag="650" ind1=" " ind2=" ">
        <subfield code="a">INVESTMENTS</subfield>
        <subfield code="0">(DHLAUTH)269859</subfield>
    </datafield>
    <datafield tag="650" ind1=" " ind2=" ">
        <subfield code="a">ARAB COUNTRIES</subfield>
        <subfield code="0">(DHLAUTH)268705</subfield>
    </datafield>
    <datafield tag="650" ind1=" " ind2=" ">
        <subfield code="a">INFORMATION TECHNOLOGY</subfield>
        <subfield code="0">(DHLAUTH)272714</subfield>
    </datafield>
    <datafield tag="650" ind1=" " ind2=" ">
        <subfield code="a">COMMUNICATION TECHNOLOGY</subfield>
        <subfield code="0">(DHLAUTH)272713</subfield>
    </datafield>
    <datafield tag="650" ind1=" " ind2=" ">
        <subfield code="a">FOREIGN DIRECT INVESTMENT</subfield>
        <subfield code="0">(DHLAUTH)269863</subfield>
    </datafield>
    <datafield tag="650" ind1=" " ind2=" ">
        <subfield code="a">ECONOMIC INTEGRATION</subfield>
        <subfield code="0">(DHLAUTH)269761</subfield>
    </datafield>
    <datafield tag="650" ind1=" " ind2=" ">
        <subfield code="a">TOURISM</subfield>
        <subfield code="0">(DHLAUTH)272211</subfield>
    </datafield>
    <datafield tag="650" ind1=" " ind2=" ">
        <subfield code="a">FINANCIAL CRISIS</subfield>
        <subfield code="0">(DHLAUTH)275770</subfield>
    </datafield>
    <datafield tag="650" ind1=" " ind2=" ">
        <subfield code="a">TRANSPORT</subfield>
        <subfield code="0">(DHLAUTH)272243</subfield>
    </datafield>
    <datafield tag="650" ind1=" " ind2=" ">
        <subfield code="a">ELECTRIC POWER</subfield>
        <subfield code="0">(DHLAUTH)271189</subfield>
    </datafield>
    <datafield tag="650" ind1=" " ind2=" ">
        <subfield code="a">WATER</subfield>
        <subfield code="0">(DHLAUTH)270885</subfield>
    </datafield>
    <datafield tag="650" ind1=" " ind2=" ">
        <subfield code="a">GROSS DOMESTIC PRODUCT</subfield>
        <subfield code="0">(DHLAUTH)269801</subfield>
    </datafield>
    <datafield tag="650" ind1=" " ind2=" ">
        <subfield code="a">MANUFACTURING</subfield>
        <subfield code="0">(DHLAUTH)271821</subfield>
    </datafield>
    <datafield tag="650" ind1=" " ind2=" ">
        <subfield code="a">ECONOMIC STATISTICS</subfield>
        <subfield code="0">(DHLAUTH)269633</subfield>
    </datafield>
    <datafield tag="650" ind1=" " ind2=" ">
        <subfield code="a">FINANCIAL SERVICES</subfield>
        <subfield code="0">(DHLAUTH)270354</subfield>
    </datafield>
    <datafield tag="650" ind1=" " ind2=" ">
        <subfield code="a">STOCK MARKETS</subfield>
        <subfield code="0">(DHLAUTH)269703</subfield>
    </datafield>
    <datafield tag="650" ind1=" " ind2=" ">
        <subfield code="a">TRADE LIBERALIZATION</subfield>
        <subfield code="0">(DHLAUTH)272834</subfield>
    </datafield>
</record>
<record>
    <datafield tag="191" ind1=" " ind2=" ">
        <subfield code="a">E/ESCWA/EDGD/2010/2</subfield>
    </datafield>
    <datafield tag="246" ind1=" " ind2=" ">
        <subfield code="a">التقدم المحرز في البلدان الاعضاء في الاسكوا نحو تنفيذ توافق اراء مونتيري</subfield>
    </datafield>
    <datafield tag="269" ind1=" " ind2=" ">
        <subfield code="a">20100723</subfield>
    </datafield>
    <datafield tag="650" ind1=" " ind2=" ">
        <subfield code="a">BANKS</subfield>
        <subfield code="0">(DHLAUTH)270346</subfield>
    </datafield>
    <datafield tag="650" ind1=" " ind2=" ">
        <subfield code="a">STOCK MARKETS</subfield>
        <subfield code="0">(DHLAUTH)269703</subfield>
    </datafield>
    <datafield tag="650" ind1=" " ind2=" ">
        <subfield code="a">PROGRESSIVE TAXATION</subfield>
        <subfield code="0">(DHLAUTH)270114</subfield>
    </datafield>
    <datafield tag="650" ind1=" " ind2=" ">
        <subfield code="a">FOREIGN DIRECT INVESTMENT</subfield>
        <subfield code="0">(DHLAUTH)269863</subfield>
    </datafield>
    <datafield tag="650" ind1=" " ind2=" ">
        <subfield code="a">REMITTANCES</subfield>
        <subfield code="0">(DHLAUTH)270415</subfield>
    </datafield>
    <datafield tag="650" ind1=" " ind2=" ">
        <subfield code="a">EXPORTS</subfield>
        <subfield code="0">(DHLAUTH)271798</subfield>
    </datafield>
    <datafield tag="650" ind1=" " ind2=" ">
        <subfield code="a">TRADE LIBERALIZATION</subfield>
        <subfield code="0">(DHLAUTH)272834</subfield>
    </datafield>
    <datafield tag="650" ind1=" " ind2=" ">
        <subfield code="a">ECONOMIC GROWTH</subfield>
        <subfield code="0">(DHLAUTH)269754</subfield>
    </datafield>
    <datafield tag="650" ind1=" " ind2=" ">
        <subfield code="a">INTERNATIONAL TRADE</subfield>
        <subfield code="0">(DHLAUTH)269532</subfield>
    </datafield>
    <datafield tag="650" ind1=" " ind2=" ">
        <subfield code="a">JORDAN</subfield>
        <subfield code="0">(DHLAUTH)269099</subfield>
    </datafield>
    <datafield tag="650" ind1=" " ind2=" ">
        <subfield code="a">BAHRAIN</subfield>
        <subfield code="0">(DHLAUTH)273274</subfield>
    </datafield>
    <datafield tag="650" ind1=" " ind2=" ">
        <subfield code="a">SYRIAN ARAB REPUBLIC</subfield>
        <subfield code="0">(DHLAUTH)273496</subfield>
    </datafield>
    <datafield tag="650" ind1=" " ind2=" ">
        <subfield code="a">SUDAN</subfield>
        <subfield code="0">(DHLAUTH)273486</subfield>
    </datafield>
    <datafield tag="650" ind1=" " ind2=" ">
        <subfield code="a">OMAN</subfield>
        <subfield code="0">(DHLAUTH)273438</subfield>
    </datafield>
    <datafield tag="650" ind1=" " ind2=" ">
        <subfield code="a">QATAR</subfield>
        <subfield code="0">(DHLAUTH)275603</subfield>
    </datafield>
    <datafield tag="650" ind1=" " ind2=" ">
        <subfield code="a">KUWAIT</subfield>
        <subfield code="0">(DHLAUTH)273384</subfield>
    </datafield>
    <datafield tag="650" ind1=" " ind2=" ">
        <subfield code="a">LEBANON</subfield>
        <subfield code="0">(DHLAUTH)269069</subfield>
    </datafield>
    <datafield tag="650" ind1=" " ind2=" ">
        <subfield code="a">EGYPT</subfield>
        <subfield code="0">(DHLAUTH)273328</subfield>
    </datafield>
    <datafield tag="650" ind1=" " ind2=" ">
        <subfield code="a">SAUDI ARABIA</subfield>
        <subfield code="0">(DHLAUTH)273464</subfield>
    </datafield>
    <datafield tag="650" ind1=" " ind2=" ">
        <subfield code="a">YEMEN</subfield>
        <subfield code="0">(DHLAUTH)273521</subfield>
    </datafield>
    <datafield tag="650" ind1=" " ind2=" ">
        <subfield code="a">PUBLIC DEBT</subfield>
        <subfield code="0">(DHLAUTH)270062</subfield>
    </datafield>
    <datafield tag="650" ind1=" " ind2=" ">
        <subfield code="a">EXTERNAL DEBT</subfield>
        <subfield code="0">(DHLAUTH)270096</subfield>
    </datafield>
    <datafield tag="650" ind1=" " ind2=" ">
        <subfield code="a">ECONOMIC CRISIS</subfield>
        <subfield code="0">(DHLAUTH)533230</subfield>
    </datafield>
    <datafield tag="650" ind1=" " ind2=" ">
        <subfield code="a">FINANCIAL CRISIS</subfield>
        <subfield code="0">(DHLAUTH)275770</subfield>
    </datafield>
    <datafield tag="650" ind1=" " ind2=" ">
        <subfield code="a">INTEREST</subfield>
        <subfield code="0">(DHLAUTH)270324</subfield>
    </datafield>
</record>
<record>
    <datafield tag="191" ind1=" " ind2=" ">
        <subfield code="a">E/ESCWA/EDGD/2011/1/MANUAL</subfield>
    </datafield>
    <datafield tag="246" ind1=" " ind2=" ">
        <subfield code="a">دليل الاتفاقيات الثنائية للاستثمار</subfield>
    </datafield>
    <datafield tag="269" ind1=" " ind2=" ">
        <subfield code="a">20110706</subfield>
    </datafield>
    <datafield tag="650" ind1=" " ind2=" ">
        <subfield code="a">FOREIGN DIRECT INVESTMENT</subfield>
        <subfield code="0">(DHLAUTH)269863</subfield>
    </datafield>
    <datafield tag="650" ind1=" " ind2=" ">
        <subfield code="a">INVESTMENT AGREEMENTS</subfield>
        <subfield code="0">(DHLAUTH)269913</subfield>
    </datafield>
    <datafield tag="650" ind1=" " ind2=" ">
        <subfield code="a">INVESTMENT RETURNS</subfield>
        <subfield code="0">(DHLAUTH)270387</subfield>
    </datafield>
    <datafield tag="650" ind1=" " ind2=" ">
        <subfield code="a">EXPROPRIATION</subfield>
        <subfield code="0">(DHLAUTH)269151</subfield>
    </datafield>
    <datafield tag="650" ind1=" " ind2=" ">
        <subfield code="a">INVESTMENT DISPUTES</subfield>
        <subfield code="0">(DHLAUTH)268743</subfield>
    </datafield>
    <datafield tag="650" ind1=" " ind2=" ">
        <subfield code="a">DISPUTE SETTLEMENT</subfield>
        <subfield code="0">(DHLAUTH)268292</subfield>
    </datafield>
    <datafield tag="650" ind1=" " ind2=" ">
        <subfield code="a">DIRECTORIES</subfield>
        <subfield code="0">(DHLAUTH)275130</subfield>
    </datafield>
    <datafield tag="650" ind1=" " ind2=" ">
        <subfield code="a">BILATERAL TRADE AGREEMENTS</subfield>
        <subfield code="0">(DHLAUTH)270333</subfield>
    </datafield>
    <datafield tag="650" ind1=" " ind2=" ">
        <subfield code="a">EGYPT</subfield>
        <subfield code="0">(DHLAUTH)273328</subfield>
    </datafield>
    <datafield tag="650" ind1=" " ind2=" ">
        <subfield code="a">LEBANON</subfield>
        <subfield code="0">(DHLAUTH)269069</subfield>
    </datafield>
    <datafield tag="650" ind1=" " ind2=" ">
        <subfield code="a">OMAN</subfield>
        <subfield code="0">(DHLAUTH)273438</subfield>
    </datafield>
    <datafield tag="650" ind1=" " ind2=" ">
        <subfield code="a">UNITED STATES</subfield>
        <subfield code="0">(DHLAUTH)9644</subfield>
    </datafield>
    <datafield tag="650" ind1=" " ind2=" ">
        <subfield code="a">MOROCCO</subfield>
        <subfield code="0">(DHLAUTH)273417</subfield>
    </datafield>
</record>
<record>
    <datafield tag="191" ind1=" " ind2=" ">
        <subfield code="a">E/ESCWA/EDGD/2011/TECHNICAL PAPER.3</subfield>
    </datafield>
    <datafield tag="245" ind1=" " ind2=" ">
        <subfield code="a">FOREIGN DIRECT INVESTMENT REPORT 2011</subfield>
    </datafield>
    <datafield tag="269" ind1=" " ind2=" ">
        <subfield code="a">20120101</subfield>
    </datafield>
    <datafield tag="650" ind1=" " ind2=" ">
        <subfield code="a">WESTERN ASIA</subfield>
        <subfield code="0">(DHLAUTH)275490</subfield>
    </datafield>
    <datafield tag="650" ind1=" " ind2=" ">
        <subfield code="a">FOREIGN DIRECT INVESTMENT</subfield>
        <subfield code="0">(DHLAUTH)269863</subfield>
    </datafield>
    <datafield tag="650" ind1=" " ind2=" ">
        <subfield code="a">GROSS DOMESTIC PRODUCT</subfield>
        <subfield code="0">(DHLAUTH)269801</subfield>
    </datafield>
    <datafield tag="650" ind1=" " ind2=" ">
        <subfield code="a">EGYPT</subfield>
        <subfield code="0">(DHLAUTH)273328</subfield>
    </datafield>
    <datafield tag="650" ind1=" " ind2=" ">
        <subfield code="a">SAUDI ARABIA</subfield>
        <subfield code="0">(DHLAUTH)273464</subfield>
    </datafield>
    <datafield tag="650" ind1=" " ind2=" ">
        <subfield code="a">UNITED ARAB EMIRATES</subfield>
        <subfield code="0">(DHLAUTH)275604</subfield>
    </datafield>
    <datafield tag="650" ind1=" " ind2=" ">
        <subfield code="a">STATISTICAL DATA</subfield>
        <subfield code="0">(DHLAUTH)270233</subfield>
    </datafield>
    <datafield tag="650" ind1=" " ind2=" ">
        <subfield code="a">BAHRAIN</subfield>
        <subfield code="0">(DHLAUTH)273274</subfield>
    </datafield>
    <datafield tag="650" ind1=" " ind2=" ">
        <subfield code="a">JORDAN</subfield>
        <subfield code="0">(DHLAUTH)269099</subfield>
    </datafield>
    <datafield tag="650" ind1=" " ind2=" ">
        <subfield code="a">OMAN</subfield>
        <subfield code="0">(DHLAUTH)273438</subfield>
    </datafield>
    <datafield tag="650" ind1=" " ind2=" ">
        <subfield code="a">KUWAIT</subfield>
        <subfield code="0">(DHLAUTH)273384</subfield>
    </datafield>
    <datafield tag="650" ind1=" " ind2=" ">
        <subfield code="a">PALESTINE</subfield>
        <subfield code="0">(DHLAUTH)277398</subfield>
    </datafield>
    <datafield tag="650" ind1=" " ind2=" ">
        <subfield code="a">QATAR</subfield>
        <subfield code="0">(DHLAUTH)275603</subfield>
    </datafield>
    <datafield tag="650" ind1=" " ind2=" ">
        <subfield code="a">SUDAN</subfield>
        <subfield code="0">(DHLAUTH)273486</subfield>
    </datafield>
    <datafield tag="650" ind1=" " ind2=" ">
        <subfield code="a">YEMEN</subfield>
        <subfield code="0">(DHLAUTH)273521</subfield>
    </datafield>
    <datafield tag="650" ind1=" " ind2=" ">
        <subfield code="a">SYRIAN ARAB REPUBLIC</subfield>
        <subfield code="0">(DHLAUTH)273496</subfield>
    </datafield>
    <datafield tag="650" ind1=" " ind2=" ">
        <subfield code="a">LEBANON</subfield>
        <subfield code="0">(DHLAUTH)269069</subfield>
    </datafield>
    <datafield tag="650" ind1=" " ind2=" ">
        <subfield code="a">BUSINESS</subfield>
        <subfield code="0">(DHLAUTH)269198</subfield>
    </datafield>
</record>
<record>
    <datafield tag="191" ind1=" " ind2=" ">
        <subfield code="a">E/ESCWA/EDGD/2011/WP.1</subfield>
    </datafield>
    <datafield tag="245" ind1=" " ind2=" ">
        <subfield code="a">EFFECTS OF THE FINANCIAL CRISIS ON BANKING INSTITUTIONS IN THE ESCWA REGION 2006-2009</subfield>
    </datafield>
    <datafield tag="269" ind1=" " ind2=" ">
        <subfield code="a">20110615</subfield>
    </datafield>
    <datafield tag="650" ind1=" " ind2=" ">
        <subfield code="a">WESTERN ASIA</subfield>
        <subfield code="0">(DHLAUTH)275490</subfield>
    </datafield>
    <datafield tag="650" ind1=" " ind2=" ">
        <subfield code="a">CONFERENCES</subfield>
        <subfield code="0">(DHLAUTH)275758</subfield>
    </datafield>
    <datafield tag="650" ind1=" " ind2=" ">
        <subfield code="a">FINANCIAL CRISIS</subfield>
        <subfield code="0">(DHLAUTH)275770</subfield>
    </datafield>
    <datafield tag="650" ind1=" " ind2=" ">
        <subfield code="a">BANKING</subfield>
        <subfield code="0">(DHLAUTH)270339</subfield>
    </datafield>
    <datafield tag="650" ind1=" " ind2=" ">
        <subfield code="a">COMMERCIAL BANKS</subfield>
        <subfield code="0">(DHLAUTH)270348</subfield>
    </datafield>
    <datafield tag="650" ind1=" " ind2=" ">
        <subfield code="a">INVESTMENT BANKING</subfield>
        <subfield code="0">(DHLAUTH)270356</subfield>
    </datafield>
    <datafield tag="650" ind1=" " ind2=" ">
        <subfield code="a">BAHRAIN</subfield>
        <subfield code="0">(DHLAUTH)273274</subfield>
    </datafield>
    <datafield tag="650" ind1=" " ind2=" ">
        <subfield code="a">EGYPT</subfield>
        <subfield code="0">(DHLAUTH)273328</subfield>
    </datafield>
    <datafield tag="650" ind1=" " ind2=" ">
        <subfield code="a">JORDAN</subfield>
        <subfield code="0">(DHLAUTH)269099</subfield>
    </datafield>
    <datafield tag="650" ind1=" " ind2=" ">
        <subfield code="a">KUWAIT</subfield>
        <subfield code="0">(DHLAUTH)273384</subfield>
    </datafield>
    <datafield tag="650" ind1=" " ind2=" ">
        <subfield code="a">OMAN</subfield>
        <subfield code="0">(DHLAUTH)273438</subfield>
    </datafield>
    <datafield tag="650" ind1=" " ind2=" ">
        <subfield code="a">QATAR</subfield>
        <subfield code="0">(DHLAUTH)275603</subfield>
    </datafield>
    <datafield tag="650" ind1=" " ind2=" ">
        <subfield code="a">SAUDI ARABIA</subfield>
        <subfield code="0">(DHLAUTH)273464</subfield>
    </datafield>
    <datafield tag="650" ind1=" " ind2=" ">
        <subfield code="a">UNITED ARAB EMIRATES</subfield>
        <subfield code="0">(DHLAUTH)275604</subfield>
    </datafield>
    <datafield tag="650" ind1=" " ind2=" ">
        <subfield code="a">LEBANON</subfield>
        <subfield code="0">(DHLAUTH)269069</subfield>
    </datafield>
</record>
<record>
    <datafield tag="191" ind1=" " ind2=" ">
        <subfield code="a">E/ESCWA/EDGD/2011/WP.2</subfield>
    </datafield>
    <datafield tag="245" ind1=" " ind2=" ">
        <subfield code="a">CENTRAL BANK INDEPENDENCE AND ITS EFFECT ON INFLATION PERFORMANCE IN THE ESCWA COUNTRIES</subfield>
    </datafield>
    <datafield tag="269" ind1=" " ind2=" ">
        <subfield code="a">20111110</subfield>
    </datafield>
    <datafield tag="650" ind1=" " ind2=" ">
        <subfield code="a">CENTRAL BANKS</subfield>
        <subfield code="0">(DHLAUTH)270074</subfield>
    </datafield>
    <datafield tag="650" ind1=" " ind2=" ">
        <subfield code="a">INFLATION</subfield>
        <subfield code="0">(DHLAUTH)269724</subfield>
    </datafield>
    <datafield tag="650" ind1=" " ind2=" ">
        <subfield code="a">WESTERN ASIA</subfield>
        <subfield code="0">(DHLAUTH)275490</subfield>
    </datafield>
    <datafield tag="650" ind1=" " ind2=" ">
        <subfield code="a">RECOMMENDATIONS</subfield>
        <subfield code="0">(DHLAUTH)275840</subfield>
    </datafield>
    <datafield tag="650" ind1=" " ind2=" ">
        <subfield code="a">ACCOUNTABILITY</subfield>
        <subfield code="0">(DHLAUTH)269310</subfield>
    </datafield>
    <datafield tag="650" ind1=" " ind2=" ">
        <subfield code="a">ECONOMIC INDICATORS</subfield>
        <subfield code="0">(DHLAUTH)269642</subfield>
    </datafield>
    <datafield tag="650" ind1=" " ind2=" ">
        <subfield code="a">IRAQ</subfield>
        <subfield code="0">(DHLAUTH)273370</subfield>
    </datafield>
    <datafield tag="650" ind1=" " ind2=" ">
        <subfield code="a">SAUDI ARABIA</subfield>
        <subfield code="0">(DHLAUTH)273464</subfield>
    </datafield>
    <datafield tag="650" ind1=" " ind2=" ">
        <subfield code="a">YEMEN</subfield>
        <subfield code="0">(DHLAUTH)273521</subfield>
    </datafield>
    <datafield tag="650" ind1=" " ind2=" ">
        <subfield code="a">OMAN</subfield>
        <subfield code="0">(DHLAUTH)273438</subfield>
    </datafield>
    <datafield tag="650" ind1=" " ind2=" ">
        <subfield code="a">UNITED ARAB EMIRATES</subfield>
        <subfield code="0">(DHLAUTH)275604</subfield>
    </datafield>
    <datafield tag="650" ind1=" " ind2=" ">
        <subfield code="a">BAHRAIN</subfield>
        <subfield code="0">(DHLAUTH)273274</subfield>
    </datafield>
    <datafield tag="650" ind1=" " ind2=" ">
        <subfield code="a">KUWAIT</subfield>
        <subfield code="0">(DHLAUTH)273384</subfield>
    </datafield>
    <datafield tag="650" ind1=" " ind2=" ">
        <subfield code="a">QATAR</subfield>
        <subfield code="0">(DHLAUTH)275603</subfield>
    </datafield>
    <datafield tag="650" ind1=" " ind2=" ">
        <subfield code="a">SUDAN</subfield>
        <subfield code="0">(DHLAUTH)273486</subfield>
    </datafield>
    <datafield tag="650" ind1=" " ind2=" ">
        <subfield code="a">PALESTINE</subfield>
        <subfield code="0">(DHLAUTH)277398</subfield>
    </datafield>
    <datafield tag="650" ind1=" " ind2=" ">
        <subfield code="a">EGYPT</subfield>
        <subfield code="0">(DHLAUTH)273328</subfield>
    </datafield>
    <datafield tag="650" ind1=" " ind2=" ">
        <subfield code="a">LEBANON</subfield>
        <subfield code="0">(DHLAUTH)269069</subfield>
    </datafield>
    <datafield tag="650" ind1=" " ind2=" ">
        <subfield code="a">JORDAN</subfield>
        <subfield code="0">(DHLAUTH)269099</subfield>
    </datafield>
    <datafield tag="650" ind1=" " ind2=" ">
        <subfield code="a">SYRIAN ARAB REPUBLIC</subfield>
        <subfield code="0">(DHLAUTH)273496</subfield>
    </datafield>
</record>
<record>
    <datafield tag="191" ind1=" " ind2=" ">
        <subfield code="a">E/ESCWA/EDGD/2012/WP.1</subfield>
    </datafield>
    <datafield tag="246" ind1=" " ind2=" ">
        <subfield code="a">دراسة حول انشاء النافذة الواحدة وتطبيقها لتسهيل التجارة في السودان</subfield>
    </datafield>
    <datafield tag="269" ind1=" " ind2=" ">
        <subfield code="a">20120606</subfield>
    </datafield>
    <datafield tag="650" ind1=" " ind2=" ">
        <subfield code="a">TRADE FACILITATION</subfield>
        <subfield code="0">(DHLAUTH)269534</subfield>
    </datafield>
    <datafield tag="650" ind1=" " ind2=" ">
        <subfield code="a">INTERNATIONAL TRADE</subfield>
        <subfield code="0">(DHLAUTH)269532</subfield>
    </datafield>
    <datafield tag="650" ind1=" " ind2=" ">
        <subfield code="a">SUDAN</subfield>
        <subfield code="0">(DHLAUTH)273486</subfield>
    </datafield>
</record>
<record>
    <datafield tag="191" ind1=" " ind2=" ">
        <subfield code="a">E/ESCWA/EDGD/2014/IG.1/3(PART II)</subfield>
    </datafield>
    <datafield tag="246" ind1=" " ind2=" ">
        <subfield code="a">التقدم المحرز في مجال النقل منذ الدورة الرابعة عشرة للجنة النقل : تنفيذ الانشطة المتعلقة بالنقل في اطار برنامج عمل الاسكوا : اللجنة الاقتصادية والاجتماعية لغربي آسيا (الاسكوا)، لجنة النقل،  الدورة الخامسة عشرة، الرباط ، 27 - 28 كانون الثاني/يناير 2015 </subfield>
    </datafield>
    <datafield tag="269" ind1=" " ind2=" ">
        <subfield code="a">20140826</subfield>
    </datafield>
    <datafield tag="650" ind1=" " ind2=" ">
        <subfield code="a">TRANSPORT</subfield>
        <subfield code="0">(DHLAUTH)272243</subfield>
    </datafield>
    <datafield tag="650" ind1=" " ind2=" ">
        <subfield code="a">TRANSPORT POLICY</subfield>
        <subfield code="0">(DHLAUTH)269936</subfield>
    </datafield>
    <datafield tag="650" ind1=" " ind2=" ">
        <subfield code="a">PROGRAMME IMPLEMENTATION</subfield>
        <subfield code="0">(DHLAUTH)275794</subfield>
    </datafield>
    <datafield tag="650" ind1=" " ind2=" ">
        <subfield code="a">TRANSPORT SYSTEMS</subfield>
        <subfield code="0">(DHLAUTH)268907</subfield>
    </datafield>
    <datafield tag="650" ind1=" " ind2=" ">
        <subfield code="a">ADVISORY SERVICES</subfield>
        <subfield code="0">(DHLAUTH)269860</subfield>
    </datafield>
    <datafield tag="650" ind1=" " ind2=" ">
        <subfield code="a">TECHNICAL COOPERATION</subfield>
        <subfield code="0">(DHLAUTH)268658</subfield>
    </datafield>
    <datafield tag="650" ind1=" " ind2=" ">
        <subfield code="a">ACTIVITIES</subfield>
        <subfield code="0">(DHLAUTH)275823</subfield>
    </datafield>
    <datafield tag="650" ind1=" " ind2=" ">
        <subfield code="a">ARAB COUNTRIES</subfield>
        <subfield code="0">(DHLAUTH)268705</subfield>
    </datafield>
    <datafield tag="650" ind1=" " ind2=" ">
        <subfield code="a">REGIONAL COOPERATION</subfield>
        <subfield code="0">(DHLAUTH)268656</subfield>
    </datafield>
    <datafield tag="650" ind1=" " ind2=" ">
        <subfield code="a">ARAB COUNTRIES</subfield>
        <subfield code="0">(DHLAUTH)268705</subfield>
    </datafield>
    <datafield tag="650" ind1=" " ind2=" ">
        <subfield code="a">CONFERENCES</subfield>
        <subfield code="0">(DHLAUTH)275758</subfield>
    </datafield>
</record>
<record>
    <datafield tag="191" ind1=" " ind2=" ">
        <subfield code="a">E/ESCWA/EDGD/2014/IG.1/3(PART I)</subfield>
    </datafield>
    <datafield tag="246" ind1=" " ind2=" ">
        <subfield code="a">التقدم المحرز في مجال النقل منذ الدورة الرابعة عشرة للجنة النقل : تنفيذ التوصيات الصادرة عن لجنة النقل في دورتها الرابعة عشرة : اللجنة الاقتصادية والاجتماعية لغربي آسيا (الاسكوا)، لجنة النقل، الدورة الخامسة عشرة، الرباط، 27 - 28 كانون الثاني/يناير 2015</subfield>
    </datafield>
    <datafield tag="269" ind1=" " ind2=" ">
        <subfield code="a">20140826</subfield>
    </datafield>
    <datafield tag="650" ind1=" " ind2=" ">
        <subfield code="a">TRANSPORT</subfield>
        <subfield code="0">(DHLAUTH)272243</subfield>
    </datafield>
    <datafield tag="650" ind1=" " ind2=" ">
        <subfield code="a">TRANSPORT REGULATIONS</subfield>
        <subfield code="0">(DHLAUTH)272488</subfield>
    </datafield>
    <datafield tag="650" ind1=" " ind2=" ">
        <subfield code="a">TRANSPORT PROJECTS</subfield>
        <subfield code="0">(DHLAUTH)271818</subfield>
    </datafield>
    <datafield tag="650" ind1=" " ind2=" ">
        <subfield code="a">RECOMMENDATIONS</subfield>
        <subfield code="0">(DHLAUTH)275840</subfield>
    </datafield>
    <datafield tag="650" ind1=" " ind2=" ">
        <subfield code="a">TRAFFIC SAFETY</subfield>
        <subfield code="0">(DHLAUTH)272598</subfield>
    </datafield>
    <datafield tag="650" ind1=" " ind2=" ">
        <subfield code="a">TRANSPORT SYSTEMS</subfield>
        <subfield code="0">(DHLAUTH)268907</subfield>
    </datafield>
    <datafield tag="650" ind1=" " ind2=" ">
        <subfield code="a">ARAB COUNTRIES</subfield>
        <subfield code="0">(DHLAUTH)268705</subfield>
    </datafield>
    <datafield tag="650" ind1=" " ind2=" ">
        <subfield code="a">RECOMMENDATIONS</subfield>
        <subfield code="0">(DHLAUTH)275840</subfield>
    </datafield>
    <datafield tag="650" ind1=" " ind2=" ">
        <subfield code="a">CONFERENCES</subfield>
        <subfield code="0">(DHLAUTH)275758</subfield>
    </datafield>
</record>
<record>
    <datafield tag="191" ind1=" " ind2=" ">
        <subfield code="a">E/ESCWA/EDGD/2014/IG.1/4(PART II)</subfield>
    </datafield>
    <datafield tag="246" ind1=" " ind2=" ">
        <subfield code="a">التقدم المحرز في تنفيذ مكونات نظام النقل المتكامل في المشرق العربي : اتفاق الطرق الدولية في المشرق العربي : اللجنة الاقتصادية والاجتماعية لغربي آسيا (الاسكوا)، لجنة النقل،  الدورة الخامسة عشرة، الرباط ، 27 - 28 كانون الثاني/يناير  2015</subfield>
    </datafield>
    <datafield tag="269" ind1=" " ind2=" ">
        <subfield code="a">20140826</subfield>
    </datafield>
    <datafield tag="650" ind1=" " ind2=" ">
        <subfield code="a">TRANSPORT</subfield>
        <subfield code="0">(DHLAUTH)272243</subfield>
    </datafield>
    <datafield tag="650" ind1=" " ind2=" ">
        <subfield code="a">TRANSPORT AGREEMENTS</subfield>
        <subfield code="0">(DHLAUTH)581346</subfield>
    </datafield>
    <datafield tag="650" ind1=" " ind2=" ">
        <subfield code="a">ROAD TRANSPORT</subfield>
        <subfield code="0">(DHLAUTH)9060</subfield>
    </datafield>
    <datafield tag="650" ind1=" " ind2=" ">
        <subfield code="a">TRANSPORT SYSTEMS</subfield>
        <subfield code="0">(DHLAUTH)268907</subfield>
    </datafield>
    <datafield tag="650" ind1=" " ind2=" ">
        <subfield code="a">ARAB COUNTRIES</subfield>
        <subfield code="0">(DHLAUTH)268705</subfield>
    </datafield>
    <datafield tag="650" ind1=" " ind2=" ">
        <subfield code="a">CONFERENCES</subfield>
        <subfield code="0">(DHLAUTH)275758</subfield>
    </datafield>
</record>
<record>
    <datafield tag="191" ind1=" " ind2=" ">
        <subfield code="a">E/ESCWA/EDGD/2014/IG.1/4(PART I)</subfield>
    </datafield>
    <datafield tag="246" ind1=" " ind2=" ">
        <subfield code="a">التقدم المحرز في تنفيذ مكونات نظام النقل المتكامل في المشرق العربي : اتفاق السكك الحديدية الدولية في المشرق العربي : اللجنة الاقتصادية والاجتماعية لغربي آسيا (الاسكوا)، لجنة النقل،  الدورة الخامسة عشرة، الرباط ، 27 - 28 كانون الثاني/يناير 2015</subfield>
    </datafield>
    <datafield tag="269" ind1=" " ind2=" ">
        <subfield code="a">20140826</subfield>
    </datafield>
    <datafield tag="650" ind1=" " ind2=" ">
        <subfield code="a">TRANSPORT</subfield>
        <subfield code="0">(DHLAUTH)272243</subfield>
    </datafield>
    <datafield tag="650" ind1=" " ind2=" ">
        <subfield code="a">TRANSPORT SYSTEMS</subfield>
        <subfield code="0">(DHLAUTH)268907</subfield>
    </datafield>
    <datafield tag="650" ind1=" " ind2=" ">
        <subfield code="a">RAILWAY TRANSPORT</subfield>
        <subfield code="0">(DHLAUTH)272573</subfield>
    </datafield>
    <datafield tag="650" ind1=" " ind2=" ">
        <subfield code="a">TRANSPORT AGREEMENTS</subfield>
        <subfield code="0">(DHLAUTH)581346</subfield>
    </datafield>
    <datafield tag="650" ind1=" " ind2=" ">
        <subfield code="a">ARAB COUNTRIES</subfield>
        <subfield code="0">(DHLAUTH)268705</subfield>
    </datafield>
    <datafield tag="650" ind1=" " ind2=" ">
        <subfield code="a">CONFERENCES</subfield>
        <subfield code="0">(DHLAUTH)275758</subfield>
    </datafield>
</record>
<record>
    <datafield tag="191" ind1=" " ind2=" ">
        <subfield code="a">E/ESCWA/EDGD/2014/IG.1/5(PART II)</subfield>
    </datafield>
    <datafield tag="245" ind1=" " ind2=" ">
        <subfield code="a">TRADE LOGISTICS IN THE ARAB REGION : CHALLENGES AND POLICY OPTIONS : ECONOMIC AND SOCIAL COMMISSION FOR WESTERN ASIA (ESCWA), COMMITTEE ON TRANSPORT, FIFTEENTH SESSION, RABAT, 27 - 28 JANUARY 2015</subfield>
    </datafield>
    <datafield tag="246" ind1=" " ind2=" ">
        <subfield code="a">لوجستيات التجارة في المنطقة العربية : التحديات وخيارات السياسة العامة : اللجنة الاقتصادية والاجتماعية لغربي آسيا (الاسكوا)، لجنة النقل،  الدورة الخامسة عشرة، الرباط ، 27 - 28 كانون الثاني/يناير2015 </subfield>
    </datafield>
    <datafield tag="269" ind1=" " ind2=" ">
        <subfield code="a">20141231</subfield>
    </datafield>
    <datafield tag="650" ind1=" " ind2=" ">
        <subfield code="a">TRANSPORT</subfield>
        <subfield code="0">(DHLAUTH)272243</subfield>
    </datafield>
    <datafield tag="650" ind1=" " ind2=" ">
        <subfield code="a">LOGISTICS</subfield>
        <subfield code="0">(DHLAUTH)268906</subfield>
    </datafield>
    <datafield tag="650" ind1=" " ind2=" ">
        <subfield code="a">FOREIGN TRADE</subfield>
        <subfield code="0">(DHLAUTH)272801</subfield>
    </datafield>
    <datafield tag="650" ind1=" " ind2=" ">
        <subfield code="a">TRADE EFFICIENCY</subfield>
        <subfield code="0">(DHLAUTH)451339</subfield>
    </datafield>
    <datafield tag="650" ind1=" " ind2=" ">
        <subfield code="a">ARAB COUNTRIES</subfield>
        <subfield code="0">(DHLAUTH)268705</subfield>
    </datafield>
    <datafield tag="650" ind1=" " ind2=" ">
        <subfield code="a">CONFERENCES</subfield>
        <subfield code="0">(DHLAUTH)275758</subfield>
    </datafield>
</record>
<record>
    <datafield tag="191" ind1=" " ind2=" ">
        <subfield code="a">E/ESCWA/EDGD/2014/IG.1/5(PART I)</subfield>
    </datafield>
    <datafield tag="246" ind1=" " ind2=" ">
        <subfield code="a">تعزيز النقل ولوجستيات التجارة في المنطقة العربية من اجل ربط افضل بسلاسل القيمة الاقليمية والعالمية : كفاءة اللوجستيات وتكاليف التجارة : اللجنة الاقتصادية والاجتماعية لغربي آسيا (الاسكوا)، لجنة النقل،  الدورة الخامسة عشرة، الرباط ، 27 - 28 كانون الثاني/يناير 2015</subfield>
    </datafield>
    <datafield tag="269" ind1=" " ind2=" ">
        <subfield code="a">20140826</subfield>
    </datafield>
    <datafield tag="650" ind1=" " ind2=" ">
        <subfield code="a">TRANSPORT INFRASTRUCTURE</subfield>
        <subfield code="0">(DHLAUTH)272281</subfield>
    </datafield>
    <datafield tag="650" ind1=" " ind2=" ">
        <subfield code="a">TRANSPORT FACILITATION</subfield>
        <subfield code="0">(DHLAUTH)272248</subfield>
    </datafield>
    <datafield tag="650" ind1=" " ind2=" ">
        <subfield code="a">LOGISTICS</subfield>
        <subfield code="0">(DHLAUTH)268906</subfield>
    </datafield>
    <datafield tag="650" ind1=" " ind2=" ">
        <subfield code="a">FOREIGN TRADE</subfield>
        <subfield code="0">(DHLAUTH)272801</subfield>
    </datafield>
    <datafield tag="650" ind1=" " ind2=" ">
        <subfield code="a">TRANSPORT POLICY</subfield>
        <subfield code="0">(DHLAUTH)269936</subfield>
    </datafield>
    <datafield tag="650" ind1=" " ind2=" ">
        <subfield code="a">CUSTOMARY LAW</subfield>
        <subfield code="0">(DHLAUTH)269210</subfield>
    </datafield>
    <datafield tag="650" ind1=" " ind2=" ">
        <subfield code="a">ARAB COUNTRIES</subfield>
        <subfield code="0">(DHLAUTH)268705</subfield>
    </datafield>
    <datafield tag="650" ind1=" " ind2=" ">
        <subfield code="a">CONFERENCES</subfield>
        <subfield code="0">(DHLAUTH)275758</subfield>
    </datafield>
</record>
<record>
    <datafield tag="191" ind1=" " ind2=" ">
        <subfield code="a">E/ESCWA/EDGD/2014/IG.1/6</subfield>
    </datafield>
    <datafield tag="246" ind1=" " ind2=" ">
        <subfield code="a">مواءمة الهياكل المؤسسية والتشريعات في قطاع النقل في المنطقة العربية : الشروط المرجعية المقترحة لدراسة تقييم التشريعات في قطاع النقل : اللجنة الاقتصادية والاجتماعية لغربي آسيا (الاسكوا)، لجنة النقل، الدورة الخامسة عشرة، الرباط، 27 - 28 كانون الثاني/يناير 2015</subfield>
    </datafield>
    <datafield tag="269" ind1=" " ind2=" ">
        <subfield code="a">20140908</subfield>
    </datafield>
    <datafield tag="650" ind1=" " ind2=" ">
        <subfield code="a">TRANSPORT REGULATIONS</subfield>
        <subfield code="0">(DHLAUTH)272488</subfield>
    </datafield>
    <datafield tag="650" ind1=" " ind2=" ">
        <subfield code="a">TERMS OF REFERENCE</subfield>
        <subfield code="0">(DHLAUTH)268319</subfield>
    </datafield>
    <datafield tag="650" ind1=" " ind2=" ">
        <subfield code="a">ADVISORY SERVICES</subfield>
        <subfield code="0">(DHLAUTH)269860</subfield>
    </datafield>
    <datafield tag="650" ind1=" " ind2=" ">
        <subfield code="a">ARAB COUNTRIES</subfield>
        <subfield code="0">(DHLAUTH)268705</subfield>
    </datafield>
    <datafield tag="650" ind1=" " ind2=" ">
        <subfield code="a">CONFERENCES</subfield>
        <subfield code="0">(DHLAUTH)275758</subfield>
    </datafield>
</record>
<record>
    <datafield tag="191" ind1=" " ind2=" ">
        <subfield code="a">E/ESCWA/EDGD/2014/IG.1/7</subfield>
    </datafield>
    <datafield tag="245" ind1=" " ind2=" ">
        <subfield code="a">PROPOSED PROGRAMME OF WORK FOR THE BIENNIUM 2016 - 2017 IN THE FIELD OF TRANSPORT : ECONOMIC AND SOCIAL COMMISSION FOR WESTERN ASIA (ESCWA), COMMITTEE ON TRANSPORT, FIFTEENTH SESSION, RABAT, 27 - 28 JANUARY 2015</subfield>
    </datafield>
    <datafield tag="246" ind1=" " ind2=" ">
        <subfield code="a">برنامج العمل المقترح لفترة السنتين 2016- 2017 : اللجنة الاقتصادية والاجتماعية لغربي آسيا (الاسكوا)، لجنة النقل، الدورة الخامسة عشرة، الرباط، 27 - 28 كانون الثاني/يناير 2015</subfield>
    </datafield>
    <datafield tag="269" ind1=" " ind2=" ">
        <subfield code="a">20140908</subfield>
    </datafield>
    <datafield tag="650" ind1=" " ind2=" ">
        <subfield code="a">WORK PROGRAMME</subfield>
        <subfield code="0">(DHLAUTH)275800</subfield>
    </datafield>
    <datafield tag="650" ind1=" " ind2=" ">
        <subfield code="a">TRANSPORT</subfield>
        <subfield code="0">(DHLAUTH)272243</subfield>
    </datafield>
    <datafield tag="650" ind1=" " ind2=" ">
        <subfield code="a">REGIONAL COMMISSIONS</subfield>
        <subfield code="0">(DHLAUTH)269969</subfield>
    </datafield>
    <datafield tag="650" ind1=" " ind2=" ">
        <subfield code="a">ARAB COUNTRIES</subfield>
        <subfield code="0">(DHLAUTH)268705</subfield>
    </datafield>
    <datafield tag="650" ind1=" " ind2=" ">
        <subfield code="a">CONFERENCES</subfield>
        <subfield code="0">(DHLAUTH)275758</subfield>
    </datafield>
</record>
<record>
    <datafield tag="191" ind1=" " ind2=" ">
        <subfield code="a">E/ESCWA/EDGD/2014/IG.1/CRP.1</subfield>
    </datafield>
    <datafield tag="246" ind1=" " ind2=" ">
        <subfield code="a">المسح العالمي حول تسهيل التجارة وتنفيذ التجارة اللاورقية :  اللجنة الاقتصادية والاجتماعية لغربي آسيا (الاسكوا)، لجنة النقل، الدورة الخامسة عشرة، الرباط، 27 - 28 كانون الثاني/يناير 2015</subfield>
    </datafield>
    <datafield tag="269" ind1=" " ind2=" ">
        <subfield code="a">20141112</subfield>
    </datafield>
    <datafield tag="650" ind1=" " ind2=" ">
        <subfield code="a">TRADE FACILITATION</subfield>
        <subfield code="0">(DHLAUTH)269534</subfield>
    </datafield>
    <datafield tag="650" ind1=" " ind2=" ">
        <subfield code="a">ELECTRONIC COMMERCE</subfield>
        <subfield code="0">(DHLAUTH)476422</subfield>
    </datafield>
    <datafield tag="650" ind1=" " ind2=" ">
        <subfield code="a">SURVEYS</subfield>
        <subfield code="0">(DHLAUTH)269793</subfield>
    </datafield>
    <datafield tag="650" ind1=" " ind2=" ">
        <subfield code="a">CUSTOMARY LAW</subfield>
        <subfield code="0">(DHLAUTH)269210</subfield>
    </datafield>
    <datafield tag="650" ind1=" " ind2=" ">
        <subfield code="a">ARAB COUNTRIES</subfield>
        <subfield code="0">(DHLAUTH)268705</subfield>
    </datafield>
    <datafield tag="650" ind1=" " ind2=" ">
        <subfield code="a">CONFERENCES</subfield>
        <subfield code="0">(DHLAUTH)275758</subfield>
    </datafield>
</record>
<record>
    <datafield tag="191" ind1=" " ind2=" ">
        <subfield code="a">E/ESCWA/EDGD/2014/IG.1/CRP.3</subfield>
    </datafield>
    <datafield tag="246" ind1=" " ind2=" ">
        <subfield code="a">تأثير النزاعات على حركة النقل والتجارة في المنطقة العربية : ورقة اولية : اللجنة الاقتصادية والاجتماعية لغربي آسيا (الاسكوا)، لجنة النقل، الدورة الخامسة عشرة، الرباط، 27 - 28 كانون الثاني/يناير 2015</subfield>
    </datafield>
    <datafield tag="269" ind1=" " ind2=" ">
        <subfield code="a">20150120</subfield>
    </datafield>
    <datafield tag="650" ind1=" " ind2=" ">
        <subfield code="a">ARMED CONFLICTS</subfield>
        <subfield code="0">(DHLAUTH)268752</subfield>
    </datafield>
    <datafield tag="650" ind1=" " ind2=" ">
        <subfield code="a">TRANSPORT</subfield>
        <subfield code="0">(DHLAUTH)272243</subfield>
    </datafield>
    <datafield tag="650" ind1=" " ind2=" ">
        <subfield code="a">FOREIGN TRADE</subfield>
        <subfield code="0">(DHLAUTH)272801</subfield>
    </datafield>
    <datafield tag="650" ind1=" " ind2=" ">
        <subfield code="a">ARAB COUNTRIES</subfield>
        <subfield code="0">(DHLAUTH)268705</subfield>
    </datafield>
    <datafield tag="650" ind1=" " ind2=" ">
        <subfield code="a">CONFERENCES</subfield>
        <subfield code="0">(DHLAUTH)275758</subfield>
    </datafield>
</record>
<record>
    <datafield tag="191" ind1=" " ind2=" ">
        <subfield code="a">E/ESCWA/EDGD/2014/IG.1/INF.1</subfield>
    </datafield>
    <datafield tag="245" ind1=" " ind2=" ">
        <subfield code="a">INFORMATION NOTE : ECONOMIC AND SOCIAL COMMISSION FOR WESTERN ASIA (ESCWA), COMMITTEE ON TRANSPORT, FIFTEENTH SESSION, RABAT, 27 - 28 JANUARY 2015</subfield>
    </datafield>
    <datafield tag="246" ind1=" " ind2=" ">
        <subfield code="a">مذكرة توضيحية :  اللجنة الاقتصادية والاجتماعية لغربي آسيا (الاسكوا)، لجنة النقل، الدورة الخامسة عشرة، الرباط، 27 - 28 كانون الثاني/يناير 2015</subfield>
    </datafield>
    <datafield tag="269" ind1=" " ind2=" ">
        <subfield code="a">20141211</subfield>
    </datafield>
    <datafield tag="650" ind1=" " ind2=" ">
        <subfield code="a">TRANSPORT</subfield>
        <subfield code="0">(DHLAUTH)272243</subfield>
    </datafield>
    <datafield tag="650" ind1=" " ind2=" ">
        <subfield code="a">ARAB COUNTRIES</subfield>
        <subfield code="0">(DHLAUTH)268705</subfield>
    </datafield>
    <datafield tag="650" ind1=" " ind2=" ">
        <subfield code="a">REGIONAL COMMISSIONS</subfield>
        <subfield code="0">(DHLAUTH)269969</subfield>
    </datafield>
    <datafield tag="650" ind1=" " ind2=" ">
        <subfield code="a">CONFERENCES</subfield>
        <subfield code="0">(DHLAUTH)275758</subfield>
    </datafield>
</record>
<record>
    <datafield tag="191" ind1=" " ind2=" ">
        <subfield code="a">E/ESCWA/EDGD/2014/IG.1/L.1</subfield>
    </datafield>
    <datafield tag="245" ind1=" " ind2=" ">
        <subfield code="a">PROVISIONAL AGENDA AND ANNOTATIONS : ECONOMIC AND SOCIAL COMMISSION FOR WESTERN ASIA (ESCWA), COMMITTEE ON TRANSPORT, FIFTEENTH SESSION, RABAT, 27 - 28 JANUARY 2015</subfield>
    </datafield>
    <datafield tag="246" ind1=" " ind2=" ">
        <subfield code="a">جدول الاعمال المؤقت والشروح : اللجنة الاقتصادية والاجتماعية لغربي آسيا (الاسكوا)، لجنة النقل، الدورة الخامسة عشرة، الرباط، 27 - 28 كانون الثاني/يناير 2015</subfield>
    </datafield>
    <datafield tag="269" ind1=" " ind2=" ">
        <subfield code="a">20140826</subfield>
    </datafield>
    <datafield tag="650" ind1=" " ind2=" ">
        <subfield code="a">TRANSPORT</subfield>
        <subfield code="0">(DHLAUTH)272243</subfield>
    </datafield>
    <datafield tag="650" ind1=" " ind2=" ">
        <subfield code="a">AGENDA</subfield>
        <subfield code="0">(DHLAUTH)275133</subfield>
    </datafield>
    <datafield tag="650" ind1=" " ind2=" ">
        <subfield code="a">ANNOTATIONS, CITATIONS AND COMMENTARIES</subfield>
        <subfield code="0">(DHLAUTH)269156</subfield>
    </datafield>
    <datafield tag="650" ind1=" " ind2=" ">
        <subfield code="a">ARAB COUNTRIES</subfield>
        <subfield code="0">(DHLAUTH)268705</subfield>
    </datafield>
    <datafield tag="650" ind1=" " ind2=" ">
        <subfield code="a">REGIONAL COMMISSIONS</subfield>
        <subfield code="0">(DHLAUTH)269969</subfield>
    </datafield>
    <datafield tag="650" ind1=" " ind2=" ">
        <subfield code="a">CONFERENCES</subfield>
        <subfield code="0">(DHLAUTH)275758</subfield>
    </datafield>
</record>
<record>
    <datafield tag="191" ind1=" " ind2=" ">
        <subfield code="a">E/ESCWA/EDGD/2014/IG.1/L.2</subfield>
    </datafield>
    <datafield tag="245" ind1=" " ind2=" ">
        <subfield code="a">ORGANIZATION OF WORK : NOTE BY THE SECRETARIAT : ECONOMIC AND SOCIAL COMMISSION FOR WESTERN ASIA (ESCWA), COMMITTEE ON TRANSPORT, FIFTEENTH SESSION, RABAT, 27 - 28 JANUARY 2015</subfield>
    </datafield>
    <datafield tag="246" ind1=" " ind2=" ">
        <subfield code="a">تنظيم الاعمال : مذكرة من الامانة التنفيذية : اللجنة الاقتصادية والاجتماعية لغربي آسيا (الاسكوا)، لجنة النقل، الدورة الخامسة عشرة، الرباط، 27 - 28 كانون الثاني/يناير 2015</subfield>
    </datafield>
    <datafield tag="269" ind1=" " ind2=" ">
        <subfield code="a">20140826</subfield>
    </datafield>
    <datafield tag="650" ind1=" " ind2=" ">
        <subfield code="a">TRANSPORT</subfield>
        <subfield code="0">(DHLAUTH)272243</subfield>
    </datafield>
    <datafield tag="650" ind1=" " ind2=" ">
        <subfield code="a">WORK ORGANIZATION</subfield>
        <subfield code="0">(DHLAUTH)275746</subfield>
    </datafield>
    <datafield tag="650" ind1=" " ind2=" ">
        <subfield code="a">REGIONAL COMMISSIONS</subfield>
        <subfield code="0">(DHLAUTH)269969</subfield>
    </datafield>
    <datafield tag="650" ind1=" " ind2=" ">
        <subfield code="a">ARAB COUNTRIES</subfield>
        <subfield code="0">(DHLAUTH)268705</subfield>
    </datafield>
    <datafield tag="650" ind1=" " ind2=" ">
        <subfield code="a">CONFERENCES</subfield>
        <subfield code="0">(DHLAUTH)275758</subfield>
    </datafield>
</record>
<record>
    <datafield tag="191" ind1=" " ind2=" ">
        <subfield code="a">E/ESCWA/EDID/2015/2</subfield>
    </datafield>
    <datafield tag="245" ind1=" " ind2=" ">
        <subfield code="a">SURVEY OF ECONOMIC AND SOCIAL DEVELOPMENTS IN THE ARAB REGION, 2014 - 2015</subfield>
    </datafield>
    <datafield tag="246" ind1=" " ind2=" ">
        <subfield code="a">مسح التطورات الاقتصادية والاجتماعية في المنطقة العربية، 2014 - 2015</subfield>
    </datafield>
    <datafield tag="269" ind1=" " ind2=" ">
        <subfield code="a">20150101</subfield>
    </datafield>
    <datafield tag="650" ind1=" " ind2=" ">
        <subfield code="a">ECONOMIC DEVELOPMENT</subfield>
        <subfield code="0">(DHLAUTH)269755</subfield>
    </datafield>
    <datafield tag="650" ind1=" " ind2=" ">
        <subfield code="a">SOCIAL SURVEYS</subfield>
        <subfield code="0">(DHLAUTH)269794</subfield>
    </datafield>
    <datafield tag="650" ind1=" " ind2=" ">
        <subfield code="a">ECONOMIC CONDITIONS</subfield>
        <subfield code="0">(DHLAUTH)269719</subfield>
    </datafield>
    <datafield tag="650" ind1=" " ind2=" ">
        <subfield code="a">WOMEN'S STATUS</subfield>
        <subfield code="0">(DHLAUTH)269378</subfield>
    </datafield>
    <datafield tag="650" ind1=" " ind2=" ">
        <subfield code="a">ARAB COUNTRIES</subfield>
        <subfield code="0">(DHLAUTH)268705</subfield>
    </datafield>
    <datafield tag="650" ind1=" " ind2=" ">
        <subfield code="a">PETROLEUM PRICES</subfield>
        <subfield code="0">(DHLAUTH)269855</subfield>
    </datafield>
    <datafield tag="650" ind1=" " ind2=" ">
        <subfield code="a">SOCIAL DEVELOPMENT</subfield>
        <subfield code="0">(DHLAUTH)269873</subfield>
    </datafield>
    <datafield tag="650" ind1=" " ind2=" ">
        <subfield code="a">FOREIGN TRADE</subfield>
        <subfield code="0">(DHLAUTH)272801</subfield>
    </datafield>
    <datafield tag="650" ind1=" " ind2=" ">
        <subfield code="a">ECONOMIC SURVEYS</subfield>
        <subfield code="0">(DHLAUTH)269780</subfield>
    </datafield>
    <datafield tag="650" ind1=" " ind2=" ">
        <subfield code="a">SOCIAL CONDITIONS</subfield>
        <subfield code="0">(DHLAUTH)268327</subfield>
    </datafield>
    <datafield tag="650" ind1=" " ind2=" ">
        <subfield code="a">NATURAL RESOURCES DEVELOPMENT</subfield>
        <subfield code="0">(DHLAUTH)269919</subfield>
    </datafield>
    <datafield tag="650" ind1=" " ind2=" ">
        <subfield code="a">STATISTICAL DATA</subfield>
        <subfield code="0">(DHLAUTH)270233</subfield>
    </datafield>
</record>
<record>
    <datafield tag="191" ind1=" " ind2=" ">
        <subfield code="a">E/ESCWA/EDID/2015/4</subfield>
    </datafield>
    <datafield tag="245" ind1=" " ind2=" ">
        <subfield code="a">ASSESSING ARAB ECONOMIC INTEGRATION : TOWARDS THE ARAB CUSTOMS UNION </subfield>
    </datafield>
    <datafield tag="269" ind1=" " ind2=" ">
        <subfield code="a">20150101</subfield>
    </datafield>
    <datafield tag="650" ind1=" " ind2=" ">
        <subfield code="a">INTRA-INDUSTRY TRADE</subfield>
        <subfield code="0">(DHLAUTH)271878</subfield>
    </datafield>
    <datafield tag="650" ind1=" " ind2=" ">
        <subfield code="a">WATER RESOURCES DEVELOPMENT</subfield>
        <subfield code="0">(DHLAUTH)269975</subfield>
    </datafield>
    <datafield tag="650" ind1=" " ind2=" ">
        <subfield code="a">ECONOMIC DEVELOPMENT</subfield>
        <subfield code="0">(DHLAUTH)269755</subfield>
    </datafield>
    <datafield tag="650" ind1=" " ind2=" ">
        <subfield code="a">WATER RESOURCES</subfield>
        <subfield code="0">(DHLAUTH)270568</subfield>
    </datafield>
    <datafield tag="650" ind1=" " ind2=" ">
        <subfield code="a">RECOMMENDATIONS</subfield>
        <subfield code="0">(DHLAUTH)275840</subfield>
    </datafield>
    <datafield tag="650" ind1=" " ind2=" ">
        <subfield code="a">ENERGY POLICY</subfield>
        <subfield code="0">(DHLAUTH)270574</subfield>
    </datafield>
    <datafield tag="650" ind1=" " ind2=" ">
        <subfield code="a">ARAB COUNTRIES</subfield>
        <subfield code="0">(DHLAUTH)268705</subfield>
    </datafield>
    <datafield tag="650" ind1=" " ind2=" ">
        <subfield code="a">CUSTOMS UNIONS</subfield>
        <subfield code="0">(DHLAUTH)269765</subfield>
    </datafield>
    <datafield tag="650" ind1=" " ind2=" ">
        <subfield code="a">ECONOMIC INTEGRATION</subfield>
        <subfield code="0">(DHLAUTH)269761</subfield>
    </datafield>
    <datafield tag="650" ind1=" " ind2=" ">
        <subfield code="a">ENERGY RESOURCES</subfield>
        <subfield code="0">(DHLAUTH)270561</subfield>
    </datafield>
    <datafield tag="650" ind1=" " ind2=" ">
        <subfield code="a">ECONOMIC STABILIZATION</subfield>
        <subfield code="0">(DHLAUTH)269722</subfield>
    </datafield>
    <datafield tag="650" ind1=" " ind2=" ">
        <subfield code="a">MARITIME TRANSPORT</subfield>
        <subfield code="0">(DHLAUTH)272479</subfield>
    </datafield>
    <datafield tag="650" ind1=" " ind2=" ">
        <subfield code="a">CUSTOMS ADMINISTRATION</subfield>
        <subfield code="0">(DHLAUTH)270033</subfield>
    </datafield>
</record>
<record>
    <datafield tag="191" ind1=" " ind2=" ">
        <subfield code="a">E/ESCWA/EDID/2015/IG.1/9</subfield>
    </datafield>
    <datafield tag="245" ind1=" " ind2=" ">
        <subfield code="a">THE ESCWA DOCUMENT ON THE ARAB POSITION IN PREPARATION FOR THE THIRD INTERNATIONAL CONFERENCE ON FINANCING FOR DEVELOPMENT : TECHNICAL COMMITTEE ON LIBERALIZATION OF FOREIGN TRADE, ECONOMIC GLOBALIZATION AND FINANCING FOR DEVELOPMENT IN THE COUNTRIES OF THE ESCWA REGION, NINTH SESSION, AMMAN, 7 - 8 APRIL 2015</subfield>
    </datafield>
    <datafield tag="246" ind1=" " ind2=" ">
        <subfield code="a">وثيقة الاسكوا حول الموقف العربي تحضيراً للمؤتمر الدولي الثالث لتمويل التنمية : اللجنة الفنية المعنية بتحرير التجارة الخارجية والعولمة الاقتصادية وتمويل التنمية في بلدان منطقة الاسكوا، الدورة التاسعة،عمان، 7/8 نيسان 2015</subfield>
    </datafield>
    <datafield tag="269" ind1=" " ind2=" ">
        <subfield code="a">20150401</subfield>
    </datafield>
    <datafield tag="650" ind1=" " ind2=" ">
        <subfield code="a">DEVELOPMENT FINANCE</subfield>
        <subfield code="0">(DHLAUTH)269876</subfield>
    </datafield>
    <datafield tag="650" ind1=" " ind2=" ">
        <subfield code="a">DEVELOPMENT POLICY</subfield>
        <subfield code="0">(DHLAUTH)269893</subfield>
    </datafield>
    <datafield tag="650" ind1=" " ind2=" ">
        <subfield code="a">SUSTAINABLE DEVELOPMENT</subfield>
        <subfield code="0">(DHLAUTH)269920</subfield>
    </datafield>
    <datafield tag="650" ind1=" " ind2=" ">
        <subfield code="a">ECONOMIC CONDITIONS</subfield>
        <subfield code="0">(DHLAUTH)269719</subfield>
    </datafield>
    <datafield tag="650" ind1=" " ind2=" ">
        <subfield code="a">ARAB COUNTRIES</subfield>
        <subfield code="0">(DHLAUTH)268705</subfield>
    </datafield>
    <datafield tag="650" ind1=" " ind2=" ">
        <subfield code="a">CONFERENCES</subfield>
        <subfield code="0">(DHLAUTH)275758</subfield>
    </datafield>
</record>
<record>
    <datafield tag="191" ind1=" " ind2=" ">
        <subfield code="a">E/ESCWA/EDID/2015/IG.2/9/REPORT</subfield>
    </datafield>
    <datafield tag="245" ind1=" " ind2=" ">
        <subfield code="a">REPORT : TENTH SESSION OF THE COMMITTEE ON LIBERALIZATION OF FOREIGN TRADE, ECONOMIC GLOBALIZATION AND FINANCING FOR DEVELOPMENT, CAIRO, 22 - 23 NOVEMBER 2015</subfield>
    </datafield>
    <datafield tag="246" ind1=" " ind2=" ">
        <subfield code="a">تقرير الدورة العاشرة للجنة الفنية المعنية بتحرير التجارة الخارجية والعولمة الاقتصادية وتمويل التنمية في بلدان منطقة الاسكوا، القاهرة، 22 - 23 تشرين الثاني/نوفمبر 2015</subfield>
    </datafield>
    <datafield tag="269" ind1=" " ind2=" ">
        <subfield code="a">20151203</subfield>
    </datafield>
    <datafield tag="650" ind1=" " ind2=" ">
        <subfield code="a">FOREIGN TRADE</subfield>
        <subfield code="0">(DHLAUTH)272801</subfield>
    </datafield>
    <datafield tag="650" ind1=" " ind2=" ">
        <subfield code="a">TRADE LIBERALIZATION</subfield>
        <subfield code="0">(DHLAUTH)272834</subfield>
    </datafield>
    <datafield tag="650" ind1=" " ind2=" ">
        <subfield code="a">GLOBALIZATION</subfield>
        <subfield code="0">(DHLAUTH)276685</subfield>
    </datafield>
    <datafield tag="650" ind1=" " ind2=" ">
        <subfield code="a">DEVELOPMENT FINANCE</subfield>
        <subfield code="0">(DHLAUTH)269876</subfield>
    </datafield>
    <datafield tag="650" ind1=" " ind2=" ">
        <subfield code="a">INTERGOVERNMENTAL BODIES</subfield>
        <subfield code="0">(DHLAUTH)275766</subfield>
    </datafield>
    <datafield tag="650" ind1=" " ind2=" ">
        <subfield code="a">REGIONAL COMMISSIONS</subfield>
        <subfield code="0">(DHLAUTH)269969</subfield>
    </datafield>
    <datafield tag="650" ind1=" " ind2=" ">
        <subfield code="a">WESTERN ASIA</subfield>
        <subfield code="0">(DHLAUTH)275490</subfield>
    </datafield>
    <datafield tag="650" ind1=" " ind2=" ">
        <subfield code="a">ARAB COUNTRIES</subfield>
        <subfield code="0">(DHLAUTH)268705</subfield>
    </datafield>
    <datafield tag="650" ind1=" " ind2=" ">
        <subfield code="a">CONFERENCES</subfield>
        <subfield code="0">(DHLAUTH)275758</subfield>
    </datafield>
</record>
<record>
    <datafield tag="191" ind1=" " ind2=" ">
        <subfield code="a">E/ESCWA/EDID/2015/IG.3/3</subfield>
    </datafield>
    <datafield tag="245" ind1=" " ind2=" ">
        <subfield code="a">TRANSPORT AND LOGISTICS IN THE ARAB REGION ; COMMITTEE ON TRANSPORT, SIXTEENTH SESSION, CAIRO. 23 - 24 NOVEMBER 2015</subfield>
    </datafield>
    <datafield tag="246" ind1=" " ind2=" ">
        <subfield code="a">النقل واللوجستيات في المنطقة العربية ؛ لجنة النقل، الدورة السادسة عشرة، القاهرة، 23 - 24 تشرين الثاني/نوفمبر 2015</subfield>
    </datafield>
    <datafield tag="269" ind1=" " ind2=" ">
        <subfield code="a">20151104</subfield>
    </datafield>
    <datafield tag="650" ind1=" " ind2=" ">
        <subfield code="a">TRANSPORT</subfield>
        <subfield code="0">(DHLAUTH)272243</subfield>
    </datafield>
    <datafield tag="650" ind1=" " ind2=" ">
        <subfield code="a">LOGISTICS</subfield>
        <subfield code="0">(DHLAUTH)268906</subfield>
    </datafield>
    <datafield tag="650" ind1=" " ind2=" ">
        <subfield code="a">TRADE POLICY</subfield>
        <subfield code="0">(DHLAUTH)268237</subfield>
    </datafield>
    <datafield tag="650" ind1=" " ind2=" ">
        <subfield code="a">TRANSPORT FACILITATION</subfield>
        <subfield code="0">(DHLAUTH)272248</subfield>
    </datafield>
    <datafield tag="650" ind1=" " ind2=" ">
        <subfield code="a">MARITIME TRANSPORT</subfield>
        <subfield code="0">(DHLAUTH)272479</subfield>
    </datafield>
    <datafield tag="650" ind1=" " ind2=" ">
        <subfield code="a">INTERGOVERNMENTAL BODIES</subfield>
        <subfield code="0">(DHLAUTH)275766</subfield>
    </datafield>
    <datafield tag="650" ind1=" " ind2=" ">
        <subfield code="a">REGIONAL COMMISSIONS</subfield>
        <subfield code="0">(DHLAUTH)269969</subfield>
    </datafield>
    <datafield tag="650" ind1=" " ind2=" ">
        <subfield code="a">WESTERN ASIA</subfield>
        <subfield code="0">(DHLAUTH)275490</subfield>
    </datafield>
    <datafield tag="650" ind1=" " ind2=" ">
        <subfield code="a">ARAB COUNTRIES</subfield>
        <subfield code="0">(DHLAUTH)268705</subfield>
    </datafield>
    <datafield tag="650" ind1=" " ind2=" ">
        <subfield code="a">CONFERENCES</subfield>
        <subfield code="0">(DHLAUTH)275758</subfield>
    </datafield>
</record>
<record>
    <datafield tag="191" ind1=" " ind2=" ">
        <subfield code="a">E/ESCWA/EDID/2015/IG.3/3(PART IV)</subfield>
    </datafield>
    <datafield tag="246" ind1=" " ind2=" ">
        <subfield code="a">النقل واللوجستيات في المنطقة العربية : تنفيذ مذكرة التفاهم بشأن التعاون في مجال النقل البحري في المشرق العربي : لجنة النقل، الدورة السادسة عشرة، القاهرة، 23 - 24 تشرين الثاني/نوفمبر 2015</subfield>
    </datafield>
    <datafield tag="269" ind1=" " ind2=" ">
        <subfield code="a">20151117</subfield>
    </datafield>
    <datafield tag="650" ind1=" " ind2=" ">
        <subfield code="a">TRANSPORT</subfield>
        <subfield code="0">(DHLAUTH)272243</subfield>
    </datafield>
    <datafield tag="650" ind1=" " ind2=" ">
        <subfield code="a">LOGISTICS</subfield>
        <subfield code="0">(DHLAUTH)268906</subfield>
    </datafield>
    <datafield tag="650" ind1=" " ind2=" ">
        <subfield code="a">MARITIME TRANSPORT</subfield>
        <subfield code="0">(DHLAUTH)272479</subfield>
    </datafield>
    <datafield tag="650" ind1=" " ind2=" ">
        <subfield code="a">ARAB COUNTRIES</subfield>
        <subfield code="0">(DHLAUTH)268705</subfield>
    </datafield>
    <datafield tag="650" ind1=" " ind2=" ">
        <subfield code="a">CONFERENCES</subfield>
        <subfield code="0">(DHLAUTH)275758</subfield>
    </datafield>
</record>
<record>
    <datafield tag="191" ind1=" " ind2=" ">
        <subfield code="a">E/ESCWA/EDID/2015/IG.3/4(PART I)</subfield>
    </datafield>
    <datafield tag="245" ind1=" " ind2=" ">
        <subfield code="a">PROGRESS ACHIEVED IN THE FIELD OF TRANSPORT SINCE THE FIFTEENTH SESSION OF THE COMMITTEE ON TRANSPORT : IMPLEMENTATION OF THE RECOMMENDATIONS MADE BY THE COMMITTEE AT ITS FIFTEENTH SESSION : COMMITTEE ON TRANSPORT, SIXTEENTH SESSION, CAIRO, 23 - 24 NOVEMBER 2015</subfield>
    </datafield>
    <datafield tag="246" ind1=" " ind2=" ">
        <subfield code="a">التقدم المحرز في مجال النقل منذ الدورة الخامسة عشرة للجنة النقل : تنفيذ التوصيات الصادرة عن اللجنة في دورتها الخامسة عشرة : لجنة النقل، الدورة السادسة عشرة، القاهرة، 23 - 24 تشرين الثاني/نوفمبر 2015</subfield>
    </datafield>
    <datafield tag="269" ind1=" " ind2=" ">
        <subfield code="a">20151109</subfield>
    </datafield>
    <datafield tag="650" ind1=" " ind2=" ">
        <subfield code="a">TRANSPORT</subfield>
        <subfield code="0">(DHLAUTH)272243</subfield>
    </datafield>
    <datafield tag="650" ind1=" " ind2=" ">
        <subfield code="a">INTERGOVERNMENTAL BODIES</subfield>
        <subfield code="0">(DHLAUTH)275766</subfield>
    </datafield>
    <datafield tag="650" ind1=" " ind2=" ">
        <subfield code="a">REGIONAL COMMISSIONS</subfield>
        <subfield code="0">(DHLAUTH)269969</subfield>
    </datafield>
    <datafield tag="650" ind1=" " ind2=" ">
        <subfield code="a">RECOMMENDATIONS</subfield>
        <subfield code="0">(DHLAUTH)275840</subfield>
    </datafield>
    <datafield tag="650" ind1=" " ind2=" ">
        <subfield code="a">CONFERENCES</subfield>
        <subfield code="0">(DHLAUTH)275758</subfield>
    </datafield>
    <datafield tag="650" ind1=" " ind2=" ">
        <subfield code="a">ROAD TRANSPORT</subfield>
        <subfield code="0">(DHLAUTH)9060</subfield>
    </datafield>
    <datafield tag="650" ind1=" " ind2=" ">
        <subfield code="a">ROAD SIGNS AND SIGNALS</subfield>
        <subfield code="0">(DHLAUTH)272592</subfield>
    </datafield>
    <datafield tag="650" ind1=" " ind2=" ">
        <subfield code="a">ARAB COUNTRIES</subfield>
        <subfield code="0">(DHLAUTH)268705</subfield>
    </datafield>
    <datafield tag="650" ind1=" " ind2=" ">
        <subfield code="a">PROGRAMME IMPLEMENTATION</subfield>
        <subfield code="0">(DHLAUTH)275794</subfield>
    </datafield>
</record>
<record>
    <datafield tag="191" ind1=" " ind2=" ">
        <subfield code="a">E/ESCWA/EDID/2015/IG.3/5</subfield>
    </datafield>
    <datafield tag="246" ind1=" " ind2=" ">
        <subfield code="a">سلامة المرور على الطرق : لجنة النقل، الدورة السادسة عشرة، القاهرة، 23 - 24 تشرين الثاني/نوفمبر 2015</subfield>
    </datafield>
    <datafield tag="269" ind1=" " ind2=" ">
        <subfield code="a">20170522</subfield>
    </datafield>
    <datafield tag="650" ind1=" " ind2=" ">
        <subfield code="a">TRAFFIC SAFETY</subfield>
        <subfield code="0">(DHLAUTH)272598</subfield>
    </datafield>
    <datafield tag="650" ind1=" " ind2=" ">
        <subfield code="a">ROAD TRANSPORT</subfield>
        <subfield code="0">(DHLAUTH)9060</subfield>
    </datafield>
    <datafield tag="650" ind1=" " ind2=" ">
        <subfield code="a">ARAB COUNTRIES</subfield>
        <subfield code="0">(DHLAUTH)268705</subfield>
    </datafield>
    <datafield tag="650" ind1=" " ind2=" ">
        <subfield code="a">INTERGOVERNMENTAL BODIES</subfield>
        <subfield code="0">(DHLAUTH)275766</subfield>
    </datafield>
    <datafield tag="650" ind1=" " ind2=" ">
        <subfield code="a">REGIONAL COMMISSIONS</subfield>
        <subfield code="0">(DHLAUTH)269969</subfield>
    </datafield>
    <datafield tag="650" ind1=" " ind2=" ">
        <subfield code="a">WESTERN ASIA</subfield>
        <subfield code="0">(DHLAUTH)275490</subfield>
    </datafield>
    <datafield tag="650" ind1=" " ind2=" ">
        <subfield code="a">CONFERENCES</subfield>
        <subfield code="0">(DHLAUTH)275758</subfield>
    </datafield>
</record>
<record>
    <datafield tag="191" ind1=" " ind2=" ">
        <subfield code="a">E/ESCWA/EDID/2016/1</subfield>
    </datafield>
    <datafield tag="245" ind1=" " ind2=" ">
        <subfield code="a">SURVEY OF ECONOMIC AND SOCIAL DEVELOPMENTS IN THE ARAB REGION 2015- 2016</subfield>
    </datafield>
    <datafield tag="246" ind1=" " ind2=" ">
        <subfield code="a">مسح التطورات الاقتصادية والاجتماعية في المنطقة العربية 2015 - 2016</subfield>
    </datafield>
    <datafield tag="269" ind1=" " ind2=" ">
        <subfield code="a">20160101</subfield>
    </datafield>
    <datafield tag="650" ind1=" " ind2=" ">
        <subfield code="a">ECONOMIC CONDITIONS</subfield>
        <subfield code="0">(DHLAUTH)269719</subfield>
    </datafield>
    <datafield tag="650" ind1=" " ind2=" ">
        <subfield code="a">SOCIAL CONDITIONS</subfield>
        <subfield code="0">(DHLAUTH)268327</subfield>
    </datafield>
    <datafield tag="650" ind1=" " ind2=" ">
        <subfield code="a">SOCIAL SURVEYS</subfield>
        <subfield code="0">(DHLAUTH)269794</subfield>
    </datafield>
    <datafield tag="650" ind1=" " ind2=" ">
        <subfield code="a">ECONOMIC SURVEYS</subfield>
        <subfield code="0">(DHLAUTH)269780</subfield>
    </datafield>
    <datafield tag="650" ind1=" " ind2=" ">
        <subfield code="a">ARAB COUNTRIES</subfield>
        <subfield code="0">(DHLAUTH)268705</subfield>
    </datafield>
</record>
<record>
    <datafield tag="191" ind1=" " ind2=" ">
        <subfield code="a">E/ESCWA/EDID/2016/IG.1/3</subfield>
    </datafield>
    <datafield tag="245" ind1=" " ind2=" ">
        <subfield code="a">PROGRESS ACHIEVED IN THE FIELD OF TRANSPORT SINCE THE SIXTEENTH SESSION OF THE COMMITTEE ON TRANSPORT : ECONOMIC AND SOCIAL COMMISSION FOR WESTERN ASIA (ESCWA), COMMITTEE ON TRANSPORT AND LOGISTICS, SEVENTEENTH SESSION, 23 - 24 JANUARY 2017</subfield>
    </datafield>
    <datafield tag="246" ind1=" " ind2=" ">
        <subfield code="a">التقدم المحرز في مجال النقل منذ الدورة السادسة عشرة للجنة النقل : اللجنة الاقتصادية والاجتماعية لغربي آسيا (الاسكوا). لجنة النقل واللوجستيات، الدورة السابعة عشرة، القاهرة، 23 - 24 كانون الثاني/يناير 2017</subfield>
    </datafield>
    <datafield tag="269" ind1=" " ind2=" ">
        <subfield code="a">20161223</subfield>
    </datafield>
    <datafield tag="650" ind1=" " ind2=" ">
        <subfield code="a">TRANSPORT</subfield>
        <subfield code="0">(DHLAUTH)272243</subfield>
    </datafield>
    <datafield tag="650" ind1=" " ind2=" ">
        <subfield code="a">INTERGOVERNMENTAL BODIES</subfield>
        <subfield code="0">(DHLAUTH)275766</subfield>
    </datafield>
    <datafield tag="650" ind1=" " ind2=" ">
        <subfield code="a">REGIONAL COMMISSIONS</subfield>
        <subfield code="0">(DHLAUTH)269969</subfield>
    </datafield>
    <datafield tag="650" ind1=" " ind2=" ">
        <subfield code="a">CONFERENCES</subfield>
        <subfield code="0">(DHLAUTH)275758</subfield>
    </datafield>
    <datafield tag="650" ind1=" " ind2=" ">
        <subfield code="a">PROGRAMME IMPLEMENTATION</subfield>
        <subfield code="0">(DHLAUTH)275794</subfield>
    </datafield>
</record>
<record>
    <datafield tag="191" ind1=" " ind2=" ">
        <subfield code="a">E/ESCWA/EDID/2016/IG.1/3(PART III)</subfield>
    </datafield>
    <datafield tag="246" ind1=" " ind2=" ">
        <subfield code="a">التقدم المحرز في مجال النقل منذ الدورة السادسة عشرة للجنة النقل : متابعة تنفيذ مكونات نظام النقل المتكامل بين الدول العربية : اللجنة الاقتصادية والاجتماعية لغربي آسيا (الاسكوا). لجنة النقل واللوجستيات، الدورة السابعة عشرة، القاهرة، 23 - 24 كانون الثاني/يناير 2017</subfield>
    </datafield>
    <datafield tag="269" ind1=" " ind2=" ">
        <subfield code="a">20170106</subfield>
    </datafield>
    <datafield tag="650" ind1=" " ind2=" ">
        <subfield code="a">TRANSPORT</subfield>
        <subfield code="0">(DHLAUTH)272243</subfield>
    </datafield>
    <datafield tag="650" ind1=" " ind2=" ">
        <subfield code="a">PROGRAMME IMPLEMENTATION</subfield>
        <subfield code="0">(DHLAUTH)275794</subfield>
    </datafield>
    <datafield tag="650" ind1=" " ind2=" ">
        <subfield code="a">TRANSPORT AGREEMENTS</subfield>
        <subfield code="0">(DHLAUTH)581346</subfield>
    </datafield>
    <datafield tag="650" ind1=" " ind2=" ">
        <subfield code="a">INTERGOVERNMENTAL BODIES</subfield>
        <subfield code="0">(DHLAUTH)275766</subfield>
    </datafield>
    <datafield tag="650" ind1=" " ind2=" ">
        <subfield code="a">WESTERN ASIA</subfield>
        <subfield code="0">(DHLAUTH)275490</subfield>
    </datafield>
    <datafield tag="650" ind1=" " ind2=" ">
        <subfield code="a">CONFERENCES</subfield>
        <subfield code="0">(DHLAUTH)275758</subfield>
    </datafield>
</record>
<record>
    <datafield tag="191" ind1=" " ind2=" ">
        <subfield code="a">E/ESCWA/EDID/2016/IG.1/3(PART II)</subfield>
    </datafield>
    <datafield tag="245" ind1=" " ind2=" ">
        <subfield code="a">PROGRESS ACHIEVED IN THE FIELD OF TRANSPORT SINCE THE SIXTEENTH SESSION OF THE COMMITTEE ON TRANSPORT : IMPLEMENTATION OF TRANSPORT-RELATED ACTIVITIES UNDER ESCWA PROGRAMME OF WORK : ECONOMIC AND SOCIAL COMMISSION FOR WESTERN ASIA (ESCWA), COMMITTEE ON TRANSPORT AND LOGISTICS, SEVENTEENTH SESSION, 23 - 24 JANUARY 2017</subfield>
    </datafield>
    <datafield tag="246" ind1=" " ind2=" ">
        <subfield code="a">التقدم المحرز في مجال النقل منذ الدورة السادسة عشرة للجنة النقل : تنفيذ الانشطة المتعلقة بالنقل في اطار برنامج عمل الاسكوا : اللجنة الاقتصادية والاجتماعية لغربي آسيا (الاسكوا). لجنة النقل واللوجستيات، الدورة السابعة عشرة، القاهرة، 23 - 24 كانون الثاني/يناير 2017</subfield>
    </datafield>
    <datafield tag="269" ind1=" " ind2=" ">
        <subfield code="a">20161205</subfield>
    </datafield>
    <datafield tag="650" ind1=" " ind2=" ">
        <subfield code="a">TRANSPORT</subfield>
        <subfield code="0">(DHLAUTH)272243</subfield>
    </datafield>
    <datafield tag="650" ind1=" " ind2=" ">
        <subfield code="a">PROGRAMME IMPLEMENTATION</subfield>
        <subfield code="0">(DHLAUTH)275794</subfield>
    </datafield>
    <datafield tag="650" ind1=" " ind2=" ">
        <subfield code="a">REGIONAL COMMISSIONS</subfield>
        <subfield code="0">(DHLAUTH)269969</subfield>
    </datafield>
    <datafield tag="650" ind1=" " ind2=" ">
        <subfield code="a">INTERGOVERNMENTAL BODIES</subfield>
        <subfield code="0">(DHLAUTH)275766</subfield>
    </datafield>
    <datafield tag="650" ind1=" " ind2=" ">
        <subfield code="a">ACTIVITIES</subfield>
        <subfield code="0">(DHLAUTH)275823</subfield>
    </datafield>
    <datafield tag="650" ind1=" " ind2=" ">
        <subfield code="a">WESTERN ASIA</subfield>
        <subfield code="0">(DHLAUTH)275490</subfield>
    </datafield>
    <datafield tag="650" ind1=" " ind2=" ">
        <subfield code="a">CONFERENCES</subfield>
        <subfield code="0">(DHLAUTH)275758</subfield>
    </datafield>
</record>
<record>
    <datafield tag="191" ind1=" " ind2=" ">
        <subfield code="a">E/ESCWA/EDID/2016/IG.1/3(PART I)</subfield>
    </datafield>
    <datafield tag="245" ind1=" " ind2=" ">
        <subfield code="a">PROGRESS ACHIEVED IN THE FIELD OF TRANSPORT SINCE THE SIXTEENTH SESSION OF THE COMMITTEE ON TRANSPORT : IMPLEMENTATION OF THE RECOMMENDATIONS MADE BY THE COMMITTEE AT ITS SIXTEENTH SESSION : ECONOMIC AND SOCIAL COMMISSION FOR WESTERN ASIA (ESCWA), COMMITTEE ON TRANSPORT AND LOGISTICS, SEVENTEENTH SESSION, 23 - 24 JANUARY 2017</subfield>
    </datafield>
    <datafield tag="246" ind1=" " ind2=" ">
        <subfield code="a">التقدم المحرز في مجال النقل منذ الدورة السادسة عشرة للجنة النقل  : تنفيذ التوصيات الصادرة عن اللجنة في دورتها السادسة عشرة : اللجنة الاقتصادية والاجتماعية لغربي آسيا (الاسكوا). لجنة النقل واللوجستيات، الدورة السابعة عشرة، القاهرة، 23 - 24 كانون الثاني/يناير 2017</subfield>
    </datafield>
    <datafield tag="269" ind1=" " ind2=" ">
        <subfield code="a">20160831</subfield>
    </datafield>
    <datafield tag="650" ind1=" " ind2=" ">
        <subfield code="a">TRANSPORT</subfield>
        <subfield code="0">(DHLAUTH)272243</subfield>
    </datafield>
    <datafield tag="650" ind1=" " ind2=" ">
        <subfield code="a">REGIONAL COMMISSIONS</subfield>
        <subfield code="0">(DHLAUTH)269969</subfield>
    </datafield>
    <datafield tag="650" ind1=" " ind2=" ">
        <subfield code="a">PROGRAMME IMPLEMENTATION</subfield>
        <subfield code="0">(DHLAUTH)275794</subfield>
    </datafield>
    <datafield tag="650" ind1=" " ind2=" ">
        <subfield code="a">INTERGOVERNMENTAL BODIES</subfield>
        <subfield code="0">(DHLAUTH)275766</subfield>
    </datafield>
    <datafield tag="650" ind1=" " ind2=" ">
        <subfield code="a">WESTERN ASIA</subfield>
        <subfield code="0">(DHLAUTH)275490</subfield>
    </datafield>
    <datafield tag="650" ind1=" " ind2=" ">
        <subfield code="a">CONFERENCES</subfield>
        <subfield code="0">(DHLAUTH)275758</subfield>
    </datafield>
</record>
<record>
    <datafield tag="191" ind1=" " ind2=" ">
        <subfield code="a">E/ESCWA/EDID/2016/IG.1/4</subfield>
    </datafield>
    <datafield tag="245" ind1=" " ind2=" ">
        <subfield code="a">TRANSPORT AND LOGISTICS IN THE ARAB REGION : ECONOMIC AND SOCIAL COMMISSION FOR WESTERN ASIA (ESCWA), COMMITTEE ON TRANSPORT AND LOGISTICS, SEVENTEENTH SESSION, 23 - 24 JANUARY 2017</subfield>
    </datafield>
    <datafield tag="246" ind1=" " ind2=" ">
        <subfield code="a">النقل واللوجستيات في المنطقة العربية : اللجنة الاقتصادية والاجتماعية لغربي آسيا (الاسكوا). لجنة النقل واللوجستيات، الدورة السابعة عشرة، القاهرة، 23 - 24 كانون الثاني/يناير 2017</subfield>
    </datafield>
    <datafield tag="269" ind1=" " ind2=" ">
        <subfield code="a">20171223</subfield>
    </datafield>
    <datafield tag="650" ind1=" " ind2=" ">
        <subfield code="a">TRANSPORT</subfield>
        <subfield code="0">(DHLAUTH)272243</subfield>
    </datafield>
    <datafield tag="650" ind1=" " ind2=" ">
        <subfield code="a">LOGISTICS</subfield>
        <subfield code="0">(DHLAUTH)268906</subfield>
    </datafield>
    <datafield tag="650" ind1=" " ind2=" ">
        <subfield code="a">INTERGOVERNMENTAL BODIES</subfield>
        <subfield code="0">(DHLAUTH)275766</subfield>
    </datafield>
    <datafield tag="650" ind1=" " ind2=" ">
        <subfield code="a">REGIONAL COMMISSIONS</subfield>
        <subfield code="0">(DHLAUTH)269969</subfield>
    </datafield>
    <datafield tag="650" ind1=" " ind2=" ">
        <subfield code="a">WESTERN ASIA</subfield>
        <subfield code="0">(DHLAUTH)275490</subfield>
    </datafield>
    <datafield tag="650" ind1=" " ind2=" ">
        <subfield code="a">CONFERENCES</subfield>
        <subfield code="0">(DHLAUTH)275758</subfield>
    </datafield>
</record>
<record>
    <datafield tag="191" ind1=" " ind2=" ">
        <subfield code="a">E/ESCWA/EDID/2016/IG.1/4(PART III)</subfield>
    </datafield>
    <datafield tag="246" ind1=" " ind2=" ">
        <subfield code="a">النقل واللوجستيات في المنطقة العربية : دور النقل الطرقي ضمن سلاسل اللوجستيات المتعدد الانماط : اللجنة الاقتصادية والاجتماعية لغربي آسيا (الاسكوا). لجنة النقل واللوجستيات، الدورة السابعة عشرة، القاهرة، 23 - 24 كانون الثاني/يناير 2017</subfield>
    </datafield>
    <datafield tag="269" ind1=" " ind2=" ">
        <subfield code="a">20170117</subfield>
    </datafield>
    <datafield tag="650" ind1=" " ind2=" ">
        <subfield code="a">TRANSPORT</subfield>
        <subfield code="0">(DHLAUTH)272243</subfield>
    </datafield>
    <datafield tag="650" ind1=" " ind2=" ">
        <subfield code="a">LOGISTICS</subfield>
        <subfield code="0">(DHLAUTH)268906</subfield>
    </datafield>
    <datafield tag="650" ind1=" " ind2=" ">
        <subfield code="a">ROAD TRANSPORT</subfield>
        <subfield code="0">(DHLAUTH)9060</subfield>
    </datafield>
    <datafield tag="650" ind1=" " ind2=" ">
        <subfield code="a">ARAB COUNTRIES</subfield>
        <subfield code="0">(DHLAUTH)268705</subfield>
    </datafield>
    <datafield tag="650" ind1=" " ind2=" ">
        <subfield code="a">REGIONAL COMMISSIONS</subfield>
        <subfield code="0">(DHLAUTH)269969</subfield>
    </datafield>
    <datafield tag="650" ind1=" " ind2=" ">
        <subfield code="a">INTERGOVERNMENTAL BODIES</subfield>
        <subfield code="0">(DHLAUTH)275766</subfield>
    </datafield>
    <datafield tag="650" ind1=" " ind2=" ">
        <subfield code="a">WESTERN ASIA</subfield>
        <subfield code="0">(DHLAUTH)275490</subfield>
    </datafield>
    <datafield tag="650" ind1=" " ind2=" ">
        <subfield code="a">CONFERENCES</subfield>
        <subfield code="0">(DHLAUTH)275758</subfield>
    </datafield>
</record>
<record>
    <datafield tag="191" ind1=" " ind2=" ">
        <subfield code="a">E/ESCWA/EDID/2016/IG.1/4(PART II)</subfield>
    </datafield>
    <datafield tag="245" ind1=" " ind2=" ">
        <subfield code="a">TRANSPORT AND LOGISTICS IN THE ARAB REGION : MARITIME TRANSPORT IN THE ARAB REGION : ECONOMIC AND SOCIAL COMMISSION FOR WESTERN ASIA (ESCWA), COMMITTEE ON TRANSPORT AND LOGISTICS, SEVENTEENTH SESSION, 23 - 24 JANUARY 2017</subfield>
    </datafield>
    <datafield tag="246" ind1=" " ind2=" ">
        <subfield code="a">النقل واللوجستيات في المنطقة العربية : النقل البحري في المنطقة العربية : اللجنة الاقتصادية والاجتماعية لغربي آسيا (الاسكوا). لجنة النقل واللوجستيات، الدورة السابعة عشرة، القاهرة، 23 - 24 كانون الثاني/يناير 2017</subfield>
    </datafield>
    <datafield tag="269" ind1=" " ind2=" ">
        <subfield code="a">20161123</subfield>
    </datafield>
    <datafield tag="650" ind1=" " ind2=" ">
        <subfield code="a">TRANSPORT</subfield>
        <subfield code="0">(DHLAUTH)272243</subfield>
    </datafield>
    <datafield tag="650" ind1=" " ind2=" ">
        <subfield code="a">MARITIME TRANSPORT</subfield>
        <subfield code="0">(DHLAUTH)272479</subfield>
    </datafield>
    <datafield tag="650" ind1=" " ind2=" ">
        <subfield code="a">LOGISTICS</subfield>
        <subfield code="0">(DHLAUTH)268906</subfield>
    </datafield>
    <datafield tag="650" ind1=" " ind2=" ">
        <subfield code="a">WESTERN ASIA</subfield>
        <subfield code="0">(DHLAUTH)275490</subfield>
    </datafield>
    <datafield tag="650" ind1=" " ind2=" ">
        <subfield code="a">ARAB COUNTRIES</subfield>
        <subfield code="0">(DHLAUTH)268705</subfield>
    </datafield>
    <datafield tag="650" ind1=" " ind2=" ">
        <subfield code="a">INTERGOVERNMENTAL BODIES</subfield>
        <subfield code="0">(DHLAUTH)275766</subfield>
    </datafield>
    <datafield tag="650" ind1=" " ind2=" ">
        <subfield code="a">REGIONAL COMMISSIONS</subfield>
        <subfield code="0">(DHLAUTH)269969</subfield>
    </datafield>
    <datafield tag="650" ind1=" " ind2=" ">
        <subfield code="a">CONFERENCES</subfield>
        <subfield code="0">(DHLAUTH)275758</subfield>
    </datafield>
</record>
<record>
    <datafield tag="191" ind1=" " ind2=" ">
        <subfield code="a">E/ESCWA/EDID/2016/IG.1/4(PART IV)</subfield>
    </datafield>
    <datafield tag="246" ind1=" " ind2=" ">
        <subfield code="a">النقل واللوجستيات في المنطقة العربية : اتفاقات النقل الدولية : فوائد الانضمام : اللجنة الاقتصادية والاجتماعية لغربي آسيا (الاسكوا). لجنة النقل واللوجستيات، الدورة السابعة عشرة، القاهرة، 23 - 24 كانون الثاني/يناير 2017</subfield>
    </datafield>
    <datafield tag="269" ind1=" " ind2=" ">
        <subfield code="a">20161223</subfield>
    </datafield>
    <datafield tag="650" ind1=" " ind2=" ">
        <subfield code="a">TRANSPORT AGREEMENTS</subfield>
        <subfield code="0">(DHLAUTH)581346</subfield>
    </datafield>
    <datafield tag="650" ind1=" " ind2=" ">
        <subfield code="a">LOGISTICS</subfield>
        <subfield code="0">(DHLAUTH)268906</subfield>
    </datafield>
    <datafield tag="650" ind1=" " ind2=" ">
        <subfield code="a">ARAB COUNTRIES</subfield>
        <subfield code="0">(DHLAUTH)268705</subfield>
    </datafield>
    <datafield tag="650" ind1=" " ind2=" ">
        <subfield code="a">WESTERN ASIA</subfield>
        <subfield code="0">(DHLAUTH)275490</subfield>
    </datafield>
    <datafield tag="650" ind1=" " ind2=" ">
        <subfield code="a">REGIONAL COMMISSIONS</subfield>
        <subfield code="0">(DHLAUTH)269969</subfield>
    </datafield>
    <datafield tag="650" ind1=" " ind2=" ">
        <subfield code="a">INTERGOVERNMENTAL BODIES</subfield>
        <subfield code="0">(DHLAUTH)275766</subfield>
    </datafield>
    <datafield tag="650" ind1=" " ind2=" ">
        <subfield code="a">CONFERENCES</subfield>
        <subfield code="0">(DHLAUTH)275758</subfield>
    </datafield>
</record>
<record>
    <datafield tag="191" ind1=" " ind2=" ">
        <subfield code="a">E/ESCWA/EDID/2016/IG.1/4(PART I)</subfield>
    </datafield>
    <datafield tag="245" ind1=" " ind2=" ">
        <subfield code="a">TRANSPORT AND LOGISTICS IN THE ARAB REGION : CONNECTIVITY TO GLOBAL VALUE CHAINS : ECONOMIC AND SOCIAL COMMISSION FOR WESTERN ASIA (ESCWA), COMMITTEE ON TRANSPORT AND LOGISTICS, SEVENTEENTH SESSION, 23 - 24 JANUARY 2017</subfield>
    </datafield>
    <datafield tag="246" ind1=" " ind2=" ">
        <subfield code="a">النقل واللوجستيات في المنطقة العربية : دور النقل في الاتصال بسلاسل القيمة العالمية : اللجنة الاقتصادية والاجتماعية لغربي آسيا (الاسكوا). لجنة النقل واللوجستيات، الدورة السابعة عشرة، القاهرة، 23 - 24 كانون الثاني/يناير 2017</subfield>
    </datafield>
    <datafield tag="269" ind1=" " ind2=" ">
        <subfield code="a">20160831</subfield>
    </datafield>
    <datafield tag="650" ind1=" " ind2=" ">
        <subfield code="a">TRANSPORT</subfield>
        <subfield code="0">(DHLAUTH)272243</subfield>
    </datafield>
    <datafield tag="650" ind1=" " ind2=" ">
        <subfield code="a">LOGISTICS</subfield>
        <subfield code="0">(DHLAUTH)268906</subfield>
    </datafield>
    <datafield tag="650" ind1=" " ind2=" ">
        <subfield code="a">FREE TRADE</subfield>
        <subfield code="0">(DHLAUTH)269653</subfield>
    </datafield>
    <datafield tag="650" ind1=" " ind2=" ">
        <subfield code="a">FREE TRADE AREAS</subfield>
        <subfield code="0">(DHLAUTH)269767</subfield>
    </datafield>
    <datafield tag="650" ind1=" " ind2=" ">
        <subfield code="a">FOREIGN TRADE POLICY</subfield>
        <subfield code="0">(DHLAUTH)270474</subfield>
    </datafield>
    <datafield tag="650" ind1=" " ind2=" ">
        <subfield code="a">WESTERN ASIA</subfield>
        <subfield code="0">(DHLAUTH)275490</subfield>
    </datafield>
    <datafield tag="650" ind1=" " ind2=" ">
        <subfield code="a">CONFERENCES</subfield>
        <subfield code="0">(DHLAUTH)275758</subfield>
    </datafield>
    <datafield tag="650" ind1=" " ind2=" ">
        <subfield code="a">REGIONAL COMMISSIONS</subfield>
        <subfield code="0">(DHLAUTH)269969</subfield>
    </datafield>
    <datafield tag="650" ind1=" " ind2=" ">
        <subfield code="a">INTERGOVERNMENTAL BODIES</subfield>
        <subfield code="0">(DHLAUTH)275766</subfield>
    </datafield>
</record>
<record>
    <datafield tag="191" ind1=" " ind2=" ">
        <subfield code="a">E/ESCWA/EDID/2016/IG.1/5</subfield>
    </datafield>
    <datafield tag="245" ind1=" " ind2=" ">
        <subfield code="a">TRANSPORT IN THE 2030 AGENDA FOR SUSTAINABLE DEVELOPMENT : ECONOMIC AND SOCIAL COMMISSION FOR WESTERN ASIA (ESCWA), COMMITTEE ON TRANSPORT AND LOGISTICS, SEVENTEENTH SESSION, 23 - 24 JANUARY 2017</subfield>
    </datafield>
    <datafield tag="246" ind1=" " ind2=" ">
        <subfield code="a">النقل ضمن خطة الامم المتحدة للتنمية المستدامة لعام 2030 : اللجنة الاقتصادية والاجتماعية لغربي آسيا (الاسكوا). لجنة النقل واللوجستيات، الدورة السابعة عشرة، القاهرة، 23 - 24 كانون الثاني/يناير 2017</subfield>
    </datafield>
    <datafield tag="269" ind1=" " ind2=" ">
        <subfield code="a">20161228</subfield>
    </datafield>
    <datafield tag="650" ind1=" " ind2=" ">
        <subfield code="a">SUSTAINABLE DEVELOPMENT</subfield>
        <subfield code="0">(DHLAUTH)269920</subfield>
    </datafield>
    <datafield tag="650" ind1=" " ind2=" ">
        <subfield code="a">TRANSPORT</subfield>
        <subfield code="0">(DHLAUTH)272243</subfield>
    </datafield>
    <datafield tag="650" ind1=" " ind2=" ">
        <subfield code="a">SUSTAINABLE TRANSPORT</subfield>
        <subfield code="0">(DHLAUTH)559607</subfield>
    </datafield>
    <datafield tag="650" ind1=" " ind2=" ">
        <subfield code="a">REGIONAL COMMISSIONS</subfield>
        <subfield code="0">(DHLAUTH)269969</subfield>
    </datafield>
    <datafield tag="650" ind1=" " ind2=" ">
        <subfield code="a">INTERGOVERNMENTAL BODIES</subfield>
        <subfield code="0">(DHLAUTH)275766</subfield>
    </datafield>
    <datafield tag="650" ind1=" " ind2=" ">
        <subfield code="a">WESTERN ASIA</subfield>
        <subfield code="0">(DHLAUTH)275490</subfield>
    </datafield>
    <datafield tag="650" ind1=" " ind2=" ">
        <subfield code="a">ARAB COUNTRIES</subfield>
        <subfield code="0">(DHLAUTH)268705</subfield>
    </datafield>
    <datafield tag="650" ind1=" " ind2=" ">
        <subfield code="a">CONFERENCES</subfield>
        <subfield code="0">(DHLAUTH)275758</subfield>
    </datafield>
</record>
<record>
    <datafield tag="191" ind1=" " ind2=" ">
        <subfield code="a">E/ESCWA/EDID/2016/IG.1/5(PART II)</subfield>
    </datafield>
    <datafield tag="245" ind1=" " ind2=" ">
        <subfield code="a">TRANSPORT IN THE 2030 AGENDA FOR SUSTAINABLE DEVELOPMENT : OUTCOME OF THE GLOBAL SUSTAINABLE TRANSPORT CONFERENCE : ECONOMIC AND SOCIAL COMMISSION FOR WESTERN ASIA (ESCWA), COMMITTEE ON TRANSPORT AND LOGISTICS, SEVENTEENTH SESSION, 23 - 24 JANUARY 2017</subfield>
    </datafield>
    <datafield tag="246" ind1=" " ind2=" ">
        <subfield code="a">النقل ضمن خطة الامم المتحدة للتنمية المستدامة لعام 2030 : نتائج المؤتمر العالمي بشأن النقل المستدام : اللجنة الاقتصادية والاجتماعية لغربي آسيا (الاسكوا). لجنة النقل واللوجستيات، الدورة السابعة عشرة، القاهرة، 23 - 24 كانون الثاني/يناير 2017</subfield>
    </datafield>
    <datafield tag="269" ind1=" " ind2=" ">
        <subfield code="a">20170105</subfield>
    </datafield>
    <datafield tag="650" ind1=" " ind2=" ">
        <subfield code="a">SUSTAINABLE TRANSPORT</subfield>
        <subfield code="0">(DHLAUTH)559607</subfield>
    </datafield>
    <datafield tag="650" ind1=" " ind2=" ">
        <subfield code="a">MULTIMEDIA SYSTEMS</subfield>
        <subfield code="0">(DHLAUTH)276701</subfield>
    </datafield>
    <datafield tag="650" ind1=" " ind2=" ">
        <subfield code="a">ARAB COUNTRIES</subfield>
        <subfield code="0">(DHLAUTH)268705</subfield>
    </datafield>
    <datafield tag="650" ind1=" " ind2=" ">
        <subfield code="a">WESTERN ASIA</subfield>
        <subfield code="0">(DHLAUTH)275490</subfield>
    </datafield>
    <datafield tag="650" ind1=" " ind2=" ">
        <subfield code="a">REGIONAL COMMISSIONS</subfield>
        <subfield code="0">(DHLAUTH)269969</subfield>
    </datafield>
    <datafield tag="650" ind1=" " ind2=" ">
        <subfield code="a">INTERGOVERNMENTAL BODIES</subfield>
        <subfield code="0">(DHLAUTH)275766</subfield>
    </datafield>
    <datafield tag="650" ind1=" " ind2=" ">
        <subfield code="a">CONFERENCES</subfield>
        <subfield code="0">(DHLAUTH)275758</subfield>
    </datafield>
</record>
<record>
    <datafield tag="191" ind1=" " ind2=" ">
        <subfield code="a">E/ESCWA/EDID/2016/IG.1/5(PART I)</subfield>
    </datafield>
    <datafield tag="245" ind1=" " ind2=" ">
        <subfield code="a">TRANSPORT IN THE 2030 AGENDA FOR SUSTAINABLE DEVELOPMENT : TRANSPORT AND THE SUSTAINABLE DEVELOPMENT GOALS : ECONOMIC AND SOCIAL COMMISSION FOR WESTERN ASIA (ESCWA), COMMITTEE ON TRANSPORT AND LOGISTICS, SEVENTEENTH SESSION, 23 - 24 JANUARY 2017</subfield>
    </datafield>
    <datafield tag="246" ind1=" " ind2=" ">
        <subfield code="a">النقل ضمن خطة الامم المتحدة للتنمية المستدامة لعام 2030 : النقل واهداف التنمية المستدامة : اللجنة الاقتصادية والاجتماعية لغربي آسيا (الاسكوا). لجنة النقل واللوجستيات، الدورة السابعة عشرة، القاهرة، 23 - 24 كانون الثاني/يناير 2017</subfield>
    </datafield>
    <datafield tag="269" ind1=" " ind2=" ">
        <subfield code="a">20161123</subfield>
    </datafield>
    <datafield tag="650" ind1=" " ind2=" ">
        <subfield code="a">SUSTAINABLE DEVELOPMENT</subfield>
        <subfield code="0">(DHLAUTH)269920</subfield>
    </datafield>
    <datafield tag="650" ind1=" " ind2=" ">
        <subfield code="a">TRANSPORT</subfield>
        <subfield code="0">(DHLAUTH)272243</subfield>
    </datafield>
    <datafield tag="650" ind1=" " ind2=" ">
        <subfield code="a">ARAB COUNTRIES</subfield>
        <subfield code="0">(DHLAUTH)268705</subfield>
    </datafield>
    <datafield tag="650" ind1=" " ind2=" ">
        <subfield code="a">WESTERN ASIA</subfield>
        <subfield code="0">(DHLAUTH)275490</subfield>
    </datafield>
    <datafield tag="650" ind1=" " ind2=" ">
        <subfield code="a">INTERGOVERNMENTAL BODIES</subfield>
        <subfield code="0">(DHLAUTH)275766</subfield>
    </datafield>
    <datafield tag="650" ind1=" " ind2=" ">
        <subfield code="a">REGIONAL COMMISSIONS</subfield>
        <subfield code="0">(DHLAUTH)269969</subfield>
    </datafield>
    <datafield tag="650" ind1=" " ind2=" ">
        <subfield code="a">CONFERENCES</subfield>
        <subfield code="0">(DHLAUTH)275758</subfield>
    </datafield>
</record>
<record>
    <datafield tag="191" ind1=" " ind2=" ">
        <subfield code="a">E/ESCWA/EDID/2016/IG.1/6</subfield>
    </datafield>
    <datafield tag="245" ind1=" " ind2=" ">
        <subfield code="a">STRATEGIC FRAMEWORK AND PROPOSED ACTIVITIES IN THE FILED OF TRANSPORT AND LOGISTICS FOR THE BIENNIUM 2018-2019 : ECONOMIC AND SOCIAL COMMISSION FOR WESTERN ASIA (ESCWA), COMMITTEE ON TRANSPORT AND LOGISTICS, SEVENTEENTH SESSION, 23 - 24 JANUARY 2017</subfield>
    </datafield>
    <datafield tag="246" ind1=" " ind2=" ">
        <subfield code="a">الاطار الاستراتيجي والانشطة المقترحة في مجال النقل واللوجستيات لفترة السنتين 2018 - 2019 : اللجنة الاقتصادية والاجتماعية لغربي آسيا (الاسكوا). لجنة النقل واللوجستيات، الدورة السابعة عشرة، القاهرة، 23 - 24 كانون الثاني/يناير 2017</subfield>
    </datafield>
    <datafield tag="269" ind1=" " ind2=" ">
        <subfield code="a">20161223</subfield>
    </datafield>
    <datafield tag="650" ind1=" " ind2=" ">
        <subfield code="a">TRANSPORT</subfield>
        <subfield code="0">(DHLAUTH)272243</subfield>
    </datafield>
    <datafield tag="650" ind1=" " ind2=" ">
        <subfield code="a">LOGISTICS</subfield>
        <subfield code="0">(DHLAUTH)268906</subfield>
    </datafield>
    <datafield tag="650" ind1=" " ind2=" ">
        <subfield code="a">WORK PROGRAMME</subfield>
        <subfield code="0">(DHLAUTH)275800</subfield>
    </datafield>
    <datafield tag="650" ind1=" " ind2=" ">
        <subfield code="a">INTERGOVERNMENTAL BODIES</subfield>
        <subfield code="0">(DHLAUTH)275766</subfield>
    </datafield>
    <datafield tag="650" ind1=" " ind2=" ">
        <subfield code="a">REGIONAL COMMISSIONS</subfield>
        <subfield code="0">(DHLAUTH)269969</subfield>
    </datafield>
    <datafield tag="650" ind1=" " ind2=" ">
        <subfield code="a">WESTERN ASIA</subfield>
        <subfield code="0">(DHLAUTH)275490</subfield>
    </datafield>
    <datafield tag="650" ind1=" " ind2=" ">
        <subfield code="a">ARAB COUNTRIES</subfield>
        <subfield code="0">(DHLAUTH)268705</subfield>
    </datafield>
    <datafield tag="650" ind1=" " ind2=" ">
        <subfield code="a">CONFERENCES</subfield>
        <subfield code="0">(DHLAUTH)275758</subfield>
    </datafield>
</record>
<record>
    <datafield tag="191" ind1=" " ind2=" ">
        <subfield code="a">E/ESCWA/EDID/2016/IG.1/7/REPORT</subfield>
    </datafield>
    <datafield tag="245" ind1=" " ind2=" ">
        <subfield code="a">REPORT OF THE SEVENTEENTH SESSION OF THE COMMITTEE ON TRANSPORT AND LOGISTICS, CAIRO, 23 - 24 JANUARY 2017</subfield>
    </datafield>
    <datafield tag="246" ind1=" " ind2=" ">
        <subfield code="a">تقرير لجنة النقل واللوجستيات عن دورتها السابعة عشرة، القاهرة، 23 و 24 كانون الثاني/يناير 2017</subfield>
    </datafield>
    <datafield tag="269" ind1=" " ind2=" ">
        <subfield code="a">20170217</subfield>
    </datafield>
    <datafield tag="650" ind1=" " ind2=" ">
        <subfield code="a">TRANSPORT</subfield>
        <subfield code="0">(DHLAUTH)272243</subfield>
    </datafield>
    <datafield tag="650" ind1=" " ind2=" ">
        <subfield code="a">LOGISTICS</subfield>
        <subfield code="0">(DHLAUTH)268906</subfield>
    </datafield>
    <datafield tag="650" ind1=" " ind2=" ">
        <subfield code="a">INTERGOVERNMENTAL BODIES</subfield>
        <subfield code="0">(DHLAUTH)275766</subfield>
    </datafield>
    <datafield tag="650" ind1=" " ind2=" ">
        <subfield code="a">REGIONAL COMMISSIONS</subfield>
        <subfield code="0">(DHLAUTH)269969</subfield>
    </datafield>
    <datafield tag="650" ind1=" " ind2=" ">
        <subfield code="a">MARITIME TRANSPORT</subfield>
        <subfield code="0">(DHLAUTH)272479</subfield>
    </datafield>
    <datafield tag="650" ind1=" " ind2=" ">
        <subfield code="a">SUSTAINABLE DEVELOPMENT</subfield>
        <subfield code="0">(DHLAUTH)269920</subfield>
    </datafield>
    <datafield tag="650" ind1=" " ind2=" ">
        <subfield code="a">PROGRAMME IMPLEMENTATION</subfield>
        <subfield code="0">(DHLAUTH)275794</subfield>
    </datafield>
    <datafield tag="650" ind1=" " ind2=" ">
        <subfield code="a">WORK PROGRAMME</subfield>
        <subfield code="0">(DHLAUTH)275800</subfield>
    </datafield>
    <datafield tag="650" ind1=" " ind2=" ">
        <subfield code="a">WESTERN ASIA</subfield>
        <subfield code="0">(DHLAUTH)275490</subfield>
    </datafield>
    <datafield tag="650" ind1=" " ind2=" ">
        <subfield code="a">CONFERENCES</subfield>
        <subfield code="0">(DHLAUTH)275758</subfield>
    </datafield>
</record>
<record>
    <datafield tag="191" ind1=" " ind2=" ">
        <subfield code="a">E/ESCWA/EDID/2016/IG.1/INF.1</subfield>
    </datafield>
    <datafield tag="245" ind1=" " ind2=" ">
        <subfield code="a">INFORMATION NOTE : ECONOMIC AND SOCIAL COMMISSION FOR WESTERN ASIA (ESCWA), COMMITTEE ON TRANSPORT AND LOGISTICS, SEVENTEENTH SESSION, 23 - 24 JANUARY 2017</subfield>
    </datafield>
    <datafield tag="246" ind1=" " ind2=" ">
        <subfield code="a">مذكرة توضيحية : اللجنة الاقتصادية والاجتماعية لغربي آسيا (الاسكوا). لجنة النقل واللوجستيات، الدورة السابعة عشرة، القاهرة، 23 - 24 كانون الثاني/يناير 2017</subfield>
    </datafield>
    <datafield tag="269" ind1=" " ind2=" ">
        <subfield code="a">20170112</subfield>
    </datafield>
    <datafield tag="650" ind1=" " ind2=" ">
        <subfield code="a">TRANSPORT</subfield>
        <subfield code="0">(DHLAUTH)272243</subfield>
    </datafield>
    <datafield tag="650" ind1=" " ind2=" ">
        <subfield code="a">REGIONAL COMMISSIONS</subfield>
        <subfield code="0">(DHLAUTH)269969</subfield>
    </datafield>
    <datafield tag="650" ind1=" " ind2=" ">
        <subfield code="a">WESTERN ASIA</subfield>
        <subfield code="0">(DHLAUTH)275490</subfield>
    </datafield>
    <datafield tag="650" ind1=" " ind2=" ">
        <subfield code="a">INTERGOVERNMENTAL BODIES</subfield>
        <subfield code="0">(DHLAUTH)275766</subfield>
    </datafield>
    <datafield tag="650" ind1=" " ind2=" ">
        <subfield code="a">CONFERENCES</subfield>
        <subfield code="0">(DHLAUTH)275758</subfield>
    </datafield>
</record>
<record>
    <datafield tag="191" ind1=" " ind2=" ">
        <subfield code="a">E/ESCWA/EDID/2016/IG.1/INF.2</subfield>
    </datafield>
    <datafield tag="245" ind1=" " ind2=" ">
        <subfield code="a">LIST OF DOCUMENTS : ECONOMIC AND SOCIAL COMMISSION FOR WESTERN ASIA (ESCWA), COMMITTEE ON TRANSPORT AND LOGISTICS, SEVENTEENTH SESSION, 23 - 24 JANUARY 2017</subfield>
    </datafield>
    <datafield tag="246" ind1=" " ind2=" ">
        <subfield code="a">قائمة بالوثائق : اللجنة الاقتصادية والاجتماعية لغربي آسيا (الاسكوا). لجنة النقل واللوجستيات، الدورة السابعة عشرة، القاهرة، 23 - 24 كانون الثاني/يناير 2017</subfield>
    </datafield>
    <datafield tag="269" ind1=" " ind2=" ">
        <subfield code="a">20170106</subfield>
    </datafield>
    <datafield tag="650" ind1=" " ind2=" ">
        <subfield code="a">TRANSPORT</subfield>
        <subfield code="0">(DHLAUTH)272243</subfield>
    </datafield>
    <datafield tag="650" ind1=" " ind2=" ">
        <subfield code="a">DOCUMENTS</subfield>
        <subfield code="0">(DHLAUTH)270014</subfield>
    </datafield>
    <datafield tag="650" ind1=" " ind2=" ">
        <subfield code="a">INTERGOVERNMENTAL BODIES</subfield>
        <subfield code="0">(DHLAUTH)275766</subfield>
    </datafield>
    <datafield tag="650" ind1=" " ind2=" ">
        <subfield code="a">WESTERN ASIA</subfield>
        <subfield code="0">(DHLAUTH)275490</subfield>
    </datafield>
    <datafield tag="650" ind1=" " ind2=" ">
        <subfield code="a">CONFERENCES</subfield>
        <subfield code="0">(DHLAUTH)275758</subfield>
    </datafield>
</record>
<record>
    <datafield tag="191" ind1=" " ind2=" ">
        <subfield code="a">E/ESCWA/EDID/2016/IG.1/L.1</subfield>
    </datafield>
    <datafield tag="245" ind1=" " ind2=" ">
        <subfield code="a">PROVISIONAL AGENDA AND ANNOTATIONS : ECONOMIC AND SOCIAL COMMISSION FOR WESTERN ASIA (ESCWA), COMMITTEE ON TRANSPORT AND LOGISTICS, SEVENTEENTH SESSION, 23 - 24 JANUARY 2017</subfield>
    </datafield>
    <datafield tag="246" ind1=" " ind2=" ">
        <subfield code="a">جدول الاعمال المؤقت والشروح : اللجنة الاقتصادية والاجتماعية لغربي آسيا (الاسكوا). لجنة النقل واللوجستيات، الدورة السابعة عشرة، القاهرة، 23 - 24 كانون الثاني/يناير 2017</subfield>
    </datafield>
    <datafield tag="269" ind1=" " ind2=" ">
        <subfield code="a">20160927</subfield>
    </datafield>
    <datafield tag="650" ind1=" " ind2=" ">
        <subfield code="a">TRANSPORT</subfield>
        <subfield code="0">(DHLAUTH)272243</subfield>
    </datafield>
    <datafield tag="650" ind1=" " ind2=" ">
        <subfield code="a">REGIONAL COMMISSIONS</subfield>
        <subfield code="0">(DHLAUTH)269969</subfield>
    </datafield>
    <datafield tag="650" ind1=" " ind2=" ">
        <subfield code="a">INTERGOVERNMENTAL BODIES</subfield>
        <subfield code="0">(DHLAUTH)275766</subfield>
    </datafield>
    <datafield tag="650" ind1=" " ind2=" ">
        <subfield code="a">CONFERENCES</subfield>
        <subfield code="0">(DHLAUTH)275758</subfield>
    </datafield>
    <datafield tag="650" ind1=" " ind2=" ">
        <subfield code="a">WESTERN ASIA</subfield>
        <subfield code="0">(DHLAUTH)275490</subfield>
    </datafield>
</record>
<record>
    <datafield tag="191" ind1=" " ind2=" ">
        <subfield code="a">E/ESCWA/EDID/2016/IG.1/L.2</subfield>
    </datafield>
    <datafield tag="245" ind1=" " ind2=" ">
        <subfield code="a">ORGANIZATION OF WORK : NOTE BY THE SECRETARIAT : ECONOMIC AND SOCIAL COMMISSION FOR WESTERN ASIA (ESCWA), COMMITTEE ON TRANSPORT AND LOGISTICS, SEVENTEENTH SESSION, 23 - 24 JANUARY 2017</subfield>
    </datafield>
    <datafield tag="246" ind1=" " ind2=" ">
        <subfield code="a">تنظيم الاعمال : مذكرة من الامانة التنفيذية : اللجنة الاقتصادية والاجتماعية لغربي آسيا (الاسكوا). لجنة النقل واللوجستيات، الدورة السابعة عشرة، القاهرة، 23 - 24 كانون الثاني/يناير 2017</subfield>
    </datafield>
    <datafield tag="269" ind1=" " ind2=" ">
        <subfield code="a">20160831</subfield>
    </datafield>
    <datafield tag="650" ind1=" " ind2=" ">
        <subfield code="a">WORK ORGANIZATION</subfield>
        <subfield code="0">(DHLAUTH)275746</subfield>
    </datafield>
    <datafield tag="650" ind1=" " ind2=" ">
        <subfield code="a">TRANSPORT</subfield>
        <subfield code="0">(DHLAUTH)272243</subfield>
    </datafield>
    <datafield tag="650" ind1=" " ind2=" ">
        <subfield code="a">REGIONAL COMMISSIONS</subfield>
        <subfield code="0">(DHLAUTH)269969</subfield>
    </datafield>
    <datafield tag="650" ind1=" " ind2=" ">
        <subfield code="a">INTERGOVERNMENTAL BODIES</subfield>
        <subfield code="0">(DHLAUTH)275766</subfield>
    </datafield>
    <datafield tag="650" ind1=" " ind2=" ">
        <subfield code="a">WESTERN ASIA</subfield>
        <subfield code="0">(DHLAUTH)275490</subfield>
    </datafield>
</record>
<record>
    <datafield tag="191" ind1=" " ind2=" ">
        <subfield code="a">E/ESCWA/ED/1995/1</subfield>
    </datafield>
    <datafield tag="245" ind1=" " ind2=" ">
        <subfield code="a">MISSION REPORT TO THE MINISTRY OF DEVELOPMENT IN THE SULTANATE OF OMAN/ DURING THE PERIOD 2 - 11 DECEMBER 1994</subfield>
    </datafield>
    <datafield tag="269" ind1=" " ind2=" ">
        <subfield code="a">19950206</subfield>
    </datafield>
    <datafield tag="650" ind1=" " ind2=" ">
        <subfield code="a">ADVISORY SERVICES</subfield>
        <subfield code="0">(DHLAUTH)269860</subfield>
    </datafield>
    <datafield tag="650" ind1=" " ind2=" ">
        <subfield code="a">DEVELOPMENT PLANS</subfield>
        <subfield code="0">(DHLAUTH)269892</subfield>
    </datafield>
    <datafield tag="650" ind1=" " ind2=" ">
        <subfield code="a">OMAN</subfield>
        <subfield code="0">(DHLAUTH)273438</subfield>
    </datafield>
    <datafield tag="650" ind1=" " ind2=" ">
        <subfield code="a">ACTIVITIES</subfield>
        <subfield code="0">(DHLAUTH)275823</subfield>
    </datafield>
</record>
<record>
    <datafield tag="191" ind1=" " ind2=" ">
        <subfield code="a">E/ESCWA/ED/1995/10</subfield>
    </datafield>
    <datafield tag="246" ind1=" " ind2=" ">
        <subfield code="a">إستعراض للتطورات والإتجاهات في القطاعات النقدية والمالية في منطقة الأسكوا 1994</subfield>
    </datafield>
    <datafield tag="269" ind1=" " ind2=" ">
        <subfield code="a">19951128</subfield>
    </datafield>
    <datafield tag="650" ind1=" " ind2=" ">
        <subfield code="a">ECONOMIC ASPECTS</subfield>
        <subfield code="0">(DHLAUTH)269753</subfield>
    </datafield>
    <datafield tag="650" ind1=" " ind2=" ">
        <subfield code="a">FINANCIAL ASPECTS</subfield>
        <subfield code="0">(DHLAUTH)275767</subfield>
    </datafield>
    <datafield tag="650" ind1=" " ind2=" ">
        <subfield code="a">REGIONAL ECONOMICS</subfield>
        <subfield code="0">(DHLAUTH)269608</subfield>
    </datafield>
    <datafield tag="650" ind1=" " ind2=" ">
        <subfield code="a">ARAB COUNTRIES</subfield>
        <subfield code="0">(DHLAUTH)268705</subfield>
    </datafield>
    <datafield tag="650" ind1=" " ind2=" ">
        <subfield code="a">BUDGET</subfield>
        <subfield code="0">(DHLAUTH)270085</subfield>
    </datafield>
    <datafield tag="650" ind1=" " ind2=" ">
        <subfield code="a">ECONOMIC ANALYSIS</subfield>
        <subfield code="0">(DHLAUTH)269649</subfield>
    </datafield>
</record>
<record>
    <datafield tag="191" ind1=" " ind2=" ">
        <subfield code="a">E/ESCWA/ED/1995/11</subfield>
    </datafield>
    <datafield tag="246" ind1=" " ind2=" ">
        <subfield code="a">الخصخصة في دول الاسكوا ذات الإقتصاد المتنوع</subfield>
    </datafield>
    <datafield tag="269" ind1=" " ind2=" ">
        <subfield code="a">19960116</subfield>
    </datafield>
    <datafield tag="650" ind1=" " ind2=" ">
        <subfield code="a">PRIVATIZATION</subfield>
        <subfield code="0">(DHLAUTH)270028</subfield>
    </datafield>
    <datafield tag="650" ind1=" " ind2=" ">
        <subfield code="a">ECONOMIC DEVELOPMENT</subfield>
        <subfield code="0">(DHLAUTH)269755</subfield>
    </datafield>
    <datafield tag="650" ind1=" " ind2=" ">
        <subfield code="a">PUBLIC SECTOR</subfield>
        <subfield code="0">(DHLAUTH)269679</subfield>
    </datafield>
    <datafield tag="650" ind1=" " ind2=" ">
        <subfield code="a">PRIVATE SECTOR</subfield>
        <subfield code="0">(DHLAUTH)269684</subfield>
    </datafield>
    <datafield tag="650" ind1=" " ind2=" ">
        <subfield code="a">MACROECONOMICS</subfield>
        <subfield code="0">(DHLAUTH)269604</subfield>
    </datafield>
    <datafield tag="650" ind1=" " ind2=" ">
        <subfield code="a">PRODUCTION</subfield>
        <subfield code="0">(DHLAUTH)269667</subfield>
    </datafield>
    <datafield tag="650" ind1=" " ind2=" ">
        <subfield code="a">EGYPT</subfield>
        <subfield code="0">(DHLAUTH)273328</subfield>
    </datafield>
    <datafield tag="650" ind1=" " ind2=" ">
        <subfield code="a">LEBANON</subfield>
        <subfield code="0">(DHLAUTH)269069</subfield>
    </datafield>
    <datafield tag="650" ind1=" " ind2=" ">
        <subfield code="a">JORDAN</subfield>
        <subfield code="0">(DHLAUTH)269099</subfield>
    </datafield>
    <datafield tag="650" ind1=" " ind2=" ">
        <subfield code="a">SYRIAN ARAB REPUBLIC</subfield>
        <subfield code="0">(DHLAUTH)273496</subfield>
    </datafield>
</record>
<record>
    <datafield tag="191" ind1=" " ind2=" ">
        <subfield code="a">E/ESCWA/ED/1995/2</subfield>
    </datafield>
    <datafield tag="245" ind1=" " ind2=" ">
        <subfield code="a">SURVE OF ECONOMIC AND SOCIAL DEVELOPMENTS IN THE ESCWA REGION, 1994/ SUMMARY</subfield>
    </datafield>
    <datafield tag="246" ind1=" " ind2=" ">
        <subfield code="a">مسح للتطورات الإقتصادية والإجتماعية في منطقة الأسكوا : موجز 1994</subfield>
    </datafield>
    <datafield tag="269" ind1=" " ind2=" ">
        <subfield code="a">19950328</subfield>
    </datafield>
    <datafield tag="650" ind1=" " ind2=" ">
        <subfield code="a">SOCIAL DEVELOPMENT</subfield>
        <subfield code="0">(DHLAUTH)269873</subfield>
    </datafield>
    <datafield tag="650" ind1=" " ind2=" ">
        <subfield code="a">ECONOMIC DEVELOPMENT</subfield>
        <subfield code="0">(DHLAUTH)269755</subfield>
    </datafield>
    <datafield tag="650" ind1=" " ind2=" ">
        <subfield code="a">ECONOMIC GROWTH</subfield>
        <subfield code="0">(DHLAUTH)269754</subfield>
    </datafield>
    <datafield tag="650" ind1=" " ind2=" ">
        <subfield code="a">ECONOMIC INDICATORS</subfield>
        <subfield code="0">(DHLAUTH)269642</subfield>
    </datafield>
</record>
<record>
    <datafield tag="191" ind1=" " ind2=" ">
        <subfield code="a">E/ESCWA/ED/1995/3</subfield>
    </datafield>
    <datafield tag="245" ind1=" " ind2=" ">
        <subfield code="a">SURVEY OF ECONOMIC AND SOCIAL DEVELOPMENTS IN THE ESCWA REGION1994</subfield>
    </datafield>
    <datafield tag="246" ind1=" " ind2=" ">
        <subfield code="a">مسح للتطورات الإقتصادية والإجتماعية في منطقة الاسكوا 1994</subfield>
    </datafield>
    <datafield tag="269" ind1=" " ind2=" ">
        <subfield code="a">19951201</subfield>
    </datafield>
    <datafield tag="650" ind1=" " ind2=" ">
        <subfield code="a">ECONOMIC DEVELOPMENT</subfield>
        <subfield code="0">(DHLAUTH)269755</subfield>
    </datafield>
    <datafield tag="650" ind1=" " ind2=" ">
        <subfield code="a">SOCIAL DEVELOPMENT</subfield>
        <subfield code="0">(DHLAUTH)269873</subfield>
    </datafield>
    <datafield tag="650" ind1=" " ind2=" ">
        <subfield code="a">WATER RESOURCES</subfield>
        <subfield code="0">(DHLAUTH)270568</subfield>
    </datafield>
    <datafield tag="650" ind1=" " ind2=" ">
        <subfield code="a">ECONOMIC POLICY</subfield>
        <subfield code="0">(DHLAUTH)268235</subfield>
    </datafield>
    <datafield tag="650" ind1=" " ind2=" ">
        <subfield code="a">FOREIGN TRADE</subfield>
        <subfield code="0">(DHLAUTH)272801</subfield>
    </datafield>
    <datafield tag="650" ind1=" " ind2=" ">
        <subfield code="a">BANKING</subfield>
        <subfield code="0">(DHLAUTH)270339</subfield>
    </datafield>
    <datafield tag="650" ind1=" " ind2=" ">
        <subfield code="a">STOCK MARKETS</subfield>
        <subfield code="0">(DHLAUTH)269703</subfield>
    </datafield>
    <datafield tag="650" ind1=" " ind2=" ">
        <subfield code="a">ECONOMIC REFORM</subfield>
        <subfield code="0">(DHLAUTH)269938</subfield>
    </datafield>
    <datafield tag="650" ind1=" " ind2=" ">
        <subfield code="a">UNEMPLOYMENT</subfield>
        <subfield code="0">(DHLAUTH)269726</subfield>
    </datafield>
    <datafield tag="650" ind1=" " ind2=" ">
        <subfield code="a">BALANCE OF PAYMENTS</subfield>
        <subfield code="0">(DHLAUTH)270325</subfield>
    </datafield>
    <datafield tag="650" ind1=" " ind2=" ">
        <subfield code="a">WESTERN ASIA</subfield>
        <subfield code="0">(DHLAUTH)275490</subfield>
    </datafield>
    <datafield tag="650" ind1=" " ind2=" ">
        <subfield code="a">PETROLEUM PRICES</subfield>
        <subfield code="0">(DHLAUTH)269855</subfield>
    </datafield>
    <datafield tag="650" ind1=" " ind2=" ">
        <subfield code="a">PETROLEUM RESERVES</subfield>
        <subfield code="0">(DHLAUTH)271268</subfield>
    </datafield>
    <datafield tag="650" ind1=" " ind2=" ">
        <subfield code="a">ENVIRONMENTAL ASPECTS</subfield>
        <subfield code="0">(DHLAUTH)270631</subfield>
    </datafield>
</record>
<record>
    <datafield tag="191" ind1=" " ind2=" ">
        <subfield code="a">E/ESCWA/ED/1995/3/ADD.1</subfield>
    </datafield>
    <datafield tag="245" ind1=" " ind2=" ">
        <subfield code="a">SURVEY OF ECONOMIC AND SOCIAL DEVELOPMENTS IN THE ESCWA REGION, 1994/ PART TWO/ STOCK MARKETS IN THE ESCWA REGION</subfield>
    </datafield>
    <datafield tag="246" ind1=" " ind2=" ">
        <subfield code="a">مسح للتطورات الإقتصادية والإجتماعية في منطقة اللجنة 1994 الجزء الثاني اسواق الاسهم في منطقة الاسكوا</subfield>
    </datafield>
    <datafield tag="269" ind1=" " ind2=" ">
        <subfield code="a">19951204</subfield>
    </datafield>
    <datafield tag="650" ind1=" " ind2=" ">
        <subfield code="a">ECONOMIC INTEGRATION</subfield>
        <subfield code="0">(DHLAUTH)269761</subfield>
    </datafield>
    <datafield tag="650" ind1=" " ind2=" ">
        <subfield code="a">LEGAL ASPECTS</subfield>
        <subfield code="0">(DHLAUTH)269366</subfield>
    </datafield>
    <datafield tag="650" ind1=" " ind2=" ">
        <subfield code="a">STOCK MARKETS</subfield>
        <subfield code="0">(DHLAUTH)269703</subfield>
    </datafield>
    <datafield tag="650" ind1=" " ind2=" ">
        <subfield code="a">BUSINESS INFORMATION</subfield>
        <subfield code="0">(DHLAUTH)551196</subfield>
    </datafield>
</record>
<record>
    <datafield tag="191" ind1=" " ind2=" ">
        <subfield code="a">E/ESCWA/ED/1995/6</subfield>
    </datafield>
    <datafield tag="245" ind1=" " ind2=" ">
        <subfield code="a">IMPACT OF SELECTED MACROECONOMICS AND SOCIAL POLICIES ON POVERTY, THE CASE OF EGYPT, JORDAN AND THE REPUBLIC OF YEMEN.</subfield>
    </datafield>
    <datafield tag="246" ind1=" " ind2=" ">
        <subfield code="a">اثر سياسات الإقتصاد الكلي والسياسات الإجتماعية على الفقر, حالة الأردن ومصر والجمهورية اليمنية</subfield>
    </datafield>
    <datafield tag="269" ind1=" " ind2=" ">
        <subfield code="a">19951120</subfield>
    </datafield>
    <datafield tag="650" ind1=" " ind2=" ">
        <subfield code="a">JORDAN</subfield>
        <subfield code="0">(DHLAUTH)269099</subfield>
    </datafield>
    <datafield tag="650" ind1=" " ind2=" ">
        <subfield code="a">RECOMMENDATIONS</subfield>
        <subfield code="0">(DHLAUTH)275840</subfield>
    </datafield>
    <datafield tag="650" ind1=" " ind2=" ">
        <subfield code="a">ECONOMIC POLICY</subfield>
        <subfield code="0">(DHLAUTH)268235</subfield>
    </datafield>
    <datafield tag="650" ind1=" " ind2=" ">
        <subfield code="a">SOCIAL POLICY</subfield>
        <subfield code="0">(DHLAUTH)269713</subfield>
    </datafield>
    <datafield tag="650" ind1=" " ind2=" ">
        <subfield code="a">FOOD SECURITY</subfield>
        <subfield code="0">(DHLAUTH)273653</subfield>
    </datafield>
    <datafield tag="650" ind1=" " ind2=" ">
        <subfield code="a">YEMEN</subfield>
        <subfield code="0">(DHLAUTH)273521</subfield>
    </datafield>
    <datafield tag="650" ind1=" " ind2=" ">
        <subfield code="a">ECONOMIC GROWTH</subfield>
        <subfield code="0">(DHLAUTH)269754</subfield>
    </datafield>
    <datafield tag="650" ind1=" " ind2=" ">
        <subfield code="a">POVERTY</subfield>
        <subfield code="0">(DHLAUTH)270079</subfield>
    </datafield>
    <datafield tag="650" ind1=" " ind2=" ">
        <subfield code="a">POVERTY MITIGATION</subfield>
        <subfield code="0">(DHLAUTH)274700</subfield>
    </datafield>
    <datafield tag="650" ind1=" " ind2=" ">
        <subfield code="a">STANDARD OF LIVING</subfield>
        <subfield code="0">(DHLAUTH)269740</subfield>
    </datafield>
    <datafield tag="650" ind1=" " ind2=" ">
        <subfield code="a">BASIC NEEDS</subfield>
        <subfield code="0">(DHLAUTH)273563</subfield>
    </datafield>
    <datafield tag="650" ind1=" " ind2=" ">
        <subfield code="a">EGYPT</subfield>
        <subfield code="0">(DHLAUTH)273328</subfield>
    </datafield>
    <datafield tag="650" ind1=" " ind2=" ">
        <subfield code="a">MACROECONOMICS</subfield>
        <subfield code="0">(DHLAUTH)269604</subfield>
    </datafield>
</record>
<record>
    <datafield tag="191" ind1=" " ind2=" ">
        <subfield code="a">E/ESCWA/ED/1995/7/REV.1</subfield>
    </datafield>
    <datafield tag="246" ind1=" " ind2=" ">
        <subfield code="a">نتائج جولة اوروجواي وآثارها على دول الاسكوا</subfield>
    </datafield>
    <datafield tag="269" ind1=" " ind2=" ">
        <subfield code="a">19960604</subfield>
    </datafield>
    <datafield tag="650" ind1=" " ind2=" ">
        <subfield code="a">WESTERN ASIA</subfield>
        <subfield code="0">(DHLAUTH)275490</subfield>
    </datafield>
    <datafield tag="650" ind1=" " ind2=" ">
        <subfield code="a">MARKET ACCESS</subfield>
        <subfield code="0">(DHLAUTH)272803</subfield>
    </datafield>
    <datafield tag="650" ind1=" " ind2=" ">
        <subfield code="a">INTELLECTUAL PROPERTY</subfield>
        <subfield code="0">(DHLAUTH)271874</subfield>
    </datafield>
    <datafield tag="650" ind1=" " ind2=" ">
        <subfield code="a">TRADE IN SERVICES</subfield>
        <subfield code="0">(DHLAUTH)272229</subfield>
    </datafield>
    <datafield tag="650" ind1=" " ind2=" ">
        <subfield code="a">AGRICULTURE</subfield>
        <subfield code="0">(DHLAUTH)271335</subfield>
    </datafield>
</record>
<record>
    <datafield tag="191" ind1=" " ind2=" ">
        <subfield code="a">E/ESCWA/ED/1995/8</subfield>
    </datafield>
    <datafield tag="245" ind1=" " ind2=" ">
        <subfield code="a">PRIVATIZATION IN THE GULF COUNTRIES</subfield>
    </datafield>
    <datafield tag="269" ind1=" " ind2=" ">
        <subfield code="a">19951213</subfield>
    </datafield>
    <datafield tag="650" ind1=" " ind2=" ">
        <subfield code="a">PRIVATE SECTOR</subfield>
        <subfield code="0">(DHLAUTH)269684</subfield>
    </datafield>
    <datafield tag="650" ind1=" " ind2=" ">
        <subfield code="a">PRIVATIZATION</subfield>
        <subfield code="0">(DHLAUTH)270028</subfield>
    </datafield>
    <datafield tag="650" ind1=" " ind2=" ">
        <subfield code="a">BUDGET DEFICITS</subfield>
        <subfield code="0">(DHLAUTH)270057</subfield>
    </datafield>
</record>
<record>
    <datafield tag="191" ind1=" " ind2=" ">
        <subfield code="a">E/ESCWA/ED/1996/1</subfield>
    </datafield>
    <datafield tag="246" ind1=" " ind2=" ">
        <subfield code="a">مسح للتطورات الإقتصادية والإجتماعية في منطقة الأسكوا : موجز 1995</subfield>
    </datafield>
    <datafield tag="269" ind1=" " ind2=" ">
        <subfield code="a">19960327</subfield>
    </datafield>
    <datafield tag="650" ind1=" " ind2=" ">
        <subfield code="a">SOCIAL DEVELOPMENT</subfield>
        <subfield code="0">(DHLAUTH)269873</subfield>
    </datafield>
    <datafield tag="650" ind1=" " ind2=" ">
        <subfield code="a">ECONOMIC DEVELOPMENT</subfield>
        <subfield code="0">(DHLAUTH)269755</subfield>
    </datafield>
    <datafield tag="650" ind1=" " ind2=" ">
        <subfield code="a">ECONOMIC GROWTH</subfield>
        <subfield code="0">(DHLAUTH)269754</subfield>
    </datafield>
    <datafield tag="650" ind1=" " ind2=" ">
        <subfield code="a">ECONOMIC INDICATORS</subfield>
        <subfield code="0">(DHLAUTH)269642</subfield>
    </datafield>
</record>
<record>
    <datafield tag="191" ind1=" " ind2=" ">
        <subfield code="a">E/ESCWA/ED/1996/2</subfield>
    </datafield>
    <datafield tag="245" ind1=" " ind2=" ">
        <subfield code="a">TRADE OF THE ARAB WORLD WITH CHINA 1987-1994/ COMPOSITION AND TRENDS</subfield>
    </datafield>
    <datafield tag="246" ind1=" " ind2=" ">
        <subfield code="a">التجارة بين الوطن العربي والصين 1978-1994 : المكونات والإتجاهات</subfield>
    </datafield>
    <datafield tag="269" ind1=" " ind2=" ">
        <subfield code="a">19961114</subfield>
    </datafield>
    <datafield tag="650" ind1=" " ind2=" ">
        <subfield code="a">CHINA</subfield>
        <subfield code="0">(DHLAUTH)10612</subfield>
    </datafield>
    <datafield tag="650" ind1=" " ind2=" ">
        <subfield code="a">FOREIGN INVESTMENTS</subfield>
        <subfield code="0">(DHLAUTH)269953</subfield>
    </datafield>
    <datafield tag="650" ind1=" " ind2=" ">
        <subfield code="a">TRADE POLICY</subfield>
        <subfield code="0">(DHLAUTH)268237</subfield>
    </datafield>
    <datafield tag="650" ind1=" " ind2=" ">
        <subfield code="a">ARAB COUNTRIES</subfield>
        <subfield code="0">(DHLAUTH)268705</subfield>
    </datafield>
    <datafield tag="650" ind1=" " ind2=" ">
        <subfield code="a">IMPORTS</subfield>
        <subfield code="0">(DHLAUTH)272827</subfield>
    </datafield>
    <datafield tag="650" ind1=" " ind2=" ">
        <subfield code="a">EXPORTS</subfield>
        <subfield code="0">(DHLAUTH)271798</subfield>
    </datafield>
    <datafield tag="650" ind1=" " ind2=" ">
        <subfield code="a">ECONOMIC RELATIONS</subfield>
        <subfield code="0">(DHLAUTH)269952</subfield>
    </datafield>
    <datafield tag="650" ind1=" " ind2=" ">
        <subfield code="a">TRADE FACILITATION</subfield>
        <subfield code="0">(DHLAUTH)269534</subfield>
    </datafield>
</record>
<record>
    <datafield tag="191" ind1=" " ind2=" ">
        <subfield code="a">E/ESCWA/ED/1996/2/SUPPL.1</subfield>
    </datafield>
    <datafield tag="245" ind1=" " ind2=" ">
        <subfield code="a">TRADE OF THE ARAB WORLD WITH CHINA 1987-1994: STATISTICAL SUPPLEMENT, VOLUME 1, IMPORTS AND EXPORTS CLASSIFIED BY SITC (REV.2) GROUPS</subfield>
    </datafield>
    <datafield tag="269" ind1=" " ind2=" ">
        <subfield code="a">19960512</subfield>
    </datafield>
    <datafield tag="650" ind1=" " ind2=" ">
        <subfield code="a">IMPORTS</subfield>
        <subfield code="0">(DHLAUTH)272827</subfield>
    </datafield>
    <datafield tag="650" ind1=" " ind2=" ">
        <subfield code="a">EXPORTS</subfield>
        <subfield code="0">(DHLAUTH)271798</subfield>
    </datafield>
    <datafield tag="650" ind1=" " ind2=" ">
        <subfield code="a">ARAB COUNTRIES</subfield>
        <subfield code="0">(DHLAUTH)268705</subfield>
    </datafield>
    <datafield tag="650" ind1=" " ind2=" ">
        <subfield code="a">CHINA</subfield>
        <subfield code="0">(DHLAUTH)10612</subfield>
    </datafield>
</record>
<record>
    <datafield tag="191" ind1=" " ind2=" ">
        <subfield code="a">E/ESCWA/ED/1996/2/SUPPL.2</subfield>
    </datafield>
    <datafield tag="245" ind1=" " ind2=" ">
        <subfield code="a">TRADE OF THE ARAB WORLD WITH CHINA 1987-1994: STATISTICAL SUPPLEMENT, VOLUME TWO, IMPORTS AND EXPORTS CALSSIFIED BY COUNTRY</subfield>
    </datafield>
    <datafield tag="269" ind1=" " ind2=" ">
        <subfield code="a">19960512</subfield>
    </datafield>
    <datafield tag="650" ind1=" " ind2=" ">
        <subfield code="a">IMPORTS</subfield>
        <subfield code="0">(DHLAUTH)272827</subfield>
    </datafield>
    <datafield tag="650" ind1=" " ind2=" ">
        <subfield code="a">EXPORTS</subfield>
        <subfield code="0">(DHLAUTH)271798</subfield>
    </datafield>
    <datafield tag="650" ind1=" " ind2=" ">
        <subfield code="a">ARAB COUNTRIES</subfield>
        <subfield code="0">(DHLAUTH)268705</subfield>
    </datafield>
    <datafield tag="650" ind1=" " ind2=" ">
        <subfield code="a">CHINA</subfield>
        <subfield code="0">(DHLAUTH)10612</subfield>
    </datafield>
</record>
<record>
    <datafield tag="191" ind1=" " ind2=" ">
        <subfield code="a">E/ESCWA/ED/1996/2/SUPPL.3</subfield>
    </datafield>
    <datafield tag="245" ind1=" " ind2=" ">
        <subfield code="a">TRADE OF THE ARAB WORLD WITH CHINA 1987-1994, STATISTICAL SUPPLEMENT, VOLUME 3, EXPORTS AND IMPORTS OF THE CHINESE TRADING PARTNERS CLASSIFIED BY SITC (REV. 2) GROUPS</subfield>
    </datafield>
    <datafield tag="269" ind1=" " ind2=" ">
        <subfield code="a">19960512</subfield>
    </datafield>
    <datafield tag="650" ind1=" " ind2=" ">
        <subfield code="a">IMPORTS</subfield>
        <subfield code="0">(DHLAUTH)272827</subfield>
    </datafield>
    <datafield tag="650" ind1=" " ind2=" ">
        <subfield code="a">EXPORTS</subfield>
        <subfield code="0">(DHLAUTH)271798</subfield>
    </datafield>
    <datafield tag="650" ind1=" " ind2=" ">
        <subfield code="a">ARAB COUNTRIES</subfield>
        <subfield code="0">(DHLAUTH)268705</subfield>
    </datafield>
</record>
<record>
    <datafield tag="191" ind1=" " ind2=" ">
        <subfield code="a">E/ESCWA/ED/1996/3/REV.1</subfield>
    </datafield>
    <datafield tag="245" ind1=" " ind2=" ">
        <subfield code="a">SURVEY OF ECONOMIC AND SOCIAL DEVELOPMENTS IN THE ESCWA REGION, 1995</subfield>
    </datafield>
    <datafield tag="246" ind1=" " ind2=" ">
        <subfield code="a">Survey of economic and social developments in the ESCWA region, 1995</subfield>
    </datafield>
    <datafield tag="246" ind1=" " ind2=" ">
        <subfield code="a">مسح للتطورات الإقتصادية والإجتماعية في منطقة الاسكوا 1995</subfield>
    </datafield>
    <datafield tag="269" ind1=" " ind2=" ">
        <subfield code="a">19960627</subfield>
    </datafield>
    <datafield tag="650" ind1=" " ind2=" ">
        <subfield code="a">ECONOMIC SURVEYS</subfield>
        <subfield code="0">(DHLAUTH)269780</subfield>
    </datafield>
    <datafield tag="650" ind1=" " ind2=" ">
        <subfield code="a">SOCIAL SURVEYS</subfield>
        <subfield code="0">(DHLAUTH)269794</subfield>
    </datafield>
    <datafield tag="650" ind1=" " ind2=" ">
        <subfield code="a">ECONOMIC DEVELOPMENT</subfield>
        <subfield code="0">(DHLAUTH)269755</subfield>
    </datafield>
    <datafield tag="650" ind1=" " ind2=" ">
        <subfield code="a">SOCIAL DEVELOPMENT</subfield>
        <subfield code="0">(DHLAUTH)269873</subfield>
    </datafield>
    <datafield tag="650" ind1=" " ind2=" ">
        <subfield code="a">STATISTICAL DATA</subfield>
        <subfield code="0">(DHLAUTH)270233</subfield>
    </datafield>
    <datafield tag="650" ind1=" " ind2=" ">
        <subfield code="a">WESTERN ASIA</subfield>
        <subfield code="0">(DHLAUTH)275490</subfield>
    </datafield>
</record>
<record>
    <datafield tag="191" ind1=" " ind2=" ">
        <subfield code="a">E/ESCWA/ED/1996/ADD.1</subfield>
    </datafield>
    <datafield tag="245" ind1=" " ind2=" ">
        <subfield code="a">SURVEY OF ECONOMIC AND SOCIAL DEVELOPMENTS IN THE ESCWA REGION 1995/ PART TWO/ PRIVATIZATION IN THE ESCWA REGION</subfield>
    </datafield>
    <datafield tag="269" ind1=" " ind2=" ">
        <subfield code="a">19961208</subfield>
    </datafield>
    <datafield tag="650" ind1=" " ind2=" ">
        <subfield code="a">RECOMMENDATIONS</subfield>
        <subfield code="0">(DHLAUTH)275840</subfield>
    </datafield>
    <datafield tag="650" ind1=" " ind2=" ">
        <subfield code="a">PRIVATIZATION</subfield>
        <subfield code="0">(DHLAUTH)270028</subfield>
    </datafield>
    <datafield tag="650" ind1=" " ind2=" ">
        <subfield code="a">STOCK MARKETS</subfield>
        <subfield code="0">(DHLAUTH)269703</subfield>
    </datafield>
</record>
<record>
    <datafield tag="191" ind1=" " ind2=" ">
        <subfield code="a">E/ESCWA/ED/1997/14</subfield>
    </datafield>
    <datafield tag="245" ind1=" " ind2=" ">
        <subfield code="a">REPORT OF THE EXPERT GROUP MEETING ON INSTITUTIONAL ASPECTS OF PRIVATIZATION IN THE ESCWA REGION/ BEIRUT, 1-3 DECEMBER 1997</subfield>
    </datafield>
    <datafield tag="269" ind1=" " ind2=" ">
        <subfield code="a">19971224</subfield>
    </datafield>
    <datafield tag="650" ind1=" " ind2=" ">
        <subfield code="a">WORK ORGANIZATION</subfield>
        <subfield code="0">(DHLAUTH)275746</subfield>
    </datafield>
    <datafield tag="650" ind1=" " ind2=" ">
        <subfield code="a">DOCUMENTS</subfield>
        <subfield code="0">(DHLAUTH)270014</subfield>
    </datafield>
    <datafield tag="650" ind1=" " ind2=" ">
        <subfield code="a">CONFERENCES</subfield>
        <subfield code="0">(DHLAUTH)275758</subfield>
    </datafield>
    <datafield tag="650" ind1=" " ind2=" ">
        <subfield code="a">RECOMMENDATIONS</subfield>
        <subfield code="0">(DHLAUTH)275840</subfield>
    </datafield>
    <datafield tag="650" ind1=" " ind2=" ">
        <subfield code="a">PARTICIPANTS</subfield>
        <subfield code="0">(DHLAUTH)275785</subfield>
    </datafield>
    <datafield tag="650" ind1=" " ind2=" ">
        <subfield code="a">PRIVATIZATION</subfield>
        <subfield code="0">(DHLAUTH)270028</subfield>
    </datafield>
    <datafield tag="650" ind1=" " ind2=" ">
        <subfield code="a">ACTIVITIES</subfield>
        <subfield code="0">(DHLAUTH)275823</subfield>
    </datafield>
</record>
<record>
    <datafield tag="191" ind1=" " ind2=" ">
        <subfield code="a">E/ESCWA/ED/1997/1/REV.1</subfield>
    </datafield>
    <datafield tag="245" ind1=" " ind2=" ">
        <subfield code="a">SURVEY OF ECONOMIC AND SOCIAL DEVELOPMENTS IN THE ESCWA REGION 1996-1997 SUMMARY</subfield>
    </datafield>
    <datafield tag="246" ind1=" " ind2=" ">
        <subfield code="a">مسح للتطورات الإقتصادية والإجتماعية في منطقة الأسكوا : ملخص 1996-1997</subfield>
    </datafield>
    <datafield tag="269" ind1=" " ind2=" ">
        <subfield code="a">19970605</subfield>
    </datafield>
    <datafield tag="650" ind1=" " ind2=" ">
        <subfield code="a">INTERNATIONAL TRADE</subfield>
        <subfield code="0">(DHLAUTH)269532</subfield>
    </datafield>
    <datafield tag="650" ind1=" " ind2=" ">
        <subfield code="a">ECONOMIC GROWTH</subfield>
        <subfield code="0">(DHLAUTH)269754</subfield>
    </datafield>
    <datafield tag="650" ind1=" " ind2=" ">
        <subfield code="a">WOMEN IN DEVELOPMENT</subfield>
        <subfield code="0">(DHLAUTH)269878</subfield>
    </datafield>
    <datafield tag="650" ind1=" " ind2=" ">
        <subfield code="a">SOCIO-ECONOMIC INDICATORS</subfield>
        <subfield code="0">(DHLAUTH)269759</subfield>
    </datafield>
    <datafield tag="650" ind1=" " ind2=" ">
        <subfield code="a">FOREIGN DIRECT INVESTMENT</subfield>
        <subfield code="0">(DHLAUTH)269863</subfield>
    </datafield>
    <datafield tag="650" ind1=" " ind2=" ">
        <subfield code="a">BALANCE OF PAYMENTS</subfield>
        <subfield code="0">(DHLAUTH)270325</subfield>
    </datafield>
    <datafield tag="650" ind1=" " ind2=" ">
        <subfield code="a">BANKING</subfield>
        <subfield code="0">(DHLAUTH)270339</subfield>
    </datafield>
</record>
<record>
    <datafield tag="191" ind1=" " ind2=" ">
        <subfield code="a">E/ESCWA/ED/1997/2</subfield>
    </datafield>
    <datafield tag="245" ind1=" " ind2=" ">
        <subfield code="a">SURVEY OF ECONOMIC AND SOCIAL DEVELOPMENTS IN THE ESCWA REGION 1996-1997</subfield>
    </datafield>
    <datafield tag="246" ind1=" " ind2=" ">
        <subfield code="a">مسح للتطورات الإقتصادية والإجتماعية في منطقة اللجنة 1996-1997</subfield>
    </datafield>
    <datafield tag="269" ind1=" " ind2=" ">
        <subfield code="a">19970521</subfield>
    </datafield>
    <datafield tag="650" ind1=" " ind2=" ">
        <subfield code="a">ECONOMIC DEVELOPMENT</subfield>
        <subfield code="0">(DHLAUTH)269755</subfield>
    </datafield>
    <datafield tag="650" ind1=" " ind2=" ">
        <subfield code="a">ECONOMIC GROWTH</subfield>
        <subfield code="0">(DHLAUTH)269754</subfield>
    </datafield>
    <datafield tag="650" ind1=" " ind2=" ">
        <subfield code="a">UNEMPLOYMENT</subfield>
        <subfield code="0">(DHLAUTH)269726</subfield>
    </datafield>
    <datafield tag="650" ind1=" " ind2=" ">
        <subfield code="a">ECONOMIC REFORM</subfield>
        <subfield code="0">(DHLAUTH)269938</subfield>
    </datafield>
    <datafield tag="650" ind1=" " ind2=" ">
        <subfield code="a">ECONOMIC POLICY</subfield>
        <subfield code="0">(DHLAUTH)268235</subfield>
    </datafield>
    <datafield tag="650" ind1=" " ind2=" ">
        <subfield code="a">FOREIGN DIRECT INVESTMENT</subfield>
        <subfield code="0">(DHLAUTH)269863</subfield>
    </datafield>
    <datafield tag="650" ind1=" " ind2=" ">
        <subfield code="a">WOMEN IN DEVELOPMENT</subfield>
        <subfield code="0">(DHLAUTH)269878</subfield>
    </datafield>
    <datafield tag="650" ind1=" " ind2=" ">
        <subfield code="a">WESTERN ASIA</subfield>
        <subfield code="0">(DHLAUTH)275490</subfield>
    </datafield>
</record>
<record>
    <datafield tag="191" ind1=" " ind2=" ">
        <subfield code="a">E/ESCWA/ED/1997/3(A)</subfield>
    </datafield>
    <datafield tag="245" ind1=" " ind2=" ">
        <subfield code="a">ROLE OF FINANCIAL MARKETS IN PRIVATIZATION IN THE ESCWA REGION.</subfield>
    </datafield>
    <datafield tag="269" ind1=" " ind2=" ">
        <subfield code="a">19970806</subfield>
    </datafield>
    <datafield tag="650" ind1=" " ind2=" ">
        <subfield code="a">ECONOMIC REFORM</subfield>
        <subfield code="0">(DHLAUTH)269938</subfield>
    </datafield>
    <datafield tag="650" ind1=" " ind2=" ">
        <subfield code="a">CAPITAL MARKETS</subfield>
        <subfield code="0">(DHLAUTH)270364</subfield>
    </datafield>
    <datafield tag="650" ind1=" " ind2=" ">
        <subfield code="a">PRIVATIZATION</subfield>
        <subfield code="0">(DHLAUTH)270028</subfield>
    </datafield>
    <datafield tag="650" ind1=" " ind2=" ">
        <subfield code="a">EGYPT</subfield>
        <subfield code="0">(DHLAUTH)273328</subfield>
    </datafield>
    <datafield tag="650" ind1=" " ind2=" ">
        <subfield code="a">JORDAN</subfield>
        <subfield code="0">(DHLAUTH)269099</subfield>
    </datafield>
</record>
<record>
    <datafield tag="191" ind1=" " ind2=" ">
        <subfield code="a">E/ESCWA/ED/1999/10</subfield>
    </datafield>
    <datafield tag="246" ind1=" " ind2=" ">
        <subfield code="a">تقرير اللجنة الفنية للإهتمام بقضايا تحرير التجارة الخارجية والعولمة الإقتصادية في دول منظقة الأسكوا الدورة الأولى أبوظبي 15 -16 أيار/مايو 1999</subfield>
    </datafield>
    <datafield tag="269" ind1=" " ind2=" ">
        <subfield code="a">19990524</subfield>
    </datafield>
    <datafield tag="650" ind1=" " ind2=" ">
        <subfield code="a">TRADE LIBERALIZATION</subfield>
        <subfield code="0">(DHLAUTH)272834</subfield>
    </datafield>
    <datafield tag="650" ind1=" " ind2=" ">
        <subfield code="a">ECONOMIC CONDITIONS</subfield>
        <subfield code="0">(DHLAUTH)269719</subfield>
    </datafield>
    <datafield tag="650" ind1=" " ind2=" ">
        <subfield code="a">GLOBALIZATION</subfield>
        <subfield code="0">(DHLAUTH)276685</subfield>
    </datafield>
    <datafield tag="650" ind1=" " ind2=" ">
        <subfield code="a">WORK ORGANIZATION</subfield>
        <subfield code="0">(DHLAUTH)275746</subfield>
    </datafield>
    <datafield tag="650" ind1=" " ind2=" ">
        <subfield code="a">WORK PROGRAMME</subfield>
        <subfield code="0">(DHLAUTH)275800</subfield>
    </datafield>
    <datafield tag="650" ind1=" " ind2=" ">
        <subfield code="a">PERIODIC REPORTS</subfield>
        <subfield code="0">(DHLAUTH)275135</subfield>
    </datafield>
    <datafield tag="650" ind1=" " ind2=" ">
        <subfield code="a">ARAB COUNTRIES</subfield>
        <subfield code="0">(DHLAUTH)268705</subfield>
    </datafield>
    <datafield tag="650" ind1=" " ind2=" ">
        <subfield code="a">WESTERN ASIA</subfield>
        <subfield code="0">(DHLAUTH)275490</subfield>
    </datafield>
</record>
<record>
    <datafield tag="191" ind1=" " ind2=" ">
        <subfield code="a">E/ESCWA/ED/1999/25</subfield>
    </datafield>
    <datafield tag="245" ind1=" " ind2=" ">
        <subfield code="a">DIRECTORY OF FOREIGN DIRECT INVESTMENT IN SELECTED ESCWA MEMBER COUNTRIES INITIAL PHASE OF PREPARATION</subfield>
    </datafield>
    <datafield tag="269" ind1=" " ind2=" ">
        <subfield code="a">20000105</subfield>
    </datafield>
    <datafield tag="650" ind1=" " ind2=" ">
        <subfield code="a">TREATIES</subfield>
        <subfield code="0">(DHLAUTH)9632</subfield>
    </datafield>
    <datafield tag="650" ind1=" " ind2=" ">
        <subfield code="a">JORDAN</subfield>
        <subfield code="0">(DHLAUTH)269099</subfield>
    </datafield>
    <datafield tag="650" ind1=" " ind2=" ">
        <subfield code="a">ECONOMIC DEVELOPMENT</subfield>
        <subfield code="0">(DHLAUTH)269755</subfield>
    </datafield>
    <datafield tag="650" ind1=" " ind2=" ">
        <subfield code="a">FOREIGN DIRECT INVESTMENT</subfield>
        <subfield code="0">(DHLAUTH)269863</subfield>
    </datafield>
    <datafield tag="650" ind1=" " ind2=" ">
        <subfield code="a">EGYPT</subfield>
        <subfield code="0">(DHLAUTH)273328</subfield>
    </datafield>
    <datafield tag="650" ind1=" " ind2=" ">
        <subfield code="a">LEGAL ASPECTS</subfield>
        <subfield code="0">(DHLAUTH)269366</subfield>
    </datafield>
    <datafield tag="650" ind1=" " ind2=" ">
        <subfield code="a">SYRIAN ARAB REPUBLIC</subfield>
        <subfield code="0">(DHLAUTH)273496</subfield>
    </datafield>
</record>
<record>
    <datafield tag="191" ind1=" " ind2=" ">
        <subfield code="a">E/ESCWA/ED/2000/3(A)</subfield>
    </datafield>
    <datafield tag="245" ind1=" " ind2=" ">
        <subfield code="a">COMPARATIVE STUDY ON CORPORATE TAX: PROSPECT FOR HARMONIZATION IN THE ESCWA REGION</subfield>
    </datafield>
    <datafield tag="269" ind1=" " ind2=" ">
        <subfield code="a">20000906</subfield>
    </datafield>
    <datafield tag="650" ind1=" " ind2=" ">
        <subfield code="a">CORPORATION TAX</subfield>
        <subfield code="0">(DHLAUTH)269747</subfield>
    </datafield>
    <datafield tag="650" ind1=" " ind2=" ">
        <subfield code="a">ECONOMIC AGREEMENTS</subfield>
        <subfield code="0">(DHLAUTH)269909</subfield>
    </datafield>
    <datafield tag="650" ind1=" " ind2=" ">
        <subfield code="a">INVESTMENT PROMOTION</subfield>
        <subfield code="0">(DHLAUTH)270103</subfield>
    </datafield>
    <datafield tag="650" ind1=" " ind2=" ">
        <subfield code="a">INVESTMENT AGREEMENTS</subfield>
        <subfield code="0">(DHLAUTH)269913</subfield>
    </datafield>
    <datafield tag="650" ind1=" " ind2=" ">
        <subfield code="a">WESTERN ASIA</subfield>
        <subfield code="0">(DHLAUTH)275490</subfield>
    </datafield>
</record>
<record>
    <datafield tag="191" ind1=" " ind2=" ">
        <subfield code="a">E/ESCWA/ED/2000/4(A)</subfield>
    </datafield>
    <datafield tag="245" ind1=" " ind2=" ">
        <subfield code="a">APPLICATION OF SUSTAINABLE DEVELOPMENT INDICATORS IN ESCWA MEMBER COUNTRIES: ANALYSIS OF RESULTS.</subfield>
    </datafield>
    <datafield tag="269" ind1=" " ind2=" ">
        <subfield code="a">20000913</subfield>
    </datafield>
    <datafield tag="650" ind1=" " ind2=" ">
        <subfield code="a">SUSTAINABLE DEVELOPMENT</subfield>
        <subfield code="0">(DHLAUTH)269920</subfield>
    </datafield>
    <datafield tag="650" ind1=" " ind2=" ">
        <subfield code="a">DEVELOPMENT INDICATORS</subfield>
        <subfield code="0">(DHLAUTH)269756</subfield>
    </datafield>
</record>
<record>
    <datafield tag="191" ind1=" " ind2=" ">
        <subfield code="a">E/ESCWA/ED/2000/7(A)</subfield>
    </datafield>
    <datafield tag="245" ind1=" " ind2=" ">
        <subfield code="a">GOOD GOVERNANCE : ENHANCING MACRO-MANAGEMENT IN THE ESCWA REGION</subfield>
    </datafield>
    <datafield tag="269" ind1=" " ind2=" ">
        <subfield code="a">20010117</subfield>
    </datafield>
    <datafield tag="650" ind1=" " ind2=" ">
        <subfield code="a">GOVERNANCE</subfield>
        <subfield code="0">(DHLAUTH)276686</subfield>
    </datafield>
    <datafield tag="650" ind1=" " ind2=" ">
        <subfield code="a">ECONOMIC GROWTH</subfield>
        <subfield code="0">(DHLAUTH)269754</subfield>
    </datafield>
    <datafield tag="650" ind1=" " ind2=" ">
        <subfield code="a">SUSTAINABLE DEVELOPMENT</subfield>
        <subfield code="0">(DHLAUTH)269920</subfield>
    </datafield>
    <datafield tag="650" ind1=" " ind2=" ">
        <subfield code="a">WESTERN ASIA</subfield>
        <subfield code="0">(DHLAUTH)275490</subfield>
    </datafield>
    <datafield tag="650" ind1=" " ind2=" ">
        <subfield code="a">GLOBALIZATION</subfield>
        <subfield code="0">(DHLAUTH)276685</subfield>
    </datafield>
    <datafield tag="650" ind1=" " ind2=" ">
        <subfield code="a">DEVELOPMENT INDICATORS</subfield>
        <subfield code="0">(DHLAUTH)269756</subfield>
    </datafield>
</record>
<record>
    <datafield tag="191" ind1=" " ind2=" ">
        <subfield code="a">E/ESCWA/ED/2001/1(A)</subfield>
    </datafield>
    <datafield tag="245" ind1=" " ind2=" ">
        <subfield code="a">ECONOMIC DIVERSIFICATION IN THE PETROLEUM PRODUCING COUNTRIES, STATUS OF THE ECONOMIES OF THE GULF COOPERATION COUNCIL. </subfield>
    </datafield>
    <datafield tag="269" ind1=" " ind2=" ">
        <subfield code="a">20010110</subfield>
    </datafield>
    <datafield tag="650" ind1=" " ind2=" ">
        <subfield code="a">ECONOMIC DEVELOPMENT</subfield>
        <subfield code="0">(DHLAUTH)269755</subfield>
    </datafield>
    <datafield tag="650" ind1=" " ind2=" ">
        <subfield code="a">ECONOMIC POLICY</subfield>
        <subfield code="0">(DHLAUTH)268235</subfield>
    </datafield>
    <datafield tag="650" ind1=" " ind2=" ">
        <subfield code="a">INDUSTRIAL CONVERSION</subfield>
        <subfield code="0">(DHLAUTH)271960</subfield>
    </datafield>
    <datafield tag="650" ind1=" " ind2=" ">
        <subfield code="a">PRIVATIZATION</subfield>
        <subfield code="0">(DHLAUTH)270028</subfield>
    </datafield>
    <datafield tag="650" ind1=" " ind2=" ">
        <subfield code="a">FOREIGN DIRECT INVESTMENT</subfield>
        <subfield code="0">(DHLAUTH)269863</subfield>
    </datafield>
    <datafield tag="650" ind1=" " ind2=" ">
        <subfield code="a">ECONOMIC GROWTH</subfield>
        <subfield code="0">(DHLAUTH)269754</subfield>
    </datafield>
    <datafield tag="650" ind1=" " ind2=" ">
        <subfield code="a">GROSS NATIONAL PRODUCT</subfield>
        <subfield code="0">(DHLAUTH)269802</subfield>
    </datafield>
    <datafield tag="650" ind1=" " ind2=" ">
        <subfield code="a">WATER CONSUMPTION</subfield>
        <subfield code="0">(DHLAUTH)269580</subfield>
    </datafield>
    <datafield tag="650" ind1=" " ind2=" ">
        <subfield code="a">AGRICULTURE</subfield>
        <subfield code="0">(DHLAUTH)271335</subfield>
    </datafield>
    <datafield tag="650" ind1=" " ind2=" ">
        <subfield code="a">DEVELOPMENT</subfield>
        <subfield code="0">(DHLAUTH)269844</subfield>
    </datafield>
    <datafield tag="650" ind1=" " ind2=" ">
        <subfield code="a">GULF STATES</subfield>
        <subfield code="0">(DHLAUTH)275605</subfield>
    </datafield>
    <datafield tag="650" ind1=" " ind2=" ">
        <subfield code="a">PETROLEUM REVENUES</subfield>
        <subfield code="0">(DHLAUTH)269856</subfield>
    </datafield>
    <datafield tag="650" ind1=" " ind2=" ">
        <subfield code="a">PETROLEUM PRICES</subfield>
        <subfield code="0">(DHLAUTH)269855</subfield>
    </datafield>
</record>
<record>
    <datafield tag="191" ind1=" " ind2=" ">
        <subfield code="a">E/ESCWA/ED/2002/7(A)</subfield>
    </datafield>
    <datafield tag="245" ind1=" " ind2=" ">
        <subfield code="a">SURVEY OF THE ECONOMIC AND SOCIAL DEVELOPMENTS IN THE ESCWA REGION,2001-2002.</subfield>
    </datafield>
    <datafield tag="269" ind1=" " ind2=" ">
        <subfield code="a">20020418</subfield>
    </datafield>
    <datafield tag="650" ind1=" " ind2=" ">
        <subfield code="a">ECONOMIC GROWTH</subfield>
        <subfield code="0">(DHLAUTH)269754</subfield>
    </datafield>
    <datafield tag="650" ind1=" " ind2=" ">
        <subfield code="a">GROSS DOMESTIC PRODUCT</subfield>
        <subfield code="0">(DHLAUTH)269801</subfield>
    </datafield>
    <datafield tag="650" ind1=" " ind2=" ">
        <subfield code="a">SOCIAL SERVICES</subfield>
        <subfield code="0">(DHLAUTH)269370</subfield>
    </datafield>
    <datafield tag="650" ind1=" " ind2=" ">
        <subfield code="a">SOCIAL PROBLEMS</subfield>
        <subfield code="0">(DHLAUTH)273573</subfield>
    </datafield>
    <datafield tag="650" ind1=" " ind2=" ">
        <subfield code="a">TRANSPORT</subfield>
        <subfield code="0">(DHLAUTH)272243</subfield>
    </datafield>
    <datafield tag="650" ind1=" " ind2=" ">
        <subfield code="a">MONETARY POLICY</subfield>
        <subfield code="0">(DHLAUTH)269935</subfield>
    </datafield>
    <datafield tag="650" ind1=" " ind2=" ">
        <subfield code="a">FISCAL POLICY</subfield>
        <subfield code="0">(DHLAUTH)269932</subfield>
    </datafield>
    <datafield tag="650" ind1=" " ind2=" ">
        <subfield code="a">FOREIGN DIRECT INVESTMENT</subfield>
        <subfield code="0">(DHLAUTH)269863</subfield>
    </datafield>
</record>
<record>
    <datafield tag="191" ind1=" " ind2=" ">
        <subfield code="a">E/ESCWA/ENG/1990/1</subfield>
    </datafield>
    <datafield tag="246" ind1=" " ind2=" ">
        <subfield code="a">حول قضايا الطاقة في منطقة غربي آسيا</subfield>
    </datafield>
    <datafield tag="269" ind1=" " ind2=" ">
        <subfield code="a">19900516</subfield>
    </datafield>
    <datafield tag="650" ind1=" " ind2=" ">
        <subfield code="a">ELECTRIC POWER</subfield>
        <subfield code="0">(DHLAUTH)271189</subfield>
    </datafield>
    <datafield tag="650" ind1=" " ind2=" ">
        <subfield code="a">PETROLEUM PRICES</subfield>
        <subfield code="0">(DHLAUTH)269855</subfield>
    </datafield>
    <datafield tag="650" ind1=" " ind2=" ">
        <subfield code="a">PETROLEUM REVENUES</subfield>
        <subfield code="0">(DHLAUTH)269856</subfield>
    </datafield>
    <datafield tag="650" ind1=" " ind2=" ">
        <subfield code="a">PETROCHEMICAL INDUSTRY</subfield>
        <subfield code="0">(DHLAUTH)271276</subfield>
    </datafield>
    <datafield tag="650" ind1=" " ind2=" ">
        <subfield code="a">POLLUTANTS</subfield>
        <subfield code="0">(DHLAUTH)270681</subfield>
    </datafield>
    <datafield tag="650" ind1=" " ind2=" ">
        <subfield code="a">GAS INDUSTRY</subfield>
        <subfield code="0">(DHLAUTH)271251</subfield>
    </datafield>
    <datafield tag="650" ind1=" " ind2=" ">
        <subfield code="a">ENVIRONMENTAL PROTECTION</subfield>
        <subfield code="0">(DHLAUTH)270598</subfield>
    </datafield>
    <datafield tag="650" ind1=" " ind2=" ">
        <subfield code="a">WESTERN ASIA</subfield>
        <subfield code="0">(DHLAUTH)275490</subfield>
    </datafield>
</record>
<record>
    <datafield tag="191" ind1=" " ind2=" ">
        <subfield code="a">E/ESCWA/ENG/1990/2</subfield>
    </datafield>
    <datafield tag="246" ind1=" " ind2=" ">
        <subfield code="a">تقرير عن المهمة الاستشارية لجمهورية اليمن الديمقراطية الشعبية خلال الفترة من 21-28 آذار/ مارس 1990</subfield>
    </datafield>
    <datafield tag="269" ind1=" " ind2=" ">
        <subfield code="a">19900405</subfield>
    </datafield>
    <datafield tag="650" ind1=" " ind2=" ">
        <subfield code="a">NATURAL RESOURCES</subfield>
        <subfield code="0">(DHLAUTH)270548</subfield>
    </datafield>
    <datafield tag="650" ind1=" " ind2=" ">
        <subfield code="a">WESTERN ASIA</subfield>
        <subfield code="0">(DHLAUTH)275490</subfield>
    </datafield>
    <datafield tag="650" ind1=" " ind2=" ">
        <subfield code="a">BIOGAS</subfield>
        <subfield code="0">(DHLAUTH)271164</subfield>
    </datafield>
    <datafield tag="650" ind1=" " ind2=" ">
        <subfield code="a">YEMEN</subfield>
        <subfield code="0">(DHLAUTH)273521</subfield>
    </datafield>
    <datafield tag="650" ind1=" " ind2=" ">
        <subfield code="a">ADVISORY SERVICES</subfield>
        <subfield code="0">(DHLAUTH)269860</subfield>
    </datafield>
</record>
<record>
    <datafield tag="191" ind1=" " ind2=" ">
        <subfield code="a">E/ESCWA/ENG/1990/3</subfield>
    </datafield>
    <datafield tag="246" ind1=" " ind2=" ">
        <subfield code="a">تقرير عن المهمة الاستشارية لجمهورية مصر العربية القاهرة خلال الفترة من 8-23 نيسان/ ابريل 1990</subfield>
    </datafield>
    <datafield tag="269" ind1=" " ind2=" ">
        <subfield code="a">19900613</subfield>
    </datafield>
    <datafield tag="650" ind1=" " ind2=" ">
        <subfield code="a">ADVISORY SERVICES</subfield>
        <subfield code="0">(DHLAUTH)269860</subfield>
    </datafield>
    <datafield tag="650" ind1=" " ind2=" ">
        <subfield code="a">WESTERN ASIA</subfield>
        <subfield code="0">(DHLAUTH)275490</subfield>
    </datafield>
    <datafield tag="650" ind1=" " ind2=" ">
        <subfield code="a">BIOGAS</subfield>
        <subfield code="0">(DHLAUTH)271164</subfield>
    </datafield>
    <datafield tag="650" ind1=" " ind2=" ">
        <subfield code="a">RURAL DEVELOPMENT</subfield>
        <subfield code="0">(DHLAUTH)269872</subfield>
    </datafield>
    <datafield tag="650" ind1=" " ind2=" ">
        <subfield code="a">EGYPT</subfield>
        <subfield code="0">(DHLAUTH)273328</subfield>
    </datafield>
    <datafield tag="650" ind1=" " ind2=" ">
        <subfield code="a">PROJECT APPRAISAL</subfield>
        <subfield code="0">(DHLAUTH)269963</subfield>
    </datafield>
</record>
<record>
    <datafield tag="191" ind1=" " ind2=" ">
        <subfield code="a">E/ESCWA/STAT/1992/9</subfield>
    </datafield>
    <datafield tag="191" ind1=" " ind2=" ">
        <subfield code="a">E/ESCWA/ENR/1992/10</subfield>
    </datafield>
    <datafield tag="246" ind1=" " ind2=" ">
        <subfield code="a">تقرير عن المهمة الاستشارية الى جامعة قطر خلال الفترة 16 شباط/ فبراير -2 اذار/مارس 1992</subfield>
    </datafield>
    <datafield tag="269" ind1=" " ind2=" ">
        <subfield code="a">19920324</subfield>
    </datafield>
    <datafield tag="650" ind1=" " ind2=" ">
        <subfield code="a">ADVISORY SERVICES</subfield>
        <subfield code="0">(DHLAUTH)269860</subfield>
    </datafield>
    <datafield tag="650" ind1=" " ind2=" ">
        <subfield code="a">STATISTICS</subfield>
        <subfield code="0">(DHLAUTH)269347</subfield>
    </datafield>
    <datafield tag="650" ind1=" " ind2=" ">
        <subfield code="a">RESEARCH</subfield>
        <subfield code="0">(DHLAUTH)268941</subfield>
    </datafield>
    <datafield tag="650" ind1=" " ind2=" ">
        <subfield code="a">NATIONAL ACCOUNTS</subfield>
        <subfield code="0">(DHLAUTH)269651</subfield>
    </datafield>
    <datafield tag="650" ind1=" " ind2=" ">
        <subfield code="a">COMPUTERS</subfield>
        <subfield code="0">(DHLAUTH)271865</subfield>
    </datafield>
    <datafield tag="650" ind1=" " ind2=" ">
        <subfield code="a">DATA PROCESSING</subfield>
        <subfield code="0">(DHLAUTH)272727</subfield>
    </datafield>
    <datafield tag="650" ind1=" " ind2=" ">
        <subfield code="a">QATAR</subfield>
        <subfield code="0">(DHLAUTH)275603</subfield>
    </datafield>
    <datafield tag="650" ind1=" " ind2=" ">
        <subfield code="a">WESTERN ASIA</subfield>
        <subfield code="0">(DHLAUTH)275490</subfield>
    </datafield>
    <datafield tag="650" ind1=" " ind2=" ">
        <subfield code="a">DATA PROCESSING SERVICES</subfield>
        <subfield code="0">(DHLAUTH)275236</subfield>
    </datafield>
    <datafield tag="650" ind1=" " ind2=" ">
        <subfield code="a">NATURAL RESOURCES</subfield>
        <subfield code="0">(DHLAUTH)270548</subfield>
    </datafield>
</record>
<record>
    <datafield tag="191" ind1=" " ind2=" ">
        <subfield code="a">E/ESCWA/ENR/1992/11</subfield>
    </datafield>
    <datafield tag="246" ind1=" " ind2=" ">
        <subfield code="a">تقرير عن المهمة الاستشارية خطة عمل لإعداد خطة قومية للمياة الجمهورية العربية السورية خلال الفترة من 6- 26- آذار/مارس 1992</subfield>
    </datafield>
    <datafield tag="269" ind1=" " ind2=" ">
        <subfield code="a">19920530</subfield>
    </datafield>
    <datafield tag="650" ind1=" " ind2=" ">
        <subfield code="a">ADVISORY SERVICES</subfield>
        <subfield code="0">(DHLAUTH)269860</subfield>
    </datafield>
    <datafield tag="650" ind1=" " ind2=" ">
        <subfield code="a">PROGRAMMES OF ACTION</subfield>
        <subfield code="0">(DHLAUTH)275777</subfield>
    </datafield>
    <datafield tag="650" ind1=" " ind2=" ">
        <subfield code="a">ADMINISTRATIVE ASPECTS</subfield>
        <subfield code="0">(DHLAUTH)270039</subfield>
    </datafield>
    <datafield tag="650" ind1=" " ind2=" ">
        <subfield code="a">DATA COLLECTION</subfield>
        <subfield code="0">(DHLAUTH)270174</subfield>
    </datafield>
    <datafield tag="650" ind1=" " ind2=" ">
        <subfield code="a">WATER RESOURCES</subfield>
        <subfield code="0">(DHLAUTH)270568</subfield>
    </datafield>
    <datafield tag="650" ind1=" " ind2=" ">
        <subfield code="a">WATER CONSUMPTION</subfield>
        <subfield code="0">(DHLAUTH)269580</subfield>
    </datafield>
    <datafield tag="650" ind1=" " ind2=" ">
        <subfield code="a">WATER POLICY</subfield>
        <subfield code="0">(DHLAUTH)270576</subfield>
    </datafield>
    <datafield tag="650" ind1=" " ind2=" ">
        <subfield code="a">SYRIAN ARAB REPUBLIC</subfield>
        <subfield code="0">(DHLAUTH)273496</subfield>
    </datafield>
    <datafield tag="650" ind1=" " ind2=" ">
        <subfield code="a">WESTERN ASIA</subfield>
        <subfield code="0">(DHLAUTH)275490</subfield>
    </datafield>
</record>
<record>
    <datafield tag="191" ind1=" " ind2=" ">
        <subfield code="a">E/ESCWA/ENR/1992/14</subfield>
    </datafield>
    <datafield tag="245" ind1=" " ind2=" ">
        <subfield code="a">BULLETIN OF ENERGY DATA FOR THE ESCWA REGION, 1990</subfield>
    </datafield>
    <datafield tag="269" ind1=" " ind2=" ">
        <subfield code="a">19921101</subfield>
    </datafield>
    <datafield tag="650" ind1=" " ind2=" ">
        <subfield code="a">PETROLEUM PRODUCTS</subfield>
        <subfield code="0">(DHLAUTH)271277</subfield>
    </datafield>
    <datafield tag="650" ind1=" " ind2=" ">
        <subfield code="a">NATURAL GAS</subfield>
        <subfield code="0">(DHLAUTH)271228</subfield>
    </datafield>
    <datafield tag="650" ind1=" " ind2=" ">
        <subfield code="a">PERIODICALS</subfield>
        <subfield code="0">(DHLAUTH)275063</subfield>
    </datafield>
    <datafield tag="650" ind1=" " ind2=" ">
        <subfield code="a">ENERGY STATISTICS</subfield>
        <subfield code="0">(DHLAUTH)270192</subfield>
    </datafield>
    <datafield tag="650" ind1=" " ind2=" ">
        <subfield code="a">PETROLEUM REVENUES</subfield>
        <subfield code="0">(DHLAUTH)269856</subfield>
    </datafield>
</record>
<record>
    <datafield tag="191" ind1=" " ind2=" ">
        <subfield code="a">E/ESCWA/ENR/1992/16</subfield>
    </datafield>
    <datafield tag="246" ind1=" " ind2=" ">
        <subfield code="a">تقرير عن المهمة الإستشارية الى الجمهورية العربية السورية خلال الفترة من 8-18 نيسان / ابريل 1992</subfield>
    </datafield>
    <datafield tag="269" ind1=" " ind2=" ">
        <subfield code="a">19920420</subfield>
    </datafield>
    <datafield tag="650" ind1=" " ind2=" ">
        <subfield code="a">ADVISORY SERVICES</subfield>
        <subfield code="0">(DHLAUTH)269860</subfield>
    </datafield>
    <datafield tag="650" ind1=" " ind2=" ">
        <subfield code="a">WESTERN ASIA</subfield>
        <subfield code="0">(DHLAUTH)275490</subfield>
    </datafield>
    <datafield tag="650" ind1=" " ind2=" ">
        <subfield code="a">BIOGAS</subfield>
        <subfield code="0">(DHLAUTH)271164</subfield>
    </datafield>
    <datafield tag="650" ind1=" " ind2=" ">
        <subfield code="a">SYRIAN ARAB REPUBLIC</subfield>
        <subfield code="0">(DHLAUTH)273496</subfield>
    </datafield>
    <datafield tag="650" ind1=" " ind2=" ">
        <subfield code="a">ENERGY RESOURCES</subfield>
        <subfield code="0">(DHLAUTH)270561</subfield>
    </datafield>
</record>
<record>
    <datafield tag="191" ind1=" " ind2=" ">
        <subfield code="a">E/ESCWA/ENR/1992/3(PARTIII)</subfield>
    </datafield>
    <datafield tag="246" ind1=" " ind2=" ">
        <subfield code="a">الطلب على الطاقة في القطاع المنزلي: القسم الثالث دراسة حالة الجمهورية العربية السورية</subfield>
    </datafield>
    <datafield tag="269" ind1=" " ind2=" ">
        <subfield code="a">19920315</subfield>
    </datafield>
    <datafield tag="650" ind1=" " ind2=" ">
        <subfield code="a">ENERGY CONSUMPTION</subfield>
        <subfield code="0">(DHLAUTH)269578</subfield>
    </datafield>
    <datafield tag="650" ind1=" " ind2=" ">
        <subfield code="a">CASE STUDIES</subfield>
        <subfield code="0">(DHLAUTH)274639</subfield>
    </datafield>
    <datafield tag="650" ind1=" " ind2=" ">
        <subfield code="a">SYRIAN ARAB REPUBLIC</subfield>
        <subfield code="0">(DHLAUTH)273496</subfield>
    </datafield>
    <datafield tag="650" ind1=" " ind2=" ">
        <subfield code="a">QUESTIONNAIRES</subfield>
        <subfield code="0">(DHLAUTH)272018</subfield>
    </datafield>
    <datafield tag="650" ind1=" " ind2=" ">
        <subfield code="a">WESTERN ASIA</subfield>
        <subfield code="0">(DHLAUTH)275490</subfield>
    </datafield>
</record>
<record>
    <datafield tag="191" ind1=" " ind2=" ">
        <subfield code="a">E/ESCWA/ENR/1992/3(PARTII)</subfield>
    </datafield>
    <datafield tag="246" ind1=" " ind2=" ">
        <subfield code="a">الطلب على الطاقة في القطاع المنزلي: القسم الثاني دراسة حالة الأردن</subfield>
    </datafield>
    <datafield tag="269" ind1=" " ind2=" ">
        <subfield code="a">19920314</subfield>
    </datafield>
    <datafield tag="650" ind1=" " ind2=" ">
        <subfield code="a">ENERGY CONSUMPTION</subfield>
        <subfield code="0">(DHLAUTH)269578</subfield>
    </datafield>
    <datafield tag="650" ind1=" " ind2=" ">
        <subfield code="a">CASE STUDIES</subfield>
        <subfield code="0">(DHLAUTH)274639</subfield>
    </datafield>
    <datafield tag="650" ind1=" " ind2=" ">
        <subfield code="a">QUESTIONNAIRES</subfield>
        <subfield code="0">(DHLAUTH)272018</subfield>
    </datafield>
    <datafield tag="650" ind1=" " ind2=" ">
        <subfield code="a">WESTERN ASIA</subfield>
        <subfield code="0">(DHLAUTH)275490</subfield>
    </datafield>
    <datafield tag="650" ind1=" " ind2=" ">
        <subfield code="a">JORDAN</subfield>
        <subfield code="0">(DHLAUTH)269099</subfield>
    </datafield>
</record>
<record>
    <datafield tag="191" ind1=" " ind2=" ">
        <subfield code="a">E/ESCWA/ENR/1992/3(PARTI)</subfield>
    </datafield>
    <datafield tag="246" ind1=" " ind2=" ">
        <subfield code="a">الطلب على الطاقة في القطاع المنزلي القسم الاول دراسة حالة مصر</subfield>
    </datafield>
    <datafield tag="269" ind1=" " ind2=" ">
        <subfield code="a">19920311</subfield>
    </datafield>
    <datafield tag="650" ind1=" " ind2=" ">
        <subfield code="a">ENERGY CONSUMPTION</subfield>
        <subfield code="0">(DHLAUTH)269578</subfield>
    </datafield>
    <datafield tag="650" ind1=" " ind2=" ">
        <subfield code="a">CASE STUDIES</subfield>
        <subfield code="0">(DHLAUTH)274639</subfield>
    </datafield>
    <datafield tag="650" ind1=" " ind2=" ">
        <subfield code="a">CASE STUDIES</subfield>
        <subfield code="0">(DHLAUTH)274639</subfield>
    </datafield>
    <datafield tag="650" ind1=" " ind2=" ">
        <subfield code="a">WESTERN ASIA</subfield>
        <subfield code="0">(DHLAUTH)275490</subfield>
    </datafield>
    <datafield tag="650" ind1=" " ind2=" ">
        <subfield code="a">EGYPT</subfield>
        <subfield code="0">(DHLAUTH)273328</subfield>
    </datafield>
    <datafield tag="650" ind1=" " ind2=" ">
        <subfield code="a">HOUSING</subfield>
        <subfield code="0">(DHLAUTH)272289</subfield>
    </datafield>
    <datafield tag="650" ind1=" " ind2=" ">
        <subfield code="a">ENERGY TECHNOLOGY</subfield>
        <subfield code="0">(DHLAUTH)271206</subfield>
    </datafield>
</record>
<record>
    <datafield tag="191" ind1=" " ind2=" ">
        <subfield code="a">E/ESCWA/ENR/1992/4</subfield>
    </datafield>
    <datafield tag="246" ind1=" " ind2=" ">
        <subfield code="a">الحد من ضائعات المياه في منظومات الري في منطقة الاسكوا</subfield>
    </datafield>
    <datafield tag="269" ind1=" " ind2=" ">
        <subfield code="a">19920301</subfield>
    </datafield>
    <datafield tag="650" ind1=" " ind2=" ">
        <subfield code="a">WATER MANAGEMENT</subfield>
        <subfield code="0">(DHLAUTH)270919</subfield>
    </datafield>
    <datafield tag="650" ind1=" " ind2=" ">
        <subfield code="a">CROPS</subfield>
        <subfield code="0">(DHLAUTH)271516</subfield>
    </datafield>
    <datafield tag="650" ind1=" " ind2=" ">
        <subfield code="a">SOILS</subfield>
        <subfield code="0">(DHLAUTH)270930</subfield>
    </datafield>
    <datafield tag="650" ind1=" " ind2=" ">
        <subfield code="a">SYRIAN ARAB REPUBLIC</subfield>
        <subfield code="0">(DHLAUTH)273496</subfield>
    </datafield>
    <datafield tag="650" ind1=" " ind2=" ">
        <subfield code="a">IRAQ</subfield>
        <subfield code="0">(DHLAUTH)273370</subfield>
    </datafield>
    <datafield tag="650" ind1=" " ind2=" ">
        <subfield code="a">CASE STUDIES</subfield>
        <subfield code="0">(DHLAUTH)274639</subfield>
    </datafield>
    <datafield tag="650" ind1=" " ind2=" ">
        <subfield code="a">IRRIGATION</subfield>
        <subfield code="0">(DHLAUTH)270872</subfield>
    </datafield>
    <datafield tag="650" ind1=" " ind2=" ">
        <subfield code="a">JORDAN</subfield>
        <subfield code="0">(DHLAUTH)269099</subfield>
    </datafield>
    <datafield tag="650" ind1=" " ind2=" ">
        <subfield code="a">RECOMMENDATIONS</subfield>
        <subfield code="0">(DHLAUTH)275840</subfield>
    </datafield>
    <datafield tag="650" ind1=" " ind2=" ">
        <subfield code="a">WESTERN ASIA</subfield>
        <subfield code="0">(DHLAUTH)275490</subfield>
    </datafield>
</record>
<record>
    <datafield tag="191" ind1=" " ind2=" ">
        <subfield code="a">E/ESCWA/ENR/1992/8</subfield>
    </datafield>
    <datafield tag="245" ind1=" " ind2=" ">
        <subfield code="a">REPORT ON MISSION TO EGYPT (DURING THE PERIOD FROM 1 JANUARY TO 15 JANUARY 1992)</subfield>
    </datafield>
    <datafield tag="269" ind1=" " ind2=" ">
        <subfield code="a">19920326</subfield>
    </datafield>
    <datafield tag="650" ind1=" " ind2=" ">
        <subfield code="a">PROGRAMME EVALUATION</subfield>
        <subfield code="0">(DHLAUTH)269962</subfield>
    </datafield>
    <datafield tag="650" ind1=" " ind2=" ">
        <subfield code="a">ADVISORY SERVICES</subfield>
        <subfield code="0">(DHLAUTH)269860</subfield>
    </datafield>
    <datafield tag="650" ind1=" " ind2=" ">
        <subfield code="a">RURAL AREAS</subfield>
        <subfield code="0">(DHLAUTH)269978</subfield>
    </datafield>
    <datafield tag="650" ind1=" " ind2=" ">
        <subfield code="a">EGYPT</subfield>
        <subfield code="0">(DHLAUTH)273328</subfield>
    </datafield>
    <datafield tag="650" ind1=" " ind2=" ">
        <subfield code="a">BIOMASS ENERGY</subfield>
        <subfield code="0">(DHLAUTH)271166</subfield>
    </datafield>
</record>
<record>
    <datafield tag="191" ind1=" " ind2=" ">
        <subfield code="a">E/ESCWA/ENR/1992/9</subfield>
    </datafield>
    <datafield tag="246" ind1=" " ind2=" ">
        <subfield code="a">تقرير عن المهمة الإستشارية الجمهورية اليمنية خلال الفترة من 16-31تشرين الاول/اكتوبر 1991</subfield>
    </datafield>
    <datafield tag="269" ind1=" " ind2=" ">
        <subfield code="a">19911205</subfield>
    </datafield>
    <datafield tag="650" ind1=" " ind2=" ">
        <subfield code="a">ADVISORY SERVICES</subfield>
        <subfield code="0">(DHLAUTH)269860</subfield>
    </datafield>
    <datafield tag="650" ind1=" " ind2=" ">
        <subfield code="a">INDUSTRIAL PROJECTS</subfield>
        <subfield code="0">(DHLAUTH)269991</subfield>
    </datafield>
    <datafield tag="650" ind1=" " ind2=" ">
        <subfield code="a">INDUSTRIAL POLLUTION</subfield>
        <subfield code="0">(DHLAUTH)270791</subfield>
    </datafield>
    <datafield tag="650" ind1=" " ind2=" ">
        <subfield code="a">YEMEN</subfield>
        <subfield code="0">(DHLAUTH)273521</subfield>
    </datafield>
    <datafield tag="650" ind1=" " ind2=" ">
        <subfield code="a">WESTERN ASIA</subfield>
        <subfield code="0">(DHLAUTH)275490</subfield>
    </datafield>
</record>
<record>
    <datafield tag="191" ind1=" " ind2=" ">
        <subfield code="a">E/ESCWA/ENR/1993/1</subfield>
    </datafield>
    <datafield tag="245" ind1=" " ind2=" ">
        <subfield code="a">REPORT ON MISSION TO EGYPT (DURING THE PERIOD FROM 15 NOVEMBER TO 12 DECEMBER 1992)</subfield>
    </datafield>
    <datafield tag="269" ind1=" " ind2=" ">
        <subfield code="a">19930105</subfield>
    </datafield>
    <datafield tag="650" ind1=" " ind2=" ">
        <subfield code="a">EGYPT</subfield>
        <subfield code="0">(DHLAUTH)273328</subfield>
    </datafield>
    <datafield tag="650" ind1=" " ind2=" ">
        <subfield code="a">CONFERENCES</subfield>
        <subfield code="0">(DHLAUTH)275758</subfield>
    </datafield>
    <datafield tag="650" ind1=" " ind2=" ">
        <subfield code="a">WESTERN ASIA</subfield>
        <subfield code="0">(DHLAUTH)275490</subfield>
    </datafield>
    <datafield tag="650" ind1=" " ind2=" ">
        <subfield code="a">ENERGY RESOURCES</subfield>
        <subfield code="0">(DHLAUTH)270561</subfield>
    </datafield>
    <datafield tag="650" ind1=" " ind2=" ">
        <subfield code="a">BIOGAS</subfield>
        <subfield code="0">(DHLAUTH)271164</subfield>
    </datafield>
    <datafield tag="650" ind1=" " ind2=" ">
        <subfield code="a">WASTE DISPOSAL</subfield>
        <subfield code="0">(DHLAUTH)270674</subfield>
    </datafield>
</record>
<record>
    <datafield tag="191" ind1=" " ind2=" ">
        <subfield code="a">E/ESCWA/ENR/1993/2</subfield>
    </datafield>
    <datafield tag="245" ind1=" " ind2=" ">
        <subfield code="a">REPORT ON CONSULTANCY MISSION TO THE MINISTRY OF REGIONAL MUNICIPALITIES AND ENVIRONMENT MUSCAT - SULTANATE OF OMAN (DURING THE PERIOD FROM 5 TO 25 SEPTEMBER 1992): THE ROLE OF WATER RESOURCES MANAGEMENT IN COMBATTING DESERTIFICATION IN OMAN</subfield>
    </datafield>
    <datafield tag="269" ind1=" " ind2=" ">
        <subfield code="a">19930119</subfield>
    </datafield>
    <datafield tag="650" ind1=" " ind2=" ">
        <subfield code="a">CONFERENCES</subfield>
        <subfield code="0">(DHLAUTH)275758</subfield>
    </datafield>
    <datafield tag="650" ind1=" " ind2=" ">
        <subfield code="a">WESTERN ASIA</subfield>
        <subfield code="0">(DHLAUTH)275490</subfield>
    </datafield>
    <datafield tag="650" ind1=" " ind2=" ">
        <subfield code="a">OMAN</subfield>
        <subfield code="0">(DHLAUTH)273438</subfield>
    </datafield>
    <datafield tag="650" ind1=" " ind2=" ">
        <subfield code="a">NATURAL RESOURCES</subfield>
        <subfield code="0">(DHLAUTH)270548</subfield>
    </datafield>
    <datafield tag="650" ind1=" " ind2=" ">
        <subfield code="a">WATER RESOURCES</subfield>
        <subfield code="0">(DHLAUTH)270568</subfield>
    </datafield>
    <datafield tag="650" ind1=" " ind2=" ">
        <subfield code="a">GROUNDWATER</subfield>
        <subfield code="0">(DHLAUTH)270891</subfield>
    </datafield>
    <datafield tag="650" ind1=" " ind2=" ">
        <subfield code="a">SEWAGE</subfield>
        <subfield code="0">(DHLAUTH)270857</subfield>
    </datafield>
    <datafield tag="650" ind1=" " ind2=" ">
        <subfield code="a">WATER BALANCE</subfield>
        <subfield code="0">(DHLAUTH)270913</subfield>
    </datafield>
    <datafield tag="650" ind1=" " ind2=" ">
        <subfield code="a">DESERTIFICATION</subfield>
        <subfield code="0">(DHLAUTH)270641</subfield>
    </datafield>
    <datafield tag="650" ind1=" " ind2=" ">
        <subfield code="a">WATER MANAGEMENT</subfield>
        <subfield code="0">(DHLAUTH)270919</subfield>
    </datafield>
</record>
<record>
    <datafield tag="191" ind1=" " ind2=" ">
        <subfield code="a">E/ESCWA/ENR/1995/1</subfield>
    </datafield>
    <datafield tag="245" ind1=" " ind2=" ">
        <subfield code="a">REPORT ON MISSION TO THE ARAB CENTER FOR THE STUDIES OF ARID ZONES AND DRY LANDS, DAMASCUS, SYRIAN ARAB REPUBLIC (DURING THE PERIOD 12-23 FEBRUARY 1995)/ ADVICE ON THE ACSAD PROJECT "GROUNDWATER PROTECTION IN THE ARAB REGION"</subfield>
    </datafield>
    <datafield tag="269" ind1=" " ind2=" ">
        <subfield code="a">19950416</subfield>
    </datafield>
    <datafield tag="650" ind1=" " ind2=" ">
        <subfield code="a">ADVISORY SERVICES</subfield>
        <subfield code="0">(DHLAUTH)269860</subfield>
    </datafield>
    <datafield tag="650" ind1=" " ind2=" ">
        <subfield code="a">RECOMMENDATIONS</subfield>
        <subfield code="0">(DHLAUTH)275840</subfield>
    </datafield>
    <datafield tag="650" ind1=" " ind2=" ">
        <subfield code="a">GROUNDWATER</subfield>
        <subfield code="0">(DHLAUTH)270891</subfield>
    </datafield>
    <datafield tag="650" ind1=" " ind2=" ">
        <subfield code="a">ENVIRONMENTAL PROTECTION</subfield>
        <subfield code="0">(DHLAUTH)270598</subfield>
    </datafield>
    <datafield tag="650" ind1=" " ind2=" ">
        <subfield code="a">PROJECT PREPARATION</subfield>
        <subfield code="0">(DHLAUTH)275807</subfield>
    </datafield>
    <datafield tag="650" ind1=" " ind2=" ">
        <subfield code="a">TECHNICAL COOPERATION</subfield>
        <subfield code="0">(DHLAUTH)268658</subfield>
    </datafield>
    <datafield tag="650" ind1=" " ind2=" ">
        <subfield code="a">WATER CONSERVATION</subfield>
        <subfield code="0">(DHLAUTH)270589</subfield>
    </datafield>
    <datafield tag="650" ind1=" " ind2=" ">
        <subfield code="a">COASTAL AREAS</subfield>
        <subfield code="0">(DHLAUTH)269554</subfield>
    </datafield>
    <datafield tag="650" ind1=" " ind2=" ">
        <subfield code="a">SYRIAN ARAB REPUBLIC</subfield>
        <subfield code="0">(DHLAUTH)273496</subfield>
    </datafield>
    <datafield tag="650" ind1=" " ind2=" ">
        <subfield code="a">TUNISIA</subfield>
        <subfield code="0">(DHLAUTH)273507</subfield>
    </datafield>
    <datafield tag="650" ind1=" " ind2=" ">
        <subfield code="a">PROJECT ACTIVITIES</subfield>
        <subfield code="0">(DHLAUTH)275801</subfield>
    </datafield>
    <datafield tag="650" ind1=" " ind2=" ">
        <subfield code="a">WATER QUALITY</subfield>
        <subfield code="0">(DHLAUTH)270691</subfield>
    </datafield>
</record>
<record>
    <datafield tag="191" ind1=" " ind2=" ">
        <subfield code="a">E/ESCWA/ENR/1995/11</subfield>
    </datafield>
    <datafield tag="246" ind1=" " ind2=" ">
        <subfield code="a">قرير عن المهمة الاستشارية الى المركز القومي للبحوث القاهرة - جمهورية مصر العربية القاهرة خلال الفترة من 8-22 كانون الاول / ديسمبر 1995</subfield>
    </datafield>
    <datafield tag="269" ind1=" " ind2=" ">
        <subfield code="a">19960108</subfield>
    </datafield>
    <datafield tag="650" ind1=" " ind2=" ">
        <subfield code="a">ADVISORY SERVICES</subfield>
        <subfield code="0">(DHLAUTH)269860</subfield>
    </datafield>
    <datafield tag="650" ind1=" " ind2=" ">
        <subfield code="a">NATURAL GAS</subfield>
        <subfield code="0">(DHLAUTH)271228</subfield>
    </datafield>
    <datafield tag="650" ind1=" " ind2=" ">
        <subfield code="a">EGYPT</subfield>
        <subfield code="0">(DHLAUTH)273328</subfield>
    </datafield>
    <datafield tag="650" ind1=" " ind2=" ">
        <subfield code="a">SOLAR ENERGY</subfield>
        <subfield code="0">(DHLAUTH)271255</subfield>
    </datafield>
    <datafield tag="650" ind1=" " ind2=" ">
        <subfield code="a">RECOMMENDATIONS</subfield>
        <subfield code="0">(DHLAUTH)275840</subfield>
    </datafield>
</record>
<record>
    <datafield tag="191" ind1=" " ind2=" ">
        <subfield code="a">E/ESCWA/ENR/1995/12</subfield>
    </datafield>
    <datafield tag="245" ind1=" " ind2=" ">
        <subfield code="a">REPORT TO THE COMMISSION ON THE INTRODUCTION OF APPROPRIATE MECHANISMS TO PROMOTE REGIONAL COOPERATION IN THE WATER SECTOR</subfield>
    </datafield>
    <datafield tag="269" ind1=" " ind2=" ">
        <subfield code="a">19960102</subfield>
    </datafield>
    <datafield tag="650" ind1=" " ind2=" ">
        <subfield code="a">REGIONAL COOPERATION</subfield>
        <subfield code="0">(DHLAUTH)268656</subfield>
    </datafield>
    <datafield tag="650" ind1=" " ind2=" ">
        <subfield code="a">ADVISORY SERVICES</subfield>
        <subfield code="0">(DHLAUTH)269860</subfield>
    </datafield>
    <datafield tag="650" ind1=" " ind2=" ">
        <subfield code="a">TRAINING AND RESEARCH INSTITUTIONS</subfield>
        <subfield code="0">(DHLAUTH)274044</subfield>
    </datafield>
    <datafield tag="650" ind1=" " ind2=" ">
        <subfield code="a">RECOMMENDATIONS</subfield>
        <subfield code="0">(DHLAUTH)275840</subfield>
    </datafield>
</record>
<record>
    <datafield tag="191" ind1=" " ind2=" ">
        <subfield code="a">E/ESCWA/ENR/1995/13</subfield>
    </datafield>
    <datafield tag="245" ind1=" " ind2=" ">
        <subfield code="a">REPORT TO THE COMMISSION ON THE INVESTIGATION STUDY OF SHARED BASALT AQUIFERS IN THE SYRIAN ARAB REPUBLIC AND THE HASHEMITE KINGDOM OF JORDAN</subfield>
    </datafield>
    <datafield tag="269" ind1=" " ind2=" ">
        <subfield code="a">19960102</subfield>
    </datafield>
    <datafield tag="650" ind1=" " ind2=" ">
        <subfield code="a">ADVISORY SERVICES</subfield>
        <subfield code="0">(DHLAUTH)269860</subfield>
    </datafield>
    <datafield tag="650" ind1=" " ind2=" ">
        <subfield code="a">REGIONAL COOPERATION</subfield>
        <subfield code="0">(DHLAUTH)268656</subfield>
    </datafield>
    <datafield tag="650" ind1=" " ind2=" ">
        <subfield code="a">TRAINING AND RESEARCH INSTITUTIONS</subfield>
        <subfield code="0">(DHLAUTH)274044</subfield>
    </datafield>
    <datafield tag="650" ind1=" " ind2=" ">
        <subfield code="a">RECOMMENDATIONS</subfield>
        <subfield code="0">(DHLAUTH)275840</subfield>
    </datafield>
</record>
<record>
    <datafield tag="191" ind1=" " ind2=" ">
        <subfield code="a">E/ESCWA/ENR/1995/15/REV.1</subfield>
    </datafield>
    <datafield tag="245" ind1=" " ind2=" ">
        <subfield code="a">ANALYTICAL STUDY OF RECENT PROJECTS ON THE DEVELOPMENT OF OIL AND NATURAL GAS IN SELECTED ESCWA MEMBER COUNTRIES(JORDAN AND YEMEN)</subfield>
    </datafield>
    <datafield tag="269" ind1=" " ind2=" ">
        <subfield code="a">19960107</subfield>
    </datafield>
    <datafield tag="650" ind1=" " ind2=" ">
        <subfield code="a">NATURAL GAS</subfield>
        <subfield code="0">(DHLAUTH)271228</subfield>
    </datafield>
    <datafield tag="650" ind1=" " ind2=" ">
        <subfield code="a">PETROLEUM EXPLORATION</subfield>
        <subfield code="0">(DHLAUTH)271283</subfield>
    </datafield>
    <datafield tag="650" ind1=" " ind2=" ">
        <subfield code="a">WELL DRILLING</subfield>
        <subfield code="0">(DHLAUTH)270927</subfield>
    </datafield>
    <datafield tag="650" ind1=" " ind2=" ">
        <subfield code="a">JORDAN</subfield>
        <subfield code="0">(DHLAUTH)269099</subfield>
    </datafield>
    <datafield tag="650" ind1=" " ind2=" ">
        <subfield code="a">YEMEN</subfield>
        <subfield code="0">(DHLAUTH)273521</subfield>
    </datafield>
</record>
<record>
    <datafield tag="191" ind1=" " ind2=" ">
        <subfield code="a">E/ESCWA/STAT/1995/5</subfield>
    </datafield>
    <datafield tag="191" ind1=" " ind2=" ">
        <subfield code="a">E/ESCWA/ENR/1995/2</subfield>
    </datafield>
    <datafield tag="246" ind1=" " ind2=" ">
        <subfield code="a">تقرير عن المهام الإستشارية الى وزارة الطاقة والثروة المعدنية عمان- المملكة الاردنية الهاشمية عدت زيارات استشارية خلال الفترة كانون الاول/ديسمبر 1994-آذار /مارس 1995</subfield>
    </datafield>
    <datafield tag="269" ind1=" " ind2=" ">
        <subfield code="a">19950518</subfield>
    </datafield>
    <datafield tag="650" ind1=" " ind2=" ">
        <subfield code="a">ADVISORY SERVICES</subfield>
        <subfield code="0">(DHLAUTH)269860</subfield>
    </datafield>
    <datafield tag="650" ind1=" " ind2=" ">
        <subfield code="a">RECOMMENDATIONS</subfield>
        <subfield code="0">(DHLAUTH)275840</subfield>
    </datafield>
    <datafield tag="650" ind1=" " ind2=" ">
        <subfield code="a">ENERGY CONSUMPTION</subfield>
        <subfield code="0">(DHLAUTH)269578</subfield>
    </datafield>
    <datafield tag="650" ind1=" " ind2=" ">
        <subfield code="a">JORDAN</subfield>
        <subfield code="0">(DHLAUTH)269099</subfield>
    </datafield>
</record>
<record>
    <datafield tag="191" ind1=" " ind2=" ">
        <subfield code="a">E/ESCWA/ENR/1995/3</subfield>
    </datafield>
    <datafield tag="245" ind1=" " ind2=" ">
        <subfield code="a">REPORT ON MISSION TO LEBANON (DURING THE PERIOD 10-14 APRIL 1995)</subfield>
    </datafield>
    <datafield tag="269" ind1=" " ind2=" ">
        <subfield code="a">19950522</subfield>
    </datafield>
    <datafield tag="650" ind1=" " ind2=" ">
        <subfield code="a">ADVISORY SERVICES</subfield>
        <subfield code="0">(DHLAUTH)269860</subfield>
    </datafield>
    <datafield tag="650" ind1=" " ind2=" ">
        <subfield code="a">RURAL AREAS</subfield>
        <subfield code="0">(DHLAUTH)269978</subfield>
    </datafield>
    <datafield tag="650" ind1=" " ind2=" ">
        <subfield code="a">LEBANON</subfield>
        <subfield code="0">(DHLAUTH)269069</subfield>
    </datafield>
</record>
<record>
    <datafield tag="191" ind1=" " ind2=" ">
        <subfield code="a">E/ESCWA/ENR/1995/4</subfield>
    </datafield>
    <datafield tag="245" ind1=" " ind2=" ">
        <subfield code="a">MISSION REPORT TO THE MINISTRY OF ELECTRICITY AND WATER IN THE STATE OF QATAR (DURING THE PERIOD 14-27 OCTOBER 1994)/ RURAL WATER SUPPLY STRATEGY IN QATAR TILL THE YEAR 2010</subfield>
    </datafield>
    <datafield tag="269" ind1=" " ind2=" ">
        <subfield code="a">19950625</subfield>
    </datafield>
    <datafield tag="650" ind1=" " ind2=" ">
        <subfield code="a">ADVISORY SERVICES</subfield>
        <subfield code="0">(DHLAUTH)269860</subfield>
    </datafield>
    <datafield tag="650" ind1=" " ind2=" ">
        <subfield code="a">RURAL AREAS</subfield>
        <subfield code="0">(DHLAUTH)269978</subfield>
    </datafield>
    <datafield tag="650" ind1=" " ind2=" ">
        <subfield code="a">WATER SUPPLY</subfield>
        <subfield code="0">(DHLAUTH)270886</subfield>
    </datafield>
    <datafield tag="650" ind1=" " ind2=" ">
        <subfield code="a">GROUNDWATER</subfield>
        <subfield code="0">(DHLAUTH)270891</subfield>
    </datafield>
    <datafield tag="650" ind1=" " ind2=" ">
        <subfield code="a">WATER MANAGEMENT</subfield>
        <subfield code="0">(DHLAUTH)270919</subfield>
    </datafield>
    <datafield tag="650" ind1=" " ind2=" ">
        <subfield code="a">COSTS</subfield>
        <subfield code="0">(DHLAUTH)269595</subfield>
    </datafield>
    <datafield tag="650" ind1=" " ind2=" ">
        <subfield code="a">QATAR</subfield>
        <subfield code="0">(DHLAUTH)275603</subfield>
    </datafield>
</record>
<record>
    <datafield tag="191" ind1=" " ind2=" ">
        <subfield code="a">E/ESCWA/ENR/1995/5</subfield>
    </datafield>
    <datafield tag="246" ind1=" " ind2=" ">
        <subfield code="a">تقرير عن المهمة الى وزارة الزراعة والثروة السمكية دولة الامارات العربية المتحدة خلال الفترة  من 10-24 آذار /مارس 1995 المساهمة في احتفالات الدولة بيوم المياه العالمي</subfield>
    </datafield>
    <datafield tag="269" ind1=" " ind2=" ">
        <subfield code="a">19950625</subfield>
    </datafield>
    <datafield tag="650" ind1=" " ind2=" ">
        <subfield code="a">ADVISORY SERVICES</subfield>
        <subfield code="0">(DHLAUTH)269860</subfield>
    </datafield>
    <datafield tag="650" ind1=" " ind2=" ">
        <subfield code="a">WATER</subfield>
        <subfield code="0">(DHLAUTH)270885</subfield>
    </datafield>
    <datafield tag="650" ind1=" " ind2=" ">
        <subfield code="a">ISLAM</subfield>
        <subfield code="0">(DHLAUTH)268706</subfield>
    </datafield>
    <datafield tag="650" ind1=" " ind2=" ">
        <subfield code="a">UNITED ARAB EMIRATES</subfield>
        <subfield code="0">(DHLAUTH)275604</subfield>
    </datafield>
</record>
<record>
    <datafield tag="191" ind1=" " ind2=" ">
        <subfield code="a">E/ESCWA/ENR/1995/6</subfield>
    </datafield>
    <datafield tag="245" ind1=" " ind2=" ">
        <subfield code="a">REPORT ON MISSION TO THE UNITED ARAB EMIRATES (DURING THE PERIOD 17 JAN-2 FEB 1995)/ DATA COMPILATION AND EVALUATION FOR GROUNDWATER STUDIES IN THE EASTERN COASTAL AREA AND IN THE HAJAR AQUIFER, NORTHERN OMAN MOUNTAINS</subfield>
    </datafield>
    <datafield tag="269" ind1=" " ind2=" ">
        <subfield code="a">19950914</subfield>
    </datafield>
    <datafield tag="650" ind1=" " ind2=" ">
        <subfield code="a">ADVISORY SERVICES</subfield>
        <subfield code="0">(DHLAUTH)269860</subfield>
    </datafield>
    <datafield tag="650" ind1=" " ind2=" ">
        <subfield code="a">GROUNDWATER</subfield>
        <subfield code="0">(DHLAUTH)270891</subfield>
    </datafield>
    <datafield tag="650" ind1=" " ind2=" ">
        <subfield code="a">AQUIFERS</subfield>
        <subfield code="0">(DHLAUTH)270896</subfield>
    </datafield>
    <datafield tag="650" ind1=" " ind2=" ">
        <subfield code="a">WATER QUALITY</subfield>
        <subfield code="0">(DHLAUTH)270691</subfield>
    </datafield>
    <datafield tag="650" ind1=" " ind2=" ">
        <subfield code="a">WATER CHEMISTRY</subfield>
        <subfield code="0">(DHLAUTH)270914</subfield>
    </datafield>
    <datafield tag="650" ind1=" " ind2=" ">
        <subfield code="a">UNITED ARAB EMIRATES</subfield>
        <subfield code="0">(DHLAUTH)275604</subfield>
    </datafield>
</record>
<record>
    <datafield tag="191" ind1=" " ind2=" ">
        <subfield code="a">E/ESCWA/ENR/1995/7</subfield>
    </datafield>
    <datafield tag="246" ind1=" " ind2=" ">
        <subfield code="a">تقرير عن المهمة الاستشارية الى وزارة الكهرباء والماء ادراة شبكات المياه بدولة قطر خلال الفترة  من 15-28 تموز /يوليو 1995 حول ادارة مياه الشرب في المناطق الريفية في دولة قطر متابعة تنفيذ توصيات تجربة ضخ ميدانية واقتراح خطة عمل مستقبلية</subfield>
    </datafield>
    <datafield tag="269" ind1=" " ind2=" ">
        <subfield code="a">19951002</subfield>
    </datafield>
    <datafield tag="650" ind1=" " ind2=" ">
        <subfield code="a">RECOMMENDATIONS</subfield>
        <subfield code="0">(DHLAUTH)275840</subfield>
    </datafield>
    <datafield tag="650" ind1=" " ind2=" ">
        <subfield code="a">RURAL AREAS</subfield>
        <subfield code="0">(DHLAUTH)269978</subfield>
    </datafield>
    <datafield tag="650" ind1=" " ind2=" ">
        <subfield code="a">QATAR</subfield>
        <subfield code="0">(DHLAUTH)275603</subfield>
    </datafield>
</record>
<record>
    <datafield tag="191" ind1=" " ind2=" ">
        <subfield code="a">E/ESCWA/ENR/1995/8</subfield>
    </datafield>
    <datafield tag="245" ind1=" " ind2=" ">
        <subfield code="a">REPORT ON MISSION TO THE MINISTRY OF AGRICULTURE AND FISHERIES DUBAI - UNITED ARAB EMIRATES (DURINGTHE PERIOD 10-24 MARCH 1995)/ PRELIMINARY DESIGN OF A RECHARGE DAM ON WADI JAZIR</subfield>
    </datafield>
    <datafield tag="269" ind1=" " ind2=" ">
        <subfield code="a">19951008</subfield>
    </datafield>
    <datafield tag="650" ind1=" " ind2=" ">
        <subfield code="a">ADVISORY SERVICES</subfield>
        <subfield code="0">(DHLAUTH)269860</subfield>
    </datafield>
    <datafield tag="650" ind1=" " ind2=" ">
        <subfield code="a">HYDROLOGY</subfield>
        <subfield code="0">(DHLAUTH)270513</subfield>
    </datafield>
    <datafield tag="650" ind1=" " ind2=" ">
        <subfield code="a">DAMS</subfield>
        <subfield code="0">(DHLAUTH)270769</subfield>
    </datafield>
    <datafield tag="650" ind1=" " ind2=" ">
        <subfield code="a">DESIGN</subfield>
        <subfield code="0">(DHLAUTH)271916</subfield>
    </datafield>
    <datafield tag="650" ind1=" " ind2=" ">
        <subfield code="a">FLOOD CONTROL</subfield>
        <subfield code="0">(DHLAUTH)269972</subfield>
    </datafield>
    <datafield tag="650" ind1=" " ind2=" ">
        <subfield code="a">UNITED ARAB EMIRATES</subfield>
        <subfield code="0">(DHLAUTH)275604</subfield>
    </datafield>
</record>
<record>
    <datafield tag="191" ind1=" " ind2=" ">
        <subfield code="a">E/ESCWA/ENR/1995/9</subfield>
    </datafield>
    <datafield tag="191" ind1=" " ind2=" ">
        <subfield code="a">E/ESCWA/TRANS/1995/7</subfield>
    </datafield>
    <datafield tag="246" ind1=" " ind2=" ">
        <subfield code="a">احصاءات استهلاكات الطاقة في قطاع النقل في المملكة الاردنية الهاشمية تقرير عن المهمة الإستشارية الى وزارة الطاقة والثروة المعدنية خلال الفترة 6-23 تشرين الثاني /نوفمبر 1995</subfield>
    </datafield>
    <datafield tag="269" ind1=" " ind2=" ">
        <subfield code="a">19951220</subfield>
    </datafield>
    <datafield tag="650" ind1=" " ind2=" ">
        <subfield code="a">ADVISORY SERVICES</subfield>
        <subfield code="0">(DHLAUTH)269860</subfield>
    </datafield>
    <datafield tag="650" ind1=" " ind2=" ">
        <subfield code="a">ENERGY CONSUMPTION</subfield>
        <subfield code="0">(DHLAUTH)269578</subfield>
    </datafield>
    <datafield tag="650" ind1=" " ind2=" ">
        <subfield code="a">TRANSPORT AGREEMENTS</subfield>
        <subfield code="0">(DHLAUTH)581346</subfield>
    </datafield>
    <datafield tag="650" ind1=" " ind2=" ">
        <subfield code="a">RECOMMENDATIONS</subfield>
        <subfield code="0">(DHLAUTH)275840</subfield>
    </datafield>
    <datafield tag="650" ind1=" " ind2=" ">
        <subfield code="a">JORDAN</subfield>
        <subfield code="0">(DHLAUTH)269099</subfield>
    </datafield>
</record>
<record>
    <datafield tag="191" ind1=" " ind2=" ">
        <subfield code="a">E/ESCWA/ENR/1996/1</subfield>
    </datafield>
    <datafield tag="246" ind1=" " ind2=" ">
        <subfield code="a">تقرير عن المهمة الاستشارية الى وزارة الكهرباء والماء/ ادارة شبكات المياه الدوحة-دولة قطر خلال الفترة 4-22 كانون الاول 1995</subfield>
    </datafield>
    <datafield tag="269" ind1=" " ind2=" ">
        <subfield code="a">19960317</subfield>
    </datafield>
    <datafield tag="650" ind1=" " ind2=" ">
        <subfield code="a">ADVISORY SERVICES</subfield>
        <subfield code="0">(DHLAUTH)269860</subfield>
    </datafield>
    <datafield tag="650" ind1=" " ind2=" ">
        <subfield code="a">WESTERN ASIA</subfield>
        <subfield code="0">(DHLAUTH)275490</subfield>
    </datafield>
    <datafield tag="650" ind1=" " ind2=" ">
        <subfield code="a">WATER</subfield>
        <subfield code="0">(DHLAUTH)270885</subfield>
    </datafield>
    <datafield tag="650" ind1=" " ind2=" ">
        <subfield code="a">WATER RESOURCES</subfield>
        <subfield code="0">(DHLAUTH)270568</subfield>
    </datafield>
    <datafield tag="650" ind1=" " ind2=" ">
        <subfield code="a">WELLS</subfield>
        <subfield code="0">(DHLAUTH)270895</subfield>
    </datafield>
    <datafield tag="650" ind1=" " ind2=" ">
        <subfield code="a">WATER MANAGEMENT</subfield>
        <subfield code="0">(DHLAUTH)270919</subfield>
    </datafield>
    <datafield tag="650" ind1=" " ind2=" ">
        <subfield code="a">DRINKING WATER</subfield>
        <subfield code="0">(DHLAUTH)270884</subfield>
    </datafield>
    <datafield tag="650" ind1=" " ind2=" ">
        <subfield code="a">QATAR</subfield>
        <subfield code="0">(DHLAUTH)275603</subfield>
    </datafield>
</record>
<record>
    <datafield tag="191" ind1=" " ind2=" ">
        <subfield code="a">E/ESCWA/ENR/1996/10</subfield>
    </datafield>
    <datafield tag="245" ind1=" " ind2=" ">
        <subfield code="a">ADVICE ON GROUNDWATER INVESTIGATIONS IN WADI HAM, WADI WURRAYAH AND WADI BIH/ DURING THE PERIOD 16 JANUARY - 1 FEBRUARY 1996</subfield>
    </datafield>
    <datafield tag="269" ind1=" " ind2=" ">
        <subfield code="a">19960702</subfield>
    </datafield>
    <datafield tag="650" ind1=" " ind2=" ">
        <subfield code="a">GROUNDWATER</subfield>
        <subfield code="0">(DHLAUTH)270891</subfield>
    </datafield>
    <datafield tag="650" ind1=" " ind2=" ">
        <subfield code="a">UNITED ARAB EMIRATES</subfield>
        <subfield code="0">(DHLAUTH)275604</subfield>
    </datafield>
    <datafield tag="650" ind1=" " ind2=" ">
        <subfield code="a">ADVISORY SERVICES</subfield>
        <subfield code="0">(DHLAUTH)269860</subfield>
    </datafield>
</record>
<record>
    <datafield tag="191" ind1=" " ind2=" ">
        <subfield code="a">E/ESCWA/ENR/1996/2</subfield>
    </datafield>
    <datafield tag="246" ind1=" " ind2=" ">
        <subfield code="a">تقرير عن المهمة الاستشارية الى امارة الفجيرة الامارات العربية المتحدة خلال الفترة 16-26 آذار/مارس 1996</subfield>
    </datafield>
    <datafield tag="269" ind1=" " ind2=" ">
        <subfield code="a">19960507</subfield>
    </datafield>
    <datafield tag="650" ind1=" " ind2=" ">
        <subfield code="a">ADVISORY SERVICES</subfield>
        <subfield code="0">(DHLAUTH)269860</subfield>
    </datafield>
    <datafield tag="650" ind1=" " ind2=" ">
        <subfield code="a">UNITED ARAB EMIRATES</subfield>
        <subfield code="0">(DHLAUTH)275604</subfield>
    </datafield>
    <datafield tag="650" ind1=" " ind2=" ">
        <subfield code="a">RENEWABLE ENERGY SOURCES</subfield>
        <subfield code="0">(DHLAUTH)270594</subfield>
    </datafield>
    <datafield tag="650" ind1=" " ind2=" ">
        <subfield code="a">WESTERN ASIA</subfield>
        <subfield code="0">(DHLAUTH)275490</subfield>
    </datafield>
</record>
<record>
    <datafield tag="191" ind1=" " ind2=" ">
        <subfield code="a">E/ESCWA/ENR/1996/3</subfield>
    </datafield>
    <datafield tag="246" ind1=" " ind2=" ">
        <subfield code="a">تقرير عن المهمة الاستشارية الى وزارة الزراعة والثروة السمكية في دولة الامارات العربية المتحدة</subfield>
    </datafield>
    <datafield tag="269" ind1=" " ind2=" ">
        <subfield code="a">19960514</subfield>
    </datafield>
    <datafield tag="650" ind1=" " ind2=" ">
        <subfield code="a">ADVISORY SERVICES</subfield>
        <subfield code="0">(DHLAUTH)269860</subfield>
    </datafield>
    <datafield tag="650" ind1=" " ind2=" ">
        <subfield code="a">UNITED ARAB EMIRATES</subfield>
        <subfield code="0">(DHLAUTH)275604</subfield>
    </datafield>
    <datafield tag="650" ind1=" " ind2=" ">
        <subfield code="a">WATER RESOURCES</subfield>
        <subfield code="0">(DHLAUTH)270568</subfield>
    </datafield>
    <datafield tag="650" ind1=" " ind2=" ">
        <subfield code="a">WATER MANAGEMENT</subfield>
        <subfield code="0">(DHLAUTH)270919</subfield>
    </datafield>
    <datafield tag="650" ind1=" " ind2=" ">
        <subfield code="a">WESTERN ASIA</subfield>
        <subfield code="0">(DHLAUTH)275490</subfield>
    </datafield>
    <datafield tag="650" ind1=" " ind2=" ">
        <subfield code="a">CONFERENCES</subfield>
        <subfield code="0">(DHLAUTH)275758</subfield>
    </datafield>
</record>
<record>
    <datafield tag="191" ind1=" " ind2=" ">
        <subfield code="a">E/ESCWA/ENR/1996/4</subfield>
    </datafield>
    <datafield tag="245" ind1=" " ind2=" ">
        <subfield code="a">REPORT ON MISSION TO LEBANON, ADVICE ON A PROGRAM FOR EXPLORATION OF FRESH WATER SOURCES IN CHEKKA AREA DURING THE PERIOD 11-19 MARCH 1996</subfield>
    </datafield>
    <datafield tag="269" ind1=" " ind2=" ">
        <subfield code="a">19960521</subfield>
    </datafield>
    <datafield tag="650" ind1=" " ind2=" ">
        <subfield code="a">LEBANON</subfield>
        <subfield code="0">(DHLAUTH)269069</subfield>
    </datafield>
    <datafield tag="650" ind1=" " ind2=" ">
        <subfield code="a">FRESHWATER</subfield>
        <subfield code="0">(DHLAUTH)270890</subfield>
    </datafield>
    <datafield tag="650" ind1=" " ind2=" ">
        <subfield code="a">GROUNDWATER</subfield>
        <subfield code="0">(DHLAUTH)270891</subfield>
    </datafield>
    <datafield tag="650" ind1=" " ind2=" ">
        <subfield code="a">WATER RESOURCES</subfield>
        <subfield code="0">(DHLAUTH)270568</subfield>
    </datafield>
    <datafield tag="650" ind1=" " ind2=" ">
        <subfield code="a">SURVEYS</subfield>
        <subfield code="0">(DHLAUTH)269793</subfield>
    </datafield>
    <datafield tag="650" ind1=" " ind2=" ">
        <subfield code="a">WESTERN ASIA</subfield>
        <subfield code="0">(DHLAUTH)275490</subfield>
    </datafield>
    <datafield tag="650" ind1=" " ind2=" ">
        <subfield code="a">CONFERENCES</subfield>
        <subfield code="0">(DHLAUTH)275758</subfield>
    </datafield>
</record>
<record>
    <datafield tag="191" ind1=" " ind2=" ">
        <subfield code="a">E/ESCWA/ENR/1996/8</subfield>
    </datafield>
    <datafield tag="246" ind1=" " ind2=" ">
        <subfield code="a">تقرير عن المهمة الإستشارية الى وزارة الري الجمهورية العربية السورية حول اعداد خرائط مائية للجمهورية العربية السورية خلال الفترة 15-31 كانون الثاني / يناير1996</subfield>
    </datafield>
    <datafield tag="269" ind1=" " ind2=" ">
        <subfield code="a">19960612</subfield>
    </datafield>
    <datafield tag="650" ind1=" " ind2=" ">
        <subfield code="a">ADVISORY SERVICES</subfield>
        <subfield code="0">(DHLAUTH)269860</subfield>
    </datafield>
    <datafield tag="650" ind1=" " ind2=" ">
        <subfield code="a">MAPS</subfield>
        <subfield code="0">(DHLAUTH)9705</subfield>
    </datafield>
    <datafield tag="650" ind1=" " ind2=" ">
        <subfield code="a">GROUNDWATER</subfield>
        <subfield code="0">(DHLAUTH)270891</subfield>
    </datafield>
    <datafield tag="650" ind1=" " ind2=" ">
        <subfield code="a">SYRIAN ARAB REPUBLIC</subfield>
        <subfield code="0">(DHLAUTH)273496</subfield>
    </datafield>
</record>
<record>
    <datafield tag="191" ind1=" " ind2=" ">
        <subfield code="a">E/ESCWA/ENR/1996/9</subfield>
    </datafield>
    <datafield tag="246" ind1=" " ind2=" ">
        <subfield code="a">تقرير عن المهمة الاستشارية الى هيئة تنمية واستخدام الطاقة الجديدة والمتجددة وزارة الكهرباء والطاقة جمهورية مصر العربية  خلال الفترة من 12-26 نيسان / ابريل 1996</subfield>
    </datafield>
    <datafield tag="269" ind1=" " ind2=" ">
        <subfield code="a">19960618</subfield>
    </datafield>
    <datafield tag="650" ind1=" " ind2=" ">
        <subfield code="a">ADVISORY SERVICES</subfield>
        <subfield code="0">(DHLAUTH)269860</subfield>
    </datafield>
    <datafield tag="650" ind1=" " ind2=" ">
        <subfield code="a">EGYPT</subfield>
        <subfield code="0">(DHLAUTH)273328</subfield>
    </datafield>
    <datafield tag="650" ind1=" " ind2=" ">
        <subfield code="a">RECOMMENDATIONS</subfield>
        <subfield code="0">(DHLAUTH)275840</subfield>
    </datafield>
    <datafield tag="650" ind1=" " ind2=" ">
        <subfield code="a">ACTIVITIES</subfield>
        <subfield code="0">(DHLAUTH)275823</subfield>
    </datafield>
</record>
<record>
    <datafield tag="191" ind1=" " ind2=" ">
        <subfield code="a">E/ESCWA/ENR/1997/11</subfield>
    </datafield>
    <datafield tag="246" ind1=" " ind2=" ">
        <subfield code="a">تقرير لجنة الطاقة عن دورتها الأولى</subfield>
    </datafield>
    <datafield tag="269" ind1=" " ind2=" ">
        <subfield code="a">19971130</subfield>
    </datafield>
    <datafield tag="650" ind1=" " ind2=" ">
        <subfield code="a">ENERGY CONSERVATION</subfield>
        <subfield code="0">(DHLAUTH)270583</subfield>
    </datafield>
    <datafield tag="650" ind1=" " ind2=" ">
        <subfield code="a">RECOMMENDATIONS</subfield>
        <subfield code="0">(DHLAUTH)275840</subfield>
    </datafield>
</record>
<record>
    <datafield tag="191" ind1=" " ind2=" ">
        <subfield code="a">E/ESCWA/ENR/1997/12</subfield>
    </datafield>
    <datafield tag="246" ind1=" " ind2=" ">
        <subfield code="a">التقرير الختامي/ إجتماع فريق خبراء بشان فرص انشاء شبكة اقليمية واقاليمية للطاقة الكهربائية 25-26-11-1997 عمان</subfield>
    </datafield>
    <datafield tag="269" ind1=" " ind2=" ">
        <subfield code="a">19971130</subfield>
    </datafield>
    <datafield tag="650" ind1=" " ind2=" ">
        <subfield code="a">ENERGY CONSERVATION</subfield>
        <subfield code="0">(DHLAUTH)270583</subfield>
    </datafield>
    <datafield tag="650" ind1=" " ind2=" ">
        <subfield code="a">PRIVATIZATION</subfield>
        <subfield code="0">(DHLAUTH)270028</subfield>
    </datafield>
    <datafield tag="650" ind1=" " ind2=" ">
        <subfield code="a">RECOMMENDATIONS</subfield>
        <subfield code="0">(DHLAUTH)275840</subfield>
    </datafield>
    <datafield tag="650" ind1=" " ind2=" ">
        <subfield code="a">CONFERENCES</subfield>
        <subfield code="0">(DHLAUTH)275758</subfield>
    </datafield>
</record>
<record>
    <datafield tag="191" ind1=" " ind2=" ">
        <subfield code="a">E/ESCWA/ENR/1997/13</subfield>
    </datafield>
    <datafield tag="246" ind1=" " ind2=" ">
        <subfield code="a">تحسين كفاءة إستخدام الطاقة من منظور إقليمي في دول الأسكوا</subfield>
    </datafield>
    <datafield tag="269" ind1=" " ind2=" ">
        <subfield code="a">19971130</subfield>
    </datafield>
    <datafield tag="650" ind1=" " ind2=" ">
        <subfield code="a">HOUSING</subfield>
        <subfield code="0">(DHLAUTH)272289</subfield>
    </datafield>
    <datafield tag="650" ind1=" " ind2=" ">
        <subfield code="a">ENERGY CONSUMPTION</subfield>
        <subfield code="0">(DHLAUTH)269578</subfield>
    </datafield>
    <datafield tag="650" ind1=" " ind2=" ">
        <subfield code="a">EGYPT</subfield>
        <subfield code="0">(DHLAUTH)273328</subfield>
    </datafield>
    <datafield tag="650" ind1=" " ind2=" ">
        <subfield code="a">JORDAN</subfield>
        <subfield code="0">(DHLAUTH)269099</subfield>
    </datafield>
    <datafield tag="650" ind1=" " ind2=" ">
        <subfield code="a">SYRIAN ARAB REPUBLIC</subfield>
        <subfield code="0">(DHLAUTH)273496</subfield>
    </datafield>
    <datafield tag="650" ind1=" " ind2=" ">
        <subfield code="a">LEBANON</subfield>
        <subfield code="0">(DHLAUTH)269069</subfield>
    </datafield>
</record>
<record>
    <datafield tag="191" ind1=" " ind2=" ">
        <subfield code="a">E/ESCWA/ENR/1997/9/REV.1</subfield>
    </datafield>
    <datafield tag="245" ind1=" " ind2=" ">
        <subfield code="a">DEVELOPMENT OF NON-CONVENTIONAL WATER RESOURCES</subfield>
    </datafield>
    <datafield tag="269" ind1=" " ind2=" ">
        <subfield code="a">19980608</subfield>
    </datafield>
    <datafield tag="650" ind1=" " ind2=" ">
        <subfield code="a">RECOMMENDATIONS</subfield>
        <subfield code="0">(DHLAUTH)275840</subfield>
    </datafield>
    <datafield tag="650" ind1=" " ind2=" ">
        <subfield code="a">PUBLIC HEALTH</subfield>
        <subfield code="0">(DHLAUTH)270662</subfield>
    </datafield>
    <datafield tag="650" ind1=" " ind2=" ">
        <subfield code="a">TECHNOLOGY</subfield>
        <subfield code="0">(DHLAUTH)271833</subfield>
    </datafield>
    <datafield tag="650" ind1=" " ind2=" ">
        <subfield code="a">WATER TREATMENT</subfield>
        <subfield code="0">(DHLAUTH)270883</subfield>
    </datafield>
    <datafield tag="650" ind1=" " ind2=" ">
        <subfield code="a">DESALINATION</subfield>
        <subfield code="0">(DHLAUTH)270874</subfield>
    </datafield>
    <datafield tag="650" ind1=" " ind2=" ">
        <subfield code="a">WATER REUSE</subfield>
        <subfield code="0">(DHLAUTH)270916</subfield>
    </datafield>
    <datafield tag="650" ind1=" " ind2=" ">
        <subfield code="a">SEWAGE</subfield>
        <subfield code="0">(DHLAUTH)270857</subfield>
    </datafield>
</record>
<record>
    <datafield tag="191" ind1=" " ind2=" ">
        <subfield code="a">E/ESCWA/ENR/1997/IG.2/L.1</subfield>
    </datafield>
    <datafield tag="246" ind1=" " ind2=" ">
        <subfield code="a">جدول الأعمال المؤقت/ لجنة الطاقة الدورة الاولي عمان 26-27 تشرين الثاني/نوفمبر 1997</subfield>
    </datafield>
    <datafield tag="269" ind1=" " ind2=" ">
        <subfield code="a">19971112</subfield>
    </datafield>
    <datafield tag="650" ind1=" " ind2=" ">
        <subfield code="a">ENERGY CONSERVATION</subfield>
        <subfield code="0">(DHLAUTH)270583</subfield>
    </datafield>
    <datafield tag="650" ind1=" " ind2=" ">
        <subfield code="a">CONFERENCES</subfield>
        <subfield code="0">(DHLAUTH)275758</subfield>
    </datafield>
    <datafield tag="650" ind1=" " ind2=" ">
        <subfield code="a">AGENDA</subfield>
        <subfield code="0">(DHLAUTH)275133</subfield>
    </datafield>
</record>
<record>
    <datafield tag="191" ind1=" " ind2=" ">
        <subfield code="a">E/ESCWA/ENR/1998/1</subfield>
    </datafield>
    <datafield tag="246" ind1=" " ind2=" ">
        <subfield code="a">تقرير لجنة الموارد المائية الدورة الثانية بيروت 14-15 كانون الأول/ديسمبر 1998</subfield>
    </datafield>
    <datafield tag="269" ind1=" " ind2=" ">
        <subfield code="a">19981222</subfield>
    </datafield>
    <datafield tag="650" ind1=" " ind2=" ">
        <subfield code="a">WATER RESOURCES</subfield>
        <subfield code="0">(DHLAUTH)270568</subfield>
    </datafield>
    <datafield tag="650" ind1=" " ind2=" ">
        <subfield code="a">ARAB COUNTRIES</subfield>
        <subfield code="0">(DHLAUTH)268705</subfield>
    </datafield>
</record>
<record>
    <datafield tag="191" ind1=" " ind2=" ">
        <subfield code="a">E/ESCWA/ENR/1999/1</subfield>
    </datafield>
    <datafield tag="245" ind1=" " ind2=" ">
        <subfield code="a">GROUNDWATER QUALITY CONTROL AND CONSERVATION IN THE ESCWA REGION.</subfield>
    </datafield>
    <datafield tag="269" ind1=" " ind2=" ">
        <subfield code="a">19990304</subfield>
    </datafield>
    <datafield tag="650" ind1=" " ind2=" ">
        <subfield code="a">GROUNDWATER</subfield>
        <subfield code="0">(DHLAUTH)270891</subfield>
    </datafield>
    <datafield tag="650" ind1=" " ind2=" ">
        <subfield code="a">WATER QUALITY</subfield>
        <subfield code="0">(DHLAUTH)270691</subfield>
    </datafield>
    <datafield tag="650" ind1=" " ind2=" ">
        <subfield code="a">WATER POLLUTION</subfield>
        <subfield code="0">(DHLAUTH)270806</subfield>
    </datafield>
    <datafield tag="650" ind1=" " ind2=" ">
        <subfield code="a">WATER CONSERVATION</subfield>
        <subfield code="0">(DHLAUTH)270589</subfield>
    </datafield>
    <datafield tag="650" ind1=" " ind2=" ">
        <subfield code="a">SALINE WATERS</subfield>
        <subfield code="0">(DHLAUTH)270881</subfield>
    </datafield>
    <datafield tag="650" ind1=" " ind2=" ">
        <subfield code="a">AQUIFERS</subfield>
        <subfield code="0">(DHLAUTH)270896</subfield>
    </datafield>
    <datafield tag="650" ind1=" " ind2=" ">
        <subfield code="a">HYDROLOGY</subfield>
        <subfield code="0">(DHLAUTH)270513</subfield>
    </datafield>
    <datafield tag="650" ind1=" " ind2=" ">
        <subfield code="a">GEOPHYSICAL MEASUREMENTS</subfield>
        <subfield code="0">(DHLAUTH)275285</subfield>
    </datafield>
    <datafield tag="650" ind1=" " ind2=" ">
        <subfield code="a">WELLS</subfield>
        <subfield code="0">(DHLAUTH)270895</subfield>
    </datafield>
    <datafield tag="650" ind1=" " ind2=" ">
        <subfield code="a">WATER SUPPLY</subfield>
        <subfield code="0">(DHLAUTH)270886</subfield>
    </datafield>
</record>
<record>
    <datafield tag="191" ind1=" " ind2=" ">
        <subfield code="a">E/ESCWA/ENR/1999/4</subfield>
    </datafield>
    <datafield tag="245" ind1=" " ind2=" ">
        <subfield code="a">REPORT; EXPERT GROUP MEETING ON UPDATING THE ASSESSMENT OF WATER RESOURCES IN THE ESCWA MEMBER COUNTRIES BEIRUT, 20 - 23 APRIL 1999</subfield>
    </datafield>
    <datafield tag="269" ind1=" " ind2=" ">
        <subfield code="a">19990609</subfield>
    </datafield>
    <datafield tag="650" ind1=" " ind2=" ">
        <subfield code="a">WORK ORGANIZATION</subfield>
        <subfield code="0">(DHLAUTH)275746</subfield>
    </datafield>
    <datafield tag="650" ind1=" " ind2=" ">
        <subfield code="a">RECOMMENDATIONS</subfield>
        <subfield code="0">(DHLAUTH)275840</subfield>
    </datafield>
    <datafield tag="650" ind1=" " ind2=" ">
        <subfield code="a">WATER RESOURCES</subfield>
        <subfield code="0">(DHLAUTH)270568</subfield>
    </datafield>
    <datafield tag="650" ind1=" " ind2=" ">
        <subfield code="a">ACTIVITIES</subfield>
        <subfield code="0">(DHLAUTH)275823</subfield>
    </datafield>
</record>
<record>
    <datafield tag="191" ind1=" " ind2=" ">
        <subfield code="a">E/ESCWA/ENR/2001/10/(PART II)</subfield>
    </datafield>
    <datafield tag="245" ind1=" " ind2=" ">
        <subfield code="a">REGIONAL APPROACH FOR DISSEMINATING RENEWABLE ENERGY TECHNOLOGIES/PART II/THE PROGRESS ACHIEVED IN INITIATING AND ACTIVATING THE RENEWABLE ENERGY PROMOTION MECHANISM. </subfield>
    </datafield>
    <datafield tag="269" ind1=" " ind2=" ">
        <subfield code="a">20011008</subfield>
    </datafield>
    <datafield tag="650" ind1=" " ind2=" ">
        <subfield code="a">RECOMMENDATIONS</subfield>
        <subfield code="0">(DHLAUTH)275840</subfield>
    </datafield>
    <datafield tag="650" ind1=" " ind2=" ">
        <subfield code="a">ACTIVITIES</subfield>
        <subfield code="0">(DHLAUTH)275823</subfield>
    </datafield>
    <datafield tag="650" ind1=" " ind2=" ">
        <subfield code="a">INFORMATION DISSEMINATION</subfield>
        <subfield code="0">(DHLAUTH)275051</subfield>
    </datafield>
</record>
<record>
    <datafield tag="191" ind1=" " ind2=" ">
        <subfield code="a">E/ESCWA/ENR/2001/3(A)</subfield>
    </datafield>
    <datafield tag="245" ind1=" " ind2=" ">
        <subfield code="a">ASSESSMENT OF LEGAL ASPECTS OF THE MANAGEMENT OF SHARED WATER RESOURCES IN THE ESCWA REGION</subfield>
    </datafield>
    <datafield tag="269" ind1=" " ind2=" ">
        <subfield code="a">20010222</subfield>
    </datafield>
    <datafield tag="650" ind1=" " ind2=" ">
        <subfield code="a">WATER MANAGEMENT</subfield>
        <subfield code="0">(DHLAUTH)270919</subfield>
    </datafield>
    <datafield tag="650" ind1=" " ind2=" ">
        <subfield code="a">SHARED WATER RESOURCES</subfield>
        <subfield code="0">(DHLAUTH)269493</subfield>
    </datafield>
    <datafield tag="650" ind1=" " ind2=" ">
        <subfield code="a">INTERNATIONAL LAW</subfield>
        <subfield code="0">(DHLAUTH)268669</subfield>
    </datafield>
    <datafield tag="650" ind1=" " ind2=" ">
        <subfield code="a">LEGAL ASPECTS</subfield>
        <subfield code="0">(DHLAUTH)269366</subfield>
    </datafield>
    <datafield tag="650" ind1=" " ind2=" ">
        <subfield code="a">WATER RESOURCES</subfield>
        <subfield code="0">(DHLAUTH)270568</subfield>
    </datafield>
    <datafield tag="650" ind1=" " ind2=" ">
        <subfield code="a">REGIONAL COOPERATION</subfield>
        <subfield code="0">(DHLAUTH)268656</subfield>
    </datafield>
    <datafield tag="650" ind1=" " ind2=" ">
        <subfield code="a">GROUNDWATER</subfield>
        <subfield code="0">(DHLAUTH)270891</subfield>
    </datafield>
    <datafield tag="650" ind1=" " ind2=" ">
        <subfield code="a">NILE RIVER</subfield>
        <subfield code="0">(DHLAUTH)277351</subfield>
    </datafield>
    <datafield tag="650" ind1=" " ind2=" ">
        <subfield code="a">AQUIFERS</subfield>
        <subfield code="0">(DHLAUTH)270896</subfield>
    </datafield>
    <datafield tag="650" ind1=" " ind2=" ">
        <subfield code="a">WESTERN ASIA</subfield>
        <subfield code="0">(DHLAUTH)275490</subfield>
    </datafield>
    <datafield tag="650" ind1=" " ind2=" ">
        <subfield code="a">STATISTICAL DATA</subfield>
        <subfield code="0">(DHLAUTH)270233</subfield>
    </datafield>
    <datafield tag="650" ind1=" " ind2=" ">
        <subfield code="a">SYRIAN ARAB REPUBLIC</subfield>
        <subfield code="0">(DHLAUTH)273496</subfield>
    </datafield>
    <datafield tag="650" ind1=" " ind2=" ">
        <subfield code="a">JORDAN</subfield>
        <subfield code="0">(DHLAUTH)269099</subfield>
    </datafield>
</record>
<record>
    <datafield tag="191" ind1=" " ind2=" ">
        <subfield code="a">E/ESCWA/ENR/2002/18(A)</subfield>
    </datafield>
    <datafield tag="245" ind1=" " ind2=" ">
        <subfield code="a">THE EFFECTS OF POVERTY AND UNEMPLOYMENT ON SUSTAINABLE DEVELOPMENT IN THE ESCWA REGION.</subfield>
    </datafield>
    <datafield tag="269" ind1=" " ind2=" ">
        <subfield code="a">20020801</subfield>
    </datafield>
    <datafield tag="650" ind1=" " ind2=" ">
        <subfield code="a">SUSTAINABLE DEVELOPMENT</subfield>
        <subfield code="0">(DHLAUTH)269920</subfield>
    </datafield>
    <datafield tag="650" ind1=" " ind2=" ">
        <subfield code="a">POVERTY</subfield>
        <subfield code="0">(DHLAUTH)270079</subfield>
    </datafield>
    <datafield tag="650" ind1=" " ind2=" ">
        <subfield code="a">UNEMPLOYMENT</subfield>
        <subfield code="0">(DHLAUTH)269726</subfield>
    </datafield>
    <datafield tag="650" ind1=" " ind2=" ">
        <subfield code="a">LABOUR MARKET</subfield>
        <subfield code="0">(DHLAUTH)269799</subfield>
    </datafield>
</record>
<record>
    <datafield tag="191" ind1=" " ind2=" ">
        <subfield code="a">E/ESCWA/ENR/2002/22(A)</subfield>
    </datafield>
    <datafield tag="245" ind1=" " ind2=" ">
        <subfield code="a">REPORT FOURTH SESSION OF THE COMMITTEE ON ENERGY, BEIRUT, 17-18 OCTOBER 2002</subfield>
    </datafield>
    <datafield tag="269" ind1=" " ind2=" ">
        <subfield code="a">20030102</subfield>
    </datafield>
    <datafield tag="650" ind1=" " ind2=" ">
        <subfield code="a">WORK ORGANIZATION</subfield>
        <subfield code="0">(DHLAUTH)275746</subfield>
    </datafield>
    <datafield tag="650" ind1=" " ind2=" ">
        <subfield code="a">PARTICIPANTS</subfield>
        <subfield code="0">(DHLAUTH)275785</subfield>
    </datafield>
    <datafield tag="650" ind1=" " ind2=" ">
        <subfield code="a">RECOMMENDATIONS</subfield>
        <subfield code="0">(DHLAUTH)275840</subfield>
    </datafield>
    <datafield tag="650" ind1=" " ind2=" ">
        <subfield code="a">CONFERENCES</subfield>
        <subfield code="0">(DHLAUTH)275758</subfield>
    </datafield>
    <datafield tag="650" ind1=" " ind2=" ">
        <subfield code="a">WESTERN ASIA</subfield>
        <subfield code="0">(DHLAUTH)275490</subfield>
    </datafield>
</record>
<record>
    <datafield tag="191" ind1=" " ind2=" ">
        <subfield code="a">E/ESCWA/ENR/2002/23(A)</subfield>
    </datafield>
    <datafield tag="245" ind1=" " ind2=" ">
        <subfield code="a">REPORT FIFTH SESSION OF THE COMMITTEE ON WATER RESOURCES, BEIRUT, 30 OCTOBER - 1 NOVEMBER 2002</subfield>
    </datafield>
    <datafield tag="269" ind1=" " ind2=" ">
        <subfield code="a">20030121</subfield>
    </datafield>
    <datafield tag="650" ind1=" " ind2=" ">
        <subfield code="a">WATER RESOURCES</subfield>
        <subfield code="0">(DHLAUTH)270568</subfield>
    </datafield>
    <datafield tag="650" ind1=" " ind2=" ">
        <subfield code="a">WORK ORGANIZATION</subfield>
        <subfield code="0">(DHLAUTH)275746</subfield>
    </datafield>
    <datafield tag="650" ind1=" " ind2=" ">
        <subfield code="a">AGENDA</subfield>
        <subfield code="0">(DHLAUTH)275133</subfield>
    </datafield>
    <datafield tag="650" ind1=" " ind2=" ">
        <subfield code="a">PARTICIPANTS</subfield>
        <subfield code="0">(DHLAUTH)275785</subfield>
    </datafield>
    <datafield tag="650" ind1=" " ind2=" ">
        <subfield code="a">RECOMMENDATIONS</subfield>
        <subfield code="0">(DHLAUTH)275840</subfield>
    </datafield>
    <datafield tag="650" ind1=" " ind2=" ">
        <subfield code="a">WESTERN ASIA</subfield>
        <subfield code="0">(DHLAUTH)275490</subfield>
    </datafield>
</record>
<record>
    <datafield tag="191" ind1=" " ind2=" ">
        <subfield code="a">E/ESCWA/ENVHS/1991/CRP/1</subfield>
    </datafield>
    <datafield tag="246" ind1=" " ind2=" ">
        <subfield code="a">البيئة في العالم العربي: الاوضاع اللراهنة وآفاق المستقبل</subfield>
    </datafield>
    <datafield tag="269" ind1=" " ind2=" ">
        <subfield code="a">19910912</subfield>
    </datafield>
    <datafield tag="650" ind1=" " ind2=" ">
        <subfield code="a">WESTERN ASIA</subfield>
        <subfield code="0">(DHLAUTH)275490</subfield>
    </datafield>
    <datafield tag="650" ind1=" " ind2=" ">
        <subfield code="a">CONFERENCES</subfield>
        <subfield code="0">(DHLAUTH)275758</subfield>
    </datafield>
    <datafield tag="650" ind1=" " ind2=" ">
        <subfield code="a">ENVIRONMENTAL DEGRADATION</subfield>
        <subfield code="0">(DHLAUTH)270632</subfield>
    </datafield>
    <datafield tag="650" ind1=" " ind2=" ">
        <subfield code="a">ECONOMIC DEVELOPMENT</subfield>
        <subfield code="0">(DHLAUTH)269755</subfield>
    </datafield>
    <datafield tag="650" ind1=" " ind2=" ">
        <subfield code="a">ENVIRONMENTAL PROTECTION</subfield>
        <subfield code="0">(DHLAUTH)270598</subfield>
    </datafield>
    <datafield tag="650" ind1=" " ind2=" ">
        <subfield code="a">ARAB COUNTRIES</subfield>
        <subfield code="0">(DHLAUTH)268705</subfield>
    </datafield>
    <datafield tag="650" ind1=" " ind2=" ">
        <subfield code="a">POPULATION</subfield>
        <subfield code="0">(DHLAUTH)272994</subfield>
    </datafield>
    <datafield tag="650" ind1=" " ind2=" ">
        <subfield code="a">URBAN DEVELOPMENT</subfield>
        <subfield code="0">(DHLAUTH)269970</subfield>
    </datafield>
</record>
<record>
    <datafield tag="191" ind1=" " ind2=" ">
        <subfield code="a">E/ESCWA/ENVHS/1991/CRP/2</subfield>
    </datafield>
    <datafield tag="246" ind1=" " ind2=" ">
        <subfield code="a">مشاكل بيئية في الزراعة والاستخدام بعيد المدي للموارد الطبيعية في العالم العربي</subfield>
    </datafield>
    <datafield tag="269" ind1=" " ind2=" ">
        <subfield code="a">19910912</subfield>
    </datafield>
    <datafield tag="650" ind1=" " ind2=" ">
        <subfield code="a">WESTERN ASIA</subfield>
        <subfield code="0">(DHLAUTH)275490</subfield>
    </datafield>
    <datafield tag="650" ind1=" " ind2=" ">
        <subfield code="a">CONFERENCES</subfield>
        <subfield code="0">(DHLAUTH)275758</subfield>
    </datafield>
    <datafield tag="650" ind1=" " ind2=" ">
        <subfield code="a">AGRIBUSINESS</subfield>
        <subfield code="0">(DHLAUTH)271306</subfield>
    </datafield>
    <datafield tag="650" ind1=" " ind2=" ">
        <subfield code="a">AGRICULTURAL RESOURCES</subfield>
        <subfield code="0">(DHLAUTH)270569</subfield>
    </datafield>
    <datafield tag="650" ind1=" " ind2=" ">
        <subfield code="a">DESERTIFICATION</subfield>
        <subfield code="0">(DHLAUTH)270641</subfield>
    </datafield>
</record>
<record>
    <datafield tag="191" ind1=" " ind2=" ">
        <subfield code="a">E/ESCWA/ENVHS/1991/CRP/3</subfield>
    </datafield>
    <datafield tag="245" ind1=" " ind2=" ">
        <subfield code="a">URBANIZATION AND THE ENVIRONMENT: CASE STUDY OF EGYPT/ ARAB MINISTERIAL CONFERENCE ON ENVIRONMENT AND DEVELOPMENT CAIRO 10-12 SEPTEMBER 1991</subfield>
    </datafield>
    <datafield tag="269" ind1=" " ind2=" ">
        <subfield code="a">19910912</subfield>
    </datafield>
    <datafield tag="650" ind1=" " ind2=" ">
        <subfield code="a">ENVIRONMENT</subfield>
        <subfield code="0">(DHLAUTH)270627</subfield>
    </datafield>
    <datafield tag="650" ind1=" " ind2=" ">
        <subfield code="a">CONFERENCES</subfield>
        <subfield code="0">(DHLAUTH)275758</subfield>
    </datafield>
    <datafield tag="650" ind1=" " ind2=" ">
        <subfield code="a">URBANIZATION</subfield>
        <subfield code="0">(DHLAUTH)273116</subfield>
    </datafield>
    <datafield tag="650" ind1=" " ind2=" ">
        <subfield code="a">WESTERN ASIA</subfield>
        <subfield code="0">(DHLAUTH)275490</subfield>
    </datafield>
    <datafield tag="650" ind1=" " ind2=" ">
        <subfield code="a">AIR POLLUTION</subfield>
        <subfield code="0">(DHLAUTH)270785</subfield>
    </datafield>
    <datafield tag="650" ind1=" " ind2=" ">
        <subfield code="a">MARINE POLLUTION</subfield>
        <subfield code="0">(DHLAUTH)270820</subfield>
    </datafield>
    <datafield tag="650" ind1=" " ind2=" ">
        <subfield code="a">TRANSPORT</subfield>
        <subfield code="0">(DHLAUTH)272243</subfield>
    </datafield>
    <datafield tag="650" ind1=" " ind2=" ">
        <subfield code="a">POVERTY</subfield>
        <subfield code="0">(DHLAUTH)270079</subfield>
    </datafield>
</record>
<record>
    <datafield tag="191" ind1=" " ind2=" ">
        <subfield code="a">E/ESCWA/ENVHS/1991/CRP/4</subfield>
    </datafield>
    <datafield tag="245" ind1=" " ind2=" ">
        <subfield code="a">ENVIRONMENTAL ISSUES IN WATER RESOURCES AND COASTAL MANAGEMENT OF ESCWA REGION</subfield>
    </datafield>
    <datafield tag="269" ind1=" " ind2=" ">
        <subfield code="a">19910912</subfield>
    </datafield>
    <datafield tag="650" ind1=" " ind2=" ">
        <subfield code="a">WESTERN ASIA</subfield>
        <subfield code="0">(DHLAUTH)275490</subfield>
    </datafield>
    <datafield tag="650" ind1=" " ind2=" ">
        <subfield code="a">CONFERENCES</subfield>
        <subfield code="0">(DHLAUTH)275758</subfield>
    </datafield>
    <datafield tag="650" ind1=" " ind2=" ">
        <subfield code="a">SHARED WATER RESOURCES</subfield>
        <subfield code="0">(DHLAUTH)269493</subfield>
    </datafield>
    <datafield tag="650" ind1=" " ind2=" ">
        <subfield code="a">POPULATION GROWTH</subfield>
        <subfield code="0">(DHLAUTH)272944</subfield>
    </datafield>
    <datafield tag="650" ind1=" " ind2=" ">
        <subfield code="a">POPULATION DENSITY</subfield>
        <subfield code="0">(DHLAUTH)272995</subfield>
    </datafield>
    <datafield tag="650" ind1=" " ind2=" ">
        <subfield code="a">INDUSTRIALIZATION</subfield>
        <subfield code="0">(DHLAUTH)269846</subfield>
    </datafield>
    <datafield tag="650" ind1=" " ind2=" ">
        <subfield code="a">WATER POLLUTION</subfield>
        <subfield code="0">(DHLAUTH)270806</subfield>
    </datafield>
    <datafield tag="650" ind1=" " ind2=" ">
        <subfield code="a">HUMAN DEVELOPMENT</subfield>
        <subfield code="0">(DHLAUTH)276688</subfield>
    </datafield>
    <datafield tag="650" ind1=" " ind2=" ">
        <subfield code="a">GUIDELINES</subfield>
        <subfield code="0">(DHLAUTH)275775</subfield>
    </datafield>
</record>
<record>
    <datafield tag="191" ind1=" " ind2=" ">
        <subfield code="a">E/ESCWA/ENVHS/1991/CRP/5</subfield>
    </datafield>
    <datafield tag="246" ind1=" " ind2=" ">
        <subfield code="a">المراة العربية والبيئة/ المؤتمر العربي الوزاري عن البيئة والتنمية القاهرة 10-12- ايلول / سبتمبر 1991</subfield>
    </datafield>
    <datafield tag="269" ind1=" " ind2=" ">
        <subfield code="a">19910912</subfield>
    </datafield>
    <datafield tag="650" ind1=" " ind2=" ">
        <subfield code="a">WESTERN ASIA</subfield>
        <subfield code="0">(DHLAUTH)275490</subfield>
    </datafield>
    <datafield tag="650" ind1=" " ind2=" ">
        <subfield code="a">CONFERENCES</subfield>
        <subfield code="0">(DHLAUTH)275758</subfield>
    </datafield>
    <datafield tag="650" ind1=" " ind2=" ">
        <subfield code="a">URBAN DEVELOPMENT</subfield>
        <subfield code="0">(DHLAUTH)269970</subfield>
    </datafield>
    <datafield tag="650" ind1=" " ind2=" ">
        <subfield code="a">WOMEN</subfield>
        <subfield code="0">(DHLAUTH)273032</subfield>
    </datafield>
</record>
<record>
    <datafield tag="191" ind1=" " ind2=" ">
        <subfield code="a">E/ESCWA/ENVHS/1991/CRP/6</subfield>
    </datafield>
    <datafield tag="245" ind1=" " ind2=" ">
        <subfield code="a">DISCUSSION PAPER ON GENERAL PLANNING MARINE AND COASTAL RESOURCES AND URBANIZATION AND HUMAN SETTLEMENTS</subfield>
    </datafield>
    <datafield tag="269" ind1=" " ind2=" ">
        <subfield code="a">19910912</subfield>
    </datafield>
    <datafield tag="650" ind1=" " ind2=" ">
        <subfield code="a">WESTERN ASIA</subfield>
        <subfield code="0">(DHLAUTH)275490</subfield>
    </datafield>
    <datafield tag="650" ind1=" " ind2=" ">
        <subfield code="a">CONFERENCES</subfield>
        <subfield code="0">(DHLAUTH)275758</subfield>
    </datafield>
    <datafield tag="650" ind1=" " ind2=" ">
        <subfield code="a">COASTAL AREAS</subfield>
        <subfield code="0">(DHLAUTH)269554</subfield>
    </datafield>
    <datafield tag="650" ind1=" " ind2=" ">
        <subfield code="a">URBANIZATION</subfield>
        <subfield code="0">(DHLAUTH)273116</subfield>
    </datafield>
    <datafield tag="650" ind1=" " ind2=" ">
        <subfield code="a">ENVIRONMENTAL MONITORING</subfield>
        <subfield code="0">(DHLAUTH)270667</subfield>
    </datafield>
    <datafield tag="650" ind1=" " ind2=" ">
        <subfield code="a">MARINE RESOURCES</subfield>
        <subfield code="0">(DHLAUTH)269561</subfield>
    </datafield>
    <datafield tag="650" ind1=" " ind2=" ">
        <subfield code="a">MARINE RESOURCES</subfield>
        <subfield code="0">(DHLAUTH)269561</subfield>
    </datafield>
    <datafield tag="650" ind1=" " ind2=" ">
        <subfield code="a">INDUSTRIAL POLLUTION</subfield>
        <subfield code="0">(DHLAUTH)270791</subfield>
    </datafield>
    <datafield tag="650" ind1=" " ind2=" ">
        <subfield code="a">WASTE MANAGEMENT</subfield>
        <subfield code="0">(DHLAUTH)272254</subfield>
    </datafield>
    <datafield tag="650" ind1=" " ind2=" ">
        <subfield code="a">HUMAN SETTLEMENTS</subfield>
        <subfield code="0">(DHLAUTH)273542</subfield>
    </datafield>
</record>
<record>
    <datafield tag="191" ind1=" " ind2=" ">
        <subfield code="a">E/ESCWA/ENVHS/1992/1</subfield>
    </datafield>
    <datafield tag="245" ind1=" " ind2=" ">
        <subfield code="a">ARAB DECLARATION ON ENVIRONMENT AND DEVELOPMENT AND FUTURE PROSPECTS</subfield>
    </datafield>
    <datafield tag="246" ind1=" " ind2=" ">
        <subfield code="a">البيان العربي عن البيئة والتنمية وآفاق المستقبل</subfield>
    </datafield>
    <datafield tag="269" ind1=" " ind2=" ">
        <subfield code="a">19910910</subfield>
    </datafield>
    <datafield tag="650" ind1=" " ind2=" ">
        <subfield code="a">HUMAN SETTLEMENTS</subfield>
        <subfield code="0">(DHLAUTH)273542</subfield>
    </datafield>
    <datafield tag="650" ind1=" " ind2=" ">
        <subfield code="a">ENVIRONMENT</subfield>
        <subfield code="0">(DHLAUTH)270627</subfield>
    </datafield>
    <datafield tag="650" ind1=" " ind2=" ">
        <subfield code="a">CONFERENCES</subfield>
        <subfield code="0">(DHLAUTH)275758</subfield>
    </datafield>
    <datafield tag="650" ind1=" " ind2=" ">
        <subfield code="a">WESTERN ASIA</subfield>
        <subfield code="0">(DHLAUTH)275490</subfield>
    </datafield>
    <datafield tag="650" ind1=" " ind2=" ">
        <subfield code="a">DECLARATIONS</subfield>
        <subfield code="0">(DHLAUTH)275831</subfield>
    </datafield>
</record>
<record>
    <datafield tag="191" ind1=" " ind2=" ">
        <subfield code="a">E/ESCWA/ENV/1990/1</subfield>
    </datafield>
    <datafield tag="245" ind1=" " ind2=" ">
        <subfield code="a">SUSTAINABLE DEVELOPMENT AND ENVIRONMENT</subfield>
    </datafield>
    <datafield tag="246" ind1=" " ind2=" ">
        <subfield code="a">التنمية المستدامة والبيئة</subfield>
    </datafield>
    <datafield tag="269" ind1=" " ind2=" ">
        <subfield code="a">19900401</subfield>
    </datafield>
    <datafield tag="650" ind1=" " ind2=" ">
        <subfield code="a">SUSTAINABLE DEVELOPMENT</subfield>
        <subfield code="0">(DHLAUTH)269920</subfield>
    </datafield>
    <datafield tag="650" ind1=" " ind2=" ">
        <subfield code="a">ENVIRONMENT</subfield>
        <subfield code="0">(DHLAUTH)270627</subfield>
    </datafield>
    <datafield tag="650" ind1=" " ind2=" ">
        <subfield code="a">WESTERN ASIA</subfield>
        <subfield code="0">(DHLAUTH)275490</subfield>
    </datafield>
</record>
<record>
    <datafield tag="191" ind1=" " ind2=" ">
        <subfield code="a">E/ESCWA/ENV/1990/1(A)</subfield>
    </datafield>
    <datafield tag="245" ind1=" " ind2=" ">
        <subfield code="a">SUSTAINABLE DEVELOPMENT AND ENVIRONMENT.</subfield>
    </datafield>
    <datafield tag="269" ind1=" " ind2=" ">
        <subfield code="a">19900401</subfield>
    </datafield>
    <datafield tag="650" ind1=" " ind2=" ">
        <subfield code="a">SUSTAINABLE DEVELOPMENT</subfield>
        <subfield code="0">(DHLAUTH)269920</subfield>
    </datafield>
    <datafield tag="650" ind1=" " ind2=" ">
        <subfield code="a">ENVIRONMENT</subfield>
        <subfield code="0">(DHLAUTH)270627</subfield>
    </datafield>
</record>
<record>
    <datafield tag="191" ind1=" " ind2=" ">
        <subfield code="a">E/ESCWA/ENV/1990/INF/1</subfield>
    </datafield>
    <datafield tag="245" ind1=" " ind2=" ">
        <subfield code="a">PROGRAMME AND ORGANIZATION OF THE CONFERENCE/NOTE BY THE SECRETARIAT.</subfield>
    </datafield>
    <datafield tag="246" ind1=" " ind2=" ">
        <subfield code="a">برنامج المؤتمر: مذكرة الامانة التنفيذية</subfield>
    </datafield>
    <datafield tag="269" ind1=" " ind2=" ">
        <subfield code="a">19900315</subfield>
    </datafield>
    <datafield tag="650" ind1=" " ind2=" ">
        <subfield code="a">WORK ORGANIZATION</subfield>
        <subfield code="0">(DHLAUTH)275746</subfield>
    </datafield>
    <datafield tag="650" ind1=" " ind2=" ">
        <subfield code="a">CONFERENCES</subfield>
        <subfield code="0">(DHLAUTH)275758</subfield>
    </datafield>
</record>
<record>
    <datafield tag="191" ind1=" " ind2=" ">
        <subfield code="a">E/ESCWA/ENV/1990/INF/1(A)</subfield>
    </datafield>
    <datafield tag="245" ind1=" " ind2=" ">
        <subfield code="a">PROGRAMME AND ORGANIZATION OF THE CONFERENCE: NOTE BY THE SECRETARIAT.</subfield>
    </datafield>
    <datafield tag="269" ind1=" " ind2=" ">
        <subfield code="a">19900315</subfield>
    </datafield>
    <datafield tag="650" ind1=" " ind2=" ">
        <subfield code="a">WORK ORGANIZATION</subfield>
        <subfield code="0">(DHLAUTH)275746</subfield>
    </datafield>
    <datafield tag="650" ind1=" " ind2=" ">
        <subfield code="a">CONFERENCES</subfield>
        <subfield code="0">(DHLAUTH)275758</subfield>
    </datafield>
</record>
<record>
    <datafield tag="191" ind1=" " ind2=" ">
        <subfield code="a">E/ESCWA/ENV/1992/10</subfield>
    </datafield>
    <datafield tag="246" ind1=" " ind2=" ">
        <subfield code="a">تقرير مهمة استشارية تقييم الادارة البيئية في المؤسسة العامة للصناعة والمصانع الخاصة بامارة ابو ظبي</subfield>
    </datafield>
    <datafield tag="269" ind1=" " ind2=" ">
        <subfield code="a">19920520</subfield>
    </datafield>
    <datafield tag="650" ind1=" " ind2=" ">
        <subfield code="a">CONSULTANTS</subfield>
        <subfield code="0">(DHLAUTH)269888</subfield>
    </datafield>
    <datafield tag="650" ind1=" " ind2=" ">
        <subfield code="a">ENVIRONMENTAL MANAGEMENT</subfield>
        <subfield code="0">(DHLAUTH)270590</subfield>
    </datafield>
    <datafield tag="650" ind1=" " ind2=" ">
        <subfield code="a">INDUSTRIAL POLLUTION</subfield>
        <subfield code="0">(DHLAUTH)270791</subfield>
    </datafield>
    <datafield tag="650" ind1=" " ind2=" ">
        <subfield code="a">ENVIRONMENTAL IMPACT ASSESSMENT</subfield>
        <subfield code="0">(DHLAUTH)270597</subfield>
    </datafield>
    <datafield tag="650" ind1=" " ind2=" ">
        <subfield code="a">INDUSTRY</subfield>
        <subfield code="0">(DHLAUTH)271796</subfield>
    </datafield>
    <datafield tag="650" ind1=" " ind2=" ">
        <subfield code="a">ENVIRONMENTAL PROTECTION</subfield>
        <subfield code="0">(DHLAUTH)270598</subfield>
    </datafield>
    <datafield tag="650" ind1=" " ind2=" ">
        <subfield code="a">AIR POLLUTION</subfield>
        <subfield code="0">(DHLAUTH)270785</subfield>
    </datafield>
    <datafield tag="650" ind1=" " ind2=" ">
        <subfield code="a">ABU DHABI (UNITED ARAB EMIRATES)</subfield>
        <subfield code="0">(DHLAUTH)276731</subfield>
    </datafield>
</record>
<record>
    <datafield tag="191" ind1=" " ind2=" ">
        <subfield code="a">E/ESCWA/ENV/1992/11</subfield>
    </datafield>
    <datafield tag="245" ind1=" " ind2=" ">
        <subfield code="a">COMPONENTS OF AGENDA 21 NEGOTIATED FOR FINALIZATION DURING UNECD RIO DE JANEIRO BRAZIL 3-14 JUNE 1992.</subfield>
    </datafield>
    <datafield tag="269" ind1=" " ind2=" ">
        <subfield code="a">19920716</subfield>
    </datafield>
    <datafield tag="650" ind1=" " ind2=" ">
        <subfield code="a">SUSTAINABLE DEVELOPMENT</subfield>
        <subfield code="0">(DHLAUTH)269920</subfield>
    </datafield>
    <datafield tag="650" ind1=" " ind2=" ">
        <subfield code="a">ECOSYSTEMS</subfield>
        <subfield code="0">(DHLAUTH)270620</subfield>
    </datafield>
    <datafield tag="650" ind1=" " ind2=" ">
        <subfield code="a">POVERTY</subfield>
        <subfield code="0">(DHLAUTH)270079</subfield>
    </datafield>
    <datafield tag="650" ind1=" " ind2=" ">
        <subfield code="a">ENVIRONMENTAL MANAGEMENT</subfield>
        <subfield code="0">(DHLAUTH)270590</subfield>
    </datafield>
    <datafield tag="650" ind1=" " ind2=" ">
        <subfield code="a">BIOTECHNOLOGY</subfield>
        <subfield code="0">(DHLAUTH)272309</subfield>
    </datafield>
    <datafield tag="650" ind1=" " ind2=" ">
        <subfield code="a">ENVIRONMENTAL PROTECTION</subfield>
        <subfield code="0">(DHLAUTH)270598</subfield>
    </datafield>
    <datafield tag="650" ind1=" " ind2=" ">
        <subfield code="a">INSTITUTION BUILDING</subfield>
        <subfield code="0">(DHLAUTH)269946</subfield>
    </datafield>
    <datafield tag="650" ind1=" " ind2=" ">
        <subfield code="a">WESTERN ASIA</subfield>
        <subfield code="0">(DHLAUTH)275490</subfield>
    </datafield>
</record>
<record>
    <datafield tag="191" ind1=" " ind2=" ">
        <subfield code="a">E/ESCWA/ENV/1992/12</subfield>
    </datafield>
    <datafield tag="246" ind1=" " ind2=" ">
        <subfield code="a">ادراة النفايات الصناعية  الخطرة في العالم العربي</subfield>
    </datafield>
    <datafield tag="269" ind1=" " ind2=" ">
        <subfield code="a">19920722</subfield>
    </datafield>
    <datafield tag="650" ind1=" " ind2=" ">
        <subfield code="a">DANGEROUS GOODS</subfield>
        <subfield code="0">(DHLAUTH)269542</subfield>
    </datafield>
    <datafield tag="650" ind1=" " ind2=" ">
        <subfield code="a">ENVIRONMENTAL MANAGEMENT</subfield>
        <subfield code="0">(DHLAUTH)270590</subfield>
    </datafield>
    <datafield tag="650" ind1=" " ind2=" ">
        <subfield code="a">DANGEROUS GOODS TRANSPORT</subfield>
        <subfield code="0">(DHLAUTH)272781</subfield>
    </datafield>
    <datafield tag="650" ind1=" " ind2=" ">
        <subfield code="a">RECOMMENDATIONS</subfield>
        <subfield code="0">(DHLAUTH)275840</subfield>
    </datafield>
    <datafield tag="650" ind1=" " ind2=" ">
        <subfield code="a">ENVIRONMENTAL POLICY</subfield>
        <subfield code="0">(DHLAUTH)269904</subfield>
    </datafield>
</record>
<record>
    <datafield tag="191" ind1=" " ind2=" ">
        <subfield code="a">E/ESCWA/ENV/1992/13</subfield>
    </datafield>
    <datafield tag="246" ind1=" " ind2=" ">
        <subfield code="a">التشريعات البيئية في الوطن العربي: تقرير مقدم الى ندوة التشريعات البئية الجمعية الاردنية امكافحة تلوث البيئة</subfield>
    </datafield>
    <datafield tag="269" ind1=" " ind2=" ">
        <subfield code="a">19920901</subfield>
    </datafield>
    <datafield tag="650" ind1=" " ind2=" ">
        <subfield code="a">ENVIRONMENT</subfield>
        <subfield code="0">(DHLAUTH)270627</subfield>
    </datafield>
    <datafield tag="650" ind1=" " ind2=" ">
        <subfield code="a">CONFERENCES</subfield>
        <subfield code="0">(DHLAUTH)275758</subfield>
    </datafield>
    <datafield tag="650" ind1=" " ind2=" ">
        <subfield code="a">ENVIRONMENTAL LAW</subfield>
        <subfield code="0">(DHLAUTH)269476</subfield>
    </datafield>
    <datafield tag="650" ind1=" " ind2=" ">
        <subfield code="a">ENVIRONMENTAL PROTECTION</subfield>
        <subfield code="0">(DHLAUTH)270598</subfield>
    </datafield>
    <datafield tag="650" ind1=" " ind2=" ">
        <subfield code="a">ARAB COUNTRIES</subfield>
        <subfield code="0">(DHLAUTH)268705</subfield>
    </datafield>
    <datafield tag="650" ind1=" " ind2=" ">
        <subfield code="a">WESTERN ASIA</subfield>
        <subfield code="0">(DHLAUTH)275490</subfield>
    </datafield>
</record>
<record>
    <datafield tag="191" ind1=" " ind2=" ">
        <subfield code="a">E/ESCWA/ENV/1992/14</subfield>
    </datafield>
    <datafield tag="246" ind1=" " ind2=" ">
        <subfield code="a">التنظيم العمراني والبيئة في لبنان ومصر والاردن</subfield>
    </datafield>
    <datafield tag="269" ind1=" " ind2=" ">
        <subfield code="a">19921005</subfield>
    </datafield>
    <datafield tag="650" ind1=" " ind2=" ">
        <subfield code="a">URBAN ENVIRONMENT</subfield>
        <subfield code="0">(DHLAUTH)273564</subfield>
    </datafield>
    <datafield tag="650" ind1=" " ind2=" ">
        <subfield code="a">ENVIRONMENTAL LAW</subfield>
        <subfield code="0">(DHLAUTH)269476</subfield>
    </datafield>
    <datafield tag="650" ind1=" " ind2=" ">
        <subfield code="a">HUMAN SETTLEMENTS MANAGEMENT</subfield>
        <subfield code="0">(DHLAUTH)268417</subfield>
    </datafield>
    <datafield tag="650" ind1=" " ind2=" ">
        <subfield code="a">RECOMMENDATIONS</subfield>
        <subfield code="0">(DHLAUTH)275840</subfield>
    </datafield>
    <datafield tag="650" ind1=" " ind2=" ">
        <subfield code="a">EGYPT</subfield>
        <subfield code="0">(DHLAUTH)273328</subfield>
    </datafield>
    <datafield tag="650" ind1=" " ind2=" ">
        <subfield code="a">JORDAN</subfield>
        <subfield code="0">(DHLAUTH)269099</subfield>
    </datafield>
    <datafield tag="650" ind1=" " ind2=" ">
        <subfield code="a">LEBANON</subfield>
        <subfield code="0">(DHLAUTH)269069</subfield>
    </datafield>
</record>
<record>
    <datafield tag="191" ind1=" " ind2=" ">
        <subfield code="a">E/ESCWA/ENV/1992/15</subfield>
    </datafield>
    <datafield tag="245" ind1=" " ind2=" ">
        <subfield code="a">CLEANER TECHNOLOGY IN BAHRAIN AN ASSESSMENT STUDY: REPORT ON MISSION TO THE STATE OF BAHRAIN DURING THE PERIOD FROM 14 SEPTEMBER TO 1 OCTOBER 1992. </subfield>
    </datafield>
    <datafield tag="269" ind1=" " ind2=" ">
        <subfield code="a">19921014</subfield>
    </datafield>
    <datafield tag="650" ind1=" " ind2=" ">
        <subfield code="a">ENVIRONMENT</subfield>
        <subfield code="0">(DHLAUTH)270627</subfield>
    </datafield>
    <datafield tag="650" ind1=" " ind2=" ">
        <subfield code="a">CLEANER PRODUCTION</subfield>
        <subfield code="0">(DHLAUTH)542746</subfield>
    </datafield>
    <datafield tag="650" ind1=" " ind2=" ">
        <subfield code="a">INDUSTRIAL APPLICATIONS</subfield>
        <subfield code="0">(DHLAUTH)271918</subfield>
    </datafield>
    <datafield tag="650" ind1=" " ind2=" ">
        <subfield code="a">INDUSTRIAL SECTOR</subfield>
        <subfield code="0">(DHLAUTH)271815</subfield>
    </datafield>
    <datafield tag="650" ind1=" " ind2=" ">
        <subfield code="a">ADVISORY SERVICES</subfield>
        <subfield code="0">(DHLAUTH)269860</subfield>
    </datafield>
    <datafield tag="650" ind1=" " ind2=" ">
        <subfield code="a">BAHRAIN</subfield>
        <subfield code="0">(DHLAUTH)273274</subfield>
    </datafield>
</record>
<record>
    <datafield tag="191" ind1=" " ind2=" ">
        <subfield code="a">E/ESCWA/ENV/1992/16/REV.1</subfield>
    </datafield>
    <datafield tag="245" ind1=" " ind2=" ">
        <subfield code="a">SUMMARY OF AGENDA 21.</subfield>
    </datafield>
    <datafield tag="246" ind1=" " ind2=" ">
        <subfield code="a">موجز لجدول اعمال القرن 21</subfield>
    </datafield>
    <datafield tag="269" ind1=" " ind2=" ">
        <subfield code="a">19921125</subfield>
    </datafield>
    <datafield tag="650" ind1=" " ind2=" ">
        <subfield code="a">SUSTAINABLE DEVELOPMENT</subfield>
        <subfield code="0">(DHLAUTH)269920</subfield>
    </datafield>
    <datafield tag="650" ind1=" " ind2=" ">
        <subfield code="a">ENVIRONMENTAL MANAGEMENT</subfield>
        <subfield code="0">(DHLAUTH)270590</subfield>
    </datafield>
    <datafield tag="650" ind1=" " ind2=" ">
        <subfield code="a">SOCIAL ASPECTS</subfield>
        <subfield code="0">(DHLAUTH)274710</subfield>
    </datafield>
    <datafield tag="650" ind1=" " ind2=" ">
        <subfield code="a">ECONOMIC ASPECTS</subfield>
        <subfield code="0">(DHLAUTH)269753</subfield>
    </datafield>
    <datafield tag="650" ind1=" " ind2=" ">
        <subfield code="a">RESOURCES CONSERVATION</subfield>
        <subfield code="0">(DHLAUTH)270577</subfield>
    </datafield>
</record>
<record>
    <datafield tag="191" ind1=" " ind2=" ">
        <subfield code="a">E/ESCWA/ENV/1992/18</subfield>
    </datafield>
    <datafield tag="246" ind1=" " ind2=" ">
        <subfield code="a">محصلة برنامج الامم المتحدة المعني بالبيئة والتنمية اطار برنامج متطور للبيئة في المنطقة العربية</subfield>
    </datafield>
    <datafield tag="269" ind1=" " ind2=" ">
        <subfield code="a">19921229</subfield>
    </datafield>
    <datafield tag="650" ind1=" " ind2=" ">
        <subfield code="a">EVALUATION</subfield>
        <subfield code="0">(DHLAUTH)269588</subfield>
    </datafield>
    <datafield tag="650" ind1=" " ind2=" ">
        <subfield code="a">CAPACITY BUILDING</subfield>
        <subfield code="0">(DHLAUTH)276636</subfield>
    </datafield>
    <datafield tag="650" ind1=" " ind2=" ">
        <subfield code="a">INSTITUTION BUILDING</subfield>
        <subfield code="0">(DHLAUTH)269946</subfield>
    </datafield>
    <datafield tag="650" ind1=" " ind2=" ">
        <subfield code="a">SUSTAINABLE DEVELOPMENT</subfield>
        <subfield code="0">(DHLAUTH)269920</subfield>
    </datafield>
    <datafield tag="650" ind1=" " ind2=" ">
        <subfield code="a">ARAB COUNTRIES</subfield>
        <subfield code="0">(DHLAUTH)268705</subfield>
    </datafield>
</record>
<record>
    <datafield tag="191" ind1=" " ind2=" ">
        <subfield code="a">E/ESCWA/ENV/1992/2</subfield>
    </datafield>
    <datafield tag="246" ind1=" " ind2=" ">
        <subfield code="a">الادارة البيئية في الاردن: الواقع ومقترحات التطوير تقرير عن المهمة الاستشاريةخلال الفترة من 23 شباط/قبراير -5 آذار/مارس 1992</subfield>
    </datafield>
    <datafield tag="269" ind1=" " ind2=" ">
        <subfield code="a">19920315</subfield>
    </datafield>
    <datafield tag="650" ind1=" " ind2=" ">
        <subfield code="a">ENVIRONMENTAL PROTECTION</subfield>
        <subfield code="0">(DHLAUTH)270598</subfield>
    </datafield>
    <datafield tag="650" ind1=" " ind2=" ">
        <subfield code="a">ENVIRONMENTAL MANAGEMENT</subfield>
        <subfield code="0">(DHLAUTH)270590</subfield>
    </datafield>
    <datafield tag="650" ind1=" " ind2=" ">
        <subfield code="a">PROGRAMMES OF ACTION</subfield>
        <subfield code="0">(DHLAUTH)275777</subfield>
    </datafield>
    <datafield tag="650" ind1=" " ind2=" ">
        <subfield code="a">PUBLIC SERVICES</subfield>
        <subfield code="0">(DHLAUTH)270026</subfield>
    </datafield>
    <datafield tag="650" ind1=" " ind2=" ">
        <subfield code="a">JORDAN</subfield>
        <subfield code="0">(DHLAUTH)269099</subfield>
    </datafield>
</record>
<record>
    <datafield tag="191" ind1=" " ind2=" ">
        <subfield code="a">E/ESCWA/ENV/1992/3</subfield>
    </datafield>
    <datafield tag="245" ind1=" " ind2=" ">
        <subfield code="a">INFORMATION NOTES ON UNCED.</subfield>
    </datafield>
    <datafield tag="269" ind1=" " ind2=" ">
        <subfield code="a">19920421</subfield>
    </datafield>
    <datafield tag="650" ind1=" " ind2=" ">
        <subfield code="a">ENVIRONMENT</subfield>
        <subfield code="0">(DHLAUTH)270627</subfield>
    </datafield>
    <datafield tag="650" ind1=" " ind2=" ">
        <subfield code="a">DEVELOPMENT</subfield>
        <subfield code="0">(DHLAUTH)269844</subfield>
    </datafield>
    <datafield tag="650" ind1=" " ind2=" ">
        <subfield code="a">INFORMATION</subfield>
        <subfield code="0">(DHLAUTH)270009</subfield>
    </datafield>
    <datafield tag="650" ind1=" " ind2=" ">
        <subfield code="a">ACTIVITIES</subfield>
        <subfield code="0">(DHLAUTH)275823</subfield>
    </datafield>
</record>
<record>
    <datafield tag="191" ind1=" " ind2=" ">
        <subfield code="a">E/ESCWA/ENV/1992/6(A)</subfield>
    </datafield>
    <datafield tag="245" ind1=" " ind2=" ">
        <subfield code="a">SUMMARY REPORT.</subfield>
    </datafield>
    <datafield tag="269" ind1=" " ind2=" ">
        <subfield code="a">19920505</subfield>
    </datafield>
    <datafield tag="650" ind1=" " ind2=" ">
        <subfield code="a">FINANCIAL RESOURCES</subfield>
        <subfield code="0">(DHLAUTH)269810</subfield>
    </datafield>
    <datafield tag="650" ind1=" " ind2=" ">
        <subfield code="a">TECHNOLOGY TRANSFER</subfield>
        <subfield code="0">(DHLAUTH)271882</subfield>
    </datafield>
    <datafield tag="650" ind1=" " ind2=" ">
        <subfield code="a">ENVIRONMENTAL PROTECTION</subfield>
        <subfield code="0">(DHLAUTH)270598</subfield>
    </datafield>
    <datafield tag="650" ind1=" " ind2=" ">
        <subfield code="a">SUSTAINABLE DEVELOPMENT</subfield>
        <subfield code="0">(DHLAUTH)269920</subfield>
    </datafield>
</record>
<record>
    <datafield tag="191" ind1=" " ind2=" ">
        <subfield code="a">E/ESCWA/ENV/1992/7</subfield>
    </datafield>
    <datafield tag="246" ind1=" " ind2=" ">
        <subfield code="a">البيئة والتنمية وآفاق المستقبل: خطة عمل الاسكوا</subfield>
    </datafield>
    <datafield tag="269" ind1=" " ind2=" ">
        <subfield code="a">19920524</subfield>
    </datafield>
    <datafield tag="650" ind1=" " ind2=" ">
        <subfield code="a">SUSTAINABLE DEVELOPMENT</subfield>
        <subfield code="0">(DHLAUTH)269920</subfield>
    </datafield>
    <datafield tag="650" ind1=" " ind2=" ">
        <subfield code="a">WORK PROGRAMME</subfield>
        <subfield code="0">(DHLAUTH)275800</subfield>
    </datafield>
    <datafield tag="650" ind1=" " ind2=" ">
        <subfield code="a">WATER CONSUMPTION</subfield>
        <subfield code="0">(DHLAUTH)269580</subfield>
    </datafield>
    <datafield tag="650" ind1=" " ind2=" ">
        <subfield code="a">INDUSTRIAL DEVELOPMENT</subfield>
        <subfield code="0">(DHLAUTH)269918</subfield>
    </datafield>
    <datafield tag="650" ind1=" " ind2=" ">
        <subfield code="a">ENVIRONMENTAL PROTECTION</subfield>
        <subfield code="0">(DHLAUTH)270598</subfield>
    </datafield>
    <datafield tag="650" ind1=" " ind2=" ">
        <subfield code="a">AGRICULTURAL DEVELOPMENT</subfield>
        <subfield code="0">(DHLAUTH)269917</subfield>
    </datafield>
    <datafield tag="650" ind1=" " ind2=" ">
        <subfield code="a">COOPERATION BETWEEN ORGANIZATIONS</subfield>
        <subfield code="0">(DHLAUTH)268652</subfield>
    </datafield>
</record>
<record>
    <datafield tag="191" ind1=" " ind2=" ">
        <subfield code="a">E/ESCWA/ENV/1992/8</subfield>
    </datafield>
    <datafield tag="246" ind1=" " ind2=" ">
        <subfield code="a">تقرير مهمة استشارية تقييم المردود الاقتصادي والاجتماعي للتدهور البيئي الناجم عن حرب الكويت دولة الكويت خلال الفترة من 10-13 آير/مايو 1992</subfield>
    </datafield>
    <datafield tag="269" ind1=" " ind2=" ">
        <subfield code="a">19920515</subfield>
    </datafield>
    <datafield tag="650" ind1=" " ind2=" ">
        <subfield code="a">ENVIRONMENTAL DEGRADATION</subfield>
        <subfield code="0">(DHLAUTH)270632</subfield>
    </datafield>
    <datafield tag="650" ind1=" " ind2=" ">
        <subfield code="a">IRAQ-KUWAIT SITUATION</subfield>
        <subfield code="0">(DHLAUTH)275608</subfield>
    </datafield>
    <datafield tag="650" ind1=" " ind2=" ">
        <subfield code="a">SOCIAL CONDITIONS</subfield>
        <subfield code="0">(DHLAUTH)268327</subfield>
    </datafield>
    <datafield tag="650" ind1=" " ind2=" ">
        <subfield code="a">ECONOMIC CONDITIONS</subfield>
        <subfield code="0">(DHLAUTH)269719</subfield>
    </datafield>
    <datafield tag="650" ind1=" " ind2=" ">
        <subfield code="a">KUWAIT</subfield>
        <subfield code="0">(DHLAUTH)273384</subfield>
    </datafield>
    <datafield tag="650" ind1=" " ind2=" ">
        <subfield code="a">WORK PROGRAMME</subfield>
        <subfield code="0">(DHLAUTH)275800</subfield>
    </datafield>
</record>
<record>
    <datafield tag="191" ind1=" " ind2=" ">
        <subfield code="a">E/ESCWA/ENV/1992/9</subfield>
    </datafield>
    <datafield tag="245" ind1=" " ind2=" ">
        <subfield code="a">UNITED NATIONS CONFERENCE ON ENVIRONMENT AND DEVELOPMENT(UNCED) AND REGIONAL COMMISSIONS. FOLLOW-UP</subfield>
    </datafield>
    <datafield tag="246" ind1=" " ind2=" ">
        <subfield code="a">مؤتمر الامم المتحدة المعني بالبيئة والتنمية واللجان الاقليمية: متابعة</subfield>
    </datafield>
    <datafield tag="269" ind1=" " ind2=" ">
        <subfield code="a">19920531</subfield>
    </datafield>
    <datafield tag="650" ind1=" " ind2=" ">
        <subfield code="a">SUSTAINABLE DEVELOPMENT</subfield>
        <subfield code="0">(DHLAUTH)269920</subfield>
    </datafield>
    <datafield tag="650" ind1=" " ind2=" ">
        <subfield code="a">REGIONAL COMMISSIONS</subfield>
        <subfield code="0">(DHLAUTH)269969</subfield>
    </datafield>
</record>
<record>
    <datafield tag="191" ind1=" " ind2=" ">
        <subfield code="a">E/ESCWA/ENV/1992/9(A)</subfield>
    </datafield>
    <datafield tag="245" ind1=" " ind2=" ">
        <subfield code="a">UNITED NATIONS CONFERENCE ON ENVIRONMENT AND DEVELOPMENT(UNCED) AND REGIONAL COMMISSIONS/FOLLOW-UP.</subfield>
    </datafield>
    <datafield tag="269" ind1=" " ind2=" ">
        <subfield code="a">19920531</subfield>
    </datafield>
    <datafield tag="650" ind1=" " ind2=" ">
        <subfield code="a">SUSTAINABLE DEVELOPMENT</subfield>
        <subfield code="0">(DHLAUTH)269920</subfield>
    </datafield>
    <datafield tag="650" ind1=" " ind2=" ">
        <subfield code="a">REGIONAL COMMISSIONS</subfield>
        <subfield code="0">(DHLAUTH)269969</subfield>
    </datafield>
</record>
<record>
    <datafield tag="191" ind1=" " ind2=" ">
        <subfield code="a">E/ESCWA/ENV/1993/1</subfield>
    </datafield>
    <datafield tag="245" ind1=" " ind2=" ">
        <subfield code="a">MANAGEMENT AND ENVIRONMENTAL IMPACT ASSESSMENT OF URBAN SOLID WASTES: CASE STUDY OF ALEXANDRIA METROPOLITAN AREA</subfield>
    </datafield>
    <datafield tag="269" ind1=" " ind2=" ">
        <subfield code="a">19930201</subfield>
    </datafield>
    <datafield tag="650" ind1=" " ind2=" ">
        <subfield code="a">CONFERENCES</subfield>
        <subfield code="0">(DHLAUTH)275758</subfield>
    </datafield>
    <datafield tag="650" ind1=" " ind2=" ">
        <subfield code="a">ENVIRONMENTAL MANAGEMENT</subfield>
        <subfield code="0">(DHLAUTH)270590</subfield>
    </datafield>
    <datafield tag="650" ind1=" " ind2=" ">
        <subfield code="a">ENVIRONMENTAL IMPACT ASSESSMENT</subfield>
        <subfield code="0">(DHLAUTH)270597</subfield>
    </datafield>
    <datafield tag="650" ind1=" " ind2=" ">
        <subfield code="a">SOLID WASTE MANAGEMENT</subfield>
        <subfield code="0">(DHLAUTH)270665</subfield>
    </datafield>
    <datafield tag="650" ind1=" " ind2=" ">
        <subfield code="a">COSTS</subfield>
        <subfield code="0">(DHLAUTH)269595</subfield>
    </datafield>
    <datafield tag="650" ind1=" " ind2=" ">
        <subfield code="a">URBAN AREAS</subfield>
        <subfield code="0">(DHLAUTH)271447</subfield>
    </datafield>
    <datafield tag="650" ind1=" " ind2=" ">
        <subfield code="a">CASE STUDIES</subfield>
        <subfield code="0">(DHLAUTH)274639</subfield>
    </datafield>
    <datafield tag="650" ind1=" " ind2=" ">
        <subfield code="a">ALEXANDRIA (EGYPT)</subfield>
        <subfield code="0">(DHLAUTH)276750</subfield>
    </datafield>
</record>
<record>
    <datafield tag="191" ind1=" " ind2=" ">
        <subfield code="a">E/ESCWA/ENV/1993/11</subfield>
    </datafield>
    <datafield tag="246" ind1=" " ind2=" ">
        <subfield code="a">تجميع وحوسبة قاعدة بيانات عن البيئة</subfield>
    </datafield>
    <datafield tag="269" ind1=" " ind2=" ">
        <subfield code="a">19931108</subfield>
    </datafield>
    <datafield tag="650" ind1=" " ind2=" ">
        <subfield code="a">DATABASES</subfield>
        <subfield code="0">(DHLAUTH)275124</subfield>
    </datafield>
    <datafield tag="650" ind1=" " ind2=" ">
        <subfield code="a">STATISTICAL DATA</subfield>
        <subfield code="0">(DHLAUTH)270233</subfield>
    </datafield>
    <datafield tag="650" ind1=" " ind2=" ">
        <subfield code="a">ENVIRONMENTAL INDICATORS</subfield>
        <subfield code="0">(DHLAUTH)270683</subfield>
    </datafield>
    <datafield tag="650" ind1=" " ind2=" ">
        <subfield code="a">ENVIRONMENT</subfield>
        <subfield code="0">(DHLAUTH)270627</subfield>
    </datafield>
    <datafield tag="650" ind1=" " ind2=" ">
        <subfield code="a">INFORMATION</subfield>
        <subfield code="0">(DHLAUTH)270009</subfield>
    </datafield>
</record>
<record>
    <datafield tag="191" ind1=" " ind2=" ">
        <subfield code="a">E/ESCWA/ENV/1993/12/REV.1</subfield>
    </datafield>
    <datafield tag="246" ind1=" " ind2=" ">
        <subfield code="a">التقرير الختامي لمشروع تعزيز قدرات الادارة والتخطيط في مجال البيئة في الاردن</subfield>
    </datafield>
    <datafield tag="269" ind1=" " ind2=" ">
        <subfield code="a">19930412</subfield>
    </datafield>
    <datafield tag="650" ind1=" " ind2=" ">
        <subfield code="a">CAPACITY BUILDING</subfield>
        <subfield code="0">(DHLAUTH)276636</subfield>
    </datafield>
    <datafield tag="650" ind1=" " ind2=" ">
        <subfield code="a">ENVIRONMENTAL POLICY</subfield>
        <subfield code="0">(DHLAUTH)269904</subfield>
    </datafield>
    <datafield tag="650" ind1=" " ind2=" ">
        <subfield code="a">INDUSTRIAL SECTOR</subfield>
        <subfield code="0">(DHLAUTH)271815</subfield>
    </datafield>
    <datafield tag="650" ind1=" " ind2=" ">
        <subfield code="a">AGRICULTURE</subfield>
        <subfield code="0">(DHLAUTH)271335</subfield>
    </datafield>
    <datafield tag="650" ind1=" " ind2=" ">
        <subfield code="a">HUMAN SETTLEMENTS MANAGEMENT</subfield>
        <subfield code="0">(DHLAUTH)268417</subfield>
    </datafield>
    <datafield tag="650" ind1=" " ind2=" ">
        <subfield code="a">HUMAN SETTLEMENTS</subfield>
        <subfield code="0">(DHLAUTH)273542</subfield>
    </datafield>
    <datafield tag="650" ind1=" " ind2=" ">
        <subfield code="a">TOURISM</subfield>
        <subfield code="0">(DHLAUTH)272211</subfield>
    </datafield>
    <datafield tag="650" ind1=" " ind2=" ">
        <subfield code="a">ENVIRONMENT</subfield>
        <subfield code="0">(DHLAUTH)270627</subfield>
    </datafield>
    <datafield tag="650" ind1=" " ind2=" ">
        <subfield code="a">JORDAN</subfield>
        <subfield code="0">(DHLAUTH)269099</subfield>
    </datafield>
</record>
<record>
    <datafield tag="191" ind1=" " ind2=" ">
        <subfield code="a">E/ESCWA/ENV/1993/2</subfield>
    </datafield>
    <datafield tag="246" ind1=" " ind2=" ">
        <subfield code="a">تخزين المواد الخطرة دليل فني عن تخزين المواد الخطرة تخزينا مامونا</subfield>
    </datafield>
    <datafield tag="269" ind1=" " ind2=" ">
        <subfield code="a">19921228</subfield>
    </datafield>
    <datafield tag="650" ind1=" " ind2=" ">
        <subfield code="a">STORAGE STRUCTURES</subfield>
        <subfield code="0">(DHLAUTH)271384</subfield>
    </datafield>
    <datafield tag="650" ind1=" " ind2=" ">
        <subfield code="a">DANGEROUS GOODS</subfield>
        <subfield code="0">(DHLAUTH)269542</subfield>
    </datafield>
    <datafield tag="650" ind1=" " ind2=" ">
        <subfield code="a">SCIENTIFIC AND TECHNICAL INFORMATION</subfield>
        <subfield code="0">(DHLAUTH)275143</subfield>
    </datafield>
    <datafield tag="650" ind1=" " ind2=" ">
        <subfield code="a">MANAGEMENT</subfield>
        <subfield code="0">(DHLAUTH)269660</subfield>
    </datafield>
    <datafield tag="650" ind1=" " ind2=" ">
        <subfield code="a">LEGAL ASPECTS</subfield>
        <subfield code="0">(DHLAUTH)269366</subfield>
    </datafield>
</record>
<record>
    <datafield tag="191" ind1=" " ind2=" ">
        <subfield code="a">E/ESCWA/ENV/1993/3</subfield>
    </datafield>
    <datafield tag="245" ind1=" " ind2=" ">
        <subfield code="a">ENVIRONMENTAL MANAGEMENT IN THE REPUBLIC OF YEMEN: A HISTORIC APPROACH/ SANA'A, 15 FEB. -4 MAR. 1993.</subfield>
    </datafield>
    <datafield tag="269" ind1=" " ind2=" ">
        <subfield code="a">19930411</subfield>
    </datafield>
    <datafield tag="650" ind1=" " ind2=" ">
        <subfield code="a">ENVIRONMENTAL PROTECTION</subfield>
        <subfield code="0">(DHLAUTH)270598</subfield>
    </datafield>
    <datafield tag="650" ind1=" " ind2=" ">
        <subfield code="a">ENVIRONMENTAL MANAGEMENT</subfield>
        <subfield code="0">(DHLAUTH)270590</subfield>
    </datafield>
    <datafield tag="650" ind1=" " ind2=" ">
        <subfield code="a">ENVIRONMENTAL LAW</subfield>
        <subfield code="0">(DHLAUTH)269476</subfield>
    </datafield>
    <datafield tag="650" ind1=" " ind2=" ">
        <subfield code="a">SUSTAINABLE DEVELOPMENT</subfield>
        <subfield code="0">(DHLAUTH)269920</subfield>
    </datafield>
    <datafield tag="650" ind1=" " ind2=" ">
        <subfield code="a">SUSTAINABLE AGRICULTURE</subfield>
        <subfield code="0">(DHLAUTH)270600</subfield>
    </datafield>
    <datafield tag="650" ind1=" " ind2=" ">
        <subfield code="a">MARINE RESOURCES</subfield>
        <subfield code="0">(DHLAUTH)269561</subfield>
    </datafield>
    <datafield tag="650" ind1=" " ind2=" ">
        <subfield code="a">COASTAL AREAS</subfield>
        <subfield code="0">(DHLAUTH)269554</subfield>
    </datafield>
    <datafield tag="650" ind1=" " ind2=" ">
        <subfield code="a">CAPACITY BUILDING</subfield>
        <subfield code="0">(DHLAUTH)276636</subfield>
    </datafield>
    <datafield tag="650" ind1=" " ind2=" ">
        <subfield code="a">COST-BENEFIT ANALYSIS</subfield>
        <subfield code="0">(DHLAUTH)269586</subfield>
    </datafield>
    <datafield tag="650" ind1=" " ind2=" ">
        <subfield code="a">DESERTIFICATION</subfield>
        <subfield code="0">(DHLAUTH)270641</subfield>
    </datafield>
    <datafield tag="650" ind1=" " ind2=" ">
        <subfield code="a">INSTITUTION BUILDING</subfield>
        <subfield code="0">(DHLAUTH)269946</subfield>
    </datafield>
    <datafield tag="650" ind1=" " ind2=" ">
        <subfield code="a">YEMEN</subfield>
        <subfield code="0">(DHLAUTH)273521</subfield>
    </datafield>
</record>
<record>
    <datafield tag="191" ind1=" " ind2=" ">
        <subfield code="a">E/ESCWA/ENV/1993/4</subfield>
    </datafield>
    <datafield tag="245" ind1=" " ind2=" ">
        <subfield code="a">ENVIRONMENTAL MANAGEMENT IN THE EGYPTIAN CHEMICAL INDUSTRIES: EXPERIENCE AND PROSPECTS (CAIRO, 6-20 MARCH 1993)</subfield>
    </datafield>
    <datafield tag="269" ind1=" " ind2=" ">
        <subfield code="a">19930411</subfield>
    </datafield>
    <datafield tag="650" ind1=" " ind2=" ">
        <subfield code="a">ENVIRONMENTAL MANAGEMENT</subfield>
        <subfield code="0">(DHLAUTH)270590</subfield>
    </datafield>
    <datafield tag="650" ind1=" " ind2=" ">
        <subfield code="a">ENVIRONMENTAL MONITORING</subfield>
        <subfield code="0">(DHLAUTH)270667</subfield>
    </datafield>
    <datafield tag="650" ind1=" " ind2=" ">
        <subfield code="a">INDUSTRIAL APPLICATIONS</subfield>
        <subfield code="0">(DHLAUTH)271918</subfield>
    </datafield>
    <datafield tag="650" ind1=" " ind2=" ">
        <subfield code="a">POLLUTION</subfield>
        <subfield code="0">(DHLAUTH)270642</subfield>
    </datafield>
    <datafield tag="650" ind1=" " ind2=" ">
        <subfield code="a">CHEMICAL INDUSTRY</subfield>
        <subfield code="0">(DHLAUTH)272107</subfield>
    </datafield>
    <datafield tag="650" ind1=" " ind2=" ">
        <subfield code="a">TOXIC WASTE MANAGEMENT</subfield>
        <subfield code="0">(DHLAUTH)270673</subfield>
    </datafield>
    <datafield tag="650" ind1=" " ind2=" ">
        <subfield code="a">INDUSTRIAL POLLUTION</subfield>
        <subfield code="0">(DHLAUTH)270791</subfield>
    </datafield>
    <datafield tag="650" ind1=" " ind2=" ">
        <subfield code="a">RECOMMENDATIONS</subfield>
        <subfield code="0">(DHLAUTH)275840</subfield>
    </datafield>
    <datafield tag="650" ind1=" " ind2=" ">
        <subfield code="a">EGYPT</subfield>
        <subfield code="0">(DHLAUTH)273328</subfield>
    </datafield>
</record>
<record>
    <datafield tag="191" ind1=" " ind2=" ">
        <subfield code="a">E/ESCWA/ENV/1993/5</subfield>
    </datafield>
    <datafield tag="246" ind1=" " ind2=" ">
        <subfield code="a">تقرير عن مهمة استشارية في المملكة العربية السعودية, الادارة البيئية في المدن الصناعية بالمملكة العربية السعودية</subfield>
    </datafield>
    <datafield tag="269" ind1=" " ind2=" ">
        <subfield code="a">19930523</subfield>
    </datafield>
    <datafield tag="650" ind1=" " ind2=" ">
        <subfield code="a">WESTERN ASIA</subfield>
        <subfield code="0">(DHLAUTH)275490</subfield>
    </datafield>
    <datafield tag="650" ind1=" " ind2=" ">
        <subfield code="a">ENVIRONMENTAL MANAGEMENT</subfield>
        <subfield code="0">(DHLAUTH)270590</subfield>
    </datafield>
    <datafield tag="650" ind1=" " ind2=" ">
        <subfield code="a">ADVISORY SERVICES</subfield>
        <subfield code="0">(DHLAUTH)269860</subfield>
    </datafield>
    <datafield tag="650" ind1=" " ind2=" ">
        <subfield code="a">INDUSTRIAL WASTES</subfield>
        <subfield code="0">(DHLAUTH)270803</subfield>
    </datafield>
    <datafield tag="650" ind1=" " ind2=" ">
        <subfield code="a">HAZARDOUS WASTES</subfield>
        <subfield code="0">(DHLAUTH)270865</subfield>
    </datafield>
    <datafield tag="650" ind1=" " ind2=" ">
        <subfield code="a">INDUSTRIAL LOCATION</subfield>
        <subfield code="0">(DHLAUTH)271801</subfield>
    </datafield>
    <datafield tag="650" ind1=" " ind2=" ">
        <subfield code="a">RECOMMENDATIONS</subfield>
        <subfield code="0">(DHLAUTH)275840</subfield>
    </datafield>
    <datafield tag="650" ind1=" " ind2=" ">
        <subfield code="a">SAUDI ARABIA</subfield>
        <subfield code="0">(DHLAUTH)273464</subfield>
    </datafield>
</record>
<record>
    <datafield tag="191" ind1=" " ind2=" ">
        <subfield code="a">E/ESCWA/ENV/1993/6</subfield>
    </datafield>
    <datafield tag="245" ind1=" " ind2=" ">
        <subfield code="a">ENVIRONMENTAL MANAGEMENT IN THE INDUSTRIAL CITIES OF SAUDI ARABIA.</subfield>
    </datafield>
    <datafield tag="269" ind1=" " ind2=" ">
        <subfield code="a">19930526</subfield>
    </datafield>
    <datafield tag="650" ind1=" " ind2=" ">
        <subfield code="a">ENVIRONMENTAL MANAGEMENT</subfield>
        <subfield code="0">(DHLAUTH)270590</subfield>
    </datafield>
    <datafield tag="650" ind1=" " ind2=" ">
        <subfield code="a">INDUSTRIAL WASTES</subfield>
        <subfield code="0">(DHLAUTH)270803</subfield>
    </datafield>
    <datafield tag="650" ind1=" " ind2=" ">
        <subfield code="a">HAZARDOUS WASTES</subfield>
        <subfield code="0">(DHLAUTH)270865</subfield>
    </datafield>
    <datafield tag="650" ind1=" " ind2=" ">
        <subfield code="a">INDUSTRIAL LOCATION</subfield>
        <subfield code="0">(DHLAUTH)271801</subfield>
    </datafield>
    <datafield tag="650" ind1=" " ind2=" ">
        <subfield code="a">ADVISORY SERVICES</subfield>
        <subfield code="0">(DHLAUTH)269860</subfield>
    </datafield>
    <datafield tag="650" ind1=" " ind2=" ">
        <subfield code="a">RECOMMENDATIONS</subfield>
        <subfield code="0">(DHLAUTH)275840</subfield>
    </datafield>
    <datafield tag="650" ind1=" " ind2=" ">
        <subfield code="a">SAUDI ARABIA</subfield>
        <subfield code="0">(DHLAUTH)273464</subfield>
    </datafield>
</record>
<record>
    <datafield tag="191" ind1=" " ind2=" ">
        <subfield code="a">E/ESCWA/ENV/1995/1</subfield>
    </datafield>
    <datafield tag="246" ind1=" " ind2=" ">
        <subfield code="a">تقريرعن التشريعات البيئية في دولة الامارات العربية المتحدة ومراجعة مشروعات التشريعات البيئية التي اعدتها الهيئة الاتحادية للبيئة في ابو ظبي الامارات العربية المتحدة</subfield>
    </datafield>
    <datafield tag="269" ind1=" " ind2=" ">
        <subfield code="a">19950604</subfield>
    </datafield>
    <datafield tag="650" ind1=" " ind2=" ">
        <subfield code="a">CONSULTANTS</subfield>
        <subfield code="0">(DHLAUTH)269888</subfield>
    </datafield>
    <datafield tag="650" ind1=" " ind2=" ">
        <subfield code="a">ENVIRONMENTAL POLICY</subfield>
        <subfield code="0">(DHLAUTH)269904</subfield>
    </datafield>
    <datafield tag="650" ind1=" " ind2=" ">
        <subfield code="a">RECOMMENDATIONS</subfield>
        <subfield code="0">(DHLAUTH)275840</subfield>
    </datafield>
</record>
<record>
    <datafield tag="191" ind1=" " ind2=" ">
        <subfield code="a">E/ESCWA/ENV/1995/2</subfield>
    </datafield>
    <datafield tag="245" ind1=" " ind2=" ">
        <subfield code="a">FORMULATION OF AN EIA POLICY FOR THE STATE OF BAHRAIN DURING THE PERIOD 7-17 NOVEMBER 1995</subfield>
    </datafield>
    <datafield tag="269" ind1=" " ind2=" ">
        <subfield code="a">19951231</subfield>
    </datafield>
    <datafield tag="650" ind1=" " ind2=" ">
        <subfield code="a">ADVISORY SERVICES</subfield>
        <subfield code="0">(DHLAUTH)269860</subfield>
    </datafield>
    <datafield tag="650" ind1=" " ind2=" ">
        <subfield code="a">ENVIRONMENTAL POLICY</subfield>
        <subfield code="0">(DHLAUTH)269904</subfield>
    </datafield>
    <datafield tag="650" ind1=" " ind2=" ">
        <subfield code="a">ENVIRONMENTAL PROTECTION</subfield>
        <subfield code="0">(DHLAUTH)270598</subfield>
    </datafield>
    <datafield tag="650" ind1=" " ind2=" ">
        <subfield code="a">INSTITUTION BUILDING</subfield>
        <subfield code="0">(DHLAUTH)269946</subfield>
    </datafield>
    <datafield tag="650" ind1=" " ind2=" ">
        <subfield code="a">POPULAR PARTICIPATION</subfield>
        <subfield code="0">(DHLAUTH)268478</subfield>
    </datafield>
    <datafield tag="650" ind1=" " ind2=" ">
        <subfield code="a">BAHRAIN</subfield>
        <subfield code="0">(DHLAUTH)273274</subfield>
    </datafield>
    <datafield tag="650" ind1=" " ind2=" ">
        <subfield code="a">AIR QUALITY</subfield>
        <subfield code="0">(DHLAUTH)270690</subfield>
    </datafield>
</record>
<record>
    <datafield tag="191" ind1=" " ind2=" ">
        <subfield code="a">E/ESCWA/GRID/2004/WG.2/3</subfield>
    </datafield>
    <datafield tag="246" ind1=" " ind2=" ">
        <subfield code="a">Waraqat 'amal : Nadwat Ihsa`at al-Tijarah al-Duwaliyah fi al-Khadama Ahamad Abdallah al-Na'imi</subfield>
    </datafield>
    <datafield tag="246" ind1=" " ind2=" ">
        <subfield code="a">WARAQAT 'AMAL : NADWAT IHSA`AT AL-TIJARAH AL-DUWALIYAH FI AL-KHADAMA AHAMAD ABDALLAH AL-NA'IMI</subfield>
    </datafield>
    <datafield tag="269" ind1=" " ind2=" ">
        <subfield code="a">20041213</subfield>
    </datafield>
    <datafield tag="650" ind1=" " ind2=" ">
        <subfield code="a">TRADE STATISTICS</subfield>
        <subfield code="0">(DHLAUTH)270201</subfield>
    </datafield>
    <datafield tag="650" ind1=" " ind2=" ">
        <subfield code="a">TRADE IN SERVICES</subfield>
        <subfield code="0">(DHLAUTH)272229</subfield>
    </datafield>
</record>
<record>
    <datafield tag="191" ind1=" " ind2=" ">
        <subfield code="a">E/ESCWA/GRID/2005/3</subfield>
    </datafield>
    <datafield tag="246" ind1=" " ind2=" ">
        <subfield code="a">التقدم المحرز في مفاوضات جولة الدوحة الخاصة بالزراعة والآثار المتوقعة على النفاذ الى الاسواق بالنسبة للصادرات الزراعية العربية</subfield>
    </datafield>
    <datafield tag="269" ind1=" " ind2=" ">
        <subfield code="a">20050701</subfield>
    </datafield>
    <datafield tag="650" ind1=" " ind2=" ">
        <subfield code="a">DOHA (QATAR)</subfield>
        <subfield code="0">(DHLAUTH)276982</subfield>
    </datafield>
    <datafield tag="650" ind1=" " ind2=" ">
        <subfield code="a">AGRICULTURE</subfield>
        <subfield code="0">(DHLAUTH)271335</subfield>
    </datafield>
    <datafield tag="650" ind1=" " ind2=" ">
        <subfield code="a">WORK PROGRAMME</subfield>
        <subfield code="0">(DHLAUTH)275800</subfield>
    </datafield>
    <datafield tag="650" ind1=" " ind2=" ">
        <subfield code="a">AGRICULTURAL TRADE</subfield>
        <subfield code="0">(DHLAUTH)440830</subfield>
    </datafield>
    <datafield tag="650" ind1=" " ind2=" ">
        <subfield code="a">MARKET ACCESS</subfield>
        <subfield code="0">(DHLAUTH)272803</subfield>
    </datafield>
    <datafield tag="650" ind1=" " ind2=" ">
        <subfield code="a">MULTILATERAL TRADE NEGOTIATIONS</subfield>
        <subfield code="0">(DHLAUTH)272848</subfield>
    </datafield>
    <datafield tag="650" ind1=" " ind2=" ">
        <subfield code="a">EXPORTS</subfield>
        <subfield code="0">(DHLAUTH)271798</subfield>
    </datafield>
    <datafield tag="650" ind1=" " ind2=" ">
        <subfield code="a">EUROPE</subfield>
        <subfield code="0">(DHLAUTH)273332</subfield>
    </datafield>
</record>
<record>
    <datafield tag="191" ind1=" " ind2=" ">
        <subfield code="a">E/ESCWA/GRID/2005/8</subfield>
    </datafield>
    <datafield tag="246" ind1=" " ind2=" ">
        <subfield code="a">التطورات في تشريعات حماية حقوق الملكية الفكرية في الدول العربية</subfield>
    </datafield>
    <datafield tag="269" ind1=" " ind2=" ">
        <subfield code="a">20051010</subfield>
    </datafield>
    <datafield tag="650" ind1=" " ind2=" ">
        <subfield code="a">ARAB COUNTRIES</subfield>
        <subfield code="0">(DHLAUTH)268705</subfield>
    </datafield>
    <datafield tag="650" ind1=" " ind2=" ">
        <subfield code="a">CONFERENCES</subfield>
        <subfield code="0">(DHLAUTH)275758</subfield>
    </datafield>
    <datafield tag="650" ind1=" " ind2=" ">
        <subfield code="a">INTELLECTUAL PROPERTY</subfield>
        <subfield code="0">(DHLAUTH)271874</subfield>
    </datafield>
</record>
<record>
    <datafield tag="191" ind1=" " ind2=" ">
        <subfield code="a">E/ESCWA/GRID/2007/BOOKLET.1</subfield>
    </datafield>
    <datafield tag="245" ind1=" " ind2=" ">
        <subfield code="a">BOOKLET ON FOREIGN DIRECT INVESTMENT INFLOWS IN THE ESCWA REGION</subfield>
    </datafield>
    <datafield tag="269" ind1=" " ind2=" ">
        <subfield code="a">20070701</subfield>
    </datafield>
    <datafield tag="650" ind1=" " ind2=" ">
        <subfield code="a">FOREIGN DIRECT INVESTMENT</subfield>
        <subfield code="0">(DHLAUTH)269863</subfield>
    </datafield>
    <datafield tag="650" ind1=" " ind2=" ">
        <subfield code="a">ECONOMIC POLICY</subfield>
        <subfield code="0">(DHLAUTH)268235</subfield>
    </datafield>
    <datafield tag="650" ind1=" " ind2=" ">
        <subfield code="a">INVESTMENT PROMOTION</subfield>
        <subfield code="0">(DHLAUTH)270103</subfield>
    </datafield>
    <datafield tag="650" ind1=" " ind2=" ">
        <subfield code="a">FINANCIAL STATISTICS</subfield>
        <subfield code="0">(DHLAUTH)270194</subfield>
    </datafield>
    <datafield tag="650" ind1=" " ind2=" ">
        <subfield code="a">WESTERN ASIA</subfield>
        <subfield code="0">(DHLAUTH)275490</subfield>
    </datafield>
</record>
<record>
    <datafield tag="191" ind1=" " ind2=" ">
        <subfield code="a">E/ESCWA/GSS/1</subfield>
    </datafield>
    <datafield tag="246" ind1=" " ind2=" ">
        <subfield code="a">دليل موظفي وحدة الامن والسلامة</subfield>
    </datafield>
    <datafield tag="269" ind1=" " ind2=" ">
        <subfield code="a">19880130</subfield>
    </datafield>
    <datafield tag="650" ind1=" " ind2=" ">
        <subfield code="a">SECURITY AND SAFETY STAFF</subfield>
        <subfield code="0">(DHLAUTH)268638</subfield>
    </datafield>
    <datafield tag="650" ind1=" " ind2=" ">
        <subfield code="a">DIRECTORIES</subfield>
        <subfield code="0">(DHLAUTH)275130</subfield>
    </datafield>
</record>
<record>
    <datafield tag="191" ind1=" " ind2=" ">
        <subfield code="a">E/ESCWA/HS/1992/2</subfield>
    </datafield>
    <datafield tag="245" ind1=" " ind2=" ">
        <subfield code="a">HOUSING FINANCE IN THE ESCWA REGION: INSTITUTIONS AND PROCEDURES</subfield>
    </datafield>
    <datafield tag="246" ind1=" " ind2=" ">
        <subfield code="a">تمويل الاسكان في منطقة الاسكوا: المؤسسات والاجراءات</subfield>
    </datafield>
    <datafield tag="269" ind1=" " ind2=" ">
        <subfield code="a">19920921</subfield>
    </datafield>
    <datafield tag="650" ind1=" " ind2=" ">
        <subfield code="a">HOUSING FINANCE</subfield>
        <subfield code="0">(DHLAUTH)273599</subfield>
    </datafield>
    <datafield tag="650" ind1=" " ind2=" ">
        <subfield code="a">HOUSING FINANCE INSTITUTIONS</subfield>
        <subfield code="0">(DHLAUTH)270391</subfield>
    </datafield>
    <datafield tag="650" ind1=" " ind2=" ">
        <subfield code="a">WESTERN ASIA</subfield>
        <subfield code="0">(DHLAUTH)275490</subfield>
    </datafield>
    <datafield tag="650" ind1=" " ind2=" ">
        <subfield code="a">IRAQ</subfield>
        <subfield code="0">(DHLAUTH)273370</subfield>
    </datafield>
    <datafield tag="650" ind1=" " ind2=" ">
        <subfield code="a">JORDAN</subfield>
        <subfield code="0">(DHLAUTH)269099</subfield>
    </datafield>
    <datafield tag="650" ind1=" " ind2=" ">
        <subfield code="a">KUWAIT</subfield>
        <subfield code="0">(DHLAUTH)273384</subfield>
    </datafield>
    <datafield tag="650" ind1=" " ind2=" ">
        <subfield code="a">HOUSING NEEDS</subfield>
        <subfield code="0">(DHLAUTH)273617</subfield>
    </datafield>
    <datafield tag="650" ind1=" " ind2=" ">
        <subfield code="a">REMITTANCES</subfield>
        <subfield code="0">(DHLAUTH)270415</subfield>
    </datafield>
    <datafield tag="650" ind1=" " ind2=" ">
        <subfield code="a">RECOMMENDATIONS</subfield>
        <subfield code="0">(DHLAUTH)275840</subfield>
    </datafield>
</record>
<record>
    <datafield tag="191" ind1=" " ind2=" ">
        <subfield code="a">E/ESCWA/HS/1993/1</subfield>
    </datafield>
    <datafield tag="245" ind1=" " ind2=" ">
        <subfield code="a">HUMAN SETTLEMENTS SITUATION IN THE ESCWA REGION : DEVELOPMENT TRENDS IN THE HOUSING SECTOR DURING THE LAST 2 DECADES</subfield>
    </datafield>
    <datafield tag="246" ind1=" " ind2=" ">
        <subfield code="a">Human settlements situation in the ESCWA region : development trends in the housing sector during the last 2 decades</subfield>
    </datafield>
    <datafield tag="269" ind1=" " ind2=" ">
        <subfield code="a">19930217</subfield>
    </datafield>
    <datafield tag="650" ind1=" " ind2=" ">
        <subfield code="a">LOW COST HOUSING</subfield>
        <subfield code="0">(DHLAUTH)273611</subfield>
    </datafield>
    <datafield tag="650" ind1=" " ind2=" ">
        <subfield code="a">HOUSING PROJECTS</subfield>
        <subfield code="0">(DHLAUTH)273620</subfield>
    </datafield>
    <datafield tag="650" ind1=" " ind2=" ">
        <subfield code="a">HOUSING FINANCE</subfield>
        <subfield code="0">(DHLAUTH)273599</subfield>
    </datafield>
    <datafield tag="650" ind1=" " ind2=" ">
        <subfield code="a">HOUSING POLICY</subfield>
        <subfield code="0">(DHLAUTH)273618</subfield>
    </datafield>
    <datafield tag="650" ind1=" " ind2=" ">
        <subfield code="a">HUMAN SETTLEMENTS</subfield>
        <subfield code="0">(DHLAUTH)273542</subfield>
    </datafield>
    <datafield tag="650" ind1=" " ind2=" ">
        <subfield code="a">POPULATION GROWTH</subfield>
        <subfield code="0">(DHLAUTH)272944</subfield>
    </datafield>
    <datafield tag="650" ind1=" " ind2=" ">
        <subfield code="a">URBAN POPULATION</subfield>
        <subfield code="0">(DHLAUTH)273104</subfield>
    </datafield>
    <datafield tag="650" ind1=" " ind2=" ">
        <subfield code="a">PUBLIC HOUSING</subfield>
        <subfield code="0">(DHLAUTH)273612</subfield>
    </datafield>
    <datafield tag="650" ind1=" " ind2=" ">
        <subfield code="a">HOUSING MANAGEMENT</subfield>
        <subfield code="0">(DHLAUTH)273616</subfield>
    </datafield>
    <datafield tag="650" ind1=" " ind2=" ">
        <subfield code="a">WESTERN ASIA</subfield>
        <subfield code="0">(DHLAUTH)275490</subfield>
    </datafield>
    <datafield tag="650" ind1=" " ind2=" ">
        <subfield code="a">STATISTICAL DATA</subfield>
        <subfield code="0">(DHLAUTH)270233</subfield>
    </datafield>
</record>
<record>
    <datafield tag="191" ind1=" " ind2=" ">
        <subfield code="a">E/ESCWA/HS/1993/1 (A)</subfield>
    </datafield>
    <datafield tag="245" ind1=" " ind2=" ">
        <subfield code="a">HUMAN SETTLEMENTS SITUATION IN THE ESCWA REGION: DEVELOPMENT TRENDS IN THE HOUSING SECTOR DURING THE LAST TWO DECADES</subfield>
    </datafield>
    <datafield tag="246" ind1=" " ind2=" ">
        <subfield code="a">وضع المستوطنات البشرية في منطقة الاسكوا: اتجاهات تطور قطاع الاسكان خلال العقدين الماضيين</subfield>
    </datafield>
    <datafield tag="269" ind1=" " ind2=" ">
        <subfield code="a">19930217</subfield>
    </datafield>
    <datafield tag="650" ind1=" " ind2=" ">
        <subfield code="a">HUMAN SETTLEMENTS</subfield>
        <subfield code="0">(DHLAUTH)273542</subfield>
    </datafield>
    <datafield tag="650" ind1=" " ind2=" ">
        <subfield code="a">HOUSING POLICY</subfield>
        <subfield code="0">(DHLAUTH)273618</subfield>
    </datafield>
    <datafield tag="650" ind1=" " ind2=" ">
        <subfield code="a">POPULATION GROWTH</subfield>
        <subfield code="0">(DHLAUTH)272944</subfield>
    </datafield>
    <datafield tag="650" ind1=" " ind2=" ">
        <subfield code="a">URBAN AREAS</subfield>
        <subfield code="0">(DHLAUTH)271447</subfield>
    </datafield>
    <datafield tag="650" ind1=" " ind2=" ">
        <subfield code="a">WESTERN ASIA</subfield>
        <subfield code="0">(DHLAUTH)275490</subfield>
    </datafield>
</record>
<record>
    <datafield tag="191" ind1=" " ind2=" ">
        <subfield code="a">E/ESCWA/HS/1993/3</subfield>
    </datafield>
    <datafield tag="246" ind1=" " ind2=" ">
        <subfield code="a">الاسكان والخدمات الاساسية في المناطق الحضرية السريعة التغير اسكان الازمات</subfield>
    </datafield>
    <datafield tag="269" ind1=" " ind2=" ">
        <subfield code="a">19931103</subfield>
    </datafield>
    <datafield tag="650" ind1=" " ind2=" ">
        <subfield code="a">URBAN HOUSING</subfield>
        <subfield code="0">(DHLAUTH)273582</subfield>
    </datafield>
    <datafield tag="650" ind1=" " ind2=" ">
        <subfield code="a">POPULATION GROWTH</subfield>
        <subfield code="0">(DHLAUTH)272944</subfield>
    </datafield>
    <datafield tag="650" ind1=" " ind2=" ">
        <subfield code="a">CITIES</subfield>
        <subfield code="0">(DHLAUTH)273527</subfield>
    </datafield>
    <datafield tag="650" ind1=" " ind2=" ">
        <subfield code="a">SOCIAL CONDITIONS</subfield>
        <subfield code="0">(DHLAUTH)268327</subfield>
    </datafield>
    <datafield tag="650" ind1=" " ind2=" ">
        <subfield code="a">ECONOMIC CONDITIONS</subfield>
        <subfield code="0">(DHLAUTH)269719</subfield>
    </datafield>
    <datafield tag="650" ind1=" " ind2=" ">
        <subfield code="a">CONFERENCES</subfield>
        <subfield code="0">(DHLAUTH)275758</subfield>
    </datafield>
    <datafield tag="650" ind1=" " ind2=" ">
        <subfield code="a">WESTERN ASIA</subfield>
        <subfield code="0">(DHLAUTH)275490</subfield>
    </datafield>
    <datafield tag="650" ind1=" " ind2=" ">
        <subfield code="a">AMMAN (JORDAN)</subfield>
        <subfield code="0">(DHLAUTH)276766</subfield>
    </datafield>
    <datafield tag="650" ind1=" " ind2=" ">
        <subfield code="a">SYRIAN ARAB REPUBLIC</subfield>
        <subfield code="0">(DHLAUTH)273496</subfield>
    </datafield>
    <datafield tag="650" ind1=" " ind2=" ">
        <subfield code="a">SANA'A (YEMEN)</subfield>
        <subfield code="0">(DHLAUTH)584060</subfield>
    </datafield>
    <datafield tag="650" ind1=" " ind2=" ">
        <subfield code="a">CAIRO (EGYPT)</subfield>
        <subfield code="0">(DHLAUTH)276878</subfield>
    </datafield>
    <datafield tag="650" ind1=" " ind2=" ">
        <subfield code="a">ARAB COUNTRIES</subfield>
        <subfield code="0">(DHLAUTH)268705</subfield>
    </datafield>
</record>
<record>
    <datafield tag="191" ind1=" " ind2=" ">
        <subfield code="a">E/ESCWA/HS/1993/3</subfield>
    </datafield>
    <datafield tag="246" ind1=" " ind2=" ">
        <subfield code="a">الاسكان والخدمات الاساسية في المناطق الحضرية السريعة التغير اسكان الازمات</subfield>
    </datafield>
    <datafield tag="269" ind1=" " ind2=" ">
        <subfield code="a">19931103</subfield>
    </datafield>
    <datafield tag="650" ind1=" " ind2=" ">
        <subfield code="a">URBAN HOUSING</subfield>
        <subfield code="0">(DHLAUTH)273582</subfield>
    </datafield>
    <datafield tag="650" ind1=" " ind2=" ">
        <subfield code="a">POPULATION GROWTH</subfield>
        <subfield code="0">(DHLAUTH)272944</subfield>
    </datafield>
    <datafield tag="650" ind1=" " ind2=" ">
        <subfield code="a">RETURN MIGRATION</subfield>
        <subfield code="0">(DHLAUTH)273078</subfield>
    </datafield>
    <datafield tag="650" ind1=" " ind2=" ">
        <subfield code="a">CITIES</subfield>
        <subfield code="0">(DHLAUTH)273527</subfield>
    </datafield>
    <datafield tag="650" ind1=" " ind2=" ">
        <subfield code="a">SOCIAL CONDITIONS</subfield>
        <subfield code="0">(DHLAUTH)268327</subfield>
    </datafield>
    <datafield tag="650" ind1=" " ind2=" ">
        <subfield code="a">ECONOMIC CONDITIONS</subfield>
        <subfield code="0">(DHLAUTH)269719</subfield>
    </datafield>
    <datafield tag="650" ind1=" " ind2=" ">
        <subfield code="a">CONFERENCES</subfield>
        <subfield code="0">(DHLAUTH)275758</subfield>
    </datafield>
    <datafield tag="650" ind1=" " ind2=" ">
        <subfield code="a">WESTERN ASIA</subfield>
        <subfield code="0">(DHLAUTH)275490</subfield>
    </datafield>
    <datafield tag="650" ind1=" " ind2=" ">
        <subfield code="a">AMMAN (JORDAN)</subfield>
        <subfield code="0">(DHLAUTH)276766</subfield>
    </datafield>
    <datafield tag="650" ind1=" " ind2=" ">
        <subfield code="a">DAMASCUS (SYRIAN ARAB REPUBLIC)</subfield>
        <subfield code="0">(DHLAUTH)276957</subfield>
    </datafield>
    <datafield tag="650" ind1=" " ind2=" ">
        <subfield code="a">SANA'A (YEMEN)</subfield>
        <subfield code="0">(DHLAUTH)584060</subfield>
    </datafield>
    <datafield tag="650" ind1=" " ind2=" ">
        <subfield code="a">CAIRO (EGYPT)</subfield>
        <subfield code="0">(DHLAUTH)276878</subfield>
    </datafield>
</record>
<record>
    <datafield tag="191" ind1=" " ind2=" ">
        <subfield code="a">E/ESCWA/HS/1993/4</subfield>
    </datafield>
    <datafield tag="245" ind1=" " ind2=" ">
        <subfield code="a">PROCEEDINGS OF THE SYMPOSIUM ON LOW COST HOUSING IN THE ARAB REGION SANA'A 28-24 OCTOBER 1992 VOLUME I, VOLUME II</subfield>
    </datafield>
    <datafield tag="269" ind1=" " ind2=" ">
        <subfield code="a">19930510</subfield>
    </datafield>
    <datafield tag="650" ind1=" " ind2=" ">
        <subfield code="a">LOW COST HOUSING</subfield>
        <subfield code="0">(DHLAUTH)273611</subfield>
    </datafield>
    <datafield tag="650" ind1=" " ind2=" ">
        <subfield code="a">APPROPRIATE TECHNOLOGY</subfield>
        <subfield code="0">(DHLAUTH)275199</subfield>
    </datafield>
    <datafield tag="650" ind1=" " ind2=" ">
        <subfield code="a">HOUSING POLICY</subfield>
        <subfield code="0">(DHLAUTH)273618</subfield>
    </datafield>
    <datafield tag="650" ind1=" " ind2=" ">
        <subfield code="a">CONFERENCES</subfield>
        <subfield code="0">(DHLAUTH)275758</subfield>
    </datafield>
    <datafield tag="650" ind1=" " ind2=" ">
        <subfield code="a">ARAB COUNTRIES</subfield>
        <subfield code="0">(DHLAUTH)268705</subfield>
    </datafield>
    <datafield tag="650" ind1=" " ind2=" ">
        <subfield code="a">WESTERN ASIA</subfield>
        <subfield code="0">(DHLAUTH)275490</subfield>
    </datafield>
    <datafield tag="650" ind1=" " ind2=" ">
        <subfield code="a">TERRITORIES OCCUPIED BY ISRAEL</subfield>
        <subfield code="0">(DHLAUTH)268687</subfield>
    </datafield>
    <datafield tag="650" ind1=" " ind2=" ">
        <subfield code="a">BUILDING STANDARDS</subfield>
        <subfield code="0">(DHLAUTH)272274</subfield>
    </datafield>
    <datafield tag="650" ind1=" " ind2=" ">
        <subfield code="a">PALESTINE REFUGEES</subfield>
        <subfield code="0">(DHLAUTH)269083</subfield>
    </datafield>
    <datafield tag="650" ind1=" " ind2=" ">
        <subfield code="a">URBAN POVERTY</subfield>
        <subfield code="0">(DHLAUTH)273584</subfield>
    </datafield>
    <datafield tag="650" ind1=" " ind2=" ">
        <subfield code="a">LEBANON</subfield>
        <subfield code="0">(DHLAUTH)269069</subfield>
    </datafield>
    <datafield tag="650" ind1=" " ind2=" ">
        <subfield code="a">BEIRUT (LEBANON)</subfield>
        <subfield code="0">(DHLAUTH)276832</subfield>
    </datafield>
    <datafield tag="650" ind1=" " ind2=" ">
        <subfield code="a">INFORMAL SECTOR</subfield>
        <subfield code="0">(DHLAUTH)271834</subfield>
    </datafield>
    <datafield tag="650" ind1=" " ind2=" ">
        <subfield code="a">INTEREST RATES</subfield>
        <subfield code="0">(DHLAUTH)270342</subfield>
    </datafield>
    <datafield tag="650" ind1=" " ind2=" ">
        <subfield code="a">TRADITIONAL KNOWLEDGE</subfield>
        <subfield code="0">(DHLAUTH)468614</subfield>
    </datafield>
    <datafield tag="650" ind1=" " ind2=" ">
        <subfield code="a">TRADITIONAL TECHNOLOGY</subfield>
        <subfield code="0">(DHLAUTH)273964</subfield>
    </datafield>
    <datafield tag="650" ind1=" " ind2=" ">
        <subfield code="a">ARCHITECTURE</subfield>
        <subfield code="0">(DHLAUTH)271905</subfield>
    </datafield>
    <datafield tag="650" ind1=" " ind2=" ">
        <subfield code="a">EGYPT</subfield>
        <subfield code="0">(DHLAUTH)273328</subfield>
    </datafield>
    <datafield tag="650" ind1=" " ind2=" ">
        <subfield code="a">JORDAN</subfield>
        <subfield code="0">(DHLAUTH)269099</subfield>
    </datafield>
    <datafield tag="650" ind1=" " ind2=" ">
        <subfield code="a">HUMAN SETTLEMENTS MANAGEMENT</subfield>
        <subfield code="0">(DHLAUTH)268417</subfield>
    </datafield>
    <datafield tag="650" ind1=" " ind2=" ">
        <subfield code="a">SOLID WASTE MANAGEMENT</subfield>
        <subfield code="0">(DHLAUTH)270665</subfield>
    </datafield>
    <datafield tag="650" ind1=" " ind2=" ">
        <subfield code="a">AIR POLLUTION</subfield>
        <subfield code="0">(DHLAUTH)270785</subfield>
    </datafield>
    <datafield tag="650" ind1=" " ind2=" ">
        <subfield code="a">PUBLIC HEALTH</subfield>
        <subfield code="0">(DHLAUTH)270662</subfield>
    </datafield>
</record>
<record>
    <datafield tag="191" ind1=" " ind2=" ">
        <subfield code="a">E/ESCWA/HS/1993/5</subfield>
    </datafield>
    <datafield tag="245" ind1=" " ind2=" ">
        <subfield code="a">GUIDELINES FOR APPROPRIATE PLANNING AND DESIGN STANDARDS IN THE ESCWA REGION</subfield>
    </datafield>
    <datafield tag="269" ind1=" " ind2=" ">
        <subfield code="a">19931223</subfield>
    </datafield>
    <datafield tag="650" ind1=" " ind2=" ">
        <subfield code="a">BUILDING STANDARDS</subfield>
        <subfield code="0">(DHLAUTH)272274</subfield>
    </datafield>
    <datafield tag="650" ind1=" " ind2=" ">
        <subfield code="a">URBAN PLANNING</subfield>
        <subfield code="0">(DHLAUTH)268420</subfield>
    </datafield>
    <datafield tag="650" ind1=" " ind2=" ">
        <subfield code="a">LAND</subfield>
        <subfield code="0">(DHLAUTH)270139</subfield>
    </datafield>
    <datafield tag="650" ind1=" " ind2=" ">
        <subfield code="a">IRAQ</subfield>
        <subfield code="0">(DHLAUTH)273370</subfield>
    </datafield>
    <datafield tag="650" ind1=" " ind2=" ">
        <subfield code="a">BAGHDAD (IRAQ)</subfield>
        <subfield code="0">(DHLAUTH)276802</subfield>
    </datafield>
    <datafield tag="650" ind1=" " ind2=" ">
        <subfield code="a">JORDAN</subfield>
        <subfield code="0">(DHLAUTH)269099</subfield>
    </datafield>
    <datafield tag="650" ind1=" " ind2=" ">
        <subfield code="a">AMMAN (JORDAN)</subfield>
        <subfield code="0">(DHLAUTH)276766</subfield>
    </datafield>
    <datafield tag="650" ind1=" " ind2=" ">
        <subfield code="a">GUIDELINES</subfield>
        <subfield code="0">(DHLAUTH)275775</subfield>
    </datafield>
    <datafield tag="650" ind1=" " ind2=" ">
        <subfield code="a">LAND TENURE</subfield>
        <subfield code="0">(DHLAUTH)268367</subfield>
    </datafield>
    <datafield tag="650" ind1=" " ind2=" ">
        <subfield code="a">HOUSING MARKET</subfield>
        <subfield code="0">(DHLAUTH)273622</subfield>
    </datafield>
    <datafield tag="650" ind1=" " ind2=" ">
        <subfield code="a">HOUSING FINANCE</subfield>
        <subfield code="0">(DHLAUTH)273599</subfield>
    </datafield>
    <datafield tag="650" ind1=" " ind2=" ">
        <subfield code="a">HOUSING CONSTRUCTION</subfield>
        <subfield code="0">(DHLAUTH)272288</subfield>
    </datafield>
    <datafield tag="650" ind1=" " ind2=" ">
        <subfield code="a">COSTS</subfield>
        <subfield code="0">(DHLAUTH)269595</subfield>
    </datafield>
</record>
<record>
    <datafield tag="191" ind1=" " ind2=" ">
        <subfield code="a">E/ESCWA/HS/1993/6</subfield>
    </datafield>
    <datafield tag="246" ind1=" " ind2=" ">
        <subfield code="a">تقييم ترابط الاحياء والمجتمعات المحلية في الحياة الحضرية: دراسة حالة لمشاريع الموقع والخدمات</subfield>
    </datafield>
    <datafield tag="269" ind1=" " ind2=" ">
        <subfield code="a">19940123</subfield>
    </datafield>
    <datafield tag="650" ind1=" " ind2=" ">
        <subfield code="a">URBANIZATION</subfield>
        <subfield code="0">(DHLAUTH)273116</subfield>
    </datafield>
    <datafield tag="650" ind1=" " ind2=" ">
        <subfield code="a">INFORMAL SETTLEMENTS</subfield>
        <subfield code="0">(DHLAUTH)271837</subfield>
    </datafield>
    <datafield tag="650" ind1=" " ind2=" ">
        <subfield code="a">LOW COST HOUSING</subfield>
        <subfield code="0">(DHLAUTH)273611</subfield>
    </datafield>
    <datafield tag="650" ind1=" " ind2=" ">
        <subfield code="a">LOW COST HOUSING</subfield>
        <subfield code="0">(DHLAUTH)273611</subfield>
    </datafield>
    <datafield tag="650" ind1=" " ind2=" ">
        <subfield code="a">JORDAN</subfield>
        <subfield code="0">(DHLAUTH)269099</subfield>
    </datafield>
    <datafield tag="650" ind1=" " ind2=" ">
        <subfield code="a">HOUSING PROJECTS</subfield>
        <subfield code="0">(DHLAUTH)273620</subfield>
    </datafield>
    <datafield tag="650" ind1=" " ind2=" ">
        <subfield code="a">HUMAN SETTLEMENTS</subfield>
        <subfield code="0">(DHLAUTH)273542</subfield>
    </datafield>
    <datafield tag="650" ind1=" " ind2=" ">
        <subfield code="a">CASE STUDIES</subfield>
        <subfield code="0">(DHLAUTH)274639</subfield>
    </datafield>
    <datafield tag="650" ind1=" " ind2=" ">
        <subfield code="a">SOCIAL CONDITIONS</subfield>
        <subfield code="0">(DHLAUTH)268327</subfield>
    </datafield>
    <datafield tag="650" ind1=" " ind2=" ">
        <subfield code="a">PUBLIC SERVICES</subfield>
        <subfield code="0">(DHLAUTH)270026</subfield>
    </datafield>
    <datafield tag="650" ind1=" " ind2=" ">
        <subfield code="a">QUESTIONNAIRES</subfield>
        <subfield code="0">(DHLAUTH)272018</subfield>
    </datafield>
    <datafield tag="650" ind1=" " ind2=" ">
        <subfield code="a">WESTERN ASIA</subfield>
        <subfield code="0">(DHLAUTH)275490</subfield>
    </datafield>
</record>
<record>
    <datafield tag="191" ind1=" " ind2=" ">
        <subfield code="a">E/ESCWA/HS/1994/1</subfield>
    </datafield>
    <datafield tag="245" ind1=" " ind2=" ">
        <subfield code="a">THE AUTONOMIOUS VILLAGE: THE FINAL REPORT OF PHASE TWO COMPETITION ON ALTERNARIVE HUMAN SETTLEMENTS PLANNING AND DESIGN TECHNIQUES</subfield>
    </datafield>
    <datafield tag="246" ind1=" " ind2=" ">
        <subfield code="a">نحو الاكتفاء الذاتي للقرية:  التقرير الختامي للمرحلة الثانية مسابقة في التقنيات البديلة لتخطيط وتصميم المستوطنات البشرية</subfield>
    </datafield>
    <datafield tag="269" ind1=" " ind2=" ">
        <subfield code="a">19940101</subfield>
    </datafield>
    <datafield tag="650" ind1=" " ind2=" ">
        <subfield code="a">SETTLEMENT PLANNING</subfield>
        <subfield code="0">(DHLAUTH)271450</subfield>
    </datafield>
    <datafield tag="650" ind1=" " ind2=" ">
        <subfield code="a">SUSTAINABLE DEVELOPMENT</subfield>
        <subfield code="0">(DHLAUTH)269920</subfield>
    </datafield>
    <datafield tag="650" ind1=" " ind2=" ">
        <subfield code="a">COMMUNITY DEVELOPMENT</subfield>
        <subfield code="0">(DHLAUTH)269977</subfield>
    </datafield>
    <datafield tag="650" ind1=" " ind2=" ">
        <subfield code="a">HOUSING PROJECTS</subfield>
        <subfield code="0">(DHLAUTH)273620</subfield>
    </datafield>
    <datafield tag="650" ind1=" " ind2=" ">
        <subfield code="a">WATER SUPPLY</subfield>
        <subfield code="0">(DHLAUTH)270886</subfield>
    </datafield>
    <datafield tag="650" ind1=" " ind2=" ">
        <subfield code="a">SANITATION</subfield>
        <subfield code="0">(DHLAUTH)270653</subfield>
    </datafield>
    <datafield tag="650" ind1=" " ind2=" ">
        <subfield code="a">CONSTRUCTION</subfield>
        <subfield code="0">(DHLAUTH)272269</subfield>
    </datafield>
    <datafield tag="650" ind1=" " ind2=" ">
        <subfield code="a">BUILDING MATERIALS</subfield>
        <subfield code="0">(DHLAUTH)271086</subfield>
    </datafield>
    <datafield tag="650" ind1=" " ind2=" ">
        <subfield code="a">BEDOUINS</subfield>
        <subfield code="0">(DHLAUTH)273098</subfield>
    </datafield>
    <datafield tag="650" ind1=" " ind2=" ">
        <subfield code="a">UNIVERSITIES AND COLLEGES</subfield>
        <subfield code="0">(DHLAUTH)273940</subfield>
    </datafield>
    <datafield tag="650" ind1=" " ind2=" ">
        <subfield code="a">COMPETITION</subfield>
        <subfield code="0">(DHLAUTH)269652</subfield>
    </datafield>
    <datafield tag="650" ind1=" " ind2=" ">
        <subfield code="a">WESTERN ASIA</subfield>
        <subfield code="0">(DHLAUTH)275490</subfield>
    </datafield>
    <datafield tag="650" ind1=" " ind2=" ">
        <subfield code="a">RECOMMENDATIONS</subfield>
        <subfield code="0">(DHLAUTH)275840</subfield>
    </datafield>
    <datafield tag="650" ind1=" " ind2=" ">
        <subfield code="a">DESIGN</subfield>
        <subfield code="0">(DHLAUTH)271916</subfield>
    </datafield>
    <datafield tag="650" ind1=" " ind2=" ">
        <subfield code="a">ARCHITECTURE</subfield>
        <subfield code="0">(DHLAUTH)271905</subfield>
    </datafield>
    <datafield tag="650" ind1=" " ind2=" ">
        <subfield code="a">OMAN</subfield>
        <subfield code="0">(DHLAUTH)273438</subfield>
    </datafield>
</record>
<record>
    <datafield tag="191" ind1=" " ind2=" ">
        <subfield code="a">E/ESCWA/HS/1995/1</subfield>
    </datafield>
    <datafield tag="246" ind1=" " ind2=" ">
        <subfield code="a">وقائع اجتماع الخبراء الاقليمي للتحضير لمؤتمر الامم المتحدة للمستوطنات البشرية</subfield>
    </datafield>
    <datafield tag="269" ind1=" " ind2=" ">
        <subfield code="a">19951119</subfield>
    </datafield>
    <datafield tag="650" ind1=" " ind2=" ">
        <subfield code="a">HUMAN SETTLEMENTS</subfield>
        <subfield code="0">(DHLAUTH)273542</subfield>
    </datafield>
    <datafield tag="650" ind1=" " ind2=" ">
        <subfield code="a">CONFERENCES</subfield>
        <subfield code="0">(DHLAUTH)275758</subfield>
    </datafield>
    <datafield tag="650" ind1=" " ind2=" ">
        <subfield code="a">CONFERENCES</subfield>
        <subfield code="0">(DHLAUTH)275758</subfield>
    </datafield>
    <datafield tag="650" ind1=" " ind2=" ">
        <subfield code="a">URBANIZATION</subfield>
        <subfield code="0">(DHLAUTH)273116</subfield>
    </datafield>
    <datafield tag="650" ind1=" " ind2=" ">
        <subfield code="a">INFORMAL SETTLEMENTS</subfield>
        <subfield code="0">(DHLAUTH)271837</subfield>
    </datafield>
    <datafield tag="650" ind1=" " ind2=" ">
        <subfield code="a">HOUSING</subfield>
        <subfield code="0">(DHLAUTH)272289</subfield>
    </datafield>
</record>
<record>
    <datafield tag="191" ind1=" " ind2=" ">
        <subfield code="a">E/ESCWA/HS/1995/1/CORR.1</subfield>
    </datafield>
    <datafield tag="246" ind1=" " ind2=" ">
        <subfield code="a">وقائع اجتماع الخبراء الاقليمي للتحضير لمؤتمر الامم المتحدة للمستوطنات البشرية</subfield>
    </datafield>
    <datafield tag="269" ind1=" " ind2=" ">
        <subfield code="a">19960509</subfield>
    </datafield>
    <datafield tag="650" ind1=" " ind2=" ">
        <subfield code="a">HUMAN SETTLEMENTS</subfield>
        <subfield code="0">(DHLAUTH)273542</subfield>
    </datafield>
    <datafield tag="650" ind1=" " ind2=" ">
        <subfield code="a">CONFERENCES</subfield>
        <subfield code="0">(DHLAUTH)275758</subfield>
    </datafield>
    <datafield tag="650" ind1=" " ind2=" ">
        <subfield code="a">URBANIZATION</subfield>
        <subfield code="0">(DHLAUTH)273116</subfield>
    </datafield>
    <datafield tag="650" ind1=" " ind2=" ">
        <subfield code="a">INFORMAL SETTLEMENTS</subfield>
        <subfield code="0">(DHLAUTH)271837</subfield>
    </datafield>
    <datafield tag="650" ind1=" " ind2=" ">
        <subfield code="a">HOUSING</subfield>
        <subfield code="0">(DHLAUTH)272289</subfield>
    </datafield>
    <datafield tag="650" ind1=" " ind2=" ">
        <subfield code="a">ARAB COUNTRIES</subfield>
        <subfield code="0">(DHLAUTH)268705</subfield>
    </datafield>
    <datafield tag="650" ind1=" " ind2=" ">
        <subfield code="a">FAMILY SIZE</subfield>
        <subfield code="0">(DHLAUTH)273035</subfield>
    </datafield>
    <datafield tag="650" ind1=" " ind2=" ">
        <subfield code="a">COSTS</subfield>
        <subfield code="0">(DHLAUTH)269595</subfield>
    </datafield>
    <datafield tag="650" ind1=" " ind2=" ">
        <subfield code="a">LOW COST HOUSING</subfield>
        <subfield code="0">(DHLAUTH)273611</subfield>
    </datafield>
    <datafield tag="650" ind1=" " ind2=" ">
        <subfield code="a">POVERTY</subfield>
        <subfield code="0">(DHLAUTH)270079</subfield>
    </datafield>
    <datafield tag="650" ind1=" " ind2=" ">
        <subfield code="a">HOUSEHOLD EXPENDITURES</subfield>
        <subfield code="0">(DHLAUTH)269741</subfield>
    </datafield>
    <datafield tag="650" ind1=" " ind2=" ">
        <subfield code="a">RECOMMENDATIONS</subfield>
        <subfield code="0">(DHLAUTH)275840</subfield>
    </datafield>
</record>
<record>
    <datafield tag="191" ind1=" " ind2=" ">
        <subfield code="a">E/ESCWA/HS/1995/2</subfield>
    </datafield>
    <datafield tag="245" ind1=" " ind2=" ">
        <subfield code="a">TECHNOLOGICAL AND SOCIAL ASPECTS OF UPGRADING AND REVITALIZING SETTLEMENTS: THE CASE OF THE TOWN OF THULA IN YEMEN</subfield>
    </datafield>
    <datafield tag="269" ind1=" " ind2=" ">
        <subfield code="a">19951130</subfield>
    </datafield>
    <datafield tag="650" ind1=" " ind2=" ">
        <subfield code="a">HUMAN SETTLEMENTS</subfield>
        <subfield code="0">(DHLAUTH)273542</subfield>
    </datafield>
    <datafield tag="650" ind1=" " ind2=" ">
        <subfield code="a">WESTERN ASIA</subfield>
        <subfield code="0">(DHLAUTH)275490</subfield>
    </datafield>
    <datafield tag="650" ind1=" " ind2=" ">
        <subfield code="a">YEMEN</subfield>
        <subfield code="0">(DHLAUTH)273521</subfield>
    </datafield>
    <datafield tag="650" ind1=" " ind2=" ">
        <subfield code="a">SOCIAL ASPECTS</subfield>
        <subfield code="0">(DHLAUTH)274710</subfield>
    </datafield>
    <datafield tag="650" ind1=" " ind2=" ">
        <subfield code="a">COMMUNITY PARTICIPATION</subfield>
        <subfield code="0">(DHLAUTH)270031</subfield>
    </datafield>
    <datafield tag="650" ind1=" " ind2=" ">
        <subfield code="a">PUBLIC SERVICES</subfield>
        <subfield code="0">(DHLAUTH)270026</subfield>
    </datafield>
    <datafield tag="650" ind1=" " ind2=" ">
        <subfield code="a">POPULATION</subfield>
        <subfield code="0">(DHLAUTH)272994</subfield>
    </datafield>
    <datafield tag="650" ind1=" " ind2=" ">
        <subfield code="a">COSTS</subfield>
        <subfield code="0">(DHLAUTH)269595</subfield>
    </datafield>
    <datafield tag="650" ind1=" " ind2=" ">
        <subfield code="a">INSTITUTION BUILDING</subfield>
        <subfield code="0">(DHLAUTH)269946</subfield>
    </datafield>
    <datafield tag="650" ind1=" " ind2=" ">
        <subfield code="a">WATER SUPPLY</subfield>
        <subfield code="0">(DHLAUTH)270886</subfield>
    </datafield>
    <datafield tag="650" ind1=" " ind2=" ">
        <subfield code="a">WASTE DISPOSAL</subfield>
        <subfield code="0">(DHLAUTH)270674</subfield>
    </datafield>
    <datafield tag="650" ind1=" " ind2=" ">
        <subfield code="a">ECONOMIC ASPECTS</subfield>
        <subfield code="0">(DHLAUTH)269753</subfield>
    </datafield>
    <datafield tag="650" ind1=" " ind2=" ">
        <subfield code="a">CITIES</subfield>
        <subfield code="0">(DHLAUTH)273527</subfield>
    </datafield>
    <datafield tag="650" ind1=" " ind2=" ">
        <subfield code="a">WASTE DISPOSAL</subfield>
        <subfield code="0">(DHLAUTH)270674</subfield>
    </datafield>
    <datafield tag="650" ind1=" " ind2=" ">
        <subfield code="a">ELECTRICITY</subfield>
        <subfield code="0">(DHLAUTH)271193</subfield>
    </datafield>
    <datafield tag="650" ind1=" " ind2=" ">
        <subfield code="a">CASE STUDIES</subfield>
        <subfield code="0">(DHLAUTH)274639</subfield>
    </datafield>
    <datafield tag="650" ind1=" " ind2=" ">
        <subfield code="a">EGYPT</subfield>
        <subfield code="0">(DHLAUTH)273328</subfield>
    </datafield>
</record>
<record>
    <datafield tag="191" ind1=" " ind2=" ">
        <subfield code="a">E/ESCWA/HS/1995/3/REV.1</subfield>
    </datafield>
    <datafield tag="245" ind1=" " ind2=" ">
        <subfield code="a">REPORT TO THE COMMISSION ON TECHNICAL ASSISTANCE ACTIVITIES RELATED TO THE IMPROVEMENT OF THE QUALITY OF LIFE IN THE AREA OF HUMAN SETTLEMENTS DEVELOPMENT</subfield>
    </datafield>
    <datafield tag="246" ind1=" " ind2=" ">
        <subfield code="a">تقرير الى اللجنة عن انشطة المساعدة التقنية المتعلقة بتحسين نوعية الحياة في مجال تنمية المستوطنات البشرية</subfield>
    </datafield>
    <datafield tag="269" ind1=" " ind2=" ">
        <subfield code="a">19960108</subfield>
    </datafield>
    <datafield tag="650" ind1=" " ind2=" ">
        <subfield code="a">TECHNICAL COOPERATION</subfield>
        <subfield code="0">(DHLAUTH)268658</subfield>
    </datafield>
    <datafield tag="650" ind1=" " ind2=" ">
        <subfield code="a">HUMAN SETTLEMENTS</subfield>
        <subfield code="0">(DHLAUTH)273542</subfield>
    </datafield>
    <datafield tag="650" ind1=" " ind2=" ">
        <subfield code="a">ACTIVITIES</subfield>
        <subfield code="0">(DHLAUTH)275823</subfield>
    </datafield>
    <datafield tag="650" ind1=" " ind2=" ">
        <subfield code="a">QUALITY OF LIFE</subfield>
        <subfield code="0">(DHLAUTH)270692</subfield>
    </datafield>
    <datafield tag="650" ind1=" " ind2=" ">
        <subfield code="a">WESTERN ASIA</subfield>
        <subfield code="0">(DHLAUTH)275490</subfield>
    </datafield>
</record>
<record>
    <datafield tag="191" ind1=" " ind2=" ">
        <subfield code="a">E/ESCWA/HS/1995/4</subfield>
    </datafield>
    <datafield tag="246" ind1=" " ind2=" ">
        <subfield code="a">منظور اقليمي لأوضاع المستوطنات البشرية في بلدان الاسكوا</subfield>
    </datafield>
    <datafield tag="269" ind1=" " ind2=" ">
        <subfield code="a">19951227</subfield>
    </datafield>
    <datafield tag="650" ind1=" " ind2=" ">
        <subfield code="a">ECONOMIC CONDITIONS</subfield>
        <subfield code="0">(DHLAUTH)269719</subfield>
    </datafield>
    <datafield tag="650" ind1=" " ind2=" ">
        <subfield code="a">URBAN POPULATION</subfield>
        <subfield code="0">(DHLAUTH)273104</subfield>
    </datafield>
    <datafield tag="650" ind1=" " ind2=" ">
        <subfield code="a">RURAL POPULATION</subfield>
        <subfield code="0">(DHLAUTH)271438</subfield>
    </datafield>
    <datafield tag="650" ind1=" " ind2=" ">
        <subfield code="a">POPULATION DISTRIBUTION</subfield>
        <subfield code="0">(DHLAUTH)272996</subfield>
    </datafield>
    <datafield tag="650" ind1=" " ind2=" ">
        <subfield code="a">HOUSING POLICY</subfield>
        <subfield code="0">(DHLAUTH)273618</subfield>
    </datafield>
    <datafield tag="650" ind1=" " ind2=" ">
        <subfield code="a">SETTLEMENT PLANNING</subfield>
        <subfield code="0">(DHLAUTH)271450</subfield>
    </datafield>
    <datafield tag="650" ind1=" " ind2=" ">
        <subfield code="a">WESTERN ASIA</subfield>
        <subfield code="0">(DHLAUTH)275490</subfield>
    </datafield>
    <datafield tag="650" ind1=" " ind2=" ">
        <subfield code="a">STATISTICAL DATA</subfield>
        <subfield code="0">(DHLAUTH)270233</subfield>
    </datafield>
</record>
<record>
    <datafield tag="191" ind1=" " ind2=" ">
        <subfield code="a">E/ESCWA/HS/1996/1</subfield>
    </datafield>
    <datafield tag="245" ind1=" " ind2=" ">
        <subfield code="a">BEDOUIN SETTLEMENTS IN OMAN AND OTHER ARAB COUNTRIES: DEVELOPMENT PROJECTS EXPERIENCES AND RECOMMENDATIONS</subfield>
    </datafield>
    <datafield tag="269" ind1=" " ind2=" ">
        <subfield code="a">19961015</subfield>
    </datafield>
    <datafield tag="650" ind1=" " ind2=" ">
        <subfield code="a">HUMAN SETTLEMENTS</subfield>
        <subfield code="0">(DHLAUTH)273542</subfield>
    </datafield>
    <datafield tag="650" ind1=" " ind2=" ">
        <subfield code="a">SETTLEMENT PLANNING</subfield>
        <subfield code="0">(DHLAUTH)271450</subfield>
    </datafield>
    <datafield tag="650" ind1=" " ind2=" ">
        <subfield code="a">BEDOUINS</subfield>
        <subfield code="0">(DHLAUTH)273098</subfield>
    </datafield>
    <datafield tag="650" ind1=" " ind2=" ">
        <subfield code="a">WESTERN ASIA</subfield>
        <subfield code="0">(DHLAUTH)275490</subfield>
    </datafield>
    <datafield tag="650" ind1=" " ind2=" ">
        <subfield code="a">OMAN</subfield>
        <subfield code="0">(DHLAUTH)273438</subfield>
    </datafield>
    <datafield tag="650" ind1=" " ind2=" ">
        <subfield code="a">BIBLIOGRAPHIES</subfield>
        <subfield code="0">(DHLAUTH)275101</subfield>
    </datafield>
</record>
<record>
    <datafield tag="191" ind1=" " ind2=" ">
        <subfield code="a">E/ESCWA/HS/1996/2</subfield>
    </datafield>
    <datafield tag="245" ind1=" " ind2=" ">
        <subfield code="a">THE EFFECT OF MODERNIZATION SEDENTARIZATION AND STATE FORMATION OF BEDUIN SOCITIES IN THE ARAB WORLD</subfield>
    </datafield>
    <datafield tag="269" ind1=" " ind2=" ">
        <subfield code="a">19941010</subfield>
    </datafield>
    <datafield tag="650" ind1=" " ind2=" ">
        <subfield code="a">HUMAN SETTLEMENTS</subfield>
        <subfield code="0">(DHLAUTH)273542</subfield>
    </datafield>
    <datafield tag="650" ind1=" " ind2=" ">
        <subfield code="a">SETTLEMENT PLANNING</subfield>
        <subfield code="0">(DHLAUTH)271450</subfield>
    </datafield>
    <datafield tag="650" ind1=" " ind2=" ">
        <subfield code="a">BEDOUINS</subfield>
        <subfield code="0">(DHLAUTH)273098</subfield>
    </datafield>
    <datafield tag="650" ind1=" " ind2=" ">
        <subfield code="a">WESTERN ASIA</subfield>
        <subfield code="0">(DHLAUTH)275490</subfield>
    </datafield>
    <datafield tag="650" ind1=" " ind2=" ">
        <subfield code="a">CASE STUDIES</subfield>
        <subfield code="0">(DHLAUTH)274639</subfield>
    </datafield>
    <datafield tag="650" ind1=" " ind2=" ">
        <subfield code="a">SOCIAL CHANGE</subfield>
        <subfield code="0">(DHLAUTH)268519</subfield>
    </datafield>
    <datafield tag="650" ind1=" " ind2=" ">
        <subfield code="a">URBANIZATION</subfield>
        <subfield code="0">(DHLAUTH)273116</subfield>
    </datafield>
    <datafield tag="650" ind1=" " ind2=" ">
        <subfield code="a">SYRIAN ARAB REPUBLIC</subfield>
        <subfield code="0">(DHLAUTH)273496</subfield>
    </datafield>
    <datafield tag="650" ind1=" " ind2=" ">
        <subfield code="a">JORDAN</subfield>
        <subfield code="0">(DHLAUTH)269099</subfield>
    </datafield>
    <datafield tag="650" ind1=" " ind2=" ">
        <subfield code="a">SAUDI ARABIA</subfield>
        <subfield code="0">(DHLAUTH)273464</subfield>
    </datafield>
    <datafield tag="650" ind1=" " ind2=" ">
        <subfield code="a">KUWAIT</subfield>
        <subfield code="0">(DHLAUTH)273384</subfield>
    </datafield>
    <datafield tag="650" ind1=" " ind2=" ">
        <subfield code="a">OMAN</subfield>
        <subfield code="0">(DHLAUTH)273438</subfield>
    </datafield>
</record>
<record>
    <datafield tag="191" ind1=" " ind2=" ">
        <subfield code="a">E/ESCWA/HS/1997/1</subfield>
    </datafield>
    <datafield tag="246" ind1=" " ind2=" ">
        <subfield code="a">وضع المدن والقرى الفلسطينية في الأراضي المحتلة ومستلزمات تطويرها</subfield>
    </datafield>
    <datafield tag="269" ind1=" " ind2=" ">
        <subfield code="a">19961226</subfield>
    </datafield>
    <datafield tag="650" ind1=" " ind2=" ">
        <subfield code="a">RECOMMENDATIONS</subfield>
        <subfield code="0">(DHLAUTH)275840</subfield>
    </datafield>
    <datafield tag="650" ind1=" " ind2=" ">
        <subfield code="a">TRANSPORT</subfield>
        <subfield code="0">(DHLAUTH)272243</subfield>
    </datafield>
    <datafield tag="650" ind1=" " ind2=" ">
        <subfield code="a">POPULATION</subfield>
        <subfield code="0">(DHLAUTH)272994</subfield>
    </datafield>
    <datafield tag="650" ind1=" " ind2=" ">
        <subfield code="a">CONSTRUCTION INDUSTRY</subfield>
        <subfield code="0">(DHLAUTH)272112</subfield>
    </datafield>
    <datafield tag="650" ind1=" " ind2=" ">
        <subfield code="a">HOUSING CONDITIONS</subfield>
        <subfield code="0">(DHLAUTH)273574</subfield>
    </datafield>
    <datafield tag="650" ind1=" " ind2=" ">
        <subfield code="a">SPACE UTILIZATION</subfield>
        <subfield code="0">(DHLAUTH)273629</subfield>
    </datafield>
    <datafield tag="650" ind1=" " ind2=" ">
        <subfield code="a">HOUSING FINANCE</subfield>
        <subfield code="0">(DHLAUTH)273599</subfield>
    </datafield>
    <datafield tag="650" ind1=" " ind2=" ">
        <subfield code="a">WATER</subfield>
        <subfield code="0">(DHLAUTH)270885</subfield>
    </datafield>
    <datafield tag="650" ind1=" " ind2=" ">
        <subfield code="a">CITIES</subfield>
        <subfield code="0">(DHLAUTH)273527</subfield>
    </datafield>
    <datafield tag="650" ind1=" " ind2=" ">
        <subfield code="a">SQUATTERS</subfield>
        <subfield code="0">(DHLAUTH)273566</subfield>
    </datafield>
    <datafield tag="650" ind1=" " ind2=" ">
        <subfield code="a">VILLAGES</subfield>
        <subfield code="0">(DHLAUTH)273130</subfield>
    </datafield>
</record>
<record>
    <datafield tag="191" ind1=" " ind2=" ">
        <subfield code="a">E/ESCWA/HS/1997/10/CORR.1</subfield>
    </datafield>
    <datafield tag="246" ind1=" " ind2=" ">
        <subfield code="a">التقرير الختامي: إجتماع فريق خبراء بشأن المدن الثانوية والتنمية الحضرية المستدامة 24-26 تشرين الثاني/نوفمبر 1997</subfield>
    </datafield>
    <datafield tag="269" ind1=" " ind2=" ">
        <subfield code="a">19971211</subfield>
    </datafield>
    <datafield tag="650" ind1=" " ind2=" ">
        <subfield code="a">CITIES</subfield>
        <subfield code="0">(DHLAUTH)273527</subfield>
    </datafield>
    <datafield tag="650" ind1=" " ind2=" ">
        <subfield code="a">ACTIVITIES</subfield>
        <subfield code="0">(DHLAUTH)275823</subfield>
    </datafield>
    <datafield tag="650" ind1=" " ind2=" ">
        <subfield code="a">PARTICIPANTS</subfield>
        <subfield code="0">(DHLAUTH)275785</subfield>
    </datafield>
    <datafield tag="650" ind1=" " ind2=" ">
        <subfield code="a">WORK ORGANIZATION</subfield>
        <subfield code="0">(DHLAUTH)275746</subfield>
    </datafield>
    <datafield tag="650" ind1=" " ind2=" ">
        <subfield code="a">RECOMMENDATIONS</subfield>
        <subfield code="0">(DHLAUTH)275840</subfield>
    </datafield>
    <datafield tag="650" ind1=" " ind2=" ">
        <subfield code="a">DOCUMENTS</subfield>
        <subfield code="0">(DHLAUTH)270014</subfield>
    </datafield>
    <datafield tag="650" ind1=" " ind2=" ">
        <subfield code="a">WESTERN ASIA</subfield>
        <subfield code="0">(DHLAUTH)275490</subfield>
    </datafield>
</record>
<record>
    <datafield tag="191" ind1=" " ind2=" ">
        <subfield code="a">E/ESCWA/HS/1997/2</subfield>
    </datafield>
    <datafield tag="246" ind1=" " ind2=" ">
        <subfield code="a">تقرير الندوة الإقليمية للتنمية المستديمة بيئيا للمستوطنات البشرية في الأقاليم الصحراوية 21-22 تشرين الأول/اكتوبر 1996 العين, دولة الإمارات العربية المتحدة</subfield>
    </datafield>
    <datafield tag="269" ind1=" " ind2=" ">
        <subfield code="a">19970320</subfield>
    </datafield>
    <datafield tag="650" ind1=" " ind2=" ">
        <subfield code="a">UNITED ARAB EMIRATES</subfield>
        <subfield code="0">(DHLAUTH)275604</subfield>
    </datafield>
    <datafield tag="650" ind1=" " ind2=" ">
        <subfield code="a">BEDOUINS</subfield>
        <subfield code="0">(DHLAUTH)273098</subfield>
    </datafield>
    <datafield tag="650" ind1=" " ind2=" ">
        <subfield code="a">SUSTAINABLE DEVELOPMENT</subfield>
        <subfield code="0">(DHLAUTH)269920</subfield>
    </datafield>
    <datafield tag="650" ind1=" " ind2=" ">
        <subfield code="a">SOCIAL DEVELOPMENT</subfield>
        <subfield code="0">(DHLAUTH)269873</subfield>
    </datafield>
    <datafield tag="650" ind1=" " ind2=" ">
        <subfield code="a">SOCIAL CONDITIONS</subfield>
        <subfield code="0">(DHLAUTH)268327</subfield>
    </datafield>
    <datafield tag="650" ind1=" " ind2=" ">
        <subfield code="a">HOUSING PROJECTS</subfield>
        <subfield code="0">(DHLAUTH)273620</subfield>
    </datafield>
    <datafield tag="650" ind1=" " ind2=" ">
        <subfield code="a">RECOMMENDATIONS</subfield>
        <subfield code="0">(DHLAUTH)275840</subfield>
    </datafield>
    <datafield tag="650" ind1=" " ind2=" ">
        <subfield code="a">WESTERN ASIA</subfield>
        <subfield code="0">(DHLAUTH)275490</subfield>
    </datafield>
</record>
<record>
    <datafield tag="191" ind1=" " ind2=" ">
        <subfield code="a">E/ESCWA/HS/1997/3</subfield>
    </datafield>
    <datafield tag="246" ind1=" " ind2=" ">
        <subfield code="a">الفقر والمأوى في منطقة غربي آسيا</subfield>
    </datafield>
    <datafield tag="269" ind1=" " ind2=" ">
        <subfield code="a">19970205</subfield>
    </datafield>
    <datafield tag="650" ind1=" " ind2=" ">
        <subfield code="a">LEBANON</subfield>
        <subfield code="0">(DHLAUTH)269069</subfield>
    </datafield>
    <datafield tag="650" ind1=" " ind2=" ">
        <subfield code="a">JORDAN</subfield>
        <subfield code="0">(DHLAUTH)269099</subfield>
    </datafield>
    <datafield tag="650" ind1=" " ind2=" ">
        <subfield code="a">FAMILY</subfield>
        <subfield code="0">(DHLAUTH)269293</subfield>
    </datafield>
    <datafield tag="650" ind1=" " ind2=" ">
        <subfield code="a">HUMAN SETTLEMENTS</subfield>
        <subfield code="0">(DHLAUTH)273542</subfield>
    </datafield>
    <datafield tag="650" ind1=" " ind2=" ">
        <subfield code="a">YEMEN</subfield>
        <subfield code="0">(DHLAUTH)273521</subfield>
    </datafield>
    <datafield tag="650" ind1=" " ind2=" ">
        <subfield code="a">POVERTY</subfield>
        <subfield code="0">(DHLAUTH)270079</subfield>
    </datafield>
    <datafield tag="650" ind1=" " ind2=" ">
        <subfield code="a">POPULATION GROWTH</subfield>
        <subfield code="0">(DHLAUTH)272944</subfield>
    </datafield>
    <datafield tag="650" ind1=" " ind2=" ">
        <subfield code="a">EGYPT</subfield>
        <subfield code="0">(DHLAUTH)273328</subfield>
    </datafield>
    <datafield tag="650" ind1=" " ind2=" ">
        <subfield code="a">INCOME</subfield>
        <subfield code="0">(DHLAUTH)269710</subfield>
    </datafield>
    <datafield tag="650" ind1=" " ind2=" ">
        <subfield code="a">HOUSING CONDITIONS</subfield>
        <subfield code="0">(DHLAUTH)273574</subfield>
    </datafield>
    <datafield tag="650" ind1=" " ind2=" ">
        <subfield code="a">LOW COST HOUSING</subfield>
        <subfield code="0">(DHLAUTH)273611</subfield>
    </datafield>
    <datafield tag="650" ind1=" " ind2=" ">
        <subfield code="a">INFORMAL SETTLEMENTS</subfield>
        <subfield code="0">(DHLAUTH)271837</subfield>
    </datafield>
</record>
<record>
    <datafield tag="191" ind1=" " ind2=" ">
        <subfield code="a">E/ESCWA/HS/1997/6</subfield>
    </datafield>
    <datafield tag="246" ind1=" " ind2=" ">
        <subfield code="a">المدن الثانوية والتنمية الحضرية المستدامة</subfield>
    </datafield>
    <datafield tag="269" ind1=" " ind2=" ">
        <subfield code="a">19971005</subfield>
    </datafield>
    <datafield tag="650" ind1=" " ind2=" ">
        <subfield code="a">URBAN SETTLEMENTS</subfield>
        <subfield code="0">(DHLAUTH)273544</subfield>
    </datafield>
    <datafield tag="650" ind1=" " ind2=" ">
        <subfield code="a">CITIES</subfield>
        <subfield code="0">(DHLAUTH)273527</subfield>
    </datafield>
    <datafield tag="650" ind1=" " ind2=" ">
        <subfield code="a">DEFINITION</subfield>
        <subfield code="0">(DHLAUTH)274915</subfield>
    </datafield>
    <datafield tag="650" ind1=" " ind2=" ">
        <subfield code="a">URBAN AREAS</subfield>
        <subfield code="0">(DHLAUTH)271447</subfield>
    </datafield>
    <datafield tag="650" ind1=" " ind2=" ">
        <subfield code="a">STATISTICAL DATA</subfield>
        <subfield code="0">(DHLAUTH)270233</subfield>
    </datafield>
    <datafield tag="650" ind1=" " ind2=" ">
        <subfield code="a">ARAB COUNTRIES</subfield>
        <subfield code="0">(DHLAUTH)268705</subfield>
    </datafield>
    <datafield tag="650" ind1=" " ind2=" ">
        <subfield code="a">POPULATION CENSUSES</subfield>
        <subfield code="0">(DHLAUTH)270178</subfield>
    </datafield>
    <datafield tag="650" ind1=" " ind2=" ">
        <subfield code="a">POPULATION</subfield>
        <subfield code="0">(DHLAUTH)272994</subfield>
    </datafield>
    <datafield tag="650" ind1=" " ind2=" ">
        <subfield code="a">URBAN DEVELOPMENT</subfield>
        <subfield code="0">(DHLAUTH)269970</subfield>
    </datafield>
    <datafield tag="650" ind1=" " ind2=" ">
        <subfield code="a">SOCIAL SERVICES</subfield>
        <subfield code="0">(DHLAUTH)269370</subfield>
    </datafield>
    <datafield tag="650" ind1=" " ind2=" ">
        <subfield code="a">HEALTH SERVICES</subfield>
        <subfield code="0">(DHLAUTH)273200</subfield>
    </datafield>
    <datafield tag="650" ind1=" " ind2=" ">
        <subfield code="a">HUMAN RESOURCES</subfield>
        <subfield code="0">(DHLAUTH)270571</subfield>
    </datafield>
    <datafield tag="650" ind1=" " ind2=" ">
        <subfield code="a">WESTERN ASIA</subfield>
        <subfield code="0">(DHLAUTH)275490</subfield>
    </datafield>
    <datafield tag="650" ind1=" " ind2=" ">
        <subfield code="a">JORDAN</subfield>
        <subfield code="0">(DHLAUTH)269099</subfield>
    </datafield>
    <datafield tag="650" ind1=" " ind2=" ">
        <subfield code="a">SYRIAN ARAB REPUBLIC</subfield>
        <subfield code="0">(DHLAUTH)273496</subfield>
    </datafield>
    <datafield tag="650" ind1=" " ind2=" ">
        <subfield code="a">CASE STUDIES</subfield>
        <subfield code="0">(DHLAUTH)274639</subfield>
    </datafield>
</record>
<record>
    <datafield tag="191" ind1=" " ind2=" ">
        <subfield code="a">E/ESCWA/HS/1997/9</subfield>
    </datafield>
    <datafield tag="246" ind1=" " ind2=" ">
        <subfield code="a">السياسات الإسكانية والتحضر: ملامح قطرية جمهورية مصر العربية</subfield>
    </datafield>
    <datafield tag="269" ind1=" " ind2=" ">
        <subfield code="a">19970914</subfield>
    </datafield>
    <datafield tag="650" ind1=" " ind2=" ">
        <subfield code="a">HOUSING POLICY</subfield>
        <subfield code="0">(DHLAUTH)273618</subfield>
    </datafield>
    <datafield tag="650" ind1=" " ind2=" ">
        <subfield code="a">POPULATION DISTRIBUTION</subfield>
        <subfield code="0">(DHLAUTH)272996</subfield>
    </datafield>
    <datafield tag="650" ind1=" " ind2=" ">
        <subfield code="a">URBAN POPULATION</subfield>
        <subfield code="0">(DHLAUTH)273104</subfield>
    </datafield>
    <datafield tag="650" ind1=" " ind2=" ">
        <subfield code="a">RURAL POPULATION</subfield>
        <subfield code="0">(DHLAUTH)271438</subfield>
    </datafield>
    <datafield tag="650" ind1=" " ind2=" ">
        <subfield code="a">POPULATION GROWTH</subfield>
        <subfield code="0">(DHLAUTH)272944</subfield>
    </datafield>
    <datafield tag="650" ind1=" " ind2=" ">
        <subfield code="a">EGYPT</subfield>
        <subfield code="0">(DHLAUTH)273328</subfield>
    </datafield>
    <datafield tag="650" ind1=" " ind2=" ">
        <subfield code="a">IMMIGRATION</subfield>
        <subfield code="0">(DHLAUTH)273008</subfield>
    </datafield>
    <datafield tag="650" ind1=" " ind2=" ">
        <subfield code="a">POVERTY</subfield>
        <subfield code="0">(DHLAUTH)270079</subfield>
    </datafield>
    <datafield tag="650" ind1=" " ind2=" ">
        <subfield code="a">ORGANIZATIONAL STRUCTURE</subfield>
        <subfield code="0">(DHLAUTH)272030</subfield>
    </datafield>
    <datafield tag="650" ind1=" " ind2=" ">
        <subfield code="a">WESTERN ASIA</subfield>
        <subfield code="0">(DHLAUTH)275490</subfield>
    </datafield>
    <datafield tag="650" ind1=" " ind2=" ">
        <subfield code="a">EMPLOYMENT</subfield>
        <subfield code="0">(DHLAUTH)269797</subfield>
    </datafield>
    <datafield tag="650" ind1=" " ind2=" ">
        <subfield code="a">HEALTH SERVICES</subfield>
        <subfield code="0">(DHLAUTH)273200</subfield>
    </datafield>
    <datafield tag="650" ind1=" " ind2=" ">
        <subfield code="a">SOCIAL SERVICES</subfield>
        <subfield code="0">(DHLAUTH)269370</subfield>
    </datafield>
    <datafield tag="650" ind1=" " ind2=" ">
        <subfield code="a">URBAN PLANNING</subfield>
        <subfield code="0">(DHLAUTH)268420</subfield>
    </datafield>
    <datafield tag="650" ind1=" " ind2=" ">
        <subfield code="a">REGIONAL PLANNING</subfield>
        <subfield code="0">(DHLAUTH)269895</subfield>
    </datafield>
    <datafield tag="650" ind1=" " ind2=" ">
        <subfield code="a">HOUSING FINANCE</subfield>
        <subfield code="0">(DHLAUTH)273599</subfield>
    </datafield>
    <datafield tag="650" ind1=" " ind2=" ">
        <subfield code="a">INFORMAL SETTLEMENTS</subfield>
        <subfield code="0">(DHLAUTH)271837</subfield>
    </datafield>
    <datafield tag="650" ind1=" " ind2=" ">
        <subfield code="a">DEVELOPMENT PLANNING</subfield>
        <subfield code="0">(DHLAUTH)269883</subfield>
    </datafield>
</record>
<record>
    <datafield tag="191" ind1=" " ind2=" ">
        <subfield code="a">E/ESCWA/HS/1999/1</subfield>
    </datafield>
    <datafield tag="246" ind1=" " ind2=" ">
        <subfield code="a">Al-Mustawtanat al-hadariyah wa al-fuqr</subfield>
    </datafield>
    <datafield tag="246" ind1=" " ind2=" ">
        <subfield code="a">AL-MUSTAWTANAT AL-HADARIYAH WA AL-FUQR</subfield>
    </datafield>
    <datafield tag="269" ind1=" " ind2=" ">
        <subfield code="a">19990106</subfield>
    </datafield>
    <datafield tag="650" ind1=" " ind2=" ">
        <subfield code="a">INFORMAL SETTLEMENTS</subfield>
        <subfield code="0">(DHLAUTH)271837</subfield>
    </datafield>
    <datafield tag="650" ind1=" " ind2=" ">
        <subfield code="a">SLUMS</subfield>
        <subfield code="0">(DHLAUTH)273572</subfield>
    </datafield>
    <datafield tag="650" ind1=" " ind2=" ">
        <subfield code="a">HOUSING CONDITIONS</subfield>
        <subfield code="0">(DHLAUTH)273574</subfield>
    </datafield>
    <datafield tag="650" ind1=" " ind2=" ">
        <subfield code="a">ARAB COUNTRIES</subfield>
        <subfield code="0">(DHLAUTH)268705</subfield>
    </datafield>
    <datafield tag="650" ind1=" " ind2=" ">
        <subfield code="a">BAGHDAD (IRAQ)</subfield>
        <subfield code="0">(DHLAUTH)276802</subfield>
    </datafield>
    <datafield tag="650" ind1=" " ind2=" ">
        <subfield code="a">CAIRO (EGYPT)</subfield>
        <subfield code="0">(DHLAUTH)276878</subfield>
    </datafield>
    <datafield tag="650" ind1=" " ind2=" ">
        <subfield code="a">BEIRUT (LEBANON)</subfield>
        <subfield code="0">(DHLAUTH)276832</subfield>
    </datafield>
    <datafield tag="650" ind1=" " ind2=" ">
        <subfield code="a">URBAN POVERTY</subfield>
        <subfield code="0">(DHLAUTH)273584</subfield>
    </datafield>
    <datafield tag="650" ind1=" " ind2=" ">
        <subfield code="a">RURAL-URBAN MIGRATION</subfield>
        <subfield code="0">(DHLAUTH)273049</subfield>
    </datafield>
    <datafield tag="650" ind1=" " ind2=" ">
        <subfield code="a">INFORMAL SECTOR</subfield>
        <subfield code="0">(DHLAUTH)271834</subfield>
    </datafield>
    <datafield tag="650" ind1=" " ind2=" ">
        <subfield code="a">HUMAN SETTLEMENTS</subfield>
        <subfield code="0">(DHLAUTH)273542</subfield>
    </datafield>
</record>
<record>
    <datafield tag="191" ind1=" " ind2=" ">
        <subfield code="a">E/ESCWA/HS/2001/1(A)</subfield>
    </datafield>
    <datafield tag="245" ind1=" " ind2=" ">
        <subfield code="a">REPORT/HIGH LEVEL ARAB MEETING FOR FOLLOW-UP ON THE IMPLEMENTATION OF THE HABITAT AGENDA (ISTANBUL+5) MANAMA, 16-18 OCTOBER 2000.</subfield>
    </datafield>
    <datafield tag="269" ind1=" " ind2=" ">
        <subfield code="a">20010119</subfield>
    </datafield>
    <datafield tag="650" ind1=" " ind2=" ">
        <subfield code="a">WORK ORGANIZATION</subfield>
        <subfield code="0">(DHLAUTH)275746</subfield>
    </datafield>
    <datafield tag="650" ind1=" " ind2=" ">
        <subfield code="a">ARAB COUNTRIES</subfield>
        <subfield code="0">(DHLAUTH)268705</subfield>
    </datafield>
</record>
<record>
    <datafield tag="191" ind1=" " ind2=" ">
        <subfield code="a">E/ESCWA/HS/2001/2</subfield>
    </datafield>
    <datafield tag="246" ind1=" " ind2=" ">
        <subfield code="a">المدينة العربية وإشكالية الإقصاء الإجتماعي</subfield>
    </datafield>
    <datafield tag="269" ind1=" " ind2=" ">
        <subfield code="a">20010130</subfield>
    </datafield>
    <datafield tag="650" ind1=" " ind2=" ">
        <subfield code="a">URBANIZATION</subfield>
        <subfield code="0">(DHLAUTH)273116</subfield>
    </datafield>
    <datafield tag="650" ind1=" " ind2=" ">
        <subfield code="a">ARAB COUNTRIES</subfield>
        <subfield code="0">(DHLAUTH)268705</subfield>
    </datafield>
    <datafield tag="650" ind1=" " ind2=" ">
        <subfield code="a">INFORMAL SETTLEMENTS</subfield>
        <subfield code="0">(DHLAUTH)271837</subfield>
    </datafield>
    <datafield tag="650" ind1=" " ind2=" ">
        <subfield code="a">WOMEN</subfield>
        <subfield code="0">(DHLAUTH)273032</subfield>
    </datafield>
    <datafield tag="650" ind1=" " ind2=" ">
        <subfield code="a">FAMILY</subfield>
        <subfield code="0">(DHLAUTH)269293</subfield>
    </datafield>
    <datafield tag="650" ind1=" " ind2=" ">
        <subfield code="a">EMPLOYMENT</subfield>
        <subfield code="0">(DHLAUTH)269797</subfield>
    </datafield>
    <datafield tag="650" ind1=" " ind2=" ">
        <subfield code="a">SYRIAN ARAB REPUBLIC</subfield>
        <subfield code="0">(DHLAUTH)273496</subfield>
    </datafield>
    <datafield tag="650" ind1=" " ind2=" ">
        <subfield code="a">SAUDI ARABIA</subfield>
        <subfield code="0">(DHLAUTH)273464</subfield>
    </datafield>
    <datafield tag="650" ind1=" " ind2=" ">
        <subfield code="a">DUBAI (UNITED ARAB EMIRATES)</subfield>
        <subfield code="0">(DHLAUTH)276985</subfield>
    </datafield>
    <datafield tag="650" ind1=" " ind2=" ">
        <subfield code="a">IMMIGRATION</subfield>
        <subfield code="0">(DHLAUTH)273008</subfield>
    </datafield>
</record>
<record>
    <datafield tag="191" ind1=" " ind2=" ">
        <subfield code="a">E/ESCWA/HS/2001/3(A)</subfield>
    </datafield>
    <datafield tag="245" ind1=" " ind2=" ">
        <subfield code="a">DECENTRALIZATION AND THE EMERGING ROLE OF MUNICIPALITIES IN THE ESCWA REGION</subfield>
    </datafield>
    <datafield tag="269" ind1=" " ind2=" ">
        <subfield code="a">20010205</subfield>
    </datafield>
    <datafield tag="650" ind1=" " ind2=" ">
        <subfield code="a">DECENTRALIZATION IN GOVERNMENT</subfield>
        <subfield code="0">(DHLAUTH)268328</subfield>
    </datafield>
    <datafield tag="650" ind1=" " ind2=" ">
        <subfield code="a">URBAN PLANNING</subfield>
        <subfield code="0">(DHLAUTH)268420</subfield>
    </datafield>
    <datafield tag="650" ind1=" " ind2=" ">
        <subfield code="a">MUNICIPAL GOVERNMENT</subfield>
        <subfield code="0">(DHLAUTH)268415</subfield>
    </datafield>
    <datafield tag="650" ind1=" " ind2=" ">
        <subfield code="a">WESTERN ASIA</subfield>
        <subfield code="0">(DHLAUTH)275490</subfield>
    </datafield>
    <datafield tag="650" ind1=" " ind2=" ">
        <subfield code="a">CASE STUDIES</subfield>
        <subfield code="0">(DHLAUTH)274639</subfield>
    </datafield>
</record>
<record>
    <datafield tag="191" ind1=" " ind2=" ">
        <subfield code="a">E/ESCWA/HS/85/2</subfield>
    </datafield>
    <datafield tag="191" ind1=" " ind2=" ">
        <subfield code="a">E/ESCWA/ECU/85/6</subfield>
    </datafield>
    <datafield tag="245" ind1=" " ind2=" ">
        <subfield code="a">STRENGTHENING URBAN ENVIRONMENTAL MANAGEMENT IN THE ESCWA REGION :  ENVIRONMENT MANAGEMENT SCHEME FOR AMMAN, JORDAN.</subfield>
    </datafield>
    <datafield tag="246" ind1=" " ind2=" ">
        <subfield code="a">تعزيز الادارة البيئية الحضرية في منطقة الاسكوا : مخطط الادارة البيئية لمدينة عمان بالاردن</subfield>
    </datafield>
    <datafield tag="269" ind1=" " ind2=" ">
        <subfield code="a">19851008</subfield>
    </datafield>
    <datafield tag="650" ind1=" " ind2=" ">
        <subfield code="a">HUMAN SETTLEMENTS</subfield>
        <subfield code="0">(DHLAUTH)273542</subfield>
    </datafield>
    <datafield tag="650" ind1=" " ind2=" ">
        <subfield code="a">AMMAN (JORDAN)</subfield>
        <subfield code="0">(DHLAUTH)276766</subfield>
    </datafield>
    <datafield tag="650" ind1=" " ind2=" ">
        <subfield code="a">JORDAN</subfield>
        <subfield code="0">(DHLAUTH)269099</subfield>
    </datafield>
    <datafield tag="650" ind1=" " ind2=" ">
        <subfield code="a">WATER SUPPLY</subfield>
        <subfield code="0">(DHLAUTH)270886</subfield>
    </datafield>
    <datafield tag="650" ind1=" " ind2=" ">
        <subfield code="a">AIR POLLUTION</subfield>
        <subfield code="0">(DHLAUTH)270785</subfield>
    </datafield>
    <datafield tag="650" ind1=" " ind2=" ">
        <subfield code="a">INDUSTRIAL POLLUTION</subfield>
        <subfield code="0">(DHLAUTH)270791</subfield>
    </datafield>
    <datafield tag="650" ind1=" " ind2=" ">
        <subfield code="a">ENVIRONMENTAL MANAGEMENT</subfield>
        <subfield code="0">(DHLAUTH)270590</subfield>
    </datafield>
    <datafield tag="650" ind1=" " ind2=" ">
        <subfield code="a">URBAN DEVELOPMENT</subfield>
        <subfield code="0">(DHLAUTH)269970</subfield>
    </datafield>
    <datafield tag="650" ind1=" " ind2=" ">
        <subfield code="a">INSTITUTION BUILDING</subfield>
        <subfield code="0">(DHLAUTH)269946</subfield>
    </datafield>
</record>
<record>
    <datafield tag="191" ind1=" " ind2=" ">
        <subfield code="a">E/ESCWA/HS/85/2(A)</subfield>
    </datafield>
    <datafield tag="191" ind1=" " ind2=" ">
        <subfield code="a">E/ESCWA/ECU/85/6(A)</subfield>
    </datafield>
    <datafield tag="245" ind1=" " ind2=" ">
        <subfield code="a">STRENGTHENING URBAN ENVIRONMENTAL MANAGEMENT IN THE ESCWA REGION/ ENVIRONMENT MANAGEMENT SCHEME FOR AMMAN, JORDAN.</subfield>
    </datafield>
    <datafield tag="269" ind1=" " ind2=" ">
        <subfield code="a">19851008</subfield>
    </datafield>
    <datafield tag="650" ind1=" " ind2=" ">
        <subfield code="a">HUMAN SETTLEMENTS</subfield>
        <subfield code="0">(DHLAUTH)273542</subfield>
    </datafield>
    <datafield tag="650" ind1=" " ind2=" ">
        <subfield code="a">AMMAN (JORDAN)</subfield>
        <subfield code="0">(DHLAUTH)276766</subfield>
    </datafield>
    <datafield tag="650" ind1=" " ind2=" ">
        <subfield code="a">JORDAN</subfield>
        <subfield code="0">(DHLAUTH)269099</subfield>
    </datafield>
    <datafield tag="650" ind1=" " ind2=" ">
        <subfield code="a">WATER SUPPLY</subfield>
        <subfield code="0">(DHLAUTH)270886</subfield>
    </datafield>
    <datafield tag="650" ind1=" " ind2=" ">
        <subfield code="a">AIR POLLUTION</subfield>
        <subfield code="0">(DHLAUTH)270785</subfield>
    </datafield>
    <datafield tag="650" ind1=" " ind2=" ">
        <subfield code="a">INDUSTRIAL POLLUTION</subfield>
        <subfield code="0">(DHLAUTH)270791</subfield>
    </datafield>
    <datafield tag="650" ind1=" " ind2=" ">
        <subfield code="a">ENVIRONMENTAL MANAGEMENT</subfield>
        <subfield code="0">(DHLAUTH)270590</subfield>
    </datafield>
    <datafield tag="650" ind1=" " ind2=" ">
        <subfield code="a">URBAN DEVELOPMENT</subfield>
        <subfield code="0">(DHLAUTH)269970</subfield>
    </datafield>
    <datafield tag="650" ind1=" " ind2=" ">
        <subfield code="a">INSTITUTION BUILDING</subfield>
        <subfield code="0">(DHLAUTH)269946</subfield>
    </datafield>
</record>
<record>
    <datafield tag="191" ind1=" " ind2=" ">
        <subfield code="a">E/ESCWA/HS/85/4</subfield>
    </datafield>
    <datafield tag="245" ind1=" " ind2=" ">
        <subfield code="a">THE HUMAN SETTLEMENTS SITUATION IN IRAQ: COUNTRY PROFILE</subfield>
    </datafield>
    <datafield tag="246" ind1=" " ind2=" ">
        <subfield code="a">وضع المستوطنات البشرية في العراق: لمحة قطرية</subfield>
    </datafield>
    <datafield tag="269" ind1=" " ind2=" ">
        <subfield code="a">19851201</subfield>
    </datafield>
    <datafield tag="650" ind1=" " ind2=" ">
        <subfield code="a">HUMAN SETTLEMENTS</subfield>
        <subfield code="0">(DHLAUTH)273542</subfield>
    </datafield>
    <datafield tag="650" ind1=" " ind2=" ">
        <subfield code="a">HOUSING CONSTRUCTION</subfield>
        <subfield code="0">(DHLAUTH)272288</subfield>
    </datafield>
    <datafield tag="650" ind1=" " ind2=" ">
        <subfield code="a">DEMOGRAPHIC STATISTICS</subfield>
        <subfield code="0">(DHLAUTH)270229</subfield>
    </datafield>
    <datafield tag="650" ind1=" " ind2=" ">
        <subfield code="a">HOUSING STATISTICS</subfield>
        <subfield code="0">(DHLAUTH)272297</subfield>
    </datafield>
    <datafield tag="650" ind1=" " ind2=" ">
        <subfield code="a">CONSTRUCTION INDUSTRY</subfield>
        <subfield code="0">(DHLAUTH)272112</subfield>
    </datafield>
    <datafield tag="650" ind1=" " ind2=" ">
        <subfield code="a">HOUSING FINANCE INSTITUTIONS</subfield>
        <subfield code="0">(DHLAUTH)270391</subfield>
    </datafield>
    <datafield tag="650" ind1=" " ind2=" ">
        <subfield code="a">HOUSING POLICY</subfield>
        <subfield code="0">(DHLAUTH)273618</subfield>
    </datafield>
    <datafield tag="650" ind1=" " ind2=" ">
        <subfield code="a">WATER SUPPLY</subfield>
        <subfield code="0">(DHLAUTH)270886</subfield>
    </datafield>
    <datafield tag="650" ind1=" " ind2=" ">
        <subfield code="a">SANITATION</subfield>
        <subfield code="0">(DHLAUTH)270653</subfield>
    </datafield>
    <datafield tag="650" ind1=" " ind2=" ">
        <subfield code="a">ELECTRIC POWER</subfield>
        <subfield code="0">(DHLAUTH)271189</subfield>
    </datafield>
    <datafield tag="650" ind1=" " ind2=" ">
        <subfield code="a">TRANSPORT</subfield>
        <subfield code="0">(DHLAUTH)272243</subfield>
    </datafield>
    <datafield tag="650" ind1=" " ind2=" ">
        <subfield code="a">POPULATION DENSITY</subfield>
        <subfield code="0">(DHLAUTH)272995</subfield>
    </datafield>
    <datafield tag="650" ind1=" " ind2=" ">
        <subfield code="a">LAND USE</subfield>
        <subfield code="0">(DHLAUTH)270495</subfield>
    </datafield>
    <datafield tag="650" ind1=" " ind2=" ">
        <subfield code="a">LAND TENURE</subfield>
        <subfield code="0">(DHLAUTH)268367</subfield>
    </datafield>
    <datafield tag="650" ind1=" " ind2=" ">
        <subfield code="a">PHYSICAL PLANNING</subfield>
        <subfield code="0">(DHLAUTH)271449</subfield>
    </datafield>
    <datafield tag="650" ind1=" " ind2=" ">
        <subfield code="a">HOUSING CONSTRUCTION</subfield>
        <subfield code="0">(DHLAUTH)272288</subfield>
    </datafield>
    <datafield tag="650" ind1=" " ind2=" ">
        <subfield code="a">HOUSING NEEDS</subfield>
        <subfield code="0">(DHLAUTH)273617</subfield>
    </datafield>
    <datafield tag="650" ind1=" " ind2=" ">
        <subfield code="a">BUILDING MATERIALS</subfield>
        <subfield code="0">(DHLAUTH)271086</subfield>
    </datafield>
    <datafield tag="650" ind1=" " ind2=" ">
        <subfield code="a">IRAQ</subfield>
        <subfield code="0">(DHLAUTH)273370</subfield>
    </datafield>
</record>
<record>
    <datafield tag="191" ind1=" " ind2=" ">
        <subfield code="a">E/ESCWA/HS/85/5</subfield>
    </datafield>
    <datafield tag="245" ind1=" " ind2=" ">
        <subfield code="a">THE HUMAN SETTLEMENTS SITUATION IN THE PEOPLE'S DEMOCRATRIC REPUBLIC OF YEMEN: COUNTRY PROFILE</subfield>
    </datafield>
    <datafield tag="246" ind1=" " ind2=" ">
        <subfield code="a">حالة المستوطنات البشرية في جمهورية اليمن الديمقراطية الشعبية: ملامح قطرية</subfield>
    </datafield>
    <datafield tag="269" ind1=" " ind2=" ">
        <subfield code="a">19851231</subfield>
    </datafield>
    <datafield tag="650" ind1=" " ind2=" ">
        <subfield code="a">HUMAN SETTLEMENTS</subfield>
        <subfield code="0">(DHLAUTH)273542</subfield>
    </datafield>
    <datafield tag="650" ind1=" " ind2=" ">
        <subfield code="a">HOUSING CONSTRUCTION</subfield>
        <subfield code="0">(DHLAUTH)272288</subfield>
    </datafield>
    <datafield tag="650" ind1=" " ind2=" ">
        <subfield code="a">DEMOGRAPHIC STATISTICS</subfield>
        <subfield code="0">(DHLAUTH)270229</subfield>
    </datafield>
    <datafield tag="650" ind1=" " ind2=" ">
        <subfield code="a">HOUSING STATISTICS</subfield>
        <subfield code="0">(DHLAUTH)272297</subfield>
    </datafield>
    <datafield tag="650" ind1=" " ind2=" ">
        <subfield code="a">CONSTRUCTION INDUSTRY</subfield>
        <subfield code="0">(DHLAUTH)272112</subfield>
    </datafield>
    <datafield tag="650" ind1=" " ind2=" ">
        <subfield code="a">HOUSING FINANCE INSTITUTIONS</subfield>
        <subfield code="0">(DHLAUTH)270391</subfield>
    </datafield>
    <datafield tag="650" ind1=" " ind2=" ">
        <subfield code="a">HOUSING POLICY</subfield>
        <subfield code="0">(DHLAUTH)273618</subfield>
    </datafield>
    <datafield tag="650" ind1=" " ind2=" ">
        <subfield code="a">WATER SUPPLY</subfield>
        <subfield code="0">(DHLAUTH)270886</subfield>
    </datafield>
    <datafield tag="650" ind1=" " ind2=" ">
        <subfield code="a">SANITATION</subfield>
        <subfield code="0">(DHLAUTH)270653</subfield>
    </datafield>
    <datafield tag="650" ind1=" " ind2=" ">
        <subfield code="a">ELECTRIC POWER</subfield>
        <subfield code="0">(DHLAUTH)271189</subfield>
    </datafield>
    <datafield tag="650" ind1=" " ind2=" ">
        <subfield code="a">TRANSPORT</subfield>
        <subfield code="0">(DHLAUTH)272243</subfield>
    </datafield>
    <datafield tag="650" ind1=" " ind2=" ">
        <subfield code="a">POPULATION DENSITY</subfield>
        <subfield code="0">(DHLAUTH)272995</subfield>
    </datafield>
    <datafield tag="650" ind1=" " ind2=" ">
        <subfield code="a">PHYSICAL PLANNING</subfield>
        <subfield code="0">(DHLAUTH)271449</subfield>
    </datafield>
    <datafield tag="650" ind1=" " ind2=" ">
        <subfield code="a">HOUSING CONSTRUCTION</subfield>
        <subfield code="0">(DHLAUTH)272288</subfield>
    </datafield>
    <datafield tag="650" ind1=" " ind2=" ">
        <subfield code="a">HOUSING NEEDS</subfield>
        <subfield code="0">(DHLAUTH)273617</subfield>
    </datafield>
    <datafield tag="650" ind1=" " ind2=" ">
        <subfield code="a">BUILDING MATERIALS</subfield>
        <subfield code="0">(DHLAUTH)271086</subfield>
    </datafield>
    <datafield tag="650" ind1=" " ind2=" ">
        <subfield code="a">YEMEN</subfield>
        <subfield code="0">(DHLAUTH)273521</subfield>
    </datafield>
    <datafield tag="650" ind1=" " ind2=" ">
        <subfield code="a">WESTERN ASIA</subfield>
        <subfield code="0">(DHLAUTH)275490</subfield>
    </datafield>
</record>
<record>
    <datafield tag="191" ind1=" " ind2=" ">
        <subfield code="a">E/ESCWA/HS/86/2</subfield>
    </datafield>
    <datafield tag="246" ind1=" " ind2=" ">
        <subfield code="a">حالة المستوطنات البشرية في جمهورية مصر العربية: ملامح قطرية</subfield>
    </datafield>
    <datafield tag="269" ind1=" " ind2=" ">
        <subfield code="a">19861231</subfield>
    </datafield>
    <datafield tag="650" ind1=" " ind2=" ">
        <subfield code="a">HUMAN SETTLEMENTS</subfield>
        <subfield code="0">(DHLAUTH)273542</subfield>
    </datafield>
    <datafield tag="650" ind1=" " ind2=" ">
        <subfield code="a">HOUSING STATISTICS</subfield>
        <subfield code="0">(DHLAUTH)272297</subfield>
    </datafield>
    <datafield tag="650" ind1=" " ind2=" ">
        <subfield code="a">DEMOGRAPHIC STATISTICS</subfield>
        <subfield code="0">(DHLAUTH)270229</subfield>
    </datafield>
    <datafield tag="650" ind1=" " ind2=" ">
        <subfield code="a">HOUSING POLICY</subfield>
        <subfield code="0">(DHLAUTH)273618</subfield>
    </datafield>
    <datafield tag="650" ind1=" " ind2=" ">
        <subfield code="a">WATER SUPPLY</subfield>
        <subfield code="0">(DHLAUTH)270886</subfield>
    </datafield>
    <datafield tag="650" ind1=" " ind2=" ">
        <subfield code="a">SANITATION</subfield>
        <subfield code="0">(DHLAUTH)270653</subfield>
    </datafield>
    <datafield tag="650" ind1=" " ind2=" ">
        <subfield code="a">ELECTRIC POWER</subfield>
        <subfield code="0">(DHLAUTH)271189</subfield>
    </datafield>
    <datafield tag="650" ind1=" " ind2=" ">
        <subfield code="a">TRANSPORT</subfield>
        <subfield code="0">(DHLAUTH)272243</subfield>
    </datafield>
    <datafield tag="650" ind1=" " ind2=" ">
        <subfield code="a">PHYSICAL PLANNING</subfield>
        <subfield code="0">(DHLAUTH)271449</subfield>
    </datafield>
    <datafield tag="650" ind1=" " ind2=" ">
        <subfield code="a">HOUSING NEEDS</subfield>
        <subfield code="0">(DHLAUTH)273617</subfield>
    </datafield>
    <datafield tag="650" ind1=" " ind2=" ">
        <subfield code="a">WESTERN ASIA</subfield>
        <subfield code="0">(DHLAUTH)275490</subfield>
    </datafield>
    <datafield tag="650" ind1=" " ind2=" ">
        <subfield code="a">EDUCATION</subfield>
        <subfield code="0">(DHLAUTH)268926</subfield>
    </datafield>
    <datafield tag="650" ind1=" " ind2=" ">
        <subfield code="a">HEALTH</subfield>
        <subfield code="0">(DHLAUTH)273713</subfield>
    </datafield>
    <datafield tag="650" ind1=" " ind2=" ">
        <subfield code="a">HOUSING FINANCE</subfield>
        <subfield code="0">(DHLAUTH)273599</subfield>
    </datafield>
    <datafield tag="650" ind1=" " ind2=" ">
        <subfield code="a">STATISTICAL DATA</subfield>
        <subfield code="0">(DHLAUTH)270233</subfield>
    </datafield>
    <datafield tag="650" ind1=" " ind2=" ">
        <subfield code="a">BUILDING MATERIALS</subfield>
        <subfield code="0">(DHLAUTH)271086</subfield>
    </datafield>
    <datafield tag="650" ind1=" " ind2=" ">
        <subfield code="a">POPULATION DISTRIBUTION</subfield>
        <subfield code="0">(DHLAUTH)272996</subfield>
    </datafield>
    <datafield tag="650" ind1=" " ind2=" ">
        <subfield code="a">EGYPT</subfield>
        <subfield code="0">(DHLAUTH)273328</subfield>
    </datafield>
    <datafield tag="650" ind1=" " ind2=" ">
        <subfield code="a">HOUSING</subfield>
        <subfield code="0">(DHLAUTH)272289</subfield>
    </datafield>
    <datafield tag="650" ind1=" " ind2=" ">
        <subfield code="a">EMPLOYMENT</subfield>
        <subfield code="0">(DHLAUTH)269797</subfield>
    </datafield>
    <datafield tag="650" ind1=" " ind2=" ">
        <subfield code="a">MIGRATION</subfield>
        <subfield code="0">(DHLAUTH)273027</subfield>
    </datafield>
</record>
<record>
    <datafield tag="191" ind1=" " ind2=" ">
        <subfield code="a">E/ESCWA/HS/86/4</subfield>
    </datafield>
    <datafield tag="246" ind1=" " ind2=" ">
        <subfield code="a">حالة المستوطنات البشرية في جمهورية العربية السورية: ملامح قطرية</subfield>
    </datafield>
    <datafield tag="269" ind1=" " ind2=" ">
        <subfield code="a">19871019</subfield>
    </datafield>
    <datafield tag="650" ind1=" " ind2=" ">
        <subfield code="a">HUMAN SETTLEMENTS</subfield>
        <subfield code="0">(DHLAUTH)273542</subfield>
    </datafield>
    <datafield tag="650" ind1=" " ind2=" ">
        <subfield code="a">HOUSING STATISTICS</subfield>
        <subfield code="0">(DHLAUTH)272297</subfield>
    </datafield>
    <datafield tag="650" ind1=" " ind2=" ">
        <subfield code="a">DEMOGRAPHIC STATISTICS</subfield>
        <subfield code="0">(DHLAUTH)270229</subfield>
    </datafield>
    <datafield tag="650" ind1=" " ind2=" ">
        <subfield code="a">HOUSING POLICY</subfield>
        <subfield code="0">(DHLAUTH)273618</subfield>
    </datafield>
    <datafield tag="650" ind1=" " ind2=" ">
        <subfield code="a">WATER SUPPLY</subfield>
        <subfield code="0">(DHLAUTH)270886</subfield>
    </datafield>
    <datafield tag="650" ind1=" " ind2=" ">
        <subfield code="a">TRANSPORT</subfield>
        <subfield code="0">(DHLAUTH)272243</subfield>
    </datafield>
    <datafield tag="650" ind1=" " ind2=" ">
        <subfield code="a">WESTERN ASIA</subfield>
        <subfield code="0">(DHLAUTH)275490</subfield>
    </datafield>
    <datafield tag="650" ind1=" " ind2=" ">
        <subfield code="a">HOUSING FINANCE</subfield>
        <subfield code="0">(DHLAUTH)273599</subfield>
    </datafield>
    <datafield tag="650" ind1=" " ind2=" ">
        <subfield code="a">STATISTICAL DATA</subfield>
        <subfield code="0">(DHLAUTH)270233</subfield>
    </datafield>
    <datafield tag="650" ind1=" " ind2=" ">
        <subfield code="a">BUILDING MATERIALS</subfield>
        <subfield code="0">(DHLAUTH)271086</subfield>
    </datafield>
    <datafield tag="650" ind1=" " ind2=" ">
        <subfield code="a">POPULATION DISTRIBUTION</subfield>
        <subfield code="0">(DHLAUTH)272996</subfield>
    </datafield>
    <datafield tag="650" ind1=" " ind2=" ">
        <subfield code="a">HOUSING</subfield>
        <subfield code="0">(DHLAUTH)272289</subfield>
    </datafield>
    <datafield tag="650" ind1=" " ind2=" ">
        <subfield code="a">EMPLOYMENT</subfield>
        <subfield code="0">(DHLAUTH)269797</subfield>
    </datafield>
    <datafield tag="650" ind1=" " ind2=" ">
        <subfield code="a">ELECTRICITY</subfield>
        <subfield code="0">(DHLAUTH)271193</subfield>
    </datafield>
    <datafield tag="650" ind1=" " ind2=" ">
        <subfield code="a">SYRIAN ARAB REPUBLIC</subfield>
        <subfield code="0">(DHLAUTH)273496</subfield>
    </datafield>
    <datafield tag="650" ind1=" " ind2=" ">
        <subfield code="a">DEVELOPMENT PLANNING</subfield>
        <subfield code="0">(DHLAUTH)269883</subfield>
    </datafield>
</record>
<record>
    <datafield tag="191" ind1=" " ind2=" ">
        <subfield code="a">E/ESCWA/HS/87/1</subfield>
    </datafield>
    <datafield tag="245" ind1=" " ind2=" ">
        <subfield code="a">HIGHLIGHTS OF THE HUMAN SETTLEMENTS SITUATION IN QATAR: COUNTRY PROFILE</subfield>
    </datafield>
    <datafield tag="269" ind1=" " ind2=" ">
        <subfield code="a">19871210</subfield>
    </datafield>
    <datafield tag="650" ind1=" " ind2=" ">
        <subfield code="a">QATAR</subfield>
        <subfield code="0">(DHLAUTH)275603</subfield>
    </datafield>
    <datafield tag="650" ind1=" " ind2=" ">
        <subfield code="a">HUMAN SETTLEMENTS</subfield>
        <subfield code="0">(DHLAUTH)273542</subfield>
    </datafield>
    <datafield tag="650" ind1=" " ind2=" ">
        <subfield code="a">HOUSING</subfield>
        <subfield code="0">(DHLAUTH)272289</subfield>
    </datafield>
    <datafield tag="650" ind1=" " ind2=" ">
        <subfield code="a">BUILDING MATERIALS</subfield>
        <subfield code="0">(DHLAUTH)271086</subfield>
    </datafield>
</record>
<record>
    <datafield tag="191" ind1=" " ind2=" ">
        <subfield code="a">E/ESCWA/HS/87/10</subfield>
    </datafield>
    <datafield tag="245" ind1=" " ind2=" ">
        <subfield code="a">REPORT TO THE COMMISSION ON ASSISSTANCE TO MEMBER STATES ON MANAGERIAL AND ENVIRONMENTAL ISSUES IN SELECTED CITIES</subfield>
    </datafield>
    <datafield tag="246" ind1=" " ind2=" ">
        <subfield code="a">تقرير مقدم الى اللجنة بشان المساعدة المقدمة الى الدول الاعضاء فيما يتعلق بالمسائل الادارية والبيئية في مدن مختارة</subfield>
    </datafield>
    <datafield tag="269" ind1=" " ind2=" ">
        <subfield code="a">19880118</subfield>
    </datafield>
    <datafield tag="650" ind1=" " ind2=" ">
        <subfield code="a">WESTERN ASIA</subfield>
        <subfield code="0">(DHLAUTH)275490</subfield>
    </datafield>
    <datafield tag="650" ind1=" " ind2=" ">
        <subfield code="a">ACTIVITIES</subfield>
        <subfield code="0">(DHLAUTH)275823</subfield>
    </datafield>
    <datafield tag="650" ind1=" " ind2=" ">
        <subfield code="a">WORK PROGRAMME</subfield>
        <subfield code="0">(DHLAUTH)275800</subfield>
    </datafield>
</record>
<record>
    <datafield tag="191" ind1=" " ind2=" ">
        <subfield code="a">E/ESCWA/HS/87/1/REV.1</subfield>
    </datafield>
    <datafield tag="246" ind1=" " ind2=" ">
        <subfield code="a">ابرز السمات في اوضاع المستوطنات البشرية في دولة قطر (ملامح قطرية)</subfield>
    </datafield>
    <datafield tag="269" ind1=" " ind2=" ">
        <subfield code="a">19871201</subfield>
    </datafield>
    <datafield tag="650" ind1=" " ind2=" ">
        <subfield code="a">QATAR</subfield>
        <subfield code="0">(DHLAUTH)275603</subfield>
    </datafield>
    <datafield tag="650" ind1=" " ind2=" ">
        <subfield code="a">HUMAN SETTLEMENTS</subfield>
        <subfield code="0">(DHLAUTH)273542</subfield>
    </datafield>
    <datafield tag="650" ind1=" " ind2=" ">
        <subfield code="a">HOUSING</subfield>
        <subfield code="0">(DHLAUTH)272289</subfield>
    </datafield>
    <datafield tag="650" ind1=" " ind2=" ">
        <subfield code="a">BUILDING MATERIALS</subfield>
        <subfield code="0">(DHLAUTH)271086</subfield>
    </datafield>
</record>
<record>
    <datafield tag="191" ind1=" " ind2=" ">
        <subfield code="a">E/ESCWA/HS/87/2</subfield>
    </datafield>
    <datafield tag="245" ind1=" " ind2=" ">
        <subfield code="a">REPORT TO THE COMMISSION: HUMAN SETTLEMENTS DEVELOPMENT PROBLEMS OF SETTLEMENT PLANNING AND NEED FOR ASSISTANCE IN THE ESCWA REGION</subfield>
    </datafield>
    <datafield tag="246" ind1=" " ind2=" ">
        <subfield code="a">تقرير الى اللجنة تطوير المستوطنات البشرية والمشاكل المتعلقة بتخطيط المستوطنات والحاجة الى المساعدة في منطقة الاسكوا</subfield>
    </datafield>
    <datafield tag="269" ind1=" " ind2=" ">
        <subfield code="a">19871207</subfield>
    </datafield>
    <datafield tag="650" ind1=" " ind2=" ">
        <subfield code="a">URBANIZATION</subfield>
        <subfield code="0">(DHLAUTH)273116</subfield>
    </datafield>
    <datafield tag="650" ind1=" " ind2=" ">
        <subfield code="a">URBAN AREAS</subfield>
        <subfield code="0">(DHLAUTH)271447</subfield>
    </datafield>
    <datafield tag="650" ind1=" " ind2=" ">
        <subfield code="a">SETTLEMENT PLANNING</subfield>
        <subfield code="0">(DHLAUTH)271450</subfield>
    </datafield>
    <datafield tag="650" ind1=" " ind2=" ">
        <subfield code="a">TECHNICAL COOPERATION</subfield>
        <subfield code="0">(DHLAUTH)268658</subfield>
    </datafield>
    <datafield tag="650" ind1=" " ind2=" ">
        <subfield code="a">WESTERN ASIA</subfield>
        <subfield code="0">(DHLAUTH)275490</subfield>
    </datafield>
</record>
<record>
    <datafield tag="191" ind1=" " ind2=" ">
        <subfield code="a">E/ESCWA/HS/87/4</subfield>
    </datafield>
    <datafield tag="245" ind1=" " ind2=" ">
        <subfield code="a">HIGHLIGHTS OF THE HUMAN SETTLEMENTS SITUATION IN BAHRAIN COUNTRY PROFILE</subfield>
    </datafield>
    <datafield tag="246" ind1=" " ind2=" ">
        <subfield code="a">ابرز السمات في اوضاع المستوطنات البشرية في البحرين ملامح قطرية</subfield>
    </datafield>
    <datafield tag="269" ind1=" " ind2=" ">
        <subfield code="a">19871220</subfield>
    </datafield>
    <datafield tag="650" ind1=" " ind2=" ">
        <subfield code="a">HUMAN SETTLEMENTS</subfield>
        <subfield code="0">(DHLAUTH)273542</subfield>
    </datafield>
    <datafield tag="650" ind1=" " ind2=" ">
        <subfield code="a">HOUSING</subfield>
        <subfield code="0">(DHLAUTH)272289</subfield>
    </datafield>
    <datafield tag="650" ind1=" " ind2=" ">
        <subfield code="a">BAHRAIN</subfield>
        <subfield code="0">(DHLAUTH)273274</subfield>
    </datafield>
    <datafield tag="650" ind1=" " ind2=" ">
        <subfield code="a">BUILDING MATERIALS</subfield>
        <subfield code="0">(DHLAUTH)271086</subfield>
    </datafield>
</record>
<record>
    <datafield tag="191" ind1=" " ind2=" ">
        <subfield code="a">E/ESCWA/HS/87/6</subfield>
    </datafield>
    <datafield tag="245" ind1=" " ind2=" ">
        <subfield code="a">THE ROLE OF THE STATE AND LOCAL AUTHORITIES IN CITY MANAGEMENT CASE STUDY OF SELECTED ESCWA COUNTRIES</subfield>
    </datafield>
    <datafield tag="246" ind1=" " ind2=" ">
        <subfield code="a">دور الدولة والسلطات المحلية في ادارة المدن دراسة حالة لبلدان مختارة في منطقة الاسكوا</subfield>
    </datafield>
    <datafield tag="269" ind1=" " ind2=" ">
        <subfield code="a">19871221</subfield>
    </datafield>
    <datafield tag="650" ind1=" " ind2=" ">
        <subfield code="a">LOCAL GOVERNMENT</subfield>
        <subfield code="0">(DHLAUTH)268301</subfield>
    </datafield>
    <datafield tag="650" ind1=" " ind2=" ">
        <subfield code="a">CITIES</subfield>
        <subfield code="0">(DHLAUTH)273527</subfield>
    </datafield>
    <datafield tag="650" ind1=" " ind2=" ">
        <subfield code="a">MANAGEMENT</subfield>
        <subfield code="0">(DHLAUTH)269660</subfield>
    </datafield>
    <datafield tag="650" ind1=" " ind2=" ">
        <subfield code="a">SETTLEMENT PLANNING</subfield>
        <subfield code="0">(DHLAUTH)271450</subfield>
    </datafield>
    <datafield tag="650" ind1=" " ind2=" ">
        <subfield code="a">URBAN AREAS</subfield>
        <subfield code="0">(DHLAUTH)271447</subfield>
    </datafield>
    <datafield tag="650" ind1=" " ind2=" ">
        <subfield code="a">MUNICIPAL SERVICES</subfield>
        <subfield code="0">(DHLAUTH)270024</subfield>
    </datafield>
    <datafield tag="650" ind1=" " ind2=" ">
        <subfield code="a">FINANCIAL ASPECTS</subfield>
        <subfield code="0">(DHLAUTH)275767</subfield>
    </datafield>
    <datafield tag="650" ind1=" " ind2=" ">
        <subfield code="a">DRINKING WATER</subfield>
        <subfield code="0">(DHLAUTH)270884</subfield>
    </datafield>
    <datafield tag="650" ind1=" " ind2=" ">
        <subfield code="a">SEWERAGE</subfield>
        <subfield code="0">(DHLAUTH)271415</subfield>
    </datafield>
    <datafield tag="650" ind1=" " ind2=" ">
        <subfield code="a">WASTE DISPOSAL</subfield>
        <subfield code="0">(DHLAUTH)270674</subfield>
    </datafield>
    <datafield tag="650" ind1=" " ind2=" ">
        <subfield code="a">ELECTRICITY</subfield>
        <subfield code="0">(DHLAUTH)271193</subfield>
    </datafield>
    <datafield tag="650" ind1=" " ind2=" ">
        <subfield code="a">URBAN TRANSPORT</subfield>
        <subfield code="0">(DHLAUTH)272484</subfield>
    </datafield>
    <datafield tag="650" ind1=" " ind2=" ">
        <subfield code="a">TELECOMMUNICATIONS</subfield>
        <subfield code="0">(DHLAUTH)272452</subfield>
    </datafield>
    <datafield tag="650" ind1=" " ind2=" ">
        <subfield code="a">TOURISM</subfield>
        <subfield code="0">(DHLAUTH)272211</subfield>
    </datafield>
    <datafield tag="650" ind1=" " ind2=" ">
        <subfield code="a">CASE STUDIES</subfield>
        <subfield code="0">(DHLAUTH)274639</subfield>
    </datafield>
    <datafield tag="650" ind1=" " ind2=" ">
        <subfield code="a">PUBLIC HOUSING</subfield>
        <subfield code="0">(DHLAUTH)273612</subfield>
    </datafield>
    <datafield tag="650" ind1=" " ind2=" ">
        <subfield code="a">UNITED ARAB EMIRATES</subfield>
        <subfield code="0">(DHLAUTH)275604</subfield>
    </datafield>
    <datafield tag="650" ind1=" " ind2=" ">
        <subfield code="a">SAUDI ARABIA</subfield>
        <subfield code="0">(DHLAUTH)273464</subfield>
    </datafield>
    <datafield tag="650" ind1=" " ind2=" ">
        <subfield code="a">JORDAN</subfield>
        <subfield code="0">(DHLAUTH)269099</subfield>
    </datafield>
    <datafield tag="650" ind1=" " ind2=" ">
        <subfield code="a">QATAR</subfield>
        <subfield code="0">(DHLAUTH)275603</subfield>
    </datafield>
    <datafield tag="650" ind1=" " ind2=" ">
        <subfield code="a">SYRIAN ARAB REPUBLIC</subfield>
        <subfield code="0">(DHLAUTH)273496</subfield>
    </datafield>
</record>
<record>
    <datafield tag="191" ind1=" " ind2=" ">
        <subfield code="a">E/ESCWA/HS/87/7/REV.1</subfield>
    </datafield>
    <datafield tag="245" ind1=" " ind2=" ">
        <subfield code="a">REPORT TO THE COMMISSION ON RECOMMENDATIONS OF THE EXPERT GROUP MEETING ON ENERGY-EFFICIENT BUILDING MATERIALS FOR LOW-COST HOUSING</subfield>
    </datafield>
    <datafield tag="246" ind1=" " ind2=" ">
        <subfield code="a">تقرير الى اللجنة عن توصيات اجتماع فريق الخبراء المعني بمواد البناء الموفرة للطاقة للمساكن المنخفضة التكلفة</subfield>
    </datafield>
    <datafield tag="269" ind1=" " ind2=" ">
        <subfield code="a">19871222</subfield>
    </datafield>
    <datafield tag="650" ind1=" " ind2=" ">
        <subfield code="a">ENERGY EFFICIENCY</subfield>
        <subfield code="0">(DHLAUTH)271204</subfield>
    </datafield>
    <datafield tag="650" ind1=" " ind2=" ">
        <subfield code="a">LOW COST HOUSING</subfield>
        <subfield code="0">(DHLAUTH)273611</subfield>
    </datafield>
    <datafield tag="650" ind1=" " ind2=" ">
        <subfield code="a">CONSTRUCTION INDUSTRY</subfield>
        <subfield code="0">(DHLAUTH)272112</subfield>
    </datafield>
    <datafield tag="650" ind1=" " ind2=" ">
        <subfield code="a">BUILDING MATERIALS</subfield>
        <subfield code="0">(DHLAUTH)271086</subfield>
    </datafield>
    <datafield tag="650" ind1=" " ind2=" ">
        <subfield code="a">PARTICIPANTS</subfield>
        <subfield code="0">(DHLAUTH)275785</subfield>
    </datafield>
    <datafield tag="650" ind1=" " ind2=" ">
        <subfield code="a">WORK ORGANIZATION</subfield>
        <subfield code="0">(DHLAUTH)275746</subfield>
    </datafield>
    <datafield tag="650" ind1=" " ind2=" ">
        <subfield code="a">CONFERENCES</subfield>
        <subfield code="0">(DHLAUTH)275758</subfield>
    </datafield>
    <datafield tag="650" ind1=" " ind2=" ">
        <subfield code="a">DOCUMENTS</subfield>
        <subfield code="0">(DHLAUTH)270014</subfield>
    </datafield>
    <datafield tag="650" ind1=" " ind2=" ">
        <subfield code="a">WESTERN ASIA</subfield>
        <subfield code="0">(DHLAUTH)275490</subfield>
    </datafield>
</record>
<record>
    <datafield tag="191" ind1=" " ind2=" ">
        <subfield code="a">E/ESCWA/HS/87/9</subfield>
    </datafield>
    <datafield tag="245" ind1=" " ind2=" ">
        <subfield code="a">SURVEY AND ASSESSMENT OF STATISTICAL AND RESEARCH SERVICES RELATED TO BUILDING MATERIALS IN THE ESCWA REGION</subfield>
    </datafield>
    <datafield tag="246" ind1=" " ind2=" ">
        <subfield code="a">مسح وتقييم الخدمات الاحصائية وخدمات البحوث المتعلقة بمواد البناء في منطقة الاسكوا</subfield>
    </datafield>
    <datafield tag="269" ind1=" " ind2=" ">
        <subfield code="a">19880124</subfield>
    </datafield>
    <datafield tag="650" ind1=" " ind2=" ">
        <subfield code="a">BUILDING MATERIALS</subfield>
        <subfield code="0">(DHLAUTH)271086</subfield>
    </datafield>
    <datafield tag="650" ind1=" " ind2=" ">
        <subfield code="a">STATISTICAL SERVICES</subfield>
        <subfield code="0">(DHLAUTH)270225</subfield>
    </datafield>
    <datafield tag="650" ind1=" " ind2=" ">
        <subfield code="a">WESTERN ASIA</subfield>
        <subfield code="0">(DHLAUTH)275490</subfield>
    </datafield>
</record>
<record>
    <datafield tag="191" ind1=" " ind2=" ">
        <subfield code="a">E/ESCWA/HS/88/1</subfield>
    </datafield>
    <datafield tag="246" ind1=" " ind2=" ">
        <subfield code="a">التقرير الختامي عن الحلقة التدربية بشأن التخطيط المتكامل للمستوطنات البشرية والمرافق الصحية وادارة النفايات لتحسين الظروف البيئية</subfield>
    </datafield>
    <datafield tag="269" ind1=" " ind2=" ">
        <subfield code="a">19880830</subfield>
    </datafield>
    <datafield tag="650" ind1=" " ind2=" ">
        <subfield code="a">WESTERN ASIA</subfield>
        <subfield code="0">(DHLAUTH)275490</subfield>
    </datafield>
    <datafield tag="650" ind1=" " ind2=" ">
        <subfield code="a">RECOMMENDATIONS</subfield>
        <subfield code="0">(DHLAUTH)275840</subfield>
    </datafield>
    <datafield tag="650" ind1=" " ind2=" ">
        <subfield code="a">HUMAN SETTLEMENTS</subfield>
        <subfield code="0">(DHLAUTH)273542</subfield>
    </datafield>
    <datafield tag="650" ind1=" " ind2=" ">
        <subfield code="a">ENVIRONMENTAL ASPECTS</subfield>
        <subfield code="0">(DHLAUTH)270631</subfield>
    </datafield>
    <datafield tag="650" ind1=" " ind2=" ">
        <subfield code="a">CITIES</subfield>
        <subfield code="0">(DHLAUTH)273527</subfield>
    </datafield>
    <datafield tag="650" ind1=" " ind2=" ">
        <subfield code="a">ENVIRONMENTAL PROTECTION</subfield>
        <subfield code="0">(DHLAUTH)270598</subfield>
    </datafield>
    <datafield tag="650" ind1=" " ind2=" ">
        <subfield code="a">URBAN TRANSPORT</subfield>
        <subfield code="0">(DHLAUTH)272484</subfield>
    </datafield>
    <datafield tag="650" ind1=" " ind2=" ">
        <subfield code="a">URBAN DEVELOPMENT</subfield>
        <subfield code="0">(DHLAUTH)269970</subfield>
    </datafield>
    <datafield tag="650" ind1=" " ind2=" ">
        <subfield code="a">WASTE MANAGEMENT</subfield>
        <subfield code="0">(DHLAUTH)272254</subfield>
    </datafield>
</record>
<record>
    <datafield tag="191" ind1=" " ind2=" ">
        <subfield code="a">E/ESCWA/HS/89/1</subfield>
    </datafield>
    <datafield tag="245" ind1=" " ind2=" ">
        <subfield code="a">APPROPRIATE APPROACHES TO CITY MANAGEMENT IN THE ESCWA REGION</subfield>
    </datafield>
    <datafield tag="269" ind1=" " ind2=" ">
        <subfield code="a">19890808</subfield>
    </datafield>
    <datafield tag="650" ind1=" " ind2=" ">
        <subfield code="a">WESTERN ASIA</subfield>
        <subfield code="0">(DHLAUTH)275490</subfield>
    </datafield>
    <datafield tag="650" ind1=" " ind2=" ">
        <subfield code="a">CITIES</subfield>
        <subfield code="0">(DHLAUTH)273527</subfield>
    </datafield>
    <datafield tag="650" ind1=" " ind2=" ">
        <subfield code="a">MANAGEMENT</subfield>
        <subfield code="0">(DHLAUTH)269660</subfield>
    </datafield>
    <datafield tag="650" ind1=" " ind2=" ">
        <subfield code="a">POPULATION GROWTH</subfield>
        <subfield code="0">(DHLAUTH)272944</subfield>
    </datafield>
    <datafield tag="650" ind1=" " ind2=" ">
        <subfield code="a">URBANIZATION</subfield>
        <subfield code="0">(DHLAUTH)273116</subfield>
    </datafield>
    <datafield tag="650" ind1=" " ind2=" ">
        <subfield code="a">MUNICIPAL SERVICES</subfield>
        <subfield code="0">(DHLAUTH)270024</subfield>
    </datafield>
    <datafield tag="650" ind1=" " ind2=" ">
        <subfield code="a">FINANCIAL MANAGEMENT</subfield>
        <subfield code="0">(DHLAUTH)276641</subfield>
    </datafield>
    <datafield tag="650" ind1=" " ind2=" ">
        <subfield code="a">WASTE DISPOSAL</subfield>
        <subfield code="0">(DHLAUTH)270674</subfield>
    </datafield>
    <datafield tag="650" ind1=" " ind2=" ">
        <subfield code="a">MUNICIPAL SERVICES</subfield>
        <subfield code="0">(DHLAUTH)270024</subfield>
    </datafield>
</record>
<record>
    <datafield tag="191" ind1=" " ind2=" ">
        <subfield code="a">E/ESCWA/HS/89/2</subfield>
    </datafield>
    <datafield tag="245" ind1=" " ind2=" ">
        <subfield code="a">PUBLIC HOUSING POLICIES IN SELECTED COUNTRIES OF THE ESCWA REGION</subfield>
    </datafield>
    <datafield tag="269" ind1=" " ind2=" ">
        <subfield code="a">19891130</subfield>
    </datafield>
    <datafield tag="650" ind1=" " ind2=" ">
        <subfield code="a">WESTERN ASIA</subfield>
        <subfield code="0">(DHLAUTH)275490</subfield>
    </datafield>
    <datafield tag="650" ind1=" " ind2=" ">
        <subfield code="a">HOUSING POLICY</subfield>
        <subfield code="0">(DHLAUTH)273618</subfield>
    </datafield>
    <datafield tag="650" ind1=" " ind2=" ">
        <subfield code="a">PUBLIC HOUSING</subfield>
        <subfield code="0">(DHLAUTH)273612</subfield>
    </datafield>
    <datafield tag="650" ind1=" " ind2=" ">
        <subfield code="a">EGYPT</subfield>
        <subfield code="0">(DHLAUTH)273328</subfield>
    </datafield>
    <datafield tag="650" ind1=" " ind2=" ">
        <subfield code="a">JORDAN</subfield>
        <subfield code="0">(DHLAUTH)269099</subfield>
    </datafield>
    <datafield tag="650" ind1=" " ind2=" ">
        <subfield code="a">UNITED ARAB EMIRATES</subfield>
        <subfield code="0">(DHLAUTH)275604</subfield>
    </datafield>
    <datafield tag="650" ind1=" " ind2=" ">
        <subfield code="a">YEMEN</subfield>
        <subfield code="0">(DHLAUTH)273521</subfield>
    </datafield>
    <datafield tag="650" ind1=" " ind2=" ">
        <subfield code="a">RECOMMENDATIONS</subfield>
        <subfield code="0">(DHLAUTH)275840</subfield>
    </datafield>
    <datafield tag="650" ind1=" " ind2=" ">
        <subfield code="a">HOUSING FINANCE</subfield>
        <subfield code="0">(DHLAUTH)273599</subfield>
    </datafield>
    <datafield tag="650" ind1=" " ind2=" ">
        <subfield code="a">SELF-HELP HOUSING</subfield>
        <subfield code="0">(DHLAUTH)269987</subfield>
    </datafield>
    <datafield tag="650" ind1=" " ind2=" ">
        <subfield code="a">LAND</subfield>
        <subfield code="0">(DHLAUTH)270139</subfield>
    </datafield>
</record>
<record>
    <datafield tag="191" ind1=" " ind2=" ">
        <subfield code="a">E/ESCWA/ICTD/2003/10</subfield>
    </datafield>
    <datafield tag="246" ind1=" " ind2=" ">
        <subfield code="a">مبادرة المحتوى العربية = ARAB CONTENT INITIATIVE</subfield>
    </datafield>
    <datafield tag="269" ind1=" " ind2=" ">
        <subfield code="a">20031003</subfield>
    </datafield>
    <datafield tag="650" ind1=" " ind2=" ">
        <subfield code="a">INFORMATION SOCIETY</subfield>
        <subfield code="0">(DHLAUTH)612610</subfield>
    </datafield>
    <datafield tag="650" ind1=" " ind2=" ">
        <subfield code="a">PUBLISHING</subfield>
        <subfield code="0">(DHLAUTH)272407</subfield>
    </datafield>
    <datafield tag="650" ind1=" " ind2=" ">
        <subfield code="a">ELECTRONIC PUBLISHING</subfield>
        <subfield code="0">(DHLAUTH)275183</subfield>
    </datafield>
    <datafield tag="650" ind1=" " ind2=" ">
        <subfield code="a">ARAB COUNTRIES</subfield>
        <subfield code="0">(DHLAUTH)268705</subfield>
    </datafield>
    <datafield tag="650" ind1=" " ind2=" ">
        <subfield code="a">CONFERENCES</subfield>
        <subfield code="0">(DHLAUTH)275758</subfield>
    </datafield>
    <datafield tag="650" ind1=" " ind2=" ">
        <subfield code="a">WESTERN ASIA</subfield>
        <subfield code="0">(DHLAUTH)275490</subfield>
    </datafield>
</record>
<record>
    <datafield tag="191" ind1=" " ind2=" ">
        <subfield code="a">E/ESCWA/ICTD/2003/12</subfield>
    </datafield>
    <datafield tag="245" ind1=" " ind2=" ">
        <subfield code="a">TENTATIVE PLAN OF ACTION FOR WESTERN ASIA: BUILDING THE REGIONAL INFORMATION SOCIETY</subfield>
    </datafield>
    <datafield tag="246" ind1=" " ind2=" ">
        <subfield code="a">خطة عمل إقليمية مبدئية لبناء مجتمع المعلومات في غربي آسيا</subfield>
    </datafield>
    <datafield tag="269" ind1=" " ind2=" ">
        <subfield code="a">20031103</subfield>
    </datafield>
    <datafield tag="650" ind1=" " ind2=" ">
        <subfield code="a">INFORMATION SOCIETY</subfield>
        <subfield code="0">(DHLAUTH)612610</subfield>
    </datafield>
    <datafield tag="650" ind1=" " ind2=" ">
        <subfield code="a">INFORMATION TECHNOLOGY</subfield>
        <subfield code="0">(DHLAUTH)272714</subfield>
    </datafield>
    <datafield tag="650" ind1=" " ind2=" ">
        <subfield code="a">COMMUNICATION TECHNOLOGY</subfield>
        <subfield code="0">(DHLAUTH)272713</subfield>
    </datafield>
    <datafield tag="650" ind1=" " ind2=" ">
        <subfield code="a">PROGRAMMES OF ACTION</subfield>
        <subfield code="0">(DHLAUTH)275777</subfield>
    </datafield>
    <datafield tag="650" ind1=" " ind2=" ">
        <subfield code="a">WESTERN ASIA</subfield>
        <subfield code="0">(DHLAUTH)275490</subfield>
    </datafield>
    <datafield tag="650" ind1=" " ind2=" ">
        <subfield code="a">DISTANCE EDUCATION</subfield>
        <subfield code="0">(DHLAUTH)272761</subfield>
    </datafield>
    <datafield tag="650" ind1=" " ind2=" ">
        <subfield code="a">HEALTH</subfield>
        <subfield code="0">(DHLAUTH)273713</subfield>
    </datafield>
    <datafield tag="650" ind1=" " ind2=" ">
        <subfield code="a">EMPLOYMENT</subfield>
        <subfield code="0">(DHLAUTH)269797</subfield>
    </datafield>
    <datafield tag="650" ind1=" " ind2=" ">
        <subfield code="a">ENVIRONMENT</subfield>
        <subfield code="0">(DHLAUTH)270627</subfield>
    </datafield>
    <datafield tag="650" ind1=" " ind2=" ">
        <subfield code="a">AGRICULTURE</subfield>
        <subfield code="0">(DHLAUTH)271335</subfield>
    </datafield>
    <datafield tag="650" ind1=" " ind2=" ">
        <subfield code="a">SCIENCE</subfield>
        <subfield code="0">(DHLAUTH)270693</subfield>
    </datafield>
    <datafield tag="650" ind1=" " ind2=" ">
        <subfield code="a">MASS MEDIA</subfield>
        <subfield code="0">(DHLAUTH)272747</subfield>
    </datafield>
    <datafield tag="650" ind1=" " ind2=" ">
        <subfield code="a">REGIONAL COOPERATION</subfield>
        <subfield code="0">(DHLAUTH)268656</subfield>
    </datafield>
</record>
<record>
    <datafield tag="191" ind1=" " ind2=" ">
        <subfield code="a">E/ESCWA/ICTD/2003/14</subfield>
    </datafield>
    <datafield tag="245" ind1=" " ind2=" ">
        <subfield code="a">ARABIC DOMAIN NAMES SYSTEMS (ADNS)</subfield>
    </datafield>
    <datafield tag="269" ind1=" " ind2=" ">
        <subfield code="a">20031224</subfield>
    </datafield>
    <datafield tag="650" ind1=" " ind2=" ">
        <subfield code="a">DIGITAL DIVIDE</subfield>
        <subfield code="0">(DHLAUTH)606386</subfield>
    </datafield>
    <datafield tag="650" ind1=" " ind2=" ">
        <subfield code="a">ARABIC LANGUAGE</subfield>
        <subfield code="0">(DHLAUTH)274768</subfield>
    </datafield>
    <datafield tag="650" ind1=" " ind2=" ">
        <subfield code="a">INTERNET</subfield>
        <subfield code="0">(DHLAUTH)438931</subfield>
    </datafield>
    <datafield tag="650" ind1=" " ind2=" ">
        <subfield code="a">INTERNET DOMAIN NAMES</subfield>
        <subfield code="0">(DHLAUTH)600371</subfield>
    </datafield>
    <datafield tag="650" ind1=" " ind2=" ">
        <subfield code="a">WESTERN ASIA</subfield>
        <subfield code="0">(DHLAUTH)275490</subfield>
    </datafield>
</record>
<record>
    <datafield tag="191" ind1=" " ind2=" ">
        <subfield code="a">E/ESCWA/ICTD/2005/4</subfield>
    </datafield>
    <datafield tag="246" ind1=" " ind2=" ">
        <subfield code="a">المحتوى الرقمي العربي: الفرص والاولويات والتوجهات</subfield>
    </datafield>
    <datafield tag="269" ind1=" " ind2=" ">
        <subfield code="a">20050829</subfield>
    </datafield>
    <datafield tag="650" ind1=" " ind2=" ">
        <subfield code="a">ECONOMIC ASPECTS</subfield>
        <subfield code="0">(DHLAUTH)269753</subfield>
    </datafield>
    <datafield tag="650" ind1=" " ind2=" ">
        <subfield code="a">RECOMMENDATIONS</subfield>
        <subfield code="0">(DHLAUTH)275840</subfield>
    </datafield>
    <datafield tag="650" ind1=" " ind2=" ">
        <subfield code="a">CASE STUDIES</subfield>
        <subfield code="0">(DHLAUTH)274639</subfield>
    </datafield>
    <datafield tag="650" ind1=" " ind2=" ">
        <subfield code="a">FRANCE</subfield>
        <subfield code="0">(DHLAUTH)275541</subfield>
    </datafield>
    <datafield tag="650" ind1=" " ind2=" ">
        <subfield code="a">KOREAN PENINSULA</subfield>
        <subfield code="0">(DHLAUTH)269067</subfield>
    </datafield>
    <datafield tag="650" ind1=" " ind2=" ">
        <subfield code="a">INDUSTRIAL PROMOTION</subfield>
        <subfield code="0">(DHLAUTH)271792</subfield>
    </datafield>
    <datafield tag="650" ind1=" " ind2=" ">
        <subfield code="a">DIGITAL LIBRARIES</subfield>
        <subfield code="0">(DHLAUTH)449695</subfield>
    </datafield>
    <datafield tag="650" ind1=" " ind2=" ">
        <subfield code="a">ELECTRONIC COMMERCE</subfield>
        <subfield code="0">(DHLAUTH)476422</subfield>
    </datafield>
    <datafield tag="650" ind1=" " ind2=" ">
        <subfield code="a">PUBLIC SERVICES</subfield>
        <subfield code="0">(DHLAUTH)270026</subfield>
    </datafield>
</record>
<record>
    <datafield tag="191" ind1=" " ind2=" ">
        <subfield code="a">E/ESCWA/ICTD/2006/3</subfield>
    </datafield>
    <datafield tag="246" ind1=" " ind2=" ">
        <subfield code="a">نشرة تكنولوجيا المعلومات والإتصالات للتنمية في غربي آسيا العدد 5</subfield>
    </datafield>
    <datafield tag="269" ind1=" " ind2=" ">
        <subfield code="a">20070901</subfield>
    </datafield>
    <datafield tag="650" ind1=" " ind2=" ">
        <subfield code="a">INFORMATION TECHNOLOGY</subfield>
        <subfield code="0">(DHLAUTH)272714</subfield>
    </datafield>
    <datafield tag="650" ind1=" " ind2=" ">
        <subfield code="a">COMMUNICATION TECHNOLOGY</subfield>
        <subfield code="0">(DHLAUTH)272713</subfield>
    </datafield>
    <datafield tag="650" ind1=" " ind2=" ">
        <subfield code="a">INFORMATION SOCIETY</subfield>
        <subfield code="0">(DHLAUTH)612610</subfield>
    </datafield>
    <datafield tag="650" ind1=" " ind2=" ">
        <subfield code="a">INTERNET</subfield>
        <subfield code="0">(DHLAUTH)438931</subfield>
    </datafield>
    <datafield tag="650" ind1=" " ind2=" ">
        <subfield code="a">INFORMATICS</subfield>
        <subfield code="0">(DHLAUTH)275151</subfield>
    </datafield>
    <datafield tag="650" ind1=" " ind2=" ">
        <subfield code="a">WESTERN ASIA</subfield>
        <subfield code="0">(DHLAUTH)275490</subfield>
    </datafield>
    <datafield tag="650" ind1=" " ind2=" ">
        <subfield code="a">SCIENCE AND TECHNOLOGY INDICATORS</subfield>
        <subfield code="0">(DHLAUTH)273743</subfield>
    </datafield>
    <datafield tag="650" ind1=" " ind2=" ">
        <subfield code="a">ACTIVITIES</subfield>
        <subfield code="0">(DHLAUTH)275823</subfield>
    </datafield>
    <datafield tag="650" ind1=" " ind2=" ">
        <subfield code="a">OPEN SOURCE SOFTWARE</subfield>
        <subfield code="0">(DHLAUTH)658577</subfield>
    </datafield>
</record>
<record>
    <datafield tag="191" ind1=" " ind2=" ">
        <subfield code="a">E/ESCWA/ICTD/2007/10</subfield>
    </datafield>
    <datafield tag="245" ind1=" " ind2=" ">
        <subfield code="a">BROADBAND FOR DEVELOPMENT IN THE ESCWA REGION: ENHANCING ACCESS TO ICT SERVICES IN GLOBAL KNOWLEDGE SOCIETY</subfield>
    </datafield>
    <datafield tag="246" ind1=" " ind2=" ">
        <subfield code="a">الحزمة العريضة من اجل التنمية في منطقة الاسكوا : تعزيز النفاذ الى خدمات المعلومات والاتصالات في مجتمع المعرفة العالمي</subfield>
    </datafield>
    <datafield tag="269" ind1=" " ind2=" ">
        <subfield code="a">20071201</subfield>
    </datafield>
    <datafield tag="650" ind1=" " ind2=" ">
        <subfield code="a">BROADBAND</subfield>
        <subfield code="0">(DHLAUTH)745089</subfield>
    </datafield>
    <datafield tag="650" ind1=" " ind2=" ">
        <subfield code="a">SUPPLY AND DEMAND</subfield>
        <subfield code="0">(DHLAUTH)269584</subfield>
    </datafield>
    <datafield tag="650" ind1=" " ind2=" ">
        <subfield code="a">CASE STUDIES</subfield>
        <subfield code="0">(DHLAUTH)274639</subfield>
    </datafield>
    <datafield tag="650" ind1=" " ind2=" ">
        <subfield code="a">WESTERN ASIA</subfield>
        <subfield code="0">(DHLAUTH)275490</subfield>
    </datafield>
    <datafield tag="650" ind1=" " ind2=" ">
        <subfield code="a">COMMUNICATION TECHNOLOGY</subfield>
        <subfield code="0">(DHLAUTH)272713</subfield>
    </datafield>
    <datafield tag="650" ind1=" " ind2=" ">
        <subfield code="a">INFORMATION TECHNOLOGY</subfield>
        <subfield code="0">(DHLAUTH)272714</subfield>
    </datafield>
</record>
<record>
    <datafield tag="191" ind1=" " ind2=" ">
        <subfield code="a">E/ESCWA/ICTD/2007/2</subfield>
    </datafield>
    <datafield tag="246" ind1=" " ind2=" ">
        <subfield code="a">دليل توجيهي لصياغة وتنفيذ سياسات واستراتيجيات تكنولوجيا المعلومات والاتصالات</subfield>
    </datafield>
    <datafield tag="269" ind1=" " ind2=" ">
        <subfield code="a">20070212</subfield>
    </datafield>
    <datafield tag="650" ind1=" " ind2=" ">
        <subfield code="a">MANUALS</subfield>
        <subfield code="0">(DHLAUTH)274980</subfield>
    </datafield>
    <datafield tag="650" ind1=" " ind2=" ">
        <subfield code="a">CONFERENCES</subfield>
        <subfield code="0">(DHLAUTH)275758</subfield>
    </datafield>
    <datafield tag="650" ind1=" " ind2=" ">
        <subfield code="a">WESTERN ASIA</subfield>
        <subfield code="0">(DHLAUTH)275490</subfield>
    </datafield>
    <datafield tag="650" ind1=" " ind2=" ">
        <subfield code="a">RECOMMENDATIONS</subfield>
        <subfield code="0">(DHLAUTH)275840</subfield>
    </datafield>
    <datafield tag="650" ind1=" " ind2=" ">
        <subfield code="a">SCIENCE AND TECHNOLOGY POLICY</subfield>
        <subfield code="0">(DHLAUTH)275207</subfield>
    </datafield>
    <datafield tag="650" ind1=" " ind2=" ">
        <subfield code="a">COMMUNICATION TECHNOLOGY</subfield>
        <subfield code="0">(DHLAUTH)272713</subfield>
    </datafield>
    <datafield tag="650" ind1=" " ind2=" ">
        <subfield code="a">INFORMATION TECHNOLOGY</subfield>
        <subfield code="0">(DHLAUTH)272714</subfield>
    </datafield>
    <datafield tag="650" ind1=" " ind2=" ">
        <subfield code="a">HUMAN RESOURCES</subfield>
        <subfield code="0">(DHLAUTH)270571</subfield>
    </datafield>
    <datafield tag="650" ind1=" " ind2=" ">
        <subfield code="a">FINANCING</subfield>
        <subfield code="0">(DHLAUTH)10479</subfield>
    </datafield>
    <datafield tag="650" ind1=" " ind2=" ">
        <subfield code="a">WORK PROGRAMME</subfield>
        <subfield code="0">(DHLAUTH)275800</subfield>
    </datafield>
    <datafield tag="650" ind1=" " ind2=" ">
        <subfield code="a">PROGRAMME IMPLEMENTATION</subfield>
        <subfield code="0">(DHLAUTH)275794</subfield>
    </datafield>
    <datafield tag="650" ind1=" " ind2=" ">
        <subfield code="a">SYRIAN ARAB REPUBLIC</subfield>
        <subfield code="0">(DHLAUTH)273496</subfield>
    </datafield>
    <datafield tag="650" ind1=" " ind2=" ">
        <subfield code="a">JORDAN</subfield>
        <subfield code="0">(DHLAUTH)269099</subfield>
    </datafield>
    <datafield tag="650" ind1=" " ind2=" ">
        <subfield code="a">UNITED ARAB EMIRATES</subfield>
        <subfield code="0">(DHLAUTH)275604</subfield>
    </datafield>
    <datafield tag="650" ind1=" " ind2=" ">
        <subfield code="a">EGYPT</subfield>
        <subfield code="0">(DHLAUTH)273328</subfield>
    </datafield>
</record>
<record>
    <datafield tag="191" ind1=" " ind2=" ">
        <subfield code="a">E/ESCWA/ICTD/2008/6/</subfield>
    </datafield>
    <datafield tag="245" ind1=" " ind2=" ">
        <subfield code="a">REPORT EXPERT GROUP MEETING ON THE USE OF ARABIC SCRIPT IN DOMAIN NAMES DUBAI, UAE, 28-29 MAY 2008</subfield>
    </datafield>
    <datafield tag="269" ind1=" " ind2=" ">
        <subfield code="a">20081020</subfield>
    </datafield>
    <datafield tag="650" ind1=" " ind2=" ">
        <subfield code="a">STANDARDIZATION</subfield>
        <subfield code="0">(DHLAUTH)271816</subfield>
    </datafield>
    <datafield tag="650" ind1=" " ind2=" ">
        <subfield code="a">ARABIC LANGUAGE</subfield>
        <subfield code="0">(DHLAUTH)274768</subfield>
    </datafield>
    <datafield tag="650" ind1=" " ind2=" ">
        <subfield code="a">WORK ORGANIZATION</subfield>
        <subfield code="0">(DHLAUTH)275746</subfield>
    </datafield>
    <datafield tag="650" ind1=" " ind2=" ">
        <subfield code="a">CONFERENCES</subfield>
        <subfield code="0">(DHLAUTH)275758</subfield>
    </datafield>
    <datafield tag="650" ind1=" " ind2=" ">
        <subfield code="a">WESTERN ASIA</subfield>
        <subfield code="0">(DHLAUTH)275490</subfield>
    </datafield>
    <datafield tag="650" ind1=" " ind2=" ">
        <subfield code="a">PARTICIPANTS</subfield>
        <subfield code="0">(DHLAUTH)275785</subfield>
    </datafield>
</record>
<record>
    <datafield tag="191" ind1=" " ind2=" ">
        <subfield code="a">E/ESCWA/ICTD/2008/7</subfield>
    </datafield>
    <datafield tag="246" ind1=" " ind2=" ">
        <subfield code="a">نشرة تكنولوجيا المعلومات والاتصالات للتنمية في غربي آسيا، العدد 10</subfield>
    </datafield>
    <datafield tag="269" ind1=" " ind2=" ">
        <subfield code="a">20090201</subfield>
    </datafield>
    <datafield tag="650" ind1=" " ind2=" ">
        <subfield code="a">INFORMATION TECHNOLOGY</subfield>
        <subfield code="0">(DHLAUTH)272714</subfield>
    </datafield>
    <datafield tag="650" ind1=" " ind2=" ">
        <subfield code="a">INFORMATION SOCIETY</subfield>
        <subfield code="0">(DHLAUTH)612610</subfield>
    </datafield>
    <datafield tag="650" ind1=" " ind2=" ">
        <subfield code="a">COMMUNICATION TECHNOLOGY</subfield>
        <subfield code="0">(DHLAUTH)272713</subfield>
    </datafield>
    <datafield tag="650" ind1=" " ind2=" ">
        <subfield code="a">REGIONAL COMMISSIONS</subfield>
        <subfield code="0">(DHLAUTH)269969</subfield>
    </datafield>
    <datafield tag="650" ind1=" " ind2=" ">
        <subfield code="a">ACTIVITIES</subfield>
        <subfield code="0">(DHLAUTH)275823</subfield>
    </datafield>
    <datafield tag="650" ind1=" " ind2=" ">
        <subfield code="a">SUSTAINABLE DEVELOPMENT</subfield>
        <subfield code="0">(DHLAUTH)269920</subfield>
    </datafield>
    <datafield tag="650" ind1=" " ind2=" ">
        <subfield code="a">INTERNET DOMAIN NAMES</subfield>
        <subfield code="0">(DHLAUTH)600371</subfield>
    </datafield>
    <datafield tag="650" ind1=" " ind2=" ">
        <subfield code="a">WESTERN ASIA</subfield>
        <subfield code="0">(DHLAUTH)275490</subfield>
    </datafield>
</record>
<record>
    <datafield tag="191" ind1=" " ind2=" ">
        <subfield code="a">E/ESCWA/ICTD/2009/1</subfield>
    </datafield>
    <datafield tag="246" ind1=" " ind2=" ">
        <subfield code="a">تقرير ورشة العمل حول التشريعات السيبرانية وتطبيقها في منطقة الاسكوا بيروت 15-16 كانون الاول/ديسمبر 2008</subfield>
    </datafield>
    <datafield tag="269" ind1=" " ind2=" ">
        <subfield code="a">20090121</subfield>
    </datafield>
    <datafield tag="650" ind1=" " ind2=" ">
        <subfield code="a">WESTERN ASIA</subfield>
        <subfield code="0">(DHLAUTH)275490</subfield>
    </datafield>
    <datafield tag="650" ind1=" " ind2=" ">
        <subfield code="a">RECOMMENDATIONS</subfield>
        <subfield code="0">(DHLAUTH)275840</subfield>
    </datafield>
    <datafield tag="650" ind1=" " ind2=" ">
        <subfield code="a">WORK ORGANIZATION</subfield>
        <subfield code="0">(DHLAUTH)275746</subfield>
    </datafield>
</record>
<record>
    <datafield tag="191" ind1=" " ind2=" ">
        <subfield code="a">E/ESCWA/ICTD/2009/10</subfield>
    </datafield>
    <datafield tag="246" ind1=" " ind2=" ">
        <subfield code="a">تقرير اجتماع الخبراء حول تطبيقات تكنولوجيا المعلومات والاتصالات والخدمات الالكترونية في القطاع العام بيروت 20-21 تموز/يوليو 2009</subfield>
    </datafield>
    <datafield tag="269" ind1=" " ind2=" ">
        <subfield code="a">20090814</subfield>
    </datafield>
    <datafield tag="650" ind1=" " ind2=" ">
        <subfield code="a">INFORMATION TECHNOLOGY</subfield>
        <subfield code="0">(DHLAUTH)272714</subfield>
    </datafield>
    <datafield tag="650" ind1=" " ind2=" ">
        <subfield code="a">COMMUNICATION TECHNOLOGY</subfield>
        <subfield code="0">(DHLAUTH)272713</subfield>
    </datafield>
    <datafield tag="650" ind1=" " ind2=" ">
        <subfield code="a">PUBLIC SECTOR</subfield>
        <subfield code="0">(DHLAUTH)269679</subfield>
    </datafield>
    <datafield tag="650" ind1=" " ind2=" ">
        <subfield code="a">WESTERN ASIA</subfield>
        <subfield code="0">(DHLAUTH)275490</subfield>
    </datafield>
    <datafield tag="650" ind1=" " ind2=" ">
        <subfield code="a">WORK ORGANIZATION</subfield>
        <subfield code="0">(DHLAUTH)275746</subfield>
    </datafield>
</record>
<record>
    <datafield tag="191" ind1=" " ind2=" ">
        <subfield code="a">E/ESCWA/ICTD/2009/16</subfield>
    </datafield>
    <datafield tag="246" ind1=" " ind2=" ">
        <subfield code="a">نشرة تكنولوجيا المعلومات والإتصالات للتنمية في غربي آسيا العدد 12</subfield>
    </datafield>
    <datafield tag="269" ind1=" " ind2=" ">
        <subfield code="a">20091201</subfield>
    </datafield>
    <datafield tag="650" ind1=" " ind2=" ">
        <subfield code="a">INFORMATION TECHNOLOGY</subfield>
        <subfield code="0">(DHLAUTH)272714</subfield>
    </datafield>
    <datafield tag="650" ind1=" " ind2=" ">
        <subfield code="a">COMMUNICATION TECHNOLOGY</subfield>
        <subfield code="0">(DHLAUTH)272713</subfield>
    </datafield>
    <datafield tag="650" ind1=" " ind2=" ">
        <subfield code="a">INTERNET</subfield>
        <subfield code="0">(DHLAUTH)438931</subfield>
    </datafield>
    <datafield tag="650" ind1=" " ind2=" ">
        <subfield code="a">INFORMATICS</subfield>
        <subfield code="0">(DHLAUTH)275151</subfield>
    </datafield>
    <datafield tag="650" ind1=" " ind2=" ">
        <subfield code="a">WESTERN ASIA</subfield>
        <subfield code="0">(DHLAUTH)275490</subfield>
    </datafield>
</record>
<record>
    <datafield tag="191" ind1=" " ind2=" ">
        <subfield code="a">E/ESCWA/ICTD/2009/2</subfield>
    </datafield>
    <datafield tag="246" ind1=" " ind2=" ">
        <subfield code="a">تقرير ورشة العمل التشاورية حول اعداد الملامح الوطنية لمجتمع المعلومات في غربي اسيا بيروت 26-27 تشرين الثاني/نوفمبر 2008</subfield>
    </datafield>
    <datafield tag="269" ind1=" " ind2=" ">
        <subfield code="a">20090121</subfield>
    </datafield>
    <datafield tag="650" ind1=" " ind2=" ">
        <subfield code="a">WESTERN ASIA</subfield>
        <subfield code="0">(DHLAUTH)275490</subfield>
    </datafield>
    <datafield tag="650" ind1=" " ind2=" ">
        <subfield code="a">CONFERENCES</subfield>
        <subfield code="0">(DHLAUTH)275758</subfield>
    </datafield>
    <datafield tag="650" ind1=" " ind2=" ">
        <subfield code="a">INFORMATION SOCIETY</subfield>
        <subfield code="0">(DHLAUTH)612610</subfield>
    </datafield>
    <datafield tag="650" ind1=" " ind2=" ">
        <subfield code="a">INFORMATION TECHNOLOGY</subfield>
        <subfield code="0">(DHLAUTH)272714</subfield>
    </datafield>
    <datafield tag="650" ind1=" " ind2=" ">
        <subfield code="a">COMMUNICATION TECHNOLOGY</subfield>
        <subfield code="0">(DHLAUTH)272713</subfield>
    </datafield>
    <datafield tag="650" ind1=" " ind2=" ">
        <subfield code="a">WORK ORGANIZATION</subfield>
        <subfield code="0">(DHLAUTH)275746</subfield>
    </datafield>
    <datafield tag="650" ind1=" " ind2=" ">
        <subfield code="a">INFORMATION SOURCES</subfield>
        <subfield code="0">(DHLAUTH)275147</subfield>
    </datafield>
</record>
<record>
    <datafield tag="191" ind1=" " ind2=" ">
        <subfield code="a">E/ESCWA/ICTD/2009/4</subfield>
    </datafield>
    <datafield tag="246" ind1=" " ind2=" ">
        <subfield code="a">بناء الثقة بالخدمات الالكترونية في منطقة الاسكوا</subfield>
    </datafield>
    <datafield tag="269" ind1=" " ind2=" ">
        <subfield code="a">20090310</subfield>
    </datafield>
    <datafield tag="650" ind1=" " ind2=" ">
        <subfield code="a">WESTERN ASIA</subfield>
        <subfield code="0">(DHLAUTH)275490</subfield>
    </datafield>
    <datafield tag="650" ind1=" " ind2=" ">
        <subfield code="a">ELECTRONIC INFORMATION RESOURCES</subfield>
        <subfield code="0">(DHLAUTH)600024</subfield>
    </datafield>
    <datafield tag="650" ind1=" " ind2=" ">
        <subfield code="a">DIGITAL TECHNOLOGY</subfield>
        <subfield code="0">(DHLAUTH)276639</subfield>
    </datafield>
    <datafield tag="650" ind1=" " ind2=" ">
        <subfield code="a">INFORMATION TECHNOLOGY</subfield>
        <subfield code="0">(DHLAUTH)272714</subfield>
    </datafield>
    <datafield tag="650" ind1=" " ind2=" ">
        <subfield code="a">COMMUNICATION TECHNOLOGY</subfield>
        <subfield code="0">(DHLAUTH)272713</subfield>
    </datafield>
    <datafield tag="650" ind1=" " ind2=" ">
        <subfield code="a">INTERNET</subfield>
        <subfield code="0">(DHLAUTH)438931</subfield>
    </datafield>
    <datafield tag="650" ind1=" " ind2=" ">
        <subfield code="a">INFORMATION SERVICES</subfield>
        <subfield code="0">(DHLAUTH)270228</subfield>
    </datafield>
</record>
<record>
    <datafield tag="191" ind1=" " ind2=" ">
        <subfield code="a">E/ESCWA/ICTD/2010/1</subfield>
    </datafield>
    <datafield tag="246" ind1=" " ind2=" ">
        <subfield code="a">نشرة تكنولوجيا المعلومات والإتصالات للتنمية في غربي آسيا العدد 13</subfield>
    </datafield>
    <datafield tag="269" ind1=" " ind2=" ">
        <subfield code="a">20100901</subfield>
    </datafield>
    <datafield tag="650" ind1=" " ind2=" ">
        <subfield code="a">INFORMATION TECHNOLOGY</subfield>
        <subfield code="0">(DHLAUTH)272714</subfield>
    </datafield>
    <datafield tag="650" ind1=" " ind2=" ">
        <subfield code="a">COMMUNICATION TECHNOLOGY</subfield>
        <subfield code="0">(DHLAUTH)272713</subfield>
    </datafield>
    <datafield tag="650" ind1=" " ind2=" ">
        <subfield code="a">INTERNET</subfield>
        <subfield code="0">(DHLAUTH)438931</subfield>
    </datafield>
    <datafield tag="650" ind1=" " ind2=" ">
        <subfield code="a">DIGITAL TECHNOLOGY</subfield>
        <subfield code="0">(DHLAUTH)276639</subfield>
    </datafield>
    <datafield tag="650" ind1=" " ind2=" ">
        <subfield code="a">INFORMATION MANAGEMENT</subfield>
        <subfield code="0">(DHLAUTH)275145</subfield>
    </datafield>
    <datafield tag="650" ind1=" " ind2=" ">
        <subfield code="a">E-GOVERNMENT</subfield>
        <subfield code="0">(DHLAUTH)689310</subfield>
    </datafield>
    <datafield tag="650" ind1=" " ind2=" ">
        <subfield code="a">WESTERN ASIA</subfield>
        <subfield code="0">(DHLAUTH)275490</subfield>
    </datafield>
</record>
<record>
    <datafield tag="191" ind1=" " ind2=" ">
        <subfield code="a">E/ESCWA/ICTD/2010/2</subfield>
    </datafield>
    <datafield tag="246" ind1=" " ind2=" ">
        <subfield code="a">نشرة تكنولوجيا المعلومات والإتصالات للتنمية في غربي آسيا العدد 14</subfield>
    </datafield>
    <datafield tag="269" ind1=" " ind2=" ">
        <subfield code="a">20110401</subfield>
    </datafield>
    <datafield tag="650" ind1=" " ind2=" ">
        <subfield code="a">COMMUNICATION TECHNOLOGY</subfield>
        <subfield code="0">(DHLAUTH)272713</subfield>
    </datafield>
    <datafield tag="650" ind1=" " ind2=" ">
        <subfield code="a">INFORMATION TECHNOLOGY</subfield>
        <subfield code="0">(DHLAUTH)272714</subfield>
    </datafield>
    <datafield tag="650" ind1=" " ind2=" ">
        <subfield code="a">INTERNET</subfield>
        <subfield code="0">(DHLAUTH)438931</subfield>
    </datafield>
    <datafield tag="650" ind1=" " ind2=" ">
        <subfield code="a">WESTERN ASIA</subfield>
        <subfield code="0">(DHLAUTH)275490</subfield>
    </datafield>
    <datafield tag="650" ind1=" " ind2=" ">
        <subfield code="a">ARAB COUNTRIES</subfield>
        <subfield code="0">(DHLAUTH)268705</subfield>
    </datafield>
    <datafield tag="650" ind1=" " ind2=" ">
        <subfield code="a">OPEN SOURCE SOFTWARE</subfield>
        <subfield code="0">(DHLAUTH)658577</subfield>
    </datafield>
</record>
<record>
    <datafield tag="191" ind1=" " ind2=" ">
        <subfield code="a">E/ESCWA/ICTD/2010/TECHNICAL PAPER.5</subfield>
    </datafield>
    <datafield tag="245" ind1=" " ind2=" ">
        <subfield code="a">ARAB REGIONAL ROADMAP FOR INTERNET GOVERNANCE : FRAMEWORK PRINCIPLES AND OBJECTIVES</subfield>
    </datafield>
    <datafield tag="246" ind1=" " ind2=" ">
        <subfield code="a">خارطة الطريق العربية لحوكمة الانترنت: الاطار العام والمبادىء والاهداف</subfield>
    </datafield>
    <datafield tag="269" ind1=" " ind2=" ">
        <subfield code="a">20110601</subfield>
    </datafield>
    <datafield tag="650" ind1=" " ind2=" ">
        <subfield code="a">INTERNET</subfield>
        <subfield code="0">(DHLAUTH)438931</subfield>
    </datafield>
    <datafield tag="650" ind1=" " ind2=" ">
        <subfield code="a">GOVERNANCE</subfield>
        <subfield code="0">(DHLAUTH)276686</subfield>
    </datafield>
    <datafield tag="650" ind1=" " ind2=" ">
        <subfield code="a">ARAB COUNTRIES</subfield>
        <subfield code="0">(DHLAUTH)268705</subfield>
    </datafield>
    <datafield tag="650" ind1=" " ind2=" ">
        <subfield code="a">ARABIC LANGUAGE</subfield>
        <subfield code="0">(DHLAUTH)274768</subfield>
    </datafield>
    <datafield tag="650" ind1=" " ind2=" ">
        <subfield code="a">WESTERN ASIA</subfield>
        <subfield code="0">(DHLAUTH)275490</subfield>
    </datafield>
</record>
<record>
    <datafield tag="191" ind1=" " ind2=" ">
        <subfield code="a">E/ESCWA/ICTD/2011/3</subfield>
    </datafield>
    <datafield tag="246" ind1=" " ind2=" ">
        <subfield code="a">نشرة تكنولوجيا المعلومات والإتصالات للتنمية في غربي آسيا العدد 15</subfield>
    </datafield>
    <datafield tag="269" ind1=" " ind2=" ">
        <subfield code="a">20111101</subfield>
    </datafield>
    <datafield tag="650" ind1=" " ind2=" ">
        <subfield code="a">INFORMATION TECHNOLOGY</subfield>
        <subfield code="0">(DHLAUTH)272714</subfield>
    </datafield>
    <datafield tag="650" ind1=" " ind2=" ">
        <subfield code="a">COMMUNICATION TECHNOLOGY</subfield>
        <subfield code="0">(DHLAUTH)272713</subfield>
    </datafield>
    <datafield tag="650" ind1=" " ind2=" ">
        <subfield code="a">INTERNET</subfield>
        <subfield code="0">(DHLAUTH)438931</subfield>
    </datafield>
    <datafield tag="650" ind1=" " ind2=" ">
        <subfield code="a">INFORMATICS</subfield>
        <subfield code="0">(DHLAUTH)275151</subfield>
    </datafield>
    <datafield tag="650" ind1=" " ind2=" ">
        <subfield code="a">WESTERN ASIA</subfield>
        <subfield code="0">(DHLAUTH)275490</subfield>
    </datafield>
    <datafield tag="650" ind1=" " ind2=" ">
        <subfield code="a">ARAB COUNTRIES</subfield>
        <subfield code="0">(DHLAUTH)268705</subfield>
    </datafield>
    <datafield tag="650" ind1=" " ind2=" ">
        <subfield code="a">CHILDREN</subfield>
        <subfield code="0">(DHLAUTH)269400</subfield>
    </datafield>
    <datafield tag="650" ind1=" " ind2=" ">
        <subfield code="a">EGYPT</subfield>
        <subfield code="0">(DHLAUTH)273328</subfield>
    </datafield>
    <datafield tag="650" ind1=" " ind2=" ">
        <subfield code="a">UNITED STATES</subfield>
        <subfield code="0">(DHLAUTH)9644</subfield>
    </datafield>
    <datafield tag="650" ind1=" " ind2=" ">
        <subfield code="a">SOCIAL MOVEMENTS</subfield>
        <subfield code="0">(DHLAUTH)268461</subfield>
    </datafield>
    <datafield tag="650" ind1=" " ind2=" ">
        <subfield code="a">ONLINE SEARCHING</subfield>
        <subfield code="0">(DHLAUTH)275148</subfield>
    </datafield>
    <datafield tag="650" ind1=" " ind2=" ">
        <subfield code="a">LOCAL DEVELOPMENT</subfield>
        <subfield code="0">(DHLAUTH)528317</subfield>
    </datafield>
</record>
<record>
    <datafield tag="191" ind1=" " ind2=" ">
        <subfield code="a">E/ESCWA/ICTD/2011/BROCHURE.1</subfield>
    </datafield>
    <datafield tag="245" ind1=" " ind2=" ">
        <subfield code="a">PROMOTION OF THE ARABIC DOMAIN NAMES SYSTEM AN ESCWA PROJECT</subfield>
    </datafield>
    <datafield tag="269" ind1=" " ind2=" ">
        <subfield code="a">20110727</subfield>
    </datafield>
    <datafield tag="650" ind1=" " ind2=" ">
        <subfield code="a">WESTERN ASIA</subfield>
        <subfield code="0">(DHLAUTH)275490</subfield>
    </datafield>
    <datafield tag="650" ind1=" " ind2=" ">
        <subfield code="a">CONFERENCES</subfield>
        <subfield code="0">(DHLAUTH)275758</subfield>
    </datafield>
    <datafield tag="650" ind1=" " ind2=" ">
        <subfield code="a">ARABIC LANGUAGE</subfield>
        <subfield code="0">(DHLAUTH)274768</subfield>
    </datafield>
    <datafield tag="650" ind1=" " ind2=" ">
        <subfield code="a">INTERNET DOMAIN NAMES</subfield>
        <subfield code="0">(DHLAUTH)600371</subfield>
    </datafield>
</record>
<record>
    <datafield tag="191" ind1=" " ind2=" ">
        <subfield code="a">E/ESCWA/ICTD/2011/BROCHURE.2</subfield>
    </datafield>
    <datafield tag="245" ind1=" " ind2=" ">
        <subfield code="a">REGIONAL HARMONIZATION OF CYBER LEGISLATION TO PROMOTE THE KNOWLEDGE SOCIETY IN THE ARAB WORLD</subfield>
    </datafield>
    <datafield tag="246" ind1=" " ind2=" ">
        <subfield code="a">تنسيق التشريعات السبرانية لتحفيز مجتمع المعرفة فى المنطقة العربية</subfield>
    </datafield>
    <datafield tag="269" ind1=" " ind2=" ">
        <subfield code="a">20110901</subfield>
    </datafield>
    <datafield tag="650" ind1=" " ind2=" ">
        <subfield code="a">WESTERN ASIA</subfield>
        <subfield code="0">(DHLAUTH)275490</subfield>
    </datafield>
    <datafield tag="650" ind1=" " ind2=" ">
        <subfield code="a">KNOWLEDGE MANAGEMENT</subfield>
        <subfield code="0">(DHLAUTH)551429</subfield>
    </datafield>
    <datafield tag="650" ind1=" " ind2=" ">
        <subfield code="a">INFORMATION TECHNOLOGY</subfield>
        <subfield code="0">(DHLAUTH)272714</subfield>
    </datafield>
    <datafield tag="650" ind1=" " ind2=" ">
        <subfield code="a">ARAB COUNTRIES</subfield>
        <subfield code="0">(DHLAUTH)268705</subfield>
    </datafield>
</record>
<record>
    <datafield tag="191" ind1=" " ind2=" ">
        <subfield code="a">E/ESCWA/ICTD/2011/BROCHURE.3</subfield>
    </datafield>
    <datafield tag="245" ind1=" " ind2=" ">
        <subfield code="a">INFORMATION AND COMMUNICATION TECHNOLOGY DIVISION</subfield>
    </datafield>
    <datafield tag="246" ind1=" " ind2=" ">
        <subfield code="a">شعبة تكنولوجيا المعلومات والاتصالات</subfield>
    </datafield>
    <datafield tag="269" ind1=" " ind2=" ">
        <subfield code="a">20120201</subfield>
    </datafield>
    <datafield tag="650" ind1=" " ind2=" ">
        <subfield code="a">PUBLICATIONS</subfield>
        <subfield code="0">(DHLAUTH)270013</subfield>
    </datafield>
    <datafield tag="650" ind1=" " ind2=" ">
        <subfield code="a">WESTERN ASIA</subfield>
        <subfield code="0">(DHLAUTH)275490</subfield>
    </datafield>
    <datafield tag="650" ind1=" " ind2=" ">
        <subfield code="a">SCIENCE AND TECHNOLOGY POLICY</subfield>
        <subfield code="0">(DHLAUTH)275207</subfield>
    </datafield>
</record>
<record>
    <datafield tag="191" ind1=" " ind2=" ">
        <subfield code="a">E/ESCWA/ICTD/2011/TECHNICAL PAPER.4</subfield>
    </datafield>
    <datafield tag="246" ind1=" " ind2=" ">
        <subfield code="a">اطار عمل معياري لترويج البيئة التمكينية لتطوير الخدمات الالكترونية العربية</subfield>
    </datafield>
    <datafield tag="269" ind1=" " ind2=" ">
        <subfield code="a">20110714</subfield>
    </datafield>
    <datafield tag="650" ind1=" " ind2=" ">
        <subfield code="a">WESTERN ASIA</subfield>
        <subfield code="0">(DHLAUTH)275490</subfield>
    </datafield>
    <datafield tag="650" ind1=" " ind2=" ">
        <subfield code="a">INFORMATION TECHNOLOGY</subfield>
        <subfield code="0">(DHLAUTH)272714</subfield>
    </datafield>
    <datafield tag="650" ind1=" " ind2=" ">
        <subfield code="a">COMMUNICATION TECHNOLOGY</subfield>
        <subfield code="0">(DHLAUTH)272713</subfield>
    </datafield>
</record>
<record>
    <datafield tag="191" ind1=" " ind2=" ">
        <subfield code="a">E/ESCWA/ICTD/2011/TECHNICAL PAPER.5</subfield>
    </datafield>
    <datafield tag="246" ind1=" " ind2=" ">
        <subfield code="a">ارشادات الاسكوا للتشريعات السيبرانية  : مشروع تنسيق التشريعات السيبرانية لتحفيز مجتمع المعرفة في المنطقة العربية</subfield>
    </datafield>
    <datafield tag="269" ind1=" " ind2=" ">
        <subfield code="a">20120301</subfield>
    </datafield>
    <datafield tag="650" ind1=" " ind2=" ">
        <subfield code="a">CYBERNETICS</subfield>
        <subfield code="0">(DHLAUTH)270185</subfield>
    </datafield>
    <datafield tag="650" ind1=" " ind2=" ">
        <subfield code="a">FREEDOM OF EXPRESSION</subfield>
        <subfield code="0">(DHLAUTH)269393</subfield>
    </datafield>
    <datafield tag="650" ind1=" " ind2=" ">
        <subfield code="a">KNOWLEDGE MANAGEMENT</subfield>
        <subfield code="0">(DHLAUTH)551429</subfield>
    </datafield>
    <datafield tag="650" ind1=" " ind2=" ">
        <subfield code="a">INTELLECTUAL PROPERTY</subfield>
        <subfield code="0">(DHLAUTH)271874</subfield>
    </datafield>
    <datafield tag="650" ind1=" " ind2=" ">
        <subfield code="a">ELECTRONIC COMMERCE</subfield>
        <subfield code="0">(DHLAUTH)476422</subfield>
    </datafield>
    <datafield tag="650" ind1=" " ind2=" ">
        <subfield code="a">DATA PROTECTION</subfield>
        <subfield code="0">(DHLAUTH)269230</subfield>
    </datafield>
    <datafield tag="650" ind1=" " ind2=" ">
        <subfield code="a">DATA PROCESSING</subfield>
        <subfield code="0">(DHLAUTH)272727</subfield>
    </datafield>
    <datafield tag="650" ind1=" " ind2=" ">
        <subfield code="a">CONSUMER PROTECTION</subfield>
        <subfield code="0">(DHLAUTH)270246</subfield>
    </datafield>
    <datafield tag="650" ind1=" " ind2=" ">
        <subfield code="a">LAWS AND REGULATIONS</subfield>
        <subfield code="0">(DHLAUTH)268352</subfield>
    </datafield>
    <datafield tag="650" ind1=" " ind2=" ">
        <subfield code="a">WESTERN ASIA</subfield>
        <subfield code="0">(DHLAUTH)275490</subfield>
    </datafield>
    <datafield tag="650" ind1=" " ind2=" ">
        <subfield code="a">ARAB COUNTRIES</subfield>
        <subfield code="0">(DHLAUTH)268705</subfield>
    </datafield>
</record>
<record>
    <datafield tag="191" ind1=" " ind2=" ">
        <subfield code="a">E/ESCWA/ICTD/2012/1</subfield>
    </datafield>
    <datafield tag="246" ind1=" " ind2=" ">
        <subfield code="a">نشرة تكنولوجيا المعلومات والإتصالات للتنمية في غربي آسيا : ملف العدد : الحوكمة الالكترونية، العدد 17</subfield>
    </datafield>
    <datafield tag="269" ind1=" " ind2=" ">
        <subfield code="a">20120613</subfield>
    </datafield>
    <datafield tag="650" ind1=" " ind2=" ">
        <subfield code="a">INFORMATION TECHNOLOGY</subfield>
        <subfield code="0">(DHLAUTH)272714</subfield>
    </datafield>
    <datafield tag="650" ind1=" " ind2=" ">
        <subfield code="a">INTERNET</subfield>
        <subfield code="0">(DHLAUTH)438931</subfield>
    </datafield>
    <datafield tag="650" ind1=" " ind2=" ">
        <subfield code="a">COMMUNICATION TECHNOLOGY</subfield>
        <subfield code="0">(DHLAUTH)272713</subfield>
    </datafield>
    <datafield tag="650" ind1=" " ind2=" ">
        <subfield code="a">GOVERNANCE</subfield>
        <subfield code="0">(DHLAUTH)276686</subfield>
    </datafield>
    <datafield tag="650" ind1=" " ind2=" ">
        <subfield code="a">CIVIL SOCIETY</subfield>
        <subfield code="0">(DHLAUTH)479996</subfield>
    </datafield>
    <datafield tag="650" ind1=" " ind2=" ">
        <subfield code="a">LEGAL ASPECTS</subfield>
        <subfield code="0">(DHLAUTH)269366</subfield>
    </datafield>
    <datafield tag="650" ind1=" " ind2=" ">
        <subfield code="a">E-GOVERNMENT</subfield>
        <subfield code="0">(DHLAUTH)689310</subfield>
    </datafield>
    <datafield tag="650" ind1=" " ind2=" ">
        <subfield code="a">ARAB COUNTRIES</subfield>
        <subfield code="0">(DHLAUTH)268705</subfield>
    </datafield>
    <datafield tag="650" ind1=" " ind2=" ">
        <subfield code="a">UNITED ARAB EMIRATES</subfield>
        <subfield code="0">(DHLAUTH)275604</subfield>
    </datafield>
    <datafield tag="650" ind1=" " ind2=" ">
        <subfield code="a">LEBANON</subfield>
        <subfield code="0">(DHLAUTH)269069</subfield>
    </datafield>
    <datafield tag="650" ind1=" " ind2=" ">
        <subfield code="a">SERIAL PUBLICATIONS</subfield>
        <subfield code="0">(DHLAUTH)275065</subfield>
    </datafield>
</record>
<record>
    <datafield tag="191" ind1=" " ind2=" ">
        <subfield code="a">E/ESCWA/ICTD/2012/TECHNICAL PAPER.4</subfield>
    </datafield>
    <datafield tag="245" ind1=" " ind2=" ">
        <subfield code="a">STATUS OF THE DIGITAL ARABIC CONTENT INDUSTRY IN THE ARAB REGION</subfield>
    </datafield>
    <datafield tag="269" ind1=" " ind2=" ">
        <subfield code="a">20121105</subfield>
    </datafield>
    <datafield tag="650" ind1=" " ind2=" ">
        <subfield code="a">KNOWLEDGE-BASED ECONOMY</subfield>
        <subfield code="0">(DHLAUTH)654229</subfield>
    </datafield>
    <datafield tag="650" ind1=" " ind2=" ">
        <subfield code="a">INFORMATION DISSEMINATION</subfield>
        <subfield code="0">(DHLAUTH)275051</subfield>
    </datafield>
    <datafield tag="650" ind1=" " ind2=" ">
        <subfield code="a">INFORMATION TECHNOLOGY</subfield>
        <subfield code="0">(DHLAUTH)272714</subfield>
    </datafield>
    <datafield tag="650" ind1=" " ind2=" ">
        <subfield code="a">INDUSTRIAL PROMOTION</subfield>
        <subfield code="0">(DHLAUTH)271792</subfield>
    </datafield>
    <datafield tag="650" ind1=" " ind2=" ">
        <subfield code="a">INDUSTRIAL POLICY</subfield>
        <subfield code="0">(DHLAUTH)269933</subfield>
    </datafield>
    <datafield tag="650" ind1=" " ind2=" ">
        <subfield code="a">DIGITAL DIVIDE</subfield>
        <subfield code="0">(DHLAUTH)606386</subfield>
    </datafield>
    <datafield tag="650" ind1=" " ind2=" ">
        <subfield code="a">INTERNET</subfield>
        <subfield code="0">(DHLAUTH)438931</subfield>
    </datafield>
    <datafield tag="650" ind1=" " ind2=" ">
        <subfield code="a">FUNDS</subfield>
        <subfield code="0">(DHLAUTH)275772</subfield>
    </datafield>
    <datafield tag="650" ind1=" " ind2=" ">
        <subfield code="a">ECOSYSTEMS</subfield>
        <subfield code="0">(DHLAUTH)270620</subfield>
    </datafield>
    <datafield tag="650" ind1=" " ind2=" ">
        <subfield code="a">ARAB COUNTRIES</subfield>
        <subfield code="0">(DHLAUTH)268705</subfield>
    </datafield>
</record>
<record>
    <datafield tag="191" ind1=" " ind2=" ">
        <subfield code="a">E/ESCWA/ICTD/2013/ BROCURE.1</subfield>
    </datafield>
    <datafield tag="245" ind1=" " ind2=" ">
        <subfield code="a">THE DIGITAL ARABIC CONTENT INDUSTRY : THINKING DIGITAL ? LET'S INNOVATE IN ARABIC = صناعة المحتوى الرقمي العربي : تفكر رقمياً ؟ ابتكر عربياً</subfield>
    </datafield>
    <datafield tag="269" ind1=" " ind2=" ">
        <subfield code="a">20130601</subfield>
    </datafield>
    <datafield tag="650" ind1=" " ind2=" ">
        <subfield code="a">COMMUNICATION TECHNOLOGY</subfield>
        <subfield code="0">(DHLAUTH)272713</subfield>
    </datafield>
    <datafield tag="650" ind1=" " ind2=" ">
        <subfield code="a">INFORMATION TECHNOLOGY</subfield>
        <subfield code="0">(DHLAUTH)272714</subfield>
    </datafield>
    <datafield tag="650" ind1=" " ind2=" ">
        <subfield code="a">ARABIC LANGUAGE</subfield>
        <subfield code="0">(DHLAUTH)274768</subfield>
    </datafield>
    <datafield tag="650" ind1=" " ind2=" ">
        <subfield code="a">INTERNET</subfield>
        <subfield code="0">(DHLAUTH)438931</subfield>
    </datafield>
</record>
<record>
    <datafield tag="191" ind1=" " ind2=" ">
        <subfield code="a">E/ESCWA/ICTD/2013/3</subfield>
    </datafield>
    <datafield tag="246" ind1=" " ind2=" ">
        <subfield code="a">نشرة تكنولوجيا المعلومات والاتصالات للتنمية في المنطقة العربية : ملف العدد : البحث والتطوير والابتكار في اقتصاد المعرفة، العدد 19</subfield>
    </datafield>
    <datafield tag="269" ind1=" " ind2=" ">
        <subfield code="a">20140301</subfield>
    </datafield>
    <datafield tag="650" ind1=" " ind2=" ">
        <subfield code="a">INFORMATION TECHNOLOGY</subfield>
        <subfield code="0">(DHLAUTH)272714</subfield>
    </datafield>
    <datafield tag="650" ind1=" " ind2=" ">
        <subfield code="a">COMMUNICATION TECHNOLOGY</subfield>
        <subfield code="0">(DHLAUTH)272713</subfield>
    </datafield>
    <datafield tag="650" ind1=" " ind2=" ">
        <subfield code="a">INNOVATIONS</subfield>
        <subfield code="0">(DHLAUTH)271352</subfield>
    </datafield>
    <datafield tag="650" ind1=" " ind2=" ">
        <subfield code="a">KNOWLEDGE-BASED ECONOMY</subfield>
        <subfield code="0">(DHLAUTH)654229</subfield>
    </datafield>
    <datafield tag="650" ind1=" " ind2=" ">
        <subfield code="a">BUSINESS ENTERPRISES</subfield>
        <subfield code="0">(DHLAUTH)269199</subfield>
    </datafield>
    <datafield tag="650" ind1=" " ind2=" ">
        <subfield code="a">REGIONAL COOPERATION</subfield>
        <subfield code="0">(DHLAUTH)268656</subfield>
    </datafield>
    <datafield tag="650" ind1=" " ind2=" ">
        <subfield code="a">COMPETITIVENESS</subfield>
        <subfield code="0">(DHLAUTH)677317</subfield>
    </datafield>
    <datafield tag="650" ind1=" " ind2=" ">
        <subfield code="a">ARAB COUNTRIES</subfield>
        <subfield code="0">(DHLAUTH)268705</subfield>
    </datafield>
    <datafield tag="650" ind1=" " ind2=" ">
        <subfield code="a">SERIAL PUBLICATIONS</subfield>
        <subfield code="0">(DHLAUTH)275065</subfield>
    </datafield>
</record>
<record>
    <datafield tag="191" ind1=" " ind2=" ">
        <subfield code="a">E/ESCWA/ICTD/2013/5</subfield>
    </datafield>
    <datafield tag="245" ind1=" " ind2=" ">
        <subfield code="a">نشرة تكنولوجيا المعلومات والاتصالات للتنمية في المنطقة العربية، العدد 20 : ملف العدد : الحكومة الالكترونية - افضل الممارسات والتوجهات</subfield>
    </datafield>
    <datafield tag="269" ind1=" " ind2=" ">
        <subfield code="a">20140301</subfield>
    </datafield>
    <datafield tag="650" ind1=" " ind2=" ">
        <subfield code="a">INFORMATION TECHNOLOGY</subfield>
        <subfield code="0">(DHLAUTH)272714</subfield>
    </datafield>
    <datafield tag="650" ind1=" " ind2=" ">
        <subfield code="a">COMMUNICATION TECHNOLOGY</subfield>
        <subfield code="0">(DHLAUTH)272713</subfield>
    </datafield>
    <datafield tag="650" ind1=" " ind2=" ">
        <subfield code="a">DIGITAL DIVIDE</subfield>
        <subfield code="0">(DHLAUTH)606386</subfield>
    </datafield>
    <datafield tag="650" ind1=" " ind2=" ">
        <subfield code="a">ECONOMIC DEVELOPMENT</subfield>
        <subfield code="0">(DHLAUTH)269755</subfield>
    </datafield>
    <datafield tag="650" ind1=" " ind2=" ">
        <subfield code="a">ARAB COUNTRIES</subfield>
        <subfield code="0">(DHLAUTH)268705</subfield>
    </datafield>
    <datafield tag="650" ind1=" " ind2=" ">
        <subfield code="a">SERIAL PUBLICATIONS</subfield>
        <subfield code="0">(DHLAUTH)275065</subfield>
    </datafield>
</record>
<record>
    <datafield tag="191" ind1=" " ind2=" ">
        <subfield code="a">E/ESCWA/ICTD/2013/TECHNICAL PAPER.2</subfield>
    </datafield>
    <datafield tag="245" ind1=" " ind2=" ">
        <subfield code="a">POLICY NOTE : DEVELOPMENT AND HARMONIZATION OF CYBER LEGISLATION IN THE ARAB REGION</subfield>
    </datafield>
    <datafield tag="246" ind1=" " ind2=" ">
        <subfield code="a">مذكرة سياساتية تطوير وتنسيق التشريعات السيبرانية في المنطقة العربية</subfield>
    </datafield>
    <datafield tag="269" ind1=" " ind2=" ">
        <subfield code="a">20130704</subfield>
    </datafield>
    <datafield tag="650" ind1=" " ind2=" ">
        <subfield code="a">CYBERNETICS</subfield>
        <subfield code="0">(DHLAUTH)270185</subfield>
    </datafield>
    <datafield tag="650" ind1=" " ind2=" ">
        <subfield code="a">LAWS AND REGULATIONS</subfield>
        <subfield code="0">(DHLAUTH)268352</subfield>
    </datafield>
    <datafield tag="650" ind1=" " ind2=" ">
        <subfield code="a">ARAB COUNTRIES</subfield>
        <subfield code="0">(DHLAUTH)268705</subfield>
    </datafield>
</record>
<record>
    <datafield tag="191" ind1=" " ind2=" ">
        <subfield code="a">E/ESCWA/ICTD/2013/TECHNICAL PAPER.3</subfield>
    </datafield>
    <datafield tag="245" ind1=" " ind2=" ">
        <subfield code="a">IMPACT OF ICT ON ARAB YOUTH : EMPLOYMENT, EDUCATION AND SOCIAL CHANGE</subfield>
    </datafield>
    <datafield tag="269" ind1=" " ind2=" ">
        <subfield code="a">20131118</subfield>
    </datafield>
    <datafield tag="650" ind1=" " ind2=" ">
        <subfield code="a">INFORMATION SOCIETY</subfield>
        <subfield code="0">(DHLAUTH)612610</subfield>
    </datafield>
    <datafield tag="650" ind1=" " ind2=" ">
        <subfield code="a">COMMUNICATION TECHNOLOGY</subfield>
        <subfield code="0">(DHLAUTH)272713</subfield>
    </datafield>
    <datafield tag="650" ind1=" " ind2=" ">
        <subfield code="a">INFORMATION TECHNOLOGY</subfield>
        <subfield code="0">(DHLAUTH)272714</subfield>
    </datafield>
    <datafield tag="650" ind1=" " ind2=" ">
        <subfield code="a">YOUTH</subfield>
        <subfield code="0">(DHLAUTH)269401</subfield>
    </datafield>
    <datafield tag="650" ind1=" " ind2=" ">
        <subfield code="a">YOUTH EMPLOYMENT</subfield>
        <subfield code="0">(DHLAUTH)274031</subfield>
    </datafield>
    <datafield tag="650" ind1=" " ind2=" ">
        <subfield code="a">EDUCATION</subfield>
        <subfield code="0">(DHLAUTH)268926</subfield>
    </datafield>
    <datafield tag="650" ind1=" " ind2=" ">
        <subfield code="a">SOCIAL CHANGE</subfield>
        <subfield code="0">(DHLAUTH)268519</subfield>
    </datafield>
    <datafield tag="650" ind1=" " ind2=" ">
        <subfield code="a">ARAB COUNTRIES</subfield>
        <subfield code="0">(DHLAUTH)268705</subfield>
    </datafield>
</record>
<record>
    <datafield tag="191" ind1=" " ind2=" ">
        <subfield code="a">E/ESCWA/ICTD/2013/TECHNICAL PAPER.5</subfield>
    </datafield>
    <datafield tag="246" ind1=" " ind2=" ">
        <subfield code="a">مذكرة حول سياسات المحتوى الرقمي العربي = POLICY NOTE ON DIGITAL ARABIC CONTENT</subfield>
    </datafield>
    <datafield tag="269" ind1=" " ind2=" ">
        <subfield code="a">20131230</subfield>
    </datafield>
    <datafield tag="650" ind1=" " ind2=" ">
        <subfield code="a">DIGITAL DIVIDE</subfield>
        <subfield code="0">(DHLAUTH)606386</subfield>
    </datafield>
    <datafield tag="650" ind1=" " ind2=" ">
        <subfield code="a">ARABIC LANGUAGE</subfield>
        <subfield code="0">(DHLAUTH)274768</subfield>
    </datafield>
    <datafield tag="650" ind1=" " ind2=" ">
        <subfield code="a">ARAB COUNTRIES</subfield>
        <subfield code="0">(DHLAUTH)268705</subfield>
    </datafield>
</record>
<record>
    <datafield tag="191" ind1=" " ind2=" ">
        <subfield code="a">E/ESCWA/ID/1990/1</subfield>
    </datafield>
    <datafield tag="246" ind1=" " ind2=" ">
        <subfield code="a">تقرير عن المهمة الإستشارية الى جامعة صنعاء, الجمهورية العربية اليمنية, خلال الفترتين من 16-25 كانون الأول/ديسمبر 1989 و13-17 كانو الثاني/يناير 1990</subfield>
    </datafield>
    <datafield tag="269" ind1=" " ind2=" ">
        <subfield code="a">19900206</subfield>
    </datafield>
    <datafield tag="650" ind1=" " ind2=" ">
        <subfield code="a">SCIENCE AND TECHNOLOGY</subfield>
        <subfield code="0">(DHLAUTH)275209</subfield>
    </datafield>
    <datafield tag="650" ind1=" " ind2=" ">
        <subfield code="a">ADVISORY SERVICES</subfield>
        <subfield code="0">(DHLAUTH)269860</subfield>
    </datafield>
    <datafield tag="650" ind1=" " ind2=" ">
        <subfield code="a">RECOMMENDATIONS</subfield>
        <subfield code="0">(DHLAUTH)275840</subfield>
    </datafield>
    <datafield tag="650" ind1=" " ind2=" ">
        <subfield code="a">YEMEN</subfield>
        <subfield code="0">(DHLAUTH)273521</subfield>
    </datafield>
    <datafield tag="650" ind1=" " ind2=" ">
        <subfield code="a">UNIVERSITIES AND COLLEGES</subfield>
        <subfield code="0">(DHLAUTH)273940</subfield>
    </datafield>
</record>
<record>
    <datafield tag="191" ind1=" " ind2=" ">
        <subfield code="a">E/ESCWA/ID/1992/12</subfield>
    </datafield>
    <datafield tag="245" ind1=" " ind2=" ">
        <subfield code="a">PROCEEDINGS EXPERT GROUP MEETING ON THE ABSORPTION OF RETUNEES IN THE ESCWA REGION WITH SPECIAL EMPHASIS ON OPPORTUNITIES IN THE INDUSTRIAL SECTOR, 16-17 DECEMBER 1991, AMMAN, JORDAN</subfield>
    </datafield>
    <datafield tag="269" ind1=" " ind2=" ">
        <subfield code="a">19921020</subfield>
    </datafield>
    <datafield tag="650" ind1=" " ind2=" ">
        <subfield code="a">RETURN MIGRATION</subfield>
        <subfield code="0">(DHLAUTH)273078</subfield>
    </datafield>
    <datafield tag="650" ind1=" " ind2=" ">
        <subfield code="a">IRAQ-KUWAIT SITUATION</subfield>
        <subfield code="0">(DHLAUTH)275608</subfield>
    </datafield>
    <datafield tag="650" ind1=" " ind2=" ">
        <subfield code="a">CONFERENCES</subfield>
        <subfield code="0">(DHLAUTH)275758</subfield>
    </datafield>
    <datafield tag="650" ind1=" " ind2=" ">
        <subfield code="a">UNEMPLOYMENT</subfield>
        <subfield code="0">(DHLAUTH)269726</subfield>
    </datafield>
    <datafield tag="650" ind1=" " ind2=" ">
        <subfield code="a">ECONOMIC ANALYSIS</subfield>
        <subfield code="0">(DHLAUTH)269649</subfield>
    </datafield>
    <datafield tag="650" ind1=" " ind2=" ">
        <subfield code="a">INDUSTRIAL SECTOR</subfield>
        <subfield code="0">(DHLAUTH)271815</subfield>
    </datafield>
    <datafield tag="650" ind1=" " ind2=" ">
        <subfield code="a">RECOMMENDATIONS</subfield>
        <subfield code="0">(DHLAUTH)275840</subfield>
    </datafield>
</record>
<record>
    <datafield tag="191" ind1=" " ind2=" ">
        <subfield code="a">E/ESCWA/ID/1992/17</subfield>
    </datafield>
    <datafield tag="246" ind1=" " ind2=" ">
        <subfield code="a">دليل المدرب حول كيف تؤسس مشروعا خاصا بك</subfield>
    </datafield>
    <datafield tag="269" ind1=" " ind2=" ">
        <subfield code="a">19921011</subfield>
    </datafield>
    <datafield tag="650" ind1=" " ind2=" ">
        <subfield code="a">SOCIAL CONDITIONS</subfield>
        <subfield code="0">(DHLAUTH)268327</subfield>
    </datafield>
    <datafield tag="650" ind1=" " ind2=" ">
        <subfield code="a">VOCATIONAL TRAINING</subfield>
        <subfield code="0">(DHLAUTH)271390</subfield>
    </datafield>
    <datafield tag="650" ind1=" " ind2=" ">
        <subfield code="a">TRAINING PROGRAMMES</subfield>
        <subfield code="0">(DHLAUTH)274026</subfield>
    </datafield>
    <datafield tag="650" ind1=" " ind2=" ">
        <subfield code="a">PILOT PROJECTS</subfield>
        <subfield code="0">(DHLAUTH)275768</subfield>
    </datafield>
    <datafield tag="650" ind1=" " ind2=" ">
        <subfield code="a">EVIDENCE</subfield>
        <subfield code="0">(DHLAUTH)269229</subfield>
    </datafield>
    <datafield tag="650" ind1=" " ind2=" ">
        <subfield code="a">WESTERN ASIA</subfield>
        <subfield code="0">(DHLAUTH)275490</subfield>
    </datafield>
</record>
<record>
    <datafield tag="191" ind1=" " ind2=" ">
        <subfield code="a">E/ESCWA/ID/1992/4</subfield>
    </datafield>
    <datafield tag="246" ind1=" " ind2=" ">
        <subfield code="a">تقرير عن المهمة الإستشارية لوزارة الزراعة والاسماك, سلطنة عمان, خلال الفترة من 30 كانون الأول/ديسمبر 1991 - 19 كانون الثاني/يناير 1992</subfield>
    </datafield>
    <datafield tag="269" ind1=" " ind2=" ">
        <subfield code="a">19920122</subfield>
    </datafield>
    <datafield tag="650" ind1=" " ind2=" ">
        <subfield code="a">WESTERN ASIA</subfield>
        <subfield code="0">(DHLAUTH)275490</subfield>
    </datafield>
    <datafield tag="650" ind1=" " ind2=" ">
        <subfield code="a">ADVISORY SERVICES</subfield>
        <subfield code="0">(DHLAUTH)269860</subfield>
    </datafield>
    <datafield tag="650" ind1=" " ind2=" ">
        <subfield code="a">RECOMMENDATIONS</subfield>
        <subfield code="0">(DHLAUTH)275840</subfield>
    </datafield>
    <datafield tag="650" ind1=" " ind2=" ">
        <subfield code="a">SCIENTIFIC RESEARCH</subfield>
        <subfield code="0">(DHLAUTH)270603</subfield>
    </datafield>
    <datafield tag="650" ind1=" " ind2=" ">
        <subfield code="a">MANAGEMENT</subfield>
        <subfield code="0">(DHLAUTH)269660</subfield>
    </datafield>
    <datafield tag="650" ind1=" " ind2=" ">
        <subfield code="a">OMAN</subfield>
        <subfield code="0">(DHLAUTH)273438</subfield>
    </datafield>
</record>
<record>
    <datafield tag="191" ind1=" " ind2=" ">
        <subfield code="a">E/ESCWA/ID/1992/7</subfield>
    </datafield>
    <datafield tag="246" ind1=" " ind2=" ">
        <subfield code="a">سبل تطوير الصناعات  الصغيرة والمتوسطة وتنمية صادراتها مع إشارة خاصة إلى إنشاء بيوت تجارية لتصدير منتجاتها</subfield>
    </datafield>
    <datafield tag="269" ind1=" " ind2=" ">
        <subfield code="a">19920820</subfield>
    </datafield>
    <datafield tag="650" ind1=" " ind2=" ">
        <subfield code="a">SMALL ENTERPRISES</subfield>
        <subfield code="0">(DHLAUTH)269624</subfield>
    </datafield>
    <datafield tag="650" ind1=" " ind2=" ">
        <subfield code="a">MEDIUM ENTERPRISES</subfield>
        <subfield code="0">(DHLAUTH)526842</subfield>
    </datafield>
    <datafield tag="650" ind1=" " ind2=" ">
        <subfield code="a">INDUSTRIAL PRODUCTION</subfield>
        <subfield code="0">(DHLAUTH)269662</subfield>
    </datafield>
    <datafield tag="650" ind1=" " ind2=" ">
        <subfield code="a">EXPORT PROMOTION</subfield>
        <subfield code="0">(DHLAUTH)271791</subfield>
    </datafield>
    <datafield tag="650" ind1=" " ind2=" ">
        <subfield code="a">JORDAN</subfield>
        <subfield code="0">(DHLAUTH)269099</subfield>
    </datafield>
    <datafield tag="650" ind1=" " ind2=" ">
        <subfield code="a">WESTERN ASIA</subfield>
        <subfield code="0">(DHLAUTH)275490</subfield>
    </datafield>
</record>
<record>
    <datafield tag="191" ind1=" " ind2=" ">
        <subfield code="a">E/ESCWA/ID/1992/9</subfield>
    </datafield>
    <datafield tag="246" ind1=" " ind2=" ">
        <subfield code="a">تقرير عن المهمة الإستشارية حول "وضع أساليب متطور لتحديد القيمة المضافة ونسبة الصنع المحلي للإنتاج الصناعي", المملكة الأردنية الهاشمية -الأردن.</subfield>
    </datafield>
    <datafield tag="269" ind1=" " ind2=" ">
        <subfield code="a">19930412</subfield>
    </datafield>
    <datafield tag="650" ind1=" " ind2=" ">
        <subfield code="a">INDUSTRIAL PRODUCTION</subfield>
        <subfield code="0">(DHLAUTH)269662</subfield>
    </datafield>
    <datafield tag="650" ind1=" " ind2=" ">
        <subfield code="a">PRODUCTION COSTS</subfield>
        <subfield code="0">(DHLAUTH)269622</subfield>
    </datafield>
    <datafield tag="650" ind1=" " ind2=" ">
        <subfield code="a">PRODUCTION</subfield>
        <subfield code="0">(DHLAUTH)269667</subfield>
    </datafield>
    <datafield tag="650" ind1=" " ind2=" ">
        <subfield code="a">JORDAN</subfield>
        <subfield code="0">(DHLAUTH)269099</subfield>
    </datafield>
    <datafield tag="650" ind1=" " ind2=" ">
        <subfield code="a">WESTERN ASIA</subfield>
        <subfield code="0">(DHLAUTH)275490</subfield>
    </datafield>
</record>
<record>
    <datafield tag="191" ind1=" " ind2=" ">
        <subfield code="a">E/ESCWA/ID/1993/1</subfield>
    </datafield>
    <datafield tag="246" ind1=" " ind2=" ">
        <subfield code="a">تقرير عن المهمة الاستشارية الى دائرة الصناعات الزراعية والحيوانية في وزارة الزراعة والثروة السمكية خلال الفترة من 24 كانون الثاني/يناير الى شباط/فبراير 1993</subfield>
    </datafield>
    <datafield tag="269" ind1=" " ind2=" ">
        <subfield code="a">19930412</subfield>
    </datafield>
    <datafield tag="650" ind1=" " ind2=" ">
        <subfield code="a">WESTERN ASIA</subfield>
        <subfield code="0">(DHLAUTH)275490</subfield>
    </datafield>
    <datafield tag="650" ind1=" " ind2=" ">
        <subfield code="a">AGRICULTURAL PRODUCTION</subfield>
        <subfield code="0">(DHLAUTH)269670</subfield>
    </datafield>
    <datafield tag="650" ind1=" " ind2=" ">
        <subfield code="a">OMAN</subfield>
        <subfield code="0">(DHLAUTH)273438</subfield>
    </datafield>
    <datafield tag="650" ind1=" " ind2=" ">
        <subfield code="a">ADVISORY SERVICES</subfield>
        <subfield code="0">(DHLAUTH)269860</subfield>
    </datafield>
    <datafield tag="650" ind1=" " ind2=" ">
        <subfield code="a">PRODUCTION</subfield>
        <subfield code="0">(DHLAUTH)269667</subfield>
    </datafield>
    <datafield tag="650" ind1=" " ind2=" ">
        <subfield code="a">GROSS DOMESTIC PRODUCT</subfield>
        <subfield code="0">(DHLAUTH)269801</subfield>
    </datafield>
</record>
<record>
    <datafield tag="191" ind1=" " ind2=" ">
        <subfield code="a">E/ESCWA/ID/1993/10</subfield>
    </datafield>
    <datafield tag="246" ind1=" " ind2=" ">
        <subfield code="a">القطاع الصناعي في الجمهورية اليمنية : الاوضاع الراهنة والافاق الاستثمارية</subfield>
    </datafield>
    <datafield tag="269" ind1=" " ind2=" ">
        <subfield code="a">19931219</subfield>
    </datafield>
    <datafield tag="650" ind1=" " ind2=" ">
        <subfield code="a">INDUSTRIAL SECTOR</subfield>
        <subfield code="0">(DHLAUTH)271815</subfield>
    </datafield>
    <datafield tag="650" ind1=" " ind2=" ">
        <subfield code="a">TECHNOLOGY</subfield>
        <subfield code="0">(DHLAUTH)271833</subfield>
    </datafield>
    <datafield tag="650" ind1=" " ind2=" ">
        <subfield code="a">PRIVATIZATION</subfield>
        <subfield code="0">(DHLAUTH)270028</subfield>
    </datafield>
    <datafield tag="650" ind1=" " ind2=" ">
        <subfield code="a">PRIVATE SECTOR</subfield>
        <subfield code="0">(DHLAUTH)269684</subfield>
    </datafield>
    <datafield tag="650" ind1=" " ind2=" ">
        <subfield code="a">RULES AND REGULATIONS</subfield>
        <subfield code="0">(DHLAUTH)275745</subfield>
    </datafield>
    <datafield tag="650" ind1=" " ind2=" ">
        <subfield code="a">RECOMMENDATIONS</subfield>
        <subfield code="0">(DHLAUTH)275840</subfield>
    </datafield>
    <datafield tag="650" ind1=" " ind2=" ">
        <subfield code="a">SCIENCE AND TECHNOLOGY</subfield>
        <subfield code="0">(DHLAUTH)275209</subfield>
    </datafield>
    <datafield tag="650" ind1=" " ind2=" ">
        <subfield code="a">YEMEN</subfield>
        <subfield code="0">(DHLAUTH)273521</subfield>
    </datafield>
    <datafield tag="650" ind1=" " ind2=" ">
        <subfield code="a">WESTERN ASIA</subfield>
        <subfield code="0">(DHLAUTH)275490</subfield>
    </datafield>
    <datafield tag="650" ind1=" " ind2=" ">
        <subfield code="a">INVESTMENTS</subfield>
        <subfield code="0">(DHLAUTH)269859</subfield>
    </datafield>
    <datafield tag="650" ind1=" " ind2=" ">
        <subfield code="a">STATISTICAL DATA</subfield>
        <subfield code="0">(DHLAUTH)270233</subfield>
    </datafield>
</record>
<record>
    <datafield tag="191" ind1=" " ind2=" ">
        <subfield code="a">E/ESCWA/ID/1993/11/ADD.1</subfield>
    </datafield>
    <datafield tag="245" ind1=" " ind2=" ">
        <subfield code="a">REVIEW OF RECENT DEVELOPMENT OF MANUFACTURING ACTIVITIES AND PROSPECTS IN THE ESCWA REGION, 1993</subfield>
    </datafield>
    <datafield tag="269" ind1=" " ind2=" ">
        <subfield code="a">19930421</subfield>
    </datafield>
    <datafield tag="650" ind1=" " ind2=" ">
        <subfield code="a">WESTERN ASIA</subfield>
        <subfield code="0">(DHLAUTH)275490</subfield>
    </datafield>
    <datafield tag="650" ind1=" " ind2=" ">
        <subfield code="a">ECONOMIC CONDITIONS</subfield>
        <subfield code="0">(DHLAUTH)269719</subfield>
    </datafield>
    <datafield tag="650" ind1=" " ind2=" ">
        <subfield code="a">PEACE</subfield>
        <subfield code="0">(DHLAUTH)268448</subfield>
    </datafield>
    <datafield tag="650" ind1=" " ind2=" ">
        <subfield code="a">MACROECONOMICS</subfield>
        <subfield code="0">(DHLAUTH)269604</subfield>
    </datafield>
    <datafield tag="650" ind1=" " ind2=" ">
        <subfield code="a">REGIONAL COOPERATION</subfield>
        <subfield code="0">(DHLAUTH)268656</subfield>
    </datafield>
    <datafield tag="650" ind1=" " ind2=" ">
        <subfield code="a">INDUSTRIAL PRODUCTION</subfield>
        <subfield code="0">(DHLAUTH)269662</subfield>
    </datafield>
    <datafield tag="650" ind1=" " ind2=" ">
        <subfield code="a">ISRAEL</subfield>
        <subfield code="0">(DHLAUTH)268556</subfield>
    </datafield>
</record>
<record>
    <datafield tag="191" ind1=" " ind2=" ">
        <subfield code="a">E/ESCWA/ID/1993/2</subfield>
    </datafield>
    <datafield tag="191" ind1=" " ind2=" ">
        <subfield code="a">E/ESCWA/NR/1993/6</subfield>
    </datafield>
    <datafield tag="246" ind1=" " ind2=" ">
        <subfield code="a">تقرير عن المهمة الاستشارية الى مجلس الانماء والاعمار, بيروت, الجمهورية اللبنانية خلال الفترة 10-20 نيسان/ابريل 1993</subfield>
    </datafield>
    <datafield tag="269" ind1=" " ind2=" ">
        <subfield code="a">19930516</subfield>
    </datafield>
    <datafield tag="650" ind1=" " ind2=" ">
        <subfield code="a">ADVISORY SERVICES</subfield>
        <subfield code="0">(DHLAUTH)269860</subfield>
    </datafield>
    <datafield tag="650" ind1=" " ind2=" ">
        <subfield code="a">CEMENT INDUSTRY</subfield>
        <subfield code="0">(DHLAUTH)272076</subfield>
    </datafield>
    <datafield tag="650" ind1=" " ind2=" ">
        <subfield code="a">CEMENT</subfield>
        <subfield code="0">(DHLAUTH)271094</subfield>
    </datafield>
    <datafield tag="650" ind1=" " ind2=" ">
        <subfield code="a">LEBANON</subfield>
        <subfield code="0">(DHLAUTH)269069</subfield>
    </datafield>
</record>
<record>
    <datafield tag="191" ind1=" " ind2=" ">
        <subfield code="a">E/ESCWA/ID/1993/3</subfield>
    </datafield>
    <datafield tag="246" ind1=" " ind2=" ">
        <subfield code="a">واقع صناعة العجينة والورق وتطورها في بعض الدول العربية</subfield>
    </datafield>
    <datafield tag="269" ind1=" " ind2=" ">
        <subfield code="a">19930607</subfield>
    </datafield>
    <datafield tag="650" ind1=" " ind2=" ">
        <subfield code="a">WESTERN ASIA</subfield>
        <subfield code="0">(DHLAUTH)275490</subfield>
    </datafield>
    <datafield tag="650" ind1=" " ind2=" ">
        <subfield code="a">RAW MATERIALS</subfield>
        <subfield code="0">(DHLAUTH)268983</subfield>
    </datafield>
    <datafield tag="650" ind1=" " ind2=" ">
        <subfield code="a">INDUSTRIAL TECHNOLOGY</subfield>
        <subfield code="0">(DHLAUTH)271934</subfield>
    </datafield>
    <datafield tag="650" ind1=" " ind2=" ">
        <subfield code="a">RESEARCH AND DEVELOPMENT</subfield>
        <subfield code="0">(DHLAUTH)271949</subfield>
    </datafield>
    <datafield tag="650" ind1=" " ind2=" ">
        <subfield code="a">INDUSTRIAL COOPERATION</subfield>
        <subfield code="0">(DHLAUTH)269915</subfield>
    </datafield>
    <datafield tag="650" ind1=" " ind2=" ">
        <subfield code="a">RECOMMENDATIONS</subfield>
        <subfield code="0">(DHLAUTH)275840</subfield>
    </datafield>
    <datafield tag="650" ind1=" " ind2=" ">
        <subfield code="a">INDUSTRIAL STATISTICS</subfield>
        <subfield code="0">(DHLAUTH)270195</subfield>
    </datafield>
    <datafield tag="650" ind1=" " ind2=" ">
        <subfield code="a">STATISTICAL DATA</subfield>
        <subfield code="0">(DHLAUTH)270233</subfield>
    </datafield>
    <datafield tag="650" ind1=" " ind2=" ">
        <subfield code="a">CONSUMPTION</subfield>
        <subfield code="0">(DHLAUTH)269577</subfield>
    </datafield>
    <datafield tag="650" ind1=" " ind2=" ">
        <subfield code="a">PACKAGING</subfield>
        <subfield code="0">(DHLAUTH)270251</subfield>
    </datafield>
    <datafield tag="650" ind1=" " ind2=" ">
        <subfield code="a">RECYCLING</subfield>
        <subfield code="0">(DHLAUTH)270592</subfield>
    </datafield>
</record>
<record>
    <datafield tag="191" ind1=" " ind2=" ">
        <subfield code="a">E/ESCWA/ID/1993/4 (III)</subfield>
    </datafield>
    <datafield tag="245" ind1=" " ind2=" ">
        <subfield code="a">REGIONAL SURVEY OF PRODUCTION AND CONSUMPTION OF SUBSTANCES HARMFUL TO THE OZONE LAYER IN THE ESCWA REGION</subfield>
    </datafield>
    <datafield tag="269" ind1=" " ind2=" ">
        <subfield code="a">19930831</subfield>
    </datafield>
    <datafield tag="650" ind1=" " ind2=" ">
        <subfield code="a">STATISTICAL DATA</subfield>
        <subfield code="0">(DHLAUTH)270233</subfield>
    </datafield>
    <datafield tag="650" ind1=" " ind2=" ">
        <subfield code="a">WESTERN ASIA</subfield>
        <subfield code="0">(DHLAUTH)275490</subfield>
    </datafield>
    <datafield tag="650" ind1=" " ind2=" ">
        <subfield code="a">HARMFUL PRODUCTS</subfield>
        <subfield code="0">(DHLAUTH)269543</subfield>
    </datafield>
    <datafield tag="650" ind1=" " ind2=" ">
        <subfield code="a">OZONE-DEPLETING SUBSTANCES</subfield>
        <subfield code="0">(DHLAUTH)270817</subfield>
    </datafield>
    <datafield tag="650" ind1=" " ind2=" ">
        <subfield code="a">OZONE LAYER</subfield>
        <subfield code="0">(DHLAUTH)270689</subfield>
    </datafield>
    <datafield tag="650" ind1=" " ind2=" ">
        <subfield code="a">COSTS</subfield>
        <subfield code="0">(DHLAUTH)269595</subfield>
    </datafield>
    <datafield tag="650" ind1=" " ind2=" ">
        <subfield code="a">ENVIRONMENTAL POLICY</subfield>
        <subfield code="0">(DHLAUTH)269904</subfield>
    </datafield>
    <datafield tag="650" ind1=" " ind2=" ">
        <subfield code="a">ENVIRONMENTAL PROTECTION</subfield>
        <subfield code="0">(DHLAUTH)270598</subfield>
    </datafield>
</record>
<record>
    <datafield tag="191" ind1=" " ind2=" ">
        <subfield code="a">E/ESCWA/ID/1993/4 (II)</subfield>
    </datafield>
    <datafield tag="245" ind1=" " ind2=" ">
        <subfield code="a">REGIONAL SURVEY OF PRODUCTION AND CONSUMPTION OF SUBSTANCES HARMFUL TO THE OZONE LAYER IN THE ESCWA REGION</subfield>
    </datafield>
    <datafield tag="269" ind1=" " ind2=" ">
        <subfield code="a">19930831</subfield>
    </datafield>
    <datafield tag="650" ind1=" " ind2=" ">
        <subfield code="a">STATISTICAL DATA</subfield>
        <subfield code="0">(DHLAUTH)270233</subfield>
    </datafield>
    <datafield tag="650" ind1=" " ind2=" ">
        <subfield code="a">WESTERN ASIA</subfield>
        <subfield code="0">(DHLAUTH)275490</subfield>
    </datafield>
    <datafield tag="650" ind1=" " ind2=" ">
        <subfield code="a">HARMFUL PRODUCTS</subfield>
        <subfield code="0">(DHLAUTH)269543</subfield>
    </datafield>
    <datafield tag="650" ind1=" " ind2=" ">
        <subfield code="a">OZONE-DEPLETING SUBSTANCES</subfield>
        <subfield code="0">(DHLAUTH)270817</subfield>
    </datafield>
    <datafield tag="650" ind1=" " ind2=" ">
        <subfield code="a">OZONE LAYER</subfield>
        <subfield code="0">(DHLAUTH)270689</subfield>
    </datafield>
    <datafield tag="650" ind1=" " ind2=" ">
        <subfield code="a">COSTS</subfield>
        <subfield code="0">(DHLAUTH)269595</subfield>
    </datafield>
    <datafield tag="650" ind1=" " ind2=" ">
        <subfield code="a">ENVIRONMENTAL POLICY</subfield>
        <subfield code="0">(DHLAUTH)269904</subfield>
    </datafield>
    <datafield tag="650" ind1=" " ind2=" ">
        <subfield code="a">ENVIRONMENTAL PROTECTION</subfield>
        <subfield code="0">(DHLAUTH)270598</subfield>
    </datafield>
</record>
<record>
    <datafield tag="191" ind1=" " ind2=" ">
        <subfield code="a">E/ESCWA/ID/1993/4 (I)</subfield>
    </datafield>
    <datafield tag="245" ind1=" " ind2=" ">
        <subfield code="a">REGIONAL SURVEY OF PRODUCTION AND CONSUMPTION OF SUBSTANCES HARMFUL TO THE OZONE LAYER IN THE ESCWA REGION</subfield>
    </datafield>
    <datafield tag="269" ind1=" " ind2=" ">
        <subfield code="a">19930831</subfield>
    </datafield>
    <datafield tag="650" ind1=" " ind2=" ">
        <subfield code="a">STATISTICAL DATA</subfield>
        <subfield code="0">(DHLAUTH)270233</subfield>
    </datafield>
    <datafield tag="650" ind1=" " ind2=" ">
        <subfield code="a">WESTERN ASIA</subfield>
        <subfield code="0">(DHLAUTH)275490</subfield>
    </datafield>
    <datafield tag="650" ind1=" " ind2=" ">
        <subfield code="a">HARMFUL PRODUCTS</subfield>
        <subfield code="0">(DHLAUTH)269543</subfield>
    </datafield>
    <datafield tag="650" ind1=" " ind2=" ">
        <subfield code="a">OZONE-DEPLETING SUBSTANCES</subfield>
        <subfield code="0">(DHLAUTH)270817</subfield>
    </datafield>
    <datafield tag="650" ind1=" " ind2=" ">
        <subfield code="a">OZONE LAYER</subfield>
        <subfield code="0">(DHLAUTH)270689</subfield>
    </datafield>
    <datafield tag="650" ind1=" " ind2=" ">
        <subfield code="a">COSTS</subfield>
        <subfield code="0">(DHLAUTH)269595</subfield>
    </datafield>
    <datafield tag="650" ind1=" " ind2=" ">
        <subfield code="a">ENVIRONMENTAL POLICY</subfield>
        <subfield code="0">(DHLAUTH)269904</subfield>
    </datafield>
    <datafield tag="650" ind1=" " ind2=" ">
        <subfield code="a">ENVIRONMENTAL PROTECTION</subfield>
        <subfield code="0">(DHLAUTH)270598</subfield>
    </datafield>
</record>
<record>
    <datafield tag="191" ind1=" " ind2=" ">
        <subfield code="a">E/ESCWA/ID/1993/5</subfield>
    </datafield>
    <datafield tag="246" ind1=" " ind2=" ">
        <subfield code="a">المؤتمر العربي الثاني والمعرض العربي الاول لافاق التقانات الحيوية الحديثة, 24-28 نيسان/ابريل 1993, عمّان, المملكة الاردنية الهاشمية</subfield>
    </datafield>
    <datafield tag="269" ind1=" " ind2=" ">
        <subfield code="a">19930617</subfield>
    </datafield>
    <datafield tag="650" ind1=" " ind2=" ">
        <subfield code="a">WORK PROGRAMME</subfield>
        <subfield code="0">(DHLAUTH)275800</subfield>
    </datafield>
    <datafield tag="650" ind1=" " ind2=" ">
        <subfield code="a">RECOMMENDATIONS</subfield>
        <subfield code="0">(DHLAUTH)275840</subfield>
    </datafield>
    <datafield tag="650" ind1=" " ind2=" ">
        <subfield code="a">ACTIVITIES</subfield>
        <subfield code="0">(DHLAUTH)275823</subfield>
    </datafield>
    <datafield tag="650" ind1=" " ind2=" ">
        <subfield code="a">PARTICIPANTS</subfield>
        <subfield code="0">(DHLAUTH)275785</subfield>
    </datafield>
    <datafield tag="650" ind1=" " ind2=" ">
        <subfield code="a">CONFERENCES</subfield>
        <subfield code="0">(DHLAUTH)275758</subfield>
    </datafield>
    <datafield tag="650" ind1=" " ind2=" ">
        <subfield code="a">WESTERN ASIA</subfield>
        <subfield code="0">(DHLAUTH)275490</subfield>
    </datafield>
    <datafield tag="650" ind1=" " ind2=" ">
        <subfield code="a">BIOTECHNOLOGY</subfield>
        <subfield code="0">(DHLAUTH)272309</subfield>
    </datafield>
</record>
<record>
    <datafield tag="191" ind1=" " ind2=" ">
        <subfield code="a">E/ESCWA/ID/1993/7</subfield>
    </datafield>
    <datafield tag="246" ind1=" " ind2=" ">
        <subfield code="a">تكييف التقنيات الهندسية العكسية بما يلائم صنع الآلات اللازمة للصناعات الزراعية الغذائية: دراسة حالة تصنيع خطوط تعبئة المشروبات الغازية في مصر</subfield>
    </datafield>
    <datafield tag="269" ind1=" " ind2=" ">
        <subfield code="a">19931018</subfield>
    </datafield>
    <datafield tag="650" ind1=" " ind2=" ">
        <subfield code="a">EGYPT</subfield>
        <subfield code="0">(DHLAUTH)273328</subfield>
    </datafield>
    <datafield tag="650" ind1=" " ind2=" ">
        <subfield code="a">WESTERN ASIA</subfield>
        <subfield code="0">(DHLAUTH)275490</subfield>
    </datafield>
    <datafield tag="650" ind1=" " ind2=" ">
        <subfield code="a">TECHNOLOGY TRANSFER</subfield>
        <subfield code="0">(DHLAUTH)271882</subfield>
    </datafield>
</record>
<record>
    <datafield tag="191" ind1=" " ind2=" ">
        <subfield code="a">E/ESCWA/ID/1993/8</subfield>
    </datafield>
    <datafield tag="246" ind1=" " ind2=" ">
        <subfield code="a">مساهمة المرأة في الصناعات الدوائية والالكترونية في دول غربي آسيا</subfield>
    </datafield>
    <datafield tag="269" ind1=" " ind2=" ">
        <subfield code="a">19931215</subfield>
    </datafield>
    <datafield tag="650" ind1=" " ind2=" ">
        <subfield code="a">WESTERN ASIA</subfield>
        <subfield code="0">(DHLAUTH)275490</subfield>
    </datafield>
    <datafield tag="650" ind1=" " ind2=" ">
        <subfield code="a">ELECTRONICS INDUSTRY</subfield>
        <subfield code="0">(DHLAUTH)272128</subfield>
    </datafield>
    <datafield tag="650" ind1=" " ind2=" ">
        <subfield code="a">WOMEN'S EMPLOYMENT</subfield>
        <subfield code="0">(DHLAUTH)273159</subfield>
    </datafield>
    <datafield tag="650" ind1=" " ind2=" ">
        <subfield code="a">PHARMACEUTICAL INDUSTRY</subfield>
        <subfield code="0">(DHLAUTH)272332</subfield>
    </datafield>
    <datafield tag="650" ind1=" " ind2=" ">
        <subfield code="a">ECONOMIC CONDITIONS</subfield>
        <subfield code="0">(DHLAUTH)269719</subfield>
    </datafield>
    <datafield tag="650" ind1=" " ind2=" ">
        <subfield code="a">SOCIAL CONDITIONS</subfield>
        <subfield code="0">(DHLAUTH)268327</subfield>
    </datafield>
</record>
<record>
    <datafield tag="191" ind1=" " ind2=" ">
        <subfield code="a">E/ESCWA/ID/1994/3</subfield>
    </datafield>
    <datafield tag="246" ind1=" " ind2=" ">
        <subfield code="a">التقرير الختامي/ ندوة حول تطوير القطاع الصناعي وآفاق الاستثمار في الجمهورية اليمنية</subfield>
    </datafield>
    <datafield tag="269" ind1=" " ind2=" ">
        <subfield code="a">19940420</subfield>
    </datafield>
    <datafield tag="650" ind1=" " ind2=" ">
        <subfield code="a">INDUSTRIAL SECTOR</subfield>
        <subfield code="0">(DHLAUTH)271815</subfield>
    </datafield>
    <datafield tag="650" ind1=" " ind2=" ">
        <subfield code="a">WESTERN ASIA</subfield>
        <subfield code="0">(DHLAUTH)275490</subfield>
    </datafield>
    <datafield tag="650" ind1=" " ind2=" ">
        <subfield code="a">YEMEN</subfield>
        <subfield code="0">(DHLAUTH)273521</subfield>
    </datafield>
    <datafield tag="650" ind1=" " ind2=" ">
        <subfield code="a">CONFERENCES</subfield>
        <subfield code="0">(DHLAUTH)275758</subfield>
    </datafield>
    <datafield tag="650" ind1=" " ind2=" ">
        <subfield code="a">INVESTMENTS</subfield>
        <subfield code="0">(DHLAUTH)269859</subfield>
    </datafield>
</record>
<record>
    <datafield tag="191" ind1=" " ind2=" ">
        <subfield code="a">E/ESCWA/ID/1994/4</subfield>
    </datafield>
    <datafield tag="246" ind1=" " ind2=" ">
        <subfield code="a">تقرير عن المهمة الاستشارية الى وزارة الصناعة, صنعاء, الجمهورية اليمنية خلال الفترة من 22 كانون الثاني/يناير - 4 شباط/فبراير 1994</subfield>
    </datafield>
    <datafield tag="269" ind1=" " ind2=" ">
        <subfield code="a">19940518</subfield>
    </datafield>
    <datafield tag="650" ind1=" " ind2=" ">
        <subfield code="a">ADVISORY SERVICES</subfield>
        <subfield code="0">(DHLAUTH)269860</subfield>
    </datafield>
    <datafield tag="650" ind1=" " ind2=" ">
        <subfield code="a">YEMEN</subfield>
        <subfield code="0">(DHLAUTH)273521</subfield>
    </datafield>
    <datafield tag="650" ind1=" " ind2=" ">
        <subfield code="a">WESTERN ASIA</subfield>
        <subfield code="0">(DHLAUTH)275490</subfield>
    </datafield>
    <datafield tag="650" ind1=" " ind2=" ">
        <subfield code="a">INDUSTRY</subfield>
        <subfield code="0">(DHLAUTH)271796</subfield>
    </datafield>
</record>
<record>
    <datafield tag="191" ind1=" " ind2=" ">
        <subfield code="a">E/ESCWA/SD/1994/1</subfield>
    </datafield>
    <datafield tag="191" ind1=" " ind2=" ">
        <subfield code="a">E/ESCWA/ID/1994/5</subfield>
    </datafield>
    <datafield tag="246" ind1=" " ind2=" ">
        <subfield code="a">مساهمة المرأة العربية في منطقة غربي آسيا في الصناعة</subfield>
    </datafield>
    <datafield tag="269" ind1=" " ind2=" ">
        <subfield code="a">19940412</subfield>
    </datafield>
    <datafield tag="650" ind1=" " ind2=" ">
        <subfield code="a">WESTERN ASIA</subfield>
        <subfield code="0">(DHLAUTH)275490</subfield>
    </datafield>
    <datafield tag="650" ind1=" " ind2=" ">
        <subfield code="a">ELECTRONICS INDUSTRY</subfield>
        <subfield code="0">(DHLAUTH)272128</subfield>
    </datafield>
    <datafield tag="650" ind1=" " ind2=" ">
        <subfield code="a">WOMEN'S EMPLOYMENT</subfield>
        <subfield code="0">(DHLAUTH)273159</subfield>
    </datafield>
    <datafield tag="650" ind1=" " ind2=" ">
        <subfield code="a">PHARMACEUTICAL INDUSTRY</subfield>
        <subfield code="0">(DHLAUTH)272332</subfield>
    </datafield>
    <datafield tag="650" ind1=" " ind2=" ">
        <subfield code="a">ECONOMIC CONDITIONS</subfield>
        <subfield code="0">(DHLAUTH)269719</subfield>
    </datafield>
    <datafield tag="650" ind1=" " ind2=" ">
        <subfield code="a">SOCIAL CONDITIONS</subfield>
        <subfield code="0">(DHLAUTH)268327</subfield>
    </datafield>
    <datafield tag="650" ind1=" " ind2=" ">
        <subfield code="a">FOOD INDUSTRY</subfield>
        <subfield code="0">(DHLAUTH)271313</subfield>
    </datafield>
    <datafield tag="650" ind1=" " ind2=" ">
        <subfield code="a">DECISION-MAKING</subfield>
        <subfield code="0">(DHLAUTH)270223</subfield>
    </datafield>
    <datafield tag="650" ind1=" " ind2=" ">
        <subfield code="a">SYRIAN ARAB REPUBLIC</subfield>
        <subfield code="0">(DHLAUTH)273496</subfield>
    </datafield>
    <datafield tag="650" ind1=" " ind2=" ">
        <subfield code="a">EGYPT</subfield>
        <subfield code="0">(DHLAUTH)273328</subfield>
    </datafield>
    <datafield tag="650" ind1=" " ind2=" ">
        <subfield code="a">JORDAN</subfield>
        <subfield code="0">(DHLAUTH)269099</subfield>
    </datafield>
    <datafield tag="650" ind1=" " ind2=" ">
        <subfield code="a">YEMEN</subfield>
        <subfield code="0">(DHLAUTH)273521</subfield>
    </datafield>
    <datafield tag="650" ind1=" " ind2=" ">
        <subfield code="a">QUESTIONNAIRES</subfield>
        <subfield code="0">(DHLAUTH)272018</subfield>
    </datafield>
    <datafield tag="650" ind1=" " ind2=" ">
        <subfield code="a">RECOMMENDATIONS</subfield>
        <subfield code="0">(DHLAUTH)275840</subfield>
    </datafield>
</record>
<record>
    <datafield tag="191" ind1=" " ind2=" ">
        <subfield code="a">E/ESCWA/ID/1994/6</subfield>
    </datafield>
    <datafield tag="246" ind1=" " ind2=" ">
        <subfield code="a">تقرير عن المهمة الإستشارية إلى بنك الإنماء الصناعي, عمان-المملكة الأردنية الهاشمية</subfield>
    </datafield>
    <datafield tag="269" ind1=" " ind2=" ">
        <subfield code="a">19940830</subfield>
    </datafield>
    <datafield tag="650" ind1=" " ind2=" ">
        <subfield code="a">ADVISORY SERVICES</subfield>
        <subfield code="0">(DHLAUTH)269860</subfield>
    </datafield>
    <datafield tag="650" ind1=" " ind2=" ">
        <subfield code="a">FEASIBILITY STUDIES</subfield>
        <subfield code="0">(DHLAUTH)269961</subfield>
    </datafield>
    <datafield tag="650" ind1=" " ind2=" ">
        <subfield code="a">INDUSTRIAL PROJECTS</subfield>
        <subfield code="0">(DHLAUTH)269991</subfield>
    </datafield>
    <datafield tag="650" ind1=" " ind2=" ">
        <subfield code="a">INDUSTRIAL DEVELOPMENT</subfield>
        <subfield code="0">(DHLAUTH)269918</subfield>
    </datafield>
    <datafield tag="650" ind1=" " ind2=" ">
        <subfield code="a">BANKS</subfield>
        <subfield code="0">(DHLAUTH)270346</subfield>
    </datafield>
    <datafield tag="650" ind1=" " ind2=" ">
        <subfield code="a">JORDAN</subfield>
        <subfield code="0">(DHLAUTH)269099</subfield>
    </datafield>
    <datafield tag="650" ind1=" " ind2=" ">
        <subfield code="a">WESTERN ASIA</subfield>
        <subfield code="0">(DHLAUTH)275490</subfield>
    </datafield>
</record>
<record>
    <datafield tag="191" ind1=" " ind2=" ">
        <subfield code="a">E/ESCWA/ID/1994/7</subfield>
    </datafield>
    <datafield tag="246" ind1=" " ind2=" ">
        <subfield code="a">تقرير عن المهمة الاستشارية الى كلية العلوم الاقتصادية والادارية.  أبو ظبي, الامارات العربية المتحدة, خلال الفترة من 20-29 نيسان/ابريل 1994</subfield>
    </datafield>
    <datafield tag="269" ind1=" " ind2=" ">
        <subfield code="a">19940928</subfield>
    </datafield>
    <datafield tag="650" ind1=" " ind2=" ">
        <subfield code="a">ADVISORY SERVICES</subfield>
        <subfield code="0">(DHLAUTH)269860</subfield>
    </datafield>
    <datafield tag="650" ind1=" " ind2=" ">
        <subfield code="a">WESTERN ASIA</subfield>
        <subfield code="0">(DHLAUTH)275490</subfield>
    </datafield>
    <datafield tag="650" ind1=" " ind2=" ">
        <subfield code="a">PROJECT MANAGEMENT</subfield>
        <subfield code="0">(DHLAUTH)275799</subfield>
    </datafield>
    <datafield tag="650" ind1=" " ind2=" ">
        <subfield code="a">ENTREPRENEURSHIP</subfield>
        <subfield code="0">(DHLAUTH)271785</subfield>
    </datafield>
    <datafield tag="650" ind1=" " ind2=" ">
        <subfield code="a">SMALL ENTERPRISES</subfield>
        <subfield code="0">(DHLAUTH)269624</subfield>
    </datafield>
    <datafield tag="650" ind1=" " ind2=" ">
        <subfield code="a">UNITED ARAB EMIRATES</subfield>
        <subfield code="0">(DHLAUTH)275604</subfield>
    </datafield>
</record>
<record>
    <datafield tag="191" ind1=" " ind2=" ">
        <subfield code="a">E/ESCWA/ID/1994/8</subfield>
    </datafield>
    <datafield tag="246" ind1=" " ind2=" ">
        <subfield code="a">تقرير عن المهمة الاستشارية الى مجلس الانماء والاعمار, بيروت, الجمهورية اللبنانية, خلال الفترة  31 آذار/مارس - 10 نيسان/ابريل 1994</subfield>
    </datafield>
    <datafield tag="269" ind1=" " ind2=" ">
        <subfield code="a">19941017</subfield>
    </datafield>
    <datafield tag="650" ind1=" " ind2=" ">
        <subfield code="a">ADVISORY SERVICES</subfield>
        <subfield code="0">(DHLAUTH)269860</subfield>
    </datafield>
    <datafield tag="650" ind1=" " ind2=" ">
        <subfield code="a">CEMENT INDUSTRY</subfield>
        <subfield code="0">(DHLAUTH)272076</subfield>
    </datafield>
    <datafield tag="650" ind1=" " ind2=" ">
        <subfield code="a">CEMENT</subfield>
        <subfield code="0">(DHLAUTH)271094</subfield>
    </datafield>
    <datafield tag="650" ind1=" " ind2=" ">
        <subfield code="a">WESTERN ASIA</subfield>
        <subfield code="0">(DHLAUTH)275490</subfield>
    </datafield>
    <datafield tag="650" ind1=" " ind2=" ">
        <subfield code="a">LEBANON</subfield>
        <subfield code="0">(DHLAUTH)269069</subfield>
    </datafield>
    <datafield tag="650" ind1=" " ind2=" ">
        <subfield code="a">INDUSTRIAL POLLUTION</subfield>
        <subfield code="0">(DHLAUTH)270791</subfield>
    </datafield>
</record>
<record>
    <datafield tag="191" ind1=" " ind2=" ">
        <subfield code="a">E/ESCWA/ID/1994/9</subfield>
    </datafield>
    <datafield tag="246" ind1=" " ind2=" ">
        <subfield code="a">تقرير عن المهمة الاستشارية وزارة الدولة لشؤون البيئة, دمشق, الجمهورية العربية السورية, خلال الفترة من 9-12 أيلول/سبتمبر 1994</subfield>
    </datafield>
    <datafield tag="269" ind1=" " ind2=" ">
        <subfield code="a">19941129</subfield>
    </datafield>
    <datafield tag="650" ind1=" " ind2=" ">
        <subfield code="a">ADVISORY SERVICES</subfield>
        <subfield code="0">(DHLAUTH)269860</subfield>
    </datafield>
    <datafield tag="650" ind1=" " ind2=" ">
        <subfield code="a">POLLUTION</subfield>
        <subfield code="0">(DHLAUTH)270642</subfield>
    </datafield>
    <datafield tag="650" ind1=" " ind2=" ">
        <subfield code="a">SYRIAN ARAB REPUBLIC</subfield>
        <subfield code="0">(DHLAUTH)273496</subfield>
    </datafield>
    <datafield tag="650" ind1=" " ind2=" ">
        <subfield code="a">RECOMMENDATIONS</subfield>
        <subfield code="0">(DHLAUTH)275840</subfield>
    </datafield>
    <datafield tag="650" ind1=" " ind2=" ">
        <subfield code="a">WATER POLLUTION</subfield>
        <subfield code="0">(DHLAUTH)270806</subfield>
    </datafield>
    <datafield tag="650" ind1=" " ind2=" ">
        <subfield code="a">STATISTICAL DATA</subfield>
        <subfield code="0">(DHLAUTH)270233</subfield>
    </datafield>
</record>
<record>
    <datafield tag="191" ind1=" " ind2=" ">
        <subfield code="a">E/ESCWA/ID/1995/1/REV.1</subfield>
    </datafield>
    <datafield tag="246" ind1=" " ind2=" ">
        <subfield code="a">حاضنات ألاعمال التكنولوجية</subfield>
    </datafield>
    <datafield tag="269" ind1=" " ind2=" ">
        <subfield code="a">19951008</subfield>
    </datafield>
    <datafield tag="650" ind1=" " ind2=" ">
        <subfield code="a">SMALL ENTERPRISES</subfield>
        <subfield code="0">(DHLAUTH)269624</subfield>
    </datafield>
    <datafield tag="650" ind1=" " ind2=" ">
        <subfield code="a">CASE STUDIES</subfield>
        <subfield code="0">(DHLAUTH)274639</subfield>
    </datafield>
    <datafield tag="650" ind1=" " ind2=" ">
        <subfield code="a">PALESTINE</subfield>
        <subfield code="0">(DHLAUTH)277398</subfield>
    </datafield>
    <datafield tag="650" ind1=" " ind2=" ">
        <subfield code="a">SYRIAN ARAB REPUBLIC</subfield>
        <subfield code="0">(DHLAUTH)273496</subfield>
    </datafield>
    <datafield tag="650" ind1=" " ind2=" ">
        <subfield code="a">BUSINESS INFORMATION</subfield>
        <subfield code="0">(DHLAUTH)551196</subfield>
    </datafield>
    <datafield tag="650" ind1=" " ind2=" ">
        <subfield code="a">ENTREPRENEURSHIP</subfield>
        <subfield code="0">(DHLAUTH)271785</subfield>
    </datafield>
    <datafield tag="650" ind1=" " ind2=" ">
        <subfield code="a">WESTERN ASIA</subfield>
        <subfield code="0">(DHLAUTH)275490</subfield>
    </datafield>
</record>
<record>
    <datafield tag="191" ind1=" " ind2=" ">
        <subfield code="a">E/ESCWA/ID/1995/4</subfield>
    </datafield>
    <datafield tag="246" ind1=" " ind2=" ">
        <subfield code="a">تقرير عن المهمة الإستشارية إلى إدارة التنمية الصناعية , وزارة الطاقة والصناع, الدوحة - دولة قطر</subfield>
    </datafield>
    <datafield tag="269" ind1=" " ind2=" ">
        <subfield code="a">19960114</subfield>
    </datafield>
    <datafield tag="650" ind1=" " ind2=" ">
        <subfield code="a">ADVISORY SERVICES</subfield>
        <subfield code="0">(DHLAUTH)269860</subfield>
    </datafield>
    <datafield tag="650" ind1=" " ind2=" ">
        <subfield code="a">INDUSTRIAL MARKETING</subfield>
        <subfield code="0">(DHLAUTH)271829</subfield>
    </datafield>
    <datafield tag="650" ind1=" " ind2=" ">
        <subfield code="a">CORPORATIONS</subfield>
        <subfield code="0">(DHLAUTH)270119</subfield>
    </datafield>
    <datafield tag="650" ind1=" " ind2=" ">
        <subfield code="a">FERTILIZERS</subfield>
        <subfield code="0">(DHLAUTH)270861</subfield>
    </datafield>
    <datafield tag="650" ind1=" " ind2=" ">
        <subfield code="a">RECOMMENDATIONS</subfield>
        <subfield code="0">(DHLAUTH)275840</subfield>
    </datafield>
    <datafield tag="650" ind1=" " ind2=" ">
        <subfield code="a">QATAR</subfield>
        <subfield code="0">(DHLAUTH)275603</subfield>
    </datafield>
    <datafield tag="650" ind1=" " ind2=" ">
        <subfield code="a">WESTERN ASIA</subfield>
        <subfield code="0">(DHLAUTH)275490</subfield>
    </datafield>
</record>
<record>
    <datafield tag="191" ind1=" " ind2=" ">
        <subfield code="a">E/ESCWA/ID/1995/5</subfield>
    </datafield>
    <datafield tag="246" ind1=" " ind2=" ">
        <subfield code="a">مناخ الاستثمار في الجمهورية اليمنية</subfield>
    </datafield>
    <datafield tag="269" ind1=" " ind2=" ">
        <subfield code="a">19951227</subfield>
    </datafield>
    <datafield tag="650" ind1=" " ind2=" ">
        <subfield code="a">INVESTMENT PROMOTION</subfield>
        <subfield code="0">(DHLAUTH)270103</subfield>
    </datafield>
    <datafield tag="650" ind1=" " ind2=" ">
        <subfield code="a">RULES AND REGULATIONS</subfield>
        <subfield code="0">(DHLAUTH)275745</subfield>
    </datafield>
    <datafield tag="650" ind1=" " ind2=" ">
        <subfield code="a">ECONOMIC POLICY</subfield>
        <subfield code="0">(DHLAUTH)268235</subfield>
    </datafield>
    <datafield tag="650" ind1=" " ind2=" ">
        <subfield code="a">INDUSTRIAL POLICY</subfield>
        <subfield code="0">(DHLAUTH)269933</subfield>
    </datafield>
    <datafield tag="650" ind1=" " ind2=" ">
        <subfield code="a">ECONOMIC REFORM</subfield>
        <subfield code="0">(DHLAUTH)269938</subfield>
    </datafield>
    <datafield tag="650" ind1=" " ind2=" ">
        <subfield code="a">NATURAL RESOURCES</subfield>
        <subfield code="0">(DHLAUTH)270548</subfield>
    </datafield>
    <datafield tag="650" ind1=" " ind2=" ">
        <subfield code="a">HUMAN RESOURCES</subfield>
        <subfield code="0">(DHLAUTH)270571</subfield>
    </datafield>
    <datafield tag="650" ind1=" " ind2=" ">
        <subfield code="a">STATISTICAL DATA</subfield>
        <subfield code="0">(DHLAUTH)270233</subfield>
    </datafield>
    <datafield tag="650" ind1=" " ind2=" ">
        <subfield code="a">YEMEN</subfield>
        <subfield code="0">(DHLAUTH)273521</subfield>
    </datafield>
    <datafield tag="650" ind1=" " ind2=" ">
        <subfield code="a">INVESTMENTS</subfield>
        <subfield code="0">(DHLAUTH)269859</subfield>
    </datafield>
</record>
<record>
    <datafield tag="191" ind1=" " ind2=" ">
        <subfield code="a">E/ESCWA/ID/1995/6</subfield>
    </datafield>
    <datafield tag="245" ind1=" " ind2=" ">
        <subfield code="a">REVIEW OF RECENT DEVELOPMENT OF MANUFACTURING ACTIVITIES AND PROSPECTS IN THE ESCWA REGION 1994</subfield>
    </datafield>
    <datafield tag="269" ind1=" " ind2=" ">
        <subfield code="a">19951201</subfield>
    </datafield>
    <datafield tag="650" ind1=" " ind2=" ">
        <subfield code="a">MANUFACTURING ENTERPRISES</subfield>
        <subfield code="0">(DHLAUTH)271787</subfield>
    </datafield>
    <datafield tag="650" ind1=" " ind2=" ">
        <subfield code="a">PETROCHEMICAL INDUSTRY</subfield>
        <subfield code="0">(DHLAUTH)271276</subfield>
    </datafield>
    <datafield tag="650" ind1=" " ind2=" ">
        <subfield code="a">FERTILIZER INDUSTRY</subfield>
        <subfield code="0">(DHLAUTH)271312</subfield>
    </datafield>
    <datafield tag="650" ind1=" " ind2=" ">
        <subfield code="a">PETROLEUM REFINERIES</subfield>
        <subfield code="0">(DHLAUTH)271278</subfield>
    </datafield>
    <datafield tag="650" ind1=" " ind2=" ">
        <subfield code="a">PRIVATIZATION</subfield>
        <subfield code="0">(DHLAUTH)270028</subfield>
    </datafield>
    <datafield tag="650" ind1=" " ind2=" ">
        <subfield code="a">STATISTICAL DATA</subfield>
        <subfield code="0">(DHLAUTH)270233</subfield>
    </datafield>
    <datafield tag="650" ind1=" " ind2=" ">
        <subfield code="a">WESTERN ASIA</subfield>
        <subfield code="0">(DHLAUTH)275490</subfield>
    </datafield>
    <datafield tag="650" ind1=" " ind2=" ">
        <subfield code="a">INDUSTRIAL POLICY</subfield>
        <subfield code="0">(DHLAUTH)269933</subfield>
    </datafield>
    <datafield tag="650" ind1=" " ind2=" ">
        <subfield code="a">ALUMINIUM INDUSTRY</subfield>
        <subfield code="0">(DHLAUTH)271056</subfield>
    </datafield>
    <datafield tag="650" ind1=" " ind2=" ">
        <subfield code="a">GROSS DOMESTIC PRODUCT</subfield>
        <subfield code="0">(DHLAUTH)269801</subfield>
    </datafield>
    <datafield tag="650" ind1=" " ind2=" ">
        <subfield code="a">MANUFACTURING</subfield>
        <subfield code="0">(DHLAUTH)271821</subfield>
    </datafield>
    <datafield tag="650" ind1=" " ind2=" ">
        <subfield code="a">CONSUMPTION</subfield>
        <subfield code="0">(DHLAUTH)269577</subfield>
    </datafield>
</record>
<record>
    <datafield tag="191" ind1=" " ind2=" ">
        <subfield code="a">E/ESCWA/ID/1996/1</subfield>
    </datafield>
    <datafield tag="246" ind1=" " ind2=" ">
        <subfield code="a">تقرير حول تقديم الاستشارة لاعداد القسم الخاص بالصناعات التحويلية في خطة التنمية الاقتصادية الخمسية (1996-2000) للجمهورية اليمنية</subfield>
    </datafield>
    <datafield tag="269" ind1=" " ind2=" ">
        <subfield code="a">19960404</subfield>
    </datafield>
    <datafield tag="650" ind1=" " ind2=" ">
        <subfield code="a">ADVISORY SERVICES</subfield>
        <subfield code="0">(DHLAUTH)269860</subfield>
    </datafield>
    <datafield tag="650" ind1=" " ind2=" ">
        <subfield code="a">INDUSTRIAL CONVERSION</subfield>
        <subfield code="0">(DHLAUTH)271960</subfield>
    </datafield>
    <datafield tag="650" ind1=" " ind2=" ">
        <subfield code="a">INDUSTRIAL POLICY</subfield>
        <subfield code="0">(DHLAUTH)269933</subfield>
    </datafield>
    <datafield tag="650" ind1=" " ind2=" ">
        <subfield code="a">DEVELOPMENT PLANS</subfield>
        <subfield code="0">(DHLAUTH)269892</subfield>
    </datafield>
    <datafield tag="650" ind1=" " ind2=" ">
        <subfield code="a">YEMEN</subfield>
        <subfield code="0">(DHLAUTH)273521</subfield>
    </datafield>
</record>
<record>
    <datafield tag="191" ind1=" " ind2=" ">
        <subfield code="a">E/ESCWA/ID/1996/2/EXCERPT</subfield>
    </datafield>
    <datafield tag="246" ind1=" " ind2=" ">
        <subfield code="a">وقائع مختارة لاجتماع الخبراء حول الاستراتيجيات والسياسات الصناعية في ظل ظروف التغير الاقليمي والدولي, المنامة, البحرين, 20-23 تشرين الثاني/نوفمبر 1995</subfield>
    </datafield>
    <datafield tag="269" ind1=" " ind2=" ">
        <subfield code="a">19960627</subfield>
    </datafield>
    <datafield tag="650" ind1=" " ind2=" ">
        <subfield code="a">WESTERN ASIA</subfield>
        <subfield code="0">(DHLAUTH)275490</subfield>
    </datafield>
    <datafield tag="650" ind1=" " ind2=" ">
        <subfield code="a">ECONOMIC DEVELOPMENT</subfield>
        <subfield code="0">(DHLAUTH)269755</subfield>
    </datafield>
    <datafield tag="650" ind1=" " ind2=" ">
        <subfield code="a">INDUSTRIALIZATION</subfield>
        <subfield code="0">(DHLAUTH)269846</subfield>
    </datafield>
    <datafield tag="650" ind1=" " ind2=" ">
        <subfield code="a">REGIONAL COOPERATION</subfield>
        <subfield code="0">(DHLAUTH)268656</subfield>
    </datafield>
    <datafield tag="650" ind1=" " ind2=" ">
        <subfield code="a">GLOBALIZATION</subfield>
        <subfield code="0">(DHLAUTH)276685</subfield>
    </datafield>
    <datafield tag="650" ind1=" " ind2=" ">
        <subfield code="a">TRADE LIBERALIZATION</subfield>
        <subfield code="0">(DHLAUTH)272834</subfield>
    </datafield>
    <datafield tag="650" ind1=" " ind2=" ">
        <subfield code="a">REGIONAL ECONOMICS</subfield>
        <subfield code="0">(DHLAUTH)269608</subfield>
    </datafield>
    <datafield tag="650" ind1=" " ind2=" ">
        <subfield code="a">TRADE RESTRICTIONS</subfield>
        <subfield code="0">(DHLAUTH)272812</subfield>
    </datafield>
    <datafield tag="650" ind1=" " ind2=" ">
        <subfield code="a">SCIENCE AND TECHNOLOGY</subfield>
        <subfield code="0">(DHLAUTH)275209</subfield>
    </datafield>
    <datafield tag="650" ind1=" " ind2=" ">
        <subfield code="a">BIOTECHNOLOGY</subfield>
        <subfield code="0">(DHLAUTH)272309</subfield>
    </datafield>
    <datafield tag="650" ind1=" " ind2=" ">
        <subfield code="a">GENETIC ENGINEERING</subfield>
        <subfield code="0">(DHLAUTH)271430</subfield>
    </datafield>
    <datafield tag="650" ind1=" " ind2=" ">
        <subfield code="a">ECONOMIC REFORM</subfield>
        <subfield code="0">(DHLAUTH)269938</subfield>
    </datafield>
    <datafield tag="650" ind1=" " ind2=" ">
        <subfield code="a">PRIVATIZATION</subfield>
        <subfield code="0">(DHLAUTH)270028</subfield>
    </datafield>
    <datafield tag="650" ind1=" " ind2=" ">
        <subfield code="a">PRIVATE SECTOR</subfield>
        <subfield code="0">(DHLAUTH)269684</subfield>
    </datafield>
    <datafield tag="650" ind1=" " ind2=" ">
        <subfield code="a">CONFERENCES</subfield>
        <subfield code="0">(DHLAUTH)275758</subfield>
    </datafield>
    <datafield tag="650" ind1=" " ind2=" ">
        <subfield code="a">STRUCTURAL ADJUSTMENT</subfield>
        <subfield code="0">(DHLAUTH)269790</subfield>
    </datafield>
</record>
<record>
    <datafield tag="191" ind1=" " ind2=" ">
        <subfield code="a">E/ESCWA/ID/1996/3</subfield>
    </datafield>
    <datafield tag="245" ind1=" " ind2=" ">
        <subfield code="a">REPORT ON THE WORKSHOP ON TOTAL QUALITY MANAGEMENT AND ISO 9000: WITH SPECIAL REFERENCE TO CEMENT INDUSTRY, ABU DHABI, 21-23 MAY 1996</subfield>
    </datafield>
    <datafield tag="269" ind1=" " ind2=" ">
        <subfield code="a">19960722</subfield>
    </datafield>
    <datafield tag="650" ind1=" " ind2=" ">
        <subfield code="a">WESTERN ASIA</subfield>
        <subfield code="0">(DHLAUTH)275490</subfield>
    </datafield>
    <datafield tag="650" ind1=" " ind2=" ">
        <subfield code="a">CONFERENCES</subfield>
        <subfield code="0">(DHLAUTH)275758</subfield>
    </datafield>
    <datafield tag="650" ind1=" " ind2=" ">
        <subfield code="a">ACTIVITIES</subfield>
        <subfield code="0">(DHLAUTH)275823</subfield>
    </datafield>
    <datafield tag="650" ind1=" " ind2=" ">
        <subfield code="a">PARTICIPANTS</subfield>
        <subfield code="0">(DHLAUTH)275785</subfield>
    </datafield>
    <datafield tag="650" ind1=" " ind2=" ">
        <subfield code="a">AGENDA</subfield>
        <subfield code="0">(DHLAUTH)275133</subfield>
    </datafield>
    <datafield tag="650" ind1=" " ind2=" ">
        <subfield code="a">DOCUMENTS</subfield>
        <subfield code="0">(DHLAUTH)270014</subfield>
    </datafield>
    <datafield tag="650" ind1=" " ind2=" ">
        <subfield code="a">CEMENT INDUSTRY</subfield>
        <subfield code="0">(DHLAUTH)272076</subfield>
    </datafield>
    <datafield tag="650" ind1=" " ind2=" ">
        <subfield code="a">RECOMMENDATIONS</subfield>
        <subfield code="0">(DHLAUTH)275840</subfield>
    </datafield>
    <datafield tag="650" ind1=" " ind2=" ">
        <subfield code="a">STANDARDIZATION</subfield>
        <subfield code="0">(DHLAUTH)271816</subfield>
    </datafield>
    <datafield tag="650" ind1=" " ind2=" ">
        <subfield code="a">QUALITY MANAGEMENT</subfield>
        <subfield code="0">(DHLAUTH)276716</subfield>
    </datafield>
    <datafield tag="650" ind1=" " ind2=" ">
        <subfield code="a">WORK ORGANIZATION</subfield>
        <subfield code="0">(DHLAUTH)275746</subfield>
    </datafield>
</record>
<record>
    <datafield tag="191" ind1=" " ind2=" ">
        <subfield code="a">E/ESCWA/ID/1996/4</subfield>
    </datafield>
    <datafield tag="245" ind1=" " ind2=" ">
        <subfield code="a">REPORT OF THE REGIONAL SEMINAR ON ASSESSMENT OF THE ROLE OF BUSINESS INCUBATORS IN ECONOMIC DEVELOPMENT, BEIRUT, 11-13 SEPTEMBER 1996.  WORKSHOP ON TOTAL QUALITY MANAGEMENT AND ISO 9000</subfield>
    </datafield>
    <datafield tag="269" ind1=" " ind2=" ">
        <subfield code="a">19961119</subfield>
    </datafield>
    <datafield tag="650" ind1=" " ind2=" ">
        <subfield code="a">WESTERN ASIA</subfield>
        <subfield code="0">(DHLAUTH)275490</subfield>
    </datafield>
    <datafield tag="650" ind1=" " ind2=" ">
        <subfield code="a">CONFERENCES</subfield>
        <subfield code="0">(DHLAUTH)275758</subfield>
    </datafield>
    <datafield tag="650" ind1=" " ind2=" ">
        <subfield code="a">ACTIVITIES</subfield>
        <subfield code="0">(DHLAUTH)275823</subfield>
    </datafield>
    <datafield tag="650" ind1=" " ind2=" ">
        <subfield code="a">PARTICIPANTS</subfield>
        <subfield code="0">(DHLAUTH)275785</subfield>
    </datafield>
    <datafield tag="650" ind1=" " ind2=" ">
        <subfield code="a">AGENDA</subfield>
        <subfield code="0">(DHLAUTH)275133</subfield>
    </datafield>
    <datafield tag="650" ind1=" " ind2=" ">
        <subfield code="a">DOCUMENTS</subfield>
        <subfield code="0">(DHLAUTH)270014</subfield>
    </datafield>
    <datafield tag="650" ind1=" " ind2=" ">
        <subfield code="a">RECOMMENDATIONS</subfield>
        <subfield code="0">(DHLAUTH)275840</subfield>
    </datafield>
    <datafield tag="650" ind1=" " ind2=" ">
        <subfield code="a">WORK ORGANIZATION</subfield>
        <subfield code="0">(DHLAUTH)275746</subfield>
    </datafield>
    <datafield tag="650" ind1=" " ind2=" ">
        <subfield code="a">SMALL ENTERPRISES</subfield>
        <subfield code="0">(DHLAUTH)269624</subfield>
    </datafield>
    <datafield tag="650" ind1=" " ind2=" ">
        <subfield code="a">MEDIUM ENTERPRISES</subfield>
        <subfield code="0">(DHLAUTH)526842</subfield>
    </datafield>
    <datafield tag="650" ind1=" " ind2=" ">
        <subfield code="a">BUSINESS</subfield>
        <subfield code="0">(DHLAUTH)269198</subfield>
    </datafield>
</record>
<record>
    <datafield tag="191" ind1=" " ind2=" ">
        <subfield code="a">E/ESCWA/ID/1997/1</subfield>
    </datafield>
    <datafield tag="245" ind1=" " ind2=" ">
        <subfield code="a">STUDY ON THE ESTABLISHMENT OF ENGINEERING INFRASTRUCTURE INDUSTRIES IN THE ARAB COUNTRIES SUMMARY OF PHASES I AND II OF THE STUDY</subfield>
    </datafield>
    <datafield tag="269" ind1=" " ind2=" ">
        <subfield code="a">19970702</subfield>
    </datafield>
    <datafield tag="650" ind1=" " ind2=" ">
        <subfield code="a">RECOMMENDATIONS</subfield>
        <subfield code="0">(DHLAUTH)275840</subfield>
    </datafield>
    <datafield tag="650" ind1=" " ind2=" ">
        <subfield code="a">PROGRAMMES OF ACTION</subfield>
        <subfield code="0">(DHLAUTH)275777</subfield>
    </datafield>
    <datafield tag="650" ind1=" " ind2=" ">
        <subfield code="a">FEASIBILITY STUDIES</subfield>
        <subfield code="0">(DHLAUTH)269961</subfield>
    </datafield>
    <datafield tag="650" ind1=" " ind2=" ">
        <subfield code="a">ENGINEERING INDUSTRIES</subfield>
        <subfield code="0">(DHLAUTH)272139</subfield>
    </datafield>
    <datafield tag="650" ind1=" " ind2=" ">
        <subfield code="a">IRON AND STEEL INDUSTRY</subfield>
        <subfield code="0">(DHLAUTH)271089</subfield>
    </datafield>
    <datafield tag="650" ind1=" " ind2=" ">
        <subfield code="a">PUMPS</subfield>
        <subfield code="0">(DHLAUTH)272157</subfield>
    </datafield>
</record>
<record>
    <datafield tag="191" ind1=" " ind2=" ">
        <subfield code="a">E/ESCWA/ID/1997/3</subfield>
    </datafield>
    <datafield tag="246" ind1=" " ind2=" ">
        <subfield code="a">تنمية القدرات الريادية في الاعمال حول كيف تؤسس مشروعا خاصا بك: دليل المدرب</subfield>
    </datafield>
    <datafield tag="269" ind1=" " ind2=" ">
        <subfield code="a">19970821</subfield>
    </datafield>
    <datafield tag="650" ind1=" " ind2=" ">
        <subfield code="a">SOCIAL ASPECTS</subfield>
        <subfield code="0">(DHLAUTH)274710</subfield>
    </datafield>
    <datafield tag="650" ind1=" " ind2=" ">
        <subfield code="a">VOCATIONAL EDUCATION</subfield>
        <subfield code="0">(DHLAUTH)271333</subfield>
    </datafield>
    <datafield tag="650" ind1=" " ind2=" ">
        <subfield code="a">DIRECTORIES</subfield>
        <subfield code="0">(DHLAUTH)275130</subfield>
    </datafield>
    <datafield tag="650" ind1=" " ind2=" ">
        <subfield code="a">WESTERN ASIA</subfield>
        <subfield code="0">(DHLAUTH)275490</subfield>
    </datafield>
    <datafield tag="650" ind1=" " ind2=" ">
        <subfield code="a">PILOT PROJECTS</subfield>
        <subfield code="0">(DHLAUTH)275768</subfield>
    </datafield>
</record>
<record>
    <datafield tag="191" ind1=" " ind2=" ">
        <subfield code="a">E/ESCWA/ID/1997/5</subfield>
    </datafield>
    <datafield tag="191" ind1=" " ind2=" ">
        <subfield code="a">E/ESCWA/SD-WOM/1997/3</subfield>
    </datafield>
    <datafield tag="191" ind1=" " ind2=" ">
        <subfield code="a">E/ESCWA/AGR/1997/1</subfield>
    </datafield>
    <datafield tag="246" ind1=" " ind2=" ">
        <subfield code="a">تقييم دور المنظمات غير الحكومية في الاراضي المحتلة وفرص التشابك فيما بينها في اطار السلطة الفلسطينية: الجزء الاول: عام</subfield>
    </datafield>
    <datafield tag="269" ind1=" " ind2=" ">
        <subfield code="a">19970903</subfield>
    </datafield>
    <datafield tag="650" ind1=" " ind2=" ">
        <subfield code="a">NON-GOVERNMENTAL ORGANIZATIONS</subfield>
        <subfield code="0">(DHLAUTH)268665</subfield>
    </datafield>
    <datafield tag="650" ind1=" " ind2=" ">
        <subfield code="a">ACTIVITIES</subfield>
        <subfield code="0">(DHLAUTH)275823</subfield>
    </datafield>
    <datafield tag="650" ind1=" " ind2=" ">
        <subfield code="a">DEVELOPMENT</subfield>
        <subfield code="0">(DHLAUTH)269844</subfield>
    </datafield>
    <datafield tag="650" ind1=" " ind2=" ">
        <subfield code="a">SMALL ENTERPRISES</subfield>
        <subfield code="0">(DHLAUTH)269624</subfield>
    </datafield>
    <datafield tag="650" ind1=" " ind2=" ">
        <subfield code="a">AGRICULTURAL PRODUCTS</subfield>
        <subfield code="0">(DHLAUTH)270579</subfield>
    </datafield>
    <datafield tag="650" ind1=" " ind2=" ">
        <subfield code="a">AGRICULTURE</subfield>
        <subfield code="0">(DHLAUTH)271335</subfield>
    </datafield>
    <datafield tag="650" ind1=" " ind2=" ">
        <subfield code="a">AGRICULTURAL PRODUCT MARKETING</subfield>
        <subfield code="0">(DHLAUTH)271308</subfield>
    </datafield>
    <datafield tag="650" ind1=" " ind2=" ">
        <subfield code="a">PALESTINE</subfield>
        <subfield code="0">(DHLAUTH)277398</subfield>
    </datafield>
    <datafield tag="650" ind1=" " ind2=" ">
        <subfield code="a">WESTERN ASIA</subfield>
        <subfield code="0">(DHLAUTH)275490</subfield>
    </datafield>
</record>
<record>
    <datafield tag="191" ind1=" " ind2=" ">
        <subfield code="a">E/ESCWA/ID/1997/6</subfield>
    </datafield>
    <datafield tag="246" ind1=" " ind2=" ">
        <subfield code="a">تقييم دور المنظمات غير الحكومية في الاراضي المحتلة وفرص التشابك فيما بينها في اطار السلطة الفلسطينية: الجزء الثاني: حالة المنظمات النسوية العاملة في تأسيس وادارة المشاريع الصغيرة المولدة للدخل</subfield>
    </datafield>
    <datafield tag="269" ind1=" " ind2=" ">
        <subfield code="a">19970903</subfield>
    </datafield>
    <datafield tag="650" ind1=" " ind2=" ">
        <subfield code="a">WESTERN ASIA</subfield>
        <subfield code="0">(DHLAUTH)275490</subfield>
    </datafield>
    <datafield tag="650" ind1=" " ind2=" ">
        <subfield code="a">WOMEN</subfield>
        <subfield code="0">(DHLAUTH)273032</subfield>
    </datafield>
</record>
<record>
    <datafield tag="191" ind1=" " ind2=" ">
        <subfield code="a">E/ESCWA/ID/1997/8</subfield>
    </datafield>
    <datafield tag="246" ind1=" " ind2=" ">
        <subfield code="a">استعراض وتقييم مصادر المعلومات في القطاع الصناعي في منطقة الاسكوا</subfield>
    </datafield>
    <datafield tag="269" ind1=" " ind2=" ">
        <subfield code="a">19970915</subfield>
    </datafield>
    <datafield tag="650" ind1=" " ind2=" ">
        <subfield code="a">LEBANON</subfield>
        <subfield code="0">(DHLAUTH)269069</subfield>
    </datafield>
    <datafield tag="650" ind1=" " ind2=" ">
        <subfield code="a">JORDAN</subfield>
        <subfield code="0">(DHLAUTH)269099</subfield>
    </datafield>
    <datafield tag="650" ind1=" " ind2=" ">
        <subfield code="a">PALESTINE</subfield>
        <subfield code="0">(DHLAUTH)277398</subfield>
    </datafield>
    <datafield tag="650" ind1=" " ind2=" ">
        <subfield code="a">SAUDI ARABIA</subfield>
        <subfield code="0">(DHLAUTH)273464</subfield>
    </datafield>
    <datafield tag="650" ind1=" " ind2=" ">
        <subfield code="a">EGYPT</subfield>
        <subfield code="0">(DHLAUTH)273328</subfield>
    </datafield>
    <datafield tag="650" ind1=" " ind2=" ">
        <subfield code="a">INFORMATION SOURCES</subfield>
        <subfield code="0">(DHLAUTH)275147</subfield>
    </datafield>
    <datafield tag="650" ind1=" " ind2=" ">
        <subfield code="a">INDUSTRIAL SECTOR</subfield>
        <subfield code="0">(DHLAUTH)271815</subfield>
    </datafield>
    <datafield tag="650" ind1=" " ind2=" ">
        <subfield code="a">TECHNOLOGY</subfield>
        <subfield code="0">(DHLAUTH)271833</subfield>
    </datafield>
    <datafield tag="650" ind1=" " ind2=" ">
        <subfield code="a">INTERNET</subfield>
        <subfield code="0">(DHLAUTH)438931</subfield>
    </datafield>
    <datafield tag="650" ind1=" " ind2=" ">
        <subfield code="a">DOCUMENTS</subfield>
        <subfield code="0">(DHLAUTH)270014</subfield>
    </datafield>
    <datafield tag="650" ind1=" " ind2=" ">
        <subfield code="a">PERIODICALS</subfield>
        <subfield code="0">(DHLAUTH)275063</subfield>
    </datafield>
    <datafield tag="650" ind1=" " ind2=" ">
        <subfield code="a">WESTERN ASIA</subfield>
        <subfield code="0">(DHLAUTH)275490</subfield>
    </datafield>
    <datafield tag="650" ind1=" " ind2=" ">
        <subfield code="a">INDUSTRIAL INFORMATION</subfield>
        <subfield code="0">(DHLAUTH)271828</subfield>
    </datafield>
    <datafield tag="650" ind1=" " ind2=" ">
        <subfield code="a">RECOMMENDATIONS</subfield>
        <subfield code="0">(DHLAUTH)275840</subfield>
    </datafield>
</record>
<record>
    <datafield tag="191" ind1=" " ind2=" ">
        <subfield code="a">E/ESCWA/ID/1999/10</subfield>
    </datafield>
    <datafield tag="246" ind1=" " ind2=" ">
        <subfield code="a">تقرير إجتماع عالي المستوى حول إدارة عمليات التقييس وتنسيقها وتقييم المطابقة في الأقطار العربية الرباط, 20-21 تشرين الثاني/نوفمبر 1999</subfield>
    </datafield>
    <datafield tag="269" ind1=" " ind2=" ">
        <subfield code="a">19991216</subfield>
    </datafield>
    <datafield tag="650" ind1=" " ind2=" ">
        <subfield code="a">STANDARDIZATION</subfield>
        <subfield code="0">(DHLAUTH)271816</subfield>
    </datafield>
    <datafield tag="650" ind1=" " ind2=" ">
        <subfield code="a">RECOMMENDATIONS</subfield>
        <subfield code="0">(DHLAUTH)275840</subfield>
    </datafield>
    <datafield tag="650" ind1=" " ind2=" ">
        <subfield code="a">WORK ORGANIZATION</subfield>
        <subfield code="0">(DHLAUTH)275746</subfield>
    </datafield>
    <datafield tag="650" ind1=" " ind2=" ">
        <subfield code="a">WESTERN ASIA</subfield>
        <subfield code="0">(DHLAUTH)275490</subfield>
    </datafield>
    <datafield tag="650" ind1=" " ind2=" ">
        <subfield code="a">PARTICIPANTS</subfield>
        <subfield code="0">(DHLAUTH)275785</subfield>
    </datafield>
</record>
<record>
    <datafield tag="191" ind1=" " ind2=" ">
        <subfield code="a">E/ESCWA/ID/1999/12</subfield>
    </datafield>
    <datafield tag="245" ind1=" " ind2=" ">
        <subfield code="a">REPORT/ EXPERT GROUP MEETING ON STANDARDIZATION IN THE ARAB COUNTRIES,(AMMAN, 2 TO 5 FEBRUARY 1999)</subfield>
    </datafield>
    <datafield tag="269" ind1=" " ind2=" ">
        <subfield code="a">19990324</subfield>
    </datafield>
    <datafield tag="650" ind1=" " ind2=" ">
        <subfield code="a">CONFERENCES</subfield>
        <subfield code="0">(DHLAUTH)275758</subfield>
    </datafield>
    <datafield tag="650" ind1=" " ind2=" ">
        <subfield code="a">PARTICIPANTS</subfield>
        <subfield code="0">(DHLAUTH)275785</subfield>
    </datafield>
    <datafield tag="650" ind1=" " ind2=" ">
        <subfield code="a">STANDARDIZATION</subfield>
        <subfield code="0">(DHLAUTH)271816</subfield>
    </datafield>
    <datafield tag="650" ind1=" " ind2=" ">
        <subfield code="a">ACTIVITIES</subfield>
        <subfield code="0">(DHLAUTH)275823</subfield>
    </datafield>
    <datafield tag="650" ind1=" " ind2=" ">
        <subfield code="a">WESTERN ASIA</subfield>
        <subfield code="0">(DHLAUTH)275490</subfield>
    </datafield>
</record>
<record>
    <datafield tag="191" ind1=" " ind2=" ">
        <subfield code="a">E/ESCWA/ID/1999/8(A)</subfield>
    </datafield>
    <datafield tag="245" ind1=" " ind2=" ">
        <subfield code="a">NATIONAL CAPACITY BUI8LDING IN SELECTED ESCWA COUNTRIES IN VIEW OF TECHNICAL BARRIERS TO TRADE AND WTO AGREEMENTS.</subfield>
    </datafield>
    <datafield tag="269" ind1=" " ind2=" ">
        <subfield code="a">19991217</subfield>
    </datafield>
    <datafield tag="650" ind1=" " ind2=" ">
        <subfield code="a">PRODUCTION STANDARDS</subfield>
        <subfield code="0">(DHLAUTH)269678</subfield>
    </datafield>
    <datafield tag="650" ind1=" " ind2=" ">
        <subfield code="a">TRADE REGULATION</subfield>
        <subfield code="0">(DHLAUTH)270275</subfield>
    </datafield>
    <datafield tag="650" ind1=" " ind2=" ">
        <subfield code="a">RULES OF ORIGIN</subfield>
        <subfield code="0">(DHLAUTH)271961</subfield>
    </datafield>
    <datafield tag="650" ind1=" " ind2=" ">
        <subfield code="a">CLOTHING</subfield>
        <subfield code="0">(DHLAUTH)272078</subfield>
    </datafield>
    <datafield tag="650" ind1=" " ind2=" ">
        <subfield code="a">RECOMMENDATIONS</subfield>
        <subfield code="0">(DHLAUTH)275840</subfield>
    </datafield>
    <datafield tag="650" ind1=" " ind2=" ">
        <subfield code="a">TRADE AGREEMENTS</subfield>
        <subfield code="0">(DHLAUTH)269912</subfield>
    </datafield>
    <datafield tag="650" ind1=" " ind2=" ">
        <subfield code="a">TRADE RESTRICTIONS</subfield>
        <subfield code="0">(DHLAUTH)272812</subfield>
    </datafield>
    <datafield tag="650" ind1=" " ind2=" ">
        <subfield code="a">ENVIRONMENTAL STANDARDS</subfield>
        <subfield code="0">(DHLAUTH)276590</subfield>
    </datafield>
    <datafield tag="650" ind1=" " ind2=" ">
        <subfield code="a">TEXTILES</subfield>
        <subfield code="0">(DHLAUTH)272081</subfield>
    </datafield>
    <datafield tag="650" ind1=" " ind2=" ">
        <subfield code="a">CAPACITY BUILDING</subfield>
        <subfield code="0">(DHLAUTH)276636</subfield>
    </datafield>
</record>
<record>
    <datafield tag="191" ind1=" " ind2=" ">
        <subfield code="a">E/ESCWA/ID/2001/3(A)</subfield>
    </datafield>
    <datafield tag="245" ind1=" " ind2=" ">
        <subfield code="a">REPORT EXPERT GROUP MEETING ON REVIEW OF INDUSTRIAL POLICIES AIMED AT INCREASED PRODUCTIVITY AND COMPETITIVENESS WITHIN THE GLOBAL CONTEXT, AMMAN, 14-17 JANUARY 2001</subfield>
    </datafield>
    <datafield tag="269" ind1=" " ind2=" ">
        <subfield code="a">20010504</subfield>
    </datafield>
    <datafield tag="650" ind1=" " ind2=" ">
        <subfield code="a">FREE TRADE AREAS</subfield>
        <subfield code="0">(DHLAUTH)269767</subfield>
    </datafield>
    <datafield tag="650" ind1=" " ind2=" ">
        <subfield code="a">ECONOMIC DEVELOPMENT</subfield>
        <subfield code="0">(DHLAUTH)269755</subfield>
    </datafield>
    <datafield tag="650" ind1=" " ind2=" ">
        <subfield code="a">MANUFACTURING</subfield>
        <subfield code="0">(DHLAUTH)271821</subfield>
    </datafield>
    <datafield tag="650" ind1=" " ind2=" ">
        <subfield code="a">TECHNOLOGICAL CHANGE</subfield>
        <subfield code="0">(DHLAUTH)271841</subfield>
    </datafield>
    <datafield tag="650" ind1=" " ind2=" ">
        <subfield code="a">GLOBALIZATION</subfield>
        <subfield code="0">(DHLAUTH)276685</subfield>
    </datafield>
    <datafield tag="650" ind1=" " ind2=" ">
        <subfield code="a">DEVELOPMENT</subfield>
        <subfield code="0">(DHLAUTH)269844</subfield>
    </datafield>
    <datafield tag="650" ind1=" " ind2=" ">
        <subfield code="a">WESTERN ASIA</subfield>
        <subfield code="0">(DHLAUTH)275490</subfield>
    </datafield>
    <datafield tag="650" ind1=" " ind2=" ">
        <subfield code="a">PARTICIPANTS</subfield>
        <subfield code="0">(DHLAUTH)275785</subfield>
    </datafield>
    <datafield tag="650" ind1=" " ind2=" ">
        <subfield code="a">DOCUMENTS</subfield>
        <subfield code="0">(DHLAUTH)270014</subfield>
    </datafield>
    <datafield tag="650" ind1=" " ind2=" ">
        <subfield code="a">CONFERENCES</subfield>
        <subfield code="0">(DHLAUTH)275758</subfield>
    </datafield>
</record>
<record>
    <datafield tag="191" ind1=" " ind2=" ">
        <subfield code="a">E/ESCWA/ID/2001/4(A)</subfield>
    </datafield>
    <datafield tag="245" ind1=" " ind2=" ">
        <subfield code="a">REVIEW OF INDUSTRIAL STRATEGIES AND POLICIES: PREPARING FOR THE TWENTY-FIRST CENTURY.</subfield>
    </datafield>
    <datafield tag="269" ind1=" " ind2=" ">
        <subfield code="a">20010813</subfield>
    </datafield>
    <datafield tag="650" ind1=" " ind2=" ">
        <subfield code="a">INDUSTRIAL SECTOR</subfield>
        <subfield code="0">(DHLAUTH)271815</subfield>
    </datafield>
    <datafield tag="650" ind1=" " ind2=" ">
        <subfield code="a">MANUFACTURING</subfield>
        <subfield code="0">(DHLAUTH)271821</subfield>
    </datafield>
    <datafield tag="650" ind1=" " ind2=" ">
        <subfield code="a">PRIVATE SECTOR</subfield>
        <subfield code="0">(DHLAUTH)269684</subfield>
    </datafield>
    <datafield tag="650" ind1=" " ind2=" ">
        <subfield code="a">SMALL ENTERPRISES</subfield>
        <subfield code="0">(DHLAUTH)269624</subfield>
    </datafield>
    <datafield tag="650" ind1=" " ind2=" ">
        <subfield code="a">MEDIUM ENTERPRISES</subfield>
        <subfield code="0">(DHLAUTH)526842</subfield>
    </datafield>
    <datafield tag="650" ind1=" " ind2=" ">
        <subfield code="a">INFORMATION TECHNOLOGY</subfield>
        <subfield code="0">(DHLAUTH)272714</subfield>
    </datafield>
    <datafield tag="650" ind1=" " ind2=" ">
        <subfield code="a">COMMUNICATION TECHNOLOGY</subfield>
        <subfield code="0">(DHLAUTH)272713</subfield>
    </datafield>
    <datafield tag="650" ind1=" " ind2=" ">
        <subfield code="a">DOCUMENTS</subfield>
        <subfield code="0">(DHLAUTH)270014</subfield>
    </datafield>
    <datafield tag="650" ind1=" " ind2=" ">
        <subfield code="a">CASE STUDIES</subfield>
        <subfield code="0">(DHLAUTH)274639</subfield>
    </datafield>
    <datafield tag="650" ind1=" " ind2=" ">
        <subfield code="a">ARAB COUNTRIES</subfield>
        <subfield code="0">(DHLAUTH)268705</subfield>
    </datafield>
</record>
<record>
    <datafield tag="191" ind1=" " ind2=" ">
        <subfield code="a">E/ESCWA/ID/85/13</subfield>
    </datafield>
    <datafield tag="245" ind1=" " ind2=" ">
        <subfield code="a">A FRAMEWORK FOR A MASTERPLAN FOR THE DEVELOPMENT OF TECHNOLOGICAL CAPABILITIES IN THE OIL REFINING, PETROCHEMICAL AND FERTILIZER INDUSTRY.</subfield>
    </datafield>
    <datafield tag="269" ind1=" " ind2=" ">
        <subfield code="a">19860203</subfield>
    </datafield>
    <datafield tag="650" ind1=" " ind2=" ">
        <subfield code="a">WESTERN ASIA</subfield>
        <subfield code="0">(DHLAUTH)275490</subfield>
    </datafield>
    <datafield tag="650" ind1=" " ind2=" ">
        <subfield code="a">DEVELOPMENT</subfield>
        <subfield code="0">(DHLAUTH)269844</subfield>
    </datafield>
    <datafield tag="650" ind1=" " ind2=" ">
        <subfield code="a">OIL INDUSTRIES</subfield>
        <subfield code="0">(DHLAUTH)271589</subfield>
    </datafield>
    <datafield tag="650" ind1=" " ind2=" ">
        <subfield code="a">PETROCHEMICAL INDUSTRY</subfield>
        <subfield code="0">(DHLAUTH)271276</subfield>
    </datafield>
    <datafield tag="650" ind1=" " ind2=" ">
        <subfield code="a">FERTILIZER INDUSTRY</subfield>
        <subfield code="0">(DHLAUTH)271312</subfield>
    </datafield>
    <datafield tag="650" ind1=" " ind2=" ">
        <subfield code="a">TECHNOLOGY</subfield>
        <subfield code="0">(DHLAUTH)271833</subfield>
    </datafield>
    <datafield tag="650" ind1=" " ind2=" ">
        <subfield code="a">CASE STUDIES</subfield>
        <subfield code="0">(DHLAUTH)274639</subfield>
    </datafield>
    <datafield tag="650" ind1=" " ind2=" ">
        <subfield code="a">INDUSTRIAL COOPERATION</subfield>
        <subfield code="0">(DHLAUTH)269915</subfield>
    </datafield>
    <datafield tag="650" ind1=" " ind2=" ">
        <subfield code="a">STATISTICAL DATA</subfield>
        <subfield code="0">(DHLAUTH)270233</subfield>
    </datafield>
</record>
<record>
    <datafield tag="191" ind1=" " ind2=" ">
        <subfield code="a">E/ESCWA/ID/85/14</subfield>
    </datafield>
    <datafield tag="245" ind1=" " ind2=" ">
        <subfield code="a">A FRAMEWORK FOR A MASTER PLAN FOR THE DEVELOPMENT OF TECHNOLOGICAL CAPABILITIES IN CAPITAL GOODS INDUSTRIES.</subfield>
    </datafield>
    <datafield tag="269" ind1=" " ind2=" ">
        <subfield code="a">19860409</subfield>
    </datafield>
    <datafield tag="650" ind1=" " ind2=" ">
        <subfield code="a">SCIENCE AND TECHNOLOGY CAPABILITY</subfield>
        <subfield code="0">(DHLAUTH)274356</subfield>
    </datafield>
    <datafield tag="650" ind1=" " ind2=" ">
        <subfield code="a">CAPITAL GOODS</subfield>
        <subfield code="0">(DHLAUTH)269746</subfield>
    </datafield>
    <datafield tag="650" ind1=" " ind2=" ">
        <subfield code="a">STATISTICAL DATA</subfield>
        <subfield code="0">(DHLAUTH)270233</subfield>
    </datafield>
    <datafield tag="650" ind1=" " ind2=" ">
        <subfield code="a">INDUSTRY</subfield>
        <subfield code="0">(DHLAUTH)271796</subfield>
    </datafield>
</record>
<record>
    <datafield tag="191" ind1=" " ind2=" ">
        <subfield code="a">E/ESCWA/ID/85/7</subfield>
    </datafield>
    <datafield tag="246" ind1=" " ind2=" ">
        <subfield code="a">التعاون الإقتصادي العربي المشترك مدخل استراتيجية التكامل الجزئي</subfield>
    </datafield>
    <datafield tag="269" ind1=" " ind2=" ">
        <subfield code="a">19850919</subfield>
    </datafield>
    <datafield tag="650" ind1=" " ind2=" ">
        <subfield code="a">ECONOMIC COOPERATION</subfield>
        <subfield code="0">(DHLAUTH)268654</subfield>
    </datafield>
    <datafield tag="650" ind1=" " ind2=" ">
        <subfield code="a">REGIONAL COOPERATION</subfield>
        <subfield code="0">(DHLAUTH)268656</subfield>
    </datafield>
    <datafield tag="650" ind1=" " ind2=" ">
        <subfield code="a">INDUSTRY</subfield>
        <subfield code="0">(DHLAUTH)271796</subfield>
    </datafield>
    <datafield tag="650" ind1=" " ind2=" ">
        <subfield code="a">INDUSTRIAL PROJECTS</subfield>
        <subfield code="0">(DHLAUTH)269991</subfield>
    </datafield>
    <datafield tag="650" ind1=" " ind2=" ">
        <subfield code="a">CAPITAL GOODS</subfield>
        <subfield code="0">(DHLAUTH)269746</subfield>
    </datafield>
</record>
<record>
    <datafield tag="191" ind1=" " ind2=" ">
        <subfield code="a">E/ESCWA/ID/85/8</subfield>
    </datafield>
    <datafield tag="246" ind1=" " ind2=" ">
        <subfield code="a">الترويج للمشاريع الراسمالية والصناعات الهندسية المشتركة تجربة الاكوا</subfield>
    </datafield>
    <datafield tag="269" ind1=" " ind2=" ">
        <subfield code="a">19850922</subfield>
    </datafield>
    <datafield tag="650" ind1=" " ind2=" ">
        <subfield code="a">CONSULTANTS</subfield>
        <subfield code="0">(DHLAUTH)269888</subfield>
    </datafield>
    <datafield tag="650" ind1=" " ind2=" ">
        <subfield code="a">INVESTMENTS</subfield>
        <subfield code="0">(DHLAUTH)269859</subfield>
    </datafield>
    <datafield tag="650" ind1=" " ind2=" ">
        <subfield code="a">ENGINEERING INDUSTRIES</subfield>
        <subfield code="0">(DHLAUTH)272139</subfield>
    </datafield>
    <datafield tag="650" ind1=" " ind2=" ">
        <subfield code="a">INDUSTRIAL PROJECTS</subfield>
        <subfield code="0">(DHLAUTH)269991</subfield>
    </datafield>
    <datafield tag="650" ind1=" " ind2=" ">
        <subfield code="a">JOINT VENTURES</subfield>
        <subfield code="0">(DHLAUTH)269202</subfield>
    </datafield>
    <datafield tag="650" ind1=" " ind2=" ">
        <subfield code="a">CONFERENCES</subfield>
        <subfield code="0">(DHLAUTH)275758</subfield>
    </datafield>
    <datafield tag="650" ind1=" " ind2=" ">
        <subfield code="a">AGENDA</subfield>
        <subfield code="0">(DHLAUTH)275133</subfield>
    </datafield>
</record>
<record>
    <datafield tag="191" ind1=" " ind2=" ">
        <subfield code="a">E/ESCWA/ID/85/9</subfield>
    </datafield>
    <datafield tag="246" ind1=" " ind2=" ">
        <subfield code="a">مرشد تقييم المشروعات الاستثمارية في سورية</subfield>
    </datafield>
    <datafield tag="269" ind1=" " ind2=" ">
        <subfield code="a">19851022</subfield>
    </datafield>
    <datafield tag="650" ind1=" " ind2=" ">
        <subfield code="a">CONSULTANTS</subfield>
        <subfield code="0">(DHLAUTH)269888</subfield>
    </datafield>
    <datafield tag="650" ind1=" " ind2=" ">
        <subfield code="a">PROJECT EVALUATION</subfield>
        <subfield code="0">(DHLAUTH)269591</subfield>
    </datafield>
    <datafield tag="650" ind1=" " ind2=" ">
        <subfield code="a">INVESTMENTS</subfield>
        <subfield code="0">(DHLAUTH)269859</subfield>
    </datafield>
    <datafield tag="650" ind1=" " ind2=" ">
        <subfield code="a">SYRIAN ARAB REPUBLIC</subfield>
        <subfield code="0">(DHLAUTH)273496</subfield>
    </datafield>
</record>
<record>
    <datafield tag="191" ind1=" " ind2=" ">
        <subfield code="a">E/ESCWA/ID/85/INF.1</subfield>
    </datafield>
    <datafield tag="245" ind1=" " ind2=" ">
        <subfield code="a">AIDE MEMOIRE/ WORKSHOP ON "REGIONAL SILICON FOUNDRY AND DESIGN CENTRES 27-29 JAN 1986, SIDI BEL ABBAS, ALGERIA</subfield>
    </datafield>
    <datafield tag="269" ind1=" " ind2=" ">
        <subfield code="a">19850901</subfield>
    </datafield>
    <datafield tag="650" ind1=" " ind2=" ">
        <subfield code="a">WESTERN ASIA</subfield>
        <subfield code="0">(DHLAUTH)275490</subfield>
    </datafield>
    <datafield tag="650" ind1=" " ind2=" ">
        <subfield code="a">CONFERENCES</subfield>
        <subfield code="0">(DHLAUTH)275758</subfield>
    </datafield>
    <datafield tag="650" ind1=" " ind2=" ">
        <subfield code="a">SILICON</subfield>
        <subfield code="0">(DHLAUTH)271157</subfield>
    </datafield>
    <datafield tag="650" ind1=" " ind2=" ">
        <subfield code="a">ARAB COUNTRIES</subfield>
        <subfield code="0">(DHLAUTH)268705</subfield>
    </datafield>
</record>
<record>
    <datafield tag="191" ind1=" " ind2=" ">
        <subfield code="a">E/ESCWA/ID/86/10</subfield>
    </datafield>
    <datafield tag="245" ind1=" " ind2=" ">
        <subfield code="a">PROJECT PROFILES/ CHASSIS.</subfield>
    </datafield>
    <datafield tag="269" ind1=" " ind2=" ">
        <subfield code="a">19860218</subfield>
    </datafield>
    <datafield tag="650" ind1=" " ind2=" ">
        <subfield code="a">PROJECT IDENTIFICATION</subfield>
        <subfield code="0">(DHLAUTH)275804</subfield>
    </datafield>
    <datafield tag="650" ind1=" " ind2=" ">
        <subfield code="a">AUTOMOBILES</subfield>
        <subfield code="0">(DHLAUTH)269469</subfield>
    </datafield>
    <datafield tag="650" ind1=" " ind2=" ">
        <subfield code="a">AUTOMOBILE INDUSTRY</subfield>
        <subfield code="0">(DHLAUTH)272065</subfield>
    </datafield>
    <datafield tag="650" ind1=" " ind2=" ">
        <subfield code="a">INDUSTRIAL PROJECTS</subfield>
        <subfield code="0">(DHLAUTH)269991</subfield>
    </datafield>
    <datafield tag="650" ind1=" " ind2=" ">
        <subfield code="a">ENTREPRENEURSHIP</subfield>
        <subfield code="0">(DHLAUTH)271785</subfield>
    </datafield>
    <datafield tag="650" ind1=" " ind2=" ">
        <subfield code="a">MANUFACTURING</subfield>
        <subfield code="0">(DHLAUTH)271821</subfield>
    </datafield>
</record>
<record>
    <datafield tag="191" ind1=" " ind2=" ">
        <subfield code="a">E/ESCWA/ID/86/11</subfield>
    </datafield>
    <datafield tag="245" ind1=" " ind2=" ">
        <subfield code="a">PROJECT PROFILES/ WINDSHIELD GLASS.</subfield>
    </datafield>
    <datafield tag="269" ind1=" " ind2=" ">
        <subfield code="a">19860218</subfield>
    </datafield>
    <datafield tag="650" ind1=" " ind2=" ">
        <subfield code="a">PROJECT IDENTIFICATION</subfield>
        <subfield code="0">(DHLAUTH)275804</subfield>
    </datafield>
    <datafield tag="650" ind1=" " ind2=" ">
        <subfield code="a">AUTOMOBILES</subfield>
        <subfield code="0">(DHLAUTH)269469</subfield>
    </datafield>
    <datafield tag="650" ind1=" " ind2=" ">
        <subfield code="a">AUTOMOBILE INDUSTRY</subfield>
        <subfield code="0">(DHLAUTH)272065</subfield>
    </datafield>
    <datafield tag="650" ind1=" " ind2=" ">
        <subfield code="a">INDUSTRIAL PROJECTS</subfield>
        <subfield code="0">(DHLAUTH)269991</subfield>
    </datafield>
    <datafield tag="650" ind1=" " ind2=" ">
        <subfield code="a">ENTREPRENEURSHIP</subfield>
        <subfield code="0">(DHLAUTH)271785</subfield>
    </datafield>
    <datafield tag="650" ind1=" " ind2=" ">
        <subfield code="a">MANUFACTURING</subfield>
        <subfield code="0">(DHLAUTH)271821</subfield>
    </datafield>
</record>
<record>
    <datafield tag="191" ind1=" " ind2=" ">
        <subfield code="a">E/ESCWA/ID/86/12</subfield>
    </datafield>
    <datafield tag="245" ind1=" " ind2=" ">
        <subfield code="a">MISSION REPORT ON THE EVALUATION OF INDUSTRIAL PROJECTS IN WEST BANK AND GAZA STRIP.</subfield>
    </datafield>
    <datafield tag="269" ind1=" " ind2=" ">
        <subfield code="a">19860223</subfield>
    </datafield>
    <datafield tag="650" ind1=" " ind2=" ">
        <subfield code="a">ADVISORY SERVICES</subfield>
        <subfield code="0">(DHLAUTH)269860</subfield>
    </datafield>
    <datafield tag="650" ind1=" " ind2=" ">
        <subfield code="a">EVALUATION</subfield>
        <subfield code="0">(DHLAUTH)269588</subfield>
    </datafield>
    <datafield tag="650" ind1=" " ind2=" ">
        <subfield code="a">INDUSTRIAL PROJECTS</subfield>
        <subfield code="0">(DHLAUTH)269991</subfield>
    </datafield>
    <datafield tag="650" ind1=" " ind2=" ">
        <subfield code="a">WEST BANK (STATE OF PALESTINE)</subfield>
        <subfield code="0">(DHLAUTH)277374</subfield>
    </datafield>
    <datafield tag="650" ind1=" " ind2=" ">
        <subfield code="a">GAZA STRIP (STATE OF PALESTINE)</subfield>
        <subfield code="0">(DHLAUTH)277030</subfield>
    </datafield>
</record>
<record>
    <datafield tag="191" ind1=" " ind2=" ">
        <subfield code="a">E/ESCWA/ID/86/15</subfield>
    </datafield>
    <datafield tag="246" ind1=" " ind2=" ">
        <subfield code="a">مهمة استشارية الى المركز القومي للحاسبات الالكترونية العراق كانون الثاني/ بناير 1986</subfield>
    </datafield>
    <datafield tag="269" ind1=" " ind2=" ">
        <subfield code="a">19860427</subfield>
    </datafield>
    <datafield tag="650" ind1=" " ind2=" ">
        <subfield code="a">CONSULTATIONS</subfield>
        <subfield code="0">(DHLAUTH)268747</subfield>
    </datafield>
    <datafield tag="650" ind1=" " ind2=" ">
        <subfield code="a">EVALUATION</subfield>
        <subfield code="0">(DHLAUTH)269588</subfield>
    </datafield>
    <datafield tag="650" ind1=" " ind2=" ">
        <subfield code="a">ACTIVITIES</subfield>
        <subfield code="0">(DHLAUTH)275823</subfield>
    </datafield>
    <datafield tag="650" ind1=" " ind2=" ">
        <subfield code="a">IRAQ</subfield>
        <subfield code="0">(DHLAUTH)273370</subfield>
    </datafield>
    <datafield tag="650" ind1=" " ind2=" ">
        <subfield code="a">ADVISORY SERVICES</subfield>
        <subfield code="0">(DHLAUTH)269860</subfield>
    </datafield>
    <datafield tag="650" ind1=" " ind2=" ">
        <subfield code="a">WESTERN ASIA</subfield>
        <subfield code="0">(DHLAUTH)275490</subfield>
    </datafield>
</record>
<record>
    <datafield tag="191" ind1=" " ind2=" ">
        <subfield code="a">E/ESCWA/ID/86/18</subfield>
    </datafield>
    <datafield tag="246" ind1=" " ind2=" ">
        <subfield code="a">مهمة استشارية الى وزارة الصناعة والمعادن المنشاة العامة للصناعات الكيمياوية  بغداد العراق اغسطس/ آب 1986</subfield>
    </datafield>
    <datafield tag="269" ind1=" " ind2=" ">
        <subfield code="a">19861008</subfield>
    </datafield>
    <datafield tag="650" ind1=" " ind2=" ">
        <subfield code="a">CONSULTATIONS</subfield>
        <subfield code="0">(DHLAUTH)268747</subfield>
    </datafield>
    <datafield tag="650" ind1=" " ind2=" ">
        <subfield code="a">EVALUATION</subfield>
        <subfield code="0">(DHLAUTH)269588</subfield>
    </datafield>
    <datafield tag="650" ind1=" " ind2=" ">
        <subfield code="a">ACTIVITIES</subfield>
        <subfield code="0">(DHLAUTH)275823</subfield>
    </datafield>
    <datafield tag="650" ind1=" " ind2=" ">
        <subfield code="a">IRAQ</subfield>
        <subfield code="0">(DHLAUTH)273370</subfield>
    </datafield>
</record>
<record>
    <datafield tag="191" ind1=" " ind2=" ">
        <subfield code="a">E/ESCWA/ID/86/19</subfield>
    </datafield>
    <datafield tag="246" ind1=" " ind2=" ">
        <subfield code="a">تقرير عن المهمة الاستشارية للمؤسسة العامة للمشاريع الصناعية بغداد 27- تشرين الثاني /نوفمبر 1986</subfield>
    </datafield>
    <datafield tag="269" ind1=" " ind2=" ">
        <subfield code="a">19861127</subfield>
    </datafield>
    <datafield tag="650" ind1=" " ind2=" ">
        <subfield code="a">CONSULTATIONS</subfield>
        <subfield code="0">(DHLAUTH)268747</subfield>
    </datafield>
    <datafield tag="650" ind1=" " ind2=" ">
        <subfield code="a">EVALUATION</subfield>
        <subfield code="0">(DHLAUTH)269588</subfield>
    </datafield>
    <datafield tag="650" ind1=" " ind2=" ">
        <subfield code="a">ACTIVITIES</subfield>
        <subfield code="0">(DHLAUTH)275823</subfield>
    </datafield>
    <datafield tag="650" ind1=" " ind2=" ">
        <subfield code="a">IRAQ</subfield>
        <subfield code="0">(DHLAUTH)273370</subfield>
    </datafield>
</record>
<record>
    <datafield tag="191" ind1=" " ind2=" ">
        <subfield code="a">E/ESCWA/ID/86/2</subfield>
    </datafield>
    <datafield tag="245" ind1=" " ind2=" ">
        <subfield code="a">PROJECT PROFILES/ AUTOMOBILE RUBBER COMPONENTS.</subfield>
    </datafield>
    <datafield tag="269" ind1=" " ind2=" ">
        <subfield code="a">19860218</subfield>
    </datafield>
    <datafield tag="650" ind1=" " ind2=" ">
        <subfield code="a">PROJECT IDENTIFICATION</subfield>
        <subfield code="0">(DHLAUTH)275804</subfield>
    </datafield>
    <datafield tag="650" ind1=" " ind2=" ">
        <subfield code="a">AUTOMOBILES</subfield>
        <subfield code="0">(DHLAUTH)269469</subfield>
    </datafield>
    <datafield tag="650" ind1=" " ind2=" ">
        <subfield code="a">RUBBER INDUSTRY</subfield>
        <subfield code="0">(DHLAUTH)272115</subfield>
    </datafield>
    <datafield tag="650" ind1=" " ind2=" ">
        <subfield code="a">AUTOMOBILE INDUSTRY</subfield>
        <subfield code="0">(DHLAUTH)272065</subfield>
    </datafield>
    <datafield tag="650" ind1=" " ind2=" ">
        <subfield code="a">INDUSTRIAL PROJECTS</subfield>
        <subfield code="0">(DHLAUTH)269991</subfield>
    </datafield>
    <datafield tag="650" ind1=" " ind2=" ">
        <subfield code="a">ENTREPRENEURSHIP</subfield>
        <subfield code="0">(DHLAUTH)271785</subfield>
    </datafield>
    <datafield tag="650" ind1=" " ind2=" ">
        <subfield code="a">MANUFACTURING</subfield>
        <subfield code="0">(DHLAUTH)271821</subfield>
    </datafield>
</record>
<record>
    <datafield tag="191" ind1=" " ind2=" ">
        <subfield code="a">E/ESCWA/ID/86/20</subfield>
    </datafield>
    <datafield tag="245" ind1=" " ind2=" ">
        <subfield code="a">ASSISTANCE IN DEVELOPMENT OF CAPITAL GOODS INDUSTRY. </subfield>
    </datafield>
    <datafield tag="269" ind1=" " ind2=" ">
        <subfield code="a">19861217</subfield>
    </datafield>
    <datafield tag="650" ind1=" " ind2=" ">
        <subfield code="a">CAPITAL GOODS</subfield>
        <subfield code="0">(DHLAUTH)269746</subfield>
    </datafield>
    <datafield tag="650" ind1=" " ind2=" ">
        <subfield code="a">DEVELOPMENT ASSISTANCE</subfield>
        <subfield code="0">(DHLAUTH)268659</subfield>
    </datafield>
    <datafield tag="650" ind1=" " ind2=" ">
        <subfield code="a">INDUSTRIAL PROJECTS</subfield>
        <subfield code="0">(DHLAUTH)269991</subfield>
    </datafield>
    <datafield tag="650" ind1=" " ind2=" ">
        <subfield code="a">ENGINEERING INDUSTRIES</subfield>
        <subfield code="0">(DHLAUTH)272139</subfield>
    </datafield>
    <datafield tag="650" ind1=" " ind2=" ">
        <subfield code="a">STATISTICAL DATA</subfield>
        <subfield code="0">(DHLAUTH)270233</subfield>
    </datafield>
</record>
<record>
    <datafield tag="191" ind1=" " ind2=" ">
        <subfield code="a">E/ESCWA/ID/86/3</subfield>
    </datafield>
    <datafield tag="245" ind1=" " ind2=" ">
        <subfield code="a">PROJECT PROFILES/ CLUTCH PLATES AND BRAKE LINING.</subfield>
    </datafield>
    <datafield tag="269" ind1=" " ind2=" ">
        <subfield code="a">19860218</subfield>
    </datafield>
    <datafield tag="650" ind1=" " ind2=" ">
        <subfield code="a">PROJECT IDENTIFICATION</subfield>
        <subfield code="0">(DHLAUTH)275804</subfield>
    </datafield>
    <datafield tag="650" ind1=" " ind2=" ">
        <subfield code="a">AUTOMOBILES</subfield>
        <subfield code="0">(DHLAUTH)269469</subfield>
    </datafield>
    <datafield tag="650" ind1=" " ind2=" ">
        <subfield code="a">AUTOMOBILE INDUSTRY</subfield>
        <subfield code="0">(DHLAUTH)272065</subfield>
    </datafield>
    <datafield tag="650" ind1=" " ind2=" ">
        <subfield code="a">INDUSTRIAL PROJECTS</subfield>
        <subfield code="0">(DHLAUTH)269991</subfield>
    </datafield>
    <datafield tag="650" ind1=" " ind2=" ">
        <subfield code="a">ENTREPRENEURSHIP</subfield>
        <subfield code="0">(DHLAUTH)271785</subfield>
    </datafield>
    <datafield tag="650" ind1=" " ind2=" ">
        <subfield code="a">MANUFACTURING</subfield>
        <subfield code="0">(DHLAUTH)271821</subfield>
    </datafield>
</record>
<record>
    <datafield tag="191" ind1=" " ind2=" ">
        <subfield code="a">E/ESCWA/ID/86/4</subfield>
    </datafield>
    <datafield tag="245" ind1=" " ind2=" ">
        <subfield code="a">PROJECT PROFILES/ WIPER MOTORS AND ARMS.</subfield>
    </datafield>
    <datafield tag="269" ind1=" " ind2=" ">
        <subfield code="a">19860218</subfield>
    </datafield>
    <datafield tag="650" ind1=" " ind2=" ">
        <subfield code="a">PROJECT IDENTIFICATION</subfield>
        <subfield code="0">(DHLAUTH)275804</subfield>
    </datafield>
    <datafield tag="650" ind1=" " ind2=" ">
        <subfield code="a">AUTOMOBILES</subfield>
        <subfield code="0">(DHLAUTH)269469</subfield>
    </datafield>
    <datafield tag="650" ind1=" " ind2=" ">
        <subfield code="a">AUTOMOBILE INDUSTRY</subfield>
        <subfield code="0">(DHLAUTH)272065</subfield>
    </datafield>
    <datafield tag="650" ind1=" " ind2=" ">
        <subfield code="a">INDUSTRIAL PROJECTS</subfield>
        <subfield code="0">(DHLAUTH)269991</subfield>
    </datafield>
    <datafield tag="650" ind1=" " ind2=" ">
        <subfield code="a">ENTREPRENEURSHIP</subfield>
        <subfield code="0">(DHLAUTH)271785</subfield>
    </datafield>
    <datafield tag="650" ind1=" " ind2=" ">
        <subfield code="a">MANUFACTURING</subfield>
        <subfield code="0">(DHLAUTH)271821</subfield>
    </datafield>
</record>
<record>
    <datafield tag="191" ind1=" " ind2=" ">
        <subfield code="a">E/ESCWA/ID/86/5</subfield>
    </datafield>
    <datafield tag="245" ind1=" " ind2=" ">
        <subfield code="a">PROJECT PROFILES/ SHOCK ABSORBERS.</subfield>
    </datafield>
    <datafield tag="269" ind1=" " ind2=" ">
        <subfield code="a">19860218</subfield>
    </datafield>
    <datafield tag="650" ind1=" " ind2=" ">
        <subfield code="a">PROJECT IDENTIFICATION</subfield>
        <subfield code="0">(DHLAUTH)275804</subfield>
    </datafield>
    <datafield tag="650" ind1=" " ind2=" ">
        <subfield code="a">AUTOMOBILES</subfield>
        <subfield code="0">(DHLAUTH)269469</subfield>
    </datafield>
    <datafield tag="650" ind1=" " ind2=" ">
        <subfield code="a">AUTOMOBILE INDUSTRY</subfield>
        <subfield code="0">(DHLAUTH)272065</subfield>
    </datafield>
    <datafield tag="650" ind1=" " ind2=" ">
        <subfield code="a">INDUSTRIAL PROJECTS</subfield>
        <subfield code="0">(DHLAUTH)269991</subfield>
    </datafield>
    <datafield tag="650" ind1=" " ind2=" ">
        <subfield code="a">ENTREPRENEURSHIP</subfield>
        <subfield code="0">(DHLAUTH)271785</subfield>
    </datafield>
    <datafield tag="650" ind1=" " ind2=" ">
        <subfield code="a">MANUFACTURING</subfield>
        <subfield code="0">(DHLAUTH)271821</subfield>
    </datafield>
</record>
<record>
    <datafield tag="191" ind1=" " ind2=" ">
        <subfield code="a">E/ESCWA/ID/86/6</subfield>
    </datafield>
    <datafield tag="245" ind1=" " ind2=" ">
        <subfield code="a">PROJECT PROFILES/ CASKETS, PRESENTED TO THIRD ENTREPRENEURS CONFERENCES 28-30 APRIL 1986 KUWAIT</subfield>
    </datafield>
    <datafield tag="269" ind1=" " ind2=" ">
        <subfield code="a">19860218</subfield>
    </datafield>
    <datafield tag="650" ind1=" " ind2=" ">
        <subfield code="a">PROJECT IDENTIFICATION</subfield>
        <subfield code="0">(DHLAUTH)275804</subfield>
    </datafield>
    <datafield tag="650" ind1=" " ind2=" ">
        <subfield code="a">AUTOMOBILES</subfield>
        <subfield code="0">(DHLAUTH)269469</subfield>
    </datafield>
    <datafield tag="650" ind1=" " ind2=" ">
        <subfield code="a">AUTOMOBILE INDUSTRY</subfield>
        <subfield code="0">(DHLAUTH)272065</subfield>
    </datafield>
    <datafield tag="650" ind1=" " ind2=" ">
        <subfield code="a">INDUSTRIAL PROJECTS</subfield>
        <subfield code="0">(DHLAUTH)269991</subfield>
    </datafield>
    <datafield tag="650" ind1=" " ind2=" ">
        <subfield code="a">ENTREPRENEURSHIP</subfield>
        <subfield code="0">(DHLAUTH)271785</subfield>
    </datafield>
    <datafield tag="650" ind1=" " ind2=" ">
        <subfield code="a">MANUFACTURING</subfield>
        <subfield code="0">(DHLAUTH)271821</subfield>
    </datafield>
</record>
<record>
    <datafield tag="191" ind1=" " ind2=" ">
        <subfield code="a">E/ESCWA/ID/86/7</subfield>
    </datafield>
    <datafield tag="245" ind1=" " ind2=" ">
        <subfield code="a">PROJECT PROFILES/ OIL SEALS.</subfield>
    </datafield>
    <datafield tag="269" ind1=" " ind2=" ">
        <subfield code="a">19860218</subfield>
    </datafield>
    <datafield tag="650" ind1=" " ind2=" ">
        <subfield code="a">PROJECT IDENTIFICATION</subfield>
        <subfield code="0">(DHLAUTH)275804</subfield>
    </datafield>
    <datafield tag="650" ind1=" " ind2=" ">
        <subfield code="a">AUTOMOBILES</subfield>
        <subfield code="0">(DHLAUTH)269469</subfield>
    </datafield>
    <datafield tag="650" ind1=" " ind2=" ">
        <subfield code="a">AUTOMOBILE INDUSTRY</subfield>
        <subfield code="0">(DHLAUTH)272065</subfield>
    </datafield>
    <datafield tag="650" ind1=" " ind2=" ">
        <subfield code="a">INDUSTRIAL PROJECTS</subfield>
        <subfield code="0">(DHLAUTH)269991</subfield>
    </datafield>
    <datafield tag="650" ind1=" " ind2=" ">
        <subfield code="a">ENTREPRENEURSHIP</subfield>
        <subfield code="0">(DHLAUTH)271785</subfield>
    </datafield>
    <datafield tag="650" ind1=" " ind2=" ">
        <subfield code="a">MANUFACTURING</subfield>
        <subfield code="0">(DHLAUTH)271821</subfield>
    </datafield>
</record>
<record>
    <datafield tag="191" ind1=" " ind2=" ">
        <subfield code="a">E/ESCWA/ID/86/8</subfield>
    </datafield>
    <datafield tag="245" ind1=" " ind2=" ">
        <subfield code="a">PROJECT IDEAS ON PLASTIC COMPONENTS FOR AUTOMOTIVES/ BIMETAL BEARINGS/ WATER PUMP ASSEMBLY/ CUTTING EDGES FOR DOZERS/ UNDER CARRIAGE COMPONENTS FOR CRAWLER DOZERS.</subfield>
    </datafield>
    <datafield tag="269" ind1=" " ind2=" ">
        <subfield code="a">19860218</subfield>
    </datafield>
    <datafield tag="650" ind1=" " ind2=" ">
        <subfield code="a">PROJECT IDENTIFICATION</subfield>
        <subfield code="0">(DHLAUTH)275804</subfield>
    </datafield>
    <datafield tag="650" ind1=" " ind2=" ">
        <subfield code="a">AUTOMOBILES</subfield>
        <subfield code="0">(DHLAUTH)269469</subfield>
    </datafield>
    <datafield tag="650" ind1=" " ind2=" ">
        <subfield code="a">AUTOMOBILE INDUSTRY</subfield>
        <subfield code="0">(DHLAUTH)272065</subfield>
    </datafield>
    <datafield tag="650" ind1=" " ind2=" ">
        <subfield code="a">INDUSTRIAL PROJECTS</subfield>
        <subfield code="0">(DHLAUTH)269991</subfield>
    </datafield>
    <datafield tag="650" ind1=" " ind2=" ">
        <subfield code="a">ENTREPRENEURSHIP</subfield>
        <subfield code="0">(DHLAUTH)271785</subfield>
    </datafield>
    <datafield tag="650" ind1=" " ind2=" ">
        <subfield code="a">MANUFACTURING</subfield>
        <subfield code="0">(DHLAUTH)271821</subfield>
    </datafield>
</record>
<record>
    <datafield tag="191" ind1=" " ind2=" ">
        <subfield code="a">E/ESCWA/ID/86/9</subfield>
    </datafield>
    <datafield tag="245" ind1=" " ind2=" ">
        <subfield code="a">PROJECT PROFILES/ ALTERNATOR, STARTER.</subfield>
    </datafield>
    <datafield tag="269" ind1=" " ind2=" ">
        <subfield code="a">19860218</subfield>
    </datafield>
    <datafield tag="650" ind1=" " ind2=" ">
        <subfield code="a">PROJECT IDENTIFICATION</subfield>
        <subfield code="0">(DHLAUTH)275804</subfield>
    </datafield>
    <datafield tag="650" ind1=" " ind2=" ">
        <subfield code="a">AUTOMOBILES</subfield>
        <subfield code="0">(DHLAUTH)269469</subfield>
    </datafield>
    <datafield tag="650" ind1=" " ind2=" ">
        <subfield code="a">AUTOMOBILE INDUSTRY</subfield>
        <subfield code="0">(DHLAUTH)272065</subfield>
    </datafield>
    <datafield tag="650" ind1=" " ind2=" ">
        <subfield code="a">INDUSTRIAL PROJECTS</subfield>
        <subfield code="0">(DHLAUTH)269991</subfield>
    </datafield>
    <datafield tag="650" ind1=" " ind2=" ">
        <subfield code="a">ENTREPRENEURSHIP</subfield>
        <subfield code="0">(DHLAUTH)271785</subfield>
    </datafield>
    <datafield tag="650" ind1=" " ind2=" ">
        <subfield code="a">MANUFACTURING</subfield>
        <subfield code="0">(DHLAUTH)271821</subfield>
    </datafield>
</record>
<record>
    <datafield tag="191" ind1=" " ind2=" ">
        <subfield code="a">E/ESCWA/ID/86/CRP.2</subfield>
    </datafield>
    <datafield tag="245" ind1=" " ind2=" ">
        <subfield code="a">REPORT [ON] WORKSHOP ON REGIONAL SILICON FOUNDARY AND DESIGN CENTRES IN THE ARAB COUNTRIES.</subfield>
    </datafield>
    <datafield tag="269" ind1=" " ind2=" ">
        <subfield code="a">19860301</subfield>
    </datafield>
    <datafield tag="650" ind1=" " ind2=" ">
        <subfield code="a">MARKET POTENTIAL</subfield>
        <subfield code="0">(DHLAUTH)272804</subfield>
    </datafield>
    <datafield tag="650" ind1=" " ind2=" ">
        <subfield code="a">MICRO-ELECTRONICS</subfield>
        <subfield code="0">(DHLAUTH)272427</subfield>
    </datafield>
    <datafield tag="650" ind1=" " ind2=" ">
        <subfield code="a">ELECTRONICS INDUSTRY</subfield>
        <subfield code="0">(DHLAUTH)272128</subfield>
    </datafield>
    <datafield tag="650" ind1=" " ind2=" ">
        <subfield code="a">AGENDA</subfield>
        <subfield code="0">(DHLAUTH)275133</subfield>
    </datafield>
    <datafield tag="650" ind1=" " ind2=" ">
        <subfield code="a">TECHNOLOGY</subfield>
        <subfield code="0">(DHLAUTH)271833</subfield>
    </datafield>
    <datafield tag="650" ind1=" " ind2=" ">
        <subfield code="a">PARTICIPANTS</subfield>
        <subfield code="0">(DHLAUTH)275785</subfield>
    </datafield>
    <datafield tag="650" ind1=" " ind2=" ">
        <subfield code="a">ACTIVITIES</subfield>
        <subfield code="0">(DHLAUTH)275823</subfield>
    </datafield>
</record>
<record>
    <datafield tag="191" ind1=" " ind2=" ">
        <subfield code="a">E/ESCWA/ID/87/1</subfield>
    </datafield>
    <datafield tag="245" ind1=" " ind2=" ">
        <subfield code="a">MISSION REPORT ON GENERAL TYRE COMPANY-HAMA SYRIAN ARAB REPUBLIC 7-16 JULY 1986.</subfield>
    </datafield>
    <datafield tag="269" ind1=" " ind2=" ">
        <subfield code="a">19870202</subfield>
    </datafield>
    <datafield tag="650" ind1=" " ind2=" ">
        <subfield code="a">ADVISORY SERVICES</subfield>
        <subfield code="0">(DHLAUTH)269860</subfield>
    </datafield>
    <datafield tag="650" ind1=" " ind2=" ">
        <subfield code="a">SYRIAN ARAB REPUBLIC</subfield>
        <subfield code="0">(DHLAUTH)273496</subfield>
    </datafield>
</record>
<record>
    <datafield tag="191" ind1=" " ind2=" ">
        <subfield code="a">E/ESCWA/ID/87/10</subfield>
    </datafield>
    <datafield tag="246" ind1=" " ind2=" ">
        <subfield code="a">تطوير صناعة الحديد والصلب : اطار خطة رئيسية لتنمية القدرات التكنولوجية في صناعة الحديد و الصلب في البلدان العربية</subfield>
    </datafield>
    <datafield tag="269" ind1=" " ind2=" ">
        <subfield code="a">19870705</subfield>
    </datafield>
    <datafield tag="650" ind1=" " ind2=" ">
        <subfield code="a">IRON AND STEEL INDUSTRY</subfield>
        <subfield code="0">(DHLAUTH)271089</subfield>
    </datafield>
    <datafield tag="650" ind1=" " ind2=" ">
        <subfield code="a">SCIENCE AND TECHNOLOGY CAPABILITY</subfield>
        <subfield code="0">(DHLAUTH)274356</subfield>
    </datafield>
    <datafield tag="650" ind1=" " ind2=" ">
        <subfield code="a">INDUSTRIAL DEVELOPMENT</subfield>
        <subfield code="0">(DHLAUTH)269918</subfield>
    </datafield>
    <datafield tag="650" ind1=" " ind2=" ">
        <subfield code="a">ARAB COUNTRIES</subfield>
        <subfield code="0">(DHLAUTH)268705</subfield>
    </datafield>
    <datafield tag="650" ind1=" " ind2=" ">
        <subfield code="a">TECHNOLOGY TRANSFER</subfield>
        <subfield code="0">(DHLAUTH)271882</subfield>
    </datafield>
</record>
<record>
    <datafield tag="191" ind1=" " ind2=" ">
        <subfield code="a">E/ESCWA/ID/87/11</subfield>
    </datafield>
    <datafield tag="246" ind1=" " ind2=" ">
        <subfield code="a">واقع وآفاق تطور الصناعات الزراعية الغذائية في منطقة غربي اسيا</subfield>
    </datafield>
    <datafield tag="269" ind1=" " ind2=" ">
        <subfield code="a">19871129</subfield>
    </datafield>
    <datafield tag="650" ind1=" " ind2=" ">
        <subfield code="a">AGRIPRODUCT PROCESSING</subfield>
        <subfield code="0">(DHLAUTH)271310</subfield>
    </datafield>
    <datafield tag="650" ind1=" " ind2=" ">
        <subfield code="a">FOOD INDUSTRY</subfield>
        <subfield code="0">(DHLAUTH)271313</subfield>
    </datafield>
    <datafield tag="650" ind1=" " ind2=" ">
        <subfield code="a">AGRICULTURAL PRODUCTS</subfield>
        <subfield code="0">(DHLAUTH)270579</subfield>
    </datafield>
    <datafield tag="650" ind1=" " ind2=" ">
        <subfield code="a">AGROINDUSTRY</subfield>
        <subfield code="0">(DHLAUTH)271311</subfield>
    </datafield>
    <datafield tag="650" ind1=" " ind2=" ">
        <subfield code="a">INDUSTRIAL DEVELOPMENT</subfield>
        <subfield code="0">(DHLAUTH)269918</subfield>
    </datafield>
    <datafield tag="650" ind1=" " ind2=" ">
        <subfield code="a">TRANSNATIONAL CORPORATIONS</subfield>
        <subfield code="0">(DHLAUTH)10314</subfield>
    </datafield>
    <datafield tag="650" ind1=" " ind2=" ">
        <subfield code="a">WESTERN ASIA</subfield>
        <subfield code="0">(DHLAUTH)275490</subfield>
    </datafield>
</record>
<record>
    <datafield tag="191" ind1=" " ind2=" ">
        <subfield code="a">E/ESCWA/ID/87/16</subfield>
    </datafield>
    <datafield tag="246" ind1=" " ind2=" ">
        <subfield code="a">التقدم المحرز في تنفيذ برنامج العمل في مجال تقوية وتطوير القدرات التكنولوجية في الصناعة البتروكيماوية وتقديم المساعدة للدول الأعضاء</subfield>
    </datafield>
    <datafield tag="269" ind1=" " ind2=" ">
        <subfield code="a">19871216</subfield>
    </datafield>
    <datafield tag="650" ind1=" " ind2=" ">
        <subfield code="a">WESTERN ASIA</subfield>
        <subfield code="0">(DHLAUTH)275490</subfield>
    </datafield>
    <datafield tag="650" ind1=" " ind2=" ">
        <subfield code="a">TECHNOLOGICAL TRENDS</subfield>
        <subfield code="0">(DHLAUTH)275232</subfield>
    </datafield>
    <datafield tag="650" ind1=" " ind2=" ">
        <subfield code="a">WORK PROGRAMME</subfield>
        <subfield code="0">(DHLAUTH)275800</subfield>
    </datafield>
    <datafield tag="650" ind1=" " ind2=" ">
        <subfield code="a">PETROCHEMICALS</subfield>
        <subfield code="0">(DHLAUTH)272374</subfield>
    </datafield>
    <datafield tag="650" ind1=" " ind2=" ">
        <subfield code="a">TECHNICAL COOPERATION</subfield>
        <subfield code="0">(DHLAUTH)268658</subfield>
    </datafield>
</record>
<record>
    <datafield tag="191" ind1=" " ind2=" ">
        <subfield code="a">E/ESCWA/ID/87/18</subfield>
    </datafield>
    <datafield tag="245" ind1=" " ind2=" ">
        <subfield code="a">ASSISTANCE TO MINISTRY OF CONSTRUCTION AND HOUSING GOVERNMENT OF PEOPLE'S DEMOCRATIC REPUBLIC OF YEMEN IN MAINTENANCE OF CONSTRUCTION EQUIPMENT REPORT ON MISSION 22 OCTOBER TO 7 NOVEMBER 1987</subfield>
    </datafield>
    <datafield tag="269" ind1=" " ind2=" ">
        <subfield code="a">19871202</subfield>
    </datafield>
    <datafield tag="650" ind1=" " ind2=" ">
        <subfield code="a">ADVISORY SERVICES</subfield>
        <subfield code="0">(DHLAUTH)269860</subfield>
    </datafield>
    <datafield tag="650" ind1=" " ind2=" ">
        <subfield code="a">CONSTRUCTION EQUIPMENT</subfield>
        <subfield code="0">(DHLAUTH)271884</subfield>
    </datafield>
    <datafield tag="650" ind1=" " ind2=" ">
        <subfield code="a">TECHNICAL COOPERATION</subfield>
        <subfield code="0">(DHLAUTH)268658</subfield>
    </datafield>
    <datafield tag="650" ind1=" " ind2=" ">
        <subfield code="a">YEMEN</subfield>
        <subfield code="0">(DHLAUTH)273521</subfield>
    </datafield>
</record>
<record>
    <datafield tag="191" ind1=" " ind2=" ">
        <subfield code="a">E/ESCWA/ID/87/1/REV.1</subfield>
    </datafield>
    <datafield tag="245" ind1=" " ind2=" ">
        <subfield code="a">MISSION REPORT ON GENERAL TYRE COMPANY-HAMA SYRIAN ARAB REPUBLIC</subfield>
    </datafield>
    <datafield tag="269" ind1=" " ind2=" ">
        <subfield code="a">19870202</subfield>
    </datafield>
    <datafield tag="650" ind1=" " ind2=" ">
        <subfield code="a">ADVISORY SERVICES</subfield>
        <subfield code="0">(DHLAUTH)269860</subfield>
    </datafield>
    <datafield tag="650" ind1=" " ind2=" ">
        <subfield code="a">SYRIAN ARAB REPUBLIC</subfield>
        <subfield code="0">(DHLAUTH)273496</subfield>
    </datafield>
</record>
<record>
    <datafield tag="191" ind1=" " ind2=" ">
        <subfield code="a">E/ESCWA/ID/87/2</subfield>
    </datafield>
    <datafield tag="246" ind1=" " ind2=" ">
        <subfield code="a">اهمية العلاقات المتينة بين مؤسسات البحث العلمي وقطاعات الانتاج</subfield>
    </datafield>
    <datafield tag="269" ind1=" " ind2=" ">
        <subfield code="a">19870329</subfield>
    </datafield>
    <datafield tag="650" ind1=" " ind2=" ">
        <subfield code="a">TECHNOLOGY TRANSFER</subfield>
        <subfield code="0">(DHLAUTH)271882</subfield>
    </datafield>
    <datafield tag="650" ind1=" " ind2=" ">
        <subfield code="a">DEVELOPING COUNTRIES</subfield>
        <subfield code="0">(DHLAUTH)268442</subfield>
    </datafield>
    <datafield tag="650" ind1=" " ind2=" ">
        <subfield code="a">ARAB COUNTRIES</subfield>
        <subfield code="0">(DHLAUTH)268705</subfield>
    </datafield>
    <datafield tag="650" ind1=" " ind2=" ">
        <subfield code="a">PRODUCTION</subfield>
        <subfield code="0">(DHLAUTH)269667</subfield>
    </datafield>
</record>
<record>
    <datafield tag="191" ind1=" " ind2=" ">
        <subfield code="a">E/ESCWA/ID/87/3</subfield>
    </datafield>
    <datafield tag="245" ind1=" " ind2=" ">
        <subfield code="a">REPORT ON MISSION TO UAE 22 FEBRUARY - 6 MARCH 1987 PART I : ASSISTANCE TO SHARJAH CHAMBER OF COMMERCE AND INDUSTRY</subfield>
    </datafield>
    <datafield tag="269" ind1=" " ind2=" ">
        <subfield code="a">19870315</subfield>
    </datafield>
    <datafield tag="650" ind1=" " ind2=" ">
        <subfield code="a">ADVISORY SERVICES</subfield>
        <subfield code="0">(DHLAUTH)269860</subfield>
    </datafield>
    <datafield tag="650" ind1=" " ind2=" ">
        <subfield code="a">TECHNICAL COOPERATION</subfield>
        <subfield code="0">(DHLAUTH)268658</subfield>
    </datafield>
    <datafield tag="650" ind1=" " ind2=" ">
        <subfield code="a">ACTIVITIES</subfield>
        <subfield code="0">(DHLAUTH)275823</subfield>
    </datafield>
    <datafield tag="650" ind1=" " ind2=" ">
        <subfield code="a">INDUSTRIAL SURVEYS</subfield>
        <subfield code="0">(DHLAUTH)271831</subfield>
    </datafield>
    <datafield tag="650" ind1=" " ind2=" ">
        <subfield code="a">EMPLOYMENT</subfield>
        <subfield code="0">(DHLAUTH)269797</subfield>
    </datafield>
    <datafield tag="650" ind1=" " ind2=" ">
        <subfield code="a">INDUSTRIAL PRODUCTION</subfield>
        <subfield code="0">(DHLAUTH)269662</subfield>
    </datafield>
    <datafield tag="650" ind1=" " ind2=" ">
        <subfield code="a">QUESTIONNAIRES</subfield>
        <subfield code="0">(DHLAUTH)272018</subfield>
    </datafield>
    <datafield tag="650" ind1=" " ind2=" ">
        <subfield code="a">UNITED ARAB EMIRATES</subfield>
        <subfield code="0">(DHLAUTH)275604</subfield>
    </datafield>
</record>
<record>
    <datafield tag="191" ind1=" " ind2=" ">
        <subfield code="a">E/ESCWA/ID/87/4</subfield>
    </datafield>
    <datafield tag="245" ind1=" " ind2=" ">
        <subfield code="a">REPORT ON MISSION TO UAE 22 FEBRUARY - 6 MACH 1987 PART II : VISITS TO VARIOUS ORGANIZATIONS ON IDENTIFICATION OF NEEDS FOR ASSISTANCE TO EXISTING INDUSTRIES.</subfield>
    </datafield>
    <datafield tag="269" ind1=" " ind2=" ">
        <subfield code="a">19870315</subfield>
    </datafield>
    <datafield tag="650" ind1=" " ind2=" ">
        <subfield code="a">ADVISORY SERVICES</subfield>
        <subfield code="0">(DHLAUTH)269860</subfield>
    </datafield>
    <datafield tag="650" ind1=" " ind2=" ">
        <subfield code="a">TECHNICAL COOPERATION</subfield>
        <subfield code="0">(DHLAUTH)268658</subfield>
    </datafield>
    <datafield tag="650" ind1=" " ind2=" ">
        <subfield code="a">ACTIVITIES</subfield>
        <subfield code="0">(DHLAUTH)275823</subfield>
    </datafield>
    <datafield tag="650" ind1=" " ind2=" ">
        <subfield code="a">QUESTIONNAIRES</subfield>
        <subfield code="0">(DHLAUTH)272018</subfield>
    </datafield>
    <datafield tag="650" ind1=" " ind2=" ">
        <subfield code="a">UNITED ARAB EMIRATES</subfield>
        <subfield code="0">(DHLAUTH)275604</subfield>
    </datafield>
    <datafield tag="650" ind1=" " ind2=" ">
        <subfield code="a">INDUSTRIAL ORGANIZATION</subfield>
        <subfield code="0">(DHLAUTH)269620</subfield>
    </datafield>
</record>
<record>
    <datafield tag="191" ind1=" " ind2=" ">
        <subfield code="a">E/ESCWA/ID/87/5</subfield>
    </datafield>
    <datafield tag="246" ind1=" " ind2=" ">
        <subfield code="a">دليل متابعة تنفيذ المشاريع الصناعية في جمهورية اليمن الديمقراطية الشعبية</subfield>
    </datafield>
    <datafield tag="269" ind1=" " ind2=" ">
        <subfield code="a">19870506</subfield>
    </datafield>
    <datafield tag="650" ind1=" " ind2=" ">
        <subfield code="a">INDUSTRIAL PROJECTS</subfield>
        <subfield code="0">(DHLAUTH)269991</subfield>
    </datafield>
    <datafield tag="650" ind1=" " ind2=" ">
        <subfield code="a">PROJECT IMPLEMENTATION</subfield>
        <subfield code="0">(DHLAUTH)269965</subfield>
    </datafield>
    <datafield tag="650" ind1=" " ind2=" ">
        <subfield code="a">YEMEN</subfield>
        <subfield code="0">(DHLAUTH)273521</subfield>
    </datafield>
</record>
<record>
    <datafield tag="191" ind1=" " ind2=" ">
        <subfield code="a">E/ESCWA/ID/87/7</subfield>
    </datafield>
    <datafield tag="245" ind1=" " ind2=" ">
        <subfield code="a">MISSION TO BELLELI SAUDI ARABIA HEAVY INDUSTRIES AL JUBAIL SAUDI ARABIA 28-SEPTEMBER TO 3 OCTOBER 1987.</subfield>
    </datafield>
    <datafield tag="269" ind1=" " ind2=" ">
        <subfield code="a">19871012</subfield>
    </datafield>
    <datafield tag="650" ind1=" " ind2=" ">
        <subfield code="a">ADVISORY SERVICES</subfield>
        <subfield code="0">(DHLAUTH)269860</subfield>
    </datafield>
    <datafield tag="650" ind1=" " ind2=" ">
        <subfield code="a">HEAVY INDUSTRY</subfield>
        <subfield code="0">(DHLAUTH)271819</subfield>
    </datafield>
    <datafield tag="650" ind1=" " ind2=" ">
        <subfield code="a">SAUDI ARABIA</subfield>
        <subfield code="0">(DHLAUTH)273464</subfield>
    </datafield>
</record>
<record>
    <datafield tag="191" ind1=" " ind2=" ">
        <subfield code="a">E/ESCWA/ID/87/8</subfield>
    </datafield>
    <datafield tag="245" ind1=" " ind2=" ">
        <subfield code="a">MISSION REPORT ON ASSISTANCE TO EXISTING INDUSTRIES : GENERAL INDUSTRIAL CORPORATION ABU DHABI, UAE</subfield>
    </datafield>
    <datafield tag="269" ind1=" " ind2=" ">
        <subfield code="a">19871026</subfield>
    </datafield>
    <datafield tag="650" ind1=" " ind2=" ">
        <subfield code="a">ADVISORY SERVICES</subfield>
        <subfield code="0">(DHLAUTH)269860</subfield>
    </datafield>
    <datafield tag="650" ind1=" " ind2=" ">
        <subfield code="a">INDUSTRIAL PLANNING</subfield>
        <subfield code="0">(DHLAUTH)269925</subfield>
    </datafield>
    <datafield tag="650" ind1=" " ind2=" ">
        <subfield code="a">RECOMMENDATIONS</subfield>
        <subfield code="0">(DHLAUTH)275840</subfield>
    </datafield>
    <datafield tag="650" ind1=" " ind2=" ">
        <subfield code="a">INDUSTRIAL ORGANIZATION</subfield>
        <subfield code="0">(DHLAUTH)269620</subfield>
    </datafield>
    <datafield tag="650" ind1=" " ind2=" ">
        <subfield code="a">ABU DHABI (UNITED ARAB EMIRATES)</subfield>
        <subfield code="0">(DHLAUTH)276731</subfield>
    </datafield>
</record>
<record>
    <datafield tag="191" ind1=" " ind2=" ">
        <subfield code="a">E/ESCWA/ID/87/9</subfield>
    </datafield>
    <datafield tag="245" ind1=" " ind2=" ">
        <subfield code="a">THE MANUFACTURING SECTOR IN THE ESCWA REGION IN THE 1980S : STRATEGIES POLICIES AND PERFORMANCE.</subfield>
    </datafield>
    <datafield tag="269" ind1=" " ind2=" ">
        <subfield code="a">19871225</subfield>
    </datafield>
    <datafield tag="650" ind1=" " ind2=" ">
        <subfield code="a">MANUFACTURING</subfield>
        <subfield code="0">(DHLAUTH)271821</subfield>
    </datafield>
    <datafield tag="650" ind1=" " ind2=" ">
        <subfield code="a">DEVELOPMENT PLANNING</subfield>
        <subfield code="0">(DHLAUTH)269883</subfield>
    </datafield>
    <datafield tag="650" ind1=" " ind2=" ">
        <subfield code="a">INVESTMENTS</subfield>
        <subfield code="0">(DHLAUTH)269859</subfield>
    </datafield>
    <datafield tag="650" ind1=" " ind2=" ">
        <subfield code="a">INDUSTRIALIZATION</subfield>
        <subfield code="0">(DHLAUTH)269846</subfield>
    </datafield>
    <datafield tag="650" ind1=" " ind2=" ">
        <subfield code="a">PRIVATIZATION</subfield>
        <subfield code="0">(DHLAUTH)270028</subfield>
    </datafield>
    <datafield tag="650" ind1=" " ind2=" ">
        <subfield code="a">PROTECTIONISM</subfield>
        <subfield code="0">(DHLAUTH)269100</subfield>
    </datafield>
    <datafield tag="650" ind1=" " ind2=" ">
        <subfield code="a">INCENTIVES</subfield>
        <subfield code="0">(DHLAUTH)270104</subfield>
    </datafield>
    <datafield tag="650" ind1=" " ind2=" ">
        <subfield code="a">FOREIGN INVESTMENTS</subfield>
        <subfield code="0">(DHLAUTH)269953</subfield>
    </datafield>
    <datafield tag="650" ind1=" " ind2=" ">
        <subfield code="a">ECONOMIC DEVELOPMENT</subfield>
        <subfield code="0">(DHLAUTH)269755</subfield>
    </datafield>
    <datafield tag="650" ind1=" " ind2=" ">
        <subfield code="a">RECOMMENDATIONS</subfield>
        <subfield code="0">(DHLAUTH)275840</subfield>
    </datafield>
    <datafield tag="650" ind1=" " ind2=" ">
        <subfield code="a">STATISTICAL DATA</subfield>
        <subfield code="0">(DHLAUTH)270233</subfield>
    </datafield>
    <datafield tag="650" ind1=" " ind2=" ">
        <subfield code="a">INDUSTRIAL STATISTICS</subfield>
        <subfield code="0">(DHLAUTH)270195</subfield>
    </datafield>
    <datafield tag="650" ind1=" " ind2=" ">
        <subfield code="a">WESTERN ASIA</subfield>
        <subfield code="0">(DHLAUTH)275490</subfield>
    </datafield>
</record>
<record>
    <datafield tag="191" ind1=" " ind2=" ">
        <subfield code="a">E/ESCWA/ID/88/1</subfield>
    </datafield>
    <datafield tag="245" ind1=" " ind2=" ">
        <subfield code="a">DIAGNOSIS OF PROBLEMS IN SELECTED INDUSTRIAL ESTABLISHMENTS AND SUGGESTED SOLUTIONS REPORT ON TECHNICAL ASSISTANCE MISSION TO SULTANATE OF OMAN, 5-19 DECEMBER 1987</subfield>
    </datafield>
    <datafield tag="269" ind1=" " ind2=" ">
        <subfield code="a">19880202</subfield>
    </datafield>
    <datafield tag="650" ind1=" " ind2=" ">
        <subfield code="a">ADVISORY SERVICES</subfield>
        <subfield code="0">(DHLAUTH)269860</subfield>
    </datafield>
    <datafield tag="650" ind1=" " ind2=" ">
        <subfield code="a">TECHNICAL COOPERATION</subfield>
        <subfield code="0">(DHLAUTH)268658</subfield>
    </datafield>
    <datafield tag="650" ind1=" " ind2=" ">
        <subfield code="a">OMAN</subfield>
        <subfield code="0">(DHLAUTH)273438</subfield>
    </datafield>
    <datafield tag="650" ind1=" " ind2=" ">
        <subfield code="a">INDUSTRIAL ENTERPRISES</subfield>
        <subfield code="0">(DHLAUTH)271803</subfield>
    </datafield>
    <datafield tag="650" ind1=" " ind2=" ">
        <subfield code="a">CONSTRUCTION INDUSTRY</subfield>
        <subfield code="0">(DHLAUTH)272112</subfield>
    </datafield>
    <datafield tag="650" ind1=" " ind2=" ">
        <subfield code="a">INDUSTRIAL PRODUCTS</subfield>
        <subfield code="0">(DHLAUTH)271814</subfield>
    </datafield>
    <datafield tag="650" ind1=" " ind2=" ">
        <subfield code="a">PAPER</subfield>
        <subfield code="0">(DHLAUTH)272171</subfield>
    </datafield>
    <datafield tag="650" ind1=" " ind2=" ">
        <subfield code="a">PESTICIDES INDUSTRY</subfield>
        <subfield code="0">(DHLAUTH)271740</subfield>
    </datafield>
    <datafield tag="650" ind1=" " ind2=" ">
        <subfield code="a">ESTABLISHMENT</subfield>
        <subfield code="0">(DHLAUTH)275765</subfield>
    </datafield>
</record>
<record>
    <datafield tag="191" ind1=" " ind2=" ">
        <subfield code="a">E/ESCWA/ID/88/3</subfield>
    </datafield>
    <datafield tag="246" ind1=" " ind2=" ">
        <subfield code="a">تقرير عن المهمة الاستشارية الى وزارة الصناعة والتجارة الاردنية, عمّان, خلال الفترة 28-3-1988 - 7-4-1988</subfield>
    </datafield>
    <datafield tag="269" ind1=" " ind2=" ">
        <subfield code="a">19880505</subfield>
    </datafield>
    <datafield tag="650" ind1=" " ind2=" ">
        <subfield code="a">INDUSTRIAL INFORMATION</subfield>
        <subfield code="0">(DHLAUTH)271828</subfield>
    </datafield>
    <datafield tag="650" ind1=" " ind2=" ">
        <subfield code="a">PROJECT EVALUATION</subfield>
        <subfield code="0">(DHLAUTH)269591</subfield>
    </datafield>
    <datafield tag="650" ind1=" " ind2=" ">
        <subfield code="a">TECHNICAL COOPERATION</subfield>
        <subfield code="0">(DHLAUTH)268658</subfield>
    </datafield>
    <datafield tag="650" ind1=" " ind2=" ">
        <subfield code="a">NEW PRODUCTS</subfield>
        <subfield code="0">(DHLAUTH)271917</subfield>
    </datafield>
    <datafield tag="650" ind1=" " ind2=" ">
        <subfield code="a">JORDAN</subfield>
        <subfield code="0">(DHLAUTH)269099</subfield>
    </datafield>
</record>
<record>
    <datafield tag="191" ind1=" " ind2=" ">
        <subfield code="a">E/ESCWA/ID/88/4</subfield>
    </datafield>
    <datafield tag="246" ind1=" " ind2=" ">
        <subfield code="a">تقرير عن المهمة الاستشارية لدعم الصناعات القائمة في الجمهورية العربية السورية خلال الفترة من 17-30 حزيران / يونيو 1988</subfield>
    </datafield>
    <datafield tag="269" ind1=" " ind2=" ">
        <subfield code="a">19880712</subfield>
    </datafield>
    <datafield tag="650" ind1=" " ind2=" ">
        <subfield code="a">INDUSTRIAL INFORMATION</subfield>
        <subfield code="0">(DHLAUTH)271828</subfield>
    </datafield>
    <datafield tag="650" ind1=" " ind2=" ">
        <subfield code="a">TECHNICAL COOPERATION</subfield>
        <subfield code="0">(DHLAUTH)268658</subfield>
    </datafield>
    <datafield tag="650" ind1=" " ind2=" ">
        <subfield code="a">RECOMMENDATIONS</subfield>
        <subfield code="0">(DHLAUTH)275840</subfield>
    </datafield>
    <datafield tag="650" ind1=" " ind2=" ">
        <subfield code="a">ECONOMIC CRISIS</subfield>
        <subfield code="0">(DHLAUTH)533230</subfield>
    </datafield>
    <datafield tag="650" ind1=" " ind2=" ">
        <subfield code="a">CORPORATIONS</subfield>
        <subfield code="0">(DHLAUTH)270119</subfield>
    </datafield>
    <datafield tag="650" ind1=" " ind2=" ">
        <subfield code="a">SYRIAN ARAB REPUBLIC</subfield>
        <subfield code="0">(DHLAUTH)273496</subfield>
    </datafield>
</record>
<record>
    <datafield tag="191" ind1=" " ind2=" ">
        <subfield code="a">E/ESCWA/ID/88/5</subfield>
    </datafield>
    <datafield tag="246" ind1=" " ind2=" ">
        <subfield code="a">تقرير عن المهمة الاستشارية لدعم الصناعات القائمة في جمهورية مصر العربية خلال الفترة من 9-15 تموز/يوليو 1988</subfield>
    </datafield>
    <datafield tag="269" ind1=" " ind2=" ">
        <subfield code="a">19880726</subfield>
    </datafield>
</record>
<record>
    <datafield tag="191" ind1=" " ind2=" ">
        <subfield code="a">E/ESCWA/ID/88/5</subfield>
    </datafield>
    <datafield tag="245" ind1=" " ind2=" ">
        <subfield code="a">REPORT ON TECHNICAL ASSISTANCE MISSION TO MINISTRY OF COMMERCE AND INDUSTRY, SULTANATE OF OMAN DURING THE PERIOD 6-21 DECEMBER 1988 ON DIAGNOSIS OF PROBLEMS IN INDUSTRIAL ESTABLISHMENTS: TRAINING WORKSHOPS, INDUSTRIAL ESTATES</subfield>
    </datafield>
    <datafield tag="246" ind1=" " ind2=" ">
        <subfield code="a">تقرير عن المهمة الاستشارية الدعم الصناعات القائمة في جمهورية مصر العربية خلال الفترة من 9-15 تموز/يوليو 1988.</subfield>
    </datafield>
    <datafield tag="269" ind1=" " ind2=" ">
        <subfield code="a">19881212</subfield>
    </datafield>
    <datafield tag="650" ind1=" " ind2=" ">
        <subfield code="a">ADVISORY SERVICES</subfield>
        <subfield code="0">(DHLAUTH)269860</subfield>
    </datafield>
    <datafield tag="650" ind1=" " ind2=" ">
        <subfield code="a">TECHNICAL COOPERATION</subfield>
        <subfield code="0">(DHLAUTH)268658</subfield>
    </datafield>
    <datafield tag="650" ind1=" " ind2=" ">
        <subfield code="a">OMAN</subfield>
        <subfield code="0">(DHLAUTH)273438</subfield>
    </datafield>
    <datafield tag="650" ind1=" " ind2=" ">
        <subfield code="a">ESTABLISHMENT</subfield>
        <subfield code="0">(DHLAUTH)275765</subfield>
    </datafield>
    <datafield tag="650" ind1=" " ind2=" ">
        <subfield code="a">INDUSTRIAL ENTERPRISES</subfield>
        <subfield code="0">(DHLAUTH)271803</subfield>
    </datafield>
    <datafield tag="650" ind1=" " ind2=" ">
        <subfield code="a">TRAINING PROGRAMMES</subfield>
        <subfield code="0">(DHLAUTH)274026</subfield>
    </datafield>
    <datafield tag="650" ind1=" " ind2=" ">
        <subfield code="a">QUESTIONNAIRES</subfield>
        <subfield code="0">(DHLAUTH)272018</subfield>
    </datafield>
</record>
<record>
    <datafield tag="191" ind1=" " ind2=" ">
        <subfield code="a">E/ESCWA/ID/89/1</subfield>
    </datafield>
    <datafield tag="245" ind1=" " ind2=" ">
        <subfield code="a">ASSISTANCE TO THE MINISTRY OF COMMERCE AND INDUSTRY SULTANATE OF OMAN REPORT ON MISSION DURING THE PERIOD 29 APRIL - 6 MAY 1989</subfield>
    </datafield>
    <datafield tag="269" ind1=" " ind2=" ">
        <subfield code="a">19890626</subfield>
    </datafield>
    <datafield tag="650" ind1=" " ind2=" ">
        <subfield code="a">ADVISORY SERVICES</subfield>
        <subfield code="0">(DHLAUTH)269860</subfield>
    </datafield>
    <datafield tag="650" ind1=" " ind2=" ">
        <subfield code="a">TECHNICAL COOPERATION</subfield>
        <subfield code="0">(DHLAUTH)268658</subfield>
    </datafield>
    <datafield tag="650" ind1=" " ind2=" ">
        <subfield code="a">OMAN</subfield>
        <subfield code="0">(DHLAUTH)273438</subfield>
    </datafield>
    <datafield tag="650" ind1=" " ind2=" ">
        <subfield code="a">ESTABLISHMENT</subfield>
        <subfield code="0">(DHLAUTH)275765</subfield>
    </datafield>
    <datafield tag="650" ind1=" " ind2=" ">
        <subfield code="a">TRAINING PROGRAMMES</subfield>
        <subfield code="0">(DHLAUTH)274026</subfield>
    </datafield>
    <datafield tag="650" ind1=" " ind2=" ">
        <subfield code="a">CONTRACTS</subfield>
        <subfield code="0">(DHLAUTH)269200</subfield>
    </datafield>
    <datafield tag="650" ind1=" " ind2=" ">
        <subfield code="a">OPERATIONAL ACTIVITIES</subfield>
        <subfield code="0">(DHLAUTH)269992</subfield>
    </datafield>
    <datafield tag="650" ind1=" " ind2=" ">
        <subfield code="a">INDUSTRIAL ENTERPRISES</subfield>
        <subfield code="0">(DHLAUTH)271803</subfield>
    </datafield>
</record>
<record>
    <datafield tag="191" ind1=" " ind2=" ">
        <subfield code="a">E/ESCWA/ID/89/10</subfield>
    </datafield>
    <datafield tag="246" ind1=" " ind2=" ">
        <subfield code="a">قاموس عربي آلي مستلزمات بناء قاعدة معطيات للمفردات اللغوية العربية</subfield>
    </datafield>
    <datafield tag="269" ind1=" " ind2=" ">
        <subfield code="a">19891025</subfield>
    </datafield>
    <datafield tag="650" ind1=" " ind2=" ">
        <subfield code="a">ARABIC LANGUAGE</subfield>
        <subfield code="0">(DHLAUTH)274768</subfield>
    </datafield>
    <datafield tag="650" ind1=" " ind2=" ">
        <subfield code="a">INFORMATION SYSTEMS</subfield>
        <subfield code="0">(DHLAUTH)272026</subfield>
    </datafield>
    <datafield tag="650" ind1=" " ind2=" ">
        <subfield code="a">COMPUTER PROGRAMS</subfield>
        <subfield code="0">(DHLAUTH)275242</subfield>
    </datafield>
</record>
<record>
    <datafield tag="191" ind1=" " ind2=" ">
        <subfield code="a">E/ESCWA/ID/89/11</subfield>
    </datafield>
    <datafield tag="245" ind1=" " ind2=" ">
        <subfield code="a">REGIONAL CO-OPERATION AND PROMOTION OF INDUSTRIALIZATION : INDUSTRIAL CO-ORDINATION AND ASSESSMENT OF MANUFACTURING JOINT VENTURES</subfield>
    </datafield>
    <datafield tag="269" ind1=" " ind2=" ">
        <subfield code="a">19891218</subfield>
    </datafield>
    <datafield tag="650" ind1=" " ind2=" ">
        <subfield code="a">INDUSTRIALIZATION</subfield>
        <subfield code="0">(DHLAUTH)269846</subfield>
    </datafield>
    <datafield tag="650" ind1=" " ind2=" ">
        <subfield code="a">JOINT VENTURES</subfield>
        <subfield code="0">(DHLAUTH)269202</subfield>
    </datafield>
    <datafield tag="650" ind1=" " ind2=" ">
        <subfield code="a">MANUFACTURES</subfield>
        <subfield code="0">(DHLAUTH)271786</subfield>
    </datafield>
    <datafield tag="650" ind1=" " ind2=" ">
        <subfield code="a">RECOMMENDATIONS</subfield>
        <subfield code="0">(DHLAUTH)275840</subfield>
    </datafield>
    <datafield tag="650" ind1=" " ind2=" ">
        <subfield code="a">STATISTICAL DATA</subfield>
        <subfield code="0">(DHLAUTH)270233</subfield>
    </datafield>
    <datafield tag="650" ind1=" " ind2=" ">
        <subfield code="a">TRADE STATISTICS</subfield>
        <subfield code="0">(DHLAUTH)270201</subfield>
    </datafield>
    <datafield tag="650" ind1=" " ind2=" ">
        <subfield code="a">INDUSTRIAL PRODUCTS</subfield>
        <subfield code="0">(DHLAUTH)271814</subfield>
    </datafield>
    <datafield tag="650" ind1=" " ind2=" ">
        <subfield code="a">WESTERN ASIA</subfield>
        <subfield code="0">(DHLAUTH)275490</subfield>
    </datafield>
    <datafield tag="650" ind1=" " ind2=" ">
        <subfield code="a">QUESTIONNAIRES</subfield>
        <subfield code="0">(DHLAUTH)272018</subfield>
    </datafield>
</record>
<record>
    <datafield tag="191" ind1=" " ind2=" ">
        <subfield code="a">E/ESCWA/ID/89/12</subfield>
    </datafield>
    <datafield tag="246" ind1=" " ind2=" ">
        <subfield code="a">تنمية الصناعات القائمة على الموارد الاولية في اليمن واليمن الديمقراطية</subfield>
    </datafield>
    <datafield tag="269" ind1=" " ind2=" ">
        <subfield code="a">19900115</subfield>
    </datafield>
    <datafield tag="650" ind1=" " ind2=" ">
        <subfield code="a">ECONOMIC STRUCTURE</subfield>
        <subfield code="0">(DHLAUTH)269665</subfield>
    </datafield>
    <datafield tag="650" ind1=" " ind2=" ">
        <subfield code="a">INDUSTRIAL STATISTICS</subfield>
        <subfield code="0">(DHLAUTH)270195</subfield>
    </datafield>
    <datafield tag="650" ind1=" " ind2=" ">
        <subfield code="a">WAGES</subfield>
        <subfield code="0">(DHLAUTH)269809</subfield>
    </datafield>
    <datafield tag="650" ind1=" " ind2=" ">
        <subfield code="a">EMPLOYMENT</subfield>
        <subfield code="0">(DHLAUTH)269797</subfield>
    </datafield>
    <datafield tag="650" ind1=" " ind2=" ">
        <subfield code="a">INDUSTRIAL DEVELOPMENT</subfield>
        <subfield code="0">(DHLAUTH)269918</subfield>
    </datafield>
    <datafield tag="650" ind1=" " ind2=" ">
        <subfield code="a">FOREIGN TRADE</subfield>
        <subfield code="0">(DHLAUTH)272801</subfield>
    </datafield>
    <datafield tag="650" ind1=" " ind2=" ">
        <subfield code="a">EDUCATION</subfield>
        <subfield code="0">(DHLAUTH)268926</subfield>
    </datafield>
    <datafield tag="650" ind1=" " ind2=" ">
        <subfield code="a">POPULATION</subfield>
        <subfield code="0">(DHLAUTH)272994</subfield>
    </datafield>
    <datafield tag="650" ind1=" " ind2=" ">
        <subfield code="a">NATURAL RESOURCES</subfield>
        <subfield code="0">(DHLAUTH)270548</subfield>
    </datafield>
    <datafield tag="650" ind1=" " ind2=" ">
        <subfield code="a">INDUSTRIAL ENTERPRISES</subfield>
        <subfield code="0">(DHLAUTH)271803</subfield>
    </datafield>
    <datafield tag="650" ind1=" " ind2=" ">
        <subfield code="a">YEMEN</subfield>
        <subfield code="0">(DHLAUTH)273521</subfield>
    </datafield>
</record>
<record>
    <datafield tag="191" ind1=" " ind2=" ">
        <subfield code="a">E/ESCWA/ID/89/13</subfield>
    </datafield>
    <datafield tag="245" ind1=" " ind2=" ">
        <subfield code="a">DEVELOPMENT OF SELECTED AGRO-FOOD INDUSTRIES IN THE ESCWA REGION</subfield>
    </datafield>
    <datafield tag="269" ind1=" " ind2=" ">
        <subfield code="a">19900115</subfield>
    </datafield>
    <datafield tag="650" ind1=" " ind2=" ">
        <subfield code="a">AGROINDUSTRY</subfield>
        <subfield code="0">(DHLAUTH)271311</subfield>
    </datafield>
    <datafield tag="650" ind1=" " ind2=" ">
        <subfield code="a">FOOD INDUSTRY</subfield>
        <subfield code="0">(DHLAUTH)271313</subfield>
    </datafield>
    <datafield tag="650" ind1=" " ind2=" ">
        <subfield code="a">AGRICULTURAL PRODUCTS</subfield>
        <subfield code="0">(DHLAUTH)270579</subfield>
    </datafield>
    <datafield tag="650" ind1=" " ind2=" ">
        <subfield code="a">AGRICULTURAL STATISTICS</subfield>
        <subfield code="0">(DHLAUTH)270191</subfield>
    </datafield>
    <datafield tag="650" ind1=" " ind2=" ">
        <subfield code="a">RAW MATERIALS</subfield>
        <subfield code="0">(DHLAUTH)268983</subfield>
    </datafield>
</record>
<record>
    <datafield tag="191" ind1=" " ind2=" ">
        <subfield code="a">E/ESCWA/ID/89/15</subfield>
    </datafield>
    <datafield tag="245" ind1=" " ind2=" ">
        <subfield code="a">THE FIRST ARAB CONFERENCE ON PERSPECTIVES OF MODERN BIOTECHNOLOGIES IN THE ARAB COUNTRIES</subfield>
    </datafield>
    <datafield tag="246" ind1=" " ind2=" ">
        <subfield code="a">المؤتمر العربي الاول لآفاق التقانات الحيوية الحديثة في الوطن العربي</subfield>
    </datafield>
    <datafield tag="269" ind1=" " ind2=" ">
        <subfield code="a">19891023</subfield>
    </datafield>
    <datafield tag="650" ind1=" " ind2=" ">
        <subfield code="a">INDUSTRY</subfield>
        <subfield code="0">(DHLAUTH)271796</subfield>
    </datafield>
    <datafield tag="650" ind1=" " ind2=" ">
        <subfield code="a">BIOTECHNOLOGY</subfield>
        <subfield code="0">(DHLAUTH)272309</subfield>
    </datafield>
    <datafield tag="650" ind1=" " ind2=" ">
        <subfield code="a">GENETIC ENGINEERING</subfield>
        <subfield code="0">(DHLAUTH)271430</subfield>
    </datafield>
    <datafield tag="650" ind1=" " ind2=" ">
        <subfield code="a">CONFERENCES</subfield>
        <subfield code="0">(DHLAUTH)275758</subfield>
    </datafield>
    <datafield tag="650" ind1=" " ind2=" ">
        <subfield code="a">ARAB COUNTRIES</subfield>
        <subfield code="0">(DHLAUTH)268705</subfield>
    </datafield>
    <datafield tag="650" ind1=" " ind2=" ">
        <subfield code="a">WESTERN ASIA</subfield>
        <subfield code="0">(DHLAUTH)275490</subfield>
    </datafield>
</record>
<record>
    <datafield tag="191" ind1=" " ind2=" ">
        <subfield code="a">E/ESCWA/ID/89/3</subfield>
    </datafield>
    <datafield tag="245" ind1=" " ind2=" ">
        <subfield code="a">PROJECT PROFILE ON MANUFACTURING OF POWER BOILERS IN THE ARAB REGION</subfield>
    </datafield>
    <datafield tag="269" ind1=" " ind2=" ">
        <subfield code="a">19890718</subfield>
    </datafield>
    <datafield tag="650" ind1=" " ind2=" ">
        <subfield code="a">TECHNOLOGY TRANSFER</subfield>
        <subfield code="0">(DHLAUTH)271882</subfield>
    </datafield>
    <datafield tag="650" ind1=" " ind2=" ">
        <subfield code="a">FINANCIAL ASPECTS</subfield>
        <subfield code="0">(DHLAUTH)275767</subfield>
    </datafield>
    <datafield tag="650" ind1=" " ind2=" ">
        <subfield code="a">BOILERS</subfield>
        <subfield code="0">(DHLAUTH)625178</subfield>
    </datafield>
    <datafield tag="650" ind1=" " ind2=" ">
        <subfield code="a">PROJECT IDENTIFICATION</subfield>
        <subfield code="0">(DHLAUTH)275804</subfield>
    </datafield>
    <datafield tag="650" ind1=" " ind2=" ">
        <subfield code="a">ARAB COUNTRIES</subfield>
        <subfield code="0">(DHLAUTH)268705</subfield>
    </datafield>
</record>
<record>
    <datafield tag="191" ind1=" " ind2=" ">
        <subfield code="a">E/ESCWA/ID/89/4</subfield>
    </datafield>
    <datafield tag="246" ind1=" " ind2=" ">
        <subfield code="a">التنمية الصناعية في فلسطين</subfield>
    </datafield>
    <datafield tag="269" ind1=" " ind2=" ">
        <subfield code="a">19890808</subfield>
    </datafield>
    <datafield tag="650" ind1=" " ind2=" ">
        <subfield code="a">ECONOMIC STRUCTURE</subfield>
        <subfield code="0">(DHLAUTH)269665</subfield>
    </datafield>
    <datafield tag="650" ind1=" " ind2=" ">
        <subfield code="a">INDUSTRIAL CONVERSION</subfield>
        <subfield code="0">(DHLAUTH)271960</subfield>
    </datafield>
    <datafield tag="650" ind1=" " ind2=" ">
        <subfield code="a">PALESTINE</subfield>
        <subfield code="0">(DHLAUTH)277398</subfield>
    </datafield>
    <datafield tag="650" ind1=" " ind2=" ">
        <subfield code="a">INDUSTRIAL DEVELOPMENT</subfield>
        <subfield code="0">(DHLAUTH)269918</subfield>
    </datafield>
    <datafield tag="650" ind1=" " ind2=" ">
        <subfield code="a">EXPORT PROCEDURES</subfield>
        <subfield code="0">(DHLAUTH)272824</subfield>
    </datafield>
    <datafield tag="650" ind1=" " ind2=" ">
        <subfield code="a">INDUSTRIAL STATISTICS</subfield>
        <subfield code="0">(DHLAUTH)270195</subfield>
    </datafield>
</record>
<record>
    <datafield tag="191" ind1=" " ind2=" ">
        <subfield code="a">E/ESCWA/ID/89/5</subfield>
    </datafield>
    <datafield tag="246" ind1=" " ind2=" ">
        <subfield code="a">التنمية الصناعية في لبنان</subfield>
    </datafield>
    <datafield tag="269" ind1=" " ind2=" ">
        <subfield code="a">19890806</subfield>
    </datafield>
    <datafield tag="650" ind1=" " ind2=" ">
        <subfield code="a">ECONOMIC STRUCTURE</subfield>
        <subfield code="0">(DHLAUTH)269665</subfield>
    </datafield>
    <datafield tag="650" ind1=" " ind2=" ">
        <subfield code="a">INDUSTRIAL STATISTICS</subfield>
        <subfield code="0">(DHLAUTH)270195</subfield>
    </datafield>
    <datafield tag="650" ind1=" " ind2=" ">
        <subfield code="a">INFLATION</subfield>
        <subfield code="0">(DHLAUTH)269724</subfield>
    </datafield>
    <datafield tag="650" ind1=" " ind2=" ">
        <subfield code="a">WAGES</subfield>
        <subfield code="0">(DHLAUTH)269809</subfield>
    </datafield>
    <datafield tag="650" ind1=" " ind2=" ">
        <subfield code="a">LABOUR</subfield>
        <subfield code="0">(DHLAUTH)274210</subfield>
    </datafield>
    <datafield tag="650" ind1=" " ind2=" ">
        <subfield code="a">INDUSTRIAL DEVELOPMENT</subfield>
        <subfield code="0">(DHLAUTH)269918</subfield>
    </datafield>
    <datafield tag="650" ind1=" " ind2=" ">
        <subfield code="a">DEVELOPMENT STRATEGIES</subfield>
        <subfield code="0">(DHLAUTH)269884</subfield>
    </datafield>
    <datafield tag="650" ind1=" " ind2=" ">
        <subfield code="a">DEVELOPMENT PLANNING</subfield>
        <subfield code="0">(DHLAUTH)269883</subfield>
    </datafield>
    <datafield tag="650" ind1=" " ind2=" ">
        <subfield code="a">FOREIGN TRADE</subfield>
        <subfield code="0">(DHLAUTH)272801</subfield>
    </datafield>
    <datafield tag="650" ind1=" " ind2=" ">
        <subfield code="a">EXPORTS</subfield>
        <subfield code="0">(DHLAUTH)271798</subfield>
    </datafield>
    <datafield tag="650" ind1=" " ind2=" ">
        <subfield code="a">LEBANON</subfield>
        <subfield code="0">(DHLAUTH)269069</subfield>
    </datafield>
    <datafield tag="650" ind1=" " ind2=" ">
        <subfield code="a">PRICES</subfield>
        <subfield code="0">(DHLAUTH)269707</subfield>
    </datafield>
</record>
<record>
    <datafield tag="191" ind1=" " ind2=" ">
        <subfield code="a">E/ESCWA/ID/89/6</subfield>
    </datafield>
    <datafield tag="246" ind1=" " ind2=" ">
        <subfield code="a">التنمية الصناعية في المملكة الاردنية الهاشمية</subfield>
    </datafield>
    <datafield tag="269" ind1=" " ind2=" ">
        <subfield code="a">19890905</subfield>
    </datafield>
    <datafield tag="650" ind1=" " ind2=" ">
        <subfield code="a">ECONOMIC STRUCTURE</subfield>
        <subfield code="0">(DHLAUTH)269665</subfield>
    </datafield>
    <datafield tag="650" ind1=" " ind2=" ">
        <subfield code="a">ECONOMIC STATISTICS</subfield>
        <subfield code="0">(DHLAUTH)269633</subfield>
    </datafield>
    <datafield tag="650" ind1=" " ind2=" ">
        <subfield code="a">INFLATION</subfield>
        <subfield code="0">(DHLAUTH)269724</subfield>
    </datafield>
    <datafield tag="650" ind1=" " ind2=" ">
        <subfield code="a">WAGES</subfield>
        <subfield code="0">(DHLAUTH)269809</subfield>
    </datafield>
    <datafield tag="650" ind1=" " ind2=" ">
        <subfield code="a">LABOUR</subfield>
        <subfield code="0">(DHLAUTH)274210</subfield>
    </datafield>
    <datafield tag="650" ind1=" " ind2=" ">
        <subfield code="a">INDUSTRIAL DEVELOPMENT</subfield>
        <subfield code="0">(DHLAUTH)269918</subfield>
    </datafield>
    <datafield tag="650" ind1=" " ind2=" ">
        <subfield code="a">DEVELOPMENT STRATEGIES</subfield>
        <subfield code="0">(DHLAUTH)269884</subfield>
    </datafield>
    <datafield tag="650" ind1=" " ind2=" ">
        <subfield code="a">DEVELOPMENT PLANNING</subfield>
        <subfield code="0">(DHLAUTH)269883</subfield>
    </datafield>
    <datafield tag="650" ind1=" " ind2=" ">
        <subfield code="a">FOREIGN TRADE</subfield>
        <subfield code="0">(DHLAUTH)272801</subfield>
    </datafield>
    <datafield tag="650" ind1=" " ind2=" ">
        <subfield code="a">EXPORTS</subfield>
        <subfield code="0">(DHLAUTH)271798</subfield>
    </datafield>
    <datafield tag="650" ind1=" " ind2=" ">
        <subfield code="a">JORDAN</subfield>
        <subfield code="0">(DHLAUTH)269099</subfield>
    </datafield>
    <datafield tag="650" ind1=" " ind2=" ">
        <subfield code="a">PRICES</subfield>
        <subfield code="0">(DHLAUTH)269707</subfield>
    </datafield>
</record>
<record>
    <datafield tag="191" ind1=" " ind2=" ">
        <subfield code="a">E/ESCWA/ID/89/7</subfield>
    </datafield>
    <datafield tag="246" ind1=" " ind2=" ">
        <subfield code="a">التنمية الصناعية في الجمهورية العربية السورية 1975-1985</subfield>
    </datafield>
    <datafield tag="269" ind1=" " ind2=" ">
        <subfield code="a">19890921</subfield>
    </datafield>
    <datafield tag="650" ind1=" " ind2=" ">
        <subfield code="a">ECONOMIC STRUCTURE</subfield>
        <subfield code="0">(DHLAUTH)269665</subfield>
    </datafield>
    <datafield tag="650" ind1=" " ind2=" ">
        <subfield code="a">INDUSTRIAL STATISTICS</subfield>
        <subfield code="0">(DHLAUTH)270195</subfield>
    </datafield>
    <datafield tag="650" ind1=" " ind2=" ">
        <subfield code="a">ECONOMIC DEVELOPMENT</subfield>
        <subfield code="0">(DHLAUTH)269755</subfield>
    </datafield>
    <datafield tag="650" ind1=" " ind2=" ">
        <subfield code="a">INFLATION</subfield>
        <subfield code="0">(DHLAUTH)269724</subfield>
    </datafield>
    <datafield tag="650" ind1=" " ind2=" ">
        <subfield code="a">PRICES</subfield>
        <subfield code="0">(DHLAUTH)269707</subfield>
    </datafield>
    <datafield tag="650" ind1=" " ind2=" ">
        <subfield code="a">EMPLOYMENT</subfield>
        <subfield code="0">(DHLAUTH)269797</subfield>
    </datafield>
    <datafield tag="650" ind1=" " ind2=" ">
        <subfield code="a">WAGES</subfield>
        <subfield code="0">(DHLAUTH)269809</subfield>
    </datafield>
    <datafield tag="650" ind1=" " ind2=" ">
        <subfield code="a">FOREIGN TRADE</subfield>
        <subfield code="0">(DHLAUTH)272801</subfield>
    </datafield>
    <datafield tag="650" ind1=" " ind2=" ">
        <subfield code="a">DEVELOPMENT STRATEGIES</subfield>
        <subfield code="0">(DHLAUTH)269884</subfield>
    </datafield>
    <datafield tag="650" ind1=" " ind2=" ">
        <subfield code="a">DEVELOPMENT PLANNING</subfield>
        <subfield code="0">(DHLAUTH)269883</subfield>
    </datafield>
    <datafield tag="650" ind1=" " ind2=" ">
        <subfield code="a">INDUSTRIAL DEVELOPMENT</subfield>
        <subfield code="0">(DHLAUTH)269918</subfield>
    </datafield>
    <datafield tag="650" ind1=" " ind2=" ">
        <subfield code="a">SYRIAN ARAB REPUBLIC</subfield>
        <subfield code="0">(DHLAUTH)273496</subfield>
    </datafield>
</record>
<record>
    <datafield tag="191" ind1=" " ind2=" ">
        <subfield code="a">E/ESCWA/ID/89/8</subfield>
    </datafield>
    <datafield tag="246" ind1=" " ind2=" ">
        <subfield code="a">ابحاث المؤتمر الثاني حول اللغويات الحسابية العربية, الكويت, 27-29 نوفمبر 1989</subfield>
    </datafield>
    <datafield tag="269" ind1=" " ind2=" ">
        <subfield code="a">19891129</subfield>
    </datafield>
    <datafield tag="650" ind1=" " ind2=" ">
        <subfield code="a">CONFERENCES</subfield>
        <subfield code="0">(DHLAUTH)275758</subfield>
    </datafield>
    <datafield tag="650" ind1=" " ind2=" ">
        <subfield code="a">COMPUTERS</subfield>
        <subfield code="0">(DHLAUTH)271865</subfield>
    </datafield>
    <datafield tag="650" ind1=" " ind2=" ">
        <subfield code="a">COMPUTER PROGRAMMING</subfield>
        <subfield code="0">(DHLAUTH)269654</subfield>
    </datafield>
    <datafield tag="650" ind1=" " ind2=" ">
        <subfield code="a">ARABIC LANGUAGE</subfield>
        <subfield code="0">(DHLAUTH)274768</subfield>
    </datafield>
</record>
<record>
    <datafield tag="191" ind1=" " ind2=" ">
        <subfield code="a">E/ESCWA/ID/89/CONF.1/10</subfield>
    </datafield>
    <datafield tag="246" ind1=" " ind2=" ">
        <subfield code="a">تكثير نباتات الخس بطريقة زراعة الانسجة</subfield>
    </datafield>
    <datafield tag="269" ind1=" " ind2=" ">
        <subfield code="a">19890330</subfield>
    </datafield>
    <datafield tag="650" ind1=" " ind2=" ">
        <subfield code="a">BIOTECHNOLOGY</subfield>
        <subfield code="0">(DHLAUTH)272309</subfield>
    </datafield>
    <datafield tag="650" ind1=" " ind2=" ">
        <subfield code="a">CONFERENCES</subfield>
        <subfield code="0">(DHLAUTH)275758</subfield>
    </datafield>
    <datafield tag="650" ind1=" " ind2=" ">
        <subfield code="a">WESTERN ASIA</subfield>
        <subfield code="0">(DHLAUTH)275490</subfield>
    </datafield>
    <datafield tag="650" ind1=" " ind2=" ">
        <subfield code="a">TISSUE CULTURE</subfield>
        <subfield code="0">(DHLAUTH)273981</subfield>
    </datafield>
    <datafield tag="650" ind1=" " ind2=" ">
        <subfield code="a">VEGETABLES</subfield>
        <subfield code="0">(DHLAUTH)271467</subfield>
    </datafield>
</record>
<record>
    <datafield tag="191" ind1=" " ind2=" ">
        <subfield code="a">E/ESCWA/ID/89/CONF.1/11</subfield>
    </datafield>
    <datafield tag="246" ind1=" " ind2=" ">
        <subfield code="a">الزراعة المخبرية لأنسجة وأعضاء نبات الفول (VICIA FABA): تشكل الكالوس - تمايز الأعضاء - الحصول على نباتات كاملة منه</subfield>
    </datafield>
    <datafield tag="269" ind1=" " ind2=" ">
        <subfield code="a">19890330</subfield>
    </datafield>
    <datafield tag="650" ind1=" " ind2=" ">
        <subfield code="a">BIOTECHNOLOGY</subfield>
        <subfield code="0">(DHLAUTH)272309</subfield>
    </datafield>
    <datafield tag="650" ind1=" " ind2=" ">
        <subfield code="a">CONFERENCES</subfield>
        <subfield code="0">(DHLAUTH)275758</subfield>
    </datafield>
    <datafield tag="650" ind1=" " ind2=" ">
        <subfield code="a">WESTERN ASIA</subfield>
        <subfield code="0">(DHLAUTH)275490</subfield>
    </datafield>
    <datafield tag="650" ind1=" " ind2=" ">
        <subfield code="a">TISSUE CULTURE</subfield>
        <subfield code="0">(DHLAUTH)273981</subfield>
    </datafield>
    <datafield tag="650" ind1=" " ind2=" ">
        <subfield code="a">FOOD</subfield>
        <subfield code="0">(DHLAUTH)271146</subfield>
    </datafield>
    <datafield tag="650" ind1=" " ind2=" ">
        <subfield code="a">SCIENTIFIC RESEARCH</subfield>
        <subfield code="0">(DHLAUTH)270603</subfield>
    </datafield>
</record>
<record>
    <datafield tag="191" ind1=" " ind2=" ">
        <subfield code="a">E/ESCWA/ID/89/CONF.1/12</subfield>
    </datafield>
    <datafield tag="246" ind1=" " ind2=" ">
        <subfield code="a">الوسائل الحديثة في علم الوراثة لتحسين انتاج الغذاء</subfield>
    </datafield>
    <datafield tag="269" ind1=" " ind2=" ">
        <subfield code="a">19890330</subfield>
    </datafield>
    <datafield tag="650" ind1=" " ind2=" ">
        <subfield code="a">BIOTECHNOLOGY</subfield>
        <subfield code="0">(DHLAUTH)272309</subfield>
    </datafield>
    <datafield tag="650" ind1=" " ind2=" ">
        <subfield code="a">CONFERENCES</subfield>
        <subfield code="0">(DHLAUTH)275758</subfield>
    </datafield>
    <datafield tag="650" ind1=" " ind2=" ">
        <subfield code="a">WESTERN ASIA</subfield>
        <subfield code="0">(DHLAUTH)275490</subfield>
    </datafield>
    <datafield tag="650" ind1=" " ind2=" ">
        <subfield code="a">FOOD PRODUCTION</subfield>
        <subfield code="0">(DHLAUTH)271368</subfield>
    </datafield>
</record>
<record>
    <datafield tag="191" ind1=" " ind2=" ">
        <subfield code="a">E/ESCWA/ID/89/CONF.1/13</subfield>
    </datafield>
    <datafield tag="246" ind1=" " ind2=" ">
        <subfield code="a">مستجدات التقانات الحيوية الحديثة وآفاقها المستقبلية على الصعيد العالمي</subfield>
    </datafield>
    <datafield tag="269" ind1=" " ind2=" ">
        <subfield code="a">19890330</subfield>
    </datafield>
    <datafield tag="650" ind1=" " ind2=" ">
        <subfield code="a">BIOTECHNOLOGY</subfield>
        <subfield code="0">(DHLAUTH)272309</subfield>
    </datafield>
    <datafield tag="650" ind1=" " ind2=" ">
        <subfield code="a">CONFERENCES</subfield>
        <subfield code="0">(DHLAUTH)275758</subfield>
    </datafield>
    <datafield tag="650" ind1=" " ind2=" ">
        <subfield code="a">WESTERN ASIA</subfield>
        <subfield code="0">(DHLAUTH)275490</subfield>
    </datafield>
    <datafield tag="650" ind1=" " ind2=" ">
        <subfield code="a">RESEARCH CENTRES</subfield>
        <subfield code="0">(DHLAUTH)271936</subfield>
    </datafield>
    <datafield tag="650" ind1=" " ind2=" ">
        <subfield code="a">TECHNICAL ASPECTS</subfield>
        <subfield code="0">(DHLAUTH)275235</subfield>
    </datafield>
    <datafield tag="650" ind1=" " ind2=" ">
        <subfield code="a">GENETIC ENGINEERING</subfield>
        <subfield code="0">(DHLAUTH)271430</subfield>
    </datafield>
    <datafield tag="650" ind1=" " ind2=" ">
        <subfield code="a">TISSUE CULTURE</subfield>
        <subfield code="0">(DHLAUTH)273981</subfield>
    </datafield>
    <datafield tag="650" ind1=" " ind2=" ">
        <subfield code="a">AGRICULTURAL PRODUCTION</subfield>
        <subfield code="0">(DHLAUTH)269670</subfield>
    </datafield>
</record>
<record>
    <datafield tag="191" ind1=" " ind2=" ">
        <subfield code="a">E/ESCWA/ID/89/CONF.1/15</subfield>
    </datafield>
    <datafield tag="246" ind1=" " ind2=" ">
        <subfield code="a">اتجاهات التقانة الحيوية وموقف البلدان النامية منها</subfield>
    </datafield>
    <datafield tag="269" ind1=" " ind2=" ">
        <subfield code="a">19890330</subfield>
    </datafield>
    <datafield tag="650" ind1=" " ind2=" ">
        <subfield code="a">BIOTECHNOLOGY</subfield>
        <subfield code="0">(DHLAUTH)272309</subfield>
    </datafield>
    <datafield tag="650" ind1=" " ind2=" ">
        <subfield code="a">CONFERENCES</subfield>
        <subfield code="0">(DHLAUTH)275758</subfield>
    </datafield>
    <datafield tag="650" ind1=" " ind2=" ">
        <subfield code="a">WESTERN ASIA</subfield>
        <subfield code="0">(DHLAUTH)275490</subfield>
    </datafield>
    <datafield tag="650" ind1=" " ind2=" ">
        <subfield code="a">SCIENTIFIC RESEARCH</subfield>
        <subfield code="0">(DHLAUTH)270603</subfield>
    </datafield>
    <datafield tag="650" ind1=" " ind2=" ">
        <subfield code="a">RESEARCH AND DEVELOPMENT</subfield>
        <subfield code="0">(DHLAUTH)271949</subfield>
    </datafield>
    <datafield tag="650" ind1=" " ind2=" ">
        <subfield code="a">ARAB COUNTRIES</subfield>
        <subfield code="0">(DHLAUTH)268705</subfield>
    </datafield>
    <datafield tag="650" ind1=" " ind2=" ">
        <subfield code="a">SCIENTISTS</subfield>
        <subfield code="0">(DHLAUTH)274292</subfield>
    </datafield>
    <datafield tag="650" ind1=" " ind2=" ">
        <subfield code="a">FOOD</subfield>
        <subfield code="0">(DHLAUTH)271146</subfield>
    </datafield>
</record>
<record>
    <datafield tag="191" ind1=" " ind2=" ">
        <subfield code="a">E/ESCWA/ID/89/CONF.1/16</subfield>
    </datafield>
    <datafield tag="245" ind1=" " ind2=" ">
        <subfield code="a">UTILISATION DU GALACTOSE CHEZ STREPTOCOCCUS THERMOPHILUS: INDUCTION PAR MUTAGENESE A LA NITROSOGUANIDINE</subfield>
    </datafield>
    <datafield tag="269" ind1=" " ind2=" ">
        <subfield code="a">19890330</subfield>
    </datafield>
    <datafield tag="650" ind1=" " ind2=" ">
        <subfield code="a">BIOTECHNOLOGY</subfield>
        <subfield code="0">(DHLAUTH)272309</subfield>
    </datafield>
    <datafield tag="650" ind1=" " ind2=" ">
        <subfield code="a">DAIRY INDUSTRY</subfield>
        <subfield code="0">(DHLAUTH)271759</subfield>
    </datafield>
    <datafield tag="650" ind1=" " ind2=" ">
        <subfield code="a">MUTATION</subfield>
        <subfield code="0">(DHLAUTH)577386</subfield>
    </datafield>
    <datafield tag="650" ind1=" " ind2=" ">
        <subfield code="a">CONFERENCES</subfield>
        <subfield code="0">(DHLAUTH)275758</subfield>
    </datafield>
    <datafield tag="650" ind1=" " ind2=" ">
        <subfield code="a">WESTERN ASIA</subfield>
        <subfield code="0">(DHLAUTH)275490</subfield>
    </datafield>
</record>
<record>
    <datafield tag="191" ind1=" " ind2=" ">
        <subfield code="a">E/ESCWA/ID/89/CONF.1/17</subfield>
    </datafield>
    <datafield tag="246" ind1=" " ind2=" ">
        <subfield code="a">طريقة اقتصادية لانتاج مساعدات تخثير طبيعية لزيادة كفاءة معالجة المياه الخام</subfield>
    </datafield>
    <datafield tag="269" ind1=" " ind2=" ">
        <subfield code="a">19890330</subfield>
    </datafield>
    <datafield tag="650" ind1=" " ind2=" ">
        <subfield code="a">BIOTECHNOLOGY</subfield>
        <subfield code="0">(DHLAUTH)272309</subfield>
    </datafield>
    <datafield tag="650" ind1=" " ind2=" ">
        <subfield code="a">CONFERENCES</subfield>
        <subfield code="0">(DHLAUTH)275758</subfield>
    </datafield>
    <datafield tag="650" ind1=" " ind2=" ">
        <subfield code="a">WESTERN ASIA</subfield>
        <subfield code="0">(DHLAUTH)275490</subfield>
    </datafield>
    <datafield tag="650" ind1=" " ind2=" ">
        <subfield code="a">WATER TREATMENT</subfield>
        <subfield code="0">(DHLAUTH)270883</subfield>
    </datafield>
</record>
<record>
    <datafield tag="191" ind1=" " ind2=" ">
        <subfield code="a">E/ESCWA/ID/89/CONF.1/18</subfield>
    </datafield>
    <datafield tag="245" ind1=" " ind2=" ">
        <subfield code="a">CATALYTIC ROLE OF ISESCO IN THE DEVELOPMENT OF BIOTECHNOLOGIES IN ITS MEMBER STATES</subfield>
    </datafield>
    <datafield tag="246" ind1=" " ind2=" ">
        <subfield code="a">دور الأيسيسكو كمحرك في تنمية التكنولوجيا الحيوية في الدول الأعضاء</subfield>
    </datafield>
    <datafield tag="269" ind1=" " ind2=" ">
        <subfield code="a">19890331</subfield>
    </datafield>
    <datafield tag="650" ind1=" " ind2=" ">
        <subfield code="a">BIOTECHNOLOGY</subfield>
        <subfield code="0">(DHLAUTH)272309</subfield>
    </datafield>
    <datafield tag="650" ind1=" " ind2=" ">
        <subfield code="a">CONFERENCES</subfield>
        <subfield code="0">(DHLAUTH)275758</subfield>
    </datafield>
    <datafield tag="650" ind1=" " ind2=" ">
        <subfield code="a">WESTERN ASIA</subfield>
        <subfield code="0">(DHLAUTH)275490</subfield>
    </datafield>
    <datafield tag="650" ind1=" " ind2=" ">
        <subfield code="a">PROGRAMMES OF ACTION</subfield>
        <subfield code="0">(DHLAUTH)275777</subfield>
    </datafield>
    <datafield tag="650" ind1=" " ind2=" ">
        <subfield code="a">SCIENTIFIC INSTITUTIONS</subfield>
        <subfield code="0">(DHLAUTH)275214</subfield>
    </datafield>
</record>
<record>
    <datafield tag="191" ind1=" " ind2=" ">
        <subfield code="a">E/ESCWA/ID/89/CONF.1/19</subfield>
    </datafield>
    <datafield tag="246" ind1=" " ind2=" ">
        <subfield code="a">القدرة الوطنية الأردنية في البحث والتطوير في مجالات التكنولوجيا الحيوية</subfield>
    </datafield>
    <datafield tag="269" ind1=" " ind2=" ">
        <subfield code="a">19890331</subfield>
    </datafield>
    <datafield tag="650" ind1=" " ind2=" ">
        <subfield code="a">BIOTECHNOLOGY</subfield>
        <subfield code="0">(DHLAUTH)272309</subfield>
    </datafield>
    <datafield tag="650" ind1=" " ind2=" ">
        <subfield code="a">JORDAN</subfield>
        <subfield code="0">(DHLAUTH)269099</subfield>
    </datafield>
    <datafield tag="650" ind1=" " ind2=" ">
        <subfield code="a">RESEARCH AND DEVELOPMENT</subfield>
        <subfield code="0">(DHLAUTH)271949</subfield>
    </datafield>
    <datafield tag="650" ind1=" " ind2=" ">
        <subfield code="a">CONFERENCES</subfield>
        <subfield code="0">(DHLAUTH)275758</subfield>
    </datafield>
    <datafield tag="650" ind1=" " ind2=" ">
        <subfield code="a">WESTERN ASIA</subfield>
        <subfield code="0">(DHLAUTH)275490</subfield>
    </datafield>
</record>
<record>
    <datafield tag="191" ind1=" " ind2=" ">
        <subfield code="a">E/ESCWA/ID/89/CONF.1/20</subfield>
    </datafield>
    <datafield tag="246" ind1=" " ind2=" ">
        <subfield code="a">آفاق التقانات الحيوية الحديثة بالسودان</subfield>
    </datafield>
    <datafield tag="269" ind1=" " ind2=" ">
        <subfield code="a">20040331</subfield>
    </datafield>
    <datafield tag="650" ind1=" " ind2=" ">
        <subfield code="a">BIOTECHNOLOGY</subfield>
        <subfield code="0">(DHLAUTH)272309</subfield>
    </datafield>
    <datafield tag="650" ind1=" " ind2=" ">
        <subfield code="a">ACTIVITIES</subfield>
        <subfield code="0">(DHLAUTH)275823</subfield>
    </datafield>
    <datafield tag="650" ind1=" " ind2=" ">
        <subfield code="a">SUDAN</subfield>
        <subfield code="0">(DHLAUTH)273486</subfield>
    </datafield>
    <datafield tag="650" ind1=" " ind2=" ">
        <subfield code="a">BIOGAS</subfield>
        <subfield code="0">(DHLAUTH)271164</subfield>
    </datafield>
</record>
<record>
    <datafield tag="191" ind1=" " ind2=" ">
        <subfield code="a">E/ESCWA/ID/89/CONF.1/21</subfield>
    </datafield>
    <datafield tag="245" ind1=" " ind2=" ">
        <subfield code="a">LAY WASTED WASTE</subfield>
    </datafield>
    <datafield tag="269" ind1=" " ind2=" ">
        <subfield code="a">19890331</subfield>
    </datafield>
    <datafield tag="650" ind1=" " ind2=" ">
        <subfield code="a">BIOTECHNOLOGY</subfield>
        <subfield code="0">(DHLAUTH)272309</subfield>
    </datafield>
    <datafield tag="650" ind1=" " ind2=" ">
        <subfield code="a">CONFERENCES</subfield>
        <subfield code="0">(DHLAUTH)275758</subfield>
    </datafield>
    <datafield tag="650" ind1=" " ind2=" ">
        <subfield code="a">WESTERN ASIA</subfield>
        <subfield code="0">(DHLAUTH)275490</subfield>
    </datafield>
    <datafield tag="650" ind1=" " ind2=" ">
        <subfield code="a">WASTE MANAGEMENT</subfield>
        <subfield code="0">(DHLAUTH)272254</subfield>
    </datafield>
    <datafield tag="650" ind1=" " ind2=" ">
        <subfield code="a">SOLID WASTE MANAGEMENT</subfield>
        <subfield code="0">(DHLAUTH)270665</subfield>
    </datafield>
</record>
<record>
    <datafield tag="191" ind1=" " ind2=" ">
        <subfield code="a">E/ESCWA/ID/89/CONF.1/22</subfield>
    </datafield>
    <datafield tag="245" ind1=" " ind2=" ">
        <subfield code="a">ASSESSMENT OF BIOTECHNOLOGY POLICY IN FRANCE</subfield>
    </datafield>
    <datafield tag="269" ind1=" " ind2=" ">
        <subfield code="a">19890331</subfield>
    </datafield>
    <datafield tag="650" ind1=" " ind2=" ">
        <subfield code="a">BIOTECHNOLOGY</subfield>
        <subfield code="0">(DHLAUTH)272309</subfield>
    </datafield>
    <datafield tag="650" ind1=" " ind2=" ">
        <subfield code="a">GENETIC ENGINEERING</subfield>
        <subfield code="0">(DHLAUTH)271430</subfield>
    </datafield>
    <datafield tag="650" ind1=" " ind2=" ">
        <subfield code="a">CONFERENCES</subfield>
        <subfield code="0">(DHLAUTH)275758</subfield>
    </datafield>
    <datafield tag="650" ind1=" " ind2=" ">
        <subfield code="a">ARAB COUNTRIES</subfield>
        <subfield code="0">(DHLAUTH)268705</subfield>
    </datafield>
    <datafield tag="650" ind1=" " ind2=" ">
        <subfield code="a">WESTERN ASIA</subfield>
        <subfield code="0">(DHLAUTH)275490</subfield>
    </datafield>
    <datafield tag="650" ind1=" " ind2=" ">
        <subfield code="a">SCIENCE AND TECHNOLOGY POLICY</subfield>
        <subfield code="0">(DHLAUTH)275207</subfield>
    </datafield>
    <datafield tag="650" ind1=" " ind2=" ">
        <subfield code="a">INDUSTRIAL RESEARCH</subfield>
        <subfield code="0">(DHLAUTH)271219</subfield>
    </datafield>
    <datafield tag="650" ind1=" " ind2=" ">
        <subfield code="a">PATENTS</subfield>
        <subfield code="0">(DHLAUTH)271840</subfield>
    </datafield>
    <datafield tag="650" ind1=" " ind2=" ">
        <subfield code="a">FRANCE</subfield>
        <subfield code="0">(DHLAUTH)275541</subfield>
    </datafield>
</record>
<record>
    <datafield tag="191" ind1=" " ind2=" ">
        <subfield code="a">E/ESCWA/ID/89/CONF.1/23</subfield>
    </datafield>
    <datafield tag="246" ind1=" " ind2=" ">
        <subfield code="a">الحلقة الدراسية"الهندسة الوراثية وآفاق تطبيقاتها في الوطن العربي" 18-20 تشرين الثاني 1985</subfield>
    </datafield>
    <datafield tag="269" ind1=" " ind2=" ">
        <subfield code="a">19890331</subfield>
    </datafield>
    <datafield tag="650" ind1=" " ind2=" ">
        <subfield code="a">BIOTECHNOLOGY</subfield>
        <subfield code="0">(DHLAUTH)272309</subfield>
    </datafield>
    <datafield tag="650" ind1=" " ind2=" ">
        <subfield code="a">CONFERENCES</subfield>
        <subfield code="0">(DHLAUTH)275758</subfield>
    </datafield>
    <datafield tag="650" ind1=" " ind2=" ">
        <subfield code="a">WESTERN ASIA</subfield>
        <subfield code="0">(DHLAUTH)275490</subfield>
    </datafield>
    <datafield tag="650" ind1=" " ind2=" ">
        <subfield code="a">GENETIC ENGINEERING</subfield>
        <subfield code="0">(DHLAUTH)271430</subfield>
    </datafield>
    <datafield tag="650" ind1=" " ind2=" ">
        <subfield code="a">TISSUE CULTURE</subfield>
        <subfield code="0">(DHLAUTH)273981</subfield>
    </datafield>
    <datafield tag="650" ind1=" " ind2=" ">
        <subfield code="a">ACTIVITIES</subfield>
        <subfield code="0">(DHLAUTH)275823</subfield>
    </datafield>
</record>
<record>
    <datafield tag="191" ind1=" " ind2=" ">
        <subfield code="a">E/ESCWA/ID/89/CONF.1/24</subfield>
    </datafield>
    <datafield tag="245" ind1=" " ind2=" ">
        <subfield code="a">PLANT BIOTECHNOLOGIES: PRESENT AND FUTURE, ESPECIALLY FOR DEVELOPING COUNTRIES</subfield>
    </datafield>
    <datafield tag="269" ind1=" " ind2=" ">
        <subfield code="a">19890331</subfield>
    </datafield>
    <datafield tag="650" ind1=" " ind2=" ">
        <subfield code="a">BIOTECHNOLOGY</subfield>
        <subfield code="0">(DHLAUTH)272309</subfield>
    </datafield>
    <datafield tag="650" ind1=" " ind2=" ">
        <subfield code="a">GENETIC ENGINEERING</subfield>
        <subfield code="0">(DHLAUTH)271430</subfield>
    </datafield>
    <datafield tag="650" ind1=" " ind2=" ">
        <subfield code="a">CONFERENCES</subfield>
        <subfield code="0">(DHLAUTH)275758</subfield>
    </datafield>
    <datafield tag="650" ind1=" " ind2=" ">
        <subfield code="a">PLANTS</subfield>
        <subfield code="0">(DHLAUTH)270937</subfield>
    </datafield>
    <datafield tag="650" ind1=" " ind2=" ">
        <subfield code="a">TISSUE CULTURE</subfield>
        <subfield code="0">(DHLAUTH)273981</subfield>
    </datafield>
    <datafield tag="650" ind1=" " ind2=" ">
        <subfield code="a">AGRICULTURAL PRODUCTS</subfield>
        <subfield code="0">(DHLAUTH)270579</subfield>
    </datafield>
    <datafield tag="650" ind1=" " ind2=" ">
        <subfield code="a">PLANT DISEASES</subfield>
        <subfield code="0">(DHLAUTH)271595</subfield>
    </datafield>
    <datafield tag="650" ind1=" " ind2=" ">
        <subfield code="a">GENETIC RESOURCES</subfield>
        <subfield code="0">(DHLAUTH)270547</subfield>
    </datafield>
</record>
<record>
    <datafield tag="191" ind1=" " ind2=" ">
        <subfield code="a">E/ESCWA/ID/89/CONF.1/25</subfield>
    </datafield>
    <datafield tag="246" ind1=" " ind2=" ">
        <subfield code="a">المجمع الصناعي لمشتقات النشا, مشروع الإستفادة من التقانات الحيوية جدواه الفنية والإقتصادية</subfield>
    </datafield>
    <datafield tag="269" ind1=" " ind2=" ">
        <subfield code="a">19890331</subfield>
    </datafield>
    <datafield tag="650" ind1=" " ind2=" ">
        <subfield code="a">CHEMICAL ENGINEERING</subfield>
        <subfield code="0">(DHLAUTH)271200</subfield>
    </datafield>
    <datafield tag="650" ind1=" " ind2=" ">
        <subfield code="a">BIOTECHNOLOGY</subfield>
        <subfield code="0">(DHLAUTH)272309</subfield>
    </datafield>
    <datafield tag="650" ind1=" " ind2=" ">
        <subfield code="a">PHARMACEUTICAL INDUSTRY</subfield>
        <subfield code="0">(DHLAUTH)272332</subfield>
    </datafield>
    <datafield tag="650" ind1=" " ind2=" ">
        <subfield code="a">JORDAN</subfield>
        <subfield code="0">(DHLAUTH)269099</subfield>
    </datafield>
    <datafield tag="650" ind1=" " ind2=" ">
        <subfield code="a">CONFERENCES</subfield>
        <subfield code="0">(DHLAUTH)275758</subfield>
    </datafield>
    <datafield tag="650" ind1=" " ind2=" ">
        <subfield code="a">WESTERN ASIA</subfield>
        <subfield code="0">(DHLAUTH)275490</subfield>
    </datafield>
</record>
<record>
    <datafield tag="191" ind1=" " ind2=" ">
        <subfield code="a">E/ESCWA/ID/89/CONF.1/27</subfield>
    </datafield>
    <datafield tag="245" ind1=" " ind2=" ">
        <subfield code="a">ANTERIOR DETERMINANTS IN EMBRYOS OF CHIRONOMUS SAMOENSIS: CHARACTERIZATION BY RESCUE BIOASSAY</subfield>
    </datafield>
    <datafield tag="269" ind1=" " ind2=" ">
        <subfield code="a">19890331</subfield>
    </datafield>
    <datafield tag="650" ind1=" " ind2=" ">
        <subfield code="a">BIOTECHNOLOGY</subfield>
        <subfield code="0">(DHLAUTH)272309</subfield>
    </datafield>
    <datafield tag="650" ind1=" " ind2=" ">
        <subfield code="a">GENETIC ENGINEERING</subfield>
        <subfield code="0">(DHLAUTH)271430</subfield>
    </datafield>
    <datafield tag="650" ind1=" " ind2=" ">
        <subfield code="a">INSECTS</subfield>
        <subfield code="0">(DHLAUTH)271725</subfield>
    </datafield>
    <datafield tag="650" ind1=" " ind2=" ">
        <subfield code="a">CONFERENCES</subfield>
        <subfield code="0">(DHLAUTH)275758</subfield>
    </datafield>
    <datafield tag="650" ind1=" " ind2=" ">
        <subfield code="a">WESTERN ASIA</subfield>
        <subfield code="0">(DHLAUTH)275490</subfield>
    </datafield>
</record>
<record>
    <datafield tag="191" ind1=" " ind2=" ">
        <subfield code="a">E/ESCWA/ID/89/CONF.1/28</subfield>
    </datafield>
    <datafield tag="245" ind1=" " ind2=" ">
        <subfield code="a">IMMOBILIZATION OF INDUSTRIAL ENZYMES: IMMOBILIZATION OF CELLULASE COMPLEXES FROM THE TRICHODERMA VIRIDE ON LOCAL CHARCOAL WOOD SUPPORT</subfield>
    </datafield>
    <datafield tag="269" ind1=" " ind2=" ">
        <subfield code="a">19890331</subfield>
    </datafield>
    <datafield tag="650" ind1=" " ind2=" ">
        <subfield code="a">BIOTECHNOLOGY</subfield>
        <subfield code="0">(DHLAUTH)272309</subfield>
    </datafield>
    <datafield tag="650" ind1=" " ind2=" ">
        <subfield code="a">GENETIC ENGINEERING</subfield>
        <subfield code="0">(DHLAUTH)271430</subfield>
    </datafield>
    <datafield tag="650" ind1=" " ind2=" ">
        <subfield code="a">ENZYMES</subfield>
        <subfield code="0">(DHLAUTH)272310</subfield>
    </datafield>
    <datafield tag="650" ind1=" " ind2=" ">
        <subfield code="a">ARAB COUNTRIES</subfield>
        <subfield code="0">(DHLAUTH)268705</subfield>
    </datafield>
    <datafield tag="650" ind1=" " ind2=" ">
        <subfield code="a">CONFERENCES</subfield>
        <subfield code="0">(DHLAUTH)275758</subfield>
    </datafield>
    <datafield tag="650" ind1=" " ind2=" ">
        <subfield code="a">WESTERN ASIA</subfield>
        <subfield code="0">(DHLAUTH)275490</subfield>
    </datafield>
</record>
<record>
    <datafield tag="191" ind1=" " ind2=" ">
        <subfield code="a">E/ESCWA/ID/89/CONF.1/29</subfield>
    </datafield>
    <datafield tag="245" ind1=" " ind2=" ">
        <subfield code="a">PLANT PRODUCTION AND PROTECTION BIOTECHNOLOGIES IN THE NEAR EAST AND NORTH AFRICAN COUNTRIES.</subfield>
    </datafield>
    <datafield tag="269" ind1=" " ind2=" ">
        <subfield code="a">19890330</subfield>
    </datafield>
    <datafield tag="650" ind1=" " ind2=" ">
        <subfield code="a">BIOTECHNOLOGY</subfield>
        <subfield code="0">(DHLAUTH)272309</subfield>
    </datafield>
    <datafield tag="650" ind1=" " ind2=" ">
        <subfield code="a">GENETIC ENGINEERING</subfield>
        <subfield code="0">(DHLAUTH)271430</subfield>
    </datafield>
    <datafield tag="650" ind1=" " ind2=" ">
        <subfield code="a">CONFERENCES</subfield>
        <subfield code="0">(DHLAUTH)275758</subfield>
    </datafield>
    <datafield tag="650" ind1=" " ind2=" ">
        <subfield code="a">WESTERN ASIA</subfield>
        <subfield code="0">(DHLAUTH)275490</subfield>
    </datafield>
    <datafield tag="650" ind1=" " ind2=" ">
        <subfield code="a">PLANT PROTECTION</subfield>
        <subfield code="0">(DHLAUTH)270699</subfield>
    </datafield>
    <datafield tag="650" ind1=" " ind2=" ">
        <subfield code="a">TISSUE CULTURE</subfield>
        <subfield code="0">(DHLAUTH)273981</subfield>
    </datafield>
    <datafield tag="650" ind1=" " ind2=" ">
        <subfield code="a">ARAB COUNTRIES</subfield>
        <subfield code="0">(DHLAUTH)268705</subfield>
    </datafield>
</record>
<record>
    <datafield tag="191" ind1=" " ind2=" ">
        <subfield code="a">E/ESCWA/ID/89/CONF.1/31</subfield>
    </datafield>
    <datafield tag="245" ind1=" " ind2=" ">
        <subfield code="a">ARACHIDONIC AND EICOSAPENTAENOIC ACIDS IN LIPIDS OF PLANT CELL CULTURES, MACROALGAE, MOSSES AND FUNGI</subfield>
    </datafield>
    <datafield tag="269" ind1=" " ind2=" ">
        <subfield code="a">19890331</subfield>
    </datafield>
    <datafield tag="650" ind1=" " ind2=" ">
        <subfield code="a">BIOTECHNOLOGY</subfield>
        <subfield code="0">(DHLAUTH)272309</subfield>
    </datafield>
    <datafield tag="650" ind1=" " ind2=" ">
        <subfield code="a">GENETIC ENGINEERING</subfield>
        <subfield code="0">(DHLAUTH)271430</subfield>
    </datafield>
    <datafield tag="650" ind1=" " ind2=" ">
        <subfield code="a">PLANTS</subfield>
        <subfield code="0">(DHLAUTH)270937</subfield>
    </datafield>
    <datafield tag="650" ind1=" " ind2=" ">
        <subfield code="a">TISSUE CULTURE</subfield>
        <subfield code="0">(DHLAUTH)273981</subfield>
    </datafield>
    <datafield tag="650" ind1=" " ind2=" ">
        <subfield code="a">CONFERENCES</subfield>
        <subfield code="0">(DHLAUTH)275758</subfield>
    </datafield>
    <datafield tag="650" ind1=" " ind2=" ">
        <subfield code="a">WESTERN ASIA</subfield>
        <subfield code="0">(DHLAUTH)275490</subfield>
    </datafield>
</record>
<record>
    <datafield tag="191" ind1=" " ind2=" ">
        <subfield code="a">E/ESCWA/ID/89/CONF.1/32</subfield>
    </datafield>
    <datafield tag="246" ind1=" " ind2=" ">
        <subfield code="a">مقومات التقنية الحيوية بالمملكة العربية السعودية وإمكانية الإستفادة منها</subfield>
    </datafield>
    <datafield tag="269" ind1=" " ind2=" ">
        <subfield code="a">19890331</subfield>
    </datafield>
    <datafield tag="650" ind1=" " ind2=" ">
        <subfield code="a">BIOTECHNOLOGY</subfield>
        <subfield code="0">(DHLAUTH)272309</subfield>
    </datafield>
    <datafield tag="650" ind1=" " ind2=" ">
        <subfield code="a">SAUDI ARABIA</subfield>
        <subfield code="0">(DHLAUTH)273464</subfield>
    </datafield>
    <datafield tag="650" ind1=" " ind2=" ">
        <subfield code="a">ACTIVITIES</subfield>
        <subfield code="0">(DHLAUTH)275823</subfield>
    </datafield>
    <datafield tag="650" ind1=" " ind2=" ">
        <subfield code="a">SCIENTIFIC RESEARCH</subfield>
        <subfield code="0">(DHLAUTH)270603</subfield>
    </datafield>
    <datafield tag="650" ind1=" " ind2=" ">
        <subfield code="a">CONFERENCES</subfield>
        <subfield code="0">(DHLAUTH)275758</subfield>
    </datafield>
    <datafield tag="650" ind1=" " ind2=" ">
        <subfield code="a">WESTERN ASIA</subfield>
        <subfield code="0">(DHLAUTH)275490</subfield>
    </datafield>
</record>
<record>
    <datafield tag="191" ind1=" " ind2=" ">
        <subfield code="a">E/ESCWA/ID/89/CONF.1/34</subfield>
    </datafield>
    <datafield tag="245" ind1=" " ind2=" ">
        <subfield code="a">ENVIRONMENTAL APPLICATIONS AND NEED FOR REGULATION OF BIOTECHNOLOGY</subfield>
    </datafield>
    <datafield tag="269" ind1=" " ind2=" ">
        <subfield code="a">19890331</subfield>
    </datafield>
    <datafield tag="650" ind1=" " ind2=" ">
        <subfield code="a">BIOTECHNOLOGY</subfield>
        <subfield code="0">(DHLAUTH)272309</subfield>
    </datafield>
    <datafield tag="650" ind1=" " ind2=" ">
        <subfield code="a">GENETIC ENGINEERING</subfield>
        <subfield code="0">(DHLAUTH)271430</subfield>
    </datafield>
    <datafield tag="650" ind1=" " ind2=" ">
        <subfield code="a">WASTE MANAGEMENT</subfield>
        <subfield code="0">(DHLAUTH)272254</subfield>
    </datafield>
    <datafield tag="650" ind1=" " ind2=" ">
        <subfield code="a">ENVIRONMENTAL MONITORING</subfield>
        <subfield code="0">(DHLAUTH)270667</subfield>
    </datafield>
    <datafield tag="650" ind1=" " ind2=" ">
        <subfield code="a">BIOMASS</subfield>
        <subfield code="0">(DHLAUTH)270626</subfield>
    </datafield>
    <datafield tag="650" ind1=" " ind2=" ">
        <subfield code="a">CONFERENCES</subfield>
        <subfield code="0">(DHLAUTH)275758</subfield>
    </datafield>
    <datafield tag="650" ind1=" " ind2=" ">
        <subfield code="a">WESTERN ASIA</subfield>
        <subfield code="0">(DHLAUTH)275490</subfield>
    </datafield>
</record>
<record>
    <datafield tag="191" ind1=" " ind2=" ">
        <subfield code="a">E/ESCWA/ID/89/CONF.1/5</subfield>
    </datafield>
    <datafield tag="246" ind1=" " ind2=" ">
        <subfield code="a">انتاج الهايدروجين باستخدام بكتيريا التركيب الضوئي</subfield>
    </datafield>
    <datafield tag="269" ind1=" " ind2=" ">
        <subfield code="a">19890330</subfield>
    </datafield>
    <datafield tag="650" ind1=" " ind2=" ">
        <subfield code="a">HYDROGEN</subfield>
        <subfield code="0">(DHLAUTH)268897</subfield>
    </datafield>
    <datafield tag="650" ind1=" " ind2=" ">
        <subfield code="a">BACTERIA</subfield>
        <subfield code="0">(DHLAUTH)273824</subfield>
    </datafield>
    <datafield tag="650" ind1=" " ind2=" ">
        <subfield code="a">WESTERN ASIA</subfield>
        <subfield code="0">(DHLAUTH)275490</subfield>
    </datafield>
    <datafield tag="650" ind1=" " ind2=" ">
        <subfield code="a">CONFERENCES</subfield>
        <subfield code="0">(DHLAUTH)275758</subfield>
    </datafield>
</record>
<record>
    <datafield tag="191" ind1=" " ind2=" ">
        <subfield code="a">E/ESCWA/ID/89/CONF.1/6</subfield>
    </datafield>
    <datafield tag="246" ind1=" " ind2=" ">
        <subfield code="a">انشطة دولة الكويت في مجال التكنولوجيا الحيوية</subfield>
    </datafield>
    <datafield tag="269" ind1=" " ind2=" ">
        <subfield code="a">19890330</subfield>
    </datafield>
    <datafield tag="650" ind1=" " ind2=" ">
        <subfield code="a">BIOTECHNOLOGY</subfield>
        <subfield code="0">(DHLAUTH)272309</subfield>
    </datafield>
    <datafield tag="650" ind1=" " ind2=" ">
        <subfield code="a">SCIENTIFIC RESEARCH</subfield>
        <subfield code="0">(DHLAUTH)270603</subfield>
    </datafield>
    <datafield tag="650" ind1=" " ind2=" ">
        <subfield code="a">ACTIVITIES</subfield>
        <subfield code="0">(DHLAUTH)275823</subfield>
    </datafield>
    <datafield tag="650" ind1=" " ind2=" ">
        <subfield code="a">RESEARCH AND DEVELOPMENT</subfield>
        <subfield code="0">(DHLAUTH)271949</subfield>
    </datafield>
    <datafield tag="650" ind1=" " ind2=" ">
        <subfield code="a">SOLID WASTE MANAGEMENT</subfield>
        <subfield code="0">(DHLAUTH)270665</subfield>
    </datafield>
    <datafield tag="650" ind1=" " ind2=" ">
        <subfield code="a">KUWAIT</subfield>
        <subfield code="0">(DHLAUTH)273384</subfield>
    </datafield>
    <datafield tag="650" ind1=" " ind2=" ">
        <subfield code="a">CONFERENCES</subfield>
        <subfield code="0">(DHLAUTH)275758</subfield>
    </datafield>
    <datafield tag="650" ind1=" " ind2=" ">
        <subfield code="a">WESTERN ASIA</subfield>
        <subfield code="0">(DHLAUTH)275490</subfield>
    </datafield>
</record>
<record>
    <datafield tag="191" ind1=" " ind2=" ">
        <subfield code="a">E/ESCWA/ID/89/CONF.1/7</subfield>
    </datafield>
    <datafield tag="245" ind1=" " ind2=" ">
        <subfield code="a">PERSPECTIVES OF ANIMAL PRODUCTION AND HEALTH BIOTECHNOLOGIES IN THE ARAB COUNTRIES</subfield>
    </datafield>
    <datafield tag="269" ind1=" " ind2=" ">
        <subfield code="a">19890330</subfield>
    </datafield>
    <datafield tag="650" ind1=" " ind2=" ">
        <subfield code="a">BIOTECHNOLOGY</subfield>
        <subfield code="0">(DHLAUTH)272309</subfield>
    </datafield>
    <datafield tag="650" ind1=" " ind2=" ">
        <subfield code="a">GENETIC ENGINEERING</subfield>
        <subfield code="0">(DHLAUTH)271430</subfield>
    </datafield>
    <datafield tag="650" ind1=" " ind2=" ">
        <subfield code="a">CONFERENCES</subfield>
        <subfield code="0">(DHLAUTH)275758</subfield>
    </datafield>
    <datafield tag="650" ind1=" " ind2=" ">
        <subfield code="a">ARAB COUNTRIES</subfield>
        <subfield code="0">(DHLAUTH)268705</subfield>
    </datafield>
    <datafield tag="650" ind1=" " ind2=" ">
        <subfield code="a">WESTERN ASIA</subfield>
        <subfield code="0">(DHLAUTH)275490</subfield>
    </datafield>
    <datafield tag="650" ind1=" " ind2=" ">
        <subfield code="a">ANIMAL PRODUCTS</subfield>
        <subfield code="0">(DHLAUTH)271657</subfield>
    </datafield>
</record>
<record>
    <datafield tag="191" ind1=" " ind2=" ">
        <subfield code="a">E/ESCWA/ID/89/CONF.1/9</subfield>
    </datafield>
    <datafield tag="246" ind1=" " ind2=" ">
        <subfield code="a">نقل نخيل التمر الناتج من زراعة الانسجة الى التربة</subfield>
    </datafield>
    <datafield tag="269" ind1=" " ind2=" ">
        <subfield code="a">19890330</subfield>
    </datafield>
    <datafield tag="650" ind1=" " ind2=" ">
        <subfield code="a">BIOTECHNOLOGY</subfield>
        <subfield code="0">(DHLAUTH)272309</subfield>
    </datafield>
    <datafield tag="650" ind1=" " ind2=" ">
        <subfield code="a">CONFERENCES</subfield>
        <subfield code="0">(DHLAUTH)275758</subfield>
    </datafield>
    <datafield tag="650" ind1=" " ind2=" ">
        <subfield code="a">WESTERN ASIA</subfield>
        <subfield code="0">(DHLAUTH)275490</subfield>
    </datafield>
    <datafield tag="650" ind1=" " ind2=" ">
        <subfield code="a">TISSUE CULTURE</subfield>
        <subfield code="0">(DHLAUTH)273981</subfield>
    </datafield>
    <datafield tag="650" ind1=" " ind2=" ">
        <subfield code="a">PALMS</subfield>
        <subfield code="0">(DHLAUTH)271524</subfield>
    </datafield>
</record>
<record>
    <datafield tag="191" ind1=" " ind2=" ">
        <subfield code="a">E/ESCWA/LIB/DOC/1</subfield>
    </datafield>
    <datafield tag="245" ind1=" " ind2=" ">
        <subfield code="a">ESCWA DOCUMENTS AND PUBLICATIONS JANUARY - MARCH </subfield>
    </datafield>
    <datafield tag="269" ind1=" " ind2=" ">
        <subfield code="a">19900422</subfield>
    </datafield>
    <datafield tag="650" ind1=" " ind2=" ">
        <subfield code="a">DOCUMENTS</subfield>
        <subfield code="0">(DHLAUTH)270014</subfield>
    </datafield>
    <datafield tag="650" ind1=" " ind2=" ">
        <subfield code="a">INDEXES</subfield>
        <subfield code="0">(DHLAUTH)275095</subfield>
    </datafield>
    <datafield tag="650" ind1=" " ind2=" ">
        <subfield code="a">WESTERN ASIA</subfield>
        <subfield code="0">(DHLAUTH)275490</subfield>
    </datafield>
    <datafield tag="650" ind1=" " ind2=" ">
        <subfield code="a">PUBLICATIONS</subfield>
        <subfield code="0">(DHLAUTH)270013</subfield>
    </datafield>
</record>
<record>
    <datafield tag="191" ind1=" " ind2=" ">
        <subfield code="a">E/ESCWA/LIB/DOC/5</subfield>
    </datafield>
    <datafield tag="245" ind1=" " ind2=" ">
        <subfield code="a">MAJOR ESCWA DOCUMENTS DEPOSITED IN THE LIBRARY JANUARY - MARCH 1989</subfield>
    </datafield>
    <datafield tag="269" ind1=" " ind2=" ">
        <subfield code="a">19890607</subfield>
    </datafield>
    <datafield tag="650" ind1=" " ind2=" ">
        <subfield code="a">INDEXES</subfield>
        <subfield code="0">(DHLAUTH)275095</subfield>
    </datafield>
    <datafield tag="650" ind1=" " ind2=" ">
        <subfield code="a">PUBLICATIONS</subfield>
        <subfield code="0">(DHLAUTH)270013</subfield>
    </datafield>
    <datafield tag="650" ind1=" " ind2=" ">
        <subfield code="a">DOCUMENTS</subfield>
        <subfield code="0">(DHLAUTH)270014</subfield>
    </datafield>
    <datafield tag="650" ind1=" " ind2=" ">
        <subfield code="a">WESTERN ASIA</subfield>
        <subfield code="0">(DHLAUTH)275490</subfield>
    </datafield>
</record>
<record>
    <datafield tag="191" ind1=" " ind2=" ">
        <subfield code="a">E/ESCWA/LIB/DOC/88/1</subfield>
    </datafield>
    <datafield tag="245" ind1=" " ind2=" ">
        <subfield code="a">MAJOR ESCWA DOCUMENTS DEPOSITED IN THE LIBRARY DURING 1987</subfield>
    </datafield>
    <datafield tag="269" ind1=" " ind2=" ">
        <subfield code="a">19880131</subfield>
    </datafield>
    <datafield tag="650" ind1=" " ind2=" ">
        <subfield code="a">INDEXES</subfield>
        <subfield code="0">(DHLAUTH)275095</subfield>
    </datafield>
    <datafield tag="650" ind1=" " ind2=" ">
        <subfield code="a">PUBLICATIONS</subfield>
        <subfield code="0">(DHLAUTH)270013</subfield>
    </datafield>
    <datafield tag="650" ind1=" " ind2=" ">
        <subfield code="a">DOCUMENTS</subfield>
        <subfield code="0">(DHLAUTH)270014</subfield>
    </datafield>
    <datafield tag="650" ind1=" " ind2=" ">
        <subfield code="a">WESTERN ASIA</subfield>
        <subfield code="0">(DHLAUTH)275490</subfield>
    </datafield>
</record>
<record>
    <datafield tag="191" ind1=" " ind2=" ">
        <subfield code="a">E/ESCWA/LIB/RES/89/1</subfield>
    </datafield>
    <datafield tag="245" ind1=" " ind2=" ">
        <subfield code="a">INDEX TO RESOLUTIONS OF THE ECONOMIC AND SOCIAL COMMISSION FOR WESTERN ASIA 1974-1988</subfield>
    </datafield>
    <datafield tag="269" ind1=" " ind2=" ">
        <subfield code="a">19890418</subfield>
    </datafield>
    <datafield tag="650" ind1=" " ind2=" ">
        <subfield code="a">RESOLUTIONS AND DECISIONS</subfield>
        <subfield code="0">(DHLAUTH)275677</subfield>
    </datafield>
    <datafield tag="650" ind1=" " ind2=" ">
        <subfield code="a">INDEXES</subfield>
        <subfield code="0">(DHLAUTH)275095</subfield>
    </datafield>
    <datafield tag="650" ind1=" " ind2=" ">
        <subfield code="a">SUBJECT CATALOGUES</subfield>
        <subfield code="0">(DHLAUTH)275164</subfield>
    </datafield>
    <datafield tag="650" ind1=" " ind2=" ">
        <subfield code="a">WESTERN ASIA</subfield>
        <subfield code="0">(DHLAUTH)275490</subfield>
    </datafield>
</record>
<record>
    <datafield tag="191" ind1=" " ind2=" ">
        <subfield code="a">E/ESCWA/NR/1990/1</subfield>
    </datafield>
    <datafield tag="245" ind1=" " ind2=" ">
        <subfield code="a">REPORT TO THE COMMISSION ON THE EXPERT GROUP MEETING ON MANPOWER TRAINING NEEDS IN THE WATER SECTOR IN THE ESCWA REGION 5-8 JUNE 1989, AMMAN, JORDAN</subfield>
    </datafield>
    <datafield tag="246" ind1=" " ind2=" ">
        <subfield code="a">تقرير الى اللجنة عن اجتماع فريق الخبراء حول احتياجات القوى العاملة في قطاع المياه في منطقة الاسكوا, 5-8 حزيران/يونيو 1989</subfield>
    </datafield>
    <datafield tag="269" ind1=" " ind2=" ">
        <subfield code="a">19890220</subfield>
    </datafield>
    <datafield tag="650" ind1=" " ind2=" ">
        <subfield code="a">WESTERN ASIA</subfield>
        <subfield code="0">(DHLAUTH)275490</subfield>
    </datafield>
    <datafield tag="650" ind1=" " ind2=" ">
        <subfield code="a">MANPOWER</subfield>
        <subfield code="0">(DHLAUTH)273105</subfield>
    </datafield>
    <datafield tag="650" ind1=" " ind2=" ">
        <subfield code="a">WATER</subfield>
        <subfield code="0">(DHLAUTH)270885</subfield>
    </datafield>
    <datafield tag="650" ind1=" " ind2=" ">
        <subfield code="a">WATER RESOURCES</subfield>
        <subfield code="0">(DHLAUTH)270568</subfield>
    </datafield>
    <datafield tag="650" ind1=" " ind2=" ">
        <subfield code="a">ACTIVITIES</subfield>
        <subfield code="0">(DHLAUTH)275823</subfield>
    </datafield>
    <datafield tag="650" ind1=" " ind2=" ">
        <subfield code="a">RECOMMENDATIONS</subfield>
        <subfield code="0">(DHLAUTH)275840</subfield>
    </datafield>
    <datafield tag="650" ind1=" " ind2=" ">
        <subfield code="a">CONFERENCES</subfield>
        <subfield code="0">(DHLAUTH)275758</subfield>
    </datafield>
</record>
<record>
    <datafield tag="191" ind1=" " ind2=" ">
        <subfield code="a">E/ESCWA/NR/1990/2</subfield>
    </datafield>
    <datafield tag="245" ind1=" " ind2=" ">
        <subfield code="a">IDENTIFICATION AND ASSESSMENT OF SHARED GROUND-WATER POTENTIAL IN TWO BASINS WITHIN THE ESCWA REGION</subfield>
    </datafield>
    <datafield tag="269" ind1=" " ind2=" ">
        <subfield code="a">19900304</subfield>
    </datafield>
    <datafield tag="650" ind1=" " ind2=" ">
        <subfield code="a">WESTERN ASIA</subfield>
        <subfield code="0">(DHLAUTH)275490</subfield>
    </datafield>
    <datafield tag="650" ind1=" " ind2=" ">
        <subfield code="a">SHARED WATER RESOURCES</subfield>
        <subfield code="0">(DHLAUTH)269493</subfield>
    </datafield>
    <datafield tag="650" ind1=" " ind2=" ">
        <subfield code="a">REMOTE SENSING</subfield>
        <subfield code="0">(DHLAUTH)270488</subfield>
    </datafield>
    <datafield tag="650" ind1=" " ind2=" ">
        <subfield code="a">HYDROLOGY</subfield>
        <subfield code="0">(DHLAUTH)270513</subfield>
    </datafield>
</record>
<record>
    <datafield tag="191" ind1=" " ind2=" ">
        <subfield code="a">E/ESCWA/NR/1990/3</subfield>
    </datafield>
    <datafield tag="245" ind1=" " ind2=" ">
        <subfield code="a">PROCEEDINGS OF THE AD HOC EXPERT GROUP MEETING ON WATER SECURITY IN THE ESCWA REGION</subfield>
    </datafield>
    <datafield tag="269" ind1=" " ind2=" ">
        <subfield code="a">19900217</subfield>
    </datafield>
    <datafield tag="650" ind1=" " ind2=" ">
        <subfield code="a">CONFERENCES</subfield>
        <subfield code="0">(DHLAUTH)275758</subfield>
    </datafield>
    <datafield tag="650" ind1=" " ind2=" ">
        <subfield code="a">WESTERN ASIA</subfield>
        <subfield code="0">(DHLAUTH)275490</subfield>
    </datafield>
    <datafield tag="650" ind1=" " ind2=" ">
        <subfield code="a">PARTICIPANTS</subfield>
        <subfield code="0">(DHLAUTH)275785</subfield>
    </datafield>
    <datafield tag="650" ind1=" " ind2=" ">
        <subfield code="a">SIMULATION METHODS</subfield>
        <subfield code="0">(DHLAUTH)270215</subfield>
    </datafield>
    <datafield tag="650" ind1=" " ind2=" ">
        <subfield code="a">WATER QUALITY MANAGEMENT</subfield>
        <subfield code="0">(DHLAUTH)270654</subfield>
    </datafield>
    <datafield tag="650" ind1=" " ind2=" ">
        <subfield code="a">WATER CONSERVATION</subfield>
        <subfield code="0">(DHLAUTH)270589</subfield>
    </datafield>
</record>
<record>
    <datafield tag="191" ind1=" " ind2=" ">
        <subfield code="a">E/ESCWA/NR/1993/10</subfield>
    </datafield>
    <datafield tag="245" ind1=" " ind2=" ">
        <subfield code="a">SURVEY AND ASSESSMENT OF ENERGY-RELATED ACTIVITIES IN THE ESCWA REGION, 1992</subfield>
    </datafield>
    <datafield tag="269" ind1=" " ind2=" ">
        <subfield code="a">19930803</subfield>
    </datafield>
    <datafield tag="650" ind1=" " ind2=" ">
        <subfield code="a">PETROLEUM PRICES</subfield>
        <subfield code="0">(DHLAUTH)269855</subfield>
    </datafield>
    <datafield tag="650" ind1=" " ind2=" ">
        <subfield code="a">SUPPLY AND DEMAND</subfield>
        <subfield code="0">(DHLAUTH)269584</subfield>
    </datafield>
    <datafield tag="650" ind1=" " ind2=" ">
        <subfield code="a">PETROLEUM RESERVES</subfield>
        <subfield code="0">(DHLAUTH)271268</subfield>
    </datafield>
    <datafield tag="650" ind1=" " ind2=" ">
        <subfield code="a">PETROLEUM REFINERIES</subfield>
        <subfield code="0">(DHLAUTH)271278</subfield>
    </datafield>
    <datafield tag="650" ind1=" " ind2=" ">
        <subfield code="a">PETROLEUM EXPLORATION</subfield>
        <subfield code="0">(DHLAUTH)271283</subfield>
    </datafield>
    <datafield tag="650" ind1=" " ind2=" ">
        <subfield code="a">NATURAL GAS</subfield>
        <subfield code="0">(DHLAUTH)271228</subfield>
    </datafield>
    <datafield tag="650" ind1=" " ind2=" ">
        <subfield code="a">WESTERN ASIA</subfield>
        <subfield code="0">(DHLAUTH)275490</subfield>
    </datafield>
</record>
<record>
    <datafield tag="191" ind1=" " ind2=" ">
        <subfield code="a">E/ESCWA/NR/1993/16</subfield>
    </datafield>
    <datafield tag="246" ind1=" " ind2=" ">
        <subfield code="a">تقرير عن الدورة التدريبية حول تصميم وانشاء وتشغيل وصيانة وحدات انتاج الغاز الحيوي, دمشق, اب/اغسطس - أيلول/سبتمبر 1991</subfield>
    </datafield>
    <datafield tag="269" ind1=" " ind2=" ">
        <subfield code="a">19931024</subfield>
    </datafield>
    <datafield tag="650" ind1=" " ind2=" ">
        <subfield code="a">BIOGAS</subfield>
        <subfield code="0">(DHLAUTH)271164</subfield>
    </datafield>
    <datafield tag="650" ind1=" " ind2=" ">
        <subfield code="a">TRAINING PROGRAMMES</subfield>
        <subfield code="0">(DHLAUTH)274026</subfield>
    </datafield>
    <datafield tag="650" ind1=" " ind2=" ">
        <subfield code="a">TECHNICAL TRAINING</subfield>
        <subfield code="0">(DHLAUTH)271971</subfield>
    </datafield>
    <datafield tag="650" ind1=" " ind2=" ">
        <subfield code="a">ENGINEERS</subfield>
        <subfield code="0">(DHLAUTH)274312</subfield>
    </datafield>
    <datafield tag="650" ind1=" " ind2=" ">
        <subfield code="a">ACTIVITIES</subfield>
        <subfield code="0">(DHLAUTH)275823</subfield>
    </datafield>
</record>
<record>
    <datafield tag="191" ind1=" " ind2=" ">
        <subfield code="a">E/ESCWA/NR/1993/17</subfield>
    </datafield>
    <datafield tag="245" ind1=" " ind2=" ">
        <subfield code="a">REPORT OF THE ESCWA/UNEP EXPERT GROUP MEETING ON THE SUBSTITUTION OF OZONE-DEPLETING SUBSTANCES IN THE ESCWA REGION, 1-2 DECEMBER 1993</subfield>
    </datafield>
    <datafield tag="269" ind1=" " ind2=" ">
        <subfield code="a">19931205</subfield>
    </datafield>
    <datafield tag="650" ind1=" " ind2=" ">
        <subfield code="a">OZONE</subfield>
        <subfield code="0">(DHLAUTH)275355</subfield>
    </datafield>
    <datafield tag="650" ind1=" " ind2=" ">
        <subfield code="a">OZONE-DEPLETING SUBSTANCES</subfield>
        <subfield code="0">(DHLAUTH)270817</subfield>
    </datafield>
    <datafield tag="650" ind1=" " ind2=" ">
        <subfield code="a">AGENDA</subfield>
        <subfield code="0">(DHLAUTH)275133</subfield>
    </datafield>
    <datafield tag="650" ind1=" " ind2=" ">
        <subfield code="a">DOCUMENTS</subfield>
        <subfield code="0">(DHLAUTH)270014</subfield>
    </datafield>
    <datafield tag="650" ind1=" " ind2=" ">
        <subfield code="a">PARTICIPANTS</subfield>
        <subfield code="0">(DHLAUTH)275785</subfield>
    </datafield>
    <datafield tag="650" ind1=" " ind2=" ">
        <subfield code="a">RECOMMENDATIONS</subfield>
        <subfield code="0">(DHLAUTH)275840</subfield>
    </datafield>
    <datafield tag="650" ind1=" " ind2=" ">
        <subfield code="a">WESTERN ASIA</subfield>
        <subfield code="0">(DHLAUTH)275490</subfield>
    </datafield>
</record>
<record>
    <datafield tag="191" ind1=" " ind2=" ">
        <subfield code="a">E/ESCWA/NR/1993/4</subfield>
    </datafield>
    <datafield tag="245" ind1=" " ind2=" ">
        <subfield code="a">REPORT ON CONSULTANCY MISSION TO THE MINISTRY OF COMMERCE AND AGRICULTURE OF BAHRAIN, STATE OF BAHRAIN, MANAMA, DURING THE PERIOD 14-25 DECEMBER 1992 "INTEGRATED WATER RESOURCES MANAGEMENT FOR SUSTAINABLE AGRICULTURAL DEVELOPMENT IN BAHRAIN"</subfield>
    </datafield>
    <datafield tag="269" ind1=" " ind2=" ">
        <subfield code="a">19930301</subfield>
    </datafield>
    <datafield tag="650" ind1=" " ind2=" ">
        <subfield code="a">ADVISORY SERVICES</subfield>
        <subfield code="0">(DHLAUTH)269860</subfield>
    </datafield>
    <datafield tag="650" ind1=" " ind2=" ">
        <subfield code="a">AGRICULTURAL DEVELOPMENT</subfield>
        <subfield code="0">(DHLAUTH)269917</subfield>
    </datafield>
    <datafield tag="650" ind1=" " ind2=" ">
        <subfield code="a">SUSTAINABLE AGRICULTURE</subfield>
        <subfield code="0">(DHLAUTH)270600</subfield>
    </datafield>
    <datafield tag="650" ind1=" " ind2=" ">
        <subfield code="a">JOB DESCRIPTION</subfield>
        <subfield code="0">(DHLAUTH)272045</subfield>
    </datafield>
    <datafield tag="650" ind1=" " ind2=" ">
        <subfield code="a">WORK ORGANIZATION</subfield>
        <subfield code="0">(DHLAUTH)275746</subfield>
    </datafield>
    <datafield tag="650" ind1=" " ind2=" ">
        <subfield code="a">BAHRAIN</subfield>
        <subfield code="0">(DHLAUTH)273274</subfield>
    </datafield>
    <datafield tag="650" ind1=" " ind2=" ">
        <subfield code="a">WESTERN ASIA</subfield>
        <subfield code="0">(DHLAUTH)275490</subfield>
    </datafield>
</record>
<record>
    <datafield tag="191" ind1=" " ind2=" ">
        <subfield code="a">E/ESCWA/NR/1993/5</subfield>
    </datafield>
    <datafield tag="246" ind1=" " ind2=" ">
        <subfield code="a">تقرير عن المهمة الاستشارية الى معهد التخطيط بالكويت, دولة الكويت/ خلال الفترة من 30 نيسان/ابريل - 5 أيار/مايو 1993</subfield>
    </datafield>
    <datafield tag="269" ind1=" " ind2=" ">
        <subfield code="a">19930516</subfield>
    </datafield>
    <datafield tag="650" ind1=" " ind2=" ">
        <subfield code="a">ADVISORY SERVICES</subfield>
        <subfield code="0">(DHLAUTH)269860</subfield>
    </datafield>
    <datafield tag="650" ind1=" " ind2=" ">
        <subfield code="a">WESTERN ASIA</subfield>
        <subfield code="0">(DHLAUTH)275490</subfield>
    </datafield>
    <datafield tag="650" ind1=" " ind2=" ">
        <subfield code="a">TRAINING PROGRAMMES</subfield>
        <subfield code="0">(DHLAUTH)274026</subfield>
    </datafield>
    <datafield tag="650" ind1=" " ind2=" ">
        <subfield code="a">ENERGY RESOURCES</subfield>
        <subfield code="0">(DHLAUTH)270561</subfield>
    </datafield>
    <datafield tag="650" ind1=" " ind2=" ">
        <subfield code="a">ENVIRONMENT</subfield>
        <subfield code="0">(DHLAUTH)270627</subfield>
    </datafield>
    <datafield tag="650" ind1=" " ind2=" ">
        <subfield code="a">BIOMASS ENERGY</subfield>
        <subfield code="0">(DHLAUTH)271166</subfield>
    </datafield>
    <datafield tag="650" ind1=" " ind2=" ">
        <subfield code="a">BIOGAS</subfield>
        <subfield code="0">(DHLAUTH)271164</subfield>
    </datafield>
    <datafield tag="650" ind1=" " ind2=" ">
        <subfield code="a">KUWAIT</subfield>
        <subfield code="0">(DHLAUTH)273384</subfield>
    </datafield>
</record>
<record>
    <datafield tag="191" ind1=" " ind2=" ">
        <subfield code="a">E/ESCWA/ID/1993/2</subfield>
    </datafield>
    <datafield tag="191" ind1=" " ind2=" ">
        <subfield code="a">E/ESCWA/NR/1993/6</subfield>
    </datafield>
    <datafield tag="246" ind1=" " ind2=" ">
        <subfield code="a">تقرير عن المهمة الاستشارية الى مجلس الانماء والاعمار, بيروت, الجمهورية اللبنانية خلال الفترة 10-20 نيسان/ابريل 1993</subfield>
    </datafield>
    <datafield tag="269" ind1=" " ind2=" ">
        <subfield code="a">19930516</subfield>
    </datafield>
    <datafield tag="650" ind1=" " ind2=" ">
        <subfield code="a">ADVISORY SERVICES</subfield>
        <subfield code="0">(DHLAUTH)269860</subfield>
    </datafield>
    <datafield tag="650" ind1=" " ind2=" ">
        <subfield code="a">CEMENT INDUSTRY</subfield>
        <subfield code="0">(DHLAUTH)272076</subfield>
    </datafield>
    <datafield tag="650" ind1=" " ind2=" ">
        <subfield code="a">CEMENT</subfield>
        <subfield code="0">(DHLAUTH)271094</subfield>
    </datafield>
    <datafield tag="650" ind1=" " ind2=" ">
        <subfield code="a">LEBANON</subfield>
        <subfield code="0">(DHLAUTH)269069</subfield>
    </datafield>
</record>
<record>
    <datafield tag="191" ind1=" " ind2=" ">
        <subfield code="a">E/ESCWA/NR/1993/7</subfield>
    </datafield>
    <datafield tag="245" ind1=" " ind2=" ">
        <subfield code="a">SURVEY OF WATER RESOURCES ACTIVITIES IN THE ESCWA REGION 1992</subfield>
    </datafield>
    <datafield tag="269" ind1=" " ind2=" ">
        <subfield code="a">19930218</subfield>
    </datafield>
    <datafield tag="650" ind1=" " ind2=" ">
        <subfield code="a">WATER RESOURCES DEVELOPMENT</subfield>
        <subfield code="0">(DHLAUTH)269975</subfield>
    </datafield>
    <datafield tag="650" ind1=" " ind2=" ">
        <subfield code="a">PROJECT IDENTIFICATION</subfield>
        <subfield code="0">(DHLAUTH)275804</subfield>
    </datafield>
    <datafield tag="650" ind1=" " ind2=" ">
        <subfield code="a">WATER RESOURCES</subfield>
        <subfield code="0">(DHLAUTH)270568</subfield>
    </datafield>
    <datafield tag="650" ind1=" " ind2=" ">
        <subfield code="a">WATER SUPPLY</subfield>
        <subfield code="0">(DHLAUTH)270886</subfield>
    </datafield>
    <datafield tag="650" ind1=" " ind2=" ">
        <subfield code="a">DESALINATION</subfield>
        <subfield code="0">(DHLAUTH)270874</subfield>
    </datafield>
    <datafield tag="650" ind1=" " ind2=" ">
        <subfield code="a">WESTERN ASIA</subfield>
        <subfield code="0">(DHLAUTH)275490</subfield>
    </datafield>
</record>
<record>
    <datafield tag="191" ind1=" " ind2=" ">
        <subfield code="a">E/ESCWA/NR/1993/8</subfield>
    </datafield>
    <datafield tag="245" ind1=" " ind2=" ">
        <subfield code="a">THE ROLE OF WATER RESOURCES MANAGEMENT IN COMBATING DESERTIFICATION IN THE UNITED ARAB EMIRATES/ REPORT ON CONSULTANCY MISSION TO THE GENERAL SECRETARIAT OF MUNICIPALITIES, UNITED ARAB EMIRATES, DURING THE PERIOD 16 TO 26 MAY 1993</subfield>
    </datafield>
    <datafield tag="269" ind1=" " ind2=" ">
        <subfield code="a">19930620</subfield>
    </datafield>
    <datafield tag="650" ind1=" " ind2=" ">
        <subfield code="a">ADVISORY SERVICES</subfield>
        <subfield code="0">(DHLAUTH)269860</subfield>
    </datafield>
    <datafield tag="650" ind1=" " ind2=" ">
        <subfield code="a">UNITED ARAB EMIRATES</subfield>
        <subfield code="0">(DHLAUTH)275604</subfield>
    </datafield>
    <datafield tag="650" ind1=" " ind2=" ">
        <subfield code="a">AGRICULTURAL DEVELOPMENT</subfield>
        <subfield code="0">(DHLAUTH)269917</subfield>
    </datafield>
    <datafield tag="650" ind1=" " ind2=" ">
        <subfield code="a">PROGRAMMES OF ACTION</subfield>
        <subfield code="0">(DHLAUTH)275777</subfield>
    </datafield>
    <datafield tag="650" ind1=" " ind2=" ">
        <subfield code="a">WATER POLICY</subfield>
        <subfield code="0">(DHLAUTH)270576</subfield>
    </datafield>
    <datafield tag="650" ind1=" " ind2=" ">
        <subfield code="a">WESTERN ASIA</subfield>
        <subfield code="0">(DHLAUTH)275490</subfield>
    </datafield>
</record>
<record>
    <datafield tag="191" ind1=" " ind2=" ">
        <subfield code="a">E/ESCWA/NR/1993/WG.1/WP.10</subfield>
    </datafield>
    <datafield tag="245" ind1=" " ind2=" ">
        <subfield code="a">WATER DESALINATION THE EXPERIENCE OF GCC COUNTRIES/ REGIONAL SYMPOSIUM ON WATER USE AND CONSERVATION 28 NOVEMBER- 2 DECEMBER 1993 AMMAN JORDAN</subfield>
    </datafield>
    <datafield tag="269" ind1=" " ind2=" ">
        <subfield code="a">19931128</subfield>
    </datafield>
    <datafield tag="650" ind1=" " ind2=" ">
        <subfield code="a">CONFERENCES</subfield>
        <subfield code="0">(DHLAUTH)275758</subfield>
    </datafield>
    <datafield tag="650" ind1=" " ind2=" ">
        <subfield code="a">DESALINATION</subfield>
        <subfield code="0">(DHLAUTH)270874</subfield>
    </datafield>
    <datafield tag="650" ind1=" " ind2=" ">
        <subfield code="a">WESTERN ASIA</subfield>
        <subfield code="0">(DHLAUTH)275490</subfield>
    </datafield>
    <datafield tag="650" ind1=" " ind2=" ">
        <subfield code="a">GULF STATES</subfield>
        <subfield code="0">(DHLAUTH)275605</subfield>
    </datafield>
    <datafield tag="650" ind1=" " ind2=" ">
        <subfield code="a">WATER</subfield>
        <subfield code="0">(DHLAUTH)270885</subfield>
    </datafield>
    <datafield tag="650" ind1=" " ind2=" ">
        <subfield code="a">WATER CONSERVATION</subfield>
        <subfield code="0">(DHLAUTH)270589</subfield>
    </datafield>
</record>
<record>
    <datafield tag="191" ind1=" " ind2=" ">
        <subfield code="a">E/ESCWA/NR/1994/14</subfield>
    </datafield>
    <datafield tag="245" ind1=" " ind2=" ">
        <subfield code="a">ENERGY INFORMATION IN THE ESCWA REGION</subfield>
    </datafield>
    <datafield tag="269" ind1=" " ind2=" ">
        <subfield code="a">19940814</subfield>
    </datafield>
    <datafield tag="650" ind1=" " ind2=" ">
        <subfield code="a">WESTERN ASIA</subfield>
        <subfield code="0">(DHLAUTH)275490</subfield>
    </datafield>
    <datafield tag="650" ind1=" " ind2=" ">
        <subfield code="a">INPUT-OUTPUT ANALYSIS</subfield>
        <subfield code="0">(DHLAUTH)269646</subfield>
    </datafield>
    <datafield tag="650" ind1=" " ind2=" ">
        <subfield code="a">SAMPLE SURVEYS</subfield>
        <subfield code="0">(DHLAUTH)270182</subfield>
    </datafield>
    <datafield tag="650" ind1=" " ind2=" ">
        <subfield code="a">ENERGY CONSUMPTION</subfield>
        <subfield code="0">(DHLAUTH)269578</subfield>
    </datafield>
    <datafield tag="650" ind1=" " ind2=" ">
        <subfield code="a">SYRIAN ARAB REPUBLIC</subfield>
        <subfield code="0">(DHLAUTH)273496</subfield>
    </datafield>
    <datafield tag="650" ind1=" " ind2=" ">
        <subfield code="a">ENERGY STATISTICS</subfield>
        <subfield code="0">(DHLAUTH)270192</subfield>
    </datafield>
    <datafield tag="650" ind1=" " ind2=" ">
        <subfield code="a">ENERGY REQUIREMENTS</subfield>
        <subfield code="0">(DHLAUTH)271208</subfield>
    </datafield>
    <datafield tag="650" ind1=" " ind2=" ">
        <subfield code="a">EGYPT</subfield>
        <subfield code="0">(DHLAUTH)273328</subfield>
    </datafield>
    <datafield tag="650" ind1=" " ind2=" ">
        <subfield code="a">QUESTIONNAIRES</subfield>
        <subfield code="0">(DHLAUTH)272018</subfield>
    </datafield>
    <datafield tag="650" ind1=" " ind2=" ">
        <subfield code="a">DATA COLLECTION</subfield>
        <subfield code="0">(DHLAUTH)270174</subfield>
    </datafield>
    <datafield tag="650" ind1=" " ind2=" ">
        <subfield code="a">JORDAN</subfield>
        <subfield code="0">(DHLAUTH)269099</subfield>
    </datafield>
</record>
<record>
    <datafield tag="191" ind1=" " ind2=" ">
        <subfield code="a">E/ESCWA/NR/1994/16</subfield>
    </datafield>
    <datafield tag="245" ind1=" " ind2=" ">
        <subfield code="a">REPORT ON ACTIVITIES IN THE ESCWA REGION RELATED TO THE PROTECTION OF THE OZONE LAYER</subfield>
    </datafield>
    <datafield tag="269" ind1=" " ind2=" ">
        <subfield code="a">19941117</subfield>
    </datafield>
    <datafield tag="650" ind1=" " ind2=" ">
        <subfield code="a">WESTERN ASIA</subfield>
        <subfield code="0">(DHLAUTH)275490</subfield>
    </datafield>
    <datafield tag="650" ind1=" " ind2=" ">
        <subfield code="a">ACTIVITIES</subfield>
        <subfield code="0">(DHLAUTH)275823</subfield>
    </datafield>
    <datafield tag="650" ind1=" " ind2=" ">
        <subfield code="a">OZONE LAYER</subfield>
        <subfield code="0">(DHLAUTH)270689</subfield>
    </datafield>
    <datafield tag="650" ind1=" " ind2=" ">
        <subfield code="a">ENVIRONMENTAL PROTECTION</subfield>
        <subfield code="0">(DHLAUTH)270598</subfield>
    </datafield>
    <datafield tag="650" ind1=" " ind2=" ">
        <subfield code="a">RECOMMENDATIONS</subfield>
        <subfield code="0">(DHLAUTH)275840</subfield>
    </datafield>
    <datafield tag="650" ind1=" " ind2=" ">
        <subfield code="a">WORK PROGRAMME</subfield>
        <subfield code="0">(DHLAUTH)275800</subfield>
    </datafield>
</record>
<record>
    <datafield tag="191" ind1=" " ind2=" ">
        <subfield code="a">E/ESCWA/NR/1994/17</subfield>
    </datafield>
    <datafield tag="245" ind1=" " ind2=" ">
        <subfield code="a">REPORT MISSION TO STATE OF KUWAIT DURING THE PERIOD 17 OCTOBER - O1 NOVEMBER 1994: ADVICE ON INVESTIGATIONS OF OIL CONTAMINATION IN KUWAIT</subfield>
    </datafield>
    <datafield tag="269" ind1=" " ind2=" ">
        <subfield code="a">19941210</subfield>
    </datafield>
    <datafield tag="650" ind1=" " ind2=" ">
        <subfield code="a">WESTERN ASIA</subfield>
        <subfield code="0">(DHLAUTH)275490</subfield>
    </datafield>
    <datafield tag="650" ind1=" " ind2=" ">
        <subfield code="a">RECOMMENDATIONS</subfield>
        <subfield code="0">(DHLAUTH)275840</subfield>
    </datafield>
    <datafield tag="650" ind1=" " ind2=" ">
        <subfield code="a">ADVISORY SERVICES</subfield>
        <subfield code="0">(DHLAUTH)269860</subfield>
    </datafield>
    <datafield tag="650" ind1=" " ind2=" ">
        <subfield code="a">OIL POLLUTION</subfield>
        <subfield code="0">(DHLAUTH)270804</subfield>
    </datafield>
    <datafield tag="650" ind1=" " ind2=" ">
        <subfield code="a">GROUNDWATER</subfield>
        <subfield code="0">(DHLAUTH)270891</subfield>
    </datafield>
    <datafield tag="650" ind1=" " ind2=" ">
        <subfield code="a">KUWAIT</subfield>
        <subfield code="0">(DHLAUTH)273384</subfield>
    </datafield>
</record>
<record>
    <datafield tag="191" ind1=" " ind2=" ">
        <subfield code="a">E/ESCWA/NR/1994/18</subfield>
    </datafield>
    <datafield tag="246" ind1=" " ind2=" ">
        <subfield code="a">تقرير عن المهمة الاستشارية الى وزارة الزراعة والثروة السمكية في دولة الامارات العربية المتحدة خلال الفترة 4-8 تشرين الثاني/نوفمبر 1994, مياه شلالات الوريعة: مصدرها, تقييمها والطريقة المثلى لاستثمارها</subfield>
    </datafield>
    <datafield tag="269" ind1=" " ind2=" ">
        <subfield code="a">19941220</subfield>
    </datafield>
    <datafield tag="650" ind1=" " ind2=" ">
        <subfield code="a">RAIN</subfield>
        <subfield code="0">(DHLAUTH)270901</subfield>
    </datafield>
    <datafield tag="650" ind1=" " ind2=" ">
        <subfield code="a">ADVISORY SERVICES</subfield>
        <subfield code="0">(DHLAUTH)269860</subfield>
    </datafield>
    <datafield tag="650" ind1=" " ind2=" ">
        <subfield code="a">HYDROLOGY</subfield>
        <subfield code="0">(DHLAUTH)270513</subfield>
    </datafield>
    <datafield tag="650" ind1=" " ind2=" ">
        <subfield code="a">UNITED ARAB EMIRATES</subfield>
        <subfield code="0">(DHLAUTH)275604</subfield>
    </datafield>
</record>
<record>
    <datafield tag="191" ind1=" " ind2=" ">
        <subfield code="a">E/ESCWA/NR/1994/19</subfield>
    </datafield>
    <datafield tag="246" ind1=" " ind2=" ">
        <subfield code="a">تقرير عن المهمة الى وزارة الزراعة والثروة السمكية في دولة الامارات العربية المتحدة خلال الفترة 4-18 تشرين الثاني/نوفمبر 1994, ملامح عامة لنظام مقترح لادارة المياه الجوفية في دولة الامارات العربية المتحدة</subfield>
    </datafield>
    <datafield tag="269" ind1=" " ind2=" ">
        <subfield code="a">19941220</subfield>
    </datafield>
    <datafield tag="650" ind1=" " ind2=" ">
        <subfield code="a">WATER MANAGEMENT</subfield>
        <subfield code="0">(DHLAUTH)270919</subfield>
    </datafield>
    <datafield tag="650" ind1=" " ind2=" ">
        <subfield code="a">ADVISORY SERVICES</subfield>
        <subfield code="0">(DHLAUTH)269860</subfield>
    </datafield>
    <datafield tag="650" ind1=" " ind2=" ">
        <subfield code="a">UNITED ARAB EMIRATES</subfield>
        <subfield code="0">(DHLAUTH)275604</subfield>
    </datafield>
    <datafield tag="650" ind1=" " ind2=" ">
        <subfield code="a">GROUNDWATER</subfield>
        <subfield code="0">(DHLAUTH)270891</subfield>
    </datafield>
    <datafield tag="650" ind1=" " ind2=" ">
        <subfield code="a">WESTERN ASIA</subfield>
        <subfield code="0">(DHLAUTH)275490</subfield>
    </datafield>
</record>
<record>
    <datafield tag="191" ind1=" " ind2=" ">
        <subfield code="a">E/ESCWA/NR/1994/2</subfield>
    </datafield>
    <datafield tag="245" ind1=" " ind2=" ">
        <subfield code="a">PLANNING AND DESIGN OF AN ESCWA WATER RESOURCES DATABASE (SWDB)</subfield>
    </datafield>
    <datafield tag="269" ind1=" " ind2=" ">
        <subfield code="a">19931230</subfield>
    </datafield>
    <datafield tag="650" ind1=" " ind2=" ">
        <subfield code="a">STATISTICAL DATA</subfield>
        <subfield code="0">(DHLAUTH)270233</subfield>
    </datafield>
    <datafield tag="650" ind1=" " ind2=" ">
        <subfield code="a">WESTERN ASIA</subfield>
        <subfield code="0">(DHLAUTH)275490</subfield>
    </datafield>
    <datafield tag="650" ind1=" " ind2=" ">
        <subfield code="a">NATURAL RESOURCES</subfield>
        <subfield code="0">(DHLAUTH)270548</subfield>
    </datafield>
    <datafield tag="650" ind1=" " ind2=" ">
        <subfield code="a">DATABASES</subfield>
        <subfield code="0">(DHLAUTH)275124</subfield>
    </datafield>
</record>
<record>
    <datafield tag="191" ind1=" " ind2=" ">
        <subfield code="a">E/ESCWA/NR/1994/20</subfield>
    </datafield>
    <datafield tag="245" ind1=" " ind2=" ">
        <subfield code="a">ESCWA ENERGY BULLETIN</subfield>
    </datafield>
    <datafield tag="246" ind1=" " ind2=" ">
        <subfield code="a">نشرة الطاقة</subfield>
    </datafield>
    <datafield tag="269" ind1=" " ind2=" ">
        <subfield code="a">19950312</subfield>
    </datafield>
    <datafield tag="650" ind1=" " ind2=" ">
        <subfield code="a">STATISTICAL DATA</subfield>
        <subfield code="0">(DHLAUTH)270233</subfield>
    </datafield>
    <datafield tag="650" ind1=" " ind2=" ">
        <subfield code="a">WESTERN ASIA</subfield>
        <subfield code="0">(DHLAUTH)275490</subfield>
    </datafield>
    <datafield tag="650" ind1=" " ind2=" ">
        <subfield code="a">ENERGY STATISTICS</subfield>
        <subfield code="0">(DHLAUTH)270192</subfield>
    </datafield>
    <datafield tag="650" ind1=" " ind2=" ">
        <subfield code="a">ENERGY RESOURCES</subfield>
        <subfield code="0">(DHLAUTH)270561</subfield>
    </datafield>
    <datafield tag="650" ind1=" " ind2=" ">
        <subfield code="a">PETROLEUM</subfield>
        <subfield code="0">(DHLAUTH)270472</subfield>
    </datafield>
</record>
<record>
    <datafield tag="191" ind1=" " ind2=" ">
        <subfield code="a">E/ESCWA/NR/1994/3</subfield>
    </datafield>
    <datafield tag="245" ind1=" " ind2=" ">
        <subfield code="a">MISSION REPORT TO THE MINISTRY OF AGRICULTURE AND FISHERIES: ABU-DHABI - UNITED ARAB EMIRATES, DURING THE PERIOD 16 AUGUST TO 3 SEPTEMBER 1993, CONTRIBUTION TO THE DESIGN OF THE PROPOSED DAM ON WADI MUNAYI</subfield>
    </datafield>
    <datafield tag="269" ind1=" " ind2=" ">
        <subfield code="a">19940120</subfield>
    </datafield>
    <datafield tag="650" ind1=" " ind2=" ">
        <subfield code="a">ADVISORY SERVICES</subfield>
        <subfield code="0">(DHLAUTH)269860</subfield>
    </datafield>
    <datafield tag="650" ind1=" " ind2=" ">
        <subfield code="a">WESTERN ASIA</subfield>
        <subfield code="0">(DHLAUTH)275490</subfield>
    </datafield>
    <datafield tag="650" ind1=" " ind2=" ">
        <subfield code="a">DAMS</subfield>
        <subfield code="0">(DHLAUTH)270769</subfield>
    </datafield>
    <datafield tag="650" ind1=" " ind2=" ">
        <subfield code="a">DESIGN</subfield>
        <subfield code="0">(DHLAUTH)271916</subfield>
    </datafield>
    <datafield tag="650" ind1=" " ind2=" ">
        <subfield code="a">HYDROLOGY</subfield>
        <subfield code="0">(DHLAUTH)270513</subfield>
    </datafield>
    <datafield tag="650" ind1=" " ind2=" ">
        <subfield code="a">UNITED ARAB EMIRATES</subfield>
        <subfield code="0">(DHLAUTH)275604</subfield>
    </datafield>
    <datafield tag="650" ind1=" " ind2=" ">
        <subfield code="a">FLOOD CONTROL</subfield>
        <subfield code="0">(DHLAUTH)269972</subfield>
    </datafield>
</record>
<record>
    <datafield tag="191" ind1=" " ind2=" ">
        <subfield code="a">E/ESCWA/NR/1994/4</subfield>
    </datafield>
    <datafield tag="245" ind1=" " ind2=" ">
        <subfield code="a">REPORT ON THE MISSION TO THE MINISTRY OF MUNICIPAL AFFAIRS AND AGRICULTURE IN THE STATE OF QATAR DURING THE PERIOD 5-15 FEBRUARY 1994: GROUNDWATER MANAGEMENT IN QATAR</subfield>
    </datafield>
    <datafield tag="269" ind1=" " ind2=" ">
        <subfield code="a">19940410</subfield>
    </datafield>
    <datafield tag="650" ind1=" " ind2=" ">
        <subfield code="a">ADVISORY SERVICES</subfield>
        <subfield code="0">(DHLAUTH)269860</subfield>
    </datafield>
    <datafield tag="650" ind1=" " ind2=" ">
        <subfield code="a">GROUNDWATER</subfield>
        <subfield code="0">(DHLAUTH)270891</subfield>
    </datafield>
    <datafield tag="650" ind1=" " ind2=" ">
        <subfield code="a">WATER MANAGEMENT</subfield>
        <subfield code="0">(DHLAUTH)270919</subfield>
    </datafield>
    <datafield tag="650" ind1=" " ind2=" ">
        <subfield code="a">WATER RESOURCES</subfield>
        <subfield code="0">(DHLAUTH)270568</subfield>
    </datafield>
    <datafield tag="650" ind1=" " ind2=" ">
        <subfield code="a">IRRIGATION</subfield>
        <subfield code="0">(DHLAUTH)270872</subfield>
    </datafield>
    <datafield tag="650" ind1=" " ind2=" ">
        <subfield code="a">RECOMMENDATIONS</subfield>
        <subfield code="0">(DHLAUTH)275840</subfield>
    </datafield>
    <datafield tag="650" ind1=" " ind2=" ">
        <subfield code="a">QATAR</subfield>
        <subfield code="0">(DHLAUTH)275603</subfield>
    </datafield>
</record>
<record>
    <datafield tag="191" ind1=" " ind2=" ">
        <subfield code="a">E/ESCWA/NR/1994/6</subfield>
    </datafield>
    <datafield tag="245" ind1=" " ind2=" ">
        <subfield code="a">FINAL REPORT/ REGIONAL SYMPOSIUM ON WATER USE AND CONSERVATION 28-NOV- 2-DEC 1993, AMMAN, JORDAN</subfield>
    </datafield>
    <datafield tag="246" ind1=" " ind2=" ">
        <subfield code="a">التقرير الختامي/ الندوة الاقليمية حول استعمالات المياه والحفاظ عليها 28 نوفمبر-02 ديسمبر-1993</subfield>
    </datafield>
    <datafield tag="269" ind1=" " ind2=" ">
        <subfield code="a">19931214</subfield>
    </datafield>
    <datafield tag="650" ind1=" " ind2=" ">
        <subfield code="a">CONFERENCES</subfield>
        <subfield code="0">(DHLAUTH)275758</subfield>
    </datafield>
    <datafield tag="650" ind1=" " ind2=" ">
        <subfield code="a">WESTERN ASIA</subfield>
        <subfield code="0">(DHLAUTH)275490</subfield>
    </datafield>
    <datafield tag="650" ind1=" " ind2=" ">
        <subfield code="a">PARTICIPANTS</subfield>
        <subfield code="0">(DHLAUTH)275785</subfield>
    </datafield>
    <datafield tag="650" ind1=" " ind2=" ">
        <subfield code="a">WORK ORGANIZATION</subfield>
        <subfield code="0">(DHLAUTH)275746</subfield>
    </datafield>
    <datafield tag="650" ind1=" " ind2=" ">
        <subfield code="a">WATER</subfield>
        <subfield code="0">(DHLAUTH)270885</subfield>
    </datafield>
    <datafield tag="650" ind1=" " ind2=" ">
        <subfield code="a">DOCUMENTS</subfield>
        <subfield code="0">(DHLAUTH)270014</subfield>
    </datafield>
    <datafield tag="650" ind1=" " ind2=" ">
        <subfield code="a">WATER CONSERVATION</subfield>
        <subfield code="0">(DHLAUTH)270589</subfield>
    </datafield>
</record>
<record>
    <datafield tag="191" ind1=" " ind2=" ">
        <subfield code="a">E/ESCWA/NR/1994/9/REV.1</subfield>
    </datafield>
    <datafield tag="245" ind1=" " ind2=" ">
        <subfield code="a">REPORT ON THE MISSION TO THE MINISTRY OF ELECTRICITY AND WATER IN THE SULTANATE OF OMAN: MANAGEMENT OF THE MAIN WATER SUPPLY WELL FIELDS FOR MUSCAT AREA</subfield>
    </datafield>
    <datafield tag="269" ind1=" " ind2=" ">
        <subfield code="a">19950102</subfield>
    </datafield>
    <datafield tag="650" ind1=" " ind2=" ">
        <subfield code="a">WATER STATISTICS</subfield>
        <subfield code="0">(DHLAUTH)270918</subfield>
    </datafield>
    <datafield tag="650" ind1=" " ind2=" ">
        <subfield code="a">WATER RESOURCES</subfield>
        <subfield code="0">(DHLAUTH)270568</subfield>
    </datafield>
    <datafield tag="650" ind1=" " ind2=" ">
        <subfield code="a">WELLS</subfield>
        <subfield code="0">(DHLAUTH)270895</subfield>
    </datafield>
    <datafield tag="650" ind1=" " ind2=" ">
        <subfield code="a">WATER MANAGEMENT</subfield>
        <subfield code="0">(DHLAUTH)270919</subfield>
    </datafield>
    <datafield tag="650" ind1=" " ind2=" ">
        <subfield code="a">RECOMMENDATIONS</subfield>
        <subfield code="0">(DHLAUTH)275840</subfield>
    </datafield>
    <datafield tag="650" ind1=" " ind2=" ">
        <subfield code="a">DRINKING WATER</subfield>
        <subfield code="0">(DHLAUTH)270884</subfield>
    </datafield>
    <datafield tag="650" ind1=" " ind2=" ">
        <subfield code="a">ADVISORY SERVICES</subfield>
        <subfield code="0">(DHLAUTH)269860</subfield>
    </datafield>
    <datafield tag="650" ind1=" " ind2=" ">
        <subfield code="a">OMAN</subfield>
        <subfield code="0">(DHLAUTH)273438</subfield>
    </datafield>
    <datafield tag="650" ind1=" " ind2=" ">
        <subfield code="a">WATER SUPPLY</subfield>
        <subfield code="0">(DHLAUTH)270886</subfield>
    </datafield>
    <datafield tag="650" ind1=" " ind2=" ">
        <subfield code="a">GROUNDWATER</subfield>
        <subfield code="0">(DHLAUTH)270891</subfield>
    </datafield>
</record>
<record>
    <datafield tag="191" ind1=" " ind2=" ">
        <subfield code="a">E/ESCWA/NR/84/2/REV.1</subfield>
    </datafield>
    <datafield tag="245" ind1=" " ind2=" ">
        <subfield code="a">WASTEWATER REUSE AND ITS APPLICATIONS IN WESTERN ASIA</subfield>
    </datafield>
    <datafield tag="269" ind1=" " ind2=" ">
        <subfield code="a">19851201</subfield>
    </datafield>
    <datafield tag="650" ind1=" " ind2=" ">
        <subfield code="a">WATER REUSE</subfield>
        <subfield code="0">(DHLAUTH)270916</subfield>
    </datafield>
    <datafield tag="650" ind1=" " ind2=" ">
        <subfield code="a">WATER TREATMENT</subfield>
        <subfield code="0">(DHLAUTH)270883</subfield>
    </datafield>
    <datafield tag="650" ind1=" " ind2=" ">
        <subfield code="a">SEWAGE</subfield>
        <subfield code="0">(DHLAUTH)270857</subfield>
    </datafield>
    <datafield tag="650" ind1=" " ind2=" ">
        <subfield code="a">WATER MANAGEMENT</subfield>
        <subfield code="0">(DHLAUTH)270919</subfield>
    </datafield>
    <datafield tag="650" ind1=" " ind2=" ">
        <subfield code="a">WATER POLICY</subfield>
        <subfield code="0">(DHLAUTH)270576</subfield>
    </datafield>
    <datafield tag="650" ind1=" " ind2=" ">
        <subfield code="a">ENVIRONMENTAL HEALTH</subfield>
        <subfield code="0">(DHLAUTH)270656</subfield>
    </datafield>
    <datafield tag="650" ind1=" " ind2=" ">
        <subfield code="a">WESTERN ASIA</subfield>
        <subfield code="0">(DHLAUTH)275490</subfield>
    </datafield>
    <datafield tag="650" ind1=" " ind2=" ">
        <subfield code="a">HEALTH</subfield>
        <subfield code="0">(DHLAUTH)273713</subfield>
    </datafield>
    <datafield tag="650" ind1=" " ind2=" ">
        <subfield code="a">RECOMMENDATIONS</subfield>
        <subfield code="0">(DHLAUTH)275840</subfield>
    </datafield>
    <datafield tag="650" ind1=" " ind2=" ">
        <subfield code="a">STATISTICAL DATA</subfield>
        <subfield code="0">(DHLAUTH)270233</subfield>
    </datafield>
</record>
<record>
    <datafield tag="191" ind1=" " ind2=" ">
        <subfield code="a">E/ESCWA/NR/85/16</subfield>
    </datafield>
    <datafield tag="245" ind1=" " ind2=" ">
        <subfield code="a">THE ACQUISITION OF IMPORTED TECHNOLOGY FOR INDUSTRIAL DEVELOPMENT: PROBLEMS OF STRATEGY AND MANAGEMENT IN THE ARAB REGION</subfield>
    </datafield>
    <datafield tag="269" ind1=" " ind2=" ">
        <subfield code="a">19860131</subfield>
    </datafield>
    <datafield tag="650" ind1=" " ind2=" ">
        <subfield code="a">TECHNOLOGY TRANSFER</subfield>
        <subfield code="0">(DHLAUTH)271882</subfield>
    </datafield>
    <datafield tag="650" ind1=" " ind2=" ">
        <subfield code="a">INDUSTRIAL DEVELOPMENT</subfield>
        <subfield code="0">(DHLAUTH)269918</subfield>
    </datafield>
    <datafield tag="650" ind1=" " ind2=" ">
        <subfield code="a">INDUSTRIALIZATION</subfield>
        <subfield code="0">(DHLAUTH)269846</subfield>
    </datafield>
    <datafield tag="650" ind1=" " ind2=" ">
        <subfield code="a">SCIENCE AND TECHNOLOGY CAPABILITY</subfield>
        <subfield code="0">(DHLAUTH)274356</subfield>
    </datafield>
    <datafield tag="650" ind1=" " ind2=" ">
        <subfield code="a">TECHNOLOGICAL CHANGE</subfield>
        <subfield code="0">(DHLAUTH)271841</subfield>
    </datafield>
</record>
<record>
    <datafield tag="191" ind1=" " ind2=" ">
        <subfield code="a">E/ESCWA/NR/85/19</subfield>
    </datafield>
    <datafield tag="245" ind1=" " ind2=" ">
        <subfield code="a">DEVELOPMENT OF GUIDELINES FOR THE ECONOMIC USE OF WATER IN THE ESCWA REGION</subfield>
    </datafield>
    <datafield tag="269" ind1=" " ind2=" ">
        <subfield code="a">19860701</subfield>
    </datafield>
    <datafield tag="650" ind1=" " ind2=" ">
        <subfield code="a">WATER CONSERVATION</subfield>
        <subfield code="0">(DHLAUTH)270589</subfield>
    </datafield>
    <datafield tag="650" ind1=" " ind2=" ">
        <subfield code="a">WATER RESOURCES</subfield>
        <subfield code="0">(DHLAUTH)270568</subfield>
    </datafield>
    <datafield tag="650" ind1=" " ind2=" ">
        <subfield code="a">WATER MANAGEMENT</subfield>
        <subfield code="0">(DHLAUTH)270919</subfield>
    </datafield>
    <datafield tag="650" ind1=" " ind2=" ">
        <subfield code="a">DESALINATION</subfield>
        <subfield code="0">(DHLAUTH)270874</subfield>
    </datafield>
    <datafield tag="650" ind1=" " ind2=" ">
        <subfield code="a">WESTERN ASIA</subfield>
        <subfield code="0">(DHLAUTH)275490</subfield>
    </datafield>
    <datafield tag="650" ind1=" " ind2=" ">
        <subfield code="a">GUIDELINES</subfield>
        <subfield code="0">(DHLAUTH)275775</subfield>
    </datafield>
    <datafield tag="650" ind1=" " ind2=" ">
        <subfield code="a">IRRIGATION</subfield>
        <subfield code="0">(DHLAUTH)270872</subfield>
    </datafield>
    <datafield tag="650" ind1=" " ind2=" ">
        <subfield code="a">WATER SUPPLY</subfield>
        <subfield code="0">(DHLAUTH)270886</subfield>
    </datafield>
    <datafield tag="650" ind1=" " ind2=" ">
        <subfield code="a">RECOMMENDATIONS</subfield>
        <subfield code="0">(DHLAUTH)275840</subfield>
    </datafield>
</record>
<record>
    <datafield tag="191" ind1=" " ind2=" ">
        <subfield code="a">E/ESCWA/NR/85/8</subfield>
    </datafield>
    <datafield tag="245" ind1=" " ind2=" ">
        <subfield code="a">ELECTRIC POWER GENERATION AND DISTRIBUTION AND OPPORTUNITIES FOR CO-OPERATION IN THE ESCWA REGION</subfield>
    </datafield>
    <datafield tag="269" ind1=" " ind2=" ">
        <subfield code="a">19851022</subfield>
    </datafield>
    <datafield tag="650" ind1=" " ind2=" ">
        <subfield code="a">ELECTRIC POWER</subfield>
        <subfield code="0">(DHLAUTH)271189</subfield>
    </datafield>
    <datafield tag="650" ind1=" " ind2=" ">
        <subfield code="a">ELECTRIC POWER DISTRIBUTION</subfield>
        <subfield code="0">(DHLAUTH)271191</subfield>
    </datafield>
    <datafield tag="650" ind1=" " ind2=" ">
        <subfield code="a">ELECTRIC POWER PLANTS</subfield>
        <subfield code="0">(DHLAUTH)271192</subfield>
    </datafield>
    <datafield tag="650" ind1=" " ind2=" ">
        <subfield code="a">ELECTRIC POWER RATES</subfield>
        <subfield code="0">(DHLAUTH)268391</subfield>
    </datafield>
    <datafield tag="650" ind1=" " ind2=" ">
        <subfield code="a">ELECTRICAL INDUSTRY</subfield>
        <subfield code="0">(DHLAUTH)272120</subfield>
    </datafield>
    <datafield tag="650" ind1=" " ind2=" ">
        <subfield code="a">ENERGY CONSUMPTION</subfield>
        <subfield code="0">(DHLAUTH)269578</subfield>
    </datafield>
    <datafield tag="650" ind1=" " ind2=" ">
        <subfield code="a">ENERGY PRICES</subfield>
        <subfield code="0">(DHLAUTH)271214</subfield>
    </datafield>
    <datafield tag="650" ind1=" " ind2=" ">
        <subfield code="a">STATISTICAL DATA</subfield>
        <subfield code="0">(DHLAUTH)270233</subfield>
    </datafield>
    <datafield tag="650" ind1=" " ind2=" ">
        <subfield code="a">WESTERN ASIA</subfield>
        <subfield code="0">(DHLAUTH)275490</subfield>
    </datafield>
</record>
<record>
    <datafield tag="191" ind1=" " ind2=" ">
        <subfield code="a">E/ESCWA/NR/86/10</subfield>
    </datafield>
    <datafield tag="245" ind1=" " ind2=" ">
        <subfield code="a">ENERGY CONSERVATION IN HOUSING SECTOR OF THE ESCWA REGION</subfield>
    </datafield>
    <datafield tag="269" ind1=" " ind2=" ">
        <subfield code="a">19870712</subfield>
    </datafield>
    <datafield tag="650" ind1=" " ind2=" ">
        <subfield code="a">ENERGY CONSERVATION</subfield>
        <subfield code="0">(DHLAUTH)270583</subfield>
    </datafield>
    <datafield tag="650" ind1=" " ind2=" ">
        <subfield code="a">BUILDING MATERIALS</subfield>
        <subfield code="0">(DHLAUTH)271086</subfield>
    </datafield>
    <datafield tag="650" ind1=" " ind2=" ">
        <subfield code="a">ENERGY CONSUMPTION</subfield>
        <subfield code="0">(DHLAUTH)269578</subfield>
    </datafield>
    <datafield tag="650" ind1=" " ind2=" ">
        <subfield code="a">QUALITY CONTROL</subfield>
        <subfield code="0">(DHLAUTH)271952</subfield>
    </datafield>
    <datafield tag="650" ind1=" " ind2=" ">
        <subfield code="a">KUWAIT</subfield>
        <subfield code="0">(DHLAUTH)273384</subfield>
    </datafield>
    <datafield tag="650" ind1=" " ind2=" ">
        <subfield code="a">JORDAN</subfield>
        <subfield code="0">(DHLAUTH)269099</subfield>
    </datafield>
    <datafield tag="650" ind1=" " ind2=" ">
        <subfield code="a">EGYPT</subfield>
        <subfield code="0">(DHLAUTH)273328</subfield>
    </datafield>
    <datafield tag="650" ind1=" " ind2=" ">
        <subfield code="a">YEMEN</subfield>
        <subfield code="0">(DHLAUTH)273521</subfield>
    </datafield>
</record>
<record>
    <datafield tag="191" ind1=" " ind2=" ">
        <subfield code="a">E/ESCWA/NR/86/12</subfield>
    </datafield>
    <datafield tag="245" ind1=" " ind2=" ">
        <subfield code="a">ENERGY CONSERVATION IN THE CEMENT INDUSTRY IN JORDAN</subfield>
    </datafield>
    <datafield tag="269" ind1=" " ind2=" ">
        <subfield code="a">19870121</subfield>
    </datafield>
    <datafield tag="650" ind1=" " ind2=" ">
        <subfield code="a">ENERGY CONSERVATION</subfield>
        <subfield code="0">(DHLAUTH)270583</subfield>
    </datafield>
    <datafield tag="650" ind1=" " ind2=" ">
        <subfield code="a">ENERGY TECHNOLOGY</subfield>
        <subfield code="0">(DHLAUTH)271206</subfield>
    </datafield>
    <datafield tag="650" ind1=" " ind2=" ">
        <subfield code="a">CEMENT INDUSTRY</subfield>
        <subfield code="0">(DHLAUTH)272076</subfield>
    </datafield>
    <datafield tag="650" ind1=" " ind2=" ">
        <subfield code="a">JORDAN</subfield>
        <subfield code="0">(DHLAUTH)269099</subfield>
    </datafield>
    <datafield tag="650" ind1=" " ind2=" ">
        <subfield code="a">WESTERN ASIA</subfield>
        <subfield code="0">(DHLAUTH)275490</subfield>
    </datafield>
</record>
<record>
    <datafield tag="191" ind1=" " ind2=" ">
        <subfield code="a">E/ESCWA/NR/86/4</subfield>
    </datafield>
    <datafield tag="245" ind1=" " ind2=" ">
        <subfield code="a">ACTIVITIES OF GOVERNMENTS AND INTERNATIONAL AGENCIES IN THE FIELD OF WATER RESOURCES WITHIN THE ESCWA REGION</subfield>
    </datafield>
    <datafield tag="269" ind1=" " ind2=" ">
        <subfield code="a">19870111</subfield>
    </datafield>
    <datafield tag="650" ind1=" " ind2=" ">
        <subfield code="a">WATER RESOURCES DEVELOPMENT</subfield>
        <subfield code="0">(DHLAUTH)269975</subfield>
    </datafield>
    <datafield tag="650" ind1=" " ind2=" ">
        <subfield code="a">PROJECT ACTIVITIES</subfield>
        <subfield code="0">(DHLAUTH)275801</subfield>
    </datafield>
    <datafield tag="650" ind1=" " ind2=" ">
        <subfield code="a">EXECUTING AGENCIES</subfield>
        <subfield code="0">(DHLAUTH)268697</subfield>
    </datafield>
    <datafield tag="650" ind1=" " ind2=" ">
        <subfield code="a">RECOMMENDATIONS</subfield>
        <subfield code="0">(DHLAUTH)275840</subfield>
    </datafield>
    <datafield tag="650" ind1=" " ind2=" ">
        <subfield code="a">QUESTIONNAIRES</subfield>
        <subfield code="0">(DHLAUTH)272018</subfield>
    </datafield>
    <datafield tag="650" ind1=" " ind2=" ">
        <subfield code="a">WESTERN ASIA</subfield>
        <subfield code="0">(DHLAUTH)275490</subfield>
    </datafield>
    <datafield tag="650" ind1=" " ind2=" ">
        <subfield code="a">INTERNATIONAL ORGANIZATIONS</subfield>
        <subfield code="0">(DHLAUTH)268671</subfield>
    </datafield>
</record>
<record>
    <datafield tag="191" ind1=" " ind2=" ">
        <subfield code="a">E/ESCWA/NR/86/5</subfield>
    </datafield>
    <datafield tag="245" ind1=" " ind2=" ">
        <subfield code="a">REPORT ON THE INFRASTRUCTURE REQUIRED TO DISSEMINATE MATURE SOLAR AND WIND TECHNOLOGIES IN SELECTED ESCWA COUNTRIES: PART I STATE OF THE ART</subfield>
    </datafield>
    <datafield tag="269" ind1=" " ind2=" ">
        <subfield code="a">19860410</subfield>
    </datafield>
    <datafield tag="650" ind1=" " ind2=" ">
        <subfield code="a">SOLAR ENERGY</subfield>
        <subfield code="0">(DHLAUTH)271255</subfield>
    </datafield>
    <datafield tag="650" ind1=" " ind2=" ">
        <subfield code="a">WIND POWER</subfield>
        <subfield code="0">(DHLAUTH)271257</subfield>
    </datafield>
    <datafield tag="650" ind1=" " ind2=" ">
        <subfield code="a">ENERGY TECHNOLOGY</subfield>
        <subfield code="0">(DHLAUTH)271206</subfield>
    </datafield>
    <datafield tag="650" ind1=" " ind2=" ">
        <subfield code="a">WESTERN ASIA</subfield>
        <subfield code="0">(DHLAUTH)275490</subfield>
    </datafield>
</record>
<record>
    <datafield tag="191" ind1=" " ind2=" ">
        <subfield code="a">E/ESCWA/NR/86/5/ADD.1</subfield>
    </datafield>
    <datafield tag="245" ind1=" " ind2=" ">
        <subfield code="a">REPORT ON THE INFRASTRUCTURE REQUIRED TO DISSEMINATE NATURE SOLAR AND WIND TECHNOLOGIES IN SELECTED ESCWA COUNTRIES PART II SOLAR AND WIND TECHNOLOGIES FOR ESCWA'S REGION</subfield>
    </datafield>
    <datafield tag="269" ind1=" " ind2=" ">
        <subfield code="a">19860410</subfield>
    </datafield>
    <datafield tag="650" ind1=" " ind2=" ">
        <subfield code="a">SOLAR ENERGY</subfield>
        <subfield code="0">(DHLAUTH)271255</subfield>
    </datafield>
    <datafield tag="650" ind1=" " ind2=" ">
        <subfield code="a">WIND POWER</subfield>
        <subfield code="0">(DHLAUTH)271257</subfield>
    </datafield>
    <datafield tag="650" ind1=" " ind2=" ">
        <subfield code="a">ENERGY TECHNOLOGY</subfield>
        <subfield code="0">(DHLAUTH)271206</subfield>
    </datafield>
    <datafield tag="650" ind1=" " ind2=" ">
        <subfield code="a">WESTERN ASIA</subfield>
        <subfield code="0">(DHLAUTH)275490</subfield>
    </datafield>
    <datafield tag="650" ind1=" " ind2=" ">
        <subfield code="a">INDUSTRIAL APPLICATIONS</subfield>
        <subfield code="0">(DHLAUTH)271918</subfield>
    </datafield>
    <datafield tag="650" ind1=" " ind2=" ">
        <subfield code="a">INDUSTRIAL PROMOTION</subfield>
        <subfield code="0">(DHLAUTH)271792</subfield>
    </datafield>
    <datafield tag="650" ind1=" " ind2=" ">
        <subfield code="a">ORGANIZATIONAL STRUCTURE</subfield>
        <subfield code="0">(DHLAUTH)272030</subfield>
    </datafield>
</record>
<record>
    <datafield tag="191" ind1=" " ind2=" ">
        <subfield code="a">E/ESCWA/NR/86/5/ADD.2</subfield>
    </datafield>
    <datafield tag="245" ind1=" " ind2=" ">
        <subfield code="a">REPORT ON THE INFRASTRUCTURE REQUIRED TO DISSEMINATE NATURE SOLAR AND WIND TECHNOLOGIES IN SELECTED ESCWA COUNTRIES  PART III POTENTIAL MARKET FOR SOLAR WATER HEATERS IN ESCWA'S REGION THE CASE OF EGYPT</subfield>
    </datafield>
    <datafield tag="269" ind1=" " ind2=" ">
        <subfield code="a">19860410</subfield>
    </datafield>
    <datafield tag="650" ind1=" " ind2=" ">
        <subfield code="a">SOLAR ENERGY</subfield>
        <subfield code="0">(DHLAUTH)271255</subfield>
    </datafield>
    <datafield tag="650" ind1=" " ind2=" ">
        <subfield code="a">ENERGY TECHNOLOGY</subfield>
        <subfield code="0">(DHLAUTH)271206</subfield>
    </datafield>
    <datafield tag="650" ind1=" " ind2=" ">
        <subfield code="a">WESTERN ASIA</subfield>
        <subfield code="0">(DHLAUTH)275490</subfield>
    </datafield>
    <datafield tag="650" ind1=" " ind2=" ">
        <subfield code="a">INDUSTRIAL APPLICATIONS</subfield>
        <subfield code="0">(DHLAUTH)271918</subfield>
    </datafield>
    <datafield tag="650" ind1=" " ind2=" ">
        <subfield code="a">HEATING</subfield>
        <subfield code="0">(DHLAUTH)270658</subfield>
    </datafield>
    <datafield tag="650" ind1=" " ind2=" ">
        <subfield code="a">MARKET RESEARCH</subfield>
        <subfield code="0">(DHLAUTH)271922</subfield>
    </datafield>
    <datafield tag="650" ind1=" " ind2=" ">
        <subfield code="a">EGYPT</subfield>
        <subfield code="0">(DHLAUTH)273328</subfield>
    </datafield>
    <datafield tag="650" ind1=" " ind2=" ">
        <subfield code="a">CASE STUDIES</subfield>
        <subfield code="0">(DHLAUTH)274639</subfield>
    </datafield>
</record>
<record>
    <datafield tag="191" ind1=" " ind2=" ">
        <subfield code="a">E/ESCWA/NR/86/5/ADD.3</subfield>
    </datafield>
    <datafield tag="245" ind1=" " ind2=" ">
        <subfield code="a">REPORT ON THE INFRASTRUCTURE REQUIRED TO DISSEMINATE NATURE SOLAR AND WIND TECHNOLOGIES IN SELECTED ESCWA COUNTRIES, PART IV POTENTIAL MARKET FOR SOLAR WATER HEATERS IN ESCWA'S REGION THE CASE OF JORDAN</subfield>
    </datafield>
    <datafield tag="269" ind1=" " ind2=" ">
        <subfield code="a">19860410</subfield>
    </datafield>
    <datafield tag="650" ind1=" " ind2=" ">
        <subfield code="a">SOLAR ENERGY</subfield>
        <subfield code="0">(DHLAUTH)271255</subfield>
    </datafield>
    <datafield tag="650" ind1=" " ind2=" ">
        <subfield code="a">ENERGY TECHNOLOGY</subfield>
        <subfield code="0">(DHLAUTH)271206</subfield>
    </datafield>
    <datafield tag="650" ind1=" " ind2=" ">
        <subfield code="a">WESTERN ASIA</subfield>
        <subfield code="0">(DHLAUTH)275490</subfield>
    </datafield>
    <datafield tag="650" ind1=" " ind2=" ">
        <subfield code="a">INDUSTRIAL APPLICATIONS</subfield>
        <subfield code="0">(DHLAUTH)271918</subfield>
    </datafield>
    <datafield tag="650" ind1=" " ind2=" ">
        <subfield code="a">HEATING</subfield>
        <subfield code="0">(DHLAUTH)270658</subfield>
    </datafield>
    <datafield tag="650" ind1=" " ind2=" ">
        <subfield code="a">MARKET RESEARCH</subfield>
        <subfield code="0">(DHLAUTH)271922</subfield>
    </datafield>
    <datafield tag="650" ind1=" " ind2=" ">
        <subfield code="a">CASE STUDIES</subfield>
        <subfield code="0">(DHLAUTH)274639</subfield>
    </datafield>
    <datafield tag="650" ind1=" " ind2=" ">
        <subfield code="a">JORDAN</subfield>
        <subfield code="0">(DHLAUTH)269099</subfield>
    </datafield>
</record>
<record>
    <datafield tag="191" ind1=" " ind2=" ">
        <subfield code="a">E/ESCWA/NR/86/5/ADD.4</subfield>
    </datafield>
    <datafield tag="245" ind1=" " ind2=" ">
        <subfield code="a">REPORT ON THE INFRASTRUCTURE REQUIRED TO DISSEMINATE NATURE SOLAR AND WIND TECHNOLOGIES IN SELECTED ESCWA COUNTRIES, PART V WIND ENERGY IN JORDAN</subfield>
    </datafield>
    <datafield tag="269" ind1=" " ind2=" ">
        <subfield code="a">19860410</subfield>
    </datafield>
    <datafield tag="650" ind1=" " ind2=" ">
        <subfield code="a">WIND POWER</subfield>
        <subfield code="0">(DHLAUTH)271257</subfield>
    </datafield>
    <datafield tag="650" ind1=" " ind2=" ">
        <subfield code="a">WESTERN ASIA</subfield>
        <subfield code="0">(DHLAUTH)275490</subfield>
    </datafield>
    <datafield tag="650" ind1=" " ind2=" ">
        <subfield code="a">WATER SUPPLY</subfield>
        <subfield code="0">(DHLAUTH)270886</subfield>
    </datafield>
    <datafield tag="650" ind1=" " ind2=" ">
        <subfield code="a">ELECTRIC POWER</subfield>
        <subfield code="0">(DHLAUTH)271189</subfield>
    </datafield>
    <datafield tag="650" ind1=" " ind2=" ">
        <subfield code="a">JORDAN</subfield>
        <subfield code="0">(DHLAUTH)269099</subfield>
    </datafield>
</record>
<record>
    <datafield tag="191" ind1=" " ind2=" ">
        <subfield code="a">E/ESCWA/NR/86/WG.1/19(E)</subfield>
    </datafield>
    <datafield tag="191" ind1=" " ind2=" ">
        <subfield code="a">E/ESCWA/NR/88/5(E)</subfield>
    </datafield>
    <datafield tag="245" ind1=" " ind2=" ">
        <subfield code="a">PROCEEDINGS OF THE SEMINAR ON SMALL-SCALE SOLAR AND WIND TECHNOLOGIES FOR RURAL AND REMOTE AREAS IN THE ESCWA REGION, 29 NOVEMBER-3 DECEMBER 1986</subfield>
    </datafield>
    <datafield tag="269" ind1=" " ind2=" ">
        <subfield code="a">19880629</subfield>
    </datafield>
    <datafield tag="650" ind1=" " ind2=" ">
        <subfield code="a">CONFERENCES</subfield>
        <subfield code="0">(DHLAUTH)275758</subfield>
    </datafield>
    <datafield tag="650" ind1=" " ind2=" ">
        <subfield code="a">RURAL AREAS</subfield>
        <subfield code="0">(DHLAUTH)269978</subfield>
    </datafield>
    <datafield tag="650" ind1=" " ind2=" ">
        <subfield code="a">SOLAR ENERGY</subfield>
        <subfield code="0">(DHLAUTH)271255</subfield>
    </datafield>
    <datafield tag="650" ind1=" " ind2=" ">
        <subfield code="a">WIND POWER</subfield>
        <subfield code="0">(DHLAUTH)271257</subfield>
    </datafield>
    <datafield tag="650" ind1=" " ind2=" ">
        <subfield code="a">WESTERN ASIA</subfield>
        <subfield code="0">(DHLAUTH)275490</subfield>
    </datafield>
    <datafield tag="650" ind1=" " ind2=" ">
        <subfield code="a">DESALINATION</subfield>
        <subfield code="0">(DHLAUTH)270874</subfield>
    </datafield>
    <datafield tag="650" ind1=" " ind2=" ">
        <subfield code="a">PROJECT APPRAISAL</subfield>
        <subfield code="0">(DHLAUTH)269963</subfield>
    </datafield>
    <datafield tag="650" ind1=" " ind2=" ">
        <subfield code="a">REGIONAL COOPERATION</subfield>
        <subfield code="0">(DHLAUTH)268656</subfield>
    </datafield>
    <datafield tag="650" ind1=" " ind2=" ">
        <subfield code="a">TECHNICAL TRAINING</subfield>
        <subfield code="0">(DHLAUTH)271971</subfield>
    </datafield>
    <datafield tag="650" ind1=" " ind2=" ">
        <subfield code="a">MOROCCO</subfield>
        <subfield code="0">(DHLAUTH)273417</subfield>
    </datafield>
</record>
<record>
    <datafield tag="191" ind1=" " ind2=" ">
        <subfield code="a">E/ESCWA/NR/87/11/REV.1</subfield>
    </datafield>
    <datafield tag="191" ind1=" " ind2=" ">
        <subfield code="a">E/ESCWA/SDP/87/5/REV.1</subfield>
    </datafield>
    <datafield tag="245" ind1=" " ind2=" ">
        <subfield code="a">INTRODUCTION OF BIOGAS TECHNOLOGY IN DEMOCRATIC YEMEN : CASE STUDY</subfield>
    </datafield>
    <datafield tag="269" ind1=" " ind2=" ">
        <subfield code="a">19881013</subfield>
    </datafield>
    <datafield tag="650" ind1=" " ind2=" ">
        <subfield code="a">WESTERN ASIA</subfield>
        <subfield code="0">(DHLAUTH)275490</subfield>
    </datafield>
    <datafield tag="650" ind1=" " ind2=" ">
        <subfield code="a">BIOGAS</subfield>
        <subfield code="0">(DHLAUTH)271164</subfield>
    </datafield>
    <datafield tag="650" ind1=" " ind2=" ">
        <subfield code="a">ENERGY TECHNOLOGY</subfield>
        <subfield code="0">(DHLAUTH)271206</subfield>
    </datafield>
    <datafield tag="650" ind1=" " ind2=" ">
        <subfield code="a">RURAL AREAS</subfield>
        <subfield code="0">(DHLAUTH)269978</subfield>
    </datafield>
    <datafield tag="650" ind1=" " ind2=" ">
        <subfield code="a">YEMEN</subfield>
        <subfield code="0">(DHLAUTH)273521</subfield>
    </datafield>
    <datafield tag="650" ind1=" " ind2=" ">
        <subfield code="a">WASTE MANAGEMENT</subfield>
        <subfield code="0">(DHLAUTH)272254</subfield>
    </datafield>
    <datafield tag="650" ind1=" " ind2=" ">
        <subfield code="a">RECYCLING</subfield>
        <subfield code="0">(DHLAUTH)270592</subfield>
    </datafield>
    <datafield tag="650" ind1=" " ind2=" ">
        <subfield code="a">CASE STUDIES</subfield>
        <subfield code="0">(DHLAUTH)274639</subfield>
    </datafield>
</record>
<record>
    <datafield tag="191" ind1=" " ind2=" ">
        <subfield code="a">E/ESCWA/NR/87/13</subfield>
    </datafield>
    <datafield tag="191" ind1=" " ind2=" ">
        <subfield code="a">E/ESCWA/SDP/87/10</subfield>
    </datafield>
    <datafield tag="245" ind1=" " ind2=" ">
        <subfield code="a">INTRODUCTION OF BIOGAS TECHNOLOGY TO RURAL AND REMOTE AREAS OF THE PEOPLES DEMOCRATIC REPUBLIC OF YEMEN PROJECT RAB/86/005</subfield>
    </datafield>
    <datafield tag="269" ind1=" " ind2=" ">
        <subfield code="a">19871111</subfield>
    </datafield>
    <datafield tag="650" ind1=" " ind2=" ">
        <subfield code="a">WESTERN ASIA</subfield>
        <subfield code="0">(DHLAUTH)275490</subfield>
    </datafield>
    <datafield tag="650" ind1=" " ind2=" ">
        <subfield code="a">BIOGAS</subfield>
        <subfield code="0">(DHLAUTH)271164</subfield>
    </datafield>
    <datafield tag="650" ind1=" " ind2=" ">
        <subfield code="a">ENERGY TECHNOLOGY</subfield>
        <subfield code="0">(DHLAUTH)271206</subfield>
    </datafield>
    <datafield tag="650" ind1=" " ind2=" ">
        <subfield code="a">YEMEN</subfield>
        <subfield code="0">(DHLAUTH)273521</subfield>
    </datafield>
    <datafield tag="650" ind1=" " ind2=" ">
        <subfield code="a">RECYCLING</subfield>
        <subfield code="0">(DHLAUTH)270592</subfield>
    </datafield>
    <datafield tag="650" ind1=" " ind2=" ">
        <subfield code="a">WASTE MANAGEMENT</subfield>
        <subfield code="0">(DHLAUTH)272254</subfield>
    </datafield>
    <datafield tag="650" ind1=" " ind2=" ">
        <subfield code="a">RURAL AREAS</subfield>
        <subfield code="0">(DHLAUTH)269978</subfield>
    </datafield>
    <datafield tag="650" ind1=" " ind2=" ">
        <subfield code="a">QUESTIONNAIRES</subfield>
        <subfield code="0">(DHLAUTH)272018</subfield>
    </datafield>
</record>
<record>
    <datafield tag="191" ind1=" " ind2=" ">
        <subfield code="a">E/ESCWA/NR/87/15</subfield>
    </datafield>
    <datafield tag="245" ind1=" " ind2=" ">
        <subfield code="a">FALLING OIL PRICES AND FLUCTUATING EXCHANGE RATES AND THEIR IMPLICATIONS FOR THE ESCWA REGION'S ECONOMIES</subfield>
    </datafield>
    <datafield tag="246" ind1=" " ind2=" ">
        <subfield code="a">أثر التدهور في أسعار النفط والتقلبات في أسعار الصرف على اقتصاديات غربي آسيا</subfield>
    </datafield>
    <datafield tag="269" ind1=" " ind2=" ">
        <subfield code="a">19880616</subfield>
    </datafield>
    <datafield tag="650" ind1=" " ind2=" ">
        <subfield code="a">FOREIGN EXCHANGE RATES</subfield>
        <subfield code="0">(DHLAUTH)270441</subfield>
    </datafield>
    <datafield tag="650" ind1=" " ind2=" ">
        <subfield code="a">PETROLEUM PRICES</subfield>
        <subfield code="0">(DHLAUTH)269855</subfield>
    </datafield>
    <datafield tag="650" ind1=" " ind2=" ">
        <subfield code="a">PETROLEUM REVENUES</subfield>
        <subfield code="0">(DHLAUTH)269856</subfield>
    </datafield>
    <datafield tag="650" ind1=" " ind2=" ">
        <subfield code="a">ECONOMIC STABILIZATION</subfield>
        <subfield code="0">(DHLAUTH)269722</subfield>
    </datafield>
    <datafield tag="650" ind1=" " ind2=" ">
        <subfield code="a">STATISTICAL DATA</subfield>
        <subfield code="0">(DHLAUTH)270233</subfield>
    </datafield>
    <datafield tag="650" ind1=" " ind2=" ">
        <subfield code="a">WESTERN ASIA</subfield>
        <subfield code="0">(DHLAUTH)275490</subfield>
    </datafield>
    <datafield tag="650" ind1=" " ind2=" ">
        <subfield code="a">ECONOMIC DEVELOPMENT</subfield>
        <subfield code="0">(DHLAUTH)269755</subfield>
    </datafield>
</record>
<record>
    <datafield tag="191" ind1=" " ind2=" ">
        <subfield code="a">E/ESCWA/NR/87/16</subfield>
    </datafield>
    <datafield tag="246" ind1=" " ind2=" ">
        <subfield code="a">تخطيط استغلال الموارد المائية وحفظها لتوفير المياه في الحضر والريف في بلدان مختارة في منطقة اللجنة الاقتصادية والاجتماعية لغربي آسيا</subfield>
    </datafield>
    <datafield tag="269" ind1=" " ind2=" ">
        <subfield code="a">19871119</subfield>
    </datafield>
    <datafield tag="650" ind1=" " ind2=" ">
        <subfield code="a">WATER RESOURCES</subfield>
        <subfield code="0">(DHLAUTH)270568</subfield>
    </datafield>
    <datafield tag="650" ind1=" " ind2=" ">
        <subfield code="a">WATER CONSERVATION</subfield>
        <subfield code="0">(DHLAUTH)270589</subfield>
    </datafield>
    <datafield tag="650" ind1=" " ind2=" ">
        <subfield code="a">WATER SUPPLY</subfield>
        <subfield code="0">(DHLAUTH)270886</subfield>
    </datafield>
    <datafield tag="650" ind1=" " ind2=" ">
        <subfield code="a">URBAN AREAS</subfield>
        <subfield code="0">(DHLAUTH)271447</subfield>
    </datafield>
    <datafield tag="650" ind1=" " ind2=" ">
        <subfield code="a">RURAL AREAS</subfield>
        <subfield code="0">(DHLAUTH)269978</subfield>
    </datafield>
    <datafield tag="650" ind1=" " ind2=" ">
        <subfield code="a">WATER MANAGEMENT</subfield>
        <subfield code="0">(DHLAUTH)270919</subfield>
    </datafield>
    <datafield tag="650" ind1=" " ind2=" ">
        <subfield code="a">WATER POLICY</subfield>
        <subfield code="0">(DHLAUTH)270576</subfield>
    </datafield>
    <datafield tag="650" ind1=" " ind2=" ">
        <subfield code="a">WATER LAW</subfield>
        <subfield code="0">(DHLAUTH)269421</subfield>
    </datafield>
    <datafield tag="650" ind1=" " ind2=" ">
        <subfield code="a">BAHRAIN</subfield>
        <subfield code="0">(DHLAUTH)273274</subfield>
    </datafield>
    <datafield tag="650" ind1=" " ind2=" ">
        <subfield code="a">UNITED ARAB EMIRATES</subfield>
        <subfield code="0">(DHLAUTH)275604</subfield>
    </datafield>
    <datafield tag="650" ind1=" " ind2=" ">
        <subfield code="a">SYRIAN ARAB REPUBLIC</subfield>
        <subfield code="0">(DHLAUTH)273496</subfield>
    </datafield>
    <datafield tag="650" ind1=" " ind2=" ">
        <subfield code="a">YEMEN</subfield>
        <subfield code="0">(DHLAUTH)273521</subfield>
    </datafield>
    <datafield tag="650" ind1=" " ind2=" ">
        <subfield code="a">DEVELOPMENT PLANNING</subfield>
        <subfield code="0">(DHLAUTH)269883</subfield>
    </datafield>
    <datafield tag="650" ind1=" " ind2=" ">
        <subfield code="a">ORGANIZATIONAL STRUCTURE</subfield>
        <subfield code="0">(DHLAUTH)272030</subfield>
    </datafield>
</record>
<record>
    <datafield tag="191" ind1=" " ind2=" ">
        <subfield code="a">E/ESCWA/NR/87/17</subfield>
    </datafield>
    <datafield tag="245" ind1=" " ind2=" ">
        <subfield code="a">STRENGTHENING OF ENERGY INSTITUTIONS IN THE LEAST DEVELOPED COUNTRIES IN THE ESCWA REGION</subfield>
    </datafield>
    <datafield tag="269" ind1=" " ind2=" ">
        <subfield code="a">19871119</subfield>
    </datafield>
    <datafield tag="650" ind1=" " ind2=" ">
        <subfield code="a">ENERGY CONSUMPTION</subfield>
        <subfield code="0">(DHLAUTH)269578</subfield>
    </datafield>
    <datafield tag="650" ind1=" " ind2=" ">
        <subfield code="a">BUDGET</subfield>
        <subfield code="0">(DHLAUTH)270085</subfield>
    </datafield>
    <datafield tag="650" ind1=" " ind2=" ">
        <subfield code="a">PUBLIC SECTOR</subfield>
        <subfield code="0">(DHLAUTH)269679</subfield>
    </datafield>
    <datafield tag="650" ind1=" " ind2=" ">
        <subfield code="a">INSTITUTION BUILDING</subfield>
        <subfield code="0">(DHLAUTH)269946</subfield>
    </datafield>
    <datafield tag="650" ind1=" " ind2=" ">
        <subfield code="a">RECOMMENDATIONS</subfield>
        <subfield code="0">(DHLAUTH)275840</subfield>
    </datafield>
    <datafield tag="650" ind1=" " ind2=" ">
        <subfield code="a">YEMEN</subfield>
        <subfield code="0">(DHLAUTH)273521</subfield>
    </datafield>
    <datafield tag="650" ind1=" " ind2=" ">
        <subfield code="a">MANPOWER</subfield>
        <subfield code="0">(DHLAUTH)273105</subfield>
    </datafield>
    <datafield tag="650" ind1=" " ind2=" ">
        <subfield code="a">STATISTICAL DATA</subfield>
        <subfield code="0">(DHLAUTH)270233</subfield>
    </datafield>
</record>
<record>
    <datafield tag="191" ind1=" " ind2=" ">
        <subfield code="a">E/ESCWA/NR/87/18</subfield>
    </datafield>
    <datafield tag="246" ind1=" " ind2=" ">
        <subfield code="a">انماط نقل التكنولوجيا في منطقة الاسكوا وطرق تحسين كفاءتها</subfield>
    </datafield>
    <datafield tag="269" ind1=" " ind2=" ">
        <subfield code="a">19971228</subfield>
    </datafield>
    <datafield tag="650" ind1=" " ind2=" ">
        <subfield code="a">TECHNOLOGY TRANSFER</subfield>
        <subfield code="0">(DHLAUTH)271882</subfield>
    </datafield>
    <datafield tag="650" ind1=" " ind2=" ">
        <subfield code="a">SOCIAL INDICATORS</subfield>
        <subfield code="0">(DHLAUTH)269644</subfield>
    </datafield>
    <datafield tag="650" ind1=" " ind2=" ">
        <subfield code="a">ECONOMIC INDICATORS</subfield>
        <subfield code="0">(DHLAUTH)269642</subfield>
    </datafield>
    <datafield tag="650" ind1=" " ind2=" ">
        <subfield code="a">SCIENCE AND TECHNOLOGY POLICY</subfield>
        <subfield code="0">(DHLAUTH)275207</subfield>
    </datafield>
    <datafield tag="650" ind1=" " ind2=" ">
        <subfield code="a">UNIVERSITIES AND COLLEGES</subfield>
        <subfield code="0">(DHLAUTH)273940</subfield>
    </datafield>
    <datafield tag="650" ind1=" " ind2=" ">
        <subfield code="a">GROSS DOMESTIC PRODUCT</subfield>
        <subfield code="0">(DHLAUTH)269801</subfield>
    </datafield>
    <datafield tag="650" ind1=" " ind2=" ">
        <subfield code="a">SCIENTIFIC INSTITUTIONS</subfield>
        <subfield code="0">(DHLAUTH)275214</subfield>
    </datafield>
    <datafield tag="650" ind1=" " ind2=" ">
        <subfield code="a">WESTERN ASIA</subfield>
        <subfield code="0">(DHLAUTH)275490</subfield>
    </datafield>
</record>
<record>
    <datafield tag="191" ind1=" " ind2=" ">
        <subfield code="a">E/ESCWA/NR/87/19</subfield>
    </datafield>
    <datafield tag="245" ind1=" " ind2=" ">
        <subfield code="a">APPLICATION OF SOLAR AND WIND TECHNOLOGIES IN THE ESCWA REGION</subfield>
    </datafield>
    <datafield tag="269" ind1=" " ind2=" ">
        <subfield code="a">19871213</subfield>
    </datafield>
    <datafield tag="650" ind1=" " ind2=" ">
        <subfield code="a">SOLAR ENERGY</subfield>
        <subfield code="0">(DHLAUTH)271255</subfield>
    </datafield>
    <datafield tag="650" ind1=" " ind2=" ">
        <subfield code="a">WIND POWER</subfield>
        <subfield code="0">(DHLAUTH)271257</subfield>
    </datafield>
    <datafield tag="650" ind1=" " ind2=" ">
        <subfield code="a">ENERGY TECHNOLOGY</subfield>
        <subfield code="0">(DHLAUTH)271206</subfield>
    </datafield>
    <datafield tag="650" ind1=" " ind2=" ">
        <subfield code="a">ENERGY PLANNING</subfield>
        <subfield code="0">(DHLAUTH)269899</subfield>
    </datafield>
    <datafield tag="650" ind1=" " ind2=" ">
        <subfield code="a">MANPOWER DEVELOPMENT</subfield>
        <subfield code="0">(DHLAUTH)274163</subfield>
    </datafield>
    <datafield tag="650" ind1=" " ind2=" ">
        <subfield code="a">INSTITUTION BUILDING</subfield>
        <subfield code="0">(DHLAUTH)269946</subfield>
    </datafield>
    <datafield tag="650" ind1=" " ind2=" ">
        <subfield code="a">WESTERN ASIA</subfield>
        <subfield code="0">(DHLAUTH)275490</subfield>
    </datafield>
</record>
<record>
    <datafield tag="191" ind1=" " ind2=" ">
        <subfield code="a">E/ESCWA/NR/87/21</subfield>
    </datafield>
    <datafield tag="246" ind1=" " ind2=" ">
        <subfield code="a">تقرير الى اللجنة عن المساعدة الفنية المقدمة للدول الاعضاء في تقييم المشاريع الوطنية ودون الاقليمية في قطاع المياه</subfield>
    </datafield>
    <datafield tag="269" ind1=" " ind2=" ">
        <subfield code="a">19871216</subfield>
    </datafield>
    <datafield tag="650" ind1=" " ind2=" ">
        <subfield code="a">WATER RESOURCES</subfield>
        <subfield code="0">(DHLAUTH)270568</subfield>
    </datafield>
    <datafield tag="650" ind1=" " ind2=" ">
        <subfield code="a">WATER CONSERVATION</subfield>
        <subfield code="0">(DHLAUTH)270589</subfield>
    </datafield>
    <datafield tag="650" ind1=" " ind2=" ">
        <subfield code="a">WESTERN ASIA</subfield>
        <subfield code="0">(DHLAUTH)275490</subfield>
    </datafield>
    <datafield tag="650" ind1=" " ind2=" ">
        <subfield code="a">TECHNICAL COOPERATION</subfield>
        <subfield code="0">(DHLAUTH)268658</subfield>
    </datafield>
</record>
<record>
    <datafield tag="191" ind1=" " ind2=" ">
        <subfield code="a">E/ESCWA/NR/87/7</subfield>
    </datafield>
    <datafield tag="246" ind1=" " ind2=" ">
        <subfield code="a">ندوة تكنولوجيا الغاز الحيوي, 11-16 نيسان/ابريل 1987, عدن</subfield>
    </datafield>
    <datafield tag="269" ind1=" " ind2=" ">
        <subfield code="a">19870601</subfield>
    </datafield>
    <datafield tag="650" ind1=" " ind2=" ">
        <subfield code="a">BIOGAS</subfield>
        <subfield code="0">(DHLAUTH)271164</subfield>
    </datafield>
    <datafield tag="650" ind1=" " ind2=" ">
        <subfield code="a">PRODUCTION</subfield>
        <subfield code="0">(DHLAUTH)269667</subfield>
    </datafield>
    <datafield tag="650" ind1=" " ind2=" ">
        <subfield code="a">BIOLOGICAL DIVERSITY</subfield>
        <subfield code="0">(DHLAUTH)270550</subfield>
    </datafield>
    <datafield tag="650" ind1=" " ind2=" ">
        <subfield code="a">ELECTRICAL INDUSTRY</subfield>
        <subfield code="0">(DHLAUTH)272120</subfield>
    </datafield>
    <datafield tag="650" ind1=" " ind2=" ">
        <subfield code="a">CONFERENCES</subfield>
        <subfield code="0">(DHLAUTH)275758</subfield>
    </datafield>
    <datafield tag="650" ind1=" " ind2=" ">
        <subfield code="a">WESTERN ASIA</subfield>
        <subfield code="0">(DHLAUTH)275490</subfield>
    </datafield>
</record>
<record>
    <datafield tag="191" ind1=" " ind2=" ">
        <subfield code="a">E/ESCWA/NR/88/10</subfield>
    </datafield>
    <datafield tag="245" ind1=" " ind2=" ">
        <subfield code="a">PROJECT PROFILE ESTABLISHING OF SOLAR AND WIND ENERGY MEASURING NETWORK IN SELECTED ESCWA COUNTRIES</subfield>
    </datafield>
    <datafield tag="269" ind1=" " ind2=" ">
        <subfield code="a">19880908</subfield>
    </datafield>
    <datafield tag="650" ind1=" " ind2=" ">
        <subfield code="a">PROJECT IDENTIFICATION</subfield>
        <subfield code="0">(DHLAUTH)275804</subfield>
    </datafield>
    <datafield tag="650" ind1=" " ind2=" ">
        <subfield code="a">WIND POWER</subfield>
        <subfield code="0">(DHLAUTH)271257</subfield>
    </datafield>
    <datafield tag="650" ind1=" " ind2=" ">
        <subfield code="a">SOLAR ENERGY</subfield>
        <subfield code="0">(DHLAUTH)271255</subfield>
    </datafield>
    <datafield tag="650" ind1=" " ind2=" ">
        <subfield code="a">ACTIVITIES</subfield>
        <subfield code="0">(DHLAUTH)275823</subfield>
    </datafield>
    <datafield tag="650" ind1=" " ind2=" ">
        <subfield code="a">PROJECT ACTIVITIES</subfield>
        <subfield code="0">(DHLAUTH)275801</subfield>
    </datafield>
    <datafield tag="650" ind1=" " ind2=" ">
        <subfield code="a">REGIONAL DEVELOPMENT</subfield>
        <subfield code="0">(DHLAUTH)269690</subfield>
    </datafield>
    <datafield tag="650" ind1=" " ind2=" ">
        <subfield code="a">WESTERN ASIA</subfield>
        <subfield code="0">(DHLAUTH)275490</subfield>
    </datafield>
</record>
<record>
    <datafield tag="191" ind1=" " ind2=" ">
        <subfield code="a">E/ESCWA/NR/88/11</subfield>
    </datafield>
    <datafield tag="245" ind1=" " ind2=" ">
        <subfield code="a">PROJECT PROFILE ESTABLISHING OF SOLAR AND WIND ENERGY FOR WATER PUMPING IN RURAL AND REMOTE AREAS</subfield>
    </datafield>
    <datafield tag="269" ind1=" " ind2=" ">
        <subfield code="a">19880908</subfield>
    </datafield>
    <datafield tag="650" ind1=" " ind2=" ">
        <subfield code="a">PROJECT IDENTIFICATION</subfield>
        <subfield code="0">(DHLAUTH)275804</subfield>
    </datafield>
    <datafield tag="650" ind1=" " ind2=" ">
        <subfield code="a">SOLAR ENERGY</subfield>
        <subfield code="0">(DHLAUTH)271255</subfield>
    </datafield>
    <datafield tag="650" ind1=" " ind2=" ">
        <subfield code="a">ACTIVITIES</subfield>
        <subfield code="0">(DHLAUTH)275823</subfield>
    </datafield>
    <datafield tag="650" ind1=" " ind2=" ">
        <subfield code="a">PROJECT ACTIVITIES</subfield>
        <subfield code="0">(DHLAUTH)275801</subfield>
    </datafield>
    <datafield tag="650" ind1=" " ind2=" ">
        <subfield code="a">WESTERN ASIA</subfield>
        <subfield code="0">(DHLAUTH)275490</subfield>
    </datafield>
    <datafield tag="650" ind1=" " ind2=" ">
        <subfield code="a">PUMPS</subfield>
        <subfield code="0">(DHLAUTH)272157</subfield>
    </datafield>
</record>
<record>
    <datafield tag="191" ind1=" " ind2=" ">
        <subfield code="a">E/ESCWA/NR/88/12</subfield>
    </datafield>
    <datafield tag="245" ind1=" " ind2=" ">
        <subfield code="a">PROJECT PROFILE SOLAR AND WIND ENERGY FOR THE DESALINATION OF BARCKISH AND SEA WATER IN REMOTE AREAS OF THE ESCWA REGION</subfield>
    </datafield>
    <datafield tag="269" ind1=" " ind2=" ">
        <subfield code="a">19880908</subfield>
    </datafield>
    <datafield tag="650" ind1=" " ind2=" ">
        <subfield code="a">PROJECT IDENTIFICATION</subfield>
        <subfield code="0">(DHLAUTH)275804</subfield>
    </datafield>
    <datafield tag="650" ind1=" " ind2=" ">
        <subfield code="a">WIND POWER</subfield>
        <subfield code="0">(DHLAUTH)271257</subfield>
    </datafield>
    <datafield tag="650" ind1=" " ind2=" ">
        <subfield code="a">SOLAR ENERGY</subfield>
        <subfield code="0">(DHLAUTH)271255</subfield>
    </datafield>
    <datafield tag="650" ind1=" " ind2=" ">
        <subfield code="a">ACTIVITIES</subfield>
        <subfield code="0">(DHLAUTH)275823</subfield>
    </datafield>
    <datafield tag="650" ind1=" " ind2=" ">
        <subfield code="a">PROJECT ACTIVITIES</subfield>
        <subfield code="0">(DHLAUTH)275801</subfield>
    </datafield>
    <datafield tag="650" ind1=" " ind2=" ">
        <subfield code="a">WESTERN ASIA</subfield>
        <subfield code="0">(DHLAUTH)275490</subfield>
    </datafield>
    <datafield tag="650" ind1=" " ind2=" ">
        <subfield code="a">DESALINATION</subfield>
        <subfield code="0">(DHLAUTH)270874</subfield>
    </datafield>
</record>
<record>
    <datafield tag="191" ind1=" " ind2=" ">
        <subfield code="a">E/ESCWA/NR/88/15</subfield>
    </datafield>
    <datafield tag="245" ind1=" " ind2=" ">
        <subfield code="a">PROJECT PROFILE SOLAR ENERGY BASED HERDERS SETTLEMENT</subfield>
    </datafield>
    <datafield tag="269" ind1=" " ind2=" ">
        <subfield code="a">19880908</subfield>
    </datafield>
    <datafield tag="650" ind1=" " ind2=" ">
        <subfield code="a">PROJECT IDENTIFICATION</subfield>
        <subfield code="0">(DHLAUTH)275804</subfield>
    </datafield>
    <datafield tag="650" ind1=" " ind2=" ">
        <subfield code="a">SOLAR ENERGY</subfield>
        <subfield code="0">(DHLAUTH)271255</subfield>
    </datafield>
    <datafield tag="650" ind1=" " ind2=" ">
        <subfield code="a">WESTERN ASIA</subfield>
        <subfield code="0">(DHLAUTH)275490</subfield>
    </datafield>
    <datafield tag="650" ind1=" " ind2=" ">
        <subfield code="a">NOMADS</subfield>
        <subfield code="0">(DHLAUTH)273096</subfield>
    </datafield>
    <datafield tag="650" ind1=" " ind2=" ">
        <subfield code="a">QUALITY OF LIFE</subfield>
        <subfield code="0">(DHLAUTH)270692</subfield>
    </datafield>
    <datafield tag="650" ind1=" " ind2=" ">
        <subfield code="a">ENERGY REQUIREMENTS</subfield>
        <subfield code="0">(DHLAUTH)271208</subfield>
    </datafield>
    <datafield tag="650" ind1=" " ind2=" ">
        <subfield code="a">ARID ZONES</subfield>
        <subfield code="0">(DHLAUTH)270705</subfield>
    </datafield>
    <datafield tag="650" ind1=" " ind2=" ">
        <subfield code="a">PROJECT ACTIVITIES</subfield>
        <subfield code="0">(DHLAUTH)275801</subfield>
    </datafield>
</record>
<record>
    <datafield tag="191" ind1=" " ind2=" ">
        <subfield code="a">E/ESCWA/NR/88/16</subfield>
    </datafield>
    <datafield tag="245" ind1=" " ind2=" ">
        <subfield code="a">PROJECT PROFILE SOLAR AGRO-INDUSTRIAL DEMONSTRATION FARM</subfield>
    </datafield>
    <datafield tag="269" ind1=" " ind2=" ">
        <subfield code="a">19880908</subfield>
    </datafield>
    <datafield tag="650" ind1=" " ind2=" ">
        <subfield code="a">PROJECT IDENTIFICATION</subfield>
        <subfield code="0">(DHLAUTH)275804</subfield>
    </datafield>
    <datafield tag="650" ind1=" " ind2=" ">
        <subfield code="a">SOLAR ENERGY</subfield>
        <subfield code="0">(DHLAUTH)271255</subfield>
    </datafield>
    <datafield tag="650" ind1=" " ind2=" ">
        <subfield code="a">WESTERN ASIA</subfield>
        <subfield code="0">(DHLAUTH)275490</subfield>
    </datafield>
    <datafield tag="650" ind1=" " ind2=" ">
        <subfield code="a">PROJECT ACTIVITIES</subfield>
        <subfield code="0">(DHLAUTH)275801</subfield>
    </datafield>
    <datafield tag="650" ind1=" " ind2=" ">
        <subfield code="a">AGROINDUSTRY</subfield>
        <subfield code="0">(DHLAUTH)271311</subfield>
    </datafield>
</record>
<record>
    <datafield tag="191" ind1=" " ind2=" ">
        <subfield code="a">E/ESCWA/NR/88/17</subfield>
    </datafield>
    <datafield tag="245" ind1=" " ind2=" ">
        <subfield code="a">PROJECT PROFILE DISSEMINATION OF PROGRAMMES ON DO IT YOURSELF SMALL SCALE SOLAR EQUIPMENT IN REMOTE AREAS OF THE ESCWA REGION</subfield>
    </datafield>
    <datafield tag="269" ind1=" " ind2=" ">
        <subfield code="a">19880918</subfield>
    </datafield>
    <datafield tag="650" ind1=" " ind2=" ">
        <subfield code="a">PROJECT IDENTIFICATION</subfield>
        <subfield code="0">(DHLAUTH)275804</subfield>
    </datafield>
    <datafield tag="650" ind1=" " ind2=" ">
        <subfield code="a">SOLAR ENERGY</subfield>
        <subfield code="0">(DHLAUTH)271255</subfield>
    </datafield>
    <datafield tag="650" ind1=" " ind2=" ">
        <subfield code="a">PROJECT ACTIVITIES</subfield>
        <subfield code="0">(DHLAUTH)275801</subfield>
    </datafield>
    <datafield tag="650" ind1=" " ind2=" ">
        <subfield code="a">EQUIPMENT AND SUPPLIES</subfield>
        <subfield code="0">(DHLAUTH)271339</subfield>
    </datafield>
    <datafield tag="650" ind1=" " ind2=" ">
        <subfield code="a">SELF-HELP</subfield>
        <subfield code="0">(DHLAUTH)269986</subfield>
    </datafield>
</record>
<record>
    <datafield tag="191" ind1=" " ind2=" ">
        <subfield code="a">E/ESCWA/NR/88/18</subfield>
    </datafield>
    <datafield tag="245" ind1=" " ind2=" ">
        <subfield code="a">PROJECT PROFILE SOLAR POND TECHNOLOGY FOR ELECTRICITY GENERATION IN REMOTE AREAS OF THE ESCWA REGION</subfield>
    </datafield>
    <datafield tag="269" ind1=" " ind2=" ">
        <subfield code="a">19880918</subfield>
    </datafield>
    <datafield tag="650" ind1=" " ind2=" ">
        <subfield code="a">PROJECT IDENTIFICATION</subfield>
        <subfield code="0">(DHLAUTH)275804</subfield>
    </datafield>
    <datafield tag="650" ind1=" " ind2=" ">
        <subfield code="a">SOLAR ENERGY</subfield>
        <subfield code="0">(DHLAUTH)271255</subfield>
    </datafield>
    <datafield tag="650" ind1=" " ind2=" ">
        <subfield code="a">WESTERN ASIA</subfield>
        <subfield code="0">(DHLAUTH)275490</subfield>
    </datafield>
    <datafield tag="650" ind1=" " ind2=" ">
        <subfield code="a">PROJECT ACTIVITIES</subfield>
        <subfield code="0">(DHLAUTH)275801</subfield>
    </datafield>
    <datafield tag="650" ind1=" " ind2=" ">
        <subfield code="a">ELECTRIC POWER</subfield>
        <subfield code="0">(DHLAUTH)271189</subfield>
    </datafield>
</record>
<record>
    <datafield tag="191" ind1=" " ind2=" ">
        <subfield code="a">E/ESCWA/NR/88/27</subfield>
    </datafield>
    <datafield tag="245" ind1=" " ind2=" ">
        <subfield code="a">SURVEY AND ASSESSMENT OF ENERGY-RELATED ACTIVITIES AND DEVELOPMENTS IN THE ESCWA REGION</subfield>
    </datafield>
    <datafield tag="269" ind1=" " ind2=" ">
        <subfield code="a">19881231</subfield>
    </datafield>
    <datafield tag="650" ind1=" " ind2=" ">
        <subfield code="a">WESTERN ASIA</subfield>
        <subfield code="0">(DHLAUTH)275490</subfield>
    </datafield>
    <datafield tag="650" ind1=" " ind2=" ">
        <subfield code="a">PETROLEUM INDUSTRY</subfield>
        <subfield code="0">(DHLAUTH)269854</subfield>
    </datafield>
    <datafield tag="650" ind1=" " ind2=" ">
        <subfield code="a">ECONOMIC DEVELOPMENT</subfield>
        <subfield code="0">(DHLAUTH)269755</subfield>
    </datafield>
    <datafield tag="650" ind1=" " ind2=" ">
        <subfield code="a">PETROLEUM EXPLORATION</subfield>
        <subfield code="0">(DHLAUTH)271283</subfield>
    </datafield>
    <datafield tag="650" ind1=" " ind2=" ">
        <subfield code="a">ELECTRICITY</subfield>
        <subfield code="0">(DHLAUTH)271193</subfield>
    </datafield>
    <datafield tag="650" ind1=" " ind2=" ">
        <subfield code="a">RENEWABLE ENERGY SOURCES</subfield>
        <subfield code="0">(DHLAUTH)270594</subfield>
    </datafield>
    <datafield tag="650" ind1=" " ind2=" ">
        <subfield code="a">ACTIVITIES</subfield>
        <subfield code="0">(DHLAUTH)275823</subfield>
    </datafield>
    <datafield tag="650" ind1=" " ind2=" ">
        <subfield code="a">STATISTICAL DATA</subfield>
        <subfield code="0">(DHLAUTH)270233</subfield>
    </datafield>
    <datafield tag="650" ind1=" " ind2=" ">
        <subfield code="a">GAS INDUSTRY</subfield>
        <subfield code="0">(DHLAUTH)271251</subfield>
    </datafield>
</record>
<record>
    <datafield tag="191" ind1=" " ind2=" ">
        <subfield code="a">E/ESCWA/NR/88/2/REV.1</subfield>
    </datafield>
    <datafield tag="246" ind1=" " ind2=" ">
        <subfield code="a">طاقة الرياح وآفاق استخدامها في منطقة الاسكوا</subfield>
    </datafield>
    <datafield tag="269" ind1=" " ind2=" ">
        <subfield code="a">19880210</subfield>
    </datafield>
    <datafield tag="650" ind1=" " ind2=" ">
        <subfield code="a">WESTERN ASIA</subfield>
        <subfield code="0">(DHLAUTH)275490</subfield>
    </datafield>
    <datafield tag="650" ind1=" " ind2=" ">
        <subfield code="a">WIND POWER</subfield>
        <subfield code="0">(DHLAUTH)271257</subfield>
    </datafield>
    <datafield tag="650" ind1=" " ind2=" ">
        <subfield code="a">ENERGY SERVICES</subfield>
        <subfield code="0">(DHLAUTH)608789</subfield>
    </datafield>
    <datafield tag="650" ind1=" " ind2=" ">
        <subfield code="a">RECOMMENDATIONS</subfield>
        <subfield code="0">(DHLAUTH)275840</subfield>
    </datafield>
    <datafield tag="650" ind1=" " ind2=" ">
        <subfield code="a">POWER PLANTS</subfield>
        <subfield code="0">(DHLAUTH)271904</subfield>
    </datafield>
    <datafield tag="650" ind1=" " ind2=" ">
        <subfield code="a">ELECTRIC POWER</subfield>
        <subfield code="0">(DHLAUTH)271189</subfield>
    </datafield>
</record>
<record>
    <datafield tag="191" ind1=" " ind2=" ">
        <subfield code="a">E/ESCWA/NR/88/4</subfield>
    </datafield>
    <datafield tag="246" ind1=" " ind2=" ">
        <subfield code="a">تقرير عن الزيارة الى جامعة الامارات العربية المتحدة, ابو ظبي, خلال الفترة من 23 شباط/فبراير - 7 آذار/مارس 1988</subfield>
    </datafield>
    <datafield tag="269" ind1=" " ind2=" ">
        <subfield code="a">19880424</subfield>
    </datafield>
    <datafield tag="650" ind1=" " ind2=" ">
        <subfield code="a">ADVISORY SERVICES</subfield>
        <subfield code="0">(DHLAUTH)269860</subfield>
    </datafield>
    <datafield tag="650" ind1=" " ind2=" ">
        <subfield code="a">WESTERN ASIA</subfield>
        <subfield code="0">(DHLAUTH)275490</subfield>
    </datafield>
    <datafield tag="650" ind1=" " ind2=" ">
        <subfield code="a">WORK PROGRAMME</subfield>
        <subfield code="0">(DHLAUTH)275800</subfield>
    </datafield>
    <datafield tag="650" ind1=" " ind2=" ">
        <subfield code="a">RESEARCH CENTRES</subfield>
        <subfield code="0">(DHLAUTH)271936</subfield>
    </datafield>
    <datafield tag="650" ind1=" " ind2=" ">
        <subfield code="a">UNITED ARAB EMIRATES</subfield>
        <subfield code="0">(DHLAUTH)275604</subfield>
    </datafield>
</record>
<record>
    <datafield tag="191" ind1=" " ind2=" ">
        <subfield code="a">E/ESCWA/NR/86/WG.1/19(E)</subfield>
    </datafield>
    <datafield tag="191" ind1=" " ind2=" ">
        <subfield code="a">E/ESCWA/NR/88/5(E)</subfield>
    </datafield>
    <datafield tag="245" ind1=" " ind2=" ">
        <subfield code="a">PROCEEDINGS OF THE SEMINAR ON SMALL-SCALE SOLAR AND WIND TECHNOLOGIES FOR RURAL AND REMOTE AREAS IN THE ESCWA REGION, 29 NOVEMBER-3 DECEMBER 1986</subfield>
    </datafield>
    <datafield tag="269" ind1=" " ind2=" ">
        <subfield code="a">19880629</subfield>
    </datafield>
    <datafield tag="650" ind1=" " ind2=" ">
        <subfield code="a">CONFERENCES</subfield>
        <subfield code="0">(DHLAUTH)275758</subfield>
    </datafield>
    <datafield tag="650" ind1=" " ind2=" ">
        <subfield code="a">RURAL AREAS</subfield>
        <subfield code="0">(DHLAUTH)269978</subfield>
    </datafield>
    <datafield tag="650" ind1=" " ind2=" ">
        <subfield code="a">SOLAR ENERGY</subfield>
        <subfield code="0">(DHLAUTH)271255</subfield>
    </datafield>
    <datafield tag="650" ind1=" " ind2=" ">
        <subfield code="a">WIND POWER</subfield>
        <subfield code="0">(DHLAUTH)271257</subfield>
    </datafield>
    <datafield tag="650" ind1=" " ind2=" ">
        <subfield code="a">WESTERN ASIA</subfield>
        <subfield code="0">(DHLAUTH)275490</subfield>
    </datafield>
    <datafield tag="650" ind1=" " ind2=" ">
        <subfield code="a">DESALINATION</subfield>
        <subfield code="0">(DHLAUTH)270874</subfield>
    </datafield>
    <datafield tag="650" ind1=" " ind2=" ">
        <subfield code="a">PROJECT APPRAISAL</subfield>
        <subfield code="0">(DHLAUTH)269963</subfield>
    </datafield>
    <datafield tag="650" ind1=" " ind2=" ">
        <subfield code="a">REGIONAL COOPERATION</subfield>
        <subfield code="0">(DHLAUTH)268656</subfield>
    </datafield>
    <datafield tag="650" ind1=" " ind2=" ">
        <subfield code="a">TECHNICAL TRAINING</subfield>
        <subfield code="0">(DHLAUTH)271971</subfield>
    </datafield>
    <datafield tag="650" ind1=" " ind2=" ">
        <subfield code="a">MOROCCO</subfield>
        <subfield code="0">(DHLAUTH)273417</subfield>
    </datafield>
</record>
<record>
    <datafield tag="191" ind1=" " ind2=" ">
        <subfield code="a">E/ESCWA/NR/88/6</subfield>
    </datafield>
    <datafield tag="246" ind1=" " ind2=" ">
        <subfield code="a">آفاق استخدام طاقة الغاز الحيوي في الجمهورية العربية السورية</subfield>
    </datafield>
    <datafield tag="269" ind1=" " ind2=" ">
        <subfield code="a">19880706</subfield>
    </datafield>
    <datafield tag="650" ind1=" " ind2=" ">
        <subfield code="a">WESTERN ASIA</subfield>
        <subfield code="0">(DHLAUTH)275490</subfield>
    </datafield>
    <datafield tag="650" ind1=" " ind2=" ">
        <subfield code="a">BIOGAS</subfield>
        <subfield code="0">(DHLAUTH)271164</subfield>
    </datafield>
    <datafield tag="650" ind1=" " ind2=" ">
        <subfield code="a">ADMINISTRATION</subfield>
        <subfield code="0">(DHLAUTH)270038</subfield>
    </datafield>
    <datafield tag="650" ind1=" " ind2=" ">
        <subfield code="a">PUBLIC INSTITUTIONS</subfield>
        <subfield code="0">(DHLAUTH)269948</subfield>
    </datafield>
    <datafield tag="650" ind1=" " ind2=" ">
        <subfield code="a">WEATHER</subfield>
        <subfield code="0">(DHLAUTH)270545</subfield>
    </datafield>
    <datafield tag="650" ind1=" " ind2=" ">
        <subfield code="a">AGRICULTURE</subfield>
        <subfield code="0">(DHLAUTH)271335</subfield>
    </datafield>
    <datafield tag="650" ind1=" " ind2=" ">
        <subfield code="a">ENERGY RESOURCES</subfield>
        <subfield code="0">(DHLAUTH)270561</subfield>
    </datafield>
    <datafield tag="650" ind1=" " ind2=" ">
        <subfield code="a">ENERGY CONSUMPTION</subfield>
        <subfield code="0">(DHLAUTH)269578</subfield>
    </datafield>
    <datafield tag="650" ind1=" " ind2=" ">
        <subfield code="a">SOLAR ENERGY</subfield>
        <subfield code="0">(DHLAUTH)271255</subfield>
    </datafield>
    <datafield tag="650" ind1=" " ind2=" ">
        <subfield code="a">WIND POWER</subfield>
        <subfield code="0">(DHLAUTH)271257</subfield>
    </datafield>
    <datafield tag="650" ind1=" " ind2=" ">
        <subfield code="a">ANIMALS</subfield>
        <subfield code="0">(DHLAUTH)270988</subfield>
    </datafield>
    <datafield tag="650" ind1=" " ind2=" ">
        <subfield code="a">SYRIAN ARAB REPUBLIC</subfield>
        <subfield code="0">(DHLAUTH)273496</subfield>
    </datafield>
    <datafield tag="650" ind1=" " ind2=" ">
        <subfield code="a">STATISTICAL DATA</subfield>
        <subfield code="0">(DHLAUTH)270233</subfield>
    </datafield>
</record>
<record>
    <datafield tag="191" ind1=" " ind2=" ">
        <subfield code="a">E/ESCWA/NR/88/9/REV.1</subfield>
    </datafield>
    <datafield tag="246" ind1=" " ind2=" ">
        <subfield code="a">دليل تصميم وانشاء وتشغيل وصيانة وحدات انتاج الغاز الحيوي العائلية</subfield>
    </datafield>
    <datafield tag="269" ind1=" " ind2=" ">
        <subfield code="a">19890531</subfield>
    </datafield>
    <datafield tag="650" ind1=" " ind2=" ">
        <subfield code="a">WESTERN ASIA</subfield>
        <subfield code="0">(DHLAUTH)275490</subfield>
    </datafield>
    <datafield tag="650" ind1=" " ind2=" ">
        <subfield code="a">BIOGAS</subfield>
        <subfield code="0">(DHLAUTH)271164</subfield>
    </datafield>
    <datafield tag="650" ind1=" " ind2=" ">
        <subfield code="a">DIRECTORIES</subfield>
        <subfield code="0">(DHLAUTH)275130</subfield>
    </datafield>
</record>
<record>
    <datafield tag="191" ind1=" " ind2=" ">
        <subfield code="a">E/ESCWA/NR/89/1</subfield>
    </datafield>
    <datafield tag="246" ind1=" " ind2=" ">
        <subfield code="a">تقرير عن المهمة الاستشارية الى وزارة الزراعية والثروة السمكية في دولة الامارات العربية المتحدة ابو ظبي خلال الفترة من 13 تشرين لبثاني/نوفمبر - 6 كانون الاول/ ديسمبر 1988</subfield>
    </datafield>
    <datafield tag="269" ind1=" " ind2=" ">
        <subfield code="a">19890121</subfield>
    </datafield>
    <datafield tag="650" ind1=" " ind2=" ">
        <subfield code="a">ADVISORY SERVICES</subfield>
        <subfield code="0">(DHLAUTH)269860</subfield>
    </datafield>
    <datafield tag="650" ind1=" " ind2=" ">
        <subfield code="a">WATER RESOURCES</subfield>
        <subfield code="0">(DHLAUTH)270568</subfield>
    </datafield>
    <datafield tag="650" ind1=" " ind2=" ">
        <subfield code="a">GROUNDWATER</subfield>
        <subfield code="0">(DHLAUTH)270891</subfield>
    </datafield>
    <datafield tag="650" ind1=" " ind2=" ">
        <subfield code="a">LOCAL LAWS</subfield>
        <subfield code="0">(DHLAUTH)268419</subfield>
    </datafield>
</record>
<record>
    <datafield tag="191" ind1=" " ind2=" ">
        <subfield code="a">E/ESCWA/NR/89/10</subfield>
    </datafield>
    <datafield tag="246" ind1=" " ind2=" ">
        <subfield code="a">تقرير عن المهمة الاستشارية لجمهورية اليمن الديمقراطية الشعبية خلال الفترة من 24-30 نيسان /ابريل 1989</subfield>
    </datafield>
    <datafield tag="269" ind1=" " ind2=" ">
        <subfield code="a">19890723</subfield>
    </datafield>
    <datafield tag="650" ind1=" " ind2=" ">
        <subfield code="a">ADVISORY SERVICES</subfield>
        <subfield code="0">(DHLAUTH)269860</subfield>
    </datafield>
    <datafield tag="650" ind1=" " ind2=" ">
        <subfield code="a">BIOGAS</subfield>
        <subfield code="0">(DHLAUTH)271164</subfield>
    </datafield>
    <datafield tag="650" ind1=" " ind2=" ">
        <subfield code="a">YEMEN</subfield>
        <subfield code="0">(DHLAUTH)273521</subfield>
    </datafield>
    <datafield tag="650" ind1=" " ind2=" ">
        <subfield code="a">WESTERN ASIA</subfield>
        <subfield code="0">(DHLAUTH)275490</subfield>
    </datafield>
</record>
<record>
    <datafield tag="191" ind1=" " ind2=" ">
        <subfield code="a">E/ESCWA/NR/89/15</subfield>
    </datafield>
    <datafield tag="246" ind1=" " ind2=" ">
        <subfield code="a">دراسة استقصائية عن الوقود المنخفض المرتبة الحرارية وامكانات استخدامه في مختلف التطبيقات</subfield>
    </datafield>
    <datafield tag="269" ind1=" " ind2=" ">
        <subfield code="a">19890220</subfield>
    </datafield>
    <datafield tag="650" ind1=" " ind2=" ">
        <subfield code="a">PETROLEUM INDUSTRY</subfield>
        <subfield code="0">(DHLAUTH)269854</subfield>
    </datafield>
    <datafield tag="650" ind1=" " ind2=" ">
        <subfield code="a">ECONOMIC DEVELOPMENT</subfield>
        <subfield code="0">(DHLAUTH)269755</subfield>
    </datafield>
    <datafield tag="650" ind1=" " ind2=" ">
        <subfield code="a">STATISTICAL DATA</subfield>
        <subfield code="0">(DHLAUTH)270233</subfield>
    </datafield>
    <datafield tag="650" ind1=" " ind2=" ">
        <subfield code="a">FOSSIL FUELS</subfield>
        <subfield code="0">(DHLAUTH)270578</subfield>
    </datafield>
    <datafield tag="650" ind1=" " ind2=" ">
        <subfield code="a">HEAVY OIL</subfield>
        <subfield code="0">(DHLAUTH)271275</subfield>
    </datafield>
    <datafield tag="650" ind1=" " ind2=" ">
        <subfield code="a">RISK</subfield>
        <subfield code="0">(DHLAUTH)269693</subfield>
    </datafield>
</record>
<record>
    <datafield tag="191" ind1=" " ind2=" ">
        <subfield code="a">E/ESCWA/NR/89/16</subfield>
    </datafield>
    <datafield tag="246" ind1=" " ind2=" ">
        <subfield code="a">تقرير عن المهمة الاستشارية لجمهورية مصر العربية خلال الفترة من 14-17 تشرين الاول/اكتوبر 1989</subfield>
    </datafield>
    <datafield tag="269" ind1=" " ind2=" ">
        <subfield code="a">19891101</subfield>
    </datafield>
    <datafield tag="650" ind1=" " ind2=" ">
        <subfield code="a">ADVISORY SERVICES</subfield>
        <subfield code="0">(DHLAUTH)269860</subfield>
    </datafield>
    <datafield tag="650" ind1=" " ind2=" ">
        <subfield code="a">WESTERN ASIA</subfield>
        <subfield code="0">(DHLAUTH)275490</subfield>
    </datafield>
    <datafield tag="650" ind1=" " ind2=" ">
        <subfield code="a">BIOGAS</subfield>
        <subfield code="0">(DHLAUTH)271164</subfield>
    </datafield>
    <datafield tag="650" ind1=" " ind2=" ">
        <subfield code="a">RURAL DEVELOPMENT</subfield>
        <subfield code="0">(DHLAUTH)269872</subfield>
    </datafield>
    <datafield tag="650" ind1=" " ind2=" ">
        <subfield code="a">ENERGY TECHNOLOGY</subfield>
        <subfield code="0">(DHLAUTH)271206</subfield>
    </datafield>
    <datafield tag="650" ind1=" " ind2=" ">
        <subfield code="a">MEASUREMENT</subfield>
        <subfield code="0">(DHLAUTH)270540</subfield>
    </datafield>
    <datafield tag="650" ind1=" " ind2=" ">
        <subfield code="a">EGYPT</subfield>
        <subfield code="0">(DHLAUTH)273328</subfield>
    </datafield>
</record>
<record>
    <datafield tag="191" ind1=" " ind2=" ">
        <subfield code="a">E/ESCWA/NR/89/17</subfield>
    </datafield>
    <datafield tag="245" ind1=" " ind2=" ">
        <subfield code="a">MONITORING AND CONTROL OF SEA-WATER INTRUSION IN THE ESCWA REGIONS</subfield>
    </datafield>
    <datafield tag="269" ind1=" " ind2=" ">
        <subfield code="a">19891205</subfield>
    </datafield>
    <datafield tag="650" ind1=" " ind2=" ">
        <subfield code="a">WESTERN ASIA</subfield>
        <subfield code="0">(DHLAUTH)275490</subfield>
    </datafield>
    <datafield tag="650" ind1=" " ind2=" ">
        <subfield code="a">CONFERENCES</subfield>
        <subfield code="0">(DHLAUTH)275758</subfield>
    </datafield>
    <datafield tag="650" ind1=" " ind2=" ">
        <subfield code="a">SALINE WATERS</subfield>
        <subfield code="0">(DHLAUTH)270881</subfield>
    </datafield>
    <datafield tag="650" ind1=" " ind2=" ">
        <subfield code="a">GROUNDWATER</subfield>
        <subfield code="0">(DHLAUTH)270891</subfield>
    </datafield>
    <datafield tag="650" ind1=" " ind2=" ">
        <subfield code="a">WELLS</subfield>
        <subfield code="0">(DHLAUTH)270895</subfield>
    </datafield>
</record>
<record>
    <datafield tag="191" ind1=" " ind2=" ">
        <subfield code="a">E/ESCWA/NR/89/19</subfield>
    </datafield>
    <datafield tag="245" ind1=" " ind2=" ">
        <subfield code="a">ASSESSMENT OF DATA BASE NEEDS FOR THE ESCWA REGION</subfield>
    </datafield>
    <datafield tag="269" ind1=" " ind2=" ">
        <subfield code="a">19891226</subfield>
    </datafield>
    <datafield tag="650" ind1=" " ind2=" ">
        <subfield code="a">STATISTICAL DATA</subfield>
        <subfield code="0">(DHLAUTH)270233</subfield>
    </datafield>
    <datafield tag="650" ind1=" " ind2=" ">
        <subfield code="a">DATABASES</subfield>
        <subfield code="0">(DHLAUTH)275124</subfield>
    </datafield>
    <datafield tag="650" ind1=" " ind2=" ">
        <subfield code="a">WESTERN ASIA</subfield>
        <subfield code="0">(DHLAUTH)275490</subfield>
    </datafield>
    <datafield tag="650" ind1=" " ind2=" ">
        <subfield code="a">WATER RESOURCES</subfield>
        <subfield code="0">(DHLAUTH)270568</subfield>
    </datafield>
</record>
<record>
    <datafield tag="191" ind1=" " ind2=" ">
        <subfield code="a">E/ESCWA/NR/89/2</subfield>
    </datafield>
    <datafield tag="245" ind1=" " ind2=" ">
        <subfield code="a">THE ACTIVITIES OF THE ECONOMIC AND SOCIAL COMMISSION FOR WESTERN ASIA IN THE FIELD OF NEW AND RENEWABLE SOURCES OF ENERGY</subfield>
    </datafield>
    <datafield tag="269" ind1=" " ind2=" ">
        <subfield code="a">19890214</subfield>
    </datafield>
    <datafield tag="650" ind1=" " ind2=" ">
        <subfield code="a">WESTERN ASIA</subfield>
        <subfield code="0">(DHLAUTH)275490</subfield>
    </datafield>
    <datafield tag="650" ind1=" " ind2=" ">
        <subfield code="a">RENEWABLE ENERGY SOURCES</subfield>
        <subfield code="0">(DHLAUTH)270594</subfield>
    </datafield>
    <datafield tag="650" ind1=" " ind2=" ">
        <subfield code="a">ENERGY TECHNOLOGY</subfield>
        <subfield code="0">(DHLAUTH)271206</subfield>
    </datafield>
    <datafield tag="650" ind1=" " ind2=" ">
        <subfield code="a">ACTIVITIES</subfield>
        <subfield code="0">(DHLAUTH)275823</subfield>
    </datafield>
</record>
<record>
    <datafield tag="191" ind1=" " ind2=" ">
        <subfield code="a">E/ESCWA/NR/89/20</subfield>
    </datafield>
    <datafield tag="246" ind1=" " ind2=" ">
        <subfield code="a">دور مؤسسات القطاع العام وتأثيرها في اقتناء التكنولوجيا وتطويعا واستخدامها في بلدان مختارة من منطقة الاسكوا</subfield>
    </datafield>
    <datafield tag="269" ind1=" " ind2=" ">
        <subfield code="a">19891217</subfield>
    </datafield>
    <datafield tag="650" ind1=" " ind2=" ">
        <subfield code="a">WESTERN ASIA</subfield>
        <subfield code="0">(DHLAUTH)275490</subfield>
    </datafield>
    <datafield tag="650" ind1=" " ind2=" ">
        <subfield code="a">PUBLIC SECTOR</subfield>
        <subfield code="0">(DHLAUTH)269679</subfield>
    </datafield>
    <datafield tag="650" ind1=" " ind2=" ">
        <subfield code="a">TECHNOLOGY</subfield>
        <subfield code="0">(DHLAUTH)271833</subfield>
    </datafield>
    <datafield tag="650" ind1=" " ind2=" ">
        <subfield code="a">TECHNOLOGICAL CHANGE</subfield>
        <subfield code="0">(DHLAUTH)271841</subfield>
    </datafield>
    <datafield tag="650" ind1=" " ind2=" ">
        <subfield code="a">EGYPT</subfield>
        <subfield code="0">(DHLAUTH)273328</subfield>
    </datafield>
    <datafield tag="650" ind1=" " ind2=" ">
        <subfield code="a">JORDAN</subfield>
        <subfield code="0">(DHLAUTH)269099</subfield>
    </datafield>
    <datafield tag="650" ind1=" " ind2=" ">
        <subfield code="a">QATAR</subfield>
        <subfield code="0">(DHLAUTH)275603</subfield>
    </datafield>
    <datafield tag="650" ind1=" " ind2=" ">
        <subfield code="a">INDUSTRY</subfield>
        <subfield code="0">(DHLAUTH)271796</subfield>
    </datafield>
    <datafield tag="650" ind1=" " ind2=" ">
        <subfield code="a">TECHNOLOGY TRANSFER</subfield>
        <subfield code="0">(DHLAUTH)271882</subfield>
    </datafield>
</record>
<record>
    <datafield tag="191" ind1=" " ind2=" ">
        <subfield code="a">E/ESCWA/NR/89/24</subfield>
    </datafield>
    <datafield tag="245" ind1=" " ind2=" ">
        <subfield code="a">LATEST TECHNOLOGIES IN THE FIELD OF NEW AND RENEWABLE SOURCES OF ENERGY: STATUS AND PROSPECTS FOR THEIR APPLICATION IN THE ESCWA REGION</subfield>
    </datafield>
    <datafield tag="269" ind1=" " ind2=" ">
        <subfield code="a">19891214</subfield>
    </datafield>
    <datafield tag="650" ind1=" " ind2=" ">
        <subfield code="a">RENEWABLE ENERGY SOURCES</subfield>
        <subfield code="0">(DHLAUTH)270594</subfield>
    </datafield>
    <datafield tag="650" ind1=" " ind2=" ">
        <subfield code="a">ENERGY TECHNOLOGY</subfield>
        <subfield code="0">(DHLAUTH)271206</subfield>
    </datafield>
    <datafield tag="650" ind1=" " ind2=" ">
        <subfield code="a">RECOMMENDATIONS</subfield>
        <subfield code="0">(DHLAUTH)275840</subfield>
    </datafield>
    <datafield tag="650" ind1=" " ind2=" ">
        <subfield code="a">WESTERN ASIA</subfield>
        <subfield code="0">(DHLAUTH)275490</subfield>
    </datafield>
</record>
<record>
    <datafield tag="191" ind1=" " ind2=" ">
        <subfield code="a">E/ESCWA/NR/89/25</subfield>
    </datafield>
    <datafield tag="246" ind1=" " ind2=" ">
        <subfield code="a">تقرير عن المهمة الاستشارية الى ادارة البحوث الزراعية والمائية في وزارة الشئون البلدية والزراعة بدولة قطر, خلال الفترة من 8-29 تشرين الاول/اكتوبر 1989</subfield>
    </datafield>
    <datafield tag="269" ind1=" " ind2=" ">
        <subfield code="a">19891031</subfield>
    </datafield>
    <datafield tag="650" ind1=" " ind2=" ">
        <subfield code="a">ADVISORY SERVICES</subfield>
        <subfield code="0">(DHLAUTH)269860</subfield>
    </datafield>
    <datafield tag="650" ind1=" " ind2=" ">
        <subfield code="a">WATER RESOURCES</subfield>
        <subfield code="0">(DHLAUTH)270568</subfield>
    </datafield>
    <datafield tag="650" ind1=" " ind2=" ">
        <subfield code="a">WATER STORAGE</subfield>
        <subfield code="0">(DHLAUTH)270873</subfield>
    </datafield>
    <datafield tag="650" ind1=" " ind2=" ">
        <subfield code="a">QATAR</subfield>
        <subfield code="0">(DHLAUTH)275603</subfield>
    </datafield>
    <datafield tag="650" ind1=" " ind2=" ">
        <subfield code="a">DESALINATION</subfield>
        <subfield code="0">(DHLAUTH)270874</subfield>
    </datafield>
</record>
<record>
    <datafield tag="191" ind1=" " ind2=" ">
        <subfield code="a">E/ESCWA/NR/89/26</subfield>
    </datafield>
    <datafield tag="246" ind1=" " ind2=" ">
        <subfield code="a">تقرير عن المهمة الاستشارية الى وزارة الزراعة والمياه, ادارة تنمية موارد المياه, المملكة العربية السعودية, الرياض, خلال الفترة من 28 تموز/يوليو الى 19 آب/اغسطس 1989</subfield>
    </datafield>
    <datafield tag="269" ind1=" " ind2=" ">
        <subfield code="a">19890919</subfield>
    </datafield>
    <datafield tag="650" ind1=" " ind2=" ">
        <subfield code="a">ADVISORY SERVICES</subfield>
        <subfield code="0">(DHLAUTH)269860</subfield>
    </datafield>
    <datafield tag="650" ind1=" " ind2=" ">
        <subfield code="a">WATER STORAGE</subfield>
        <subfield code="0">(DHLAUTH)270873</subfield>
    </datafield>
    <datafield tag="650" ind1=" " ind2=" ">
        <subfield code="a">DESALINATION</subfield>
        <subfield code="0">(DHLAUTH)270874</subfield>
    </datafield>
    <datafield tag="650" ind1=" " ind2=" ">
        <subfield code="a">GROUNDWATER</subfield>
        <subfield code="0">(DHLAUTH)270891</subfield>
    </datafield>
    <datafield tag="650" ind1=" " ind2=" ">
        <subfield code="a">RECOMMENDATIONS</subfield>
        <subfield code="0">(DHLAUTH)275840</subfield>
    </datafield>
    <datafield tag="650" ind1=" " ind2=" ">
        <subfield code="a">SAUDI ARABIA</subfield>
        <subfield code="0">(DHLAUTH)273464</subfield>
    </datafield>
</record>
<record>
    <datafield tag="191" ind1=" " ind2=" ">
        <subfield code="a">E/ESCWA/NR/89/27</subfield>
    </datafield>
    <datafield tag="245" ind1=" " ind2=" ">
        <subfield code="a">PROCEEDINGS OF THE MEETING ON SPECIALIZED FINANCIAL INSTITUTIONS AND DEVELOPMENT OF ENDOGENOUS TECHNOLOGICAL CAPABILITIES</subfield>
    </datafield>
    <datafield tag="246" ind1=" " ind2=" ">
        <subfield code="a">تنمية القدرات التكنولوجية الذاتية : دور المؤسسات المالية المتخصصة/ وقائع الإجتماع المعني بتنمية القدرات التكنولوجية ودور المؤسسات المالية المتخصصة فيها 13-16 تشرين الثاني 1989 القاهرة</subfield>
    </datafield>
    <datafield tag="269" ind1=" " ind2=" ">
        <subfield code="a">19891226</subfield>
    </datafield>
    <datafield tag="650" ind1=" " ind2=" ">
        <subfield code="a">FINANCIAL INSTITUTIONS</subfield>
        <subfield code="0">(DHLAUTH)270073</subfield>
    </datafield>
    <datafield tag="650" ind1=" " ind2=" ">
        <subfield code="a">CONFERENCES</subfield>
        <subfield code="0">(DHLAUTH)275758</subfield>
    </datafield>
    <datafield tag="650" ind1=" " ind2=" ">
        <subfield code="a">WESTERN ASIA</subfield>
        <subfield code="0">(DHLAUTH)275490</subfield>
    </datafield>
    <datafield tag="650" ind1=" " ind2=" ">
        <subfield code="a">SCIENCE AND TECHNOLOGY CAPABILITY</subfield>
        <subfield code="0">(DHLAUTH)274356</subfield>
    </datafield>
    <datafield tag="650" ind1=" " ind2=" ">
        <subfield code="a">RECOMMENDATIONS</subfield>
        <subfield code="0">(DHLAUTH)275840</subfield>
    </datafield>
</record>
<record>
    <datafield tag="191" ind1=" " ind2=" ">
        <subfield code="a">E/ESCWA/NR/89/28</subfield>
    </datafield>
    <datafield tag="246" ind1=" " ind2=" ">
        <subfield code="a">تقرير عن مهمتي المتابعة لمشروع تكنولوجيا الغاز الحيوي في جمهورية اليمن الديمقراطية الشعبية, عدن, خلال الفترة من 2-8 كانون الاول/ديسمبر و جمهورية مصر العربية, خلال الفترة من 16-21 كانون الاول/ديسمبر 1989</subfield>
    </datafield>
    <datafield tag="269" ind1=" " ind2=" ">
        <subfield code="a">19900101</subfield>
    </datafield>
    <datafield tag="650" ind1=" " ind2=" ">
        <subfield code="a">ADVISORY SERVICES</subfield>
        <subfield code="0">(DHLAUTH)269860</subfield>
    </datafield>
    <datafield tag="650" ind1=" " ind2=" ">
        <subfield code="a">WESTERN ASIA</subfield>
        <subfield code="0">(DHLAUTH)275490</subfield>
    </datafield>
    <datafield tag="650" ind1=" " ind2=" ">
        <subfield code="a">BIOGAS</subfield>
        <subfield code="0">(DHLAUTH)271164</subfield>
    </datafield>
    <datafield tag="650" ind1=" " ind2=" ">
        <subfield code="a">YEMEN</subfield>
        <subfield code="0">(DHLAUTH)273521</subfield>
    </datafield>
    <datafield tag="650" ind1=" " ind2=" ">
        <subfield code="a">EGYPT</subfield>
        <subfield code="0">(DHLAUTH)273328</subfield>
    </datafield>
    <datafield tag="650" ind1=" " ind2=" ">
        <subfield code="a">RECOMMENDATIONS</subfield>
        <subfield code="0">(DHLAUTH)275840</subfield>
    </datafield>
</record>
<record>
    <datafield tag="191" ind1=" " ind2=" ">
        <subfield code="a">E/ESCWA/NR/89/29</subfield>
    </datafield>
    <datafield tag="246" ind1=" " ind2=" ">
        <subfield code="a">وقائع ندوة تكنولوجيا الغاز الحيوي للمناطق الريفية في بلدان عربية مختارة, 26 تشرين الثاني/نوفمبر - 1 كانون الاول/ديسمبر 1988, القاهرة</subfield>
    </datafield>
    <datafield tag="269" ind1=" " ind2=" ">
        <subfield code="a">19891231</subfield>
    </datafield>
    <datafield tag="650" ind1=" " ind2=" ">
        <subfield code="a">BIOGAS</subfield>
        <subfield code="0">(DHLAUTH)271164</subfield>
    </datafield>
    <datafield tag="650" ind1=" " ind2=" ">
        <subfield code="a">CONFERENCES</subfield>
        <subfield code="0">(DHLAUTH)275758</subfield>
    </datafield>
    <datafield tag="650" ind1=" " ind2=" ">
        <subfield code="a">WESTERN ASIA</subfield>
        <subfield code="0">(DHLAUTH)275490</subfield>
    </datafield>
    <datafield tag="650" ind1=" " ind2=" ">
        <subfield code="a">ENERGY TECHNOLOGY</subfield>
        <subfield code="0">(DHLAUTH)271206</subfield>
    </datafield>
</record>
<record>
    <datafield tag="191" ind1=" " ind2=" ">
        <subfield code="a">E/ESCWA/NR/89/4</subfield>
    </datafield>
    <datafield tag="246" ind1=" " ind2=" ">
        <subfield code="a">تقرير عن المهمة الاستشارية لمشروع انتاج الغاز الحيوي التابع لمركز بحوث الطاقة الشمسية, الجمهورية العراقية, بغداد, في 13 آذار/مارس 1989</subfield>
    </datafield>
    <datafield tag="269" ind1=" " ind2=" ">
        <subfield code="a">19890315</subfield>
    </datafield>
    <datafield tag="650" ind1=" " ind2=" ">
        <subfield code="a">ADVISORY SERVICES</subfield>
        <subfield code="0">(DHLAUTH)269860</subfield>
    </datafield>
    <datafield tag="650" ind1=" " ind2=" ">
        <subfield code="a">WESTERN ASIA</subfield>
        <subfield code="0">(DHLAUTH)275490</subfield>
    </datafield>
    <datafield tag="650" ind1=" " ind2=" ">
        <subfield code="a">BIOGAS</subfield>
        <subfield code="0">(DHLAUTH)271164</subfield>
    </datafield>
    <datafield tag="650" ind1=" " ind2=" ">
        <subfield code="a">IRAQ</subfield>
        <subfield code="0">(DHLAUTH)273370</subfield>
    </datafield>
</record>
<record>
    <datafield tag="191" ind1=" " ind2=" ">
        <subfield code="a">E/ESCWA/NR/89/5</subfield>
    </datafield>
    <datafield tag="246" ind1=" " ind2=" ">
        <subfield code="a">تقرير عن المهمة الاستشارية لجمهورية اليمن الديمقراطية الشعبية خلال الفترة من 14-24 شباط/فبراير 1989</subfield>
    </datafield>
    <datafield tag="269" ind1=" " ind2=" ">
        <subfield code="a">19890314</subfield>
    </datafield>
    <datafield tag="650" ind1=" " ind2=" ">
        <subfield code="a">ADVISORY SERVICES</subfield>
        <subfield code="0">(DHLAUTH)269860</subfield>
    </datafield>
    <datafield tag="650" ind1=" " ind2=" ">
        <subfield code="a">WESTERN ASIA</subfield>
        <subfield code="0">(DHLAUTH)275490</subfield>
    </datafield>
    <datafield tag="650" ind1=" " ind2=" ">
        <subfield code="a">BIOGAS</subfield>
        <subfield code="0">(DHLAUTH)271164</subfield>
    </datafield>
    <datafield tag="650" ind1=" " ind2=" ">
        <subfield code="a">YEMEN</subfield>
        <subfield code="0">(DHLAUTH)273521</subfield>
    </datafield>
</record>
<record>
    <datafield tag="191" ind1=" " ind2=" ">
        <subfield code="a">E/ESCWA/NR/89/6</subfield>
    </datafield>
    <datafield tag="245" ind1=" " ind2=" ">
        <subfield code="a">REPORT ON MISSION TO MINISTRY OF WATER AND IRRIGATION WATER RESOURCES AUTHORITY: THE HASHEMITE KINGDOM OF JORDAN, AMMAN, DURING THE PERIOD FROM 11-28 MARCH 1989</subfield>
    </datafield>
    <datafield tag="269" ind1=" " ind2=" ">
        <subfield code="a">19890404</subfield>
    </datafield>
    <datafield tag="650" ind1=" " ind2=" ">
        <subfield code="a">ADVISORY SERVICES</subfield>
        <subfield code="0">(DHLAUTH)269860</subfield>
    </datafield>
    <datafield tag="650" ind1=" " ind2=" ">
        <subfield code="a">WESTERN ASIA</subfield>
        <subfield code="0">(DHLAUTH)275490</subfield>
    </datafield>
    <datafield tag="650" ind1=" " ind2=" ">
        <subfield code="a">GROUNDWATER</subfield>
        <subfield code="0">(DHLAUTH)270891</subfield>
    </datafield>
    <datafield tag="650" ind1=" " ind2=" ">
        <subfield code="a">WELLS</subfield>
        <subfield code="0">(DHLAUTH)270895</subfield>
    </datafield>
    <datafield tag="650" ind1=" " ind2=" ">
        <subfield code="a">SALINE WATERS</subfield>
        <subfield code="0">(DHLAUTH)270881</subfield>
    </datafield>
    <datafield tag="650" ind1=" " ind2=" ">
        <subfield code="a">AQUIFERS</subfield>
        <subfield code="0">(DHLAUTH)270896</subfield>
    </datafield>
    <datafield tag="650" ind1=" " ind2=" ">
        <subfield code="a">JORDAN</subfield>
        <subfield code="0">(DHLAUTH)269099</subfield>
    </datafield>
</record>
<record>
    <datafield tag="191" ind1=" " ind2=" ">
        <subfield code="a">E/ESCWA/NR/89/7</subfield>
    </datafield>
    <datafield tag="245" ind1=" " ind2=" ">
        <subfield code="a">تقرير عن المهمة الاستشارية الى وزارة التجارة والزراعة/ ادارة مصادر المياه دولة البحرين خلال الفترة من 10 شباط /فبراير - 4 آذار /مارس  1989</subfield>
    </datafield>
    <datafield tag="269" ind1=" " ind2=" ">
        <subfield code="a">19890410</subfield>
    </datafield>
    <datafield tag="650" ind1=" " ind2=" ">
        <subfield code="a">ADVISORY SERVICES</subfield>
        <subfield code="0">(DHLAUTH)269860</subfield>
    </datafield>
    <datafield tag="650" ind1=" " ind2=" ">
        <subfield code="a">POPULATION</subfield>
        <subfield code="0">(DHLAUTH)272994</subfield>
    </datafield>
    <datafield tag="650" ind1=" " ind2=" ">
        <subfield code="a">WEATHER</subfield>
        <subfield code="0">(DHLAUTH)270545</subfield>
    </datafield>
    <datafield tag="650" ind1=" " ind2=" ">
        <subfield code="a">WATER CONSUMPTION</subfield>
        <subfield code="0">(DHLAUTH)269580</subfield>
    </datafield>
    <datafield tag="650" ind1=" " ind2=" ">
        <subfield code="a">LAWS AND REGULATIONS</subfield>
        <subfield code="0">(DHLAUTH)268352</subfield>
    </datafield>
    <datafield tag="650" ind1=" " ind2=" ">
        <subfield code="a">GROUNDWATER</subfield>
        <subfield code="0">(DHLAUTH)270891</subfield>
    </datafield>
    <datafield tag="650" ind1=" " ind2=" ">
        <subfield code="a">BAHRAIN</subfield>
        <subfield code="0">(DHLAUTH)273274</subfield>
    </datafield>
    <datafield tag="650" ind1=" " ind2=" ">
        <subfield code="a">WESTERN ASIA</subfield>
        <subfield code="0">(DHLAUTH)275490</subfield>
    </datafield>
</record>
<record>
    <datafield tag="191" ind1=" " ind2=" ">
        <subfield code="a">E/ESCWA/NR/89/8</subfield>
    </datafield>
    <datafield tag="245" ind1=" " ind2=" ">
        <subfield code="a">تقرير عن المهمة الاستشارية الى الهيئة العامة لموارد المياة في سلطنة عمان خلال الفترة من 13-31 آيار /مايو1989</subfield>
    </datafield>
    <datafield tag="269" ind1=" " ind2=" ">
        <subfield code="a">19890611</subfield>
    </datafield>
    <datafield tag="650" ind1=" " ind2=" ">
        <subfield code="a">ADVISORY SERVICES</subfield>
        <subfield code="0">(DHLAUTH)269860</subfield>
    </datafield>
    <datafield tag="650" ind1=" " ind2=" ">
        <subfield code="a">WATER RESOURCES</subfield>
        <subfield code="0">(DHLAUTH)270568</subfield>
    </datafield>
    <datafield tag="650" ind1=" " ind2=" ">
        <subfield code="a">RAIN</subfield>
        <subfield code="0">(DHLAUTH)270901</subfield>
    </datafield>
    <datafield tag="650" ind1=" " ind2=" ">
        <subfield code="a">OMAN</subfield>
        <subfield code="0">(DHLAUTH)273438</subfield>
    </datafield>
</record>
<record>
    <datafield tag="191" ind1=" " ind2=" ">
        <subfield code="a">E/ESCWA/NR/89/9</subfield>
    </datafield>
    <datafield tag="246" ind1=" " ind2=" ">
        <subfield code="a">تقرير عن المهمة الاستشارية للجمهورية العربية السورية خلال الفترة من 21 آيار /مايو- 1 حزيران /يونيو 1989</subfield>
    </datafield>
    <datafield tag="269" ind1=" " ind2=" ">
        <subfield code="a">19890619</subfield>
    </datafield>
    <datafield tag="650" ind1=" " ind2=" ">
        <subfield code="a">ADVISORY SERVICES</subfield>
        <subfield code="0">(DHLAUTH)269860</subfield>
    </datafield>
    <datafield tag="650" ind1=" " ind2=" ">
        <subfield code="a">BIOGAS</subfield>
        <subfield code="0">(DHLAUTH)271164</subfield>
    </datafield>
    <datafield tag="650" ind1=" " ind2=" ">
        <subfield code="a">RURAL AREAS</subfield>
        <subfield code="0">(DHLAUTH)269978</subfield>
    </datafield>
    <datafield tag="650" ind1=" " ind2=" ">
        <subfield code="a">SYRIAN ARAB REPUBLIC</subfield>
        <subfield code="0">(DHLAUTH)273496</subfield>
    </datafield>
</record>
<record>
    <datafield tag="191" ind1=" " ind2=" ">
        <subfield code="a">E/ESCWA/OES/2003/1</subfield>
    </datafield>
    <datafield tag="245" ind1=" " ind2=" ">
        <subfield code="a">ESCWA ANNUAL REPORT 2002</subfield>
    </datafield>
    <datafield tag="246" ind1=" " ind2=" ">
        <subfield code="a">اسكوا التقرير السنوي 2002</subfield>
    </datafield>
    <datafield tag="269" ind1=" " ind2=" ">
        <subfield code="a">20030501</subfield>
    </datafield>
    <datafield tag="650" ind1=" " ind2=" ">
        <subfield code="a">PERIODIC REPORTS</subfield>
        <subfield code="0">(DHLAUTH)275135</subfield>
    </datafield>
    <datafield tag="650" ind1=" " ind2=" ">
        <subfield code="a">ACTIVITIES</subfield>
        <subfield code="0">(DHLAUTH)275823</subfield>
    </datafield>
    <datafield tag="650" ind1=" " ind2=" ">
        <subfield code="a">ECONOMIC DEVELOPMENT</subfield>
        <subfield code="0">(DHLAUTH)269755</subfield>
    </datafield>
    <datafield tag="650" ind1=" " ind2=" ">
        <subfield code="a">SOCIAL DEVELOPMENT</subfield>
        <subfield code="0">(DHLAUTH)269873</subfield>
    </datafield>
    <datafield tag="650" ind1=" " ind2=" ">
        <subfield code="a">WESTERN ASIA</subfield>
        <subfield code="0">(DHLAUTH)275490</subfield>
    </datafield>
    <datafield tag="650" ind1=" " ind2=" ">
        <subfield code="a">SUSTAINABLE DEVELOPMENT</subfield>
        <subfield code="0">(DHLAUTH)269920</subfield>
    </datafield>
    <datafield tag="650" ind1=" " ind2=" ">
        <subfield code="a">SOCIAL POLICY</subfield>
        <subfield code="0">(DHLAUTH)269713</subfield>
    </datafield>
    <datafield tag="650" ind1=" " ind2=" ">
        <subfield code="a">WOMEN</subfield>
        <subfield code="0">(DHLAUTH)273032</subfield>
    </datafield>
    <datafield tag="650" ind1=" " ind2=" ">
        <subfield code="a">ECONOMIC ANALYSIS</subfield>
        <subfield code="0">(DHLAUTH)269649</subfield>
    </datafield>
    <datafield tag="650" ind1=" " ind2=" ">
        <subfield code="a">GLOBALIZATION</subfield>
        <subfield code="0">(DHLAUTH)276685</subfield>
    </datafield>
    <datafield tag="650" ind1=" " ind2=" ">
        <subfield code="a">ECONOMIC INTEGRATION</subfield>
        <subfield code="0">(DHLAUTH)269761</subfield>
    </datafield>
    <datafield tag="650" ind1=" " ind2=" ">
        <subfield code="a">INFORMATION TECHNOLOGY</subfield>
        <subfield code="0">(DHLAUTH)272714</subfield>
    </datafield>
    <datafield tag="650" ind1=" " ind2=" ">
        <subfield code="a">COMMUNICATION TECHNOLOGY</subfield>
        <subfield code="0">(DHLAUTH)272713</subfield>
    </datafield>
    <datafield tag="650" ind1=" " ind2=" ">
        <subfield code="a">REGIONAL COOPERATION</subfield>
        <subfield code="0">(DHLAUTH)268656</subfield>
    </datafield>
    <datafield tag="650" ind1=" " ind2=" ">
        <subfield code="a">CONFERENCES</subfield>
        <subfield code="0">(DHLAUTH)275758</subfield>
    </datafield>
    <datafield tag="650" ind1=" " ind2=" ">
        <subfield code="a">PUBLICATIONS</subfield>
        <subfield code="0">(DHLAUTH)270013</subfield>
    </datafield>
</record>
<record>
    <datafield tag="191" ind1=" " ind2=" ">
        <subfield code="a">E/ESCWA/OES/2003/CRP.5</subfield>
    </datafield>
    <datafield tag="245" ind1=" " ind2=" ">
        <subfield code="a">THE ECONOMIC AND FINANCIAL SITUATION IN IRAQ: INSTITUTIONAL ARRANGEMENTS - FINANCIAL OBLIGATIONS - RECONSTRUCTION ISSUES</subfield>
    </datafield>
    <datafield tag="269" ind1=" " ind2=" ">
        <subfield code="a">20030708</subfield>
    </datafield>
    <datafield tag="650" ind1=" " ind2=" ">
        <subfield code="a">RECONSTRUCTION</subfield>
        <subfield code="0">(DHLAUTH)268666</subfield>
    </datafield>
    <datafield tag="650" ind1=" " ind2=" ">
        <subfield code="a">ECONOMIC ASPECTS</subfield>
        <subfield code="0">(DHLAUTH)269753</subfield>
    </datafield>
    <datafield tag="650" ind1=" " ind2=" ">
        <subfield code="a">FINANCIAL ASPECTS</subfield>
        <subfield code="0">(DHLAUTH)275767</subfield>
    </datafield>
    <datafield tag="650" ind1=" " ind2=" ">
        <subfield code="a">DEBT MANAGEMENT</subfield>
        <subfield code="0">(DHLAUTH)270090</subfield>
    </datafield>
    <datafield tag="650" ind1=" " ind2=" ">
        <subfield code="a">WESTERN ASIA</subfield>
        <subfield code="0">(DHLAUTH)275490</subfield>
    </datafield>
    <datafield tag="650" ind1=" " ind2=" ">
        <subfield code="a">CONFERENCES</subfield>
        <subfield code="0">(DHLAUTH)275758</subfield>
    </datafield>
    <datafield tag="650" ind1=" " ind2=" ">
        <subfield code="a">IRAQ</subfield>
        <subfield code="0">(DHLAUTH)273370</subfield>
    </datafield>
</record>
<record>
    <datafield tag="191" ind1=" " ind2=" ">
        <subfield code="a">E/ESCWA/OES/2010/RCM.14/12</subfield>
    </datafield>
    <datafield tag="246" ind1=" " ind2=" ">
        <subfield code="a">التعاون في مجال الاحصاء بين جامعة الدول العربية والاسكوا/ الاجتماع الرابع عشر لآلية التنسيق الاقليمية للدول العربية بيروت 11-12 نوفمبر 2010</subfield>
    </datafield>
    <datafield tag="269" ind1=" " ind2=" ">
        <subfield code="a">20101010</subfield>
    </datafield>
    <datafield tag="650" ind1=" " ind2=" ">
        <subfield code="a">WESTERN ASIA</subfield>
        <subfield code="0">(DHLAUTH)275490</subfield>
    </datafield>
    <datafield tag="650" ind1=" " ind2=" ">
        <subfield code="a">CONFERENCES</subfield>
        <subfield code="0">(DHLAUTH)275758</subfield>
    </datafield>
    <datafield tag="650" ind1=" " ind2=" ">
        <subfield code="a">STATISTICS</subfield>
        <subfield code="0">(DHLAUTH)269347</subfield>
    </datafield>
</record>
<record>
    <datafield tag="191" ind1=" " ind2=" ">
        <subfield code="a">E/ESCWA/OES/2012/WG.1/REPORT/</subfield>
    </datafield>
    <datafield tag="245" ind1=" " ind2=" ">
        <subfield code="a">REPORT OF THE HIGH-LEVEL MEETING ON REFORM AND TRANSITIONS TO DEMOCRACY BEIRUT, 15-16 JANUARY 2012</subfield>
    </datafield>
    <datafield tag="246" ind1=" " ind2=" ">
        <subfield code="a">تقرير الاجتماع الرفيع المستوى حول الاصلاح والانتقال الى الديمقراطية بيروت 15-16 كانون الثاني/يناير 2012</subfield>
    </datafield>
    <datafield tag="269" ind1=" " ind2=" ">
        <subfield code="a">20121101</subfield>
    </datafield>
    <datafield tag="650" ind1=" " ind2=" ">
        <subfield code="a">DEMOCRACY</subfield>
        <subfield code="0">(DHLAUTH)268333</subfield>
    </datafield>
    <datafield tag="650" ind1=" " ind2=" ">
        <subfield code="a">SOCIAL JUSTICE</subfield>
        <subfield code="0">(DHLAUTH)270080</subfield>
    </datafield>
    <datafield tag="650" ind1=" " ind2=" ">
        <subfield code="a">PUBLIC ADMINISTRATION</subfield>
        <subfield code="0">(DHLAUTH)269881</subfield>
    </datafield>
    <datafield tag="650" ind1=" " ind2=" ">
        <subfield code="a">HUMAN RIGHTS</subfield>
        <subfield code="0">(DHLAUTH)274431</subfield>
    </datafield>
    <datafield tag="650" ind1=" " ind2=" ">
        <subfield code="a">NON-GOVERNMENTAL ORGANIZATIONS</subfield>
        <subfield code="0">(DHLAUTH)268665</subfield>
    </datafield>
    <datafield tag="650" ind1=" " ind2=" ">
        <subfield code="a">TRANSITIONAL JUSTICE</subfield>
        <subfield code="0">(DHLAUTH)692537</subfield>
    </datafield>
    <datafield tag="650" ind1=" " ind2=" ">
        <subfield code="a">REVOLUTIONS</subfield>
        <subfield code="0">(DHLAUTH)268283</subfield>
    </datafield>
    <datafield tag="650" ind1=" " ind2=" ">
        <subfield code="a">ARAB COUNTRIES</subfield>
        <subfield code="0">(DHLAUTH)268705</subfield>
    </datafield>
</record>
<record>
    <datafield tag="191" ind1=" " ind2=" ">
        <subfield code="a">E/ESCWA/OES/2013/WG.2/2/REPORT</subfield>
    </datafield>
    <datafield tag="245" ind1=" " ind2=" ">
        <subfield code="a">REPORT OF THE HIGH-LEVEL MEETING ON BEYOND POPULISM ECONOMIC CHALLENGES AND OPPORTUNITIES IN DEMOCRATIC TRANSITIONS, RABAT, 5 - 6 FEBRUARY 2013</subfield>
    </datafield>
    <datafield tag="269" ind1=" " ind2=" ">
        <subfield code="a">20140501</subfield>
    </datafield>
    <datafield tag="650" ind1=" " ind2=" ">
        <subfield code="a">DEMOCRATIZATION</subfield>
        <subfield code="0">(DHLAUTH)276569</subfield>
    </datafield>
    <datafield tag="650" ind1=" " ind2=" ">
        <subfield code="a">ECONOMIC ASPECTS</subfield>
        <subfield code="0">(DHLAUTH)269753</subfield>
    </datafield>
    <datafield tag="650" ind1=" " ind2=" ">
        <subfield code="a">SOCIAL ASPECTS</subfield>
        <subfield code="0">(DHLAUTH)274710</subfield>
    </datafield>
    <datafield tag="650" ind1=" " ind2=" ">
        <subfield code="a">POLITICAL PARTIES</subfield>
        <subfield code="0">(DHLAUTH)268289</subfield>
    </datafield>
    <datafield tag="650" ind1=" " ind2=" ">
        <subfield code="a">ISLAM</subfield>
        <subfield code="0">(DHLAUTH)268706</subfield>
    </datafield>
    <datafield tag="650" ind1=" " ind2=" ">
        <subfield code="a">CONFERENCES</subfield>
        <subfield code="0">(DHLAUTH)275758</subfield>
    </datafield>
    <datafield tag="650" ind1=" " ind2=" ">
        <subfield code="a">ARAB COUNTRIES</subfield>
        <subfield code="0">(DHLAUTH)268705</subfield>
    </datafield>
</record>
<record>
    <datafield tag="191" ind1=" " ind2=" ">
        <subfield code="a">E/ESCWA/OES/2016/1</subfield>
    </datafield>
    <datafield tag="245" ind1=" " ind2=" ">
        <subfield code="a">ANNUAL REPORT 2015 : TOGETHER FOR JUSTICE AND SUSTAINABLE DEVELOPMENT</subfield>
    </datafield>
    <datafield tag="246" ind1=" " ind2=" ">
        <subfield code="a">التقرير السنوي 2015 : معاً من اجل العدالة والتنمية المستدامة</subfield>
    </datafield>
    <datafield tag="269" ind1=" " ind2=" ">
        <subfield code="a">20160711</subfield>
    </datafield>
    <datafield tag="650" ind1=" " ind2=" ">
        <subfield code="a">REGIONAL COMMISSIONS</subfield>
        <subfield code="0">(DHLAUTH)269969</subfield>
    </datafield>
    <datafield tag="650" ind1=" " ind2=" ">
        <subfield code="a">WESTERN ASIA</subfield>
        <subfield code="0">(DHLAUTH)275490</subfield>
    </datafield>
    <datafield tag="650" ind1=" " ind2=" ">
        <subfield code="a">ACTIVITIES</subfield>
        <subfield code="0">(DHLAUTH)275823</subfield>
    </datafield>
    <datafield tag="650" ind1=" " ind2=" ">
        <subfield code="a">JUSTICE</subfield>
        <subfield code="0">(DHLAUTH)269359</subfield>
    </datafield>
    <datafield tag="650" ind1=" " ind2=" ">
        <subfield code="a">SUSTAINABLE DEVELOPMENT</subfield>
        <subfield code="0">(DHLAUTH)269920</subfield>
    </datafield>
    <datafield tag="650" ind1=" " ind2=" ">
        <subfield code="a">GOVERNANCE</subfield>
        <subfield code="0">(DHLAUTH)276686</subfield>
    </datafield>
    <datafield tag="650" ind1=" " ind2=" ">
        <subfield code="a">WATER</subfield>
        <subfield code="0">(DHLAUTH)270885</subfield>
    </datafield>
    <datafield tag="650" ind1=" " ind2=" ">
        <subfield code="a">FOOD SECURITY</subfield>
        <subfield code="0">(DHLAUTH)273653</subfield>
    </datafield>
    <datafield tag="650" ind1=" " ind2=" ">
        <subfield code="a">TECHNOLOGY</subfield>
        <subfield code="0">(DHLAUTH)271833</subfield>
    </datafield>
    <datafield tag="650" ind1=" " ind2=" ">
        <subfield code="a">ECONOMIC GROWTH</subfield>
        <subfield code="0">(DHLAUTH)269754</subfield>
    </datafield>
    <datafield tag="650" ind1=" " ind2=" ">
        <subfield code="a">ECONOMIC POLICY</subfield>
        <subfield code="0">(DHLAUTH)268235</subfield>
    </datafield>
    <datafield tag="650" ind1=" " ind2=" ">
        <subfield code="a">ARMED CONFLICTS</subfield>
        <subfield code="0">(DHLAUTH)268752</subfield>
    </datafield>
    <datafield tag="650" ind1=" " ind2=" ">
        <subfield code="a">SOCIAL CONDITIONS</subfield>
        <subfield code="0">(DHLAUTH)268327</subfield>
    </datafield>
    <datafield tag="650" ind1=" " ind2=" ">
        <subfield code="a">ECONOMIC CONDITIONS</subfield>
        <subfield code="0">(DHLAUTH)269719</subfield>
    </datafield>
</record>
<record>
    <datafield tag="191" ind1=" " ind2=" ">
        <subfield code="a">E/ESCWA/OES/RCM.13/2</subfield>
    </datafield>
    <datafield tag="245" ind1=" " ind2=" ">
        <subfield code="a">DRAFT TERMS OF REFERENCE/ JOINT MEETING OF THE REGIONAL COORDINATION MECHANISM AND THE REGIONAL DIRECTORS TEAM BEIRUT, 3-4 NOV 2009</subfield>
    </datafield>
    <datafield tag="269" ind1=" " ind2=" ">
        <subfield code="a">20091030</subfield>
    </datafield>
    <datafield tag="650" ind1=" " ind2=" ">
        <subfield code="a">WESTERN ASIA</subfield>
        <subfield code="0">(DHLAUTH)275490</subfield>
    </datafield>
    <datafield tag="650" ind1=" " ind2=" ">
        <subfield code="a">CONFERENCES</subfield>
        <subfield code="0">(DHLAUTH)275758</subfield>
    </datafield>
    <datafield tag="650" ind1=" " ind2=" ">
        <subfield code="a">TERMS OF REFERENCE</subfield>
        <subfield code="0">(DHLAUTH)268319</subfield>
    </datafield>
</record>
<record>
    <datafield tag="191" ind1=" " ind2=" ">
        <subfield code="a">E/ESCWA/OES/RCM.13/L.1</subfield>
    </datafield>
    <datafield tag="245" ind1=" " ind2=" ">
        <subfield code="a">PROPOSED ORGANIZATION OF WORK/ JOINT MEETING OF THE REGIONAL COORDINATION MECHANISM AND THE REGIONAL DIRECTORS TEAM BEIRUT, 3-4 NOV 2009</subfield>
    </datafield>
    <datafield tag="269" ind1=" " ind2=" ">
        <subfield code="a">20091030</subfield>
    </datafield>
    <datafield tag="650" ind1=" " ind2=" ">
        <subfield code="a">WESTERN ASIA</subfield>
        <subfield code="0">(DHLAUTH)275490</subfield>
    </datafield>
    <datafield tag="650" ind1=" " ind2=" ">
        <subfield code="a">CONFERENCES</subfield>
        <subfield code="0">(DHLAUTH)275758</subfield>
    </datafield>
    <datafield tag="650" ind1=" " ind2=" ">
        <subfield code="a">WORK ORGANIZATION</subfield>
        <subfield code="0">(DHLAUTH)275746</subfield>
    </datafield>
</record>
<record>
    <datafield tag="191" ind1=" " ind2=" ">
        <subfield code="a">E/ESCWA/PI/2009/08</subfield>
    </datafield>
    <datafield tag="245" ind1=" " ind2=" ">
        <subfield code="a">CONFLICT DRIVEN DISPLACEMENT IN WESTERN ASIA, FACTS FIGURES AND RECOMMENDATIONS</subfield>
    </datafield>
    <datafield tag="246" ind1=" " ind2=" ">
        <subfield code="a">النزوح واللجوء بفعل النزاعات في غربي آسيا, وقائع وارقام وتوصيات</subfield>
    </datafield>
    <datafield tag="269" ind1=" " ind2=" ">
        <subfield code="a">20090901</subfield>
    </datafield>
    <datafield tag="650" ind1=" " ind2=" ">
        <subfield code="a">DISPLACED PERSONS</subfield>
        <subfield code="0">(DHLAUTH)273028</subfield>
    </datafield>
    <datafield tag="650" ind1=" " ind2=" ">
        <subfield code="a">WESTERN ASIA</subfield>
        <subfield code="0">(DHLAUTH)275490</subfield>
    </datafield>
    <datafield tag="650" ind1=" " ind2=" ">
        <subfield code="a">PALESTINIANS</subfield>
        <subfield code="0">(DHLAUTH)269084</subfield>
    </datafield>
    <datafield tag="650" ind1=" " ind2=" ">
        <subfield code="a">SUDAN</subfield>
        <subfield code="0">(DHLAUTH)273486</subfield>
    </datafield>
    <datafield tag="650" ind1=" " ind2=" ">
        <subfield code="a">IRAQ</subfield>
        <subfield code="0">(DHLAUTH)273370</subfield>
    </datafield>
    <datafield tag="650" ind1=" " ind2=" ">
        <subfield code="a">INTERNATIONAL ORGANIZATIONS</subfield>
        <subfield code="0">(DHLAUTH)268671</subfield>
    </datafield>
</record>
<record>
    <datafield tag="191" ind1=" " ind2=" ">
        <subfield code="a">E/ESCWA/PI/2009/12</subfield>
    </datafield>
    <datafield tag="246" ind1=" " ind2=" ">
        <subfield code="a">السياسة الوطنية للشباب : اولويات وصيغ</subfield>
    </datafield>
    <datafield tag="269" ind1=" " ind2=" ">
        <subfield code="a">20091001</subfield>
    </datafield>
    <datafield tag="650" ind1=" " ind2=" ">
        <subfield code="a">WESTERN ASIA</subfield>
        <subfield code="0">(DHLAUTH)275490</subfield>
    </datafield>
    <datafield tag="650" ind1=" " ind2=" ">
        <subfield code="a">YOUTH</subfield>
        <subfield code="0">(DHLAUTH)269401</subfield>
    </datafield>
    <datafield tag="650" ind1=" " ind2=" ">
        <subfield code="a">EDUCATION</subfield>
        <subfield code="0">(DHLAUTH)268926</subfield>
    </datafield>
    <datafield tag="650" ind1=" " ind2=" ">
        <subfield code="a">YOUTH EMPLOYMENT</subfield>
        <subfield code="0">(DHLAUTH)274031</subfield>
    </datafield>
    <datafield tag="650" ind1=" " ind2=" ">
        <subfield code="a">CIVIL SOCIETY</subfield>
        <subfield code="0">(DHLAUTH)479996</subfield>
    </datafield>
</record>
<record>
    <datafield tag="191" ind1=" " ind2=" ">
        <subfield code="a">E/ESCWA/PI/2009/14</subfield>
    </datafield>
    <datafield tag="245" ind1=" " ind2=" ">
        <subfield code="a">GUIDELINES FOR ENERGY EFFICIENCY IN THE TOURISM SECTOR: STRATEGY, DESIGN, SYSTEMS AND OPERATIONS APPROACH = توجيهات حول كفاءة الطاقة في قطاع السياحة: الاستراتيجية, التصميم, ومنهجية النظم والعمليات</subfield>
    </datafield>
    <datafield tag="269" ind1=" " ind2=" ">
        <subfield code="a">20091201</subfield>
    </datafield>
    <datafield tag="650" ind1=" " ind2=" ">
        <subfield code="a">ENERGY EFFICIENCY</subfield>
        <subfield code="0">(DHLAUTH)271204</subfield>
    </datafield>
    <datafield tag="650" ind1=" " ind2=" ">
        <subfield code="a">WESTERN ASIA</subfield>
        <subfield code="0">(DHLAUTH)275490</subfield>
    </datafield>
    <datafield tag="650" ind1=" " ind2=" ">
        <subfield code="a">TOURISM STATISTICS</subfield>
        <subfield code="0">(DHLAUTH)270200</subfield>
    </datafield>
    <datafield tag="650" ind1=" " ind2=" ">
        <subfield code="a">CLIMATE CHANGE</subfield>
        <subfield code="0">(DHLAUTH)275343</subfield>
    </datafield>
    <datafield tag="650" ind1=" " ind2=" ">
        <subfield code="a">ENERGY CONSUMPTION</subfield>
        <subfield code="0">(DHLAUTH)269578</subfield>
    </datafield>
</record>
<record>
    <datafield tag="191" ind1=" " ind2=" ">
        <subfield code="a">E/ESCWA/PI/2009/4</subfield>
    </datafield>
    <datafield tag="245" ind1=" " ind2=" ">
        <subfield code="a">30 YEARS OF CEDAW 1979-2009</subfield>
    </datafield>
    <datafield tag="246" ind1=" " ind2=" ">
        <subfield code="a">30 سنة من عمر اتفاقية القضاء على جميع اشكال التمييز ضد المراة 1979-2009</subfield>
    </datafield>
    <datafield tag="269" ind1=" " ind2=" ">
        <subfield code="a">20091001</subfield>
    </datafield>
    <datafield tag="650" ind1=" " ind2=" ">
        <subfield code="a">GENDER DISCRIMINATION</subfield>
        <subfield code="0">(DHLAUTH)273133</subfield>
    </datafield>
    <datafield tag="650" ind1=" " ind2=" ">
        <subfield code="a">WOMEN</subfield>
        <subfield code="0">(DHLAUTH)273032</subfield>
    </datafield>
    <datafield tag="650" ind1=" " ind2=" ">
        <subfield code="a">WESTERN ASIA</subfield>
        <subfield code="0">(DHLAUTH)275490</subfield>
    </datafield>
</record>
<record>
    <datafield tag="191" ind1=" " ind2=" ">
        <subfield code="a">E/ESCWA/PI/2009/5</subfield>
    </datafield>
    <datafield tag="245" ind1=" " ind2=" ">
        <subfield code="a">ESCWA CENTER FOR WOMEN</subfield>
    </datafield>
    <datafield tag="246" ind1=" " ind2=" ">
        <subfield code="a">مركز المرأة في الاسكوا</subfield>
    </datafield>
    <datafield tag="269" ind1=" " ind2=" ">
        <subfield code="a">20091001</subfield>
    </datafield>
    <datafield tag="650" ind1=" " ind2=" ">
        <subfield code="a">WOMEN</subfield>
        <subfield code="0">(DHLAUTH)273032</subfield>
    </datafield>
    <datafield tag="650" ind1=" " ind2=" ">
        <subfield code="a">WESTERN ASIA</subfield>
        <subfield code="0">(DHLAUTH)275490</subfield>
    </datafield>
</record>
<record>
    <datafield tag="191" ind1=" " ind2=" ">
        <subfield code="a">E/ESCWA/PI/2009/6</subfield>
    </datafield>
    <datafield tag="245" ind1=" " ind2=" ">
        <subfield code="a">WOMEN AND HEALTH IN THE ESCWA REGION : SPECIFIC HEALTH PROBLEMS</subfield>
    </datafield>
    <datafield tag="246" ind1=" " ind2=" ">
        <subfield code="a">المرأة والصحة في منطقة الاسكوا : مشاكل صحية</subfield>
    </datafield>
    <datafield tag="269" ind1=" " ind2=" ">
        <subfield code="a">20091001</subfield>
    </datafield>
    <datafield tag="650" ind1=" " ind2=" ">
        <subfield code="a">OBSTETRIC FISTULA</subfield>
        <subfield code="0">(DHLAUTH)737782</subfield>
    </datafield>
    <datafield tag="650" ind1=" " ind2=" ">
        <subfield code="a">WOMEN'S HEALTH</subfield>
        <subfield code="0">(DHLAUTH)276723</subfield>
    </datafield>
    <datafield tag="650" ind1=" " ind2=" ">
        <subfield code="a">MATERNAL MORTALITY</subfield>
        <subfield code="0">(DHLAUTH)273085</subfield>
    </datafield>
    <datafield tag="650" ind1=" " ind2=" ">
        <subfield code="a">FEMALE CIRCUMCISION</subfield>
        <subfield code="0">(DHLAUTH)273942</subfield>
    </datafield>
    <datafield tag="650" ind1=" " ind2=" ">
        <subfield code="a">WESTERN ASIA</subfield>
        <subfield code="0">(DHLAUTH)275490</subfield>
    </datafield>
    <datafield tag="650" ind1=" " ind2=" ">
        <subfield code="a">AIDS</subfield>
        <subfield code="0">(DHLAUTH)273866</subfield>
    </datafield>
</record>
<record>
    <datafield tag="191" ind1=" " ind2=" ">
        <subfield code="a">E/ESCWA/POP/1985/26</subfield>
    </datafield>
    <datafield tag="245" ind1=" " ind2=" ">
        <subfield code="a">POPULATION BULLETIN OF ECWA, NO. 26, JUNE 1985</subfield>
    </datafield>
    <datafield tag="246" ind1=" " ind2=" ">
        <subfield code="a">النشرة السكانية اللجنة الاقتصادية لغربي آسيا, العدد 26, حزيران 1985</subfield>
    </datafield>
    <datafield tag="269" ind1=" " ind2=" ">
        <subfield code="a">19850601</subfield>
    </datafield>
    <datafield tag="650" ind1=" " ind2=" ">
        <subfield code="a">POPULATION GROWTH</subfield>
        <subfield code="0">(DHLAUTH)272944</subfield>
    </datafield>
    <datafield tag="650" ind1=" " ind2=" ">
        <subfield code="a">POPULATION DYNAMICS</subfield>
        <subfield code="0">(DHLAUTH)273107</subfield>
    </datafield>
    <datafield tag="650" ind1=" " ind2=" ">
        <subfield code="a">POPULATION TRENDS</subfield>
        <subfield code="0">(DHLAUTH)272985</subfield>
    </datafield>
    <datafield tag="650" ind1=" " ind2=" ">
        <subfield code="a">DEMOGRAPHIC RESEARCH</subfield>
        <subfield code="0">(DHLAUTH)272986</subfield>
    </datafield>
    <datafield tag="650" ind1=" " ind2=" ">
        <subfield code="a">DEMOGRAPHIC ANALYSIS</subfield>
        <subfield code="0">(DHLAUTH)272979</subfield>
    </datafield>
    <datafield tag="650" ind1=" " ind2=" ">
        <subfield code="a">WESTERN ASIA</subfield>
        <subfield code="0">(DHLAUTH)275490</subfield>
    </datafield>
    <datafield tag="650" ind1=" " ind2=" ">
        <subfield code="a">SOCIAL CONDITIONS</subfield>
        <subfield code="0">(DHLAUTH)268327</subfield>
    </datafield>
    <datafield tag="650" ind1=" " ind2=" ">
        <subfield code="a">IMMIGRATION</subfield>
        <subfield code="0">(DHLAUTH)273008</subfield>
    </datafield>
</record>
<record>
    <datafield tag="191" ind1=" " ind2=" ">
        <subfield code="a">E/ESCWA/POP/1985/27</subfield>
    </datafield>
    <datafield tag="245" ind1=" " ind2=" ">
        <subfield code="a">POPULATION BULLETIN OF ESCWA, NO. 27, DECEMBER 1985</subfield>
    </datafield>
    <datafield tag="246" ind1=" " ind2=" ">
        <subfield code="a">النشرة السكانية اللجنة الاقتصادية والاجتماعية لغربي آسيا, العدد 27, كانون الاول 1985</subfield>
    </datafield>
    <datafield tag="269" ind1=" " ind2=" ">
        <subfield code="a">19851201</subfield>
    </datafield>
    <datafield tag="650" ind1=" " ind2=" ">
        <subfield code="a">POPULATION GROWTH</subfield>
        <subfield code="0">(DHLAUTH)272944</subfield>
    </datafield>
    <datafield tag="650" ind1=" " ind2=" ">
        <subfield code="a">POPULATION POLICY</subfield>
        <subfield code="0">(DHLAUTH)269905</subfield>
    </datafield>
    <datafield tag="650" ind1=" " ind2=" ">
        <subfield code="a">POPULATION DYNAMICS</subfield>
        <subfield code="0">(DHLAUTH)273107</subfield>
    </datafield>
    <datafield tag="650" ind1=" " ind2=" ">
        <subfield code="a">WESTERN ASIA</subfield>
        <subfield code="0">(DHLAUTH)275490</subfield>
    </datafield>
    <datafield tag="650" ind1=" " ind2=" ">
        <subfield code="a">WOMEN</subfield>
        <subfield code="0">(DHLAUTH)273032</subfield>
    </datafield>
    <datafield tag="650" ind1=" " ind2=" ">
        <subfield code="a">DEMOGRAPHIC ANALYSIS</subfield>
        <subfield code="0">(DHLAUTH)272979</subfield>
    </datafield>
    <datafield tag="650" ind1=" " ind2=" ">
        <subfield code="a">POPULATION TRENDS</subfield>
        <subfield code="0">(DHLAUTH)272985</subfield>
    </datafield>
    <datafield tag="650" ind1=" " ind2=" ">
        <subfield code="a">DEMOGRAPHIC RESEARCH</subfield>
        <subfield code="0">(DHLAUTH)272986</subfield>
    </datafield>
    <datafield tag="650" ind1=" " ind2=" ">
        <subfield code="a">SOCIAL CONDITIONS</subfield>
        <subfield code="0">(DHLAUTH)268327</subfield>
    </datafield>
    <datafield tag="650" ind1=" " ind2=" ">
        <subfield code="a">IMMIGRATION</subfield>
        <subfield code="0">(DHLAUTH)273008</subfield>
    </datafield>
</record>
<record>
    <datafield tag="191" ind1=" " ind2=" ">
        <subfield code="a">E/ESCWA/POP/1986/28</subfield>
    </datafield>
    <datafield tag="245" ind1=" " ind2=" ">
        <subfield code="a">POPULATION BULLETIN OF ESCWA, NO.28, JUNE 1986</subfield>
    </datafield>
    <datafield tag="246" ind1=" " ind2=" ">
        <subfield code="a">النشرة السكانية اللجنة الاقتصادية والاجتماعية لغربي آسيا, العدد 28, حزيران 1986</subfield>
    </datafield>
    <datafield tag="269" ind1=" " ind2=" ">
        <subfield code="a">19860628</subfield>
    </datafield>
    <datafield tag="650" ind1=" " ind2=" ">
        <subfield code="a">POPULATION GROWTH</subfield>
        <subfield code="0">(DHLAUTH)272944</subfield>
    </datafield>
    <datafield tag="650" ind1=" " ind2=" ">
        <subfield code="a">POPULATION POLICY</subfield>
        <subfield code="0">(DHLAUTH)269905</subfield>
    </datafield>
    <datafield tag="650" ind1=" " ind2=" ">
        <subfield code="a">POPULATION TRENDS</subfield>
        <subfield code="0">(DHLAUTH)272985</subfield>
    </datafield>
    <datafield tag="650" ind1=" " ind2=" ">
        <subfield code="a">WOMEN</subfield>
        <subfield code="0">(DHLAUTH)273032</subfield>
    </datafield>
    <datafield tag="650" ind1=" " ind2=" ">
        <subfield code="a">WESTERN ASIA</subfield>
        <subfield code="0">(DHLAUTH)275490</subfield>
    </datafield>
    <datafield tag="650" ind1=" " ind2=" ">
        <subfield code="a">DEMOGRAPHIC ANALYSIS</subfield>
        <subfield code="0">(DHLAUTH)272979</subfield>
    </datafield>
    <datafield tag="650" ind1=" " ind2=" ">
        <subfield code="a">DEMOGRAPHIC RESEARCH</subfield>
        <subfield code="0">(DHLAUTH)272986</subfield>
    </datafield>
    <datafield tag="650" ind1=" " ind2=" ">
        <subfield code="a">POPULATION DYNAMICS</subfield>
        <subfield code="0">(DHLAUTH)273107</subfield>
    </datafield>
    <datafield tag="650" ind1=" " ind2=" ">
        <subfield code="a">IMMIGRATION</subfield>
        <subfield code="0">(DHLAUTH)273008</subfield>
    </datafield>
    <datafield tag="650" ind1=" " ind2=" ">
        <subfield code="a">SOCIAL CONDITIONS</subfield>
        <subfield code="0">(DHLAUTH)268327</subfield>
    </datafield>
</record>
<record>
    <datafield tag="191" ind1=" " ind2=" ">
        <subfield code="a">E/ESCWA/POP/1986/29</subfield>
    </datafield>
    <datafield tag="245" ind1=" " ind2=" ">
        <subfield code="a">POPULATION BULLETIN OF ESCWA NO.29, DECEMBER 1986</subfield>
    </datafield>
    <datafield tag="246" ind1=" " ind2=" ">
        <subfield code="a">النشرة السكانية اللجنة الاقتصادية والاجتماعية لغربي آسيا, العدد 29, كانون الاول 1986</subfield>
    </datafield>
    <datafield tag="269" ind1=" " ind2=" ">
        <subfield code="a">19861201</subfield>
    </datafield>
    <datafield tag="650" ind1=" " ind2=" ">
        <subfield code="a">POPULATION</subfield>
        <subfield code="0">(DHLAUTH)272994</subfield>
    </datafield>
    <datafield tag="650" ind1=" " ind2=" ">
        <subfield code="a">POPULATION GROWTH</subfield>
        <subfield code="0">(DHLAUTH)272944</subfield>
    </datafield>
    <datafield tag="650" ind1=" " ind2=" ">
        <subfield code="a">WOMEN</subfield>
        <subfield code="0">(DHLAUTH)273032</subfield>
    </datafield>
    <datafield tag="650" ind1=" " ind2=" ">
        <subfield code="a">WESTERN ASIA</subfield>
        <subfield code="0">(DHLAUTH)275490</subfield>
    </datafield>
    <datafield tag="650" ind1=" " ind2=" ">
        <subfield code="a">POPULATION POLICY</subfield>
        <subfield code="0">(DHLAUTH)269905</subfield>
    </datafield>
    <datafield tag="650" ind1=" " ind2=" ">
        <subfield code="a">DEMOGRAPHIC RESEARCH</subfield>
        <subfield code="0">(DHLAUTH)272986</subfield>
    </datafield>
    <datafield tag="650" ind1=" " ind2=" ">
        <subfield code="a">POPULATION TRENDS</subfield>
        <subfield code="0">(DHLAUTH)272985</subfield>
    </datafield>
    <datafield tag="650" ind1=" " ind2=" ">
        <subfield code="a">DEMOGRAPHIC ANALYSIS</subfield>
        <subfield code="0">(DHLAUTH)272979</subfield>
    </datafield>
    <datafield tag="650" ind1=" " ind2=" ">
        <subfield code="a">SOCIAL CONDITIONS</subfield>
        <subfield code="0">(DHLAUTH)268327</subfield>
    </datafield>
    <datafield tag="650" ind1=" " ind2=" ">
        <subfield code="a">IMMIGRATION</subfield>
        <subfield code="0">(DHLAUTH)273008</subfield>
    </datafield>
    <datafield tag="650" ind1=" " ind2=" ">
        <subfield code="a">SOCIAL CONDITIONS</subfield>
        <subfield code="0">(DHLAUTH)268327</subfield>
    </datafield>
    <datafield tag="650" ind1=" " ind2=" ">
        <subfield code="a">BIRTH RATE</subfield>
        <subfield code="0">(DHLAUTH)272941</subfield>
    </datafield>
    <datafield tag="650" ind1=" " ind2=" ">
        <subfield code="a">DEATH RATE</subfield>
        <subfield code="0">(DHLAUTH)273086</subfield>
    </datafield>
    <datafield tag="650" ind1=" " ind2=" ">
        <subfield code="a">PALESTINE REFUGEES</subfield>
        <subfield code="0">(DHLAUTH)269083</subfield>
    </datafield>
    <datafield tag="650" ind1=" " ind2=" ">
        <subfield code="a">INTERNAL MIGRATION</subfield>
        <subfield code="0">(DHLAUTH)270950</subfield>
    </datafield>
    <datafield tag="650" ind1=" " ind2=" ">
        <subfield code="a">EGYPT</subfield>
        <subfield code="0">(DHLAUTH)273328</subfield>
    </datafield>
    <datafield tag="650" ind1=" " ind2=" ">
        <subfield code="a">DEVELOPMENT TRENDS</subfield>
        <subfield code="0">(DHLAUTH)269796</subfield>
    </datafield>
    <datafield tag="650" ind1=" " ind2=" ">
        <subfield code="a">SAUDI ARABIA</subfield>
        <subfield code="0">(DHLAUTH)273464</subfield>
    </datafield>
    <datafield tag="650" ind1=" " ind2=" ">
        <subfield code="a">KUWAIT</subfield>
        <subfield code="0">(DHLAUTH)273384</subfield>
    </datafield>
</record>
<record>
    <datafield tag="191" ind1=" " ind2=" ">
        <subfield code="a">E/ESCWA/POP/1987/30</subfield>
    </datafield>
    <datafield tag="245" ind1=" " ind2=" ">
        <subfield code="a">POPULATION BULLETIN OF ESCWA NO.30, JUNE 1987</subfield>
    </datafield>
    <datafield tag="246" ind1=" " ind2=" ">
        <subfield code="a">النشرة السكانية اللجنة الاقتصادية والاجتماعية لغربي آسيا, العدد 30, حزيران 1987</subfield>
    </datafield>
    <datafield tag="269" ind1=" " ind2=" ">
        <subfield code="a">19870601</subfield>
    </datafield>
    <datafield tag="650" ind1=" " ind2=" ">
        <subfield code="a">WESTERN ASIA</subfield>
        <subfield code="0">(DHLAUTH)275490</subfield>
    </datafield>
    <datafield tag="650" ind1=" " ind2=" ">
        <subfield code="a">POPULATION</subfield>
        <subfield code="0">(DHLAUTH)272994</subfield>
    </datafield>
    <datafield tag="650" ind1=" " ind2=" ">
        <subfield code="a">SOCIAL CONDITIONS</subfield>
        <subfield code="0">(DHLAUTH)268327</subfield>
    </datafield>
    <datafield tag="650" ind1=" " ind2=" ">
        <subfield code="a">WAGES</subfield>
        <subfield code="0">(DHLAUTH)269809</subfield>
    </datafield>
    <datafield tag="650" ind1=" " ind2=" ">
        <subfield code="a">INCOME</subfield>
        <subfield code="0">(DHLAUTH)269710</subfield>
    </datafield>
    <datafield tag="650" ind1=" " ind2=" ">
        <subfield code="a">HOUSEHOLDS</subfield>
        <subfield code="0">(DHLAUTH)273037</subfield>
    </datafield>
    <datafield tag="650" ind1=" " ind2=" ">
        <subfield code="a">CHILDREN</subfield>
        <subfield code="0">(DHLAUTH)269400</subfield>
    </datafield>
    <datafield tag="650" ind1=" " ind2=" ">
        <subfield code="a">SYRIAN ARAB REPUBLIC</subfield>
        <subfield code="0">(DHLAUTH)273496</subfield>
    </datafield>
    <datafield tag="650" ind1=" " ind2=" ">
        <subfield code="a">JORDAN</subfield>
        <subfield code="0">(DHLAUTH)269099</subfield>
    </datafield>
    <datafield tag="650" ind1=" " ind2=" ">
        <subfield code="a">LABOUR MARKET</subfield>
        <subfield code="0">(DHLAUTH)269799</subfield>
    </datafield>
    <datafield tag="650" ind1=" " ind2=" ">
        <subfield code="a">POPULATION GROWTH</subfield>
        <subfield code="0">(DHLAUTH)272944</subfield>
    </datafield>
    <datafield tag="650" ind1=" " ind2=" ">
        <subfield code="a">LIBYA</subfield>
        <subfield code="0">(DHLAUTH)275499</subfield>
    </datafield>
    <datafield tag="650" ind1=" " ind2=" ">
        <subfield code="a">EGYPT</subfield>
        <subfield code="0">(DHLAUTH)273328</subfield>
    </datafield>
    <datafield tag="650" ind1=" " ind2=" ">
        <subfield code="a">POPULATION POLICY</subfield>
        <subfield code="0">(DHLAUTH)269905</subfield>
    </datafield>
</record>
<record>
    <datafield tag="191" ind1=" " ind2=" ">
        <subfield code="a">E/ESCWA/POP/1987/31</subfield>
    </datafield>
    <datafield tag="245" ind1=" " ind2=" ">
        <subfield code="a">POPULATION BULLETIN OF ESCWA NO.31, DEC 1987</subfield>
    </datafield>
    <datafield tag="246" ind1=" " ind2=" ">
        <subfield code="a">النشرة السكانية اللجنة الاقتصادية والاجتماعية لغربي آسيا, العدد 31 كانون الاول 1987 </subfield>
    </datafield>
    <datafield tag="269" ind1=" " ind2=" ">
        <subfield code="a">19871201</subfield>
    </datafield>
    <datafield tag="650" ind1=" " ind2=" ">
        <subfield code="a">PALESTINE REFUGEES</subfield>
        <subfield code="0">(DHLAUTH)269083</subfield>
    </datafield>
    <datafield tag="650" ind1=" " ind2=" ">
        <subfield code="a">STATISTICAL DATA</subfield>
        <subfield code="0">(DHLAUTH)270233</subfield>
    </datafield>
    <datafield tag="650" ind1=" " ind2=" ">
        <subfield code="a">DEMOGRAPHIC STATISTICS</subfield>
        <subfield code="0">(DHLAUTH)270229</subfield>
    </datafield>
    <datafield tag="650" ind1=" " ind2=" ">
        <subfield code="a">SOCIAL STATISTICS</subfield>
        <subfield code="0">(DHLAUTH)270232</subfield>
    </datafield>
    <datafield tag="650" ind1=" " ind2=" ">
        <subfield code="a">FAMILY INCOME</subfield>
        <subfield code="0">(DHLAUTH)269804</subfield>
    </datafield>
    <datafield tag="650" ind1=" " ind2=" ">
        <subfield code="a">EDUCATION</subfield>
        <subfield code="0">(DHLAUTH)268926</subfield>
    </datafield>
    <datafield tag="650" ind1=" " ind2=" ">
        <subfield code="a">FOOD</subfield>
        <subfield code="0">(DHLAUTH)271146</subfield>
    </datafield>
    <datafield tag="650" ind1=" " ind2=" ">
        <subfield code="a">CLOTHING</subfield>
        <subfield code="0">(DHLAUTH)272078</subfield>
    </datafield>
    <datafield tag="650" ind1=" " ind2=" ">
        <subfield code="a">EGYPT</subfield>
        <subfield code="0">(DHLAUTH)273328</subfield>
    </datafield>
    <datafield tag="650" ind1=" " ind2=" ">
        <subfield code="a">POPULATION PROJECTIONS</subfield>
        <subfield code="0">(DHLAUTH)272997</subfield>
    </datafield>
    <datafield tag="650" ind1=" " ind2=" ">
        <subfield code="a">URBAN PLANNING</subfield>
        <subfield code="0">(DHLAUTH)268420</subfield>
    </datafield>
    <datafield tag="650" ind1=" " ind2=" ">
        <subfield code="a">JORDAN</subfield>
        <subfield code="0">(DHLAUTH)269099</subfield>
    </datafield>
    <datafield tag="650" ind1=" " ind2=" ">
        <subfield code="a">WESTERN ASIA</subfield>
        <subfield code="0">(DHLAUTH)275490</subfield>
    </datafield>
    <datafield tag="650" ind1=" " ind2=" ">
        <subfield code="a">FERTILITY</subfield>
        <subfield code="0">(DHLAUTH)273021</subfield>
    </datafield>
    <datafield tag="650" ind1=" " ind2=" ">
        <subfield code="a">POPULATION THEORY</subfield>
        <subfield code="0">(DHLAUTH)273061</subfield>
    </datafield>
    <datafield tag="650" ind1=" " ind2=" ">
        <subfield code="a">ARAB COUNTRIES</subfield>
        <subfield code="0">(DHLAUTH)268705</subfield>
    </datafield>
</record>
<record>
    <datafield tag="191" ind1=" " ind2=" ">
        <subfield code="a">E/ESCWA/POP/1990/1</subfield>
    </datafield>
    <datafield tag="246" ind1=" " ind2=" ">
        <subfield code="a">تقرير عن المهمة الاستشارية الى وزارة التخطيط في المملكة العربية السعودية الرياض خلال المدة من 3-13 شباط/فبراير 1990.</subfield>
    </datafield>
    <datafield tag="269" ind1=" " ind2=" ">
        <subfield code="a">19900225</subfield>
    </datafield>
    <datafield tag="650" ind1=" " ind2=" ">
        <subfield code="a">ADVISORY SERVICES</subfield>
        <subfield code="0">(DHLAUTH)269860</subfield>
    </datafield>
    <datafield tag="650" ind1=" " ind2=" ">
        <subfield code="a">TECHNICAL TRAINING</subfield>
        <subfield code="0">(DHLAUTH)271971</subfield>
    </datafield>
    <datafield tag="650" ind1=" " ind2=" ">
        <subfield code="a">EMPLOYEES</subfield>
        <subfield code="0">(DHLAUTH)274225</subfield>
    </datafield>
    <datafield tag="650" ind1=" " ind2=" ">
        <subfield code="a">SAUDI ARABIA</subfield>
        <subfield code="0">(DHLAUTH)273464</subfield>
    </datafield>
    <datafield tag="650" ind1=" " ind2=" ">
        <subfield code="a">HUMAN RESOURCES</subfield>
        <subfield code="0">(DHLAUTH)270571</subfield>
    </datafield>
</record>
<record>
    <datafield tag="191" ind1=" " ind2=" ">
        <subfield code="a">E/ESCWA/POP/1992/10</subfield>
    </datafield>
    <datafield tag="246" ind1=" " ind2=" ">
        <subfield code="a">تخطيط القوى العاملة في القطاع الصناعي: تجربتا المملكة العربية السعودية والجمهورية العربية السورية</subfield>
    </datafield>
    <datafield tag="269" ind1=" " ind2=" ">
        <subfield code="a">19920803</subfield>
    </datafield>
    <datafield tag="650" ind1=" " ind2=" ">
        <subfield code="a">MANPOWER PLANNING</subfield>
        <subfield code="0">(DHLAUTH)269926</subfield>
    </datafield>
    <datafield tag="650" ind1=" " ind2=" ">
        <subfield code="a">INDUSTRIAL PLANNING</subfield>
        <subfield code="0">(DHLAUTH)269925</subfield>
    </datafield>
    <datafield tag="650" ind1=" " ind2=" ">
        <subfield code="a">MANUFACTURING</subfield>
        <subfield code="0">(DHLAUTH)271821</subfield>
    </datafield>
    <datafield tag="650" ind1=" " ind2=" ">
        <subfield code="a">DEVELOPMENT PLANNING</subfield>
        <subfield code="0">(DHLAUTH)269883</subfield>
    </datafield>
    <datafield tag="650" ind1=" " ind2=" ">
        <subfield code="a">DEVELOPMENT PLANS</subfield>
        <subfield code="0">(DHLAUTH)269892</subfield>
    </datafield>
    <datafield tag="650" ind1=" " ind2=" ">
        <subfield code="a">TECHNICAL EDUCATION</subfield>
        <subfield code="0">(DHLAUTH)271975</subfield>
    </datafield>
    <datafield tag="650" ind1=" " ind2=" ">
        <subfield code="a">SYRIAN ARAB REPUBLIC</subfield>
        <subfield code="0">(DHLAUTH)273496</subfield>
    </datafield>
    <datafield tag="650" ind1=" " ind2=" ">
        <subfield code="a">SAUDI ARABIA</subfield>
        <subfield code="0">(DHLAUTH)273464</subfield>
    </datafield>
</record>
<record>
    <datafield tag="191" ind1=" " ind2=" ">
        <subfield code="a">E/ESCWA/POP/1992/12</subfield>
    </datafield>
    <datafield tag="246" ind1=" " ind2=" ">
        <subfield code="a">مشروع مركز التدريب والارشاد الزراعي في لبنان</subfield>
    </datafield>
    <datafield tag="269" ind1=" " ind2=" ">
        <subfield code="a">19921112</subfield>
    </datafield>
    <datafield tag="650" ind1=" " ind2=" ">
        <subfield code="a">AGRICULTURAL PLANNING</subfield>
        <subfield code="0">(DHLAUTH)269924</subfield>
    </datafield>
    <datafield tag="650" ind1=" " ind2=" ">
        <subfield code="a">AGRICULTURAL EXTENSION</subfield>
        <subfield code="0">(DHLAUTH)271314</subfield>
    </datafield>
    <datafield tag="650" ind1=" " ind2=" ">
        <subfield code="a">AGRICULTURAL PRODUCTS</subfield>
        <subfield code="0">(DHLAUTH)270579</subfield>
    </datafield>
    <datafield tag="650" ind1=" " ind2=" ">
        <subfield code="a">POPULATION DISTRIBUTION</subfield>
        <subfield code="0">(DHLAUTH)272996</subfield>
    </datafield>
    <datafield tag="650" ind1=" " ind2=" ">
        <subfield code="a">INTERNAL MIGRATION</subfield>
        <subfield code="0">(DHLAUTH)270950</subfield>
    </datafield>
    <datafield tag="650" ind1=" " ind2=" ">
        <subfield code="a">POPULATION SIZE</subfield>
        <subfield code="0">(DHLAUTH)272998</subfield>
    </datafield>
    <datafield tag="650" ind1=" " ind2=" ">
        <subfield code="a">MANPOWER</subfield>
        <subfield code="0">(DHLAUTH)273105</subfield>
    </datafield>
    <datafield tag="650" ind1=" " ind2=" ">
        <subfield code="a">AGRICULTURAL PRODUCTION</subfield>
        <subfield code="0">(DHLAUTH)269670</subfield>
    </datafield>
    <datafield tag="650" ind1=" " ind2=" ">
        <subfield code="a">WATER RESOURCES</subfield>
        <subfield code="0">(DHLAUTH)270568</subfield>
    </datafield>
    <datafield tag="650" ind1=" " ind2=" ">
        <subfield code="a">TECHNICAL TRAINING</subfield>
        <subfield code="0">(DHLAUTH)271971</subfield>
    </datafield>
    <datafield tag="650" ind1=" " ind2=" ">
        <subfield code="a">LEBANON SITUATION</subfield>
        <subfield code="0">(DHLAUTH)269068</subfield>
    </datafield>
    <datafield tag="650" ind1=" " ind2=" ">
        <subfield code="a">LEBANON</subfield>
        <subfield code="0">(DHLAUTH)269069</subfield>
    </datafield>
</record>
<record>
    <datafield tag="191" ind1=" " ind2=" ">
        <subfield code="a">E/ESCWA/POP/1992/2</subfield>
    </datafield>
    <datafield tag="246" ind1=" " ind2=" ">
        <subfield code="a">اعمال الندوة حول الاثار الديمغرافية والاجتماعية والاقتصادية للهجرة الدولية في الوطن العربي مع اشارة خاصة للهجرة العائدة عمان 4-9 كانون الاول/ديسمبر 1989.</subfield>
    </datafield>
    <datafield tag="269" ind1=" " ind2=" ">
        <subfield code="a">19920218</subfield>
    </datafield>
    <datafield tag="650" ind1=" " ind2=" ">
        <subfield code="a">CONFERENCES</subfield>
        <subfield code="0">(DHLAUTH)275758</subfield>
    </datafield>
    <datafield tag="650" ind1=" " ind2=" ">
        <subfield code="a">WESTERN ASIA</subfield>
        <subfield code="0">(DHLAUTH)275490</subfield>
    </datafield>
    <datafield tag="650" ind1=" " ind2=" ">
        <subfield code="a">RETURN MIGRATION</subfield>
        <subfield code="0">(DHLAUTH)273078</subfield>
    </datafield>
    <datafield tag="650" ind1=" " ind2=" ">
        <subfield code="a">INTERNATIONAL MIGRATION</subfield>
        <subfield code="0">(DHLAUTH)273006</subfield>
    </datafield>
    <datafield tag="650" ind1=" " ind2=" ">
        <subfield code="a">SOCIAL ASPECTS</subfield>
        <subfield code="0">(DHLAUTH)274710</subfield>
    </datafield>
    <datafield tag="650" ind1=" " ind2=" ">
        <subfield code="a">ECONOMIC ASPECTS</subfield>
        <subfield code="0">(DHLAUTH)269753</subfield>
    </datafield>
</record>
<record>
    <datafield tag="191" ind1=" " ind2=" ">
        <subfield code="a">E/ESCWA/POP/1992/4</subfield>
    </datafield>
    <datafield tag="246" ind1=" " ind2=" ">
        <subfield code="a">النشرة السكانية اللجنة الاقتصادية والاجتماعية لغربي آسيا, العدد 35كانون الاول 1989/ العدد 36 حزيران 1990/ 37 كانون الاول 1990</subfield>
    </datafield>
    <datafield tag="269" ind1=" " ind2=" ">
        <subfield code="a">19901201</subfield>
    </datafield>
    <datafield tag="650" ind1=" " ind2=" ">
        <subfield code="a">PALESTINIANS</subfield>
        <subfield code="0">(DHLAUTH)269084</subfield>
    </datafield>
    <datafield tag="650" ind1=" " ind2=" ">
        <subfield code="a">WOMEN</subfield>
        <subfield code="0">(DHLAUTH)273032</subfield>
    </datafield>
    <datafield tag="650" ind1=" " ind2=" ">
        <subfield code="a">FERTILITY</subfield>
        <subfield code="0">(DHLAUTH)273021</subfield>
    </datafield>
    <datafield tag="650" ind1=" " ind2=" ">
        <subfield code="a">DEMOGRAPHIC ANALYSIS</subfield>
        <subfield code="0">(DHLAUTH)272979</subfield>
    </datafield>
    <datafield tag="650" ind1=" " ind2=" ">
        <subfield code="a">CHILDREN</subfield>
        <subfield code="0">(DHLAUTH)269400</subfield>
    </datafield>
    <datafield tag="650" ind1=" " ind2=" ">
        <subfield code="a">STATISTICAL DATA</subfield>
        <subfield code="0">(DHLAUTH)270233</subfield>
    </datafield>
    <datafield tag="650" ind1=" " ind2=" ">
        <subfield code="a">HOUSEHOLD SURVEYS</subfield>
        <subfield code="0">(DHLAUTH)270181</subfield>
    </datafield>
    <datafield tag="650" ind1=" " ind2=" ">
        <subfield code="a">CIVIL REGISTRATION</subfield>
        <subfield code="0">(DHLAUTH)272946</subfield>
    </datafield>
    <datafield tag="650" ind1=" " ind2=" ">
        <subfield code="a">GULF STATES</subfield>
        <subfield code="0">(DHLAUTH)275605</subfield>
    </datafield>
    <datafield tag="650" ind1=" " ind2=" ">
        <subfield code="a">ROADS</subfield>
        <subfield code="0">(DHLAUTH)272500</subfield>
    </datafield>
    <datafield tag="650" ind1=" " ind2=" ">
        <subfield code="a">RAINWATER</subfield>
        <subfield code="0">(DHLAUTH)270900</subfield>
    </datafield>
    <datafield tag="650" ind1=" " ind2=" ">
        <subfield code="a">IRAQ</subfield>
        <subfield code="0">(DHLAUTH)273370</subfield>
    </datafield>
    <datafield tag="650" ind1=" " ind2=" ">
        <subfield code="a">POPULATION TRANSFERS</subfield>
        <subfield code="0">(DHLAUTH)273030</subfield>
    </datafield>
    <datafield tag="650" ind1=" " ind2=" ">
        <subfield code="a">INDIGENOUS PEOPLES</subfield>
        <subfield code="0">(DHLAUTH)273219</subfield>
    </datafield>
</record>
<record>
    <datafield tag="191" ind1=" " ind2=" ">
        <subfield code="a">E/ESCWA/POP/1992/7</subfield>
    </datafield>
    <datafield tag="246" ind1=" " ind2=" ">
        <subfield code="a">مدرسو ومدربو التعليم الفني في الوطن العربي</subfield>
    </datafield>
    <datafield tag="269" ind1=" " ind2=" ">
        <subfield code="a">19920701</subfield>
    </datafield>
    <datafield tag="650" ind1=" " ind2=" ">
        <subfield code="a">ARAB COUNTRIES</subfield>
        <subfield code="0">(DHLAUTH)268705</subfield>
    </datafield>
    <datafield tag="650" ind1=" " ind2=" ">
        <subfield code="a">EDUCATION</subfield>
        <subfield code="0">(DHLAUTH)268926</subfield>
    </datafield>
    <datafield tag="650" ind1=" " ind2=" ">
        <subfield code="a">TRAINING PROGRAMMES</subfield>
        <subfield code="0">(DHLAUTH)274026</subfield>
    </datafield>
    <datafield tag="650" ind1=" " ind2=" ">
        <subfield code="a">TEACHERS</subfield>
        <subfield code="0">(DHLAUTH)274014</subfield>
    </datafield>
    <datafield tag="650" ind1=" " ind2=" ">
        <subfield code="a">TRAINING AND RESEARCH INSTITUTIONS</subfield>
        <subfield code="0">(DHLAUTH)274044</subfield>
    </datafield>
    <datafield tag="650" ind1=" " ind2=" ">
        <subfield code="a">RECOMMENDATIONS</subfield>
        <subfield code="0">(DHLAUTH)275840</subfield>
    </datafield>
    <datafield tag="650" ind1=" " ind2=" ">
        <subfield code="a">SURVEYS</subfield>
        <subfield code="0">(DHLAUTH)269793</subfield>
    </datafield>
</record>
<record>
    <datafield tag="191" ind1=" " ind2=" ">
        <subfield code="a">E/ESCWA/POP/1992/8</subfield>
    </datafield>
    <datafield tag="246" ind1=" " ind2=" ">
        <subfield code="a">النشرة السكانية اللجنة الاقتصادية والاجتماعية لغربي آسيا, العدد 38 حزيران 1991 / 39 كانون الاول 1991  </subfield>
    </datafield>
    <datafield tag="269" ind1=" " ind2=" ">
        <subfield code="a">19911201</subfield>
    </datafield>
    <datafield tag="650" ind1=" " ind2=" ">
        <subfield code="a">WORKING CONDITIONS</subfield>
        <subfield code="0">(DHLAUTH)272403</subfield>
    </datafield>
    <datafield tag="650" ind1=" " ind2=" ">
        <subfield code="a">BASIC NEEDS</subfield>
        <subfield code="0">(DHLAUTH)273563</subfield>
    </datafield>
    <datafield tag="650" ind1=" " ind2=" ">
        <subfield code="a">WOMEN</subfield>
        <subfield code="0">(DHLAUTH)273032</subfield>
    </datafield>
    <datafield tag="650" ind1=" " ind2=" ">
        <subfield code="a">AGRICULTURE</subfield>
        <subfield code="0">(DHLAUTH)271335</subfield>
    </datafield>
    <datafield tag="650" ind1=" " ind2=" ">
        <subfield code="a">MANPOWER</subfield>
        <subfield code="0">(DHLAUTH)273105</subfield>
    </datafield>
    <datafield tag="650" ind1=" " ind2=" ">
        <subfield code="a">SOCIAL STATISTICS</subfield>
        <subfield code="0">(DHLAUTH)270232</subfield>
    </datafield>
    <datafield tag="650" ind1=" " ind2=" ">
        <subfield code="a">SOCIAL CONDITIONS</subfield>
        <subfield code="0">(DHLAUTH)268327</subfield>
    </datafield>
    <datafield tag="650" ind1=" " ind2=" ">
        <subfield code="a">AGRICULTURAL PRODUCTION</subfield>
        <subfield code="0">(DHLAUTH)269670</subfield>
    </datafield>
    <datafield tag="650" ind1=" " ind2=" ">
        <subfield code="a">EGYPT</subfield>
        <subfield code="0">(DHLAUTH)273328</subfield>
    </datafield>
    <datafield tag="650" ind1=" " ind2=" ">
        <subfield code="a">LEBANON</subfield>
        <subfield code="0">(DHLAUTH)269069</subfield>
    </datafield>
    <datafield tag="650" ind1=" " ind2=" ">
        <subfield code="a">JORDAN</subfield>
        <subfield code="0">(DHLAUTH)269099</subfield>
    </datafield>
    <datafield tag="650" ind1=" " ind2=" ">
        <subfield code="a">LABOUR MARKET</subfield>
        <subfield code="0">(DHLAUTH)269799</subfield>
    </datafield>
    <datafield tag="650" ind1=" " ind2=" ">
        <subfield code="a">DEATH</subfield>
        <subfield code="0">(DHLAUTH)269438</subfield>
    </datafield>
    <datafield tag="650" ind1=" " ind2=" ">
        <subfield code="a">HOUSEHOLD SURVEYS</subfield>
        <subfield code="0">(DHLAUTH)270181</subfield>
    </datafield>
    <datafield tag="650" ind1=" " ind2=" ">
        <subfield code="a">GULF STATES</subfield>
        <subfield code="0">(DHLAUTH)275605</subfield>
    </datafield>
    <datafield tag="650" ind1=" " ind2=" ">
        <subfield code="a">POPULATION</subfield>
        <subfield code="0">(DHLAUTH)272994</subfield>
    </datafield>
    <datafield tag="650" ind1=" " ind2=" ">
        <subfield code="a">WESTERN ASIA</subfield>
        <subfield code="0">(DHLAUTH)275490</subfield>
    </datafield>
</record>
<record>
    <datafield tag="191" ind1=" " ind2=" ">
        <subfield code="a">E/ESCWA/POP/1992/9</subfield>
    </datafield>
    <datafield tag="246" ind1=" " ind2=" ">
        <subfield code="a">تقرير عن المهمة الاستشارية الى مصلحة الاحصاءات العامة المملكة العربية السعودية/ خلال الفترة من 28 نيسان /ابريل الى 25 آيار/ مايو 1992</subfield>
    </datafield>
    <datafield tag="269" ind1=" " ind2=" ">
        <subfield code="a">19920515</subfield>
    </datafield>
    <datafield tag="650" ind1=" " ind2=" ">
        <subfield code="a">WORK PROGRAMME</subfield>
        <subfield code="0">(DHLAUTH)275800</subfield>
    </datafield>
    <datafield tag="650" ind1=" " ind2=" ">
        <subfield code="a">ADVISORY SERVICES</subfield>
        <subfield code="0">(DHLAUTH)269860</subfield>
    </datafield>
    <datafield tag="650" ind1=" " ind2=" ">
        <subfield code="a">POPULATION CENSUSES</subfield>
        <subfield code="0">(DHLAUTH)270178</subfield>
    </datafield>
    <datafield tag="650" ind1=" " ind2=" ">
        <subfield code="a">HOUSING CENSUSES</subfield>
        <subfield code="0">(DHLAUTH)304326</subfield>
    </datafield>
    <datafield tag="650" ind1=" " ind2=" ">
        <subfield code="a">SAUDI ARABIA</subfield>
        <subfield code="0">(DHLAUTH)273464</subfield>
    </datafield>
    <datafield tag="650" ind1=" " ind2=" ">
        <subfield code="a">WESTERN ASIA</subfield>
        <subfield code="0">(DHLAUTH)275490</subfield>
    </datafield>
</record>
<record>
    <datafield tag="191" ind1=" " ind2=" ">
        <subfield code="a">E/ESCWA/POP/1993/11</subfield>
    </datafield>
    <datafield tag="246" ind1=" " ind2=" ">
        <subfield code="a">وقائع المؤتمر العربي للسكان.</subfield>
    </datafield>
    <datafield tag="269" ind1=" " ind2=" ">
        <subfield code="a">19931107</subfield>
    </datafield>
    <datafield tag="650" ind1=" " ind2=" ">
        <subfield code="a">POPULATION COMPOSITION</subfield>
        <subfield code="0">(DHLAUTH)272937</subfield>
    </datafield>
    <datafield tag="650" ind1=" " ind2=" ">
        <subfield code="a">POPULATION GROWTH</subfield>
        <subfield code="0">(DHLAUTH)272944</subfield>
    </datafield>
    <datafield tag="650" ind1=" " ind2=" ">
        <subfield code="a">CONFERENCES</subfield>
        <subfield code="0">(DHLAUTH)275758</subfield>
    </datafield>
    <datafield tag="650" ind1=" " ind2=" ">
        <subfield code="a">WESTERN ASIA</subfield>
        <subfield code="0">(DHLAUTH)275490</subfield>
    </datafield>
    <datafield tag="650" ind1=" " ind2=" ">
        <subfield code="a">POPULATION DISTRIBUTION</subfield>
        <subfield code="0">(DHLAUTH)272996</subfield>
    </datafield>
    <datafield tag="650" ind1=" " ind2=" ">
        <subfield code="a">MANPOWER</subfield>
        <subfield code="0">(DHLAUTH)273105</subfield>
    </datafield>
    <datafield tag="650" ind1=" " ind2=" ">
        <subfield code="a">INTERNATIONAL MIGRATION</subfield>
        <subfield code="0">(DHLAUTH)273006</subfield>
    </datafield>
    <datafield tag="650" ind1=" " ind2=" ">
        <subfield code="a">FAMILY PLANNING</subfield>
        <subfield code="0">(DHLAUTH)273053</subfield>
    </datafield>
    <datafield tag="650" ind1=" " ind2=" ">
        <subfield code="a">INTERNAL MIGRATION</subfield>
        <subfield code="0">(DHLAUTH)270950</subfield>
    </datafield>
    <datafield tag="650" ind1=" " ind2=" ">
        <subfield code="a">POPULATION POLICY</subfield>
        <subfield code="0">(DHLAUTH)269905</subfield>
    </datafield>
    <datafield tag="650" ind1=" " ind2=" ">
        <subfield code="a">WOMEN IN DEVELOPMENT</subfield>
        <subfield code="0">(DHLAUTH)269878</subfield>
    </datafield>
</record>
<record>
    <datafield tag="191" ind1=" " ind2=" ">
        <subfield code="a">E/ESCWA/POP/1993/2/REV.1</subfield>
    </datafield>
    <datafield tag="246" ind1=" " ind2=" ">
        <subfield code="a">مذكرة فنية/ اجتماع الخبراء حول التعطل في دول الاسكوا 26-29 تموز /يوليو 1993</subfield>
    </datafield>
    <datafield tag="269" ind1=" " ind2=" ">
        <subfield code="a">19930714</subfield>
    </datafield>
    <datafield tag="650" ind1=" " ind2=" ">
        <subfield code="a">CONFERENCES</subfield>
        <subfield code="0">(DHLAUTH)275758</subfield>
    </datafield>
    <datafield tag="650" ind1=" " ind2=" ">
        <subfield code="a">WESTERN ASIA</subfield>
        <subfield code="0">(DHLAUTH)275490</subfield>
    </datafield>
    <datafield tag="650" ind1=" " ind2=" ">
        <subfield code="a">WORK ORGANIZATION</subfield>
        <subfield code="0">(DHLAUTH)275746</subfield>
    </datafield>
    <datafield tag="650" ind1=" " ind2=" ">
        <subfield code="a">UNEMPLOYMENT</subfield>
        <subfield code="0">(DHLAUTH)269726</subfield>
    </datafield>
</record>
<record>
    <datafield tag="191" ind1=" " ind2=" ">
        <subfield code="a">E/ESCWA/POP/1993/APC/INF.2</subfield>
    </datafield>
    <datafield tag="245" ind1=" " ind2=" ">
        <subfield code="a">INFORMATION NOTICE NO.2 (FOR PARTICIPANTS TRAVELLING AT THEIR OWN EXPENENSE)/ ARAB POPULATION CONFERENCE AMMAN 4-8 APRIL 1993</subfield>
    </datafield>
    <datafield tag="246" ind1=" " ind2=" ">
        <subfield code="a">مذكرة رقم 2-معلومات للمشاركين المسافرين على نفقتهم الخاصة/ المؤتمر العربي للسكان عمان 4-8 نيسان 1993</subfield>
    </datafield>
    <datafield tag="269" ind1=" " ind2=" ">
        <subfield code="a">19930303</subfield>
    </datafield>
    <datafield tag="650" ind1=" " ind2=" ">
        <subfield code="a">CONFERENCES</subfield>
        <subfield code="0">(DHLAUTH)275758</subfield>
    </datafield>
    <datafield tag="650" ind1=" " ind2=" ">
        <subfield code="a">WESTERN ASIA</subfield>
        <subfield code="0">(DHLAUTH)275490</subfield>
    </datafield>
    <datafield tag="650" ind1=" " ind2=" ">
        <subfield code="a">INFORMATION</subfield>
        <subfield code="0">(DHLAUTH)270009</subfield>
    </datafield>
    <datafield tag="650" ind1=" " ind2=" ">
        <subfield code="a">PARTICIPANTS</subfield>
        <subfield code="0">(DHLAUTH)275785</subfield>
    </datafield>
    <datafield tag="650" ind1=" " ind2=" ">
        <subfield code="a">POPULATION GROWTH</subfield>
        <subfield code="0">(DHLAUTH)272944</subfield>
    </datafield>
</record>
<record>
    <datafield tag="191" ind1=" " ind2=" ">
        <subfield code="a">E/ESCWA/POP/1993/APC/INF.3/REV.1</subfield>
    </datafield>
    <datafield tag="245" ind1=" " ind2=" ">
        <subfield code="a">LIST OF DOCUMENTS/ ARAB POPULATION CONFERENCE AMMAN 4-8 APRIL 1993</subfield>
    </datafield>
    <datafield tag="246" ind1=" " ind2=" ">
        <subfield code="a">قائمة بالوثائق/ المؤتمر العربي للسكان عمان 4-8 نيسان 1993</subfield>
    </datafield>
    <datafield tag="269" ind1=" " ind2=" ">
        <subfield code="a">19930406</subfield>
    </datafield>
    <datafield tag="650" ind1=" " ind2=" ">
        <subfield code="a">CONFERENCES</subfield>
        <subfield code="0">(DHLAUTH)275758</subfield>
    </datafield>
    <datafield tag="650" ind1=" " ind2=" ">
        <subfield code="a">WESTERN ASIA</subfield>
        <subfield code="0">(DHLAUTH)275490</subfield>
    </datafield>
    <datafield tag="650" ind1=" " ind2=" ">
        <subfield code="a">DOCUMENTS</subfield>
        <subfield code="0">(DHLAUTH)270014</subfield>
    </datafield>
</record>
<record>
    <datafield tag="191" ind1=" " ind2=" ">
        <subfield code="a">E/ESCWA/POP/1993/APC/INF.4</subfield>
    </datafield>
    <datafield tag="246" ind1=" " ind2=" ">
        <subfield code="a">قائمة باسماء المشاركين/ المؤتمر العربي للسكان عمان 4-8 نيسان 1993</subfield>
    </datafield>
    <datafield tag="269" ind1=" " ind2=" ">
        <subfield code="a">19930605</subfield>
    </datafield>
    <datafield tag="650" ind1=" " ind2=" ">
        <subfield code="a">CONFERENCES</subfield>
        <subfield code="0">(DHLAUTH)275758</subfield>
    </datafield>
    <datafield tag="650" ind1=" " ind2=" ">
        <subfield code="a">WESTERN ASIA</subfield>
        <subfield code="0">(DHLAUTH)275490</subfield>
    </datafield>
    <datafield tag="650" ind1=" " ind2=" ">
        <subfield code="a">PARTICIPANTS</subfield>
        <subfield code="0">(DHLAUTH)275785</subfield>
    </datafield>
</record>
<record>
    <datafield tag="191" ind1=" " ind2=" ">
        <subfield code="a">E/ESCWA/POP/1993/INF.1/REV.1</subfield>
    </datafield>
    <datafield tag="246" ind1=" " ind2=" ">
        <subfield code="a">المذكرة الفنية/ إجتماع فريق خبراء بشان التنمة البشرية في الوطن العربي 6-9 كانون الاول 1993 </subfield>
    </datafield>
    <datafield tag="269" ind1=" " ind2=" ">
        <subfield code="a">19931111</subfield>
    </datafield>
    <datafield tag="650" ind1=" " ind2=" ">
        <subfield code="a">CONFERENCES</subfield>
        <subfield code="0">(DHLAUTH)275758</subfield>
    </datafield>
    <datafield tag="650" ind1=" " ind2=" ">
        <subfield code="a">WESTERN ASIA</subfield>
        <subfield code="0">(DHLAUTH)275490</subfield>
    </datafield>
    <datafield tag="650" ind1=" " ind2=" ">
        <subfield code="a">HUMAN DEVELOPMENT</subfield>
        <subfield code="0">(DHLAUTH)276688</subfield>
    </datafield>
    <datafield tag="650" ind1=" " ind2=" ">
        <subfield code="a">SOCIAL RESEARCH</subfield>
        <subfield code="0">(DHLAUTH)269376</subfield>
    </datafield>
</record>
<record>
    <datafield tag="191" ind1=" " ind2=" ">
        <subfield code="a">E/ESCWA/POP/1993/MAPC/4</subfield>
    </datafield>
    <datafield tag="246" ind1=" " ind2=" ">
        <subfield code="a">RAPPORT DE LA REUNION DE HAUTS RESPONSABLES GOUVERNEMENTAUX ET D'EXPERTS</subfield>
    </datafield>
    <datafield tag="246" ind1=" " ind2=" ">
        <subfield code="a">تقرير اجتماع كبار المسؤولين والخبراء</subfield>
    </datafield>
    <datafield tag="269" ind1=" " ind2=" ">
        <subfield code="a">19930407</subfield>
    </datafield>
    <datafield tag="650" ind1=" " ind2=" ">
        <subfield code="a">CONFERENCES</subfield>
        <subfield code="0">(DHLAUTH)275758</subfield>
    </datafield>
    <datafield tag="650" ind1=" " ind2=" ">
        <subfield code="a">WESTERN ASIA</subfield>
        <subfield code="0">(DHLAUTH)275490</subfield>
    </datafield>
    <datafield tag="650" ind1=" " ind2=" ">
        <subfield code="a">ACTIVITIES</subfield>
        <subfield code="0">(DHLAUTH)275823</subfield>
    </datafield>
    <datafield tag="650" ind1=" " ind2=" ">
        <subfield code="a">EXPERTS</subfield>
        <subfield code="0">(DHLAUTH)269889</subfield>
    </datafield>
</record>
<record>
    <datafield tag="191" ind1=" " ind2=" ">
        <subfield code="a">E/ESCWA/POP/1993/MAPC/L.2</subfield>
    </datafield>
    <datafield tag="245" ind1=" " ind2=" ">
        <subfield code="a">PROVISIONAL PROGRAMME OF WORK/ MEETING OF MINISTERS OF THE ARAB POPULATION CONFERENCE AMMAN 4-8 APRIL 1993</subfield>
    </datafield>
    <datafield tag="246" ind1=" " ind2=" ">
        <subfield code="a">برنامج العمل المؤقت/ الاجتماع الوزاري المؤتمر العربي للسكان عمان 7-8 نيسان 1993</subfield>
    </datafield>
    <datafield tag="269" ind1=" " ind2=" ">
        <subfield code="a">19930301</subfield>
    </datafield>
    <datafield tag="650" ind1=" " ind2=" ">
        <subfield code="a">CONFERENCES</subfield>
        <subfield code="0">(DHLAUTH)275758</subfield>
    </datafield>
    <datafield tag="650" ind1=" " ind2=" ">
        <subfield code="a">WESTERN ASIA</subfield>
        <subfield code="0">(DHLAUTH)275490</subfield>
    </datafield>
    <datafield tag="650" ind1=" " ind2=" ">
        <subfield code="a">WORK PROGRAMME</subfield>
        <subfield code="0">(DHLAUTH)275800</subfield>
    </datafield>
</record>
<record>
    <datafield tag="191" ind1=" " ind2=" ">
        <subfield code="a">E/ESCWA/POP/1993/SAPC/L.1/REV.1</subfield>
    </datafield>
    <datafield tag="246" ind1=" " ind2=" ">
        <subfield code="a">جدول الاعمال المؤقت/ اجتماع كبار المسؤولين والخبراء لمؤتمر العربي للسكان 4-6 نيسان /ابريل 1993 عمان, الاردن</subfield>
    </datafield>
    <datafield tag="269" ind1=" " ind2=" ">
        <subfield code="a">19930403</subfield>
    </datafield>
    <datafield tag="650" ind1=" " ind2=" ">
        <subfield code="a">WESTERN ASIA</subfield>
        <subfield code="0">(DHLAUTH)275490</subfield>
    </datafield>
    <datafield tag="650" ind1=" " ind2=" ">
        <subfield code="a">CONFERENCES</subfield>
        <subfield code="0">(DHLAUTH)275758</subfield>
    </datafield>
    <datafield tag="650" ind1=" " ind2=" ">
        <subfield code="a">AGENDA</subfield>
        <subfield code="0">(DHLAUTH)275133</subfield>
    </datafield>
</record>
<record>
    <datafield tag="191" ind1=" " ind2=" ">
        <subfield code="a">E/ESCWA/POP/1993/SAPC/L.2/REV.1</subfield>
    </datafield>
    <datafield tag="246" ind1=" " ind2=" ">
        <subfield code="a">برنامج العمل المؤقت/ اجتماع كبار المسؤولين والخبراء لمؤتمر العربي للسكان 4-6 نيسان /ابريل 1993 عمان, الاردن</subfield>
    </datafield>
    <datafield tag="269" ind1=" " ind2=" ">
        <subfield code="a">19930403</subfield>
    </datafield>
    <datafield tag="650" ind1=" " ind2=" ">
        <subfield code="a">WESTERN ASIA</subfield>
        <subfield code="0">(DHLAUTH)275490</subfield>
    </datafield>
    <datafield tag="650" ind1=" " ind2=" ">
        <subfield code="a">CONFERENCES</subfield>
        <subfield code="0">(DHLAUTH)275758</subfield>
    </datafield>
    <datafield tag="650" ind1=" " ind2=" ">
        <subfield code="a">WORK PROGRAMME</subfield>
        <subfield code="0">(DHLAUTH)275800</subfield>
    </datafield>
    <datafield tag="650" ind1=" " ind2=" ">
        <subfield code="a">POPULATION GROWTH</subfield>
        <subfield code="0">(DHLAUTH)272944</subfield>
    </datafield>
</record>
<record>
    <datafield tag="191" ind1=" " ind2=" ">
        <subfield code="a">E/ESCWA/POP/1994/1/REV.1</subfield>
    </datafield>
    <datafield tag="246" ind1=" " ind2=" ">
        <subfield code="a">تقرير عن المهمة الاستشارية الى وزارة الشؤون الاجتماعية والعمل المديرية العامة لتنمية المجتمعات المحلية مسقط-سلطنة عمان خلال الفترة 16-28 كانون الأول/ديسمبر 1993</subfield>
    </datafield>
    <datafield tag="269" ind1=" " ind2=" ">
        <subfield code="a">19940706</subfield>
    </datafield>
    <datafield tag="650" ind1=" " ind2=" ">
        <subfield code="a">TECHNICAL COOPERATION</subfield>
        <subfield code="0">(DHLAUTH)268658</subfield>
    </datafield>
    <datafield tag="650" ind1=" " ind2=" ">
        <subfield code="a">ADVISORY SERVICES</subfield>
        <subfield code="0">(DHLAUTH)269860</subfield>
    </datafield>
    <datafield tag="650" ind1=" " ind2=" ">
        <subfield code="a">HUMAN RESOURCES</subfield>
        <subfield code="0">(DHLAUTH)270571</subfield>
    </datafield>
    <datafield tag="650" ind1=" " ind2=" ">
        <subfield code="a">TECHNICAL TRAINING</subfield>
        <subfield code="0">(DHLAUTH)271971</subfield>
    </datafield>
    <datafield tag="650" ind1=" " ind2=" ">
        <subfield code="a">SOCIAL DEVELOPMENT</subfield>
        <subfield code="0">(DHLAUTH)269873</subfield>
    </datafield>
    <datafield tag="650" ind1=" " ind2=" ">
        <subfield code="a">OMAN</subfield>
        <subfield code="0">(DHLAUTH)273438</subfield>
    </datafield>
</record>
<record>
    <datafield tag="191" ind1=" " ind2=" ">
        <subfield code="a">E/ESCWA/POP/1994/2</subfield>
    </datafield>
    <datafield tag="245" ind1=" " ind2=" ">
        <subfield code="a">التعطل في دول الاسكوا وقائع اجتماع الخبراء حول التعطل في دول الاسكوا 26-29 تموز /يوليو 1993</subfield>
    </datafield>
    <datafield tag="269" ind1=" " ind2=" ">
        <subfield code="a">19940224</subfield>
    </datafield>
    <datafield tag="650" ind1=" " ind2=" ">
        <subfield code="a">UNEMPLOYMENT</subfield>
        <subfield code="0">(DHLAUTH)269726</subfield>
    </datafield>
    <datafield tag="650" ind1=" " ind2=" ">
        <subfield code="a">CONFERENCES</subfield>
        <subfield code="0">(DHLAUTH)275758</subfield>
    </datafield>
    <datafield tag="650" ind1=" " ind2=" ">
        <subfield code="a">WESTERN ASIA</subfield>
        <subfield code="0">(DHLAUTH)275490</subfield>
    </datafield>
</record>
<record>
    <datafield tag="191" ind1=" " ind2=" ">
        <subfield code="a">E/ESCWA/POP/1995/1</subfield>
    </datafield>
    <datafield tag="245" ind1=" " ind2=" ">
        <subfield code="a">POPULATION BULLETIN OF ESCWA NO.43/1995</subfield>
    </datafield>
    <datafield tag="246" ind1=" " ind2=" ">
        <subfield code="a">النشرة السكانية اللجنة الاقتصادية والاجتماعية لغربي آسيا, العدد 43/1995</subfield>
    </datafield>
    <datafield tag="269" ind1=" " ind2=" ">
        <subfield code="a">19961201</subfield>
    </datafield>
    <datafield tag="650" ind1=" " ind2=" ">
        <subfield code="a">POPULATION</subfield>
        <subfield code="0">(DHLAUTH)272994</subfield>
    </datafield>
    <datafield tag="650" ind1=" " ind2=" ">
        <subfield code="a">POPULATION GROWTH</subfield>
        <subfield code="0">(DHLAUTH)272944</subfield>
    </datafield>
    <datafield tag="650" ind1=" " ind2=" ">
        <subfield code="a">WOMEN</subfield>
        <subfield code="0">(DHLAUTH)273032</subfield>
    </datafield>
    <datafield tag="650" ind1=" " ind2=" ">
        <subfield code="a">WESTERN ASIA</subfield>
        <subfield code="0">(DHLAUTH)275490</subfield>
    </datafield>
    <datafield tag="650" ind1=" " ind2=" ">
        <subfield code="a">POPULATION POLICY</subfield>
        <subfield code="0">(DHLAUTH)269905</subfield>
    </datafield>
    <datafield tag="650" ind1=" " ind2=" ">
        <subfield code="a">DEMOGRAPHIC RESEARCH</subfield>
        <subfield code="0">(DHLAUTH)272986</subfield>
    </datafield>
    <datafield tag="650" ind1=" " ind2=" ">
        <subfield code="a">POPULATION TRENDS</subfield>
        <subfield code="0">(DHLAUTH)272985</subfield>
    </datafield>
    <datafield tag="650" ind1=" " ind2=" ">
        <subfield code="a">DEMOGRAPHIC ANALYSIS</subfield>
        <subfield code="0">(DHLAUTH)272979</subfield>
    </datafield>
    <datafield tag="650" ind1=" " ind2=" ">
        <subfield code="a">SOCIAL CONDITIONS</subfield>
        <subfield code="0">(DHLAUTH)268327</subfield>
    </datafield>
</record>
<record>
    <datafield tag="191" ind1=" " ind2=" ">
        <subfield code="a">E/ESCWA/POP/1997/4</subfield>
    </datafield>
    <datafield tag="246" ind1=" " ind2=" ">
        <subfield code="a">التقرير الختامي/ ورشة العمل التدريبية في مجال السياسات السكانية والتنمية المستدامة الحقوق الانجابية والصحة الانجابية 28 ايلول - 2 تشرين الاول 1997, عمان</subfield>
    </datafield>
    <datafield tag="269" ind1=" " ind2=" ">
        <subfield code="a">19971207</subfield>
    </datafield>
    <datafield tag="650" ind1=" " ind2=" ">
        <subfield code="a">POPULATION GROWTH</subfield>
        <subfield code="0">(DHLAUTH)272944</subfield>
    </datafield>
    <datafield tag="650" ind1=" " ind2=" ">
        <subfield code="a">POPULATION POLICY</subfield>
        <subfield code="0">(DHLAUTH)269905</subfield>
    </datafield>
    <datafield tag="650" ind1=" " ind2=" ">
        <subfield code="a">ARAB COUNTRIES</subfield>
        <subfield code="0">(DHLAUTH)268705</subfield>
    </datafield>
    <datafield tag="650" ind1=" " ind2=" ">
        <subfield code="a">WESTERN ASIA</subfield>
        <subfield code="0">(DHLAUTH)275490</subfield>
    </datafield>
    <datafield tag="650" ind1=" " ind2=" ">
        <subfield code="a">REPRODUCTIVE HEALTH</subfield>
        <subfield code="0">(DHLAUTH)276710</subfield>
    </datafield>
    <datafield tag="650" ind1=" " ind2=" ">
        <subfield code="a">PARTICIPANTS</subfield>
        <subfield code="0">(DHLAUTH)275785</subfield>
    </datafield>
    <datafield tag="650" ind1=" " ind2=" ">
        <subfield code="a">DOCUMENTS</subfield>
        <subfield code="0">(DHLAUTH)270014</subfield>
    </datafield>
    <datafield tag="650" ind1=" " ind2=" ">
        <subfield code="a">AGENDA</subfield>
        <subfield code="0">(DHLAUTH)275133</subfield>
    </datafield>
</record>
<record>
    <datafield tag="191" ind1=" " ind2=" ">
        <subfield code="a">E/ESCWA/POP/1997/5</subfield>
    </datafield>
    <datafield tag="246" ind1=" " ind2=" ">
        <subfield code="a">التقرير الختامي والتوصيات/ الإجتماع الثاني لرؤساء المجالس, اللجان الوطنية للسكان في العالم العربي حول السياسات السكانية والتنمية المستدامة, الواقع ومتطلبات التطوير 1-4 كانون الاول 1997 عمان, الاردن</subfield>
    </datafield>
    <datafield tag="269" ind1=" " ind2=" ">
        <subfield code="a">19971221</subfield>
    </datafield>
    <datafield tag="650" ind1=" " ind2=" ">
        <subfield code="a">POPULATION POLICY</subfield>
        <subfield code="0">(DHLAUTH)269905</subfield>
    </datafield>
    <datafield tag="650" ind1=" " ind2=" ">
        <subfield code="a">NON-GOVERNMENTAL ORGANIZATIONS</subfield>
        <subfield code="0">(DHLAUTH)268665</subfield>
    </datafield>
    <datafield tag="650" ind1=" " ind2=" ">
        <subfield code="a">CONFERENCES</subfield>
        <subfield code="0">(DHLAUTH)275758</subfield>
    </datafield>
    <datafield tag="650" ind1=" " ind2=" ">
        <subfield code="a">RECOMMENDATIONS</subfield>
        <subfield code="0">(DHLAUTH)275840</subfield>
    </datafield>
    <datafield tag="650" ind1=" " ind2=" ">
        <subfield code="a">ARAB COUNTRIES</subfield>
        <subfield code="0">(DHLAUTH)268705</subfield>
    </datafield>
</record>
<record>
    <datafield tag="191" ind1=" " ind2=" ">
        <subfield code="a">E/ESCWA/POP/1998/1</subfield>
    </datafield>
    <datafield tag="245" ind1=" " ind2=" ">
        <subfield code="a">ARAB CONFERENCE ON THE IMPLEMENTATION OF THE INTERNATIONAL CONFERENCE ON POPULATION AND DEVELOPMENT PROGRAMME OF ACTION BEIRUT 22-25 SEP/ FINAL REPORT</subfield>
    </datafield>
    <datafield tag="246" ind1=" " ind2=" ">
        <subfield code="a">المؤتمر العربي حول تنفيذ برنامج عمل المؤتمر الدولي للسكان والتنمية بيروت 22-25 ايلول 1998/ التقرير الختامي</subfield>
    </datafield>
    <datafield tag="269" ind1=" " ind2=" ">
        <subfield code="a">19991009</subfield>
    </datafield>
    <datafield tag="650" ind1=" " ind2=" ">
        <subfield code="a">WORK ORGANIZATION</subfield>
        <subfield code="0">(DHLAUTH)275746</subfield>
    </datafield>
    <datafield tag="650" ind1=" " ind2=" ">
        <subfield code="a">CONFERENCES</subfield>
        <subfield code="0">(DHLAUTH)275758</subfield>
    </datafield>
    <datafield tag="650" ind1=" " ind2=" ">
        <subfield code="a">WORK PROGRAMME</subfield>
        <subfield code="0">(DHLAUTH)275800</subfield>
    </datafield>
    <datafield tag="650" ind1=" " ind2=" ">
        <subfield code="a">POPULATION</subfield>
        <subfield code="0">(DHLAUTH)272994</subfield>
    </datafield>
    <datafield tag="650" ind1=" " ind2=" ">
        <subfield code="a">ACTIVITIES</subfield>
        <subfield code="0">(DHLAUTH)275823</subfield>
    </datafield>
    <datafield tag="650" ind1=" " ind2=" ">
        <subfield code="a">WESTERN ASIA</subfield>
        <subfield code="0">(DHLAUTH)275490</subfield>
    </datafield>
</record>
<record>
    <datafield tag="191" ind1=" " ind2=" ">
        <subfield code="a">E/ESCWA/POP/1999/5</subfield>
    </datafield>
    <datafield tag="245" ind1=" " ind2=" ">
        <subfield code="a">REPORT WORKSHOP ON POPULATION POLICIES AND SUSTAINABLE DEVELOPMENT: FOLLOW UP INDICATORS AND INFORMATION SYSEMS BEIRUT, 15-17 NOVEMBER 1999</subfield>
    </datafield>
    <datafield tag="246" ind1=" " ind2=" ">
        <subfield code="a">تقرير ورشة عمل السياسات السكانية و التنمية المستدامة: مؤشرات المتابعة و نظم المعلومات بيروت, 15-17 تشرين الثاني/نوفمبر 1999</subfield>
    </datafield>
    <datafield tag="269" ind1=" " ind2=" ">
        <subfield code="a">19991216</subfield>
    </datafield>
    <datafield tag="650" ind1=" " ind2=" ">
        <subfield code="a">WORK ORGANIZATION</subfield>
        <subfield code="0">(DHLAUTH)275746</subfield>
    </datafield>
    <datafield tag="650" ind1=" " ind2=" ">
        <subfield code="a">AGENDA</subfield>
        <subfield code="0">(DHLAUTH)275133</subfield>
    </datafield>
    <datafield tag="650" ind1=" " ind2=" ">
        <subfield code="a">CONFERENCES</subfield>
        <subfield code="0">(DHLAUTH)275758</subfield>
    </datafield>
    <datafield tag="650" ind1=" " ind2=" ">
        <subfield code="a">SUSTAINABLE DEVELOPMENT</subfield>
        <subfield code="0">(DHLAUTH)269920</subfield>
    </datafield>
    <datafield tag="650" ind1=" " ind2=" ">
        <subfield code="a">PARTICIPANTS</subfield>
        <subfield code="0">(DHLAUTH)275785</subfield>
    </datafield>
    <datafield tag="650" ind1=" " ind2=" ">
        <subfield code="a">INFORMATION SYSTEMS</subfield>
        <subfield code="0">(DHLAUTH)272026</subfield>
    </datafield>
    <datafield tag="650" ind1=" " ind2=" ">
        <subfield code="a">POPULATION POLICY</subfield>
        <subfield code="0">(DHLAUTH)269905</subfield>
    </datafield>
</record>
<record>
    <datafield tag="191" ind1=" " ind2=" ">
        <subfield code="a">E/ESCWA/POP/1999/6</subfield>
    </datafield>
    <datafield tag="245" ind1=" " ind2=" ">
        <subfield code="a">REPORT/ MEETING OF HEADS OF NATIONAL POPULATION COMMITTEES/COUNCILS IN THE ARAB COUNTRIES, BEIRUT, 18-19 NOVEMBER 1999</subfield>
    </datafield>
    <datafield tag="246" ind1=" " ind2=" ">
        <subfield code="a">تقرير إجتماع رؤساء اللجان / المجالس الوطنية للسكان وما يماثلها بيروت 18-19 تشرين الثاني / نوفمبر 1999</subfield>
    </datafield>
    <datafield tag="269" ind1=" " ind2=" ">
        <subfield code="a">20000210</subfield>
    </datafield>
    <datafield tag="650" ind1=" " ind2=" ">
        <subfield code="a">WORK ORGANIZATION</subfield>
        <subfield code="0">(DHLAUTH)275746</subfield>
    </datafield>
    <datafield tag="650" ind1=" " ind2=" ">
        <subfield code="a">AGENDA</subfield>
        <subfield code="0">(DHLAUTH)275133</subfield>
    </datafield>
    <datafield tag="650" ind1=" " ind2=" ">
        <subfield code="a">CONFERENCES</subfield>
        <subfield code="0">(DHLAUTH)275758</subfield>
    </datafield>
    <datafield tag="650" ind1=" " ind2=" ">
        <subfield code="a">RECOMMENDATIONS</subfield>
        <subfield code="0">(DHLAUTH)275840</subfield>
    </datafield>
    <datafield tag="650" ind1=" " ind2=" ">
        <subfield code="a">PARTICIPANTS</subfield>
        <subfield code="0">(DHLAUTH)275785</subfield>
    </datafield>
    <datafield tag="650" ind1=" " ind2=" ">
        <subfield code="a">WESTERN ASIA</subfield>
        <subfield code="0">(DHLAUTH)275490</subfield>
    </datafield>
</record>
<record>
    <datafield tag="191" ind1=" " ind2=" ">
        <subfield code="a">E/ESCWA/POP/2001/2</subfield>
    </datafield>
    <datafield tag="245" ind1=" " ind2=" ">
        <subfield code="a">DEMOGRAPHIC AND RELATED SOCIO-ECONOMIC DATA SHEETS: FOR MEMBER COUNTRIES OF THE ECONOMIC AND SOCIAL COMMISSION FOR WESTERN ASIA AS ASSESSED IN 2000, NO. 11= كشوفات البيانات الديمغرافية وما يتصل بها من بيانات اقتصادية واجتماعية للبلدان الاعضاء في اللجنة الاقتصادية والاجتماعية لغربي آسيا</subfield>
    </datafield>
    <datafield tag="269" ind1=" " ind2=" ">
        <subfield code="a">20010509</subfield>
    </datafield>
    <datafield tag="650" ind1=" " ind2=" ">
        <subfield code="a">DEMOGRAPHIC STATISTICS</subfield>
        <subfield code="0">(DHLAUTH)270229</subfield>
    </datafield>
    <datafield tag="650" ind1=" " ind2=" ">
        <subfield code="a">SOCIO-ECONOMIC INDICATORS</subfield>
        <subfield code="0">(DHLAUTH)269759</subfield>
    </datafield>
    <datafield tag="650" ind1=" " ind2=" ">
        <subfield code="a">MIGRATION STATISTICS</subfield>
        <subfield code="0">(DHLAUTH)272990</subfield>
    </datafield>
    <datafield tag="650" ind1=" " ind2=" ">
        <subfield code="a">MIGRANTS</subfield>
        <subfield code="0">(DHLAUTH)273097</subfield>
    </datafield>
    <datafield tag="650" ind1=" " ind2=" ">
        <subfield code="a">WESTERN ASIA</subfield>
        <subfield code="0">(DHLAUTH)275490</subfield>
    </datafield>
    <datafield tag="650" ind1=" " ind2=" ">
        <subfield code="a">POPULATION TRENDS</subfield>
        <subfield code="0">(DHLAUTH)272985</subfield>
    </datafield>
</record>
<record>
    <datafield tag="191" ind1=" " ind2=" ">
        <subfield code="a">E/ESCWA/POP/2001/7</subfield>
    </datafield>
    <datafield tag="246" ind1=" " ind2=" ">
        <subfield code="a">نظام معلومات السياسات السكانية: مبادئه وأهدافه وعناصره والإنجازات المتوخاة منه</subfield>
    </datafield>
    <datafield tag="269" ind1=" " ind2=" ">
        <subfield code="a">20020301</subfield>
    </datafield>
    <datafield tag="650" ind1=" " ind2=" ">
        <subfield code="a">POPULATION POLICY</subfield>
        <subfield code="0">(DHLAUTH)269905</subfield>
    </datafield>
    <datafield tag="650" ind1=" " ind2=" ">
        <subfield code="a">INFORMATION SYSTEMS</subfield>
        <subfield code="0">(DHLAUTH)272026</subfield>
    </datafield>
    <datafield tag="650" ind1=" " ind2=" ">
        <subfield code="a">DATA ANALYSIS</subfield>
        <subfield code="0">(DHLAUTH)275260</subfield>
    </datafield>
    <datafield tag="650" ind1=" " ind2=" ">
        <subfield code="a">ARAB COUNTRIES</subfield>
        <subfield code="0">(DHLAUTH)268705</subfield>
    </datafield>
</record>
<record>
    <datafield tag="191" ind1=" " ind2=" ">
        <subfield code="a">E/ESCWA/POP/88/1</subfield>
    </datafield>
    <datafield tag="246" ind1=" " ind2=" ">
        <subfield code="a">تقرير عن المهمة الاستشارية الى وزارة الشؤون البلدية والقروية وكالة تخطيط المدن مشروع التخطيط الاقليمي بالمملكة العربية السعودية</subfield>
    </datafield>
    <datafield tag="269" ind1=" " ind2=" ">
        <subfield code="a">19880126</subfield>
    </datafield>
    <datafield tag="650" ind1=" " ind2=" ">
        <subfield code="a">REGIONAL PLANNING</subfield>
        <subfield code="0">(DHLAUTH)269895</subfield>
    </datafield>
    <datafield tag="650" ind1=" " ind2=" ">
        <subfield code="a">WORK PROGRAMME</subfield>
        <subfield code="0">(DHLAUTH)275800</subfield>
    </datafield>
    <datafield tag="650" ind1=" " ind2=" ">
        <subfield code="a">ADVISORY SERVICES</subfield>
        <subfield code="0">(DHLAUTH)269860</subfield>
    </datafield>
    <datafield tag="650" ind1=" " ind2=" ">
        <subfield code="a">POPULATION DISTRIBUTION</subfield>
        <subfield code="0">(DHLAUTH)272996</subfield>
    </datafield>
    <datafield tag="650" ind1=" " ind2=" ">
        <subfield code="a">SAUDI ARABIA</subfield>
        <subfield code="0">(DHLAUTH)273464</subfield>
    </datafield>
</record>
<record>
    <datafield tag="191" ind1=" " ind2=" ">
        <subfield code="a">E/ESCWA/POP/88/3</subfield>
    </datafield>
    <datafield tag="245" ind1=" " ind2=" ">
        <subfield code="a">TRILINGUAL DEMOGRAPHIC DICTIONARY=LEXIQUE DEMOGRAPHIQUE TRILINGUE=القاموس الديموغرافي الثلاثي</subfield>
    </datafield>
    <datafield tag="269" ind1=" " ind2=" ">
        <subfield code="a">19880101</subfield>
    </datafield>
    <datafield tag="650" ind1=" " ind2=" ">
        <subfield code="a">ARABIC LANGUAGE</subfield>
        <subfield code="0">(DHLAUTH)274768</subfield>
    </datafield>
    <datafield tag="650" ind1=" " ind2=" ">
        <subfield code="a">FRENCH LANGUAGE</subfield>
        <subfield code="0">(DHLAUTH)274811</subfield>
    </datafield>
    <datafield tag="650" ind1=" " ind2=" ">
        <subfield code="a">POPULATION</subfield>
        <subfield code="0">(DHLAUTH)272994</subfield>
    </datafield>
    <datafield tag="650" ind1=" " ind2=" ">
        <subfield code="a">DEMOGRAPHY</subfield>
        <subfield code="0">(DHLAUTH)272984</subfield>
    </datafield>
    <datafield tag="650" ind1=" " ind2=" ">
        <subfield code="a">ENGLISH LANGUAGE</subfield>
        <subfield code="0">(DHLAUTH)274801</subfield>
    </datafield>
    <datafield tag="650" ind1=" " ind2=" ">
        <subfield code="a">POLYGLOT DICTIONARIES</subfield>
        <subfield code="0">(DHLAUTH)274878</subfield>
    </datafield>
</record>
<record>
    <datafield tag="191" ind1=" " ind2=" ">
        <subfield code="a">E/ESCWA/POP/88/4</subfield>
    </datafield>
    <datafield tag="246" ind1=" " ind2=" ">
        <subfield code="a">تقرير عن زيارة لدولة الكويت, وزارة الشؤون الاجتماعية والعمل, قطاع العمل, خلال الفترة من 3-18 أيلول/سبتمبر 1988</subfield>
    </datafield>
    <datafield tag="269" ind1=" " ind2=" ">
        <subfield code="a">19881201</subfield>
    </datafield>
    <datafield tag="650" ind1=" " ind2=" ">
        <subfield code="a">WESTERN ASIA</subfield>
        <subfield code="0">(DHLAUTH)275490</subfield>
    </datafield>
    <datafield tag="650" ind1=" " ind2=" ">
        <subfield code="a">RECOMMENDATIONS</subfield>
        <subfield code="0">(DHLAUTH)275840</subfield>
    </datafield>
    <datafield tag="650" ind1=" " ind2=" ">
        <subfield code="a">WORK PROGRAMME</subfield>
        <subfield code="0">(DHLAUTH)275800</subfield>
    </datafield>
    <datafield tag="650" ind1=" " ind2=" ">
        <subfield code="a">ADVISORY SERVICES</subfield>
        <subfield code="0">(DHLAUTH)269860</subfield>
    </datafield>
    <datafield tag="650" ind1=" " ind2=" ">
        <subfield code="a">MANPOWER</subfield>
        <subfield code="0">(DHLAUTH)273105</subfield>
    </datafield>
    <datafield tag="650" ind1=" " ind2=" ">
        <subfield code="a">ACTIVITIES</subfield>
        <subfield code="0">(DHLAUTH)275823</subfield>
    </datafield>
    <datafield tag="650" ind1=" " ind2=" ">
        <subfield code="a">KUWAIT</subfield>
        <subfield code="0">(DHLAUTH)273384</subfield>
    </datafield>
</record>
<record>
    <datafield tag="191" ind1=" " ind2=" ">
        <subfield code="a">E/ESCWA/POP/89/1</subfield>
    </datafield>
    <datafield tag="246" ind1=" " ind2=" ">
        <subfield code="a">الخصائص الديمغرافية والاجتماعية من عينة دراسة دخل ونفقات الاسرة لعام 1986 بالاردن</subfield>
    </datafield>
    <datafield tag="269" ind1=" " ind2=" ">
        <subfield code="a">19890320</subfield>
    </datafield>
    <datafield tag="650" ind1=" " ind2=" ">
        <subfield code="a">DATA ANALYSIS</subfield>
        <subfield code="0">(DHLAUTH)275260</subfield>
    </datafield>
    <datafield tag="650" ind1=" " ind2=" ">
        <subfield code="a">HOUSEHOLD EXPENDITURES</subfield>
        <subfield code="0">(DHLAUTH)269741</subfield>
    </datafield>
    <datafield tag="650" ind1=" " ind2=" ">
        <subfield code="a">FAMILY INCOME</subfield>
        <subfield code="0">(DHLAUTH)269804</subfield>
    </datafield>
    <datafield tag="650" ind1=" " ind2=" ">
        <subfield code="a">ECONOMIC CONDITIONS</subfield>
        <subfield code="0">(DHLAUTH)269719</subfield>
    </datafield>
    <datafield tag="650" ind1=" " ind2=" ">
        <subfield code="a">SOCIAL CONDITIONS</subfield>
        <subfield code="0">(DHLAUTH)268327</subfield>
    </datafield>
    <datafield tag="650" ind1=" " ind2=" ">
        <subfield code="a">JORDAN</subfield>
        <subfield code="0">(DHLAUTH)269099</subfield>
    </datafield>
    <datafield tag="650" ind1=" " ind2=" ">
        <subfield code="a">HOUSEHOLD SURVEYS</subfield>
        <subfield code="0">(DHLAUTH)270181</subfield>
    </datafield>
</record>
<record>
    <datafield tag="191" ind1=" " ind2=" ">
        <subfield code="a">E/ESCWA/POP/89/3</subfield>
    </datafield>
    <datafield tag="246" ind1=" " ind2=" ">
        <subfield code="a">الخصائص الديمغرافية والاقتصادية للفلسطينين المقيمين بالمخيمات في سوريا من بيانات دراسة دخل ونفقات الاسرة لعام 1986</subfield>
    </datafield>
    <datafield tag="269" ind1=" " ind2=" ">
        <subfield code="a">19890331</subfield>
    </datafield>
    <datafield tag="650" ind1=" " ind2=" ">
        <subfield code="a">DATA ANALYSIS</subfield>
        <subfield code="0">(DHLAUTH)275260</subfield>
    </datafield>
    <datafield tag="650" ind1=" " ind2=" ">
        <subfield code="a">HOUSEHOLD EXPENDITURES</subfield>
        <subfield code="0">(DHLAUTH)269741</subfield>
    </datafield>
    <datafield tag="650" ind1=" " ind2=" ">
        <subfield code="a">FAMILY INCOME</subfield>
        <subfield code="0">(DHLAUTH)269804</subfield>
    </datafield>
    <datafield tag="650" ind1=" " ind2=" ">
        <subfield code="a">ECONOMIC CONDITIONS</subfield>
        <subfield code="0">(DHLAUTH)269719</subfield>
    </datafield>
    <datafield tag="650" ind1=" " ind2=" ">
        <subfield code="a">SOCIAL CONDITIONS</subfield>
        <subfield code="0">(DHLAUTH)268327</subfield>
    </datafield>
    <datafield tag="650" ind1=" " ind2=" ">
        <subfield code="a">HOUSEHOLD SURVEYS</subfield>
        <subfield code="0">(DHLAUTH)270181</subfield>
    </datafield>
    <datafield tag="650" ind1=" " ind2=" ">
        <subfield code="a">REFUGEE CAMPS</subfield>
        <subfield code="0">(DHLAUTH)274386</subfield>
    </datafield>
    <datafield tag="650" ind1=" " ind2=" ">
        <subfield code="a">SYRIAN ARAB REPUBLIC</subfield>
        <subfield code="0">(DHLAUTH)273496</subfield>
    </datafield>
    <datafield tag="650" ind1=" " ind2=" ">
        <subfield code="a">POPULATION DISTRIBUTION</subfield>
        <subfield code="0">(DHLAUTH)272996</subfield>
    </datafield>
    <datafield tag="650" ind1=" " ind2=" ">
        <subfield code="a">MANPOWER</subfield>
        <subfield code="0">(DHLAUTH)273105</subfield>
    </datafield>
    <datafield tag="650" ind1=" " ind2=" ">
        <subfield code="a">AGE-SEX DISTRIBUTION</subfield>
        <subfield code="0">(DHLAUTH)272935</subfield>
    </datafield>
    <datafield tag="650" ind1=" " ind2=" ">
        <subfield code="a">WESTERN ASIA</subfield>
        <subfield code="0">(DHLAUTH)275490</subfield>
    </datafield>
</record>
<record>
    <datafield tag="191" ind1=" " ind2=" ">
        <subfield code="a">E/ESCWA/POP/89/4</subfield>
    </datafield>
    <datafield tag="246" ind1=" " ind2=" ">
        <subfield code="a">تقرير عن اوجه التعاون والاستشارات المقترحة بين الاسكوا والجمهورية العربية اليمنية في مجال تنمية الموارد البشرية خلال الفترة 21-27 شباط /فبراير 1989</subfield>
    </datafield>
    <datafield tag="269" ind1=" " ind2=" ">
        <subfield code="a">19890427</subfield>
    </datafield>
    <datafield tag="650" ind1=" " ind2=" ">
        <subfield code="a">TECHNICAL COOPERATION</subfield>
        <subfield code="0">(DHLAUTH)268658</subfield>
    </datafield>
    <datafield tag="650" ind1=" " ind2=" ">
        <subfield code="a">ADVISORY SERVICES</subfield>
        <subfield code="0">(DHLAUTH)269860</subfield>
    </datafield>
    <datafield tag="650" ind1=" " ind2=" ">
        <subfield code="a">YEMEN</subfield>
        <subfield code="0">(DHLAUTH)273521</subfield>
    </datafield>
    <datafield tag="650" ind1=" " ind2=" ">
        <subfield code="a">HUMAN RESOURCES</subfield>
        <subfield code="0">(DHLAUTH)270571</subfield>
    </datafield>
</record>
<record>
    <datafield tag="191" ind1=" " ind2=" ">
        <subfield code="a">E/ESCWA/POP/89/5</subfield>
    </datafield>
    <datafield tag="246" ind1=" " ind2=" ">
        <subfield code="a">السمات الاساسية للقوى العاملة في اقطار المشرق العربي المرسلة للعمالة</subfield>
    </datafield>
    <datafield tag="269" ind1=" " ind2=" ">
        <subfield code="a">19890901</subfield>
    </datafield>
    <datafield tag="650" ind1=" " ind2=" ">
        <subfield code="a">MANPOWER</subfield>
        <subfield code="0">(DHLAUTH)273105</subfield>
    </datafield>
    <datafield tag="650" ind1=" " ind2=" ">
        <subfield code="a">ECONOMIC ASPECTS</subfield>
        <subfield code="0">(DHLAUTH)269753</subfield>
    </datafield>
    <datafield tag="650" ind1=" " ind2=" ">
        <subfield code="a">ECONOMIC POLICY</subfield>
        <subfield code="0">(DHLAUTH)268235</subfield>
    </datafield>
    <datafield tag="650" ind1=" " ind2=" ">
        <subfield code="a">EDUCATION</subfield>
        <subfield code="0">(DHLAUTH)268926</subfield>
    </datafield>
    <datafield tag="650" ind1=" " ind2=" ">
        <subfield code="a">POPULATION DENSITY</subfield>
        <subfield code="0">(DHLAUTH)272995</subfield>
    </datafield>
    <datafield tag="650" ind1=" " ind2=" ">
        <subfield code="a">POPULATION GROWTH</subfield>
        <subfield code="0">(DHLAUTH)272944</subfield>
    </datafield>
    <datafield tag="650" ind1=" " ind2=" ">
        <subfield code="a">ECONOMICS</subfield>
        <subfield code="0">(DHLAUTH)269576</subfield>
    </datafield>
    <datafield tag="650" ind1=" " ind2=" ">
        <subfield code="a">WESTERN ASIA</subfield>
        <subfield code="0">(DHLAUTH)275490</subfield>
    </datafield>
    <datafield tag="650" ind1=" " ind2=" ">
        <subfield code="a">STATISTICAL DATA</subfield>
        <subfield code="0">(DHLAUTH)270233</subfield>
    </datafield>
</record>
<record>
    <datafield tag="191" ind1=" " ind2=" ">
        <subfield code="a">E/ESCWA/POP/89/6</subfield>
    </datafield>
    <datafield tag="246" ind1=" " ind2=" ">
        <subfield code="a">تقرير عن المهمة الاستشارية حول عمليات التخطيط والتدريب في الديوان العام للخدمة المدنية في المملكة العربية السعودية الرياض خلال الفترة من 30 ايلول/ديسمبر الى 10تشرين اول/اكتوبر 1989.</subfield>
    </datafield>
    <datafield tag="269" ind1=" " ind2=" ">
        <subfield code="a">19891106</subfield>
    </datafield>
    <datafield tag="650" ind1=" " ind2=" ">
        <subfield code="a">ADVISORY SERVICES</subfield>
        <subfield code="0">(DHLAUTH)269860</subfield>
    </datafield>
    <datafield tag="650" ind1=" " ind2=" ">
        <subfield code="a">HUMAN RESOURCES</subfield>
        <subfield code="0">(DHLAUTH)270571</subfield>
    </datafield>
    <datafield tag="650" ind1=" " ind2=" ">
        <subfield code="a">TECHNICAL TRAINING</subfield>
        <subfield code="0">(DHLAUTH)271971</subfield>
    </datafield>
    <datafield tag="650" ind1=" " ind2=" ">
        <subfield code="a">EMPLOYEES</subfield>
        <subfield code="0">(DHLAUTH)274225</subfield>
    </datafield>
    <datafield tag="650" ind1=" " ind2=" ">
        <subfield code="a">SAUDI ARABIA</subfield>
        <subfield code="0">(DHLAUTH)273464</subfield>
    </datafield>
</record>
<record>
    <datafield tag="191" ind1=" " ind2=" ">
        <subfield code="a">E/ESCWA/POP/89/7</subfield>
    </datafield>
    <datafield tag="245" ind1=" " ind2=" ">
        <subfield code="a">POPULATION BULLETIN OF ESCWA NO.33, DEC 1988</subfield>
    </datafield>
    <datafield tag="246" ind1=" " ind2=" ">
        <subfield code="a">النشرة السكانية اللجنة الاقتصادية والاجتماعية لغربي آسيا, العدد 33 كانون الاول 1988 </subfield>
    </datafield>
    <datafield tag="269" ind1=" " ind2=" ">
        <subfield code="a">19891201</subfield>
    </datafield>
    <datafield tag="650" ind1=" " ind2=" ">
        <subfield code="a">POPULATION GROWTH</subfield>
        <subfield code="0">(DHLAUTH)272944</subfield>
    </datafield>
    <datafield tag="650" ind1=" " ind2=" ">
        <subfield code="a">DEMOGRAPHY</subfield>
        <subfield code="0">(DHLAUTH)272984</subfield>
    </datafield>
    <datafield tag="650" ind1=" " ind2=" ">
        <subfield code="a">CIVILIZATION</subfield>
        <subfield code="0">(DHLAUTH)274939</subfield>
    </datafield>
    <datafield tag="650" ind1=" " ind2=" ">
        <subfield code="a">FERTILITY</subfield>
        <subfield code="0">(DHLAUTH)273021</subfield>
    </datafield>
    <datafield tag="650" ind1=" " ind2=" ">
        <subfield code="a">INTERNATIONAL MIGRATION</subfield>
        <subfield code="0">(DHLAUTH)273006</subfield>
    </datafield>
    <datafield tag="650" ind1=" " ind2=" ">
        <subfield code="a">ARAB COUNTRIES</subfield>
        <subfield code="0">(DHLAUTH)268705</subfield>
    </datafield>
    <datafield tag="650" ind1=" " ind2=" ">
        <subfield code="a">ILLITERACY</subfield>
        <subfield code="0">(DHLAUTH)274058</subfield>
    </datafield>
    <datafield tag="650" ind1=" " ind2=" ">
        <subfield code="a">CHILDREN</subfield>
        <subfield code="0">(DHLAUTH)269400</subfield>
    </datafield>
    <datafield tag="650" ind1=" " ind2=" ">
        <subfield code="a">FAMILY</subfield>
        <subfield code="0">(DHLAUTH)269293</subfield>
    </datafield>
    <datafield tag="650" ind1=" " ind2=" ">
        <subfield code="a">STATISTICAL DATA</subfield>
        <subfield code="0">(DHLAUTH)270233</subfield>
    </datafield>
    <datafield tag="650" ind1=" " ind2=" ">
        <subfield code="a">SYRIAN ARAB REPUBLIC</subfield>
        <subfield code="0">(DHLAUTH)273496</subfield>
    </datafield>
    <datafield tag="650" ind1=" " ind2=" ">
        <subfield code="a">OIL WELLS</subfield>
        <subfield code="0">(DHLAUTH)271269</subfield>
    </datafield>
    <datafield tag="650" ind1=" " ind2=" ">
        <subfield code="a">GULF STATES</subfield>
        <subfield code="0">(DHLAUTH)275605</subfield>
    </datafield>
    <datafield tag="650" ind1=" " ind2=" ">
        <subfield code="a">KUWAIT</subfield>
        <subfield code="0">(DHLAUTH)273384</subfield>
    </datafield>
    <datafield tag="650" ind1=" " ind2=" ">
        <subfield code="a">DEVELOPMENT</subfield>
        <subfield code="0">(DHLAUTH)269844</subfield>
    </datafield>
    <datafield tag="650" ind1=" " ind2=" ">
        <subfield code="a">MASS MEDIA</subfield>
        <subfield code="0">(DHLAUTH)272747</subfield>
    </datafield>
    <datafield tag="650" ind1=" " ind2=" ">
        <subfield code="a">ARAB COUNTRIES</subfield>
        <subfield code="0">(DHLAUTH)268705</subfield>
    </datafield>
    <datafield tag="650" ind1=" " ind2=" ">
        <subfield code="a">WESTERN ASIA</subfield>
        <subfield code="0">(DHLAUTH)275490</subfield>
    </datafield>
    <datafield tag="650" ind1=" " ind2=" ">
        <subfield code="a">PERIODIC REPORTS</subfield>
        <subfield code="0">(DHLAUTH)275135</subfield>
    </datafield>
</record>
<record>
    <datafield tag="191" ind1=" " ind2=" ">
        <subfield code="a">E/ESCWA/POP/89/8/REV.1</subfield>
    </datafield>
    <datafield tag="245" ind1=" " ind2=" ">
        <subfield code="a">DEMOGRAPHIC AND RELATED SOCIO-ECONOMIC DATA SHEETS=كشوفات البيانات الديمغرافية وما يتصل بها من بيانات اقتصادية واجتماعية.</subfield>
    </datafield>
    <datafield tag="269" ind1=" " ind2=" ">
        <subfield code="a">19900527</subfield>
    </datafield>
    <datafield tag="650" ind1=" " ind2=" ">
        <subfield code="a">POPULATION DISTRIBUTION</subfield>
        <subfield code="0">(DHLAUTH)272996</subfield>
    </datafield>
    <datafield tag="650" ind1=" " ind2=" ">
        <subfield code="a">AGE-SEX DISTRIBUTION</subfield>
        <subfield code="0">(DHLAUTH)272935</subfield>
    </datafield>
    <datafield tag="650" ind1=" " ind2=" ">
        <subfield code="a">MANPOWER STATISTICS</subfield>
        <subfield code="0">(DHLAUTH)274203</subfield>
    </datafield>
    <datafield tag="650" ind1=" " ind2=" ">
        <subfield code="a">STATISTICAL METHODOLOGY</subfield>
        <subfield code="0">(DHLAUTH)269635</subfield>
    </datafield>
    <datafield tag="650" ind1=" " ind2=" ">
        <subfield code="a">DEMOGRAPHIC STATISTICS</subfield>
        <subfield code="0">(DHLAUTH)270229</subfield>
    </datafield>
    <datafield tag="650" ind1=" " ind2=" ">
        <subfield code="a">WESTERN ASIA</subfield>
        <subfield code="0">(DHLAUTH)275490</subfield>
    </datafield>
</record>
<record>
    <datafield tag="191" ind1=" " ind2=" ">
        <subfield code="a">E/ESCWA/POP/89/9</subfield>
    </datafield>
    <datafield tag="246" ind1=" " ind2=" ">
        <subfield code="a">النشرة السكانية اللجنة الاقتصادية والاجتماعية لغربي آسيا, العدد 34 حزيران 1989 </subfield>
    </datafield>
    <datafield tag="269" ind1=" " ind2=" ">
        <subfield code="a">19890601</subfield>
    </datafield>
    <datafield tag="650" ind1=" " ind2=" ">
        <subfield code="a">DEMOGRAPHIC ANALYSIS</subfield>
        <subfield code="0">(DHLAUTH)272979</subfield>
    </datafield>
    <datafield tag="650" ind1=" " ind2=" ">
        <subfield code="a">DATA ANALYSIS</subfield>
        <subfield code="0">(DHLAUTH)275260</subfield>
    </datafield>
    <datafield tag="650" ind1=" " ind2=" ">
        <subfield code="a">EGYPT</subfield>
        <subfield code="0">(DHLAUTH)273328</subfield>
    </datafield>
    <datafield tag="650" ind1=" " ind2=" ">
        <subfield code="a">WOMEN</subfield>
        <subfield code="0">(DHLAUTH)273032</subfield>
    </datafield>
    <datafield tag="650" ind1=" " ind2=" ">
        <subfield code="a">FERTILITY</subfield>
        <subfield code="0">(DHLAUTH)273021</subfield>
    </datafield>
    <datafield tag="650" ind1=" " ind2=" ">
        <subfield code="a">FAMILY INCOME</subfield>
        <subfield code="0">(DHLAUTH)269804</subfield>
    </datafield>
    <datafield tag="650" ind1=" " ind2=" ">
        <subfield code="a">INTERNATIONAL MIGRATION</subfield>
        <subfield code="0">(DHLAUTH)273006</subfield>
    </datafield>
    <datafield tag="650" ind1=" " ind2=" ">
        <subfield code="a">MANPOWER</subfield>
        <subfield code="0">(DHLAUTH)273105</subfield>
    </datafield>
    <datafield tag="650" ind1=" " ind2=" ">
        <subfield code="a">FORCED MIGRATION</subfield>
        <subfield code="0">(DHLAUTH)269274</subfield>
    </datafield>
    <datafield tag="650" ind1=" " ind2=" ">
        <subfield code="a">AFRICA</subfield>
        <subfield code="0">(DHLAUTH)268560</subfield>
    </datafield>
    <datafield tag="650" ind1=" " ind2=" ">
        <subfield code="a">SOUTH AMERICA</subfield>
        <subfield code="0">(DHLAUTH)275513</subfield>
    </datafield>
    <datafield tag="650" ind1=" " ind2=" ">
        <subfield code="a">INTERNAL MIGRATION</subfield>
        <subfield code="0">(DHLAUTH)270950</subfield>
    </datafield>
    <datafield tag="650" ind1=" " ind2=" ">
        <subfield code="a">IMMIGRANTS</subfield>
        <subfield code="0">(DHLAUTH)273042</subfield>
    </datafield>
    <datafield tag="650" ind1=" " ind2=" ">
        <subfield code="a">EDUCATION</subfield>
        <subfield code="0">(DHLAUTH)268926</subfield>
    </datafield>
    <datafield tag="650" ind1=" " ind2=" ">
        <subfield code="a">POPULATION</subfield>
        <subfield code="0">(DHLAUTH)272994</subfield>
    </datafield>
    <datafield tag="650" ind1=" " ind2=" ">
        <subfield code="a">SAUDI ARABIA</subfield>
        <subfield code="0">(DHLAUTH)273464</subfield>
    </datafield>
</record>
<record>
    <datafield tag="191" ind1=" " ind2=" ">
        <subfield code="a">E/ESCWA/POP/93/8</subfield>
    </datafield>
    <datafield tag="246" ind1=" " ind2=" ">
        <subfield code="a">النشرة السكانية اللجنة الاقتصادية والاجتماعية لغربي آسيا, العدد 40/1992  </subfield>
    </datafield>
    <datafield tag="269" ind1=" " ind2=" ">
        <subfield code="a">19921201</subfield>
    </datafield>
    <datafield tag="650" ind1=" " ind2=" ">
        <subfield code="a">POPULATION POLICY</subfield>
        <subfield code="0">(DHLAUTH)269905</subfield>
    </datafield>
    <datafield tag="650" ind1=" " ind2=" ">
        <subfield code="a">POPULATION</subfield>
        <subfield code="0">(DHLAUTH)272994</subfield>
    </datafield>
    <datafield tag="650" ind1=" " ind2=" ">
        <subfield code="a">POPULATION TRENDS</subfield>
        <subfield code="0">(DHLAUTH)272985</subfield>
    </datafield>
    <datafield tag="650" ind1=" " ind2=" ">
        <subfield code="a">FERTILITY</subfield>
        <subfield code="0">(DHLAUTH)273021</subfield>
    </datafield>
    <datafield tag="650" ind1=" " ind2=" ">
        <subfield code="a">DEATH</subfield>
        <subfield code="0">(DHLAUTH)269438</subfield>
    </datafield>
    <datafield tag="650" ind1=" " ind2=" ">
        <subfield code="a">IMMIGRATION</subfield>
        <subfield code="0">(DHLAUTH)273008</subfield>
    </datafield>
    <datafield tag="650" ind1=" " ind2=" ">
        <subfield code="a">FAMILY PLANNING</subfield>
        <subfield code="0">(DHLAUTH)273053</subfield>
    </datafield>
    <datafield tag="650" ind1=" " ind2=" ">
        <subfield code="a">JORDAN</subfield>
        <subfield code="0">(DHLAUTH)269099</subfield>
    </datafield>
    <datafield tag="650" ind1=" " ind2=" ">
        <subfield code="a">ARAB COUNTRIES</subfield>
        <subfield code="0">(DHLAUTH)268705</subfield>
    </datafield>
    <datafield tag="650" ind1=" " ind2=" ">
        <subfield code="a">AMMAN (JORDAN)</subfield>
        <subfield code="0">(DHLAUTH)276766</subfield>
    </datafield>
    <datafield tag="650" ind1=" " ind2=" ">
        <subfield code="a">DEVELOPMENT</subfield>
        <subfield code="0">(DHLAUTH)269844</subfield>
    </datafield>
</record>
<record>
    <datafield tag="191" ind1=" " ind2=" ">
        <subfield code="a">E/ESCWA/PPTCD/2000/37</subfield>
    </datafield>
    <datafield tag="245" ind1=" " ind2=" ">
        <subfield code="a">REPORT ON MISSION TO THE MINISTRY OF ENERGY AND MINERAL RESOURCES, AND THE NATIONAL ENERGY RESEARCH CENTER, AMMAN, JORDAN 21-29 MAY, 2000</subfield>
    </datafield>
    <datafield tag="269" ind1=" " ind2=" ">
        <subfield code="a">20000615</subfield>
    </datafield>
    <datafield tag="650" ind1=" " ind2=" ">
        <subfield code="a">ADVISORY SERVICES</subfield>
        <subfield code="0">(DHLAUTH)269860</subfield>
    </datafield>
    <datafield tag="650" ind1=" " ind2=" ">
        <subfield code="a">ENERGY RESOURCES</subfield>
        <subfield code="0">(DHLAUTH)270561</subfield>
    </datafield>
    <datafield tag="650" ind1=" " ind2=" ">
        <subfield code="a">JORDAN</subfield>
        <subfield code="0">(DHLAUTH)269099</subfield>
    </datafield>
    <datafield tag="650" ind1=" " ind2=" ">
        <subfield code="a">AMMAN (JORDAN)</subfield>
        <subfield code="0">(DHLAUTH)276766</subfield>
    </datafield>
    <datafield tag="650" ind1=" " ind2=" ">
        <subfield code="a">MINERAL RESOURCES</subfield>
        <subfield code="0">(DHLAUTH)270562</subfield>
    </datafield>
    <datafield tag="650" ind1=" " ind2=" ">
        <subfield code="a">RECOMMENDATIONS</subfield>
        <subfield code="0">(DHLAUTH)275840</subfield>
    </datafield>
    <datafield tag="650" ind1=" " ind2=" ">
        <subfield code="a">ENERGY CONSUMPTION</subfield>
        <subfield code="0">(DHLAUTH)269578</subfield>
    </datafield>
    <datafield tag="650" ind1=" " ind2=" ">
        <subfield code="a">WESTERN ASIA</subfield>
        <subfield code="0">(DHLAUTH)275490</subfield>
    </datafield>
</record>
<record>
    <datafield tag="191" ind1=" " ind2=" ">
        <subfield code="a">E/ESCWA/PPTCD/2011/BROCHURE.1</subfield>
    </datafield>
    <datafield tag="245" ind1=" " ind2=" ">
        <subfield code="a">ESCWA TECHNICAL COOPERATION MENU: DELIVERING A BROAD RANGE OF EXPERTISE OF MEMBER COUNTRIES</subfield>
    </datafield>
    <datafield tag="246" ind1=" " ind2=" ">
        <subfield code="a">الاسكوا خدمات التعاون الفني: مجموعة واسعة من الخبرات في متناول البلدان الاعضاء</subfield>
    </datafield>
    <datafield tag="269" ind1=" " ind2=" ">
        <subfield code="a">20111001</subfield>
    </datafield>
    <datafield tag="650" ind1=" " ind2=" ">
        <subfield code="a">WESTERN ASIA</subfield>
        <subfield code="0">(DHLAUTH)275490</subfield>
    </datafield>
    <datafield tag="650" ind1=" " ind2=" ">
        <subfield code="a">TECHNICAL COOPERATION</subfield>
        <subfield code="0">(DHLAUTH)268658</subfield>
    </datafield>
    <datafield tag="650" ind1=" " ind2=" ">
        <subfield code="a">CAPACITY BUILDING</subfield>
        <subfield code="0">(DHLAUTH)276636</subfield>
    </datafield>
    <datafield tag="650" ind1=" " ind2=" ">
        <subfield code="a">SUSTAINABLE DEVELOPMENT</subfield>
        <subfield code="0">(DHLAUTH)269920</subfield>
    </datafield>
    <datafield tag="650" ind1=" " ind2=" ">
        <subfield code="a">SOCIAL DEVELOPMENT</subfield>
        <subfield code="0">(DHLAUTH)269873</subfield>
    </datafield>
    <datafield tag="650" ind1=" " ind2=" ">
        <subfield code="a">CONFLICT</subfield>
        <subfield code="0">(DHLAUTH)268740</subfield>
    </datafield>
    <datafield tag="650" ind1=" " ind2=" ">
        <subfield code="a">GENDER MAINSTREAMING</subfield>
        <subfield code="0">(DHLAUTH)493524</subfield>
    </datafield>
</record>
<record>
    <datafield tag="191" ind1=" " ind2=" ">
        <subfield code="a">E/ESCWA/RES/94/1</subfield>
    </datafield>
    <datafield tag="245" ind1=" " ind2=" ">
        <subfield code="a">CURRICULA VITAE OF EXPERTS PARTICIPATING IN THE CONSULTATIONS</subfield>
    </datafield>
    <datafield tag="269" ind1=" " ind2=" ">
        <subfield code="a">19940203</subfield>
    </datafield>
    <datafield tag="650" ind1=" " ind2=" ">
        <subfield code="a">ORGANIZATIONAL STRUCTURE</subfield>
        <subfield code="0">(DHLAUTH)272030</subfield>
    </datafield>
    <datafield tag="650" ind1=" " ind2=" ">
        <subfield code="a">CONFERENCES</subfield>
        <subfield code="0">(DHLAUTH)275758</subfield>
    </datafield>
    <datafield tag="650" ind1=" " ind2=" ">
        <subfield code="a">WESTERN ASIA</subfield>
        <subfield code="0">(DHLAUTH)275490</subfield>
    </datafield>
    <datafield tag="650" ind1=" " ind2=" ">
        <subfield code="a">EXPERTS</subfield>
        <subfield code="0">(DHLAUTH)269889</subfield>
    </datafield>
    <datafield tag="650" ind1=" " ind2=" ">
        <subfield code="a">INFORMATION</subfield>
        <subfield code="0">(DHLAUTH)270009</subfield>
    </datafield>
    <datafield tag="650" ind1=" " ind2=" ">
        <subfield code="a">PARTICIPANTS</subfield>
        <subfield code="0">(DHLAUTH)275785</subfield>
    </datafield>
</record>
<record>
    <datafield tag="191" ind1=" " ind2=" ">
        <subfield code="a">E/ESCWA/RES/94/10</subfield>
    </datafield>
    <datafield tag="245" ind1=" " ind2=" ">
        <subfield code="a">SOME FUNDAMENTAL CONSIDERATION FOR THE FORMULATION OF PLANS AND PRIORITIES OF TARGETS FOR THE ESCWA REGION HUMAN RESOURCES DEVELOPMENT/ NOTES BY THE EXPERTS</subfield>
    </datafield>
    <datafield tag="269" ind1=" " ind2=" ">
        <subfield code="a">19940203</subfield>
    </datafield>
    <datafield tag="650" ind1=" " ind2=" ">
        <subfield code="a">ORGANIZATIONAL STRUCTURE</subfield>
        <subfield code="0">(DHLAUTH)272030</subfield>
    </datafield>
    <datafield tag="650" ind1=" " ind2=" ">
        <subfield code="a">CONFERENCES</subfield>
        <subfield code="0">(DHLAUTH)275758</subfield>
    </datafield>
    <datafield tag="650" ind1=" " ind2=" ">
        <subfield code="a">WESTERN ASIA</subfield>
        <subfield code="0">(DHLAUTH)275490</subfield>
    </datafield>
    <datafield tag="650" ind1=" " ind2=" ">
        <subfield code="a">WORK PROGRAMME</subfield>
        <subfield code="0">(DHLAUTH)275800</subfield>
    </datafield>
    <datafield tag="650" ind1=" " ind2=" ">
        <subfield code="a">HUMAN RESOURCES</subfield>
        <subfield code="0">(DHLAUTH)270571</subfield>
    </datafield>
</record>
<record>
    <datafield tag="191" ind1=" " ind2=" ">
        <subfield code="a">E/ESCWA/RES/94/11</subfield>
    </datafield>
    <datafield tag="245" ind1=" " ind2=" ">
        <subfield code="a">SUGGESTIONS FOR ESCWA PROGRAMMES/ NOTES BY THE EXPERTS</subfield>
    </datafield>
    <datafield tag="269" ind1=" " ind2=" ">
        <subfield code="a">19940203</subfield>
    </datafield>
    <datafield tag="650" ind1=" " ind2=" ">
        <subfield code="a">ORGANIZATIONAL STRUCTURE</subfield>
        <subfield code="0">(DHLAUTH)272030</subfield>
    </datafield>
    <datafield tag="650" ind1=" " ind2=" ">
        <subfield code="a">CONFERENCES</subfield>
        <subfield code="0">(DHLAUTH)275758</subfield>
    </datafield>
    <datafield tag="650" ind1=" " ind2=" ">
        <subfield code="a">WESTERN ASIA</subfield>
        <subfield code="0">(DHLAUTH)275490</subfield>
    </datafield>
    <datafield tag="650" ind1=" " ind2=" ">
        <subfield code="a">WORK PROGRAMME</subfield>
        <subfield code="0">(DHLAUTH)275800</subfield>
    </datafield>
</record>
<record>
    <datafield tag="191" ind1=" " ind2=" ">
        <subfield code="a">E/ESCWA/RES/94/12</subfield>
    </datafield>
    <datafield tag="245" ind1=" " ind2=" ">
        <subfield code="a">NOTES BY THE EXPERTS</subfield>
    </datafield>
    <datafield tag="269" ind1=" " ind2=" ">
        <subfield code="a">19940203</subfield>
    </datafield>
    <datafield tag="650" ind1=" " ind2=" ">
        <subfield code="a">ORGANIZATIONAL STRUCTURE</subfield>
        <subfield code="0">(DHLAUTH)272030</subfield>
    </datafield>
    <datafield tag="650" ind1=" " ind2=" ">
        <subfield code="a">CONFERENCES</subfield>
        <subfield code="0">(DHLAUTH)275758</subfield>
    </datafield>
    <datafield tag="650" ind1=" " ind2=" ">
        <subfield code="a">PROGRAMME PRIORITIES</subfield>
        <subfield code="0">(DHLAUTH)275763</subfield>
    </datafield>
    <datafield tag="650" ind1=" " ind2=" ">
        <subfield code="a">WESTERN ASIA</subfield>
        <subfield code="0">(DHLAUTH)275490</subfield>
    </datafield>
</record>
<record>
    <datafield tag="191" ind1=" " ind2=" ">
        <subfield code="a">E/ESCWA/RES/94/13</subfield>
    </datafield>
    <datafield tag="245" ind1=" " ind2=" ">
        <subfield code="a">NOTES ON THE MAIN REGIONAL PRIORITIES IN THE TRANSPORT SECTOR/ NOTES BY THE EXPERTS</subfield>
    </datafield>
    <datafield tag="269" ind1=" " ind2=" ">
        <subfield code="a">19940203</subfield>
    </datafield>
    <datafield tag="650" ind1=" " ind2=" ">
        <subfield code="a">ORGANIZATIONAL STRUCTURE</subfield>
        <subfield code="0">(DHLAUTH)272030</subfield>
    </datafield>
    <datafield tag="650" ind1=" " ind2=" ">
        <subfield code="a">CONFERENCES</subfield>
        <subfield code="0">(DHLAUTH)275758</subfield>
    </datafield>
    <datafield tag="650" ind1=" " ind2=" ">
        <subfield code="a">WESTERN ASIA</subfield>
        <subfield code="0">(DHLAUTH)275490</subfield>
    </datafield>
    <datafield tag="650" ind1=" " ind2=" ">
        <subfield code="a">PROGRAMME PRIORITIES</subfield>
        <subfield code="0">(DHLAUTH)275763</subfield>
    </datafield>
    <datafield tag="650" ind1=" " ind2=" ">
        <subfield code="a">REGIONAL COOPERATION</subfield>
        <subfield code="0">(DHLAUTH)268656</subfield>
    </datafield>
    <datafield tag="650" ind1=" " ind2=" ">
        <subfield code="a">TRANSPORT</subfield>
        <subfield code="0">(DHLAUTH)272243</subfield>
    </datafield>
    <datafield tag="650" ind1=" " ind2=" ">
        <subfield code="a">COMMUNICATIONS</subfield>
        <subfield code="0">(DHLAUTH)272411</subfield>
    </datafield>
</record>
<record>
    <datafield tag="191" ind1=" " ind2=" ">
        <subfield code="a">E/ESCWA/RES/94/14</subfield>
    </datafield>
    <datafield tag="245" ind1=" " ind2=" ">
        <subfield code="a">DEVELOPMENT PRIORITIES FOR THE ESCWA REGION/ NOTES BY THE EXPERTS</subfield>
    </datafield>
    <datafield tag="269" ind1=" " ind2=" ">
        <subfield code="a">20040203</subfield>
    </datafield>
    <datafield tag="650" ind1=" " ind2=" ">
        <subfield code="a">ORGANIZATIONAL STRUCTURE</subfield>
        <subfield code="0">(DHLAUTH)272030</subfield>
    </datafield>
    <datafield tag="650" ind1=" " ind2=" ">
        <subfield code="a">CONFERENCES</subfield>
        <subfield code="0">(DHLAUTH)275758</subfield>
    </datafield>
    <datafield tag="650" ind1=" " ind2=" ">
        <subfield code="a">WESTERN ASIA</subfield>
        <subfield code="0">(DHLAUTH)275490</subfield>
    </datafield>
    <datafield tag="650" ind1=" " ind2=" ">
        <subfield code="a">PROGRAMME PRIORITIES</subfield>
        <subfield code="0">(DHLAUTH)275763</subfield>
    </datafield>
    <datafield tag="650" ind1=" " ind2=" ">
        <subfield code="a">ECONOMIC DEVELOPMENT</subfield>
        <subfield code="0">(DHLAUTH)269755</subfield>
    </datafield>
    <datafield tag="650" ind1=" " ind2=" ">
        <subfield code="a">ENVIRONMENT</subfield>
        <subfield code="0">(DHLAUTH)270627</subfield>
    </datafield>
    <datafield tag="650" ind1=" " ind2=" ">
        <subfield code="a">NATURAL RESOURCES</subfield>
        <subfield code="0">(DHLAUTH)270548</subfield>
    </datafield>
    <datafield tag="650" ind1=" " ind2=" ">
        <subfield code="a">SOCIAL DEVELOPMENT</subfield>
        <subfield code="0">(DHLAUTH)269873</subfield>
    </datafield>
    <datafield tag="650" ind1=" " ind2=" ">
        <subfield code="a">REGIONAL COOPERATION</subfield>
        <subfield code="0">(DHLAUTH)268656</subfield>
    </datafield>
</record>
<record>
    <datafield tag="191" ind1=" " ind2=" ">
        <subfield code="a">E/ESCWA/RES/94/15</subfield>
    </datafield>
    <datafield tag="245" ind1=" " ind2=" ">
        <subfield code="a">NOTE FOR THE CONSULTATION MEETING ON THE RESTRUCTURING OF ESCWA PROGRAMS/ NOTES BY THE EXPERTS</subfield>
    </datafield>
    <datafield tag="269" ind1=" " ind2=" ">
        <subfield code="a">20040819</subfield>
    </datafield>
    <datafield tag="650" ind1=" " ind2=" ">
        <subfield code="a">ORGANIZATIONAL STRUCTURE</subfield>
        <subfield code="0">(DHLAUTH)272030</subfield>
    </datafield>
    <datafield tag="650" ind1=" " ind2=" ">
        <subfield code="a">CONFERENCES</subfield>
        <subfield code="0">(DHLAUTH)275758</subfield>
    </datafield>
    <datafield tag="650" ind1=" " ind2=" ">
        <subfield code="a">WATER RESOURCES</subfield>
        <subfield code="0">(DHLAUTH)270568</subfield>
    </datafield>
    <datafield tag="650" ind1=" " ind2=" ">
        <subfield code="a">WESTERN ASIA</subfield>
        <subfield code="0">(DHLAUTH)275490</subfield>
    </datafield>
</record>
<record>
    <datafield tag="191" ind1=" " ind2=" ">
        <subfield code="a">E/ESCWA/RES/94/16</subfield>
    </datafield>
    <datafield tag="245" ind1=" " ind2=" ">
        <subfield code="a">NOTE ON MAIN REGIONAL PRIORITIES AND CORE THEMES FOR ESCWA'S PROGRAMME/ NOTES BY THE EXPERTS</subfield>
    </datafield>
    <datafield tag="269" ind1=" " ind2=" ">
        <subfield code="a">19940203</subfield>
    </datafield>
    <datafield tag="650" ind1=" " ind2=" ">
        <subfield code="a">ORGANIZATIONAL STRUCTURE</subfield>
        <subfield code="0">(DHLAUTH)272030</subfield>
    </datafield>
    <datafield tag="650" ind1=" " ind2=" ">
        <subfield code="a">CONFERENCES</subfield>
        <subfield code="0">(DHLAUTH)275758</subfield>
    </datafield>
    <datafield tag="650" ind1=" " ind2=" ">
        <subfield code="a">WORK PROGRAMME</subfield>
        <subfield code="0">(DHLAUTH)275800</subfield>
    </datafield>
    <datafield tag="650" ind1=" " ind2=" ">
        <subfield code="a">PROGRAMME PRIORITIES</subfield>
        <subfield code="0">(DHLAUTH)275763</subfield>
    </datafield>
    <datafield tag="650" ind1=" " ind2=" ">
        <subfield code="a">ECONOMIC POLICY</subfield>
        <subfield code="0">(DHLAUTH)268235</subfield>
    </datafield>
    <datafield tag="650" ind1=" " ind2=" ">
        <subfield code="a">REGIONAL COOPERATION</subfield>
        <subfield code="0">(DHLAUTH)268656</subfield>
    </datafield>
    <datafield tag="650" ind1=" " ind2=" ">
        <subfield code="a">WESTERN ASIA</subfield>
        <subfield code="0">(DHLAUTH)275490</subfield>
    </datafield>
</record>
<record>
    <datafield tag="191" ind1=" " ind2=" ">
        <subfield code="a">E/ESCWA/RES/94/17</subfield>
    </datafield>
    <datafield tag="245" ind1=" " ind2=" ">
        <subfield code="a">THE PRIORITIES OF THE REGION/ NOTES BY THE EXPERTS</subfield>
    </datafield>
    <datafield tag="269" ind1=" " ind2=" ">
        <subfield code="a">19940203</subfield>
    </datafield>
    <datafield tag="650" ind1=" " ind2=" ">
        <subfield code="a">ORGANIZATIONAL STRUCTURE</subfield>
        <subfield code="0">(DHLAUTH)272030</subfield>
    </datafield>
    <datafield tag="650" ind1=" " ind2=" ">
        <subfield code="a">CONFERENCES</subfield>
        <subfield code="0">(DHLAUTH)275758</subfield>
    </datafield>
    <datafield tag="650" ind1=" " ind2=" ">
        <subfield code="a">WESTERN ASIA</subfield>
        <subfield code="0">(DHLAUTH)275490</subfield>
    </datafield>
    <datafield tag="650" ind1=" " ind2=" ">
        <subfield code="a">POVERTY</subfield>
        <subfield code="0">(DHLAUTH)270079</subfield>
    </datafield>
    <datafield tag="650" ind1=" " ind2=" ">
        <subfield code="a">UNEMPLOYMENT</subfield>
        <subfield code="0">(DHLAUTH)269726</subfield>
    </datafield>
</record>
<record>
    <datafield tag="191" ind1=" " ind2=" ">
        <subfield code="a">E/ESCWA/RES/94/18</subfield>
    </datafield>
    <datafield tag="245" ind1=" " ind2=" ">
        <subfield code="a">NOTES ON THE RESTRUCTURING OF ESCWA'S PRIORITIES WORK PROGRAMMES SUBMITTED TO THE CONSULTATION HELD IN AMMAN JANUARY 31-FEBRUARY 3,1994</subfield>
    </datafield>
    <datafield tag="269" ind1=" " ind2=" ">
        <subfield code="a">19940203</subfield>
    </datafield>
    <datafield tag="650" ind1=" " ind2=" ">
        <subfield code="a">WORK ORGANIZATION</subfield>
        <subfield code="0">(DHLAUTH)275746</subfield>
    </datafield>
    <datafield tag="650" ind1=" " ind2=" ">
        <subfield code="a">ORGANIZATIONAL STRUCTURE</subfield>
        <subfield code="0">(DHLAUTH)272030</subfield>
    </datafield>
    <datafield tag="650" ind1=" " ind2=" ">
        <subfield code="a">TERMS OF REFERENCE</subfield>
        <subfield code="0">(DHLAUTH)268319</subfield>
    </datafield>
    <datafield tag="650" ind1=" " ind2=" ">
        <subfield code="a">RECOMMENDATIONS</subfield>
        <subfield code="0">(DHLAUTH)275840</subfield>
    </datafield>
    <datafield tag="650" ind1=" " ind2=" ">
        <subfield code="a">CONFERENCES</subfield>
        <subfield code="0">(DHLAUTH)275758</subfield>
    </datafield>
    <datafield tag="650" ind1=" " ind2=" ">
        <subfield code="a">WESTERN ASIA</subfield>
        <subfield code="0">(DHLAUTH)275490</subfield>
    </datafield>
</record>
<record>
    <datafield tag="191" ind1=" " ind2=" ">
        <subfield code="a">E/ESCWA/RES/94/2</subfield>
    </datafield>
    <datafield tag="245" ind1=" " ind2=" ">
        <subfield code="a">BACKGROUND DOCUMENT AN AGENDA FOR DEVELOPMENT ESCWA'S CONTRIBUTION TO THE REPORT OF THE SECRETARY GENERAL AMMAN 1 JULY 1993</subfield>
    </datafield>
    <datafield tag="269" ind1=" " ind2=" ">
        <subfield code="a">19940203</subfield>
    </datafield>
    <datafield tag="650" ind1=" " ind2=" ">
        <subfield code="a">ORGANIZATIONAL STRUCTURE</subfield>
        <subfield code="0">(DHLAUTH)272030</subfield>
    </datafield>
    <datafield tag="650" ind1=" " ind2=" ">
        <subfield code="a">CONFERENCES</subfield>
        <subfield code="0">(DHLAUTH)275758</subfield>
    </datafield>
    <datafield tag="650" ind1=" " ind2=" ">
        <subfield code="a">WESTERN ASIA</subfield>
        <subfield code="0">(DHLAUTH)275490</subfield>
    </datafield>
    <datafield tag="650" ind1=" " ind2=" ">
        <subfield code="a">WORK PROGRAMME</subfield>
        <subfield code="0">(DHLAUTH)275800</subfield>
    </datafield>
    <datafield tag="650" ind1=" " ind2=" ">
        <subfield code="a">DEVELOPMENT</subfield>
        <subfield code="0">(DHLAUTH)269844</subfield>
    </datafield>
    <datafield tag="650" ind1=" " ind2=" ">
        <subfield code="a">COOPERATION BETWEEN ORGANIZATIONS</subfield>
        <subfield code="0">(DHLAUTH)268652</subfield>
    </datafield>
    <datafield tag="650" ind1=" " ind2=" ">
        <subfield code="a">AGENDA</subfield>
        <subfield code="0">(DHLAUTH)275133</subfield>
    </datafield>
</record>
<record>
    <datafield tag="191" ind1=" " ind2=" ">
        <subfield code="a">E/ESCWA/RES/94/3</subfield>
    </datafield>
    <datafield tag="245" ind1=" " ind2=" ">
        <subfield code="a">ESTABLISHING PRIORITIES FOR ESCWA/ NOTES BY THE EXPERTS</subfield>
    </datafield>
    <datafield tag="269" ind1=" " ind2=" ">
        <subfield code="a">19940203</subfield>
    </datafield>
    <datafield tag="650" ind1=" " ind2=" ">
        <subfield code="a">ORGANIZATIONAL STRUCTURE</subfield>
        <subfield code="0">(DHLAUTH)272030</subfield>
    </datafield>
    <datafield tag="650" ind1=" " ind2=" ">
        <subfield code="a">CONFERENCES</subfield>
        <subfield code="0">(DHLAUTH)275758</subfield>
    </datafield>
    <datafield tag="650" ind1=" " ind2=" ">
        <subfield code="a">WESTERN ASIA</subfield>
        <subfield code="0">(DHLAUTH)275490</subfield>
    </datafield>
    <datafield tag="650" ind1=" " ind2=" ">
        <subfield code="a">PROGRAMME PRIORITIES</subfield>
        <subfield code="0">(DHLAUTH)275763</subfield>
    </datafield>
</record>
<record>
    <datafield tag="191" ind1=" " ind2=" ">
        <subfield code="a">E/ESCWA/RES/94/4</subfield>
    </datafield>
    <datafield tag="245" ind1=" " ind2=" ">
        <subfield code="a">LONG AND SHORT TERM REGIONAL PRIORITIES FOR ESCWA/ NOTES BY THE EXPERTS</subfield>
    </datafield>
    <datafield tag="269" ind1=" " ind2=" ">
        <subfield code="a">19940203</subfield>
    </datafield>
    <datafield tag="650" ind1=" " ind2=" ">
        <subfield code="a">ORGANIZATIONAL STRUCTURE</subfield>
        <subfield code="0">(DHLAUTH)272030</subfield>
    </datafield>
    <datafield tag="650" ind1=" " ind2=" ">
        <subfield code="a">CONFERENCES</subfield>
        <subfield code="0">(DHLAUTH)275758</subfield>
    </datafield>
    <datafield tag="650" ind1=" " ind2=" ">
        <subfield code="a">WESTERN ASIA</subfield>
        <subfield code="0">(DHLAUTH)275490</subfield>
    </datafield>
    <datafield tag="650" ind1=" " ind2=" ">
        <subfield code="a">WORK PROGRAMME</subfield>
        <subfield code="0">(DHLAUTH)275800</subfield>
    </datafield>
    <datafield tag="650" ind1=" " ind2=" ">
        <subfield code="a">REGIONAL DEVELOPMENT</subfield>
        <subfield code="0">(DHLAUTH)269690</subfield>
    </datafield>
</record>
<record>
    <datafield tag="191" ind1=" " ind2=" ">
        <subfield code="a">E/ESCWA/RES/94/5</subfield>
    </datafield>
    <datafield tag="245" ind1=" " ind2=" ">
        <subfield code="a">AN APPROACH TO RESTRUCTURING ESCWA'S PROGRAMMES WITH PARTICULAR EMPHASIS ON HUMAN RESOURCES DEVELOPMENT/ NOTES BY THE EXPERTS</subfield>
    </datafield>
    <datafield tag="269" ind1=" " ind2=" ">
        <subfield code="a">19940203</subfield>
    </datafield>
    <datafield tag="650" ind1=" " ind2=" ">
        <subfield code="a">ORGANIZATIONAL STRUCTURE</subfield>
        <subfield code="0">(DHLAUTH)272030</subfield>
    </datafield>
    <datafield tag="650" ind1=" " ind2=" ">
        <subfield code="a">CONFERENCES</subfield>
        <subfield code="0">(DHLAUTH)275758</subfield>
    </datafield>
    <datafield tag="650" ind1=" " ind2=" ">
        <subfield code="a">WESTERN ASIA</subfield>
        <subfield code="0">(DHLAUTH)275490</subfield>
    </datafield>
    <datafield tag="650" ind1=" " ind2=" ">
        <subfield code="a">WORK PROGRAMME</subfield>
        <subfield code="0">(DHLAUTH)275800</subfield>
    </datafield>
    <datafield tag="650" ind1=" " ind2=" ">
        <subfield code="a">HUMAN RESOURCES</subfield>
        <subfield code="0">(DHLAUTH)270571</subfield>
    </datafield>
</record>
<record>
    <datafield tag="191" ind1=" " ind2=" ">
        <subfield code="a">E/ESCWA/RES/94/6</subfield>
    </datafield>
    <datafield tag="245" ind1=" " ind2=" ">
        <subfield code="a">BACKGROUND DOCUMENT CONTRIBUTIONS BY SUSTANTIVE DIVISIONS ON DEVELOPMENT ISSUES AND PRIORITIES IN THE ESCWA REGION</subfield>
    </datafield>
    <datafield tag="269" ind1=" " ind2=" ">
        <subfield code="a">19940203</subfield>
    </datafield>
    <datafield tag="650" ind1=" " ind2=" ">
        <subfield code="a">ORGANIZATIONAL STRUCTURE</subfield>
        <subfield code="0">(DHLAUTH)272030</subfield>
    </datafield>
    <datafield tag="650" ind1=" " ind2=" ">
        <subfield code="a">CONFERENCES</subfield>
        <subfield code="0">(DHLAUTH)275758</subfield>
    </datafield>
    <datafield tag="650" ind1=" " ind2=" ">
        <subfield code="a">WESTERN ASIA</subfield>
        <subfield code="0">(DHLAUTH)275490</subfield>
    </datafield>
    <datafield tag="650" ind1=" " ind2=" ">
        <subfield code="a">WORK PROGRAMME</subfield>
        <subfield code="0">(DHLAUTH)275800</subfield>
    </datafield>
    <datafield tag="650" ind1=" " ind2=" ">
        <subfield code="a">PROGRAMME PRIORITIES</subfield>
        <subfield code="0">(DHLAUTH)275763</subfield>
    </datafield>
</record>
<record>
    <datafield tag="191" ind1=" " ind2=" ">
        <subfield code="a">E/ESCWA/RES/94/7</subfield>
    </datafield>
    <datafield tag="245" ind1=" " ind2=" ">
        <subfield code="a">RESTRUCTURING OF ESCWA PROGRAMMES/ NOTES BY THE EXPERTS</subfield>
    </datafield>
    <datafield tag="269" ind1=" " ind2=" ">
        <subfield code="a">19940203</subfield>
    </datafield>
    <datafield tag="650" ind1=" " ind2=" ">
        <subfield code="a">ORGANIZATIONAL STRUCTURE</subfield>
        <subfield code="0">(DHLAUTH)272030</subfield>
    </datafield>
    <datafield tag="650" ind1=" " ind2=" ">
        <subfield code="a">CONFERENCES</subfield>
        <subfield code="0">(DHLAUTH)275758</subfield>
    </datafield>
    <datafield tag="650" ind1=" " ind2=" ">
        <subfield code="a">WESTERN ASIA</subfield>
        <subfield code="0">(DHLAUTH)275490</subfield>
    </datafield>
    <datafield tag="650" ind1=" " ind2=" ">
        <subfield code="a">WORK PROGRAMME</subfield>
        <subfield code="0">(DHLAUTH)275800</subfield>
    </datafield>
</record>
<record>
    <datafield tag="191" ind1=" " ind2=" ">
        <subfield code="a">E/ESCWA/RES/94/8</subfield>
    </datafield>
    <datafield tag="245" ind1=" " ind2=" ">
        <subfield code="a">ECONOMIC PRIORITIES OF THE ARAB REGION/ NOTES BY THE EXPERTS</subfield>
    </datafield>
    <datafield tag="269" ind1=" " ind2=" ">
        <subfield code="a">19940203</subfield>
    </datafield>
    <datafield tag="650" ind1=" " ind2=" ">
        <subfield code="a">ORGANIZATIONAL STRUCTURE</subfield>
        <subfield code="0">(DHLAUTH)272030</subfield>
    </datafield>
    <datafield tag="650" ind1=" " ind2=" ">
        <subfield code="a">CONFERENCES</subfield>
        <subfield code="0">(DHLAUTH)275758</subfield>
    </datafield>
    <datafield tag="650" ind1=" " ind2=" ">
        <subfield code="a">WESTERN ASIA</subfield>
        <subfield code="0">(DHLAUTH)275490</subfield>
    </datafield>
    <datafield tag="650" ind1=" " ind2=" ">
        <subfield code="a">WORK PROGRAMME</subfield>
        <subfield code="0">(DHLAUTH)275800</subfield>
    </datafield>
    <datafield tag="650" ind1=" " ind2=" ">
        <subfield code="a">ECONOMIC DEVELOPMENT</subfield>
        <subfield code="0">(DHLAUTH)269755</subfield>
    </datafield>
</record>
<record>
    <datafield tag="191" ind1=" " ind2=" ">
        <subfield code="a">E/ESCWA/RES/94/9</subfield>
    </datafield>
    <datafield tag="245" ind1=" " ind2=" ">
        <subfield code="a">SUGGESTED PRIORITIES FOR THE WATER SECTOR/ NOTES BY THE EXPERTS</subfield>
    </datafield>
    <datafield tag="269" ind1=" " ind2=" ">
        <subfield code="a">19940203</subfield>
    </datafield>
    <datafield tag="650" ind1=" " ind2=" ">
        <subfield code="a">ORGANIZATIONAL STRUCTURE</subfield>
        <subfield code="0">(DHLAUTH)272030</subfield>
    </datafield>
    <datafield tag="650" ind1=" " ind2=" ">
        <subfield code="a">CONFERENCES</subfield>
        <subfield code="0">(DHLAUTH)275758</subfield>
    </datafield>
    <datafield tag="650" ind1=" " ind2=" ">
        <subfield code="a">WESTERN ASIA</subfield>
        <subfield code="0">(DHLAUTH)275490</subfield>
    </datafield>
    <datafield tag="650" ind1=" " ind2=" ">
        <subfield code="a">WORK PROGRAMME</subfield>
        <subfield code="0">(DHLAUTH)275800</subfield>
    </datafield>
    <datafield tag="650" ind1=" " ind2=" ">
        <subfield code="a">WATER RESOURCES</subfield>
        <subfield code="0">(DHLAUTH)270568</subfield>
    </datafield>
</record>
<record>
    <datafield tag="191" ind1=" " ind2=" ">
        <subfield code="a">E/ESCWA/S-3/4/REV.1</subfield>
    </datafield>
    <datafield tag="245" ind1=" " ind2=" ">
        <subfield code="a">NOTE BY THE EXECUTIVE SECRETARY, THIRD SPECIAL SESSION 8-9 JUNE 1988 BAGHDAD</subfield>
    </datafield>
    <datafield tag="246" ind1=" " ind2=" ">
        <subfield code="a">طلب الامين العام للامم المتحدة نقل موظفي الامانة التنفيذية للجنة الاقتصادية والاجتماعية لغربي آسيا بصورة مؤقتة الى خارج العراق : ورقة معلومات اساسية مقدمة الى الدورة الاستثنائية الثالثة للجنة مذكرة من الامين العام التنفيذي</subfield>
    </datafield>
    <datafield tag="269" ind1=" " ind2=" ">
        <subfield code="a">19880607</subfield>
    </datafield>
    <datafield tag="650" ind1=" " ind2=" ">
        <subfield code="a">WESTERN ASIA</subfield>
        <subfield code="0">(DHLAUTH)275490</subfield>
    </datafield>
    <datafield tag="650" ind1=" " ind2=" ">
        <subfield code="a">CONFERENCES</subfield>
        <subfield code="0">(DHLAUTH)275758</subfield>
    </datafield>
</record>
<record>
    <datafield tag="191" ind1=" " ind2=" ">
        <subfield code="a">E/ESCWA/S-3/5/REV.1</subfield>
    </datafield>
    <datafield tag="245" ind1=" " ind2=" ">
        <subfield code="a">REPORT ON THE THIRD SPECIAL SESSION 8 JUNE 1988</subfield>
    </datafield>
    <datafield tag="246" ind1=" " ind2=" ">
        <subfield code="a">تقرير الدورةالإستثنائية الثالثة 8 حزيران/يونيو 1988</subfield>
    </datafield>
    <datafield tag="269" ind1=" " ind2=" ">
        <subfield code="a">19880630</subfield>
    </datafield>
    <datafield tag="650" ind1=" " ind2=" ">
        <subfield code="a">PERIODIC REPORTS</subfield>
        <subfield code="0">(DHLAUTH)275135</subfield>
    </datafield>
    <datafield tag="650" ind1=" " ind2=" ">
        <subfield code="a">RESOLUTIONS AND DECISIONS</subfield>
        <subfield code="0">(DHLAUTH)275677</subfield>
    </datafield>
    <datafield tag="650" ind1=" " ind2=" ">
        <subfield code="a">WORK ORGANIZATION</subfield>
        <subfield code="0">(DHLAUTH)275746</subfield>
    </datafield>
    <datafield tag="650" ind1=" " ind2=" ">
        <subfield code="a">WORK PROGRAMME</subfield>
        <subfield code="0">(DHLAUTH)275800</subfield>
    </datafield>
    <datafield tag="650" ind1=" " ind2=" ">
        <subfield code="a">ACTIVITIES</subfield>
        <subfield code="0">(DHLAUTH)275823</subfield>
    </datafield>
</record>
<record>
    <datafield tag="191" ind1=" " ind2=" ">
        <subfield code="a">E/ESCWA/S-3/INF.1</subfield>
    </datafield>
    <datafield tag="245" ind1=" " ind2=" ">
        <subfield code="a">LIST OF PARTICIPANTS THIRD SPECIAL SESSION 8 JUNE 1988 BAGHDAD</subfield>
    </datafield>
    <datafield tag="246" ind1=" " ind2=" ">
        <subfield code="a">قائمة بأسماء المشاركين في الدورة, الدورة الاستثنائية الثالثة 8-9 حزيران/يونيو 1988 بغداد</subfield>
    </datafield>
    <datafield tag="269" ind1=" " ind2=" ">
        <subfield code="a">19880609</subfield>
    </datafield>
    <datafield tag="650" ind1=" " ind2=" ">
        <subfield code="a">PARTICIPANTS</subfield>
        <subfield code="0">(DHLAUTH)275785</subfield>
    </datafield>
    <datafield tag="650" ind1=" " ind2=" ">
        <subfield code="a">WESTERN ASIA</subfield>
        <subfield code="0">(DHLAUTH)275490</subfield>
    </datafield>
    <datafield tag="650" ind1=" " ind2=" ">
        <subfield code="a">CONFERENCES</subfield>
        <subfield code="0">(DHLAUTH)275758</subfield>
    </datafield>
    <datafield tag="650" ind1=" " ind2=" ">
        <subfield code="a">MEMBERS</subfield>
        <subfield code="0">(DHLAUTH)275782</subfield>
    </datafield>
</record>
<record>
    <datafield tag="191" ind1=" " ind2=" ">
        <subfield code="a">E/ESCWA/S-4/5(A)</subfield>
    </datafield>
    <datafield tag="191" ind1=" " ind2=" ">
        <subfield code="a">E/2002/41(A)</subfield>
    </datafield>
    <datafield tag="245" ind1=" " ind2=" ">
        <subfield code="a">REPORT ON THE FOURTH SPECIAL SESSION OF THE COMMISSION/11 MARCH 2002.</subfield>
    </datafield>
    <datafield tag="269" ind1=" " ind2=" ">
        <subfield code="a">20020311</subfield>
    </datafield>
    <datafield tag="650" ind1=" " ind2=" ">
        <subfield code="a">WORK ORGANIZATION</subfield>
        <subfield code="0">(DHLAUTH)275746</subfield>
    </datafield>
    <datafield tag="650" ind1=" " ind2=" ">
        <subfield code="a">WORK PROGRAMME</subfield>
        <subfield code="0">(DHLAUTH)275800</subfield>
    </datafield>
    <datafield tag="650" ind1=" " ind2=" ">
        <subfield code="a">PARTICIPANTS</subfield>
        <subfield code="0">(DHLAUTH)275785</subfield>
    </datafield>
    <datafield tag="650" ind1=" " ind2=" ">
        <subfield code="a">DOCUMENTS</subfield>
        <subfield code="0">(DHLAUTH)270014</subfield>
    </datafield>
</record>
<record>
    <datafield tag="191" ind1=" " ind2=" ">
        <subfield code="a">E/2002/41(F)</subfield>
    </datafield>
    <datafield tag="191" ind1=" " ind2=" ">
        <subfield code="a">E/ESCWA/S-4/5(F)</subfield>
    </datafield>
    <datafield tag="245" ind1=" " ind2=" ">
        <subfield code="a">RAPPORT SUR LA QUATRIEME SESSION EXTRA ORDINAIRE/1ARS 2002.</subfield>
    </datafield>
    <datafield tag="269" ind1=" " ind2=" ">
        <subfield code="a">20020531</subfield>
    </datafield>
    <datafield tag="650" ind1=" " ind2=" ">
        <subfield code="a">WORK ORGANIZATION</subfield>
        <subfield code="0">(DHLAUTH)275746</subfield>
    </datafield>
    <datafield tag="650" ind1=" " ind2=" ">
        <subfield code="a">WORK PROGRAMME</subfield>
        <subfield code="0">(DHLAUTH)275800</subfield>
    </datafield>
    <datafield tag="650" ind1=" " ind2=" ">
        <subfield code="a">PARTICIPANTS</subfield>
        <subfield code="0">(DHLAUTH)275785</subfield>
    </datafield>
    <datafield tag="650" ind1=" " ind2=" ">
        <subfield code="a">DOCUMENTS</subfield>
        <subfield code="0">(DHLAUTH)270014</subfield>
    </datafield>
</record>
<record>
    <datafield tag="191" ind1=" " ind2=" ">
        <subfield code="a">E/2002/41(SUPP)</subfield>
    </datafield>
    <datafield tag="191" ind1=" " ind2=" ">
        <subfield code="a">E/ESCWA/S-4/5(SUPP)</subfield>
    </datafield>
    <datafield tag="245" ind1=" " ind2=" ">
        <subfield code="a">ECONOMIC AND SOCIAL COMMISSION FOR WESTERN ASIA : REPORT ON THE 4TH SPECIAL SESSION OF THE COMMISSION, 11 MARCH 2002</subfield>
    </datafield>
    <datafield tag="246" ind1=" " ind2=" ">
        <subfield code="a">Economic and Social Commission for Western Asia : report on the 4th special session of the Commission, 11 March 2002</subfield>
    </datafield>
    <datafield tag="269" ind1=" " ind2=" ">
        <subfield code="a">20020101</subfield>
    </datafield>
    <datafield tag="650" ind1=" " ind2=" ">
        <subfield code="a">REGIONAL COOPERATION</subfield>
        <subfield code="0">(DHLAUTH)268656</subfield>
    </datafield>
    <datafield tag="650" ind1=" " ind2=" ">
        <subfield code="a">REGIONAL COMMISSIONS</subfield>
        <subfield code="0">(DHLAUTH)269969</subfield>
    </datafield>
    <datafield tag="650" ind1=" " ind2=" ">
        <subfield code="a">WESTERN ASIA</subfield>
        <subfield code="0">(DHLAUTH)275490</subfield>
    </datafield>
    <datafield tag="650" ind1=" " ind2=" ">
        <subfield code="a">MEDIUM-TERM PLANNING</subfield>
        <subfield code="0">(DHLAUTH)270087</subfield>
    </datafield>
</record>
<record>
    <datafield tag="191" ind1=" " ind2=" ">
        <subfield code="a">E/ESCWA/S-5/1</subfield>
    </datafield>
    <datafield tag="191" ind1=" " ind2=" ">
        <subfield code="a">E/ESCWA/2015/EC.1/4</subfield>
    </datafield>
    <datafield tag="246" ind1=" " ind2=" ">
        <subfield code="a">النظر في طلب الجمهورية الاسلامية الموريتانية الانضمام الى عضوية اللجنة : اللجنة الاقتصادية والاجتماعية لغربي آسيا (الاسكوا)، الدورة الاستثنائية الخامسة للجنة، عمان، 8 - 9 حزيران/يونيو 2015</subfield>
    </datafield>
    <datafield tag="269" ind1=" " ind2=" ">
        <subfield code="a">20150520</subfield>
    </datafield>
    <datafield tag="650" ind1=" " ind2=" ">
        <subfield code="a">REGIONAL COMMISSIONS</subfield>
        <subfield code="0">(DHLAUTH)269969</subfield>
    </datafield>
    <datafield tag="650" ind1=" " ind2=" ">
        <subfield code="a">EXECUTIVE ADVISORY BODIES</subfield>
        <subfield code="0">(DHLAUTH)268357</subfield>
    </datafield>
    <datafield tag="650" ind1=" " ind2=" ">
        <subfield code="a">CONFERENCES</subfield>
        <subfield code="0">(DHLAUTH)275758</subfield>
    </datafield>
    <datafield tag="650" ind1=" " ind2=" ">
        <subfield code="a">MEMBERS</subfield>
        <subfield code="0">(DHLAUTH)275782</subfield>
    </datafield>
    <datafield tag="650" ind1=" " ind2=" ">
        <subfield code="a">ADVISORY SERVICES</subfield>
        <subfield code="0">(DHLAUTH)269860</subfield>
    </datafield>
    <datafield tag="650" ind1=" " ind2=" ">
        <subfield code="a">ARAB COUNTRIES</subfield>
        <subfield code="0">(DHLAUTH)268705</subfield>
    </datafield>
    <datafield tag="650" ind1=" " ind2=" ">
        <subfield code="a">TECHNICAL COOPERATION</subfield>
        <subfield code="0">(DHLAUTH)268658</subfield>
    </datafield>
    <datafield tag="650" ind1=" " ind2=" ">
        <subfield code="a">MAURITANIA</subfield>
        <subfield code="0">(DHLAUTH)273407</subfield>
    </datafield>
</record>
<record>
    <datafield tag="191" ind1=" " ind2=" ">
        <subfield code="a">E/ESCWA/SCU/2004/IG.1/L.1/ADD.1</subfield>
    </datafield>
    <datafield tag="245" ind1=" " ind2=" ">
        <subfield code="a">ANNOTATED PROVISIONAL AGENDA : ECONOMIC AND SOCIAL COMMISSION FOR THE WESTERN ASIA, STATISTICAL COMMITTEE, 6TH SESSION, BEIRUT, 6-8 OCTOBER 2004</subfield>
    </datafield>
    <datafield tag="246" ind1=" " ind2=" ">
        <subfield code="a">Annotated provisional agenda : Economic and Social Commission for the Western Asia, Statistical Committee, 6th session, Beirut, 6-8 October 2004</subfield>
    </datafield>
    <datafield tag="269" ind1=" " ind2=" ">
        <subfield code="a">20040803</subfield>
    </datafield>
</record>
<record>
    <datafield tag="191" ind1=" " ind2=" ">
        <subfield code="a">E/ESCWA/SCU/2005/3</subfield>
    </datafield>
    <datafield tag="245" ind1=" " ind2=" ">
        <subfield code="a">THE MILLENNIUM DEVELOPMENT GOALS IN THE ARAB REGION 2005</subfield>
    </datafield>
    <datafield tag="246" ind1=" " ind2=" ">
        <subfield code="a">The Millennium Development Goals in the Arab region 2005</subfield>
    </datafield>
    <datafield tag="246" ind1=" " ind2=" ">
        <subfield code="a">الاهداف الانمائية للالفية في المنطقة العربية 2005: الوفاء بالوعد 2015</subfield>
    </datafield>
    <datafield tag="269" ind1=" " ind2=" ">
        <subfield code="a">20051017</subfield>
    </datafield>
    <datafield tag="650" ind1=" " ind2=" ">
        <subfield code="a">PROGRAMME IMPLEMENTATION</subfield>
        <subfield code="0">(DHLAUTH)275794</subfield>
    </datafield>
    <datafield tag="650" ind1=" " ind2=" ">
        <subfield code="a">ARAB COUNTRIES</subfield>
        <subfield code="0">(DHLAUTH)268705</subfield>
    </datafield>
    <datafield tag="650" ind1=" " ind2=" ">
        <subfield code="a">POVERTY MITIGATION</subfield>
        <subfield code="0">(DHLAUTH)274700</subfield>
    </datafield>
    <datafield tag="650" ind1=" " ind2=" ">
        <subfield code="a">PRIMARY EDUCATION</subfield>
        <subfield code="0">(DHLAUTH)273999</subfield>
    </datafield>
    <datafield tag="650" ind1=" " ind2=" ">
        <subfield code="a">GENDER EQUALITY</subfield>
        <subfield code="0">(DHLAUTH)441178</subfield>
    </datafield>
    <datafield tag="650" ind1=" " ind2=" ">
        <subfield code="a">CHILD MORTALITY</subfield>
        <subfield code="0">(DHLAUTH)272962</subfield>
    </datafield>
    <datafield tag="650" ind1=" " ind2=" ">
        <subfield code="a">MATERNAL HEALTH SERVICES</subfield>
        <subfield code="0">(DHLAUTH)273092</subfield>
    </datafield>
    <datafield tag="650" ind1=" " ind2=" ">
        <subfield code="a">AIDS PREVENTION</subfield>
        <subfield code="0">(DHLAUTH)273800</subfield>
    </datafield>
    <datafield tag="650" ind1=" " ind2=" ">
        <subfield code="a">SUSTAINABLE DEVELOPMENT</subfield>
        <subfield code="0">(DHLAUTH)269920</subfield>
    </datafield>
    <datafield tag="650" ind1=" " ind2=" ">
        <subfield code="a">ENVIRONMENTAL PROTECTION</subfield>
        <subfield code="0">(DHLAUTH)270598</subfield>
    </datafield>
    <datafield tag="650" ind1=" " ind2=" ">
        <subfield code="a">PARTNERSHIP</subfield>
        <subfield code="0">(DHLAUTH)269206</subfield>
    </datafield>
</record>
<record>
    <datafield tag="191" ind1=" " ind2=" ">
        <subfield code="a">E/ESCWA/SCU/2006/PAMPHLET.1</subfield>
    </datafield>
    <datafield tag="245" ind1=" " ind2=" ">
        <subfield code="a">ARAB WOMEN IN PUBLIC LIFE AND DECISION-MAKING</subfield>
    </datafield>
    <datafield tag="246" ind1=" " ind2=" ">
        <subfield code="a">المرأة العربية في الحياة العامة وصنع القرار</subfield>
    </datafield>
    <datafield tag="269" ind1=" " ind2=" ">
        <subfield code="a">20060601</subfield>
    </datafield>
    <datafield tag="650" ind1=" " ind2=" ">
        <subfield code="a">DECISION-MAKING</subfield>
        <subfield code="0">(DHLAUTH)270223</subfield>
    </datafield>
    <datafield tag="650" ind1=" " ind2=" ">
        <subfield code="a">PUBLIC SECTOR</subfield>
        <subfield code="0">(DHLAUTH)269679</subfield>
    </datafield>
    <datafield tag="650" ind1=" " ind2=" ">
        <subfield code="a">VOTING</subfield>
        <subfield code="0">(DHLAUTH)268349</subfield>
    </datafield>
    <datafield tag="650" ind1=" " ind2=" ">
        <subfield code="a">ARAB COUNTRIES</subfield>
        <subfield code="0">(DHLAUTH)268705</subfield>
    </datafield>
    <datafield tag="650" ind1=" " ind2=" ">
        <subfield code="a">POLITICAL PARTIES</subfield>
        <subfield code="0">(DHLAUTH)268289</subfield>
    </datafield>
    <datafield tag="650" ind1=" " ind2=" ">
        <subfield code="a">LAW</subfield>
        <subfield code="0">(DHLAUTH)269174</subfield>
    </datafield>
    <datafield tag="650" ind1=" " ind2=" ">
        <subfield code="a">NON-GOVERNMENTAL ORGANIZATIONS</subfield>
        <subfield code="0">(DHLAUTH)268665</subfield>
    </datafield>
    <datafield tag="650" ind1=" " ind2=" ">
        <subfield code="a">CIVIL AND POLITICAL RIGHTS</subfield>
        <subfield code="0">(DHLAUTH)269028</subfield>
    </datafield>
    <datafield tag="650" ind1=" " ind2=" ">
        <subfield code="a">MASS MEDIA</subfield>
        <subfield code="0">(DHLAUTH)272747</subfield>
    </datafield>
    <datafield tag="650" ind1=" " ind2=" ">
        <subfield code="a">WESTERN ASIA</subfield>
        <subfield code="0">(DHLAUTH)275490</subfield>
    </datafield>
</record>
<record>
    <datafield tag="191" ind1=" " ind2=" ">
        <subfield code="a">E/ESCWA/SD-WOM/1996/1</subfield>
    </datafield>
    <datafield tag="245" ind1=" " ind2=" ">
        <subfield code="a">REPORT TO THE COMMISSION ON SUPPORT TO TECHNICAL ASSISTANCA PROJECTS FOR THE ADVANCEMENT OF ARAB WOMEN</subfield>
    </datafield>
    <datafield tag="246" ind1=" " ind2=" ">
        <subfield code="a">تقرير الى اللجنة عن دعم المشاريع المساعدة الفنية الرامية الى النهوض بالمرأة</subfield>
    </datafield>
    <datafield tag="269" ind1=" " ind2=" ">
        <subfield code="a">19960215</subfield>
    </datafield>
    <datafield tag="650" ind1=" " ind2=" ">
        <subfield code="a">WOMEN'S ADVANCEMENT</subfield>
        <subfield code="0">(DHLAUTH)273158</subfield>
    </datafield>
    <datafield tag="650" ind1=" " ind2=" ">
        <subfield code="a">TECHNICAL COOPERATION</subfield>
        <subfield code="0">(DHLAUTH)268658</subfield>
    </datafield>
    <datafield tag="650" ind1=" " ind2=" ">
        <subfield code="a">WESTERN ASIA</subfield>
        <subfield code="0">(DHLAUTH)275490</subfield>
    </datafield>
    <datafield tag="650" ind1=" " ind2=" ">
        <subfield code="a">PROGRAMME IMPLEMENTATION</subfield>
        <subfield code="0">(DHLAUTH)275794</subfield>
    </datafield>
    <datafield tag="650" ind1=" " ind2=" ">
        <subfield code="a">WOMEN IN DEVELOPMENT</subfield>
        <subfield code="0">(DHLAUTH)269878</subfield>
    </datafield>
    <datafield tag="650" ind1=" " ind2=" ">
        <subfield code="a">WOMEN'S EMPLOYMENT</subfield>
        <subfield code="0">(DHLAUTH)273159</subfield>
    </datafield>
</record>
<record>
    <datafield tag="191" ind1=" " ind2=" ">
        <subfield code="a">E/ESCWA/SD-WOM/1997/1</subfield>
    </datafield>
    <datafield tag="245" ind1=" " ind2=" ">
        <subfield code="a">A CRITIQUE OF PERSONAL STATUS CODES IN SELECTED ARAB COUNTRIES</subfield>
    </datafield>
    <datafield tag="246" ind1=" " ind2=" ">
        <subfield code="a">مشروع بحث نقدي لقوانين الاحوال الشخصية في بلدان عربية مختارة</subfield>
    </datafield>
    <datafield tag="269" ind1=" " ind2=" ">
        <subfield code="a">19970107</subfield>
    </datafield>
    <datafield tag="650" ind1=" " ind2=" ">
        <subfield code="a">RECOMMENDATIONS</subfield>
        <subfield code="0">(DHLAUTH)275840</subfield>
    </datafield>
    <datafield tag="650" ind1=" " ind2=" ">
        <subfield code="a">WOMEN</subfield>
        <subfield code="0">(DHLAUTH)273032</subfield>
    </datafield>
    <datafield tag="650" ind1=" " ind2=" ">
        <subfield code="a">ISLAMIC LAW</subfield>
        <subfield code="0">(DHLAUTH)269330</subfield>
    </datafield>
    <datafield tag="650" ind1=" " ind2=" ">
        <subfield code="a">MARRIAGE LAW</subfield>
        <subfield code="0">(DHLAUTH)269291</subfield>
    </datafield>
    <datafield tag="650" ind1=" " ind2=" ">
        <subfield code="a">DIVORCE</subfield>
        <subfield code="0">(DHLAUTH)269292</subfield>
    </datafield>
    <datafield tag="650" ind1=" " ind2=" ">
        <subfield code="a">ISLAMIC COURTS</subfield>
        <subfield code="0">(DHLAUTH)269243</subfield>
    </datafield>
    <datafield tag="650" ind1=" " ind2=" ">
        <subfield code="a">WESTERN ASIA</subfield>
        <subfield code="0">(DHLAUTH)275490</subfield>
    </datafield>
</record>
<record>
    <datafield tag="191" ind1=" " ind2=" ">
        <subfield code="a">E/ESCWA/SD-WOM/1997/2</subfield>
    </datafield>
    <datafield tag="245" ind1=" " ind2=" ">
        <subfield code="a">THE VALUES AND SELF-IDENTITY OF BEDOUIN AND URBAN WOMEN: A COMPARATIVE ANALYSIS FIELD STUDY (BEKAA VALLEY, LEBANON)</subfield>
    </datafield>
    <datafield tag="246" ind1=" " ind2=" ">
        <subfield code="a">القيم والانتماء النفسي عند البدوية وابنة الدينة تحليل مقارن دراسة ميدانية وادي البقاع, لبنان</subfield>
    </datafield>
    <datafield tag="269" ind1=" " ind2=" ">
        <subfield code="a">19961016</subfield>
    </datafield>
    <datafield tag="650" ind1=" " ind2=" ">
        <subfield code="a">LEBANON</subfield>
        <subfield code="0">(DHLAUTH)269069</subfield>
    </datafield>
    <datafield tag="650" ind1=" " ind2=" ">
        <subfield code="a">ECONOMIC CONDITIONS</subfield>
        <subfield code="0">(DHLAUTH)269719</subfield>
    </datafield>
    <datafield tag="650" ind1=" " ind2=" ">
        <subfield code="a">SOCIAL CONDITIONS</subfield>
        <subfield code="0">(DHLAUTH)268327</subfield>
    </datafield>
    <datafield tag="650" ind1=" " ind2=" ">
        <subfield code="a">WOMEN</subfield>
        <subfield code="0">(DHLAUTH)273032</subfield>
    </datafield>
    <datafield tag="650" ind1=" " ind2=" ">
        <subfield code="a">COMPARATIVE ANALYSIS</subfield>
        <subfield code="0">(DHLAUTH)269212</subfield>
    </datafield>
    <datafield tag="650" ind1=" " ind2=" ">
        <subfield code="a">URBAN AREAS</subfield>
        <subfield code="0">(DHLAUTH)271447</subfield>
    </datafield>
    <datafield tag="650" ind1=" " ind2=" ">
        <subfield code="a">CULTURAL VALUES</subfield>
        <subfield code="0">(DHLAUTH)274722</subfield>
    </datafield>
    <datafield tag="650" ind1=" " ind2=" ">
        <subfield code="a">SOCIAL VALUES</subfield>
        <subfield code="0">(DHLAUTH)274653</subfield>
    </datafield>
    <datafield tag="650" ind1=" " ind2=" ">
        <subfield code="a">BEDOUINS</subfield>
        <subfield code="0">(DHLAUTH)273098</subfield>
    </datafield>
</record>
<record>
    <datafield tag="191" ind1=" " ind2=" ">
        <subfield code="a">E/ESCWA/ID/1997/5</subfield>
    </datafield>
    <datafield tag="191" ind1=" " ind2=" ">
        <subfield code="a">E/ESCWA/SD-WOM/1997/3</subfield>
    </datafield>
    <datafield tag="191" ind1=" " ind2=" ">
        <subfield code="a">E/ESCWA/AGR/1997/1</subfield>
    </datafield>
    <datafield tag="246" ind1=" " ind2=" ">
        <subfield code="a">تقييم دور المنظمات غير الحكومية في الاراضي المحتلة وفرص التشابك فيما بينها في اطار السلطة الفلسطينية: الجزء الاول: عام</subfield>
    </datafield>
    <datafield tag="269" ind1=" " ind2=" ">
        <subfield code="a">19970903</subfield>
    </datafield>
    <datafield tag="650" ind1=" " ind2=" ">
        <subfield code="a">NON-GOVERNMENTAL ORGANIZATIONS</subfield>
        <subfield code="0">(DHLAUTH)268665</subfield>
    </datafield>
    <datafield tag="650" ind1=" " ind2=" ">
        <subfield code="a">ACTIVITIES</subfield>
        <subfield code="0">(DHLAUTH)275823</subfield>
    </datafield>
    <datafield tag="650" ind1=" " ind2=" ">
        <subfield code="a">DEVELOPMENT</subfield>
        <subfield code="0">(DHLAUTH)269844</subfield>
    </datafield>
    <datafield tag="650" ind1=" " ind2=" ">
        <subfield code="a">SMALL ENTERPRISES</subfield>
        <subfield code="0">(DHLAUTH)269624</subfield>
    </datafield>
    <datafield tag="650" ind1=" " ind2=" ">
        <subfield code="a">AGRICULTURAL PRODUCTS</subfield>
        <subfield code="0">(DHLAUTH)270579</subfield>
    </datafield>
    <datafield tag="650" ind1=" " ind2=" ">
        <subfield code="a">AGRICULTURE</subfield>
        <subfield code="0">(DHLAUTH)271335</subfield>
    </datafield>
    <datafield tag="650" ind1=" " ind2=" ">
        <subfield code="a">AGRICULTURAL PRODUCT MARKETING</subfield>
        <subfield code="0">(DHLAUTH)271308</subfield>
    </datafield>
    <datafield tag="650" ind1=" " ind2=" ">
        <subfield code="a">PALESTINE</subfield>
        <subfield code="0">(DHLAUTH)277398</subfield>
    </datafield>
    <datafield tag="650" ind1=" " ind2=" ">
        <subfield code="a">WESTERN ASIA</subfield>
        <subfield code="0">(DHLAUTH)275490</subfield>
    </datafield>
</record>
<record>
    <datafield tag="191" ind1=" " ind2=" ">
        <subfield code="a">E/ESCWA/SD-WOM/1997/4</subfield>
    </datafield>
    <datafield tag="246" ind1=" " ind2=" ">
        <subfield code="a">تقييم دور المنظمات غير الحكومية في الاراضي المحتلة وفرص التشابك فيما بينها في اطار السلطة الفلسطينية حالة المنظمات العاملة في مجالي الصحة والتعليم الجزء الرابع</subfield>
    </datafield>
    <datafield tag="269" ind1=" " ind2=" ">
        <subfield code="a">19970903</subfield>
    </datafield>
    <datafield tag="650" ind1=" " ind2=" ">
        <subfield code="a">NON-GOVERNMENTAL ORGANIZATIONS</subfield>
        <subfield code="0">(DHLAUTH)268665</subfield>
    </datafield>
    <datafield tag="650" ind1=" " ind2=" ">
        <subfield code="a">CHILD HEALTH</subfield>
        <subfield code="0">(DHLAUTH)272960</subfield>
    </datafield>
    <datafield tag="650" ind1=" " ind2=" ">
        <subfield code="a">HEALTH SERVICES</subfield>
        <subfield code="0">(DHLAUTH)273200</subfield>
    </datafield>
    <datafield tag="650" ind1=" " ind2=" ">
        <subfield code="a">ILLITERACY</subfield>
        <subfield code="0">(DHLAUTH)274058</subfield>
    </datafield>
    <datafield tag="650" ind1=" " ind2=" ">
        <subfield code="a">EDUCATION</subfield>
        <subfield code="0">(DHLAUTH)268926</subfield>
    </datafield>
    <datafield tag="650" ind1=" " ind2=" ">
        <subfield code="a">SOCIAL DEVELOPMENT</subfield>
        <subfield code="0">(DHLAUTH)269873</subfield>
    </datafield>
    <datafield tag="650" ind1=" " ind2=" ">
        <subfield code="a">EVALUATION</subfield>
        <subfield code="0">(DHLAUTH)269588</subfield>
    </datafield>
    <datafield tag="650" ind1=" " ind2=" ">
        <subfield code="a">CONFERENCES</subfield>
        <subfield code="0">(DHLAUTH)275758</subfield>
    </datafield>
    <datafield tag="650" ind1=" " ind2=" ">
        <subfield code="a">CASE STUDIES</subfield>
        <subfield code="0">(DHLAUTH)274639</subfield>
    </datafield>
    <datafield tag="650" ind1=" " ind2=" ">
        <subfield code="a">WESTERN ASIA</subfield>
        <subfield code="0">(DHLAUTH)275490</subfield>
    </datafield>
    <datafield tag="650" ind1=" " ind2=" ">
        <subfield code="a">PUBLIC-PRIVATE PARTNERSHIPS</subfield>
        <subfield code="0">(DHLAUTH)577424</subfield>
    </datafield>
    <datafield tag="650" ind1=" " ind2=" ">
        <subfield code="a">COOPERATION BETWEEN ORGANIZATIONS</subfield>
        <subfield code="0">(DHLAUTH)268652</subfield>
    </datafield>
    <datafield tag="650" ind1=" " ind2=" ">
        <subfield code="a">EDUCATIONAL INSTITUTIONS</subfield>
        <subfield code="0">(DHLAUTH)274008</subfield>
    </datafield>
    <datafield tag="650" ind1=" " ind2=" ">
        <subfield code="a">PUBLIC INSTITUTIONS</subfield>
        <subfield code="0">(DHLAUTH)269948</subfield>
    </datafield>
    <datafield tag="650" ind1=" " ind2=" ">
        <subfield code="a">TERRITORIES OCCUPIED BY ISRAEL</subfield>
        <subfield code="0">(DHLAUTH)268687</subfield>
    </datafield>
</record>
<record>
    <datafield tag="191" ind1=" " ind2=" ">
        <subfield code="a">E/ESCWA/SD-WOM/1998/1</subfield>
    </datafield>
    <datafield tag="245" ind1=" " ind2=" ">
        <subfield code="a">FINAL REPORT AND RECOMMENDATIONS THE SECOND ARAB MEETING FOR FOLLOW-UP TO BEIJING CONFERENCE BEIRUT, 12-15 DECEMBER 1998</subfield>
    </datafield>
    <datafield tag="269" ind1=" " ind2=" ">
        <subfield code="a">19981224</subfield>
    </datafield>
    <datafield tag="650" ind1=" " ind2=" ">
        <subfield code="a">WORK ORGANIZATION</subfield>
        <subfield code="0">(DHLAUTH)275746</subfield>
    </datafield>
    <datafield tag="650" ind1=" " ind2=" ">
        <subfield code="a">CONFERENCES</subfield>
        <subfield code="0">(DHLAUTH)275758</subfield>
    </datafield>
    <datafield tag="650" ind1=" " ind2=" ">
        <subfield code="a">RECOMMENDATIONS</subfield>
        <subfield code="0">(DHLAUTH)275840</subfield>
    </datafield>
</record>
<record>
    <datafield tag="191" ind1=" " ind2=" ">
        <subfield code="a">E/ESCWA/SD-WOM/1999/4/ADD.1</subfield>
    </datafield>
    <datafield tag="246" ind1=" " ind2=" ">
        <subfield code="a">دور المنظمات غير الحكومية في المتابعة المتكاملة للمؤتمرات العالمية: تقييم ورؤية مستقبلية</subfield>
    </datafield>
    <datafield tag="269" ind1=" " ind2=" ">
        <subfield code="a">19991221</subfield>
    </datafield>
    <datafield tag="650" ind1=" " ind2=" ">
        <subfield code="a">CIVIL SOCIETY</subfield>
        <subfield code="0">(DHLAUTH)479996</subfield>
    </datafield>
    <datafield tag="650" ind1=" " ind2=" ">
        <subfield code="a">NON-GOVERNMENTAL ORGANIZATIONS</subfield>
        <subfield code="0">(DHLAUTH)268665</subfield>
    </datafield>
    <datafield tag="650" ind1=" " ind2=" ">
        <subfield code="a">WESTERN ASIA</subfield>
        <subfield code="0">(DHLAUTH)275490</subfield>
    </datafield>
</record>
<record>
    <datafield tag="191" ind1=" " ind2=" ">
        <subfield code="a">E/ESCWA/SD-WOM/2000/1</subfield>
    </datafield>
    <datafield tag="246" ind1=" " ind2=" ">
        <subfield code="a">النوع الإجتماعي والمواطنة ودور المنظمات غير الحكومية في بلدان الإسكوا المتأثرة بالنزاعات: دراسة حالة لبنان</subfield>
    </datafield>
    <datafield tag="269" ind1=" " ind2=" ">
        <subfield code="a">20001221</subfield>
    </datafield>
    <datafield tag="650" ind1=" " ind2=" ">
        <subfield code="a">GENDER</subfield>
        <subfield code="0">(DHLAUTH)444326</subfield>
    </datafield>
    <datafield tag="650" ind1=" " ind2=" ">
        <subfield code="a">CIVIL SOCIETY</subfield>
        <subfield code="0">(DHLAUTH)479996</subfield>
    </datafield>
    <datafield tag="650" ind1=" " ind2=" ">
        <subfield code="a">ARMED CONFLICTS</subfield>
        <subfield code="0">(DHLAUTH)268752</subfield>
    </datafield>
    <datafield tag="650" ind1=" " ind2=" ">
        <subfield code="a">WOMEN</subfield>
        <subfield code="0">(DHLAUTH)273032</subfield>
    </datafield>
    <datafield tag="650" ind1=" " ind2=" ">
        <subfield code="a">LEBANON</subfield>
        <subfield code="0">(DHLAUTH)269069</subfield>
    </datafield>
    <datafield tag="650" ind1=" " ind2=" ">
        <subfield code="a">WESTERN ASIA</subfield>
        <subfield code="0">(DHLAUTH)275490</subfield>
    </datafield>
</record>
<record>
    <datafield tag="191" ind1=" " ind2=" ">
        <subfield code="a">E/ESCWA/SD-WOM/2001/3(A)</subfield>
    </datafield>
    <datafield tag="246" ind1=" " ind2=" ">
        <subfield code="a">النوع الإجتماعي والمواطنة ودور المنظمات غير الحكومية في بلدان الإسكوا المتأثرة بالنزاعات: دراسة حالة اليمن</subfield>
    </datafield>
    <datafield tag="269" ind1=" " ind2=" ">
        <subfield code="a">20011002</subfield>
    </datafield>
    <datafield tag="650" ind1=" " ind2=" ">
        <subfield code="a">GENDER</subfield>
        <subfield code="0">(DHLAUTH)444326</subfield>
    </datafield>
    <datafield tag="650" ind1=" " ind2=" ">
        <subfield code="a">NATIONALITY</subfield>
        <subfield code="0">(DHLAUTH)268222</subfield>
    </datafield>
    <datafield tag="650" ind1=" " ind2=" ">
        <subfield code="a">DEMOCRACY</subfield>
        <subfield code="0">(DHLAUTH)268333</subfield>
    </datafield>
    <datafield tag="650" ind1=" " ind2=" ">
        <subfield code="a">HUMAN DEVELOPMENT</subfield>
        <subfield code="0">(DHLAUTH)276688</subfield>
    </datafield>
    <datafield tag="650" ind1=" " ind2=" ">
        <subfield code="a">ARMED CONFLICTS</subfield>
        <subfield code="0">(DHLAUTH)268752</subfield>
    </datafield>
    <datafield tag="650" ind1=" " ind2=" ">
        <subfield code="a">CIVIL SOCIETY</subfield>
        <subfield code="0">(DHLAUTH)479996</subfield>
    </datafield>
    <datafield tag="650" ind1=" " ind2=" ">
        <subfield code="a">WOMEN</subfield>
        <subfield code="0">(DHLAUTH)273032</subfield>
    </datafield>
    <datafield tag="650" ind1=" " ind2=" ">
        <subfield code="a">ACTIVITIES</subfield>
        <subfield code="0">(DHLAUTH)275823</subfield>
    </datafield>
    <datafield tag="650" ind1=" " ind2=" ">
        <subfield code="a">QUESTIONNAIRES</subfield>
        <subfield code="0">(DHLAUTH)272018</subfield>
    </datafield>
    <datafield tag="650" ind1=" " ind2=" ">
        <subfield code="a">YEMEN</subfield>
        <subfield code="0">(DHLAUTH)273521</subfield>
    </datafield>
</record>
<record>
    <datafield tag="191" ind1=" " ind2=" ">
        <subfield code="a">E/ESCWA/SD-WOM/2001/4(A)</subfield>
    </datafield>
    <datafield tag="245" ind1=" " ind2=" ">
        <subfield code="a">PARTNERSHIP IN THE ARAB FAMILY.</subfield>
    </datafield>
    <datafield tag="269" ind1=" " ind2=" ">
        <subfield code="a">20011121</subfield>
    </datafield>
</record>
<record>
    <datafield tag="191" ind1=" " ind2=" ">
        <subfield code="a">E/ESCWA/SDD/2003/18</subfield>
    </datafield>
    <datafield tag="246" ind1=" " ind2=" ">
        <subfield code="a">السياسات الاسكانية والتحضر : ملامح قطرية-دولة الكويت</subfield>
    </datafield>
    <datafield tag="269" ind1=" " ind2=" ">
        <subfield code="a">20030918</subfield>
    </datafield>
    <datafield tag="650" ind1=" " ind2=" ">
        <subfield code="a">ORGANIZATIONAL STRUCTURE</subfield>
        <subfield code="0">(DHLAUTH)272030</subfield>
    </datafield>
    <datafield tag="650" ind1=" " ind2=" ">
        <subfield code="a">HOUSING</subfield>
        <subfield code="0">(DHLAUTH)272289</subfield>
    </datafield>
    <datafield tag="650" ind1=" " ind2=" ">
        <subfield code="a">POPULATION DISTRIBUTION</subfield>
        <subfield code="0">(DHLAUTH)272996</subfield>
    </datafield>
    <datafield tag="650" ind1=" " ind2=" ">
        <subfield code="a">URBANIZATION</subfield>
        <subfield code="0">(DHLAUTH)273116</subfield>
    </datafield>
    <datafield tag="650" ind1=" " ind2=" ">
        <subfield code="a">EMPLOYMENT</subfield>
        <subfield code="0">(DHLAUTH)269797</subfield>
    </datafield>
    <datafield tag="650" ind1=" " ind2=" ">
        <subfield code="a">HOUSING POLICY</subfield>
        <subfield code="0">(DHLAUTH)273618</subfield>
    </datafield>
    <datafield tag="650" ind1=" " ind2=" ">
        <subfield code="a">URBAN DEVELOPMENT</subfield>
        <subfield code="0">(DHLAUTH)269970</subfield>
    </datafield>
    <datafield tag="650" ind1=" " ind2=" ">
        <subfield code="a">SOCIAL SERVICES</subfield>
        <subfield code="0">(DHLAUTH)269370</subfield>
    </datafield>
    <datafield tag="650" ind1=" " ind2=" ">
        <subfield code="a">LAWS AND REGULATIONS</subfield>
        <subfield code="0">(DHLAUTH)268352</subfield>
    </datafield>
    <datafield tag="650" ind1=" " ind2=" ">
        <subfield code="a">HOUSING LEGISLATION</subfield>
        <subfield code="0">(DHLAUTH)273593</subfield>
    </datafield>
    <datafield tag="650" ind1=" " ind2=" ">
        <subfield code="a">KUWAIT</subfield>
        <subfield code="0">(DHLAUTH)273384</subfield>
    </datafield>
    <datafield tag="650" ind1=" " ind2=" ">
        <subfield code="a">STATISTICAL DATA</subfield>
        <subfield code="0">(DHLAUTH)270233</subfield>
    </datafield>
    <datafield tag="650" ind1=" " ind2=" ">
        <subfield code="a">DEMOGRAPHIC STATISTICS</subfield>
        <subfield code="0">(DHLAUTH)270229</subfield>
    </datafield>
    <datafield tag="650" ind1=" " ind2=" ">
        <subfield code="a">ABACA</subfield>
        <subfield code="0">(DHLAUTH)271457</subfield>
    </datafield>
</record>
<record>
    <datafield tag="191" ind1=" " ind2=" ">
        <subfield code="a">E/ESCWA/SDD/2003/2</subfield>
    </datafield>
    <datafield tag="245" ind1=" " ind2=" ">
        <subfield code="a">SUCCESS STORY IN THE GLOBAL URBAN OBSERVATORY PROGRAM: LEBANON COUNTRY EXPERIENCE 1999-2001</subfield>
    </datafield>
    <datafield tag="269" ind1=" " ind2=" ">
        <subfield code="a">20030220</subfield>
    </datafield>
    <datafield tag="650" ind1=" " ind2=" ">
        <subfield code="a">HUMAN SETTLEMENTS</subfield>
        <subfield code="0">(DHLAUTH)273542</subfield>
    </datafield>
    <datafield tag="650" ind1=" " ind2=" ">
        <subfield code="a">URBAN DEVELOPMENT</subfield>
        <subfield code="0">(DHLAUTH)269970</subfield>
    </datafield>
    <datafield tag="650" ind1=" " ind2=" ">
        <subfield code="a">URBAN PLANNING</subfield>
        <subfield code="0">(DHLAUTH)268420</subfield>
    </datafield>
    <datafield tag="650" ind1=" " ind2=" ">
        <subfield code="a">MUNICIPAL SERVICES</subfield>
        <subfield code="0">(DHLAUTH)270024</subfield>
    </datafield>
    <datafield tag="650" ind1=" " ind2=" ">
        <subfield code="a">STATISTICAL DATA</subfield>
        <subfield code="0">(DHLAUTH)270233</subfield>
    </datafield>
    <datafield tag="650" ind1=" " ind2=" ">
        <subfield code="a">LEBANON</subfield>
        <subfield code="0">(DHLAUTH)269069</subfield>
    </datafield>
    <datafield tag="650" ind1=" " ind2=" ">
        <subfield code="a">WESTERN ASIA</subfield>
        <subfield code="0">(DHLAUTH)275490</subfield>
    </datafield>
</record>
<record>
    <datafield tag="191" ind1=" " ind2=" ">
        <subfield code="a">E/ESCWA/SDD/2003/28</subfield>
    </datafield>
    <datafield tag="245" ind1=" " ind2=" ">
        <subfield code="a">ARAB WOMEN: TRENDS AND STATISTICS, 1990-2000</subfield>
    </datafield>
    <datafield tag="246" ind1=" " ind2=" ">
        <subfield code="a">LA FEMME ARABE: ORIENTATIONS ET STATISTIQUES 1990-2000</subfield>
    </datafield>
    <datafield tag="246" ind1=" " ind2=" ">
        <subfield code="a">المرأة العربية: إتجاهات وإحصاءات 1990-2000</subfield>
    </datafield>
    <datafield tag="269" ind1=" " ind2=" ">
        <subfield code="a">20041201</subfield>
    </datafield>
    <datafield tag="650" ind1=" " ind2=" ">
        <subfield code="a">WOMEN</subfield>
        <subfield code="0">(DHLAUTH)273032</subfield>
    </datafield>
    <datafield tag="650" ind1=" " ind2=" ">
        <subfield code="a">ARAB COUNTRIES</subfield>
        <subfield code="0">(DHLAUTH)268705</subfield>
    </datafield>
    <datafield tag="650" ind1=" " ind2=" ">
        <subfield code="a">POPULATION DYNAMICS</subfield>
        <subfield code="0">(DHLAUTH)273107</subfield>
    </datafield>
    <datafield tag="650" ind1=" " ind2=" ">
        <subfield code="a">SOCIO-ECONOMIC INDICATORS</subfield>
        <subfield code="0">(DHLAUTH)269759</subfield>
    </datafield>
    <datafield tag="650" ind1=" " ind2=" ">
        <subfield code="a">GENDER STATISTICS</subfield>
        <subfield code="0">(DHLAUTH)276683</subfield>
    </datafield>
    <datafield tag="650" ind1=" " ind2=" ">
        <subfield code="a">FERTILITY RATE</subfield>
        <subfield code="0">(DHLAUTH)272942</subfield>
    </datafield>
    <datafield tag="650" ind1=" " ind2=" ">
        <subfield code="a">MORTALITY STATISTICS</subfield>
        <subfield code="0">(DHLAUTH)273088</subfield>
    </datafield>
    <datafield tag="650" ind1=" " ind2=" ">
        <subfield code="a">EDUCATIONAL STATISTICS</subfield>
        <subfield code="0">(DHLAUTH)274050</subfield>
    </datafield>
    <datafield tag="650" ind1=" " ind2=" ">
        <subfield code="a">LITERACY</subfield>
        <subfield code="0">(DHLAUTH)274060</subfield>
    </datafield>
    <datafield tag="650" ind1=" " ind2=" ">
        <subfield code="a">WOMEN'S EMPLOYMENT</subfield>
        <subfield code="0">(DHLAUTH)273159</subfield>
    </datafield>
    <datafield tag="650" ind1=" " ind2=" ">
        <subfield code="a">WAGES</subfield>
        <subfield code="0">(DHLAUTH)269809</subfield>
    </datafield>
    <datafield tag="650" ind1=" " ind2=" ">
        <subfield code="a">WOMEN'S RIGHTS</subfield>
        <subfield code="0">(DHLAUTH)273161</subfield>
    </datafield>
    <datafield tag="650" ind1=" " ind2=" ">
        <subfield code="a">POLITICAL PARTICIPATION</subfield>
        <subfield code="0">(DHLAUTH)268475</subfield>
    </datafield>
    <datafield tag="650" ind1=" " ind2=" ">
        <subfield code="a">WESTERN ASIA</subfield>
        <subfield code="0">(DHLAUTH)275490</subfield>
    </datafield>
</record>
<record>
    <datafield tag="191" ind1=" " ind2=" ">
        <subfield code="a">E/ESCWA/SDD/2004/BOOKLET.1</subfield>
    </datafield>
    <datafield tag="245" ind1=" " ind2=" ">
        <subfield code="a">WHERE DO ARAB WOMEN STAND IN THE DEVELOPMENT PROCESS? A GENDER-BASED STATISTICAL ANALYSIS</subfield>
    </datafield>
    <datafield tag="246" ind1=" " ind2=" ">
        <subfield code="a">QUELLE PLACE OCUPE LE FEMME ARABE AU SEIN DU PROCESSUS DE DEVELOPPEMENT? : ANALYSE STATISTIQUE SUR LA BASE DU GNERE SOCIAL</subfield>
    </datafield>
    <datafield tag="246" ind1=" " ind2=" ">
        <subfield code="a">موقع المرأة العربية في عملية التنمية : تحليل احصائي على اساس النوع الاجتماعي</subfield>
    </datafield>
    <datafield tag="269" ind1=" " ind2=" ">
        <subfield code="a">20040112</subfield>
    </datafield>
    <datafield tag="650" ind1=" " ind2=" ">
        <subfield code="a">WOMEN</subfield>
        <subfield code="0">(DHLAUTH)273032</subfield>
    </datafield>
    <datafield tag="650" ind1=" " ind2=" ">
        <subfield code="a">ARAB COUNTRIES</subfield>
        <subfield code="0">(DHLAUTH)268705</subfield>
    </datafield>
    <datafield tag="650" ind1=" " ind2=" ">
        <subfield code="a">GENDER STATISTICS</subfield>
        <subfield code="0">(DHLAUTH)276683</subfield>
    </datafield>
    <datafield tag="650" ind1=" " ind2=" ">
        <subfield code="a">POPULATION</subfield>
        <subfield code="0">(DHLAUTH)272994</subfield>
    </datafield>
    <datafield tag="650" ind1=" " ind2=" ">
        <subfield code="a">EDUCATION</subfield>
        <subfield code="0">(DHLAUTH)268926</subfield>
    </datafield>
    <datafield tag="650" ind1=" " ind2=" ">
        <subfield code="a">ECONOMIC ASPECTS</subfield>
        <subfield code="0">(DHLAUTH)269753</subfield>
    </datafield>
    <datafield tag="650" ind1=" " ind2=" ">
        <subfield code="a">POLITICAL PARTICIPATION</subfield>
        <subfield code="0">(DHLAUTH)268475</subfield>
    </datafield>
    <datafield tag="650" ind1=" " ind2=" ">
        <subfield code="a">GENDER EQUALITY</subfield>
        <subfield code="0">(DHLAUTH)441178</subfield>
    </datafield>
    <datafield tag="650" ind1=" " ind2=" ">
        <subfield code="a">WESTERN ASIA</subfield>
        <subfield code="0">(DHLAUTH)275490</subfield>
    </datafield>
</record>
<record>
    <datafield tag="191" ind1=" " ind2=" ">
        <subfield code="a">E/ESCWA/SDD/2005/3</subfield>
    </datafield>
    <datafield tag="246" ind1=" " ind2=" ">
        <subfield code="a">بناء قدرات العاملين في مراكز الخدمات الانمائية في لبنان</subfield>
    </datafield>
    <datafield tag="269" ind1=" " ind2=" ">
        <subfield code="a">20050621</subfield>
    </datafield>
    <datafield tag="650" ind1=" " ind2=" ">
        <subfield code="a">EXERCISE</subfield>
        <subfield code="0">(DHLAUTH)273710</subfield>
    </datafield>
    <datafield tag="650" ind1=" " ind2=" ">
        <subfield code="a">VOCATIONAL TRAINING</subfield>
        <subfield code="0">(DHLAUTH)271390</subfield>
    </datafield>
    <datafield tag="650" ind1=" " ind2=" ">
        <subfield code="a">TRAINING PROGRAMMES</subfield>
        <subfield code="0">(DHLAUTH)274026</subfield>
    </datafield>
    <datafield tag="650" ind1=" " ind2=" ">
        <subfield code="a">CAPACITY BUILDING</subfield>
        <subfield code="0">(DHLAUTH)276636</subfield>
    </datafield>
    <datafield tag="650" ind1=" " ind2=" ">
        <subfield code="a">POVERTY MITIGATION</subfield>
        <subfield code="0">(DHLAUTH)274700</subfield>
    </datafield>
    <datafield tag="650" ind1=" " ind2=" ">
        <subfield code="a">SOCIAL SERVICES</subfield>
        <subfield code="0">(DHLAUTH)269370</subfield>
    </datafield>
    <datafield tag="650" ind1=" " ind2=" ">
        <subfield code="a">GEOGRAPHICAL DISTRIBUTION</subfield>
        <subfield code="0">(DHLAUTH)275774</subfield>
    </datafield>
    <datafield tag="650" ind1=" " ind2=" ">
        <subfield code="a">LEBANON</subfield>
        <subfield code="0">(DHLAUTH)269069</subfield>
    </datafield>
    <datafield tag="650" ind1=" " ind2=" ">
        <subfield code="a">ESTABLISHMENT</subfield>
        <subfield code="0">(DHLAUTH)275765</subfield>
    </datafield>
    <datafield tag="650" ind1=" " ind2=" ">
        <subfield code="a">CENTRES</subfield>
        <subfield code="0">(DHLAUTH)271923</subfield>
    </datafield>
</record>
<record>
    <datafield tag="191" ind1=" " ind2=" ">
        <subfield code="a">E/ESCWA/SDD/2005/BOOKLET.1</subfield>
    </datafield>
    <datafield tag="246" ind1=" " ind2=" ">
        <subfield code="a">ملف السياسات السكانية: سياسات ومؤشرات الصحة الانجابية في البلدان العربية</subfield>
    </datafield>
    <datafield tag="269" ind1=" " ind2=" ">
        <subfield code="a">20050501</subfield>
    </datafield>
    <datafield tag="650" ind1=" " ind2=" ">
        <subfield code="a">POPULATION POLICY</subfield>
        <subfield code="0">(DHLAUTH)269905</subfield>
    </datafield>
    <datafield tag="650" ind1=" " ind2=" ">
        <subfield code="a">HEALTH INDICATORS</subfield>
        <subfield code="0">(DHLAUTH)269757</subfield>
    </datafield>
    <datafield tag="650" ind1=" " ind2=" ">
        <subfield code="a">FERTILITY</subfield>
        <subfield code="0">(DHLAUTH)273021</subfield>
    </datafield>
    <datafield tag="650" ind1=" " ind2=" ">
        <subfield code="a">FAMILY PLANNING</subfield>
        <subfield code="0">(DHLAUTH)273053</subfield>
    </datafield>
    <datafield tag="650" ind1=" " ind2=" ">
        <subfield code="a">MATERNAL MORTALITY</subfield>
        <subfield code="0">(DHLAUTH)273085</subfield>
    </datafield>
</record>
<record>
    <datafield tag="191" ind1=" " ind2=" ">
        <subfield code="a">E/ESCWA/SDD/2005/TECHNICAL PAPER.1</subfield>
    </datafield>
    <datafield tag="246" ind1=" " ind2=" ">
        <subfield code="a">السياسات الإسكانية والتحضر: ملامح قطرية جمهورية مصر العربية</subfield>
    </datafield>
    <datafield tag="269" ind1=" " ind2=" ">
        <subfield code="a">20051018</subfield>
    </datafield>
    <datafield tag="650" ind1=" " ind2=" ">
        <subfield code="a">HOUSING POLICY</subfield>
        <subfield code="0">(DHLAUTH)273618</subfield>
    </datafield>
    <datafield tag="650" ind1=" " ind2=" ">
        <subfield code="a">POPULATION DISTRIBUTION</subfield>
        <subfield code="0">(DHLAUTH)272996</subfield>
    </datafield>
    <datafield tag="650" ind1=" " ind2=" ">
        <subfield code="a">URBAN POPULATION</subfield>
        <subfield code="0">(DHLAUTH)273104</subfield>
    </datafield>
    <datafield tag="650" ind1=" " ind2=" ">
        <subfield code="a">RURAL POPULATION</subfield>
        <subfield code="0">(DHLAUTH)271438</subfield>
    </datafield>
    <datafield tag="650" ind1=" " ind2=" ">
        <subfield code="a">POPULATION GROWTH</subfield>
        <subfield code="0">(DHLAUTH)272944</subfield>
    </datafield>
    <datafield tag="650" ind1=" " ind2=" ">
        <subfield code="a">MIGRATION</subfield>
        <subfield code="0">(DHLAUTH)273027</subfield>
    </datafield>
    <datafield tag="650" ind1=" " ind2=" ">
        <subfield code="a">POVERTY</subfield>
        <subfield code="0">(DHLAUTH)270079</subfield>
    </datafield>
    <datafield tag="650" ind1=" " ind2=" ">
        <subfield code="a">ORGANIZATIONAL STRUCTURE</subfield>
        <subfield code="0">(DHLAUTH)272030</subfield>
    </datafield>
    <datafield tag="650" ind1=" " ind2=" ">
        <subfield code="a">WESTERN ASIA</subfield>
        <subfield code="0">(DHLAUTH)275490</subfield>
    </datafield>
    <datafield tag="650" ind1=" " ind2=" ">
        <subfield code="a">EMPLOYMENT</subfield>
        <subfield code="0">(DHLAUTH)269797</subfield>
    </datafield>
    <datafield tag="650" ind1=" " ind2=" ">
        <subfield code="a">HEALTH SERVICES</subfield>
        <subfield code="0">(DHLAUTH)273200</subfield>
    </datafield>
    <datafield tag="650" ind1=" " ind2=" ">
        <subfield code="a">SOCIAL SERVICES</subfield>
        <subfield code="0">(DHLAUTH)269370</subfield>
    </datafield>
    <datafield tag="650" ind1=" " ind2=" ">
        <subfield code="a">URBAN PLANNING</subfield>
        <subfield code="0">(DHLAUTH)268420</subfield>
    </datafield>
    <datafield tag="650" ind1=" " ind2=" ">
        <subfield code="a">LAND ADMINISTRATION</subfield>
        <subfield code="0">(DHLAUTH)469485</subfield>
    </datafield>
    <datafield tag="650" ind1=" " ind2=" ">
        <subfield code="a">EGYPT</subfield>
        <subfield code="0">(DHLAUTH)273328</subfield>
    </datafield>
    <datafield tag="650" ind1=" " ind2=" ">
        <subfield code="a">REGIONAL PLANNING</subfield>
        <subfield code="0">(DHLAUTH)269895</subfield>
    </datafield>
    <datafield tag="650" ind1=" " ind2=" ">
        <subfield code="a">HOUSING FINANCE</subfield>
        <subfield code="0">(DHLAUTH)273599</subfield>
    </datafield>
    <datafield tag="650" ind1=" " ind2=" ">
        <subfield code="a">INFORMAL SETTLEMENTS</subfield>
        <subfield code="0">(DHLAUTH)271837</subfield>
    </datafield>
    <datafield tag="650" ind1=" " ind2=" ">
        <subfield code="a">SUPPORT SERVICES</subfield>
        <subfield code="0">(DHLAUTH)657759</subfield>
    </datafield>
    <datafield tag="650" ind1=" " ind2=" ">
        <subfield code="a">LAND ACQUISITION</subfield>
        <subfield code="0">(DHLAUTH)270944</subfield>
    </datafield>
    <datafield tag="650" ind1=" " ind2=" ">
        <subfield code="a">LAWS AND REGULATIONS</subfield>
        <subfield code="0">(DHLAUTH)268352</subfield>
    </datafield>
</record>
<record>
    <datafield tag="191" ind1=" " ind2=" ">
        <subfield code="a">E/ESCWA/SDD/2006/WP.1</subfield>
    </datafield>
    <datafield tag="246" ind1=" " ind2=" ">
        <subfield code="a">مشروع بناء قردات الموارد البشرية : 5. دليل المدرب لورشة تأهيل العاملين في تنمية المجتمع المحلي : كيفية تنظيم ورشة عمل في تنمية المجتمع المحلي</subfield>
    </datafield>
    <datafield tag="269" ind1=" " ind2=" ">
        <subfield code="a">20060529</subfield>
    </datafield>
    <datafield tag="650" ind1=" " ind2=" ">
        <subfield code="a">HUMAN RESOURCES</subfield>
        <subfield code="0">(DHLAUTH)270571</subfield>
    </datafield>
    <datafield tag="650" ind1=" " ind2=" ">
        <subfield code="a">CAPACITY BUILDING</subfield>
        <subfield code="0">(DHLAUTH)276636</subfield>
    </datafield>
    <datafield tag="650" ind1=" " ind2=" ">
        <subfield code="a">COMMUNITY DEVELOPMENT</subfield>
        <subfield code="0">(DHLAUTH)269977</subfield>
    </datafield>
    <datafield tag="650" ind1=" " ind2=" ">
        <subfield code="a">MANUALS</subfield>
        <subfield code="0">(DHLAUTH)274980</subfield>
    </datafield>
    <datafield tag="650" ind1=" " ind2=" ">
        <subfield code="a">REHABILITATION PROJECTS</subfield>
        <subfield code="0">(DHLAUTH)269923</subfield>
    </datafield>
</record>
<record>
    <datafield tag="191" ind1=" " ind2=" ">
        <subfield code="a">E/ESCWA/SDD/2007/3</subfield>
    </datafield>
    <datafield tag="246" ind1=" " ind2=" ">
        <subfield code="a">تقرير اجتماع فريق الخبراء حول مناقشة إطار اقليمي يساعد على ادماج التحولات الديمغرافية في خطط وبرامج التنمية عمان, 3-4 نيسان ابريل 2007</subfield>
    </datafield>
    <datafield tag="269" ind1=" " ind2=" ">
        <subfield code="a">20070615</subfield>
    </datafield>
    <datafield tag="650" ind1=" " ind2=" ">
        <subfield code="a">POPULATION TRANSFERS</subfield>
        <subfield code="0">(DHLAUTH)273030</subfield>
    </datafield>
    <datafield tag="650" ind1=" " ind2=" ">
        <subfield code="a">SOCIAL PLANNING</subfield>
        <subfield code="0">(DHLAUTH)269898</subfield>
    </datafield>
    <datafield tag="650" ind1=" " ind2=" ">
        <subfield code="a">ECONOMIC PLANNING</subfield>
        <subfield code="0">(DHLAUTH)269834</subfield>
    </datafield>
    <datafield tag="650" ind1=" " ind2=" ">
        <subfield code="a">POPULATION PROJECTIONS</subfield>
        <subfield code="0">(DHLAUTH)272997</subfield>
    </datafield>
    <datafield tag="650" ind1=" " ind2=" ">
        <subfield code="a">DEVELOPMENT</subfield>
        <subfield code="0">(DHLAUTH)269844</subfield>
    </datafield>
    <datafield tag="650" ind1=" " ind2=" ">
        <subfield code="a">WESTERN ASIA</subfield>
        <subfield code="0">(DHLAUTH)275490</subfield>
    </datafield>
    <datafield tag="650" ind1=" " ind2=" ">
        <subfield code="a">CONFERENCES</subfield>
        <subfield code="0">(DHLAUTH)275758</subfield>
    </datafield>
    <datafield tag="650" ind1=" " ind2=" ">
        <subfield code="a">PARTICIPANTS</subfield>
        <subfield code="0">(DHLAUTH)275785</subfield>
    </datafield>
    <datafield tag="650" ind1=" " ind2=" ">
        <subfield code="a">WORK ORGANIZATION</subfield>
        <subfield code="0">(DHLAUTH)275746</subfield>
    </datafield>
</record>
<record>
    <datafield tag="191" ind1=" " ind2=" ">
        <subfield code="a">E/ESCWA/SDD/2007/BOOKLET.1/REV.1</subfield>
    </datafield>
    <datafield tag="245" ind1=" " ind2=" ">
        <subfield code="a">THE DEMOGRAPHIC PROFILE OF ARAB COUNTRIES AGEING OF RURAL POPULATIONS</subfield>
    </datafield>
    <datafield tag="246" ind1=" " ind2=" ">
        <subfield code="a">الملامح الديمغرافية للبلدان العربية شيخوخة السكان في المناطق الريفية</subfield>
    </datafield>
    <datafield tag="269" ind1=" " ind2=" ">
        <subfield code="a">20081001</subfield>
    </datafield>
    <datafield tag="650" ind1=" " ind2=" ">
        <subfield code="a">AGEING</subfield>
        <subfield code="0">(DHLAUTH)273056</subfield>
    </datafield>
    <datafield tag="650" ind1=" " ind2=" ">
        <subfield code="a">RURAL POPULATION</subfield>
        <subfield code="0">(DHLAUTH)271438</subfield>
    </datafield>
    <datafield tag="650" ind1=" " ind2=" ">
        <subfield code="a">ARAB COUNTRIES</subfield>
        <subfield code="0">(DHLAUTH)268705</subfield>
    </datafield>
    <datafield tag="650" ind1=" " ind2=" ">
        <subfield code="a">POPULATION SIZE</subfield>
        <subfield code="0">(DHLAUTH)272998</subfield>
    </datafield>
    <datafield tag="650" ind1=" " ind2=" ">
        <subfield code="a">POPULATION GROWTH</subfield>
        <subfield code="0">(DHLAUTH)272944</subfield>
    </datafield>
    <datafield tag="650" ind1=" " ind2=" ">
        <subfield code="a">STATISTICS</subfield>
        <subfield code="0">(DHLAUTH)269347</subfield>
    </datafield>
    <datafield tag="650" ind1=" " ind2=" ">
        <subfield code="a">FERTILITY</subfield>
        <subfield code="0">(DHLAUTH)273021</subfield>
    </datafield>
    <datafield tag="650" ind1=" " ind2=" ">
        <subfield code="a">MORTALITY</subfield>
        <subfield code="0">(DHLAUTH)272982</subfield>
    </datafield>
    <datafield tag="650" ind1=" " ind2=" ">
        <subfield code="a">INFANT MORTALITY</subfield>
        <subfield code="0">(DHLAUTH)273045</subfield>
    </datafield>
    <datafield tag="650" ind1=" " ind2=" ">
        <subfield code="a">LIFE EXPECTANCY</subfield>
        <subfield code="0">(DHLAUTH)272471</subfield>
    </datafield>
    <datafield tag="650" ind1=" " ind2=" ">
        <subfield code="a">URBAN POPULATION</subfield>
        <subfield code="0">(DHLAUTH)273104</subfield>
    </datafield>
    <datafield tag="650" ind1=" " ind2=" ">
        <subfield code="a">RURAL-URBAN MIGRATION</subfield>
        <subfield code="0">(DHLAUTH)273049</subfield>
    </datafield>
    <datafield tag="650" ind1=" " ind2=" ">
        <subfield code="a">ALGERIA</subfield>
        <subfield code="0">(DHLAUTH)273261</subfield>
    </datafield>
    <datafield tag="650" ind1=" " ind2=" ">
        <subfield code="a">BAHRAIN</subfield>
        <subfield code="0">(DHLAUTH)273274</subfield>
    </datafield>
    <datafield tag="650" ind1=" " ind2=" ">
        <subfield code="a">COMOROS</subfield>
        <subfield code="0">(DHLAUTH)273306</subfield>
    </datafield>
    <datafield tag="650" ind1=" " ind2=" ">
        <subfield code="a">DJIBOUTI</subfield>
        <subfield code="0">(DHLAUTH)273322</subfield>
    </datafield>
    <datafield tag="650" ind1=" " ind2=" ">
        <subfield code="a">EGYPT</subfield>
        <subfield code="0">(DHLAUTH)273328</subfield>
    </datafield>
    <datafield tag="650" ind1=" " ind2=" ">
        <subfield code="a">IRAQ</subfield>
        <subfield code="0">(DHLAUTH)273370</subfield>
    </datafield>
    <datafield tag="650" ind1=" " ind2=" ">
        <subfield code="a">JORDAN</subfield>
        <subfield code="0">(DHLAUTH)269099</subfield>
    </datafield>
    <datafield tag="650" ind1=" " ind2=" ">
        <subfield code="a">KUWAIT</subfield>
        <subfield code="0">(DHLAUTH)273384</subfield>
    </datafield>
    <datafield tag="650" ind1=" " ind2=" ">
        <subfield code="a">LEBANON</subfield>
        <subfield code="0">(DHLAUTH)269069</subfield>
    </datafield>
    <datafield tag="650" ind1=" " ind2=" ">
        <subfield code="a">LIBYA</subfield>
        <subfield code="0">(DHLAUTH)275499</subfield>
    </datafield>
    <datafield tag="650" ind1=" " ind2=" ">
        <subfield code="a">MAURITANIA</subfield>
        <subfield code="0">(DHLAUTH)273407</subfield>
    </datafield>
    <datafield tag="650" ind1=" " ind2=" ">
        <subfield code="a">MOROCCO</subfield>
        <subfield code="0">(DHLAUTH)273417</subfield>
    </datafield>
    <datafield tag="650" ind1=" " ind2=" ">
        <subfield code="a">OMAN</subfield>
        <subfield code="0">(DHLAUTH)273438</subfield>
    </datafield>
    <datafield tag="650" ind1=" " ind2=" ">
        <subfield code="a">PALESTINE</subfield>
        <subfield code="0">(DHLAUTH)277398</subfield>
    </datafield>
    <datafield tag="650" ind1=" " ind2=" ">
        <subfield code="a">QATAR</subfield>
        <subfield code="0">(DHLAUTH)275603</subfield>
    </datafield>
    <datafield tag="650" ind1=" " ind2=" ">
        <subfield code="a">SAUDI ARABIA</subfield>
        <subfield code="0">(DHLAUTH)273464</subfield>
    </datafield>
    <datafield tag="650" ind1=" " ind2=" ">
        <subfield code="a">SOMALIA</subfield>
        <subfield code="0">(DHLAUTH)273476</subfield>
    </datafield>
    <datafield tag="650" ind1=" " ind2=" ">
        <subfield code="a">SUDAN</subfield>
        <subfield code="0">(DHLAUTH)273486</subfield>
    </datafield>
    <datafield tag="650" ind1=" " ind2=" ">
        <subfield code="a">SYRIAN ARAB REPUBLIC</subfield>
        <subfield code="0">(DHLAUTH)273496</subfield>
    </datafield>
    <datafield tag="650" ind1=" " ind2=" ">
        <subfield code="a">TUNIS (TUNISIA)</subfield>
        <subfield code="0">(DHLAUTH)277604</subfield>
    </datafield>
    <datafield tag="650" ind1=" " ind2=" ">
        <subfield code="a">UNITED ARAB EMIRATES</subfield>
        <subfield code="0">(DHLAUTH)275604</subfield>
    </datafield>
    <datafield tag="650" ind1=" " ind2=" ">
        <subfield code="a">YEMEN</subfield>
        <subfield code="0">(DHLAUTH)273521</subfield>
    </datafield>
</record>
<record>
    <datafield tag="191" ind1=" " ind2=" ">
        <subfield code="a">E/ESCWA/SDD/2008/5/</subfield>
    </datafield>
    <datafield tag="245" ind1=" " ind2=" ">
        <subfield code="a">REPORT OF THE EXPERT GROUP MEETING ON SOCIAL EXCLUSION IN THE ESCWA REGION BEIRUT 1-2 AUGUST 2008</subfield>
    </datafield>
    <datafield tag="269" ind1=" " ind2=" ">
        <subfield code="a">20080905</subfield>
    </datafield>
    <datafield tag="650" ind1=" " ind2=" ">
        <subfield code="a">WESTERN ASIA</subfield>
        <subfield code="0">(DHLAUTH)275490</subfield>
    </datafield>
    <datafield tag="650" ind1=" " ind2=" ">
        <subfield code="a">WORK ORGANIZATION</subfield>
        <subfield code="0">(DHLAUTH)275746</subfield>
    </datafield>
</record>
<record>
    <datafield tag="191" ind1=" " ind2=" ">
        <subfield code="a">E/ESCWA/SDD/2008/TECHNICAL PAPER.6</subfield>
    </datafield>
    <datafield tag="245" ind1=" " ind2=" ">
        <subfield code="a">DEMOGRAPHIC TRANSITION IN THE ARAB COUNTRIES: PREPARING FOR THE FUTURE</subfield>
    </datafield>
    <datafield tag="246" ind1=" " ind2=" ">
        <subfield code="a">التحول الديمغرافي في البلدان العربية: التهيؤ للمستقبل</subfield>
    </datafield>
    <datafield tag="269" ind1=" " ind2=" ">
        <subfield code="a">20090701</subfield>
    </datafield>
    <datafield tag="650" ind1=" " ind2=" ">
        <subfield code="a">WESTERN ASIA</subfield>
        <subfield code="0">(DHLAUTH)275490</subfield>
    </datafield>
    <datafield tag="650" ind1=" " ind2=" ">
        <subfield code="a">ARAB COUNTRIES</subfield>
        <subfield code="0">(DHLAUTH)268705</subfield>
    </datafield>
    <datafield tag="650" ind1=" " ind2=" ">
        <subfield code="a">SOCIAL INDICATORS</subfield>
        <subfield code="0">(DHLAUTH)269644</subfield>
    </datafield>
    <datafield tag="650" ind1=" " ind2=" ">
        <subfield code="a">POPULATION</subfield>
        <subfield code="0">(DHLAUTH)272994</subfield>
    </datafield>
    <datafield tag="650" ind1=" " ind2=" ">
        <subfield code="a">FERTILITY</subfield>
        <subfield code="0">(DHLAUTH)273021</subfield>
    </datafield>
</record>
<record>
    <datafield tag="191" ind1=" " ind2=" ">
        <subfield code="a">E/ESCWA/SDD/2009/2</subfield>
    </datafield>
    <datafield tag="246" ind1=" " ind2=" ">
        <subfield code="a">تقرير ورشة عمل تعزيز القدرات الوطنية في مجال الاستجابة لبرنامج العمل العالمي للشباب: التقارير الوطنية ومنهجية توثيق الانجازات بيروت 17-18 كانون الاول/ديسمبر 2008</subfield>
    </datafield>
    <datafield tag="269" ind1=" " ind2=" ">
        <subfield code="a">20090123</subfield>
    </datafield>
    <datafield tag="650" ind1=" " ind2=" ">
        <subfield code="a">WESTERN ASIA</subfield>
        <subfield code="0">(DHLAUTH)275490</subfield>
    </datafield>
    <datafield tag="650" ind1=" " ind2=" ">
        <subfield code="a">YOUTH</subfield>
        <subfield code="0">(DHLAUTH)269401</subfield>
    </datafield>
    <datafield tag="650" ind1=" " ind2=" ">
        <subfield code="a">RECOMMENDATIONS</subfield>
        <subfield code="0">(DHLAUTH)275840</subfield>
    </datafield>
</record>
<record>
    <datafield tag="191" ind1=" " ind2=" ">
        <subfield code="a">E/ESCWA/SDD/2009/3/REV.1</subfield>
    </datafield>
    <datafield tag="246" ind1=" " ind2=" ">
        <subfield code="a">تقرير اجتماع الخبراء حول تعزيز الانصاف الاجتماعي: ادماج الشباب في عملية التنمية ابو ظبي 29-31 اذار/ مارس 2009</subfield>
    </datafield>
    <datafield tag="269" ind1=" " ind2=" ">
        <subfield code="a">20090624</subfield>
    </datafield>
    <datafield tag="650" ind1=" " ind2=" ">
        <subfield code="a">EQUITY</subfield>
        <subfield code="0">(DHLAUTH)268746</subfield>
    </datafield>
    <datafield tag="650" ind1=" " ind2=" ">
        <subfield code="a">SOCIAL INTEGRATION</subfield>
        <subfield code="0">(DHLAUTH)274706</subfield>
    </datafield>
    <datafield tag="650" ind1=" " ind2=" ">
        <subfield code="a">SOCIAL DEVELOPMENT</subfield>
        <subfield code="0">(DHLAUTH)269873</subfield>
    </datafield>
    <datafield tag="650" ind1=" " ind2=" ">
        <subfield code="a">YOUTH</subfield>
        <subfield code="0">(DHLAUTH)269401</subfield>
    </datafield>
</record>
<record>
    <datafield tag="191" ind1=" " ind2=" ">
        <subfield code="a">E/ESCWA/SDD/2009/8</subfield>
    </datafield>
    <datafield tag="246" ind1=" " ind2=" ">
        <subfield code="a">وضع وافاق المدينة العربية: واقع التناقضات والاختلافات بين المدن العربية رؤية نقدية على خلفية بعض الانماط الحضرية</subfield>
    </datafield>
    <datafield tag="269" ind1=" " ind2=" ">
        <subfield code="a">20091215</subfield>
    </datafield>
    <datafield tag="650" ind1=" " ind2=" ">
        <subfield code="a">ARAB COUNTRIES</subfield>
        <subfield code="0">(DHLAUTH)268705</subfield>
    </datafield>
    <datafield tag="650" ind1=" " ind2=" ">
        <subfield code="a">CITIES</subfield>
        <subfield code="0">(DHLAUTH)273527</subfield>
    </datafield>
    <datafield tag="650" ind1=" " ind2=" ">
        <subfield code="a">URBAN DEVELOPMENT</subfield>
        <subfield code="0">(DHLAUTH)269970</subfield>
    </datafield>
    <datafield tag="650" ind1=" " ind2=" ">
        <subfield code="a">ESTABLISHMENT</subfield>
        <subfield code="0">(DHLAUTH)275765</subfield>
    </datafield>
    <datafield tag="650" ind1=" " ind2=" ">
        <subfield code="a">BEIRUT (LEBANON)</subfield>
        <subfield code="0">(DHLAUTH)276832</subfield>
    </datafield>
    <datafield tag="650" ind1=" " ind2=" ">
        <subfield code="a">CAIRO (EGYPT)</subfield>
        <subfield code="0">(DHLAUTH)276878</subfield>
    </datafield>
    <datafield tag="650" ind1=" " ind2=" ">
        <subfield code="a">DUBAI (UNITED ARAB EMIRATES)</subfield>
        <subfield code="0">(DHLAUTH)276985</subfield>
    </datafield>
</record>
<record>
    <datafield tag="191" ind1=" " ind2=" ">
        <subfield code="a">E/ESCWA/SDD/2010/TECHNICAL PAPER.1</subfield>
    </datafield>
    <datafield tag="245" ind1=" " ind2=" ">
        <subfield code="a">ENHANCING CIVIL SOCIETY PARTICIPATION IN PUBLIC POLICY PROCESSES</subfield>
    </datafield>
    <datafield tag="246" ind1=" " ind2=" ">
        <subfield code="a">تعزيز مشاركة المجتمع المدني في عمليات السياسات العامة</subfield>
    </datafield>
    <datafield tag="269" ind1=" " ind2=" ">
        <subfield code="a">20110201</subfield>
    </datafield>
    <datafield tag="650" ind1=" " ind2=" ">
        <subfield code="a">WESTERN ASIA</subfield>
        <subfield code="0">(DHLAUTH)275490</subfield>
    </datafield>
    <datafield tag="650" ind1=" " ind2=" ">
        <subfield code="a">CIVIL SOCIETY</subfield>
        <subfield code="0">(DHLAUTH)479996</subfield>
    </datafield>
    <datafield tag="650" ind1=" " ind2=" ">
        <subfield code="a">SOCIAL INSTITUTIONS</subfield>
        <subfield code="0">(DHLAUTH)269950</subfield>
    </datafield>
    <datafield tag="650" ind1=" " ind2=" ">
        <subfield code="a">SAUDI ARABIA</subfield>
        <subfield code="0">(DHLAUTH)273464</subfield>
    </datafield>
    <datafield tag="650" ind1=" " ind2=" ">
        <subfield code="a">JORDAN</subfield>
        <subfield code="0">(DHLAUTH)269099</subfield>
    </datafield>
    <datafield tag="650" ind1=" " ind2=" ">
        <subfield code="a">UNITED ARAB EMIRATES</subfield>
        <subfield code="0">(DHLAUTH)275604</subfield>
    </datafield>
    <datafield tag="650" ind1=" " ind2=" ">
        <subfield code="a">BAHRAIN</subfield>
        <subfield code="0">(DHLAUTH)273274</subfield>
    </datafield>
    <datafield tag="650" ind1=" " ind2=" ">
        <subfield code="a">TUNISIA</subfield>
        <subfield code="0">(DHLAUTH)273507</subfield>
    </datafield>
    <datafield tag="650" ind1=" " ind2=" ">
        <subfield code="a">ALGERIA</subfield>
        <subfield code="0">(DHLAUTH)273261</subfield>
    </datafield>
    <datafield tag="650" ind1=" " ind2=" ">
        <subfield code="a">LIBYA</subfield>
        <subfield code="0">(DHLAUTH)275499</subfield>
    </datafield>
    <datafield tag="650" ind1=" " ind2=" ">
        <subfield code="a">SYRIAN ARAB REPUBLIC</subfield>
        <subfield code="0">(DHLAUTH)273496</subfield>
    </datafield>
    <datafield tag="650" ind1=" " ind2=" ">
        <subfield code="a">SUDAN</subfield>
        <subfield code="0">(DHLAUTH)273486</subfield>
    </datafield>
    <datafield tag="650" ind1=" " ind2=" ">
        <subfield code="a">IRAQ</subfield>
        <subfield code="0">(DHLAUTH)273370</subfield>
    </datafield>
    <datafield tag="650" ind1=" " ind2=" ">
        <subfield code="a">OMAN</subfield>
        <subfield code="0">(DHLAUTH)273438</subfield>
    </datafield>
    <datafield tag="650" ind1=" " ind2=" ">
        <subfield code="a">PALESTINE</subfield>
        <subfield code="0">(DHLAUTH)277398</subfield>
    </datafield>
    <datafield tag="650" ind1=" " ind2=" ">
        <subfield code="a">QATAR</subfield>
        <subfield code="0">(DHLAUTH)275603</subfield>
    </datafield>
    <datafield tag="650" ind1=" " ind2=" ">
        <subfield code="a">KUWAIT</subfield>
        <subfield code="0">(DHLAUTH)273384</subfield>
    </datafield>
    <datafield tag="650" ind1=" " ind2=" ">
        <subfield code="a">LEBANON</subfield>
        <subfield code="0">(DHLAUTH)269069</subfield>
    </datafield>
    <datafield tag="650" ind1=" " ind2=" ">
        <subfield code="a">EGYPT</subfield>
        <subfield code="0">(DHLAUTH)273328</subfield>
    </datafield>
    <datafield tag="650" ind1=" " ind2=" ">
        <subfield code="a">MOROCCO</subfield>
        <subfield code="0">(DHLAUTH)273417</subfield>
    </datafield>
    <datafield tag="650" ind1=" " ind2=" ">
        <subfield code="a">MAURITANIA</subfield>
        <subfield code="0">(DHLAUTH)273407</subfield>
    </datafield>
    <datafield tag="650" ind1=" " ind2=" ">
        <subfield code="a">YEMEN</subfield>
        <subfield code="0">(DHLAUTH)273521</subfield>
    </datafield>
</record>
<record>
    <datafield tag="191" ind1=" " ind2=" ">
        <subfield code="a">E/ESCWA/SDD/2010/TECHNICAL PAPER.2</subfield>
    </datafield>
    <datafield tag="245" ind1=" " ind2=" ">
        <subfield code="a">SOCIAL DEVELOPMENT BULLETIN VOL. 3, ISSUE.1 2010: ACHIEVING SOCIAL JUSTICE FOR ALL </subfield>
    </datafield>
    <datafield tag="246" ind1=" " ind2=" ">
        <subfield code="a">نشرة التنمية الاجتماعية، المجلّد 3،العدد 1، 2010: تحقيق العدالة الاجتماعية للجميع</subfield>
    </datafield>
    <datafield tag="269" ind1=" " ind2=" ">
        <subfield code="a">20100601</subfield>
    </datafield>
    <datafield tag="650" ind1=" " ind2=" ">
        <subfield code="a">SOCIAL JUSTICE</subfield>
        <subfield code="0">(DHLAUTH)270080</subfield>
    </datafield>
    <datafield tag="650" ind1=" " ind2=" ">
        <subfield code="a">SOCIAL CONDITIONS</subfield>
        <subfield code="0">(DHLAUTH)268327</subfield>
    </datafield>
    <datafield tag="650" ind1=" " ind2=" ">
        <subfield code="a">WESTERN ASIA</subfield>
        <subfield code="0">(DHLAUTH)275490</subfield>
    </datafield>
    <datafield tag="650" ind1=" " ind2=" ">
        <subfield code="a">SERIAL PUBLICATIONS</subfield>
        <subfield code="0">(DHLAUTH)275065</subfield>
    </datafield>
</record>
<record>
    <datafield tag="191" ind1=" " ind2=" ">
        <subfield code="a">E/ESCWA/SDD/2010/TECHNICAL PAPER.5</subfield>
    </datafield>
    <datafield tag="245" ind1=" " ind2=" ">
        <subfield code="a">MANAGING CHANGE SOCIAL POLICY FOR ECONOMIC DEVELOPMENT</subfield>
    </datafield>
    <datafield tag="269" ind1=" " ind2=" ">
        <subfield code="a">20110201</subfield>
    </datafield>
    <datafield tag="650" ind1=" " ind2=" ">
        <subfield code="a">WESTERN ASIA</subfield>
        <subfield code="0">(DHLAUTH)275490</subfield>
    </datafield>
    <datafield tag="650" ind1=" " ind2=" ">
        <subfield code="a">SOCIAL POLICY</subfield>
        <subfield code="0">(DHLAUTH)269713</subfield>
    </datafield>
    <datafield tag="650" ind1=" " ind2=" ">
        <subfield code="a">ECONOMIC DEVELOPMENT</subfield>
        <subfield code="0">(DHLAUTH)269755</subfield>
    </datafield>
    <datafield tag="650" ind1=" " ind2=" ">
        <subfield code="a">SUSTAINABLE DEVELOPMENT</subfield>
        <subfield code="0">(DHLAUTH)269920</subfield>
    </datafield>
    <datafield tag="650" ind1=" " ind2=" ">
        <subfield code="a">JORDAN</subfield>
        <subfield code="0">(DHLAUTH)269099</subfield>
    </datafield>
    <datafield tag="650" ind1=" " ind2=" ">
        <subfield code="a">PALESTINE</subfield>
        <subfield code="0">(DHLAUTH)277398</subfield>
    </datafield>
</record>
<record>
    <datafield tag="191" ind1=" " ind2=" ">
        <subfield code="a">E/ESCWA/SDD/2011/BROCHURE.1</subfield>
    </datafield>
    <datafield tag="245" ind1=" " ind2=" ">
        <subfield code="a">POVERTY IN WESTERN ASIA</subfield>
    </datafield>
    <datafield tag="269" ind1=" " ind2=" ">
        <subfield code="a">20120103</subfield>
    </datafield>
    <datafield tag="650" ind1=" " ind2=" ">
        <subfield code="a">POVERTY</subfield>
        <subfield code="0">(DHLAUTH)270079</subfield>
    </datafield>
    <datafield tag="650" ind1=" " ind2=" ">
        <subfield code="a">SOCIAL SECURITY</subfield>
        <subfield code="0">(DHLAUTH)270081</subfield>
    </datafield>
    <datafield tag="650" ind1=" " ind2=" ">
        <subfield code="a">DISABILITY</subfield>
        <subfield code="0">(DHLAUTH)273848</subfield>
    </datafield>
    <datafield tag="650" ind1=" " ind2=" ">
        <subfield code="a">WESTERN ASIA</subfield>
        <subfield code="0">(DHLAUTH)275490</subfield>
    </datafield>
    <datafield tag="650" ind1=" " ind2=" ">
        <subfield code="a">PAMPHLETS</subfield>
        <subfield code="0">(DHLAUTH)275054</subfield>
    </datafield>
</record>
<record>
    <datafield tag="191" ind1=" " ind2=" ">
        <subfield code="a">E/ESCWA/SDD/2011/TECHNICAL PAPER.1</subfield>
    </datafield>
    <datafield tag="246" ind1=" " ind2=" ">
        <subfield code="a">منظمات المجتمع المدني في متابعة السياسة الاجتماعية وتقييمها في بلدان الاسكوا</subfield>
    </datafield>
    <datafield tag="269" ind1=" " ind2=" ">
        <subfield code="a">20110630</subfield>
    </datafield>
    <datafield tag="650" ind1=" " ind2=" ">
        <subfield code="a">WESTERN ASIA</subfield>
        <subfield code="0">(DHLAUTH)275490</subfield>
    </datafield>
    <datafield tag="650" ind1=" " ind2=" ">
        <subfield code="a">CIVIL SOCIETY</subfield>
        <subfield code="0">(DHLAUTH)479996</subfield>
    </datafield>
    <datafield tag="650" ind1=" " ind2=" ">
        <subfield code="a">SOCIAL POLICY</subfield>
        <subfield code="0">(DHLAUTH)269713</subfield>
    </datafield>
    <datafield tag="650" ind1=" " ind2=" ">
        <subfield code="a">NON-GOVERNMENTAL ORGANIZATIONS</subfield>
        <subfield code="0">(DHLAUTH)268665</subfield>
    </datafield>
    <datafield tag="650" ind1=" " ind2=" ">
        <subfield code="a">GOVERNMENT POLICY</subfield>
        <subfield code="0">(DHLAUTH)758647</subfield>
    </datafield>
    <datafield tag="650" ind1=" " ind2=" ">
        <subfield code="a">LEBANON</subfield>
        <subfield code="0">(DHLAUTH)269069</subfield>
    </datafield>
    <datafield tag="650" ind1=" " ind2=" ">
        <subfield code="a">JORDAN</subfield>
        <subfield code="0">(DHLAUTH)269099</subfield>
    </datafield>
    <datafield tag="650" ind1=" " ind2=" ">
        <subfield code="a">SUDAN</subfield>
        <subfield code="0">(DHLAUTH)273486</subfield>
    </datafield>
    <datafield tag="650" ind1=" " ind2=" ">
        <subfield code="a">EGYPT</subfield>
        <subfield code="0">(DHLAUTH)273328</subfield>
    </datafield>
    <datafield tag="650" ind1=" " ind2=" ">
        <subfield code="a">YEMEN</subfield>
        <subfield code="0">(DHLAUTH)273521</subfield>
    </datafield>
    <datafield tag="650" ind1=" " ind2=" ">
        <subfield code="a">QATAR</subfield>
        <subfield code="0">(DHLAUTH)275603</subfield>
    </datafield>
</record>
<record>
    <datafield tag="191" ind1=" " ind2=" ">
        <subfield code="a">E/ESCWA/SDD/2011/TECHNICAL PAPER.2</subfield>
    </datafield>
    <datafield tag="245" ind1=" " ind2=" ">
        <subfield code="a">REINFORCING SOCIAL EQUITY: MAINSTREAMING AGEING ISSUES IN THE PROCESS OF DEVELOPMENT PLANNING IN THE ESCWA REGION</subfield>
    </datafield>
    <datafield tag="246" ind1=" " ind2=" ">
        <subfield code="a">تعزيز العدالة الاجتماعية: ادماج قضايا المسنين في عملية التخطيط للتنمية في منطقة الاسكوا</subfield>
    </datafield>
    <datafield tag="269" ind1=" " ind2=" ">
        <subfield code="a">20111001</subfield>
    </datafield>
    <datafield tag="650" ind1=" " ind2=" ">
        <subfield code="a">SOCIAL JUSTICE</subfield>
        <subfield code="0">(DHLAUTH)270080</subfield>
    </datafield>
    <datafield tag="650" ind1=" " ind2=" ">
        <subfield code="a">AGEING</subfield>
        <subfield code="0">(DHLAUTH)273056</subfield>
    </datafield>
    <datafield tag="650" ind1=" " ind2=" ">
        <subfield code="a">WESTERN ASIA</subfield>
        <subfield code="0">(DHLAUTH)275490</subfield>
    </datafield>
    <datafield tag="650" ind1=" " ind2=" ">
        <subfield code="a">SOCIAL PLANNING</subfield>
        <subfield code="0">(DHLAUTH)269898</subfield>
    </datafield>
    <datafield tag="650" ind1=" " ind2=" ">
        <subfield code="a">POPULATION GROWTH</subfield>
        <subfield code="0">(DHLAUTH)272944</subfield>
    </datafield>
    <datafield tag="650" ind1=" " ind2=" ">
        <subfield code="a">AGE DISTRIBUTION</subfield>
        <subfield code="0">(DHLAUTH)269146</subfield>
    </datafield>
</record>
<record>
    <datafield tag="191" ind1=" " ind2=" ">
        <subfield code="a">E/ESCWA/SDD/2011/TECHNICAL PAPER.3</subfield>
    </datafield>
    <datafield tag="245" ind1=" " ind2=" ">
        <subfield code="a">SOCIAL DEVELOPMENT BULLETIN NO. 4: BRIDGING THE URBAN DIVIDE IN THE ESCWA REGION</subfield>
    </datafield>
    <datafield tag="269" ind1=" " ind2=" ">
        <subfield code="a">20110601</subfield>
    </datafield>
    <datafield tag="650" ind1=" " ind2=" ">
        <subfield code="a">SOCIAL CONDITIONS</subfield>
        <subfield code="0">(DHLAUTH)268327</subfield>
    </datafield>
    <datafield tag="650" ind1=" " ind2=" ">
        <subfield code="a">POPULATION GROWTH</subfield>
        <subfield code="0">(DHLAUTH)272944</subfield>
    </datafield>
    <datafield tag="650" ind1=" " ind2=" ">
        <subfield code="a">URBAN AREAS</subfield>
        <subfield code="0">(DHLAUTH)271447</subfield>
    </datafield>
    <datafield tag="650" ind1=" " ind2=" ">
        <subfield code="a">CITIES</subfield>
        <subfield code="0">(DHLAUTH)273527</subfield>
    </datafield>
    <datafield tag="650" ind1=" " ind2=" ">
        <subfield code="a">SLUMS</subfield>
        <subfield code="0">(DHLAUTH)273572</subfield>
    </datafield>
    <datafield tag="650" ind1=" " ind2=" ">
        <subfield code="a">ARAB COUNTRIES</subfield>
        <subfield code="0">(DHLAUTH)268705</subfield>
    </datafield>
    <datafield tag="650" ind1=" " ind2=" ">
        <subfield code="a">WESTERN ASIA</subfield>
        <subfield code="0">(DHLAUTH)275490</subfield>
    </datafield>
    <datafield tag="650" ind1=" " ind2=" ">
        <subfield code="a">SERIAL PUBLICATIONS</subfield>
        <subfield code="0">(DHLAUTH)275065</subfield>
    </datafield>
</record>
<record>
    <datafield tag="191" ind1=" " ind2=" ">
        <subfield code="a">E/ESCWA/SDD/2011/TECHNICAL PAPER.4</subfield>
    </datafield>
    <datafield tag="245" ind1=" " ind2=" ">
        <subfield code="a">GENDER MAINSTREAMING IN YOUTH STRATEGIES</subfield>
    </datafield>
    <datafield tag="246" ind1=" " ind2=" ">
        <subfield code="a">تقييم ادماج قضايا النوع الاجتماعي في استراتيجيات الشباب</subfield>
    </datafield>
    <datafield tag="269" ind1=" " ind2=" ">
        <subfield code="a">20110818</subfield>
    </datafield>
    <datafield tag="650" ind1=" " ind2=" ">
        <subfield code="a">GENDER MAINSTREAMING</subfield>
        <subfield code="0">(DHLAUTH)493524</subfield>
    </datafield>
    <datafield tag="650" ind1=" " ind2=" ">
        <subfield code="a">YOUTH POLICY</subfield>
        <subfield code="0">(DHLAUTH)515891</subfield>
    </datafield>
    <datafield tag="650" ind1=" " ind2=" ">
        <subfield code="a">SOCIAL POLICY</subfield>
        <subfield code="0">(DHLAUTH)269713</subfield>
    </datafield>
    <datafield tag="650" ind1=" " ind2=" ">
        <subfield code="a">GOVERNMENT POLICY</subfield>
        <subfield code="0">(DHLAUTH)758647</subfield>
    </datafield>
    <datafield tag="650" ind1=" " ind2=" ">
        <subfield code="a">WESTERN ASIA</subfield>
        <subfield code="0">(DHLAUTH)275490</subfield>
    </datafield>
</record>
<record>
    <datafield tag="191" ind1=" " ind2=" ">
        <subfield code="a">E/ESCWA/SDD/2011/TECHNICAL PAPER.5</subfield>
    </datafield>
    <datafield tag="245" ind1=" " ind2=" ">
        <subfield code="a">INTERNATIONAL MIGRATION AND DEVELOPMENT IN THE ESCWA REGION : CHALLENGES AND OPPORTUNITIES</subfield>
    </datafield>
    <datafield tag="246" ind1=" " ind2=" ">
        <subfield code="a">الهجرة الدولية والتنمية في بلدان  الاسكوا : التحديات والفرص</subfield>
    </datafield>
    <datafield tag="269" ind1=" " ind2=" ">
        <subfield code="a">20110901</subfield>
    </datafield>
    <datafield tag="650" ind1=" " ind2=" ">
        <subfield code="a">INTERNAL MIGRATION</subfield>
        <subfield code="0">(DHLAUTH)270950</subfield>
    </datafield>
    <datafield tag="650" ind1=" " ind2=" ">
        <subfield code="a">LABOUR MOBILITY</subfield>
        <subfield code="0">(DHLAUTH)274216</subfield>
    </datafield>
    <datafield tag="650" ind1=" " ind2=" ">
        <subfield code="a">MIGRATION POLICY</subfield>
        <subfield code="0">(DHLAUTH)273044</subfield>
    </datafield>
    <datafield tag="650" ind1=" " ind2=" ">
        <subfield code="a">MIGRATION STATISTICS</subfield>
        <subfield code="0">(DHLAUTH)272990</subfield>
    </datafield>
    <datafield tag="650" ind1=" " ind2=" ">
        <subfield code="a">REMITTANCES</subfield>
        <subfield code="0">(DHLAUTH)270415</subfield>
    </datafield>
    <datafield tag="650" ind1=" " ind2=" ">
        <subfield code="a">ECONOMIC DEVELOPMENT</subfield>
        <subfield code="0">(DHLAUTH)269755</subfield>
    </datafield>
    <datafield tag="650" ind1=" " ind2=" ">
        <subfield code="a">BRAIN DRAIN</subfield>
        <subfield code="0">(DHLAUTH)273007</subfield>
    </datafield>
    <datafield tag="650" ind1=" " ind2=" ">
        <subfield code="a">SOCIAL CONDITIONS</subfield>
        <subfield code="0">(DHLAUTH)268327</subfield>
    </datafield>
    <datafield tag="650" ind1=" " ind2=" ">
        <subfield code="a">EXPATRIATE WORKERS</subfield>
        <subfield code="0">(DHLAUTH)270281</subfield>
    </datafield>
    <datafield tag="650" ind1=" " ind2=" ">
        <subfield code="a">WESTERN ASIA</subfield>
        <subfield code="0">(DHLAUTH)275490</subfield>
    </datafield>
    <datafield tag="650" ind1=" " ind2=" ">
        <subfield code="a">ARAB COUNTRIES</subfield>
        <subfield code="0">(DHLAUTH)268705</subfield>
    </datafield>
</record>
<record>
    <datafield tag="191" ind1=" " ind2=" ">
        <subfield code="a">E/ESCWA/SDD/2011/TECHNICAL PAPER.7</subfield>
    </datafield>
    <datafield tag="245" ind1=" " ind2=" ">
        <subfield code="a">LABOUR MARKET DATA STRUCTURES AND CHALLENGES IN THE ESCWA REGION</subfield>
    </datafield>
    <datafield tag="246" ind1=" " ind2=" ">
        <subfield code="a">بيانات سوق العمل في المنطقة العربية : التركيبة والتحديات</subfield>
    </datafield>
    <datafield tag="269" ind1=" " ind2=" ">
        <subfield code="a">20120320</subfield>
    </datafield>
    <datafield tag="650" ind1=" " ind2=" ">
        <subfield code="a">LABOUR MARKET</subfield>
        <subfield code="0">(DHLAUTH)269799</subfield>
    </datafield>
    <datafield tag="650" ind1=" " ind2=" ">
        <subfield code="a">POPULATION GROWTH</subfield>
        <subfield code="0">(DHLAUTH)272944</subfield>
    </datafield>
    <datafield tag="650" ind1=" " ind2=" ">
        <subfield code="a">LABOUR STATISTICS</subfield>
        <subfield code="0">(DHLAUTH)274202</subfield>
    </datafield>
    <datafield tag="650" ind1=" " ind2=" ">
        <subfield code="a">UNEMPLOYMENT</subfield>
        <subfield code="0">(DHLAUTH)269726</subfield>
    </datafield>
    <datafield tag="650" ind1=" " ind2=" ">
        <subfield code="a">WOMEN'S EMPLOYMENT</subfield>
        <subfield code="0">(DHLAUTH)273159</subfield>
    </datafield>
    <datafield tag="650" ind1=" " ind2=" ">
        <subfield code="a">EMPLOYMENT STATISTICS</subfield>
        <subfield code="0">(DHLAUTH)274201</subfield>
    </datafield>
    <datafield tag="650" ind1=" " ind2=" ">
        <subfield code="a">PALESTINE</subfield>
        <subfield code="0">(DHLAUTH)277398</subfield>
    </datafield>
    <datafield tag="650" ind1=" " ind2=" ">
        <subfield code="a">IRAQ</subfield>
        <subfield code="0">(DHLAUTH)273370</subfield>
    </datafield>
    <datafield tag="650" ind1=" " ind2=" ">
        <subfield code="a">SYRIAN ARAB REPUBLIC</subfield>
        <subfield code="0">(DHLAUTH)273496</subfield>
    </datafield>
    <datafield tag="650" ind1=" " ind2=" ">
        <subfield code="a">UNITED ARAB EMIRATES</subfield>
        <subfield code="0">(DHLAUTH)275604</subfield>
    </datafield>
    <datafield tag="650" ind1=" " ind2=" ">
        <subfield code="a">SUDAN</subfield>
        <subfield code="0">(DHLAUTH)273486</subfield>
    </datafield>
    <datafield tag="650" ind1=" " ind2=" ">
        <subfield code="a">SAUDI ARABIA</subfield>
        <subfield code="0">(DHLAUTH)273464</subfield>
    </datafield>
    <datafield tag="650" ind1=" " ind2=" ">
        <subfield code="a">JORDAN</subfield>
        <subfield code="0">(DHLAUTH)269099</subfield>
    </datafield>
    <datafield tag="650" ind1=" " ind2=" ">
        <subfield code="a">BAHRAIN</subfield>
        <subfield code="0">(DHLAUTH)273274</subfield>
    </datafield>
    <datafield tag="650" ind1=" " ind2=" ">
        <subfield code="a">LEBANON</subfield>
        <subfield code="0">(DHLAUTH)269069</subfield>
    </datafield>
    <datafield tag="650" ind1=" " ind2=" ">
        <subfield code="a">KUWAIT</subfield>
        <subfield code="0">(DHLAUTH)273384</subfield>
    </datafield>
    <datafield tag="650" ind1=" " ind2=" ">
        <subfield code="a">YEMEN</subfield>
        <subfield code="0">(DHLAUTH)273521</subfield>
    </datafield>
    <datafield tag="650" ind1=" " ind2=" ">
        <subfield code="a">OMAN</subfield>
        <subfield code="0">(DHLAUTH)273438</subfield>
    </datafield>
    <datafield tag="650" ind1=" " ind2=" ">
        <subfield code="a">EGYPT</subfield>
        <subfield code="0">(DHLAUTH)273328</subfield>
    </datafield>
    <datafield tag="650" ind1=" " ind2=" ">
        <subfield code="a">UNDEREMPLOYMENT</subfield>
        <subfield code="0">(DHLAUTH)269779</subfield>
    </datafield>
</record>
<record>
    <datafield tag="191" ind1=" " ind2=" ">
        <subfield code="a">E/ESCWA/SDD/2011/TECHNICAL PAPER.9</subfield>
    </datafield>
    <datafield tag="245" ind1=" " ind2=" ">
        <subfield code="a">DEMOGRAPHIC PROFILE OF THE ARAB COUNTRIES : ANALYSIS OF AGEING PHENOMENON</subfield>
    </datafield>
    <datafield tag="246" ind1=" " ind2=" ">
        <subfield code="a">الملامح الديمغرافية للدول العربية تحليل ظاهرة الشيخوخة</subfield>
    </datafield>
    <datafield tag="269" ind1=" " ind2=" ">
        <subfield code="a">20120104</subfield>
    </datafield>
    <datafield tag="650" ind1=" " ind2=" ">
        <subfield code="a">AGEING</subfield>
        <subfield code="0">(DHLAUTH)273056</subfield>
    </datafield>
    <datafield tag="650" ind1=" " ind2=" ">
        <subfield code="a">POPULATION DISTRIBUTION</subfield>
        <subfield code="0">(DHLAUTH)272996</subfield>
    </datafield>
    <datafield tag="650" ind1=" " ind2=" ">
        <subfield code="a">POPULATION GROWTH</subfield>
        <subfield code="0">(DHLAUTH)272944</subfield>
    </datafield>
    <datafield tag="650" ind1=" " ind2=" ">
        <subfield code="a">FERTILITY</subfield>
        <subfield code="0">(DHLAUTH)273021</subfield>
    </datafield>
    <datafield tag="650" ind1=" " ind2=" ">
        <subfield code="a">SEX DISTRIBUTION</subfield>
        <subfield code="0">(DHLAUTH)272940</subfield>
    </datafield>
    <datafield tag="650" ind1=" " ind2=" ">
        <subfield code="a">DEMOGRAPHIC RESEARCH</subfield>
        <subfield code="0">(DHLAUTH)272986</subfield>
    </datafield>
    <datafield tag="650" ind1=" " ind2=" ">
        <subfield code="a">STATISTICAL DATA</subfield>
        <subfield code="0">(DHLAUTH)270233</subfield>
    </datafield>
    <datafield tag="650" ind1=" " ind2=" ">
        <subfield code="a">ARAB COUNTRIES</subfield>
        <subfield code="0">(DHLAUTH)268705</subfield>
    </datafield>
</record>
<record>
    <datafield tag="191" ind1=" " ind2=" ">
        <subfield code="a">E/ESCWA/SDD/2012/2</subfield>
    </datafield>
    <datafield tag="245" ind1=" " ind2=" ">
        <subfield code="a">ECONOMIC POLICY IN THE ESCWA REGION AND ITS IMPACT ON EMPLOYMENT</subfield>
    </datafield>
    <datafield tag="246" ind1=" " ind2=" ">
        <subfield code="a">السياسات الاقتصادية في منطقة الاسكوا وآثرها علي العمالة</subfield>
    </datafield>
    <datafield tag="269" ind1=" " ind2=" ">
        <subfield code="a">20120326</subfield>
    </datafield>
    <datafield tag="650" ind1=" " ind2=" ">
        <subfield code="a">MACROECONOMICS</subfield>
        <subfield code="0">(DHLAUTH)269604</subfield>
    </datafield>
    <datafield tag="650" ind1=" " ind2=" ">
        <subfield code="a">LABOUR MARKET</subfield>
        <subfield code="0">(DHLAUTH)269799</subfield>
    </datafield>
    <datafield tag="650" ind1=" " ind2=" ">
        <subfield code="a">ECONOMIC POLICY</subfield>
        <subfield code="0">(DHLAUTH)268235</subfield>
    </datafield>
    <datafield tag="650" ind1=" " ind2=" ">
        <subfield code="a">EMPLOYMENT CREATION</subfield>
        <subfield code="0">(DHLAUTH)274189</subfield>
    </datafield>
    <datafield tag="650" ind1=" " ind2=" ">
        <subfield code="a">FINANCE</subfield>
        <subfield code="0">(DHLAUTH)269616</subfield>
    </datafield>
    <datafield tag="650" ind1=" " ind2=" ">
        <subfield code="a">ECONOMIC GROWTH</subfield>
        <subfield code="0">(DHLAUTH)269754</subfield>
    </datafield>
    <datafield tag="650" ind1=" " ind2=" ">
        <subfield code="a">ECONOMIC STRUCTURE</subfield>
        <subfield code="0">(DHLAUTH)269665</subfield>
    </datafield>
    <datafield tag="650" ind1=" " ind2=" ">
        <subfield code="a">WESTERN ASIA</subfield>
        <subfield code="0">(DHLAUTH)275490</subfield>
    </datafield>
</record>
<record>
    <datafield tag="191" ind1=" " ind2=" ">
        <subfield code="a">E/ESCWA/SDD/2012/3/MANUAL</subfield>
    </datafield>
    <datafield tag="246" ind1=" " ind2=" ">
        <subfield code="a">دليل بناء قدرات الشراكة في الحكم الديمقراطي</subfield>
    </datafield>
    <datafield tag="269" ind1=" " ind2=" ">
        <subfield code="a">20130501</subfield>
    </datafield>
    <datafield tag="650" ind1=" " ind2=" ">
        <subfield code="a">CAPACITY BUILDING</subfield>
        <subfield code="0">(DHLAUTH)276636</subfield>
    </datafield>
    <datafield tag="650" ind1=" " ind2=" ">
        <subfield code="a">LEADERSHIP</subfield>
        <subfield code="0">(DHLAUTH)268939</subfield>
    </datafield>
    <datafield tag="650" ind1=" " ind2=" ">
        <subfield code="a">CIVIL SOCIETY</subfield>
        <subfield code="0">(DHLAUTH)479996</subfield>
    </datafield>
    <datafield tag="650" ind1=" " ind2=" ">
        <subfield code="a">SOCIAL JUSTICE</subfield>
        <subfield code="0">(DHLAUTH)270080</subfield>
    </datafield>
    <datafield tag="650" ind1=" " ind2=" ">
        <subfield code="a">POLITICAL OPPOSITION</subfield>
        <subfield code="0">(DHLAUTH)268275</subfield>
    </datafield>
    <datafield tag="650" ind1=" " ind2=" ">
        <subfield code="a">DEMOCRATIZATION</subfield>
        <subfield code="0">(DHLAUTH)276569</subfield>
    </datafield>
    <datafield tag="650" ind1=" " ind2=" ">
        <subfield code="a">POLITICAL PARTICIPATION</subfield>
        <subfield code="0">(DHLAUTH)268475</subfield>
    </datafield>
    <datafield tag="650" ind1=" " ind2=" ">
        <subfield code="a">LOCAL DEVELOPMENT</subfield>
        <subfield code="0">(DHLAUTH)528317</subfield>
    </datafield>
    <datafield tag="650" ind1=" " ind2=" ">
        <subfield code="a">SOCIAL MEDIA</subfield>
        <subfield code="0">(DHLAUTH)802305</subfield>
    </datafield>
    <datafield tag="650" ind1=" " ind2=" ">
        <subfield code="a">DECISION-MAKING</subfield>
        <subfield code="0">(DHLAUTH)270223</subfield>
    </datafield>
    <datafield tag="650" ind1=" " ind2=" ">
        <subfield code="a">ACCOUNTABILITY</subfield>
        <subfield code="0">(DHLAUTH)269310</subfield>
    </datafield>
    <datafield tag="650" ind1=" " ind2=" ">
        <subfield code="a">PUBLIC INSTITUTIONS</subfield>
        <subfield code="0">(DHLAUTH)269948</subfield>
    </datafield>
    <datafield tag="650" ind1=" " ind2=" ">
        <subfield code="a">ARAB COUNTRIES</subfield>
        <subfield code="0">(DHLAUTH)268705</subfield>
    </datafield>
</record>
<record>
    <datafield tag="191" ind1=" " ind2=" ">
        <subfield code="a">E/ESCWA/SDD/2012/TECHNICAL PAPER.1</subfield>
    </datafield>
    <datafield tag="245" ind1=" " ind2=" ">
        <subfield code="a">SOCIAL DEVELOPMENT DIVISION BULLETIN, VOL.4 VOL. 1: EMPLOYMENT AND EDUCATION: REPAIRING THE BROKEN LINK</subfield>
    </datafield>
    <datafield tag="246" ind1=" " ind2=" ">
        <subfield code="a">نشرة التنمية الاجتماعية المجلد 4، العدد 1 العمل والتعليم: ترميم الرابط المنقطع</subfield>
    </datafield>
    <datafield tag="269" ind1=" " ind2=" ">
        <subfield code="a">20120821</subfield>
    </datafield>
    <datafield tag="650" ind1=" " ind2=" ">
        <subfield code="a">SOCIAL CONDITIONS</subfield>
        <subfield code="0">(DHLAUTH)268327</subfield>
    </datafield>
    <datafield tag="650" ind1=" " ind2=" ">
        <subfield code="a">SOCIAL DEVELOPMENT</subfield>
        <subfield code="0">(DHLAUTH)269873</subfield>
    </datafield>
    <datafield tag="650" ind1=" " ind2=" ">
        <subfield code="a">EDUCATION</subfield>
        <subfield code="0">(DHLAUTH)268926</subfield>
    </datafield>
    <datafield tag="650" ind1=" " ind2=" ">
        <subfield code="a">LABOUR</subfield>
        <subfield code="0">(DHLAUTH)274210</subfield>
    </datafield>
    <datafield tag="650" ind1=" " ind2=" ">
        <subfield code="a">EMPLOYMENT</subfield>
        <subfield code="0">(DHLAUTH)269797</subfield>
    </datafield>
    <datafield tag="650" ind1=" " ind2=" ">
        <subfield code="a">UNEMPLOYMENT</subfield>
        <subfield code="0">(DHLAUTH)269726</subfield>
    </datafield>
    <datafield tag="650" ind1=" " ind2=" ">
        <subfield code="a">VOCATIONAL TRAINING</subfield>
        <subfield code="0">(DHLAUTH)271390</subfield>
    </datafield>
    <datafield tag="650" ind1=" " ind2=" ">
        <subfield code="a">POVERTY</subfield>
        <subfield code="0">(DHLAUTH)270079</subfield>
    </datafield>
    <datafield tag="650" ind1=" " ind2=" ">
        <subfield code="a">LABOUR MARKET</subfield>
        <subfield code="0">(DHLAUTH)269799</subfield>
    </datafield>
    <datafield tag="650" ind1=" " ind2=" ">
        <subfield code="a">WESTERN ASIA</subfield>
        <subfield code="0">(DHLAUTH)275490</subfield>
    </datafield>
</record>
<record>
    <datafield tag="191" ind1=" " ind2=" ">
        <subfield code="a">E/ESCWA/SDD/2012/TECHNICAL PAPER.2</subfield>
    </datafield>
    <datafield tag="246" ind1=" " ind2=" ">
        <subfield code="a">نشرة التنمية الاجتماعية : المجلد 4، العدد 2 :  تعزيز الديمقراطية القائمة على المشاركة في منطقة الاسكوا </subfield>
    </datafield>
    <datafield tag="269" ind1=" " ind2=" ">
        <subfield code="a">20120701</subfield>
    </datafield>
    <datafield tag="650" ind1=" " ind2=" ">
        <subfield code="a">DEMOCRACY</subfield>
        <subfield code="0">(DHLAUTH)268333</subfield>
    </datafield>
    <datafield tag="650" ind1=" " ind2=" ">
        <subfield code="a">DEMOCRATIZATION</subfield>
        <subfield code="0">(DHLAUTH)276569</subfield>
    </datafield>
    <datafield tag="650" ind1=" " ind2=" ">
        <subfield code="a">PUBLIC OPINION</subfield>
        <subfield code="0">(DHLAUTH)268497</subfield>
    </datafield>
    <datafield tag="650" ind1=" " ind2=" ">
        <subfield code="a">CIVIL SOCIETY</subfield>
        <subfield code="0">(DHLAUTH)479996</subfield>
    </datafield>
    <datafield tag="650" ind1=" " ind2=" ">
        <subfield code="a">NON-GOVERNMENTAL ORGANIZATIONS</subfield>
        <subfield code="0">(DHLAUTH)268665</subfield>
    </datafield>
    <datafield tag="650" ind1=" " ind2=" ">
        <subfield code="a">POPULAR PARTICIPATION</subfield>
        <subfield code="0">(DHLAUTH)268478</subfield>
    </datafield>
    <datafield tag="650" ind1=" " ind2=" ">
        <subfield code="a">ARAB COUNTRIES</subfield>
        <subfield code="0">(DHLAUTH)268705</subfield>
    </datafield>
    <datafield tag="650" ind1=" " ind2=" ">
        <subfield code="a">ABACA</subfield>
        <subfield code="0">(DHLAUTH)271457</subfield>
    </datafield>
</record>
<record>
    <datafield tag="191" ind1=" " ind2=" ">
        <subfield code="a">E/ESCWA/SDD/2012/WG.3/REPORT</subfield>
    </datafield>
    <datafield tag="246" ind1=" " ind2=" ">
        <subfield code="a">تقرير المنتدي الالكتروني حول الديمقراطية والمشاركة 4 حزيران/يونيو - 30 ايلول/سبتمبر    2012</subfield>
    </datafield>
    <datafield tag="269" ind1=" " ind2=" ">
        <subfield code="a">20121228</subfield>
    </datafield>
    <datafield tag="650" ind1=" " ind2=" ">
        <subfield code="a">SOCIAL MEDIA</subfield>
        <subfield code="0">(DHLAUTH)802305</subfield>
    </datafield>
    <datafield tag="650" ind1=" " ind2=" ">
        <subfield code="a">SOCIAL CONDITIONS</subfield>
        <subfield code="0">(DHLAUTH)268327</subfield>
    </datafield>
    <datafield tag="650" ind1=" " ind2=" ">
        <subfield code="a">YOUTH</subfield>
        <subfield code="0">(DHLAUTH)269401</subfield>
    </datafield>
    <datafield tag="650" ind1=" " ind2=" ">
        <subfield code="a">POLITICAL PARTICIPATION</subfield>
        <subfield code="0">(DHLAUTH)268475</subfield>
    </datafield>
    <datafield tag="650" ind1=" " ind2=" ">
        <subfield code="a">DEMOCRACY</subfield>
        <subfield code="0">(DHLAUTH)268333</subfield>
    </datafield>
    <datafield tag="650" ind1=" " ind2=" ">
        <subfield code="a">DEMOCRATIZATION</subfield>
        <subfield code="0">(DHLAUTH)276569</subfield>
    </datafield>
    <datafield tag="650" ind1=" " ind2=" ">
        <subfield code="a">GOVERNANCE</subfield>
        <subfield code="0">(DHLAUTH)276686</subfield>
    </datafield>
    <datafield tag="650" ind1=" " ind2=" ">
        <subfield code="a">PUBLIC OPINION POLLS</subfield>
        <subfield code="0">(DHLAUTH)274721</subfield>
    </datafield>
    <datafield tag="650" ind1=" " ind2=" ">
        <subfield code="a">ARAB COUNTRIES</subfield>
        <subfield code="0">(DHLAUTH)268705</subfield>
    </datafield>
    <datafield tag="650" ind1=" " ind2=" ">
        <subfield code="a">CONFERENCES</subfield>
        <subfield code="0">(DHLAUTH)275758</subfield>
    </datafield>
</record>
<record>
    <datafield tag="191" ind1=" " ind2=" ">
        <subfield code="a">E/ESCWA/SDD/2013/PAMPHLET.1</subfield>
    </datafield>
    <datafield tag="245" ind1=" " ind2=" ">
        <subfield code="a">NEW TRENDS IN MIGRATION IN ESCWA MEMBER COUNTRIES</subfield>
    </datafield>
    <datafield tag="269" ind1=" " ind2=" ">
        <subfield code="a">20130401</subfield>
    </datafield>
    <datafield tag="650" ind1=" " ind2=" ">
        <subfield code="a">MIGRATION</subfield>
        <subfield code="0">(DHLAUTH)273027</subfield>
    </datafield>
    <datafield tag="650" ind1=" " ind2=" ">
        <subfield code="a">REMITTANCES</subfield>
        <subfield code="0">(DHLAUTH)270415</subfield>
    </datafield>
    <datafield tag="650" ind1=" " ind2=" ">
        <subfield code="a">POPULATION SIZE</subfield>
        <subfield code="0">(DHLAUTH)272998</subfield>
    </datafield>
    <datafield tag="650" ind1=" " ind2=" ">
        <subfield code="a">STATISTICAL DATA</subfield>
        <subfield code="0">(DHLAUTH)270233</subfield>
    </datafield>
    <datafield tag="650" ind1=" " ind2=" ">
        <subfield code="a">WESTERN ASIA</subfield>
        <subfield code="0">(DHLAUTH)275490</subfield>
    </datafield>
</record>
<record>
    <datafield tag="191" ind1=" " ind2=" ">
        <subfield code="a">E/ESCWA/SDD/2013/TECHNICAL PAPER.10</subfield>
    </datafield>
    <datafield tag="245" ind1=" " ind2=" ">
        <subfield code="a">SOCIAL DEVELOPMENT BULLETIN ON MIGRATION AND YOUTH : YOUTH MIGRATION, EMPLOYMENT AND EDUCATION IN THE ARAB REGION</subfield>
    </datafield>
    <datafield tag="269" ind1=" " ind2=" ">
        <subfield code="a">20131217</subfield>
    </datafield>
    <datafield tag="650" ind1=" " ind2=" ">
        <subfield code="a">YOUTH MOVEMENTS</subfield>
        <subfield code="0">(DHLAUTH)268541</subfield>
    </datafield>
    <datafield tag="650" ind1=" " ind2=" ">
        <subfield code="a">MIGRATION</subfield>
        <subfield code="0">(DHLAUTH)273027</subfield>
    </datafield>
    <datafield tag="650" ind1=" " ind2=" ">
        <subfield code="a">YOUTH EMPLOYMENT</subfield>
        <subfield code="0">(DHLAUTH)274031</subfield>
    </datafield>
    <datafield tag="650" ind1=" " ind2=" ">
        <subfield code="a">EDUCATION</subfield>
        <subfield code="0">(DHLAUTH)268926</subfield>
    </datafield>
    <datafield tag="650" ind1=" " ind2=" ">
        <subfield code="a">AGE GROUPS</subfield>
        <subfield code="0">(DHLAUTH)269147</subfield>
    </datafield>
    <datafield tag="650" ind1=" " ind2=" ">
        <subfield code="a">LABOUR MOVEMENTS</subfield>
        <subfield code="0">(DHLAUTH)268459</subfield>
    </datafield>
    <datafield tag="650" ind1=" " ind2=" ">
        <subfield code="a">FORCED MIGRATION</subfield>
        <subfield code="0">(DHLAUTH)269274</subfield>
    </datafield>
    <datafield tag="650" ind1=" " ind2=" ">
        <subfield code="a">ARAB COUNTRIES</subfield>
        <subfield code="0">(DHLAUTH)268705</subfield>
    </datafield>
    <datafield tag="650" ind1=" " ind2=" ">
        <subfield code="a">RECOMMENDATIONS</subfield>
        <subfield code="0">(DHLAUTH)275840</subfield>
    </datafield>
</record>
<record>
    <datafield tag="191" ind1=" " ind2=" ">
        <subfield code="a">E/ESCWA/SDD/2013/TECHNICAL PAPER.14</subfield>
    </datafield>
    <datafield tag="245" ind1=" " ind2=" ">
        <subfield code="a">THE DEMOGRAPHIC PROFILE OF THE ARAB COUNTRIES</subfield>
    </datafield>
    <datafield tag="269" ind1=" " ind2=" ">
        <subfield code="a">20140701</subfield>
    </datafield>
    <datafield tag="650" ind1=" " ind2=" ">
        <subfield code="a">DEMOGRAPHIC ANALYSIS</subfield>
        <subfield code="0">(DHLAUTH)272979</subfield>
    </datafield>
    <datafield tag="650" ind1=" " ind2=" ">
        <subfield code="a">POPULATION SIZE</subfield>
        <subfield code="0">(DHLAUTH)272998</subfield>
    </datafield>
    <datafield tag="650" ind1=" " ind2=" ">
        <subfield code="a">POPULATION DISTRIBUTION</subfield>
        <subfield code="0">(DHLAUTH)272996</subfield>
    </datafield>
    <datafield tag="650" ind1=" " ind2=" ">
        <subfield code="a">FERTILITY</subfield>
        <subfield code="0">(DHLAUTH)273021</subfield>
    </datafield>
    <datafield tag="650" ind1=" " ind2=" ">
        <subfield code="a">MORTALITY</subfield>
        <subfield code="0">(DHLAUTH)272982</subfield>
    </datafield>
    <datafield tag="650" ind1=" " ind2=" ">
        <subfield code="a">INTERNATIONAL MIGRATION</subfield>
        <subfield code="0">(DHLAUTH)273006</subfield>
    </datafield>
    <datafield tag="650" ind1=" " ind2=" ">
        <subfield code="a">ARAB COUNTRIES</subfield>
        <subfield code="0">(DHLAUTH)268705</subfield>
    </datafield>
    <datafield tag="650" ind1=" " ind2=" ">
        <subfield code="a">STATISTICAL DATA</subfield>
        <subfield code="0">(DHLAUTH)270233</subfield>
    </datafield>
</record>
<record>
    <datafield tag="191" ind1=" " ind2=" ">
        <subfield code="a">E/ESCWA/SDD/2013/TECHNICAL PAPER.2</subfield>
    </datafield>
    <datafield tag="245" ind1=" " ind2=" ">
        <subfield code="a">INTER-REGIONAL REPORT ON LABOUR MIGRATION AND SOCIAL PROTECTION</subfield>
    </datafield>
    <datafield tag="269" ind1=" " ind2=" ">
        <subfield code="a">20130501</subfield>
    </datafield>
    <datafield tag="650" ind1=" " ind2=" ">
        <subfield code="a">LABOUR MOBILITY</subfield>
        <subfield code="0">(DHLAUTH)274216</subfield>
    </datafield>
    <datafield tag="650" ind1=" " ind2=" ">
        <subfield code="a">SOCIAL SECURITY</subfield>
        <subfield code="0">(DHLAUTH)270081</subfield>
    </datafield>
    <datafield tag="650" ind1=" " ind2=" ">
        <subfield code="a">MIGRANT WORKERS</subfield>
        <subfield code="0">(DHLAUTH)274223</subfield>
    </datafield>
    <datafield tag="650" ind1=" " ind2=" ">
        <subfield code="a">SOCIAL PROBLEMS</subfield>
        <subfield code="0">(DHLAUTH)273573</subfield>
    </datafield>
    <datafield tag="650" ind1=" " ind2=" ">
        <subfield code="a">DOMESTIC WORKERS</subfield>
        <subfield code="0">(DHLAUTH)274310</subfield>
    </datafield>
    <datafield tag="650" ind1=" " ind2=" ">
        <subfield code="a">HUMAN RIGHTS</subfield>
        <subfield code="0">(DHLAUTH)274431</subfield>
    </datafield>
    <datafield tag="650" ind1=" " ind2=" ">
        <subfield code="a">SALARIES AND ALLOWANCES</subfield>
        <subfield code="0">(DHLAUTH)268643</subfield>
    </datafield>
    <datafield tag="650" ind1=" " ind2=" ">
        <subfield code="a">INDONESIANS</subfield>
        <subfield code="0">(DHLAUTH)273364</subfield>
    </datafield>
    <datafield tag="650" ind1=" " ind2=" ">
        <subfield code="a">GULF STATES</subfield>
        <subfield code="0">(DHLAUTH)275605</subfield>
    </datafield>
    <datafield tag="650" ind1=" " ind2=" ">
        <subfield code="a">ARAB COUNTRIES</subfield>
        <subfield code="0">(DHLAUTH)268705</subfield>
    </datafield>
    <datafield tag="650" ind1=" " ind2=" ">
        <subfield code="a">BANGLADESH</subfield>
        <subfield code="0">(DHLAUTH)275551</subfield>
    </datafield>
    <datafield tag="650" ind1=" " ind2=" ">
        <subfield code="a">ASIA AND THE PACIFIC</subfield>
        <subfield code="0">(DHLAUTH)268707</subfield>
    </datafield>
</record>
<record>
    <datafield tag="191" ind1=" " ind2=" ">
        <subfield code="a">E/ESCWA/SDD/2013/TECHNICAL PAPER.7</subfield>
    </datafield>
    <datafield tag="245" ind1=" " ind2=" ">
        <subfield code="a">ESCWA COUNTRY BRIEF 2013</subfield>
    </datafield>
    <datafield tag="269" ind1=" " ind2=" ">
        <subfield code="a">20131120</subfield>
    </datafield>
    <datafield tag="650" ind1=" " ind2=" ">
        <subfield code="a">TRANSITIONAL JUSTICE</subfield>
        <subfield code="0">(DHLAUTH)692537</subfield>
    </datafield>
    <datafield tag="650" ind1=" " ind2=" ">
        <subfield code="a">ECONOMIES IN TRANSITION</subfield>
        <subfield code="0">(DHLAUTH)269666</subfield>
    </datafield>
    <datafield tag="650" ind1=" " ind2=" ">
        <subfield code="a">REVOLUTIONS</subfield>
        <subfield code="0">(DHLAUTH)268283</subfield>
    </datafield>
    <datafield tag="650" ind1=" " ind2=" ">
        <subfield code="a">ECONOMIC GROWTH</subfield>
        <subfield code="0">(DHLAUTH)269754</subfield>
    </datafield>
    <datafield tag="650" ind1=" " ind2=" ">
        <subfield code="a">WOMEN'S RIGHTS</subfield>
        <subfield code="0">(DHLAUTH)273161</subfield>
    </datafield>
    <datafield tag="650" ind1=" " ind2=" ">
        <subfield code="a">DEMOCRATIZATION</subfield>
        <subfield code="0">(DHLAUTH)276569</subfield>
    </datafield>
    <datafield tag="650" ind1=" " ind2=" ">
        <subfield code="a">CIVIL SOCIETY</subfield>
        <subfield code="0">(DHLAUTH)479996</subfield>
    </datafield>
    <datafield tag="650" ind1=" " ind2=" ">
        <subfield code="a">RELIGION</subfield>
        <subfield code="0">(DHLAUTH)269333</subfield>
    </datafield>
    <datafield tag="650" ind1=" " ind2=" ">
        <subfield code="a">NATURAL RESOURCES</subfield>
        <subfield code="0">(DHLAUTH)270548</subfield>
    </datafield>
    <datafield tag="650" ind1=" " ind2=" ">
        <subfield code="a">LIBYA</subfield>
        <subfield code="0">(DHLAUTH)275499</subfield>
    </datafield>
    <datafield tag="650" ind1=" " ind2=" ">
        <subfield code="a">TUNISIA</subfield>
        <subfield code="0">(DHLAUTH)273507</subfield>
    </datafield>
    <datafield tag="650" ind1=" " ind2=" ">
        <subfield code="a">YEMEN</subfield>
        <subfield code="0">(DHLAUTH)273521</subfield>
    </datafield>
</record>
<record>
    <datafield tag="191" ind1=" " ind2=" ">
        <subfield code="a">E/ESCWA/SDD/2014/1/MANUAL</subfield>
    </datafield>
    <datafield tag="246" ind1=" " ind2=" ">
        <subfield code="a">ادراج قضايا الهجرة في التخطيط الانمائي : دليل موجه الى واضعي السياسات ومنفذيها</subfield>
    </datafield>
    <datafield tag="269" ind1=" " ind2=" ">
        <subfield code="a">20140401</subfield>
    </datafield>
    <datafield tag="650" ind1=" " ind2=" ">
        <subfield code="a">MIGRATION</subfield>
        <subfield code="0">(DHLAUTH)273027</subfield>
    </datafield>
    <datafield tag="650" ind1=" " ind2=" ">
        <subfield code="a">DEVELOPMENT PLANNING</subfield>
        <subfield code="0">(DHLAUTH)269883</subfield>
    </datafield>
    <datafield tag="650" ind1=" " ind2=" ">
        <subfield code="a">DEVELOPMENT POLICY</subfield>
        <subfield code="0">(DHLAUTH)269893</subfield>
    </datafield>
    <datafield tag="650" ind1=" " ind2=" ">
        <subfield code="a">INTERNATIONAL MIGRATION</subfield>
        <subfield code="0">(DHLAUTH)273006</subfield>
    </datafield>
    <datafield tag="650" ind1=" " ind2=" ">
        <subfield code="a">ACTIVITIES</subfield>
        <subfield code="0">(DHLAUTH)275823</subfield>
    </datafield>
    <datafield tag="650" ind1=" " ind2=" ">
        <subfield code="a">CAPACITY BUILDING</subfield>
        <subfield code="0">(DHLAUTH)276636</subfield>
    </datafield>
    <datafield tag="650" ind1=" " ind2=" ">
        <subfield code="a">FINANCING</subfield>
        <subfield code="0">(DHLAUTH)10479</subfield>
    </datafield>
    <datafield tag="650" ind1=" " ind2=" ">
        <subfield code="a">GOVERNANCE</subfield>
        <subfield code="0">(DHLAUTH)276686</subfield>
    </datafield>
    <datafield tag="650" ind1=" " ind2=" ">
        <subfield code="a">EMPLOYMENT</subfield>
        <subfield code="0">(DHLAUTH)269797</subfield>
    </datafield>
    <datafield tag="650" ind1=" " ind2=" ">
        <subfield code="a">SOCIAL SECURITY</subfield>
        <subfield code="0">(DHLAUTH)270081</subfield>
    </datafield>
    <datafield tag="650" ind1=" " ind2=" ">
        <subfield code="a">HEALTH SERVICES</subfield>
        <subfield code="0">(DHLAUTH)273200</subfield>
    </datafield>
    <datafield tag="650" ind1=" " ind2=" ">
        <subfield code="a">EDUCATION</subfield>
        <subfield code="0">(DHLAUTH)268926</subfield>
    </datafield>
    <datafield tag="650" ind1=" " ind2=" ">
        <subfield code="a">ECONOMIC GROWTH</subfield>
        <subfield code="0">(DHLAUTH)269754</subfield>
    </datafield>
    <datafield tag="650" ind1=" " ind2=" ">
        <subfield code="a">FOREIGN TRADE</subfield>
        <subfield code="0">(DHLAUTH)272801</subfield>
    </datafield>
    <datafield tag="650" ind1=" " ind2=" ">
        <subfield code="a">ENVIRONMENT</subfield>
        <subfield code="0">(DHLAUTH)270627</subfield>
    </datafield>
    <datafield tag="650" ind1=" " ind2=" ">
        <subfield code="a">MANUALS</subfield>
        <subfield code="0">(DHLAUTH)274980</subfield>
    </datafield>
</record>
<record>
    <datafield tag="191" ind1=" " ind2=" ">
        <subfield code="a">E/ESCWA/SDD/2014/BRIEF. 7</subfield>
    </datafield>
    <datafield tag="245" ind1=" " ind2=" ">
        <subfield code="a">SOCIAL POLICY BRIEF-7 : REAPING THE REWARDS OF DEMOGRAPHIC TRANSITIONS : INVESTING IN ARAB YOUTH = موجز السياسات الاجتماعية - 7 : عوائد التحولات الديمغرافية في البلدان العربية : الاستثمار في الشباب </subfield>
    </datafield>
    <datafield tag="246" ind1=" " ind2=" ">
        <subfield code="a">موجز السياسات الاجتماعية - 7 : عوائد التحولات الديمغرافية في البلدان العربية : الاستثمار في الشباب  = SOCIAL POLICY BRIEF-7 : REAPING THE REWARDS OF DEMOGRAPHIC TRANSITIONS : INVESTING IN ARAB YOUTH</subfield>
    </datafield>
    <datafield tag="269" ind1=" " ind2=" ">
        <subfield code="a">20140701</subfield>
    </datafield>
    <datafield tag="650" ind1=" " ind2=" ">
        <subfield code="a">YOUTH</subfield>
        <subfield code="0">(DHLAUTH)269401</subfield>
    </datafield>
    <datafield tag="650" ind1=" " ind2=" ">
        <subfield code="a">DEMOGRAPHIC ANALYSIS</subfield>
        <subfield code="0">(DHLAUTH)272979</subfield>
    </datafield>
    <datafield tag="650" ind1=" " ind2=" ">
        <subfield code="a">POPULATION ASPECTS</subfield>
        <subfield code="0">(DHLAUTH)273106</subfield>
    </datafield>
    <datafield tag="650" ind1=" " ind2=" ">
        <subfield code="a">DEVELOPMENT ASPECTS</subfield>
        <subfield code="0">(DHLAUTH)269874</subfield>
    </datafield>
    <datafield tag="650" ind1=" " ind2=" ">
        <subfield code="a">ARAB COUNTRIES</subfield>
        <subfield code="0">(DHLAUTH)268705</subfield>
    </datafield>
</record>
<record>
    <datafield tag="191" ind1=" " ind2=" ">
        <subfield code="a">E/ESCWA/SDD/2014/PAMPHLET.3</subfield>
    </datafield>
    <datafield tag="245" ind1=" " ind2=" ">
        <subfield code="a">CIVIL SOCIETY DEVELOPMENT IN TRANSITION : LESSONS FROM EGYPT, LIBYA, TUNISIA AND YEMEN</subfield>
    </datafield>
    <datafield tag="269" ind1=" " ind2=" ">
        <subfield code="a">20140601</subfield>
    </datafield>
    <datafield tag="650" ind1=" " ind2=" ">
        <subfield code="a">CIVIL SOCIETY</subfield>
        <subfield code="0">(DHLAUTH)479996</subfield>
    </datafield>
    <datafield tag="650" ind1=" " ind2=" ">
        <subfield code="a">DEVELOPMENT</subfield>
        <subfield code="0">(DHLAUTH)269844</subfield>
    </datafield>
    <datafield tag="650" ind1=" " ind2=" ">
        <subfield code="a">POPULAR PARTICIPATION</subfield>
        <subfield code="0">(DHLAUTH)268478</subfield>
    </datafield>
    <datafield tag="650" ind1=" " ind2=" ">
        <subfield code="a">POLITICAL PARTICIPATION</subfield>
        <subfield code="0">(DHLAUTH)268475</subfield>
    </datafield>
    <datafield tag="650" ind1=" " ind2=" ">
        <subfield code="a">EGYPT</subfield>
        <subfield code="0">(DHLAUTH)273328</subfield>
    </datafield>
    <datafield tag="650" ind1=" " ind2=" ">
        <subfield code="a">LIBYA</subfield>
        <subfield code="0">(DHLAUTH)275499</subfield>
    </datafield>
    <datafield tag="650" ind1=" " ind2=" ">
        <subfield code="a">TUNISIA</subfield>
        <subfield code="0">(DHLAUTH)273507</subfield>
    </datafield>
    <datafield tag="650" ind1=" " ind2=" ">
        <subfield code="a">YEMEN</subfield>
        <subfield code="0">(DHLAUTH)273521</subfield>
    </datafield>
</record>
<record>
    <datafield tag="191" ind1=" " ind2=" ">
        <subfield code="a">E/ESCWA/SDD/2014/PAMPHLET.4</subfield>
    </datafield>
    <datafield tag="245" ind1=" " ind2=" ">
        <subfield code="a">SOCIAL DEVELOPMENT BULLETIN, VOL. 5, ISSUE NO.1 : PERSONS WITH DISABILITIES IN EMERGENCIES</subfield>
    </datafield>
    <datafield tag="246" ind1=" " ind2=" ">
        <subfield code="a">نشرة التنمية الاجتماعية، المجلد 5، العدد 1 : الاشخاص ذوو الاعاقة في حالات الطوارئ</subfield>
    </datafield>
    <datafield tag="269" ind1=" " ind2=" ">
        <subfield code="a">20141001</subfield>
    </datafield>
    <datafield tag="650" ind1=" " ind2=" ">
        <subfield code="a">PERSONS WITH DISABILITIES</subfield>
        <subfield code="0">(DHLAUTH)273918</subfield>
    </datafield>
    <datafield tag="650" ind1=" " ind2=" ">
        <subfield code="a">RECOMMENDATIONS</subfield>
        <subfield code="0">(DHLAUTH)275840</subfield>
    </datafield>
    <datafield tag="650" ind1=" " ind2=" ">
        <subfield code="a">NATURAL DISASTERS</subfield>
        <subfield code="0">(DHLAUTH)274397</subfield>
    </datafield>
    <datafield tag="650" ind1=" " ind2=" ">
        <subfield code="a">HEALTH SERVICES</subfield>
        <subfield code="0">(DHLAUTH)273200</subfield>
    </datafield>
    <datafield tag="650" ind1=" " ind2=" ">
        <subfield code="a">SOCIAL DEVELOPMENT</subfield>
        <subfield code="0">(DHLAUTH)269873</subfield>
    </datafield>
    <datafield tag="650" ind1=" " ind2=" ">
        <subfield code="a">EMERGENCY RELIEF</subfield>
        <subfield code="0">(DHLAUTH)273708</subfield>
    </datafield>
    <datafield tag="650" ind1=" " ind2=" ">
        <subfield code="a">ARMED CONFLICTS</subfield>
        <subfield code="0">(DHLAUTH)268752</subfield>
    </datafield>
    <datafield tag="650" ind1=" " ind2=" ">
        <subfield code="a">SOCIAL INTEGRATION</subfield>
        <subfield code="0">(DHLAUTH)274706</subfield>
    </datafield>
    <datafield tag="650" ind1=" " ind2=" ">
        <subfield code="a">ARAB COUNTRIES</subfield>
        <subfield code="0">(DHLAUTH)268705</subfield>
    </datafield>
</record>
<record>
    <datafield tag="191" ind1=" " ind2=" ">
        <subfield code="a">E/ESCWA/SDD/2014/TECHNICAL PAPER.1</subfield>
    </datafield>
    <datafield tag="245" ind1=" " ind2=" ">
        <subfield code="a">DISABILITY IN THE ARAB REGION : AN OVERVIEW</subfield>
    </datafield>
    <datafield tag="246" ind1=" " ind2=" ">
        <subfield code="a">الاعاقة في المنطقة العربية : لمحة عامة</subfield>
    </datafield>
    <datafield tag="269" ind1=" " ind2=" ">
        <subfield code="a">20140401</subfield>
    </datafield>
    <datafield tag="650" ind1=" " ind2=" ">
        <subfield code="a">DISABILITY</subfield>
        <subfield code="0">(DHLAUTH)273848</subfield>
    </datafield>
    <datafield tag="650" ind1=" " ind2=" ">
        <subfield code="a">DISABILITY STATISTICS</subfield>
        <subfield code="0">(DHLAUTH)276571</subfield>
    </datafield>
    <datafield tag="650" ind1=" " ind2=" ">
        <subfield code="a">PERSONS WITH DISABILITIES</subfield>
        <subfield code="0">(DHLAUTH)273918</subfield>
    </datafield>
    <datafield tag="650" ind1=" " ind2=" ">
        <subfield code="a">SOCIAL INTERACTION</subfield>
        <subfield code="0">(DHLAUTH)274711</subfield>
    </datafield>
    <datafield tag="650" ind1=" " ind2=" ">
        <subfield code="a">LEGAL ASPECTS</subfield>
        <subfield code="0">(DHLAUTH)269366</subfield>
    </datafield>
    <datafield tag="650" ind1=" " ind2=" ">
        <subfield code="a">SOCIO-ECONOMIC INDICATORS</subfield>
        <subfield code="0">(DHLAUTH)269759</subfield>
    </datafield>
    <datafield tag="650" ind1=" " ind2=" ">
        <subfield code="a">ARAB COUNTRIES</subfield>
        <subfield code="0">(DHLAUTH)268705</subfield>
    </datafield>
</record>
<record>
    <datafield tag="191" ind1=" " ind2=" ">
        <subfield code="a">E/ESCWA/SDD/2015/1</subfield>
    </datafield>
    <datafield tag="245" ind1=" " ind2=" ">
        <subfield code="a">2015 SITUATION REPORT ON INTERNATIONAL MIGRATION : MIGRATION, DISPLACEMENT AND DEVELOPMENT IN A CHANGING ARAB REGION </subfield>
    </datafield>
    <datafield tag="246" ind1=" " ind2=" ">
        <subfield code="a">تقرير الهجرة الدولية لعام 2015 : الهجرة والنزوح والتنمية في منطقة عربية متغبرة</subfield>
    </datafield>
    <datafield tag="269" ind1=" " ind2=" ">
        <subfield code="a">20150201</subfield>
    </datafield>
    <datafield tag="650" ind1=" " ind2=" ">
        <subfield code="a">MIGRATION STATISTICS</subfield>
        <subfield code="0">(DHLAUTH)272990</subfield>
    </datafield>
    <datafield tag="650" ind1=" " ind2=" ">
        <subfield code="a">MIGRATION POLICY</subfield>
        <subfield code="0">(DHLAUTH)273044</subfield>
    </datafield>
    <datafield tag="650" ind1=" " ind2=" ">
        <subfield code="a">DEVELOPMENT PLANNING</subfield>
        <subfield code="0">(DHLAUTH)269883</subfield>
    </datafield>
    <datafield tag="650" ind1=" " ind2=" ">
        <subfield code="a">DEVELOPMENT</subfield>
        <subfield code="0">(DHLAUTH)269844</subfield>
    </datafield>
    <datafield tag="650" ind1=" " ind2=" ">
        <subfield code="a">REMITTANCES</subfield>
        <subfield code="0">(DHLAUTH)270415</subfield>
    </datafield>
    <datafield tag="650" ind1=" " ind2=" ">
        <subfield code="a">ARAB COUNTRIES</subfield>
        <subfield code="0">(DHLAUTH)268705</subfield>
    </datafield>
    <datafield tag="650" ind1=" " ind2=" ">
        <subfield code="a">DEVELOPMENT PLANS</subfield>
        <subfield code="0">(DHLAUTH)269892</subfield>
    </datafield>
    <datafield tag="650" ind1=" " ind2=" ">
        <subfield code="a">FORCED MIGRATION</subfield>
        <subfield code="0">(DHLAUTH)269274</subfield>
    </datafield>
    <datafield tag="650" ind1=" " ind2=" ">
        <subfield code="a">MIGRANTS</subfield>
        <subfield code="0">(DHLAUTH)273097</subfield>
    </datafield>
    <datafield tag="650" ind1=" " ind2=" ">
        <subfield code="a">LABOUR MOVEMENTS</subfield>
        <subfield code="0">(DHLAUTH)268459</subfield>
    </datafield>
    <datafield tag="650" ind1=" " ind2=" ">
        <subfield code="a">INTERNATIONAL MIGRATION</subfield>
        <subfield code="0">(DHLAUTH)273006</subfield>
    </datafield>
    <datafield tag="650" ind1=" " ind2=" ">
        <subfield code="a">CASE STUDIES</subfield>
        <subfield code="0">(DHLAUTH)274639</subfield>
    </datafield>
    <datafield tag="650" ind1=" " ind2=" ">
        <subfield code="a">DISPLACED PERSONS</subfield>
        <subfield code="0">(DHLAUTH)273028</subfield>
    </datafield>
</record>
<record>
    <datafield tag="191" ind1=" " ind2=" ">
        <subfield code="a">E/ESCWA/SDD/2015/3</subfield>
    </datafield>
    <datafield tag="246" ind1=" " ind2=" ">
        <subfield code="a">ماذا تبقّى من الربيع ؟ : مسار طويل نحو تحقيق العدالة الاجتماعية في المنطقة العربية  :  دراسة حالة : مصر وتونس والمغرب</subfield>
    </datafield>
    <datafield tag="269" ind1=" " ind2=" ">
        <subfield code="a">20151201</subfield>
    </datafield>
    <datafield tag="650" ind1=" " ind2=" ">
        <subfield code="a">REVOLUTIONS</subfield>
        <subfield code="0">(DHLAUTH)268283</subfield>
    </datafield>
    <datafield tag="650" ind1=" " ind2=" ">
        <subfield code="a">ARAB COUNTRIES</subfield>
        <subfield code="0">(DHLAUTH)268705</subfield>
    </datafield>
    <datafield tag="650" ind1=" " ind2=" ">
        <subfield code="a">POLITICAL CONDITIONS</subfield>
        <subfield code="0">(DHLAUTH)268326</subfield>
    </datafield>
</record>
<record>
    <datafield tag="191" ind1=" " ind2=" ">
        <subfield code="a">E/ESCWA/SDD/2015/4</subfield>
    </datafield>
    <datafield tag="245" ind1=" " ind2=" ">
        <subfield code="a">POPULATION AND DEVELOPMENT REPORT ISSUE NO. 7 : OVERCOMING POPULATION VULNERABILITY TO WATER SCARCITY IN THE ARAB REGION</subfield>
    </datafield>
    <datafield tag="246" ind1=" " ind2=" ">
        <subfield code="a">تقرير السكان والتنمية العدد السابع : مواجهة تداعيات ندرة المياه على السكان في المنطقة العربية</subfield>
    </datafield>
    <datafield tag="269" ind1=" " ind2=" ">
        <subfield code="a">20150201</subfield>
    </datafield>
    <datafield tag="650" ind1=" " ind2=" ">
        <subfield code="a">STATISTICAL DATA</subfield>
        <subfield code="0">(DHLAUTH)270233</subfield>
    </datafield>
    <datafield tag="650" ind1=" " ind2=" ">
        <subfield code="a">WATER RESOURCES DEVELOPMENT</subfield>
        <subfield code="0">(DHLAUTH)269975</subfield>
    </datafield>
    <datafield tag="650" ind1=" " ind2=" ">
        <subfield code="a">RENEWABLE RESOURCES</subfield>
        <subfield code="0">(DHLAUTH)270564</subfield>
    </datafield>
    <datafield tag="650" ind1=" " ind2=" ">
        <subfield code="a">POPULATION DYNAMICS</subfield>
        <subfield code="0">(DHLAUTH)273107</subfield>
    </datafield>
    <datafield tag="650" ind1=" " ind2=" ">
        <subfield code="a">SLUMS</subfield>
        <subfield code="0">(DHLAUTH)273572</subfield>
    </datafield>
    <datafield tag="650" ind1=" " ind2=" ">
        <subfield code="a">REFUGEES</subfield>
        <subfield code="0">(DHLAUTH)273031</subfield>
    </datafield>
    <datafield tag="650" ind1=" " ind2=" ">
        <subfield code="a">JORDAN RIVER VALLEY</subfield>
        <subfield code="0">(DHLAUTH)277147</subfield>
    </datafield>
    <datafield tag="650" ind1=" " ind2=" ">
        <subfield code="a">WEALTH</subfield>
        <subfield code="0">(DHLAUTH)269708</subfield>
    </datafield>
    <datafield tag="650" ind1=" " ind2=" ">
        <subfield code="a">DEVELOPMENT</subfield>
        <subfield code="0">(DHLAUTH)269844</subfield>
    </datafield>
    <datafield tag="650" ind1=" " ind2=" ">
        <subfield code="a">SUSTAINABLE DEVELOPMENT</subfield>
        <subfield code="0">(DHLAUTH)269920</subfield>
    </datafield>
    <datafield tag="650" ind1=" " ind2=" ">
        <subfield code="a">RURAL-URBAN MIGRATION</subfield>
        <subfield code="0">(DHLAUTH)273049</subfield>
    </datafield>
    <datafield tag="650" ind1=" " ind2=" ">
        <subfield code="a">POPULATION ASPECTS</subfield>
        <subfield code="0">(DHLAUTH)273106</subfield>
    </datafield>
    <datafield tag="650" ind1=" " ind2=" ">
        <subfield code="a">SMALL FARMS</subfield>
        <subfield code="0">(DHLAUTH)271421</subfield>
    </datafield>
</record>
<record>
    <datafield tag="191" ind1=" " ind2=" ">
        <subfield code="a">E/ESCWA/SDD/2015/TECHNICAL PAPER.1</subfield>
    </datafield>
    <datafield tag="246" ind1=" " ind2=" ">
        <subfield code="a">برنامج بناء قدرات الشراكة في الحكم الديمقراطي</subfield>
    </datafield>
    <datafield tag="269" ind1=" " ind2=" ">
        <subfield code="a">20140801</subfield>
    </datafield>
    <datafield tag="650" ind1=" " ind2=" ">
        <subfield code="a">CAPACITY BUILDING</subfield>
        <subfield code="0">(DHLAUTH)276636</subfield>
    </datafield>
    <datafield tag="650" ind1=" " ind2=" ">
        <subfield code="a">GOVERNANCE</subfield>
        <subfield code="0">(DHLAUTH)276686</subfield>
    </datafield>
    <datafield tag="650" ind1=" " ind2=" ">
        <subfield code="a">DEMOCRACY</subfield>
        <subfield code="0">(DHLAUTH)268333</subfield>
    </datafield>
    <datafield tag="650" ind1=" " ind2=" ">
        <subfield code="a">LEADERSHIP</subfield>
        <subfield code="0">(DHLAUTH)268939</subfield>
    </datafield>
    <datafield tag="650" ind1=" " ind2=" ">
        <subfield code="a">CIVIL SOCIETY</subfield>
        <subfield code="0">(DHLAUTH)479996</subfield>
    </datafield>
    <datafield tag="650" ind1=" " ind2=" ">
        <subfield code="a">ACCOUNTABILITY</subfield>
        <subfield code="0">(DHLAUTH)269310</subfield>
    </datafield>
    <datafield tag="650" ind1=" " ind2=" ">
        <subfield code="a">LOCAL GOVERNMENT</subfield>
        <subfield code="0">(DHLAUTH)268301</subfield>
    </datafield>
    <datafield tag="650" ind1=" " ind2=" ">
        <subfield code="a">DECENTRALIZATION IN GOVERNMENT</subfield>
        <subfield code="0">(DHLAUTH)268328</subfield>
    </datafield>
    <datafield tag="650" ind1=" " ind2=" ">
        <subfield code="a">COMMUNITY DEVELOPMENT</subfield>
        <subfield code="0">(DHLAUTH)269977</subfield>
    </datafield>
    <datafield tag="650" ind1=" " ind2=" ">
        <subfield code="a">SOCIAL MEDIA</subfield>
        <subfield code="0">(DHLAUTH)802305</subfield>
    </datafield>
    <datafield tag="650" ind1=" " ind2=" ">
        <subfield code="a">ARAB COUNTRIES</subfield>
        <subfield code="0">(DHLAUTH)268705</subfield>
    </datafield>
    <datafield tag="650" ind1=" " ind2=" ">
        <subfield code="a">TRAINING PROGRAMMES</subfield>
        <subfield code="0">(DHLAUTH)274026</subfield>
    </datafield>
</record>
<record>
    <datafield tag="191" ind1=" " ind2=" ">
        <subfield code="a">E/ESCWA/SDD/2015/TECHNICAL PAPER.11</subfield>
    </datafield>
    <datafield tag="245" ind1=" " ind2=" ">
        <subfield code="a">ORGANIZATIONS OF PERSONS WITH DISABILITIES IN THE ARAB REGION : A PRELIMINARY STUDY</subfield>
    </datafield>
    <datafield tag="269" ind1=" " ind2=" ">
        <subfield code="a">20150731</subfield>
    </datafield>
    <datafield tag="650" ind1=" " ind2=" ">
        <subfield code="a">PERSONS WITH DISABILITIES</subfield>
        <subfield code="0">(DHLAUTH)273918</subfield>
    </datafield>
    <datafield tag="650" ind1=" " ind2=" ">
        <subfield code="a">ORGANIZATIONAL STRUCTURE</subfield>
        <subfield code="0">(DHLAUTH)272030</subfield>
    </datafield>
    <datafield tag="650" ind1=" " ind2=" ">
        <subfield code="a">MEMBERS</subfield>
        <subfield code="0">(DHLAUTH)275782</subfield>
    </datafield>
    <datafield tag="650" ind1=" " ind2=" ">
        <subfield code="a">ACTIVITIES</subfield>
        <subfield code="0">(DHLAUTH)275823</subfield>
    </datafield>
    <datafield tag="650" ind1=" " ind2=" ">
        <subfield code="a">ARAB COUNTRIES</subfield>
        <subfield code="0">(DHLAUTH)268705</subfield>
    </datafield>
</record>
<record>
    <datafield tag="191" ind1=" " ind2=" ">
        <subfield code="a">E/ESCWA/SDD/2015/TECHNICAL PAPER.3</subfield>
    </datafield>
    <datafield tag="245" ind1=" " ind2=" ">
        <subfield code="a">SOCIAL DEVELOPMENT BULLETIN, VOL. 5, ISSUE NO. 2 : SOCIAL JUSTICE AS A TOOL FOR JUSTICE</subfield>
    </datafield>
    <datafield tag="246" ind1=" " ind2=" ">
        <subfield code="a">نشرة التنمية الاجتماعية، المجلد 5، العدد 2 : الحماية الاجتماعية اداة للعدالة</subfield>
    </datafield>
    <datafield tag="269" ind1=" " ind2=" ">
        <subfield code="a">20150501</subfield>
    </datafield>
    <datafield tag="650" ind1=" " ind2=" ">
        <subfield code="a">SOCIAL JUSTICE</subfield>
        <subfield code="0">(DHLAUTH)270080</subfield>
    </datafield>
    <datafield tag="650" ind1=" " ind2=" ">
        <subfield code="a">SUSTAINABLE DEVELOPMENT</subfield>
        <subfield code="0">(DHLAUTH)269920</subfield>
    </datafield>
    <datafield tag="650" ind1=" " ind2=" ">
        <subfield code="a">ARAB COUNTRIES</subfield>
        <subfield code="0">(DHLAUTH)268705</subfield>
    </datafield>
    <datafield tag="650" ind1=" " ind2=" ">
        <subfield code="a">SOCIAL SECURITY</subfield>
        <subfield code="0">(DHLAUTH)270081</subfield>
    </datafield>
    <datafield tag="650" ind1=" " ind2=" ">
        <subfield code="a">HUMAN RIGHTS</subfield>
        <subfield code="0">(DHLAUTH)274431</subfield>
    </datafield>
</record>
<record>
    <datafield tag="191" ind1=" " ind2=" ">
        <subfield code="a">E/ESCWA/SDD/2015/TECHNICAL PAPER.4</subfield>
    </datafield>
    <datafield tag="245" ind1=" " ind2=" ">
        <subfield code="a">SOCIAL DEVELOPMENT BULLETIN, VOL. 5, ISSUE NO.3 : MIGRATION GOVERNANCE IN THE ARAB REGION AND BEYOND</subfield>
    </datafield>
    <datafield tag="246" ind1=" " ind2=" ">
        <subfield code="a">نشرة التنمية الاجتماعية، المجلد 5، العدد 3 : ادارة الهجرة في المنطقة العربية وخارجها</subfield>
    </datafield>
    <datafield tag="269" ind1=" " ind2=" ">
        <subfield code="a">20150501</subfield>
    </datafield>
    <datafield tag="650" ind1=" " ind2=" ">
        <subfield code="a">MIGRATION</subfield>
        <subfield code="0">(DHLAUTH)273027</subfield>
    </datafield>
    <datafield tag="650" ind1=" " ind2=" ">
        <subfield code="a">SUSTAINABLE DEVELOPMENT</subfield>
        <subfield code="0">(DHLAUTH)269920</subfield>
    </datafield>
    <datafield tag="650" ind1=" " ind2=" ">
        <subfield code="a">ARAB COUNTRIES</subfield>
        <subfield code="0">(DHLAUTH)268705</subfield>
    </datafield>
    <datafield tag="650" ind1=" " ind2=" ">
        <subfield code="a">REGIONAL DEVELOPMENT</subfield>
        <subfield code="0">(DHLAUTH)269690</subfield>
    </datafield>
    <datafield tag="650" ind1=" " ind2=" ">
        <subfield code="a">ECONOMIC GROWTH</subfield>
        <subfield code="0">(DHLAUTH)269754</subfield>
    </datafield>
    <datafield tag="650" ind1=" " ind2=" ">
        <subfield code="a">GOVERNANCE</subfield>
        <subfield code="0">(DHLAUTH)276686</subfield>
    </datafield>
    <datafield tag="650" ind1=" " ind2=" ">
        <subfield code="a">INTERNATIONAL MIGRATION</subfield>
        <subfield code="0">(DHLAUTH)273006</subfield>
    </datafield>
    <datafield tag="650" ind1=" " ind2=" ">
        <subfield code="a">GOVERNMENT POLICY</subfield>
        <subfield code="0">(DHLAUTH)758647</subfield>
    </datafield>
</record>
<record>
    <datafield tag="191" ind1=" " ind2=" ">
        <subfield code="a">E/ESCWA/SDD/2016/TECHNICAL PAPER.2</subfield>
    </datafield>
    <datafield tag="245" ind1=" " ind2=" ">
        <subfield code="a">EQUALITY IN THE NEW GLOBAL AGENDA : INTEGRATING A GENDER PERSPECTIVE IN THE IMPLEMENTATION OF SUSTAINABLE DEVELOPMENT GOALS 1 AND 2 IN THE ARAB REGION</subfield>
    </datafield>
    <datafield tag="246" ind1=" " ind2=" ">
        <subfield code="a">المساواة في الخطة العالمية الجديدة : ادماج منظور الجنسين في تنفيذ هدفي التنمية المستدامة 1 و 2 في المنطقة العربية</subfield>
    </datafield>
    <datafield tag="269" ind1=" " ind2=" ">
        <subfield code="a">20161005</subfield>
    </datafield>
    <datafield tag="650" ind1=" " ind2=" ">
        <subfield code="a">SUSTAINABLE DEVELOPMENT</subfield>
        <subfield code="0">(DHLAUTH)269920</subfield>
    </datafield>
    <datafield tag="650" ind1=" " ind2=" ">
        <subfield code="a">POVERTY MITIGATION</subfield>
        <subfield code="0">(DHLAUTH)274700</subfield>
    </datafield>
    <datafield tag="650" ind1=" " ind2=" ">
        <subfield code="a">FOOD SECURITY</subfield>
        <subfield code="0">(DHLAUTH)273653</subfield>
    </datafield>
    <datafield tag="650" ind1=" " ind2=" ">
        <subfield code="a">NUTRITION</subfield>
        <subfield code="0">(DHLAUTH)271601</subfield>
    </datafield>
    <datafield tag="650" ind1=" " ind2=" ">
        <subfield code="a">SUSTAINABLE AGRICULTURE</subfield>
        <subfield code="0">(DHLAUTH)270600</subfield>
    </datafield>
    <datafield tag="650" ind1=" " ind2=" ">
        <subfield code="a">GENDER</subfield>
        <subfield code="0">(DHLAUTH)444326</subfield>
    </datafield>
    <datafield tag="650" ind1=" " ind2=" ">
        <subfield code="a">GENDER MAINSTREAMING</subfield>
        <subfield code="0">(DHLAUTH)493524</subfield>
    </datafield>
    <datafield tag="650" ind1=" " ind2=" ">
        <subfield code="a">GENDER EQUALITY</subfield>
        <subfield code="0">(DHLAUTH)441178</subfield>
    </datafield>
    <datafield tag="650" ind1=" " ind2=" ">
        <subfield code="a">ARAB COUNTRIES</subfield>
        <subfield code="0">(DHLAUTH)268705</subfield>
    </datafield>
</record>
<record>
    <datafield tag="191" ind1=" " ind2=" ">
        <subfield code="a">E/ESCWA/SDD/2016/WG.1/REPORT</subfield>
    </datafield>
    <datafield tag="246" ind1=" " ind2=" ">
        <subfield code="a">تقرير المنتدى العربي للتنمية المستدامة لعام 2016، عمان، 29 - 30 ايار/مايو 2016</subfield>
    </datafield>
    <datafield tag="269" ind1=" " ind2=" ">
        <subfield code="a">20160610</subfield>
    </datafield>
    <datafield tag="650" ind1=" " ind2=" ">
        <subfield code="a">SUSTAINABLE DEVELOPMENT</subfield>
        <subfield code="0">(DHLAUTH)269920</subfield>
    </datafield>
    <datafield tag="650" ind1=" " ind2=" ">
        <subfield code="a">REGIONAL COOPERATION</subfield>
        <subfield code="0">(DHLAUTH)268656</subfield>
    </datafield>
    <datafield tag="650" ind1=" " ind2=" ">
        <subfield code="a">REGIONAL DEVELOPMENT</subfield>
        <subfield code="0">(DHLAUTH)269690</subfield>
    </datafield>
    <datafield tag="650" ind1=" " ind2=" ">
        <subfield code="a">ARAB COUNTRIES</subfield>
        <subfield code="0">(DHLAUTH)268705</subfield>
    </datafield>
    <datafield tag="650" ind1=" " ind2=" ">
        <subfield code="a">CONFERENCES</subfield>
        <subfield code="0">(DHLAUTH)275758</subfield>
    </datafield>
</record>
<record>
    <datafield tag="191" ind1=" " ind2=" ">
        <subfield code="a">E/ESCWA/SDD/2017/PAMPHLET.1</subfield>
    </datafield>
    <datafield tag="245" ind1=" " ind2=" ">
        <subfield code="a">AGE-STRUCTURAL TRANSITIONS AND SUSTAINABLE DEVELOPMENT IN THE ARAB REGION</subfield>
    </datafield>
    <datafield tag="269" ind1=" " ind2=" ">
        <subfield code="a">20170330</subfield>
    </datafield>
    <datafield tag="650" ind1=" " ind2=" ">
        <subfield code="a">DEMOGRAPHIC AGEING</subfield>
        <subfield code="0">(DHLAUTH)272936</subfield>
    </datafield>
    <datafield tag="650" ind1=" " ind2=" ">
        <subfield code="a">DEMOGRAPHY</subfield>
        <subfield code="0">(DHLAUTH)272984</subfield>
    </datafield>
    <datafield tag="650" ind1=" " ind2=" ">
        <subfield code="a">AGEING</subfield>
        <subfield code="0">(DHLAUTH)273056</subfield>
    </datafield>
    <datafield tag="650" ind1=" " ind2=" ">
        <subfield code="a">FERTILITY RATE</subfield>
        <subfield code="0">(DHLAUTH)272942</subfield>
    </datafield>
    <datafield tag="650" ind1=" " ind2=" ">
        <subfield code="a">SUSTAINABLE DEVELOPMENT</subfield>
        <subfield code="0">(DHLAUTH)269920</subfield>
    </datafield>
    <datafield tag="650" ind1=" " ind2=" ">
        <subfield code="a">STATISTICAL DATA</subfield>
        <subfield code="0">(DHLAUTH)270233</subfield>
    </datafield>
    <datafield tag="650" ind1=" " ind2=" ">
        <subfield code="a">ARAB COUNTRIES</subfield>
        <subfield code="0">(DHLAUTH)268705</subfield>
    </datafield>
</record>
<record>
    <datafield tag="191" ind1=" " ind2=" ">
        <subfield code="a">E/ESCWA/SDHS/82/4</subfield>
    </datafield>
    <datafield tag="245" ind1=" " ind2=" ">
        <subfield code="a">PROGRESS REPORT TO THE ELEVENTH SESSION OF THE CONSULTATIVE COMMITTEE ON ECWA'S VOLUNTARY FUND ACTIVITIES COVERING THE PERIOD 1 JULY 1981 DECEMBER 31, 1981</subfield>
    </datafield>
    <datafield tag="269" ind1=" " ind2=" ">
        <subfield code="a">19810201</subfield>
    </datafield>
    <datafield tag="650" ind1=" " ind2=" ">
        <subfield code="a">VOLUNTARY SERVICE</subfield>
        <subfield code="0">(DHLAUTH)269985</subfield>
    </datafield>
    <datafield tag="650" ind1=" " ind2=" ">
        <subfield code="a">WESTERN ASIA</subfield>
        <subfield code="0">(DHLAUTH)275490</subfield>
    </datafield>
    <datafield tag="650" ind1=" " ind2=" ">
        <subfield code="a">ACTIVITIES</subfield>
        <subfield code="0">(DHLAUTH)275823</subfield>
    </datafield>
    <datafield tag="650" ind1=" " ind2=" ">
        <subfield code="a">HUMAN RESOURCES</subfield>
        <subfield code="0">(DHLAUTH)270571</subfield>
    </datafield>
</record>
<record>
    <datafield tag="191" ind1=" " ind2=" ">
        <subfield code="a">E/ESCWA/SDHS/CONF.4/6/REV.1</subfield>
    </datafield>
    <datafield tag="245" ind1=" " ind2=" ">
        <subfield code="a">SOCIAL AND ECONOMIC CONDITIONS OF PALESTINIAN WOMAN INSIDE AND OUTSIDE THE OCCUPIED TERRITORIES : REGIONAL PREPARATORY MEETING FOR THE WORLD CONFERENCE FOR THE UNITED NATIONS DECADE FOR WOMEN, 1980, 10 - 13 DECEMBER 1979. DAMASCUS, SYRIAN ARAB REPUBLIC</subfield>
    </datafield>
    <datafield tag="269" ind1=" " ind2=" ">
        <subfield code="a">19800220</subfield>
    </datafield>
    <datafield tag="650" ind1=" " ind2=" ">
        <subfield code="a">WOMEN</subfield>
        <subfield code="0">(DHLAUTH)273032</subfield>
    </datafield>
    <datafield tag="650" ind1=" " ind2=" ">
        <subfield code="a">ECONOMIC CONDITIONS</subfield>
        <subfield code="0">(DHLAUTH)269719</subfield>
    </datafield>
    <datafield tag="650" ind1=" " ind2=" ">
        <subfield code="a">SOCIAL CONDITIONS</subfield>
        <subfield code="0">(DHLAUTH)268327</subfield>
    </datafield>
    <datafield tag="650" ind1=" " ind2=" ">
        <subfield code="a">TERRITORIES OCCUPIED BY ISRAEL</subfield>
        <subfield code="0">(DHLAUTH)268687</subfield>
    </datafield>
    <datafield tag="650" ind1=" " ind2=" ">
        <subfield code="a">CONFERENCES</subfield>
        <subfield code="0">(DHLAUTH)275758</subfield>
    </datafield>
</record>
<record>
    <datafield tag="191" ind1=" " ind2=" ">
        <subfield code="a">E/ESCWA/SDPD/2004/6/SUMMARY</subfield>
    </datafield>
    <datafield tag="245" ind1=" " ind2=" ">
        <subfield code="a">ENHANCING THE APPLICATION OF INTEGRATED WATER RESOURCES MANAGEMENT IN THE ESCWA REGION</subfield>
    </datafield>
    <datafield tag="269" ind1=" " ind2=" ">
        <subfield code="a">20040909</subfield>
    </datafield>
    <datafield tag="650" ind1=" " ind2=" ">
        <subfield code="a">DEFINITION</subfield>
        <subfield code="0">(DHLAUTH)274915</subfield>
    </datafield>
    <datafield tag="650" ind1=" " ind2=" ">
        <subfield code="a">CAPACITY BUILDING</subfield>
        <subfield code="0">(DHLAUTH)276636</subfield>
    </datafield>
    <datafield tag="650" ind1=" " ind2=" ">
        <subfield code="a">WATER LAW</subfield>
        <subfield code="0">(DHLAUTH)269421</subfield>
    </datafield>
    <datafield tag="650" ind1=" " ind2=" ">
        <subfield code="a">GENDER</subfield>
        <subfield code="0">(DHLAUTH)444326</subfield>
    </datafield>
    <datafield tag="650" ind1=" " ind2=" ">
        <subfield code="a">FINANCIAL RESOURCES</subfield>
        <subfield code="0">(DHLAUTH)269810</subfield>
    </datafield>
    <datafield tag="650" ind1=" " ind2=" ">
        <subfield code="a">DRINKING WATER</subfield>
        <subfield code="0">(DHLAUTH)270884</subfield>
    </datafield>
    <datafield tag="650" ind1=" " ind2=" ">
        <subfield code="a">SANITATION SERVICES</subfield>
        <subfield code="0">(DHLAUTH)272258</subfield>
    </datafield>
    <datafield tag="650" ind1=" " ind2=" ">
        <subfield code="a">ECOSYSTEMS</subfield>
        <subfield code="0">(DHLAUTH)270620</subfield>
    </datafield>
    <datafield tag="650" ind1=" " ind2=" ">
        <subfield code="a">WATER POLICY</subfield>
        <subfield code="0">(DHLAUTH)270576</subfield>
    </datafield>
    <datafield tag="650" ind1=" " ind2=" ">
        <subfield code="a">MANUALS</subfield>
        <subfield code="0">(DHLAUTH)274980</subfield>
    </datafield>
    <datafield tag="650" ind1=" " ind2=" ">
        <subfield code="a">GUIDELINES</subfield>
        <subfield code="0">(DHLAUTH)275775</subfield>
    </datafield>
    <datafield tag="650" ind1=" " ind2=" ">
        <subfield code="a">WESTERN ASIA</subfield>
        <subfield code="0">(DHLAUTH)275490</subfield>
    </datafield>
</record>
<record>
    <datafield tag="191" ind1=" " ind2=" ">
        <subfield code="a">E/ESCWA/SDPD/2005/BOOKLET.1</subfield>
    </datafield>
    <datafield tag="246" ind1=" " ind2=" ">
        <subfield code="a">ملامح قطرية واقليمية لمؤشرات التنمية المستدامة لقطاعات مختارة في منطقة الاسكوا: قطاع الطاقة 1</subfield>
    </datafield>
    <datafield tag="269" ind1=" " ind2=" ">
        <subfield code="a">20051221</subfield>
    </datafield>
    <datafield tag="650" ind1=" " ind2=" ">
        <subfield code="a">SUSTAINABLE DEVELOPMENT</subfield>
        <subfield code="0">(DHLAUTH)269920</subfield>
    </datafield>
    <datafield tag="650" ind1=" " ind2=" ">
        <subfield code="a">ENERGY RESOURCES</subfield>
        <subfield code="0">(DHLAUTH)270561</subfield>
    </datafield>
    <datafield tag="650" ind1=" " ind2=" ">
        <subfield code="a">WESTERN ASIA</subfield>
        <subfield code="0">(DHLAUTH)275490</subfield>
    </datafield>
    <datafield tag="650" ind1=" " ind2=" ">
        <subfield code="a">ECONOMIC ASPECTS</subfield>
        <subfield code="0">(DHLAUTH)269753</subfield>
    </datafield>
    <datafield tag="650" ind1=" " ind2=" ">
        <subfield code="a">SOCIAL ASPECTS</subfield>
        <subfield code="0">(DHLAUTH)274710</subfield>
    </datafield>
</record>
<record>
    <datafield tag="191" ind1=" " ind2=" ">
        <subfield code="a">E/ESCWA/SDPD/2005/BOOKLET.2</subfield>
    </datafield>
    <datafield tag="246" ind1=" " ind2=" ">
        <subfield code="a">ملامح قطرية واقليمية لمؤشرات التنمية المستدامة لقطاعات مختارة في منطقة الاسكوا: قطاع الموارد المائية 2</subfield>
    </datafield>
    <datafield tag="269" ind1=" " ind2=" ">
        <subfield code="a">20051221</subfield>
    </datafield>
    <datafield tag="650" ind1=" " ind2=" ">
        <subfield code="a">SUSTAINABLE DEVELOPMENT</subfield>
        <subfield code="0">(DHLAUTH)269920</subfield>
    </datafield>
    <datafield tag="650" ind1=" " ind2=" ">
        <subfield code="a">WESTERN ASIA</subfield>
        <subfield code="0">(DHLAUTH)275490</subfield>
    </datafield>
    <datafield tag="650" ind1=" " ind2=" ">
        <subfield code="a">SOCIO-ECONOMIC INDICATORS</subfield>
        <subfield code="0">(DHLAUTH)269759</subfield>
    </datafield>
    <datafield tag="650" ind1=" " ind2=" ">
        <subfield code="a">WATER RESOURCES</subfield>
        <subfield code="0">(DHLAUTH)270568</subfield>
    </datafield>
</record>
<record>
    <datafield tag="191" ind1=" " ind2=" ">
        <subfield code="a">E/ESCWA/SDPD/2005/BOOKLET.3</subfield>
    </datafield>
    <datafield tag="246" ind1=" " ind2=" ">
        <subfield code="a">ملامح قطرية واقليمية لمؤشرات التنمية المستدامة لقطاعات مختارة في منطقة الاسكوا: قطاع البيئة</subfield>
    </datafield>
    <datafield tag="269" ind1=" " ind2=" ">
        <subfield code="a">20051221</subfield>
    </datafield>
    <datafield tag="650" ind1=" " ind2=" ">
        <subfield code="a">SUSTAINABLE DEVELOPMENT</subfield>
        <subfield code="0">(DHLAUTH)269920</subfield>
    </datafield>
    <datafield tag="650" ind1=" " ind2=" ">
        <subfield code="a">WESTERN ASIA</subfield>
        <subfield code="0">(DHLAUTH)275490</subfield>
    </datafield>
    <datafield tag="650" ind1=" " ind2=" ">
        <subfield code="a">SOCIO-ECONOMIC INDICATORS</subfield>
        <subfield code="0">(DHLAUTH)269759</subfield>
    </datafield>
    <datafield tag="650" ind1=" " ind2=" ">
        <subfield code="a">ENVIRONMENT</subfield>
        <subfield code="0">(DHLAUTH)270627</subfield>
    </datafield>
</record>
<record>
    <datafield tag="191" ind1=" " ind2=" ">
        <subfield code="a">E/ESCWA/SDPD/2005/BOOKLET.4</subfield>
    </datafield>
    <datafield tag="246" ind1=" " ind2=" ">
        <subfield code="a">ملامح قطرية واقليمية لمؤشرات التنمية المستدامة لقطاعات مختارة في منطقة الاسكوا: قطاع الزراعة والتنمية الريفية</subfield>
    </datafield>
    <datafield tag="269" ind1=" " ind2=" ">
        <subfield code="a">20051221</subfield>
    </datafield>
    <datafield tag="650" ind1=" " ind2=" ">
        <subfield code="a">SUSTAINABLE DEVELOPMENT</subfield>
        <subfield code="0">(DHLAUTH)269920</subfield>
    </datafield>
    <datafield tag="650" ind1=" " ind2=" ">
        <subfield code="a">WESTERN ASIA</subfield>
        <subfield code="0">(DHLAUTH)275490</subfield>
    </datafield>
    <datafield tag="650" ind1=" " ind2=" ">
        <subfield code="a">SOCIO-ECONOMIC INDICATORS</subfield>
        <subfield code="0">(DHLAUTH)269759</subfield>
    </datafield>
    <datafield tag="650" ind1=" " ind2=" ">
        <subfield code="a">RURAL DEVELOPMENT</subfield>
        <subfield code="0">(DHLAUTH)269872</subfield>
    </datafield>
    <datafield tag="650" ind1=" " ind2=" ">
        <subfield code="a">AGRICULTURE</subfield>
        <subfield code="0">(DHLAUTH)271335</subfield>
    </datafield>
</record>
<record>
    <datafield tag="191" ind1=" " ind2=" ">
        <subfield code="a">E/ESCWA/SDPD/2005/BOOKLET.5</subfield>
    </datafield>
    <datafield tag="246" ind1=" " ind2=" ">
        <subfield code="a">ملامح قطرية واقليمية لمؤشرات التنمية المستدامة لقطاعات مختارة في منطقة الاسكوا: قطاع المؤسسات الصغيرة والمتوسطة الحجم</subfield>
    </datafield>
    <datafield tag="269" ind1=" " ind2=" ">
        <subfield code="a">20051221</subfield>
    </datafield>
    <datafield tag="650" ind1=" " ind2=" ">
        <subfield code="a">SUSTAINABLE DEVELOPMENT</subfield>
        <subfield code="0">(DHLAUTH)269920</subfield>
    </datafield>
    <datafield tag="650" ind1=" " ind2=" ">
        <subfield code="a">WESTERN ASIA</subfield>
        <subfield code="0">(DHLAUTH)275490</subfield>
    </datafield>
    <datafield tag="650" ind1=" " ind2=" ">
        <subfield code="a">SOCIO-ECONOMIC INDICATORS</subfield>
        <subfield code="0">(DHLAUTH)269759</subfield>
    </datafield>
    <datafield tag="650" ind1=" " ind2=" ">
        <subfield code="a">MEDIUM ENTERPRISES</subfield>
        <subfield code="0">(DHLAUTH)526842</subfield>
    </datafield>
    <datafield tag="650" ind1=" " ind2=" ">
        <subfield code="a">FOUNDATIONS</subfield>
        <subfield code="0">(DHLAUTH)270118</subfield>
    </datafield>
</record>
<record>
    <datafield tag="191" ind1=" " ind2=" ">
        <subfield code="a">E/ESCWA/SDPD/2005/BOOKLET.6</subfield>
    </datafield>
    <datafield tag="246" ind1=" " ind2=" ">
        <subfield code="a">ملامح قطرية واقليمية لمؤشرات التنمية المستدامة لقطاعات مختارة في منطقة الاسكوا: قطاع العلم والتكنولوجيا</subfield>
    </datafield>
    <datafield tag="269" ind1=" " ind2=" ">
        <subfield code="a">20051221</subfield>
    </datafield>
    <datafield tag="650" ind1=" " ind2=" ">
        <subfield code="a">SUSTAINABLE DEVELOPMENT</subfield>
        <subfield code="0">(DHLAUTH)269920</subfield>
    </datafield>
    <datafield tag="650" ind1=" " ind2=" ">
        <subfield code="a">WESTERN ASIA</subfield>
        <subfield code="0">(DHLAUTH)275490</subfield>
    </datafield>
    <datafield tag="650" ind1=" " ind2=" ">
        <subfield code="a">SOCIO-ECONOMIC INDICATORS</subfield>
        <subfield code="0">(DHLAUTH)269759</subfield>
    </datafield>
    <datafield tag="650" ind1=" " ind2=" ">
        <subfield code="a">SCIENCE AND TECHNOLOGY</subfield>
        <subfield code="0">(DHLAUTH)275209</subfield>
    </datafield>
</record>
<record>
    <datafield tag="191" ind1=" " ind2=" ">
        <subfield code="a">E/ESCWA/SDPD/2005/TECHNICAL PAPER.1</subfield>
    </datafield>
    <datafield tag="246" ind1=" " ind2=" ">
        <subfield code="a">دليل بناء قدرات الاعلاميين العرب لتناول قضايا البيئة بهدف تحقيق التنمية المستدامة</subfield>
    </datafield>
    <datafield tag="269" ind1=" " ind2=" ">
        <subfield code="a">20051101</subfield>
    </datafield>
    <datafield tag="650" ind1=" " ind2=" ">
        <subfield code="a">DIRECTORIES</subfield>
        <subfield code="0">(DHLAUTH)275130</subfield>
    </datafield>
    <datafield tag="650" ind1=" " ind2=" ">
        <subfield code="a">CAPACITY BUILDING</subfield>
        <subfield code="0">(DHLAUTH)276636</subfield>
    </datafield>
    <datafield tag="650" ind1=" " ind2=" ">
        <subfield code="a">INFORMATION SOURCES</subfield>
        <subfield code="0">(DHLAUTH)275147</subfield>
    </datafield>
    <datafield tag="650" ind1=" " ind2=" ">
        <subfield code="a">ENVIRONMENT</subfield>
        <subfield code="0">(DHLAUTH)270627</subfield>
    </datafield>
    <datafield tag="650" ind1=" " ind2=" ">
        <subfield code="a">SUSTAINABLE DEVELOPMENT</subfield>
        <subfield code="0">(DHLAUTH)269920</subfield>
    </datafield>
    <datafield tag="650" ind1=" " ind2=" ">
        <subfield code="a">ENVIRONMENTAL INFORMATION</subfield>
        <subfield code="0">(DHLAUTH)270634</subfield>
    </datafield>
</record>
<record>
    <datafield tag="191" ind1=" " ind2=" ">
        <subfield code="a">E/ESCWA/SDPD/2009/2</subfield>
    </datafield>
    <datafield tag="246" ind1=" " ind2=" ">
        <subfield code="a">تقرير اجتماع خبراء حول افضل السبل والاجراءات لتشجيع تطبيقات الطاقات المتجددة في منطقة الاسكوا بيروت 3-4 شباط/فبراير 2009</subfield>
    </datafield>
    <datafield tag="269" ind1=" " ind2=" ">
        <subfield code="a">20090416</subfield>
    </datafield>
    <datafield tag="650" ind1=" " ind2=" ">
        <subfield code="a">WESTERN ASIA</subfield>
        <subfield code="0">(DHLAUTH)275490</subfield>
    </datafield>
    <datafield tag="650" ind1=" " ind2=" ">
        <subfield code="a">RENEWABLE ENERGY SOURCES</subfield>
        <subfield code="0">(DHLAUTH)270594</subfield>
    </datafield>
    <datafield tag="650" ind1=" " ind2=" ">
        <subfield code="a">WORK ORGANIZATION</subfield>
        <subfield code="0">(DHLAUTH)275746</subfield>
    </datafield>
</record>
<record>
    <datafield tag="191" ind1=" " ind2=" ">
        <subfield code="a">E/ESCWA/SDPD/2009/3</subfield>
    </datafield>
    <datafield tag="246" ind1=" " ind2=" ">
        <subfield code="a">تقرير النقل من اجل التنمية المستدامة في المنطقة العربية وعلاقته بقضايا تغير المناخ مقر جامعة الدول العربية القاهرة 29 ايلول/سبتمبر - 1 تشرين الاول/اكتوبر 2009</subfield>
    </datafield>
    <datafield tag="269" ind1=" " ind2=" ">
        <subfield code="a">20091103</subfield>
    </datafield>
    <datafield tag="650" ind1=" " ind2=" ">
        <subfield code="a">SUSTAINABLE DEVELOPMENT</subfield>
        <subfield code="0">(DHLAUTH)269920</subfield>
    </datafield>
    <datafield tag="650" ind1=" " ind2=" ">
        <subfield code="a">CLIMATE CHANGE</subfield>
        <subfield code="0">(DHLAUTH)275343</subfield>
    </datafield>
    <datafield tag="650" ind1=" " ind2=" ">
        <subfield code="a">SUSTAINABLE TRANSPORT</subfield>
        <subfield code="0">(DHLAUTH)559607</subfield>
    </datafield>
    <datafield tag="650" ind1=" " ind2=" ">
        <subfield code="a">ARAB COUNTRIES</subfield>
        <subfield code="0">(DHLAUTH)268705</subfield>
    </datafield>
    <datafield tag="650" ind1=" " ind2=" ">
        <subfield code="a">WESTERN ASIA</subfield>
        <subfield code="0">(DHLAUTH)275490</subfield>
    </datafield>
</record>
<record>
    <datafield tag="191" ind1=" " ind2=" ">
        <subfield code="a">E/ESCWA/SDPD/2009/TECHNICAL MATERIAL.1</subfield>
    </datafield>
    <datafield tag="245" ind1=" " ind2=" ">
        <subfield code="a">SHARED WATERS SHARED OPPORTUNITIES TRANSBOUNDARY WATERS IN THE ESCWA REGION</subfield>
    </datafield>
    <datafield tag="269" ind1=" " ind2=" ">
        <subfield code="a">20090301</subfield>
    </datafield>
    <datafield tag="650" ind1=" " ind2=" ">
        <subfield code="a">SHARED WATER RESOURCES</subfield>
        <subfield code="0">(DHLAUTH)269493</subfield>
    </datafield>
    <datafield tag="650" ind1=" " ind2=" ">
        <subfield code="a">WATER LAW</subfield>
        <subfield code="0">(DHLAUTH)269421</subfield>
    </datafield>
    <datafield tag="650" ind1=" " ind2=" ">
        <subfield code="a">INTERNATIONAL WATERCOURSES</subfield>
        <subfield code="0">(DHLAUTH)269490</subfield>
    </datafield>
    <datafield tag="650" ind1=" " ind2=" ">
        <subfield code="a">AQUIFERS</subfield>
        <subfield code="0">(DHLAUTH)270896</subfield>
    </datafield>
    <datafield tag="650" ind1=" " ind2=" ">
        <subfield code="a">WESTERN ASIA</subfield>
        <subfield code="0">(DHLAUTH)275490</subfield>
    </datafield>
    <datafield tag="650" ind1=" " ind2=" ">
        <subfield code="a">RESOLUTIONS AND DECISIONS</subfield>
        <subfield code="0">(DHLAUTH)275677</subfield>
    </datafield>
    <datafield tag="650" ind1=" " ind2=" ">
        <subfield code="a">NILE RIVER</subfield>
        <subfield code="0">(DHLAUTH)277351</subfield>
    </datafield>
    <datafield tag="650" ind1=" " ind2=" ">
        <subfield code="a">TIGRIS RIVER</subfield>
        <subfield code="0">(DHLAUTH)277585</subfield>
    </datafield>
    <datafield tag="650" ind1=" " ind2=" ">
        <subfield code="a">JORDAN RIVER</subfield>
        <subfield code="0">(DHLAUTH)277146</subfield>
    </datafield>
    <datafield tag="650" ind1=" " ind2=" ">
        <subfield code="a">LEBANON</subfield>
        <subfield code="0">(DHLAUTH)269069</subfield>
    </datafield>
    <datafield tag="650" ind1=" " ind2=" ">
        <subfield code="a">MEDITERRANEAN SEA</subfield>
        <subfield code="0">(DHLAUTH)271037</subfield>
    </datafield>
    <datafield tag="650" ind1=" " ind2=" ">
        <subfield code="a">WEST BANK (STATE OF PALESTINE)</subfield>
        <subfield code="0">(DHLAUTH)277374</subfield>
    </datafield>
    <datafield tag="650" ind1=" " ind2=" ">
        <subfield code="a">OMAN</subfield>
        <subfield code="0">(DHLAUTH)273438</subfield>
    </datafield>
    <datafield tag="650" ind1=" " ind2=" ">
        <subfield code="a">UNITED ARAB EMIRATES</subfield>
        <subfield code="0">(DHLAUTH)275604</subfield>
    </datafield>
    <datafield tag="650" ind1=" " ind2=" ">
        <subfield code="a">SAUDI ARABIA</subfield>
        <subfield code="0">(DHLAUTH)273464</subfield>
    </datafield>
</record>
<record>
    <datafield tag="191" ind1=" " ind2=" ">
        <subfield code="a">E/ESCWA/SDPD/2010/TECHNICAL PAPER.1</subfield>
    </datafield>
    <datafield tag="245" ind1=" " ind2=" ">
        <subfield code="a">BIOLOGICAL DIVERSITY</subfield>
    </datafield>
    <datafield tag="269" ind1=" " ind2=" ">
        <subfield code="a">20101101</subfield>
    </datafield>
    <datafield tag="650" ind1=" " ind2=" ">
        <subfield code="a">BIOLOGICAL DIVERSITY</subfield>
        <subfield code="0">(DHLAUTH)270550</subfield>
    </datafield>
    <datafield tag="650" ind1=" " ind2=" ">
        <subfield code="a">WESTERN ASIA</subfield>
        <subfield code="0">(DHLAUTH)275490</subfield>
    </datafield>
    <datafield tag="650" ind1=" " ind2=" ">
        <subfield code="a">BAHRAIN</subfield>
        <subfield code="0">(DHLAUTH)273274</subfield>
    </datafield>
    <datafield tag="650" ind1=" " ind2=" ">
        <subfield code="a">EGYPT</subfield>
        <subfield code="0">(DHLAUTH)273328</subfield>
    </datafield>
    <datafield tag="650" ind1=" " ind2=" ">
        <subfield code="a">IRAQ</subfield>
        <subfield code="0">(DHLAUTH)273370</subfield>
    </datafield>
    <datafield tag="650" ind1=" " ind2=" ">
        <subfield code="a">JORDAN</subfield>
        <subfield code="0">(DHLAUTH)269099</subfield>
    </datafield>
    <datafield tag="650" ind1=" " ind2=" ">
        <subfield code="a">KUWAIT</subfield>
        <subfield code="0">(DHLAUTH)273384</subfield>
    </datafield>
    <datafield tag="650" ind1=" " ind2=" ">
        <subfield code="a">LEBANON</subfield>
        <subfield code="0">(DHLAUTH)269069</subfield>
    </datafield>
    <datafield tag="650" ind1=" " ind2=" ">
        <subfield code="a">OMAN</subfield>
        <subfield code="0">(DHLAUTH)273438</subfield>
    </datafield>
</record>
<record>
    <datafield tag="191" ind1=" " ind2=" ">
        <subfield code="a">E/ESCWA/SDPD/2010/TECHNICAL PAPER.4</subfield>
    </datafield>
    <datafield tag="246" ind1=" " ind2=" ">
        <subfield code="a">تحسين كفاءة الطاقة في قطاع الكهرباء في منطقة الاسكوا</subfield>
    </datafield>
    <datafield tag="269" ind1=" " ind2=" ">
        <subfield code="a">20101108</subfield>
    </datafield>
    <datafield tag="650" ind1=" " ind2=" ">
        <subfield code="a">ELECTRIC POWER</subfield>
        <subfield code="0">(DHLAUTH)271189</subfield>
    </datafield>
    <datafield tag="650" ind1=" " ind2=" ">
        <subfield code="a">ENERGY CONSUMPTION</subfield>
        <subfield code="0">(DHLAUTH)269578</subfield>
    </datafield>
    <datafield tag="650" ind1=" " ind2=" ">
        <subfield code="a">POWER INDUSTRY</subfield>
        <subfield code="0">(DHLAUTH)271196</subfield>
    </datafield>
    <datafield tag="650" ind1=" " ind2=" ">
        <subfield code="a">WESTERN ASIA</subfield>
        <subfield code="0">(DHLAUTH)275490</subfield>
    </datafield>
</record>
<record>
    <datafield tag="191" ind1=" " ind2=" ">
        <subfield code="a">E/ESCWA/SDPD/2010/TECHNICAL PAPER.5</subfield>
    </datafield>
    <datafield tag="245" ind1=" " ind2=" ">
        <subfield code="a">SMALL AND MEDIUM SIZED ENTERPRISES: OPPORTUNITIES IN ENERGY SERVICES</subfield>
    </datafield>
    <datafield tag="246" ind1=" " ind2=" ">
        <subfield code="a">عمل المؤسسات الصغيرة والمتوسطة في مجال خدمات الطاقة: الفرص والتحديات</subfield>
    </datafield>
    <datafield tag="269" ind1=" " ind2=" ">
        <subfield code="a">20101025</subfield>
    </datafield>
    <datafield tag="650" ind1=" " ind2=" ">
        <subfield code="a">SMALL ENTERPRISES</subfield>
        <subfield code="0">(DHLAUTH)269624</subfield>
    </datafield>
    <datafield tag="650" ind1=" " ind2=" ">
        <subfield code="a">MEDIUM ENTERPRISES</subfield>
        <subfield code="0">(DHLAUTH)526842</subfield>
    </datafield>
    <datafield tag="650" ind1=" " ind2=" ">
        <subfield code="a">UNEMPLOYMENT</subfield>
        <subfield code="0">(DHLAUTH)269726</subfield>
    </datafield>
    <datafield tag="650" ind1=" " ind2=" ">
        <subfield code="a">ENERGY SERVICES</subfield>
        <subfield code="0">(DHLAUTH)608789</subfield>
    </datafield>
    <datafield tag="650" ind1=" " ind2=" ">
        <subfield code="a">CANADA</subfield>
        <subfield code="0">(DHLAUTH)273297</subfield>
    </datafield>
    <datafield tag="650" ind1=" " ind2=" ">
        <subfield code="a">UNITED STATES</subfield>
        <subfield code="0">(DHLAUTH)9644</subfield>
    </datafield>
    <datafield tag="650" ind1=" " ind2=" ">
        <subfield code="a">EGYPT</subfield>
        <subfield code="0">(DHLAUTH)273328</subfield>
    </datafield>
    <datafield tag="650" ind1=" " ind2=" ">
        <subfield code="a">DJIBOUTI</subfield>
        <subfield code="0">(DHLAUTH)273322</subfield>
    </datafield>
    <datafield tag="650" ind1=" " ind2=" ">
        <subfield code="a">JAPAN</subfield>
        <subfield code="0">(DHLAUTH)273379</subfield>
    </datafield>
    <datafield tag="650" ind1=" " ind2=" ">
        <subfield code="a">ENERGY CONSUMPTION</subfield>
        <subfield code="0">(DHLAUTH)269578</subfield>
    </datafield>
    <datafield tag="650" ind1=" " ind2=" ">
        <subfield code="a">BAHRAIN</subfield>
        <subfield code="0">(DHLAUTH)273274</subfield>
    </datafield>
    <datafield tag="650" ind1=" " ind2=" ">
        <subfield code="a">IRAQ</subfield>
        <subfield code="0">(DHLAUTH)273370</subfield>
    </datafield>
    <datafield tag="650" ind1=" " ind2=" ">
        <subfield code="a">KUWAIT</subfield>
        <subfield code="0">(DHLAUTH)273384</subfield>
    </datafield>
    <datafield tag="650" ind1=" " ind2=" ">
        <subfield code="a">LEBANON</subfield>
        <subfield code="0">(DHLAUTH)269069</subfield>
    </datafield>
    <datafield tag="650" ind1=" " ind2=" ">
        <subfield code="a">OMAN</subfield>
        <subfield code="0">(DHLAUTH)273438</subfield>
    </datafield>
    <datafield tag="650" ind1=" " ind2=" ">
        <subfield code="a">QATAR</subfield>
        <subfield code="0">(DHLAUTH)275603</subfield>
    </datafield>
    <datafield tag="650" ind1=" " ind2=" ">
        <subfield code="a">SAUDI ARABIA</subfield>
        <subfield code="0">(DHLAUTH)273464</subfield>
    </datafield>
    <datafield tag="650" ind1=" " ind2=" ">
        <subfield code="a">SUDAN</subfield>
        <subfield code="0">(DHLAUTH)273486</subfield>
    </datafield>
    <datafield tag="650" ind1=" " ind2=" ">
        <subfield code="a">SYRIAN ARAB REPUBLIC</subfield>
        <subfield code="0">(DHLAUTH)273496</subfield>
    </datafield>
    <datafield tag="650" ind1=" " ind2=" ">
        <subfield code="a">UNITED ARAB EMIRATES</subfield>
        <subfield code="0">(DHLAUTH)275604</subfield>
    </datafield>
    <datafield tag="650" ind1=" " ind2=" ">
        <subfield code="a">YEMEN</subfield>
        <subfield code="0">(DHLAUTH)273521</subfield>
    </datafield>
    <datafield tag="650" ind1=" " ind2=" ">
        <subfield code="a">ALGERIA</subfield>
        <subfield code="0">(DHLAUTH)273261</subfield>
    </datafield>
    <datafield tag="650" ind1=" " ind2=" ">
        <subfield code="a">COMOROS</subfield>
        <subfield code="0">(DHLAUTH)273306</subfield>
    </datafield>
    <datafield tag="650" ind1=" " ind2=" ">
        <subfield code="a">LIBYA</subfield>
        <subfield code="0">(DHLAUTH)275499</subfield>
    </datafield>
    <datafield tag="650" ind1=" " ind2=" ">
        <subfield code="a">MAURITANIA</subfield>
        <subfield code="0">(DHLAUTH)273407</subfield>
    </datafield>
    <datafield tag="650" ind1=" " ind2=" ">
        <subfield code="a">MOROCCO</subfield>
        <subfield code="0">(DHLAUTH)273417</subfield>
    </datafield>
    <datafield tag="650" ind1=" " ind2=" ">
        <subfield code="a">TUNISIA</subfield>
        <subfield code="0">(DHLAUTH)273507</subfield>
    </datafield>
    <datafield tag="650" ind1=" " ind2=" ">
        <subfield code="a">SOMALIA</subfield>
        <subfield code="0">(DHLAUTH)273476</subfield>
    </datafield>
</record>
<record>
    <datafield tag="191" ind1=" " ind2=" ">
        <subfield code="a">E/ESCWA/SDPD/2011/6/MANUAL</subfield>
    </datafield>
    <datafield tag="245" ind1=" " ind2=" ">
        <subfield code="a">GUIDE TO THE APPLICATION OF THE SUSTAINABLE LIVELIHOODS APPROACH IN THE ESCWA REGION</subfield>
    </datafield>
    <datafield tag="246" ind1=" " ind2=" ">
        <subfield code="a">دليل تطبيق نهج سبل العيش المستدام في منطقة الاسكوا</subfield>
    </datafield>
    <datafield tag="269" ind1=" " ind2=" ">
        <subfield code="a">20110801</subfield>
    </datafield>
    <datafield tag="650" ind1=" " ind2=" ">
        <subfield code="a">SUSTAINABLE DEVELOPMENT</subfield>
        <subfield code="0">(DHLAUTH)269920</subfield>
    </datafield>
    <datafield tag="650" ind1=" " ind2=" ">
        <subfield code="a">WESTERN ASIA</subfield>
        <subfield code="0">(DHLAUTH)275490</subfield>
    </datafield>
    <datafield tag="650" ind1=" " ind2=" ">
        <subfield code="a">RURAL DEVELOPMENT</subfield>
        <subfield code="0">(DHLAUTH)269872</subfield>
    </datafield>
    <datafield tag="650" ind1=" " ind2=" ">
        <subfield code="a">FOOD SECURITY</subfield>
        <subfield code="0">(DHLAUTH)273653</subfield>
    </datafield>
    <datafield tag="650" ind1=" " ind2=" ">
        <subfield code="a">CLIMATE CHANGE</subfield>
        <subfield code="0">(DHLAUTH)275343</subfield>
    </datafield>
    <datafield tag="650" ind1=" " ind2=" ">
        <subfield code="a">FIRE CONTROL</subfield>
        <subfield code="0">(DHLAUTH)577399</subfield>
    </datafield>
    <datafield tag="650" ind1=" " ind2=" ">
        <subfield code="a">FORESTS</subfield>
        <subfield code="0">(DHLAUTH)270765</subfield>
    </datafield>
    <datafield tag="650" ind1=" " ind2=" ">
        <subfield code="a">SAUDI ARABIA</subfield>
        <subfield code="0">(DHLAUTH)273464</subfield>
    </datafield>
    <datafield tag="650" ind1=" " ind2=" ">
        <subfield code="a">JORDAN</subfield>
        <subfield code="0">(DHLAUTH)269099</subfield>
    </datafield>
    <datafield tag="650" ind1=" " ind2=" ">
        <subfield code="a">IRAQ</subfield>
        <subfield code="0">(DHLAUTH)273370</subfield>
    </datafield>
    <datafield tag="650" ind1=" " ind2=" ">
        <subfield code="a">OMAN</subfield>
        <subfield code="0">(DHLAUTH)273438</subfield>
    </datafield>
    <datafield tag="650" ind1=" " ind2=" ">
        <subfield code="a">EGYPT</subfield>
        <subfield code="0">(DHLAUTH)273328</subfield>
    </datafield>
    <datafield tag="650" ind1=" " ind2=" ">
        <subfield code="a">PALESTINE</subfield>
        <subfield code="0">(DHLAUTH)277398</subfield>
    </datafield>
    <datafield tag="650" ind1=" " ind2=" ">
        <subfield code="a">YEMEN</subfield>
        <subfield code="0">(DHLAUTH)273521</subfield>
    </datafield>
    <datafield tag="650" ind1=" " ind2=" ">
        <subfield code="a">GAZA STRIP (STATE OF PALESTINE)</subfield>
        <subfield code="0">(DHLAUTH)277030</subfield>
    </datafield>
</record>
<record>
    <datafield tag="191" ind1=" " ind2=" ">
        <subfield code="a">E/ESCWA/SDPD/2011/BROCHURE.1</subfield>
    </datafield>
    <datafield tag="245" ind1=" " ind2=" ">
        <subfield code="a">REGIONAL INITIATIVE FOR THE ASSESSMENT OF THE IMPACT OF CLIMATE CHANGE ON WATER RESOURCES AND SOCIO-ECONOMIC VULNERABILITY IN THE ARAB REGION.</subfield>
    </datafield>
    <datafield tag="269" ind1=" " ind2=" ">
        <subfield code="a">20120301</subfield>
    </datafield>
    <datafield tag="650" ind1=" " ind2=" ">
        <subfield code="a">ENVIRONMENTAL IMPACT ASSESSMENT</subfield>
        <subfield code="0">(DHLAUTH)270597</subfield>
    </datafield>
    <datafield tag="650" ind1=" " ind2=" ">
        <subfield code="a">CLIMATE CHANGE</subfield>
        <subfield code="0">(DHLAUTH)275343</subfield>
    </datafield>
    <datafield tag="650" ind1=" " ind2=" ">
        <subfield code="a">WATER RESOURCES</subfield>
        <subfield code="0">(DHLAUTH)270568</subfield>
    </datafield>
    <datafield tag="650" ind1=" " ind2=" ">
        <subfield code="a">FRESHWATER</subfield>
        <subfield code="0">(DHLAUTH)270890</subfield>
    </datafield>
    <datafield tag="650" ind1=" " ind2=" ">
        <subfield code="a">ECONOMIC ASPECTS</subfield>
        <subfield code="0">(DHLAUTH)269753</subfield>
    </datafield>
    <datafield tag="650" ind1=" " ind2=" ">
        <subfield code="a">REGIONAL COMMISSIONS</subfield>
        <subfield code="0">(DHLAUTH)269969</subfield>
    </datafield>
    <datafield tag="650" ind1=" " ind2=" ">
        <subfield code="a">WESTERN ASIA</subfield>
        <subfield code="0">(DHLAUTH)275490</subfield>
    </datafield>
    <datafield tag="650" ind1=" " ind2=" ">
        <subfield code="a">PAMPHLETS</subfield>
        <subfield code="0">(DHLAUTH)275054</subfield>
    </datafield>
    <datafield tag="650" ind1=" " ind2=" ">
        <subfield code="a">ARAB COUNTRIES</subfield>
        <subfield code="0">(DHLAUTH)268705</subfield>
    </datafield>
    <datafield tag="650" ind1=" " ind2=" ">
        <subfield code="a">SOCIAL ASPECTS</subfield>
        <subfield code="0">(DHLAUTH)274710</subfield>
    </datafield>
</record>
<record>
    <datafield tag="191" ind1=" " ind2=" ">
        <subfield code="a">E/ESCWA/SDPD/2011/IC.2/3/REPORT</subfield>
    </datafield>
    <datafield tag="245" ind1=" " ind2=" ">
        <subfield code="a">SECOND INTERGOVERNMENTAL CONSULTATIVE MEETING ON THE DRAFT LEGAL FRAMEWORK FOR SHARED GROUNDWATER RESOURCES IN THE ARAB REGION BEIRUT, 13-14 DECEMBER 2011</subfield>
    </datafield>
    <datafield tag="269" ind1=" " ind2=" ">
        <subfield code="a">20121112</subfield>
    </datafield>
    <datafield tag="650" ind1=" " ind2=" ">
        <subfield code="a">SHARED WATER RESOURCES</subfield>
        <subfield code="0">(DHLAUTH)269493</subfield>
    </datafield>
    <datafield tag="650" ind1=" " ind2=" ">
        <subfield code="a">WESTERN ASIA</subfield>
        <subfield code="0">(DHLAUTH)275490</subfield>
    </datafield>
    <datafield tag="650" ind1=" " ind2=" ">
        <subfield code="a">ARAB COUNTRIES</subfield>
        <subfield code="0">(DHLAUTH)268705</subfield>
    </datafield>
    <datafield tag="650" ind1=" " ind2=" ">
        <subfield code="a">CONFERENCES</subfield>
        <subfield code="0">(DHLAUTH)275758</subfield>
    </datafield>
    <datafield tag="650" ind1=" " ind2=" ">
        <subfield code="a">LEGAL ASPECTS</subfield>
        <subfield code="0">(DHLAUTH)269366</subfield>
    </datafield>
    <datafield tag="650" ind1=" " ind2=" ">
        <subfield code="a">WATER MANAGEMENT</subfield>
        <subfield code="0">(DHLAUTH)270919</subfield>
    </datafield>
    <datafield tag="650" ind1=" " ind2=" ">
        <subfield code="a">GROUNDWATER</subfield>
        <subfield code="0">(DHLAUTH)270891</subfield>
    </datafield>
</record>
<record>
    <datafield tag="191" ind1=" " ind2=" ">
        <subfield code="a">E/ESCWA/SDPD/2011/TECHNICAL PAPER.1</subfield>
    </datafield>
    <datafield tag="245" ind1=" " ind2=" ">
        <subfield code="a">WATER FOR CITIES RESPONDING TO THE URBAN CHALLENGE IN THE ESCWA REGION</subfield>
    </datafield>
    <datafield tag="269" ind1=" " ind2=" ">
        <subfield code="a">20110301</subfield>
    </datafield>
    <datafield tag="650" ind1=" " ind2=" ">
        <subfield code="a">WESTERN ASIA</subfield>
        <subfield code="0">(DHLAUTH)275490</subfield>
    </datafield>
    <datafield tag="650" ind1=" " ind2=" ">
        <subfield code="a">WATER SUPPLY</subfield>
        <subfield code="0">(DHLAUTH)270886</subfield>
    </datafield>
    <datafield tag="650" ind1=" " ind2=" ">
        <subfield code="a">WATER MANAGEMENT</subfield>
        <subfield code="0">(DHLAUTH)270919</subfield>
    </datafield>
    <datafield tag="650" ind1=" " ind2=" ">
        <subfield code="a">SANITATION</subfield>
        <subfield code="0">(DHLAUTH)270653</subfield>
    </datafield>
    <datafield tag="650" ind1=" " ind2=" ">
        <subfield code="a">BAHRAIN</subfield>
        <subfield code="0">(DHLAUTH)273274</subfield>
    </datafield>
    <datafield tag="650" ind1=" " ind2=" ">
        <subfield code="a">EGYPT</subfield>
        <subfield code="0">(DHLAUTH)273328</subfield>
    </datafield>
    <datafield tag="650" ind1=" " ind2=" ">
        <subfield code="a">IRAQ</subfield>
        <subfield code="0">(DHLAUTH)273370</subfield>
    </datafield>
    <datafield tag="650" ind1=" " ind2=" ">
        <subfield code="a">JORDAN</subfield>
        <subfield code="0">(DHLAUTH)269099</subfield>
    </datafield>
    <datafield tag="650" ind1=" " ind2=" ">
        <subfield code="a">KUWAIT</subfield>
        <subfield code="0">(DHLAUTH)273384</subfield>
    </datafield>
    <datafield tag="650" ind1=" " ind2=" ">
        <subfield code="a">LEBANON</subfield>
        <subfield code="0">(DHLAUTH)269069</subfield>
    </datafield>
    <datafield tag="650" ind1=" " ind2=" ">
        <subfield code="a">OMAN</subfield>
        <subfield code="0">(DHLAUTH)273438</subfield>
    </datafield>
    <datafield tag="650" ind1=" " ind2=" ">
        <subfield code="a">PALESTINE</subfield>
        <subfield code="0">(DHLAUTH)277398</subfield>
    </datafield>
    <datafield tag="650" ind1=" " ind2=" ">
        <subfield code="a">QATAR</subfield>
        <subfield code="0">(DHLAUTH)275603</subfield>
    </datafield>
    <datafield tag="650" ind1=" " ind2=" ">
        <subfield code="a">SAUDI ARABIA</subfield>
        <subfield code="0">(DHLAUTH)273464</subfield>
    </datafield>
    <datafield tag="650" ind1=" " ind2=" ">
        <subfield code="a">SUDAN</subfield>
        <subfield code="0">(DHLAUTH)273486</subfield>
    </datafield>
    <datafield tag="650" ind1=" " ind2=" ">
        <subfield code="a">SYRIAN ARAB REPUBLIC</subfield>
        <subfield code="0">(DHLAUTH)273496</subfield>
    </datafield>
    <datafield tag="650" ind1=" " ind2=" ">
        <subfield code="a">UNITED ARAB EMIRATES</subfield>
        <subfield code="0">(DHLAUTH)275604</subfield>
    </datafield>
    <datafield tag="650" ind1=" " ind2=" ">
        <subfield code="a">YEMEN</subfield>
        <subfield code="0">(DHLAUTH)273521</subfield>
    </datafield>
    <datafield tag="650" ind1=" " ind2=" ">
        <subfield code="a">POPULATION GROWTH</subfield>
        <subfield code="0">(DHLAUTH)272944</subfield>
    </datafield>
</record>
<record>
    <datafield tag="191" ind1=" " ind2=" ">
        <subfield code="a">E/ESCWA/SDPD/2011/TECHNICAL PAPER.2</subfield>
    </datafield>
    <datafield tag="245" ind1=" " ind2=" ">
        <subfield code="a">ENVIRONMENTAL GOODS AND SERVICES IN THE ESCWA REGION: OPPORTUNITIES FOR SMALL AND MEDIUM-SIZED ENTERPRISES </subfield>
    </datafield>
    <datafield tag="246" ind1=" " ind2=" ">
        <subfield code="a">السلع والخدمات البيئية في منطقة الاسكوا: فرص الشركات الصغيرة والمتوسطة</subfield>
    </datafield>
    <datafield tag="269" ind1=" " ind2=" ">
        <subfield code="a">20111001</subfield>
    </datafield>
    <datafield tag="650" ind1=" " ind2=" ">
        <subfield code="a">WESTERN ASIA</subfield>
        <subfield code="0">(DHLAUTH)275490</subfield>
    </datafield>
    <datafield tag="650" ind1=" " ind2=" ">
        <subfield code="a">MEDIUM ENTERPRISES</subfield>
        <subfield code="0">(DHLAUTH)526842</subfield>
    </datafield>
    <datafield tag="650" ind1=" " ind2=" ">
        <subfield code="a">SMALL ENTERPRISES</subfield>
        <subfield code="0">(DHLAUTH)269624</subfield>
    </datafield>
    <datafield tag="650" ind1=" " ind2=" ">
        <subfield code="a">ENVIRONMENTAL ASPECTS</subfield>
        <subfield code="0">(DHLAUTH)270631</subfield>
    </datafield>
    <datafield tag="650" ind1=" " ind2=" ">
        <subfield code="a">AIR POLLUTION</subfield>
        <subfield code="0">(DHLAUTH)270785</subfield>
    </datafield>
    <datafield tag="650" ind1=" " ind2=" ">
        <subfield code="a">POLLUTION CONTROL</subfield>
        <subfield code="0">(DHLAUTH)270661</subfield>
    </datafield>
    <datafield tag="650" ind1=" " ind2=" ">
        <subfield code="a">WASTE MANAGEMENT</subfield>
        <subfield code="0">(DHLAUTH)272254</subfield>
    </datafield>
    <datafield tag="650" ind1=" " ind2=" ">
        <subfield code="a">WATER TREATMENT</subfield>
        <subfield code="0">(DHLAUTH)270883</subfield>
    </datafield>
    <datafield tag="650" ind1=" " ind2=" ">
        <subfield code="a">RENEWABLE ENERGY SOURCES</subfield>
        <subfield code="0">(DHLAUTH)270594</subfield>
    </datafield>
    <datafield tag="650" ind1=" " ind2=" ">
        <subfield code="a">RECYCLING</subfield>
        <subfield code="0">(DHLAUTH)270592</subfield>
    </datafield>
</record>
<record>
    <datafield tag="191" ind1=" " ind2=" ">
        <subfield code="a">E/ESCWA/SDPD/2011/TECHNICAL PAPER.4</subfield>
    </datafield>
    <datafield tag="246" ind1=" " ind2=" ">
        <subfield code="a">كفاءة الطاقة في الابنية الخضراء</subfield>
    </datafield>
    <datafield tag="269" ind1=" " ind2=" ">
        <subfield code="a">20111101</subfield>
    </datafield>
    <datafield tag="650" ind1=" " ind2=" ">
        <subfield code="a">ENERGY CONSUMPTION</subfield>
        <subfield code="0">(DHLAUTH)269578</subfield>
    </datafield>
    <datafield tag="650" ind1=" " ind2=" ">
        <subfield code="a">RENEWABLE ENERGY SOURCES</subfield>
        <subfield code="0">(DHLAUTH)270594</subfield>
    </datafield>
    <datafield tag="650" ind1=" " ind2=" ">
        <subfield code="a">ENERGY EFFICIENCY</subfield>
        <subfield code="0">(DHLAUTH)271204</subfield>
    </datafield>
    <datafield tag="650" ind1=" " ind2=" ">
        <subfield code="a">SOLAR ENERGY</subfield>
        <subfield code="0">(DHLAUTH)271255</subfield>
    </datafield>
    <datafield tag="650" ind1=" " ind2=" ">
        <subfield code="a">GREENHOUSE GASES</subfield>
        <subfield code="0">(DHLAUTH)441291</subfield>
    </datafield>
    <datafield tag="650" ind1=" " ind2=" ">
        <subfield code="a">ENVIRONMENTALLY SOUND TECHNOLOGY</subfield>
        <subfield code="0">(DHLAUTH)270685</subfield>
    </datafield>
    <datafield tag="650" ind1=" " ind2=" ">
        <subfield code="a">RECOMMENDATIONS</subfield>
        <subfield code="0">(DHLAUTH)275840</subfield>
    </datafield>
</record>
<record>
    <datafield tag="191" ind1=" " ind2=" ">
        <subfield code="a">E/ESCWA/SDPD/2011/WG.8/REPORT</subfield>
    </datafield>
    <datafield tag="246" ind1=" " ind2=" ">
        <subfield code="a">تقرير الندوة حول الصناعات الخضراء ودورها في تعزيز التنمية الاقتصادية والاجتماعية في الدول العربية بيروت 28-29 ايلول/سبتمبر 2011</subfield>
    </datafield>
    <datafield tag="269" ind1=" " ind2=" ">
        <subfield code="a">20111114</subfield>
    </datafield>
    <datafield tag="650" ind1=" " ind2=" ">
        <subfield code="a">CONFERENCES</subfield>
        <subfield code="0">(DHLAUTH)275758</subfield>
    </datafield>
    <datafield tag="650" ind1=" " ind2=" ">
        <subfield code="a">ENVIRONMENTAL ECONOMICS</subfield>
        <subfield code="0">(DHLAUTH)270676</subfield>
    </datafield>
    <datafield tag="650" ind1=" " ind2=" ">
        <subfield code="a">ARAB COUNTRIES</subfield>
        <subfield code="0">(DHLAUTH)268705</subfield>
    </datafield>
    <datafield tag="650" ind1=" " ind2=" ">
        <subfield code="a">SUSTAINABLE DEVELOPMENT</subfield>
        <subfield code="0">(DHLAUTH)269920</subfield>
    </datafield>
</record>
<record>
    <datafield tag="191" ind1=" " ind2=" ">
        <subfield code="a">E/ESCWA/SDPD/2012/GLOSSARY</subfield>
    </datafield>
    <datafield tag="245" ind1=" " ind2=" ">
        <subfield code="a">GLOSSARY OF SHARED WATER RESOURCES : TECHNICAL SOCIOECONOMIC AND LEGAL TERMINOLOGY : ENGLISH-ARABIC</subfield>
    </datafield>
    <datafield tag="246" ind1=" " ind2=" ">
        <subfield code="a">معجم الموارد المائية المشتركة : مصطلحات تقنية اجتماعية واقتصادية وقانونية : انجليزي - عربي</subfield>
    </datafield>
    <datafield tag="269" ind1=" " ind2=" ">
        <subfield code="a">20160703</subfield>
    </datafield>
    <datafield tag="650" ind1=" " ind2=" ">
        <subfield code="a">SHARED WATER RESOURCES</subfield>
        <subfield code="0">(DHLAUTH)269493</subfield>
    </datafield>
    <datafield tag="650" ind1=" " ind2=" ">
        <subfield code="a">SOCIAL ASPECTS</subfield>
        <subfield code="0">(DHLAUTH)274710</subfield>
    </datafield>
    <datafield tag="650" ind1=" " ind2=" ">
        <subfield code="a">ECONOMIC ASPECTS</subfield>
        <subfield code="0">(DHLAUTH)269753</subfield>
    </datafield>
    <datafield tag="650" ind1=" " ind2=" ">
        <subfield code="a">TECHNICAL ASPECTS</subfield>
        <subfield code="0">(DHLAUTH)275235</subfield>
    </datafield>
    <datafield tag="650" ind1=" " ind2=" ">
        <subfield code="a">LEGAL ASPECTS</subfield>
        <subfield code="0">(DHLAUTH)269366</subfield>
    </datafield>
    <datafield tag="650" ind1=" " ind2=" ">
        <subfield code="a">TERMINOLOGY</subfield>
        <subfield code="0">(DHLAUTH)274862</subfield>
    </datafield>
    <datafield tag="650" ind1=" " ind2=" ">
        <subfield code="a">GLOSSARIES</subfield>
        <subfield code="0">(DHLAUTH)274917</subfield>
    </datafield>
</record>
<record>
    <datafield tag="191" ind1=" " ind2=" ">
        <subfield code="a">E/ESCWA/SDPD/2012/IC.1/2/REPORT</subfield>
    </datafield>
    <datafield tag="245" ind1=" " ind2=" ">
        <subfield code="a">REPORT INTERGOVERNMENTAL CONSULTATIVE MEETING ON THE WATER AND ENERGY NEXUS IN THE ESCWA REGION BEIRUT, 27-28 JUNE 2012</subfield>
    </datafield>
    <datafield tag="246" ind1=" " ind2=" ">
        <subfield code="a">تقرير الاجتماع التشاوري المشترك للجنتي الموارد المائية والطاقة حول الترابط بين قطاعي المياه والطاقة في بلدان الاسكوا بيروت 27-28 حزيران 2012   </subfield>
    </datafield>
    <datafield tag="269" ind1=" " ind2=" ">
        <subfield code="a">20120809</subfield>
    </datafield>
    <datafield tag="650" ind1=" " ind2=" ">
        <subfield code="a">WESTERN ASIA</subfield>
        <subfield code="0">(DHLAUTH)275490</subfield>
    </datafield>
    <datafield tag="650" ind1=" " ind2=" ">
        <subfield code="a">CONFERENCES</subfield>
        <subfield code="0">(DHLAUTH)275758</subfield>
    </datafield>
    <datafield tag="650" ind1=" " ind2=" ">
        <subfield code="a">WATER</subfield>
        <subfield code="0">(DHLAUTH)270885</subfield>
    </datafield>
    <datafield tag="650" ind1=" " ind2=" ">
        <subfield code="a">ENERGY CONSUMPTION</subfield>
        <subfield code="0">(DHLAUTH)269578</subfield>
    </datafield>
</record>
<record>
    <datafield tag="191" ind1=" " ind2=" ">
        <subfield code="a">E/ESCWA/SDPD/2012/TECHNICAL PAPER.1</subfield>
    </datafield>
    <datafield tag="245" ind1=" " ind2=" ">
        <subfield code="a">WORLD WATER DAY 2012 : WATER AND FOOD SECURITY</subfield>
    </datafield>
    <datafield tag="269" ind1=" " ind2=" ">
        <subfield code="a">20120301</subfield>
    </datafield>
    <datafield tag="650" ind1=" " ind2=" ">
        <subfield code="a">FOOD SECURITY</subfield>
        <subfield code="0">(DHLAUTH)273653</subfield>
    </datafield>
    <datafield tag="650" ind1=" " ind2=" ">
        <subfield code="a">WATER</subfield>
        <subfield code="0">(DHLAUTH)270885</subfield>
    </datafield>
    <datafield tag="650" ind1=" " ind2=" ">
        <subfield code="a">FOOD CONSUMPTION</subfield>
        <subfield code="0">(DHLAUTH)269579</subfield>
    </datafield>
    <datafield tag="650" ind1=" " ind2=" ">
        <subfield code="a">AGRICULTURE</subfield>
        <subfield code="0">(DHLAUTH)271335</subfield>
    </datafield>
    <datafield tag="650" ind1=" " ind2=" ">
        <subfield code="a">WESTERN ASIA</subfield>
        <subfield code="0">(DHLAUTH)275490</subfield>
    </datafield>
    <datafield tag="650" ind1=" " ind2=" ">
        <subfield code="a">PAMPHLETS</subfield>
        <subfield code="0">(DHLAUTH)275054</subfield>
    </datafield>
</record>
<record>
    <datafield tag="191" ind1=" " ind2=" ">
        <subfield code="a">E/ESCWA/SDPD/2012/TECHNICAL PAPER.3</subfield>
    </datafield>
    <datafield tag="246" ind1=" " ind2=" ">
        <subfield code="a">يوم البيئة العالمي الاقتصاد الاخضر هل انت مشارك</subfield>
    </datafield>
    <datafield tag="269" ind1=" " ind2=" ">
        <subfield code="a">20120601</subfield>
    </datafield>
    <datafield tag="650" ind1=" " ind2=" ">
        <subfield code="a">GREEN REVOLUTION</subfield>
        <subfield code="0">(DHLAUTH)271353</subfield>
    </datafield>
    <datafield tag="650" ind1=" " ind2=" ">
        <subfield code="a">ECONOMIC ASPECTS</subfield>
        <subfield code="0">(DHLAUTH)269753</subfield>
    </datafield>
    <datafield tag="650" ind1=" " ind2=" ">
        <subfield code="a">ACTIVITIES</subfield>
        <subfield code="0">(DHLAUTH)275823</subfield>
    </datafield>
    <datafield tag="650" ind1=" " ind2=" ">
        <subfield code="a">ARAB COUNTRIES</subfield>
        <subfield code="0">(DHLAUTH)268705</subfield>
    </datafield>
</record>
<record>
    <datafield tag="191" ind1=" " ind2=" ">
        <subfield code="a">E/ESCWA/SDPD/2012/TECHNICAL PAPER.4</subfield>
    </datafield>
    <datafield tag="246" ind1=" " ind2=" ">
        <subfield code="a">الفرص المتاحة لكفاءة الطاقة في المباني الموجودة في منطقة الاسكوا</subfield>
    </datafield>
    <datafield tag="269" ind1=" " ind2=" ">
        <subfield code="a">20120622</subfield>
    </datafield>
    <datafield tag="650" ind1=" " ind2=" ">
        <subfield code="a">ENERGY EFFICIENCY</subfield>
        <subfield code="0">(DHLAUTH)271204</subfield>
    </datafield>
    <datafield tag="650" ind1=" " ind2=" ">
        <subfield code="a">ENERGY CONSUMPTION</subfield>
        <subfield code="0">(DHLAUTH)269578</subfield>
    </datafield>
    <datafield tag="650" ind1=" " ind2=" ">
        <subfield code="a">SOLAR ENERGY</subfield>
        <subfield code="0">(DHLAUTH)271255</subfield>
    </datafield>
    <datafield tag="650" ind1=" " ind2=" ">
        <subfield code="a">ELECTRICITY</subfield>
        <subfield code="0">(DHLAUTH)271193</subfield>
    </datafield>
    <datafield tag="650" ind1=" " ind2=" ">
        <subfield code="a">WIND POWER</subfield>
        <subfield code="0">(DHLAUTH)271257</subfield>
    </datafield>
    <datafield tag="650" ind1=" " ind2=" ">
        <subfield code="a">BUILDINGS</subfield>
        <subfield code="0">(DHLAUTH)271419</subfield>
    </datafield>
    <datafield tag="650" ind1=" " ind2=" ">
        <subfield code="a">WESTERN ASIA</subfield>
        <subfield code="0">(DHLAUTH)275490</subfield>
    </datafield>
</record>
<record>
    <datafield tag="191" ind1=" " ind2=" ">
        <subfield code="a">E/ESCWA/SDPD/2012/TECHNICAL PAPER.5</subfield>
    </datafield>
    <datafield tag="245" ind1=" " ind2=" ">
        <subfield code="a">ENERGY EFFICIENCY IN AGRICULTURE : THE POULTRY SECTOR</subfield>
    </datafield>
    <datafield tag="246" ind1=" " ind2=" ">
        <subfield code="a">كفاءة الطاقة في الزراعة : قطاع الدواجن</subfield>
    </datafield>
    <datafield tag="269" ind1=" " ind2=" ">
        <subfield code="a">20121029</subfield>
    </datafield>
    <datafield tag="650" ind1=" " ind2=" ">
        <subfield code="a">POULTRY</subfield>
        <subfield code="0">(DHLAUTH)271658</subfield>
    </datafield>
    <datafield tag="650" ind1=" " ind2=" ">
        <subfield code="a">ENERGY CONSUMPTION</subfield>
        <subfield code="0">(DHLAUTH)269578</subfield>
    </datafield>
    <datafield tag="650" ind1=" " ind2=" ">
        <subfield code="a">SOLAR ENERGY</subfield>
        <subfield code="0">(DHLAUTH)271255</subfield>
    </datafield>
    <datafield tag="650" ind1=" " ind2=" ">
        <subfield code="a">BIOMASS ENERGY</subfield>
        <subfield code="0">(DHLAUTH)271166</subfield>
    </datafield>
    <datafield tag="650" ind1=" " ind2=" ">
        <subfield code="a">PRODUCTION COSTS</subfield>
        <subfield code="0">(DHLAUTH)269622</subfield>
    </datafield>
    <datafield tag="650" ind1=" " ind2=" ">
        <subfield code="a">ENERGY EFFICIENCY</subfield>
        <subfield code="0">(DHLAUTH)271204</subfield>
    </datafield>
    <datafield tag="650" ind1=" " ind2=" ">
        <subfield code="a">ARAB COUNTRIES</subfield>
        <subfield code="0">(DHLAUTH)268705</subfield>
    </datafield>
</record>
<record>
    <datafield tag="191" ind1=" " ind2=" ">
        <subfield code="a">E/ESCWA/SDPD/2013/2</subfield>
    </datafield>
    <datafield tag="245" ind1=" " ind2=" ">
        <subfield code="a">GREEN AGRICULTURAL VALUE CHAINS FOR IMPROVED LIVELIHOOD IN THE ARAB REGION</subfield>
    </datafield>
    <datafield tag="246" ind1=" " ind2=" ">
        <subfield code="a">سلاسل القيمة الزراعية الخضراء لتحسين سبل العيش في المنطقة العربية</subfield>
    </datafield>
    <datafield tag="269" ind1=" " ind2=" ">
        <subfield code="a">20131113</subfield>
    </datafield>
    <datafield tag="650" ind1=" " ind2=" ">
        <subfield code="a">AGRICULTURAL DEVELOPMENT</subfield>
        <subfield code="0">(DHLAUTH)269917</subfield>
    </datafield>
    <datafield tag="650" ind1=" " ind2=" ">
        <subfield code="a">AGRICULTURAL TRADE</subfield>
        <subfield code="0">(DHLAUTH)440830</subfield>
    </datafield>
    <datafield tag="650" ind1=" " ind2=" ">
        <subfield code="a">FOOD PRICES</subfield>
        <subfield code="0">(DHLAUTH)269736</subfield>
    </datafield>
    <datafield tag="650" ind1=" " ind2=" ">
        <subfield code="a">GREEN ECONOMY</subfield>
        <subfield code="0">(DHLAUTH)844844</subfield>
    </datafield>
    <datafield tag="650" ind1=" " ind2=" ">
        <subfield code="a">VALUE</subfield>
        <subfield code="0">(DHLAUTH)269706</subfield>
    </datafield>
    <datafield tag="650" ind1=" " ind2=" ">
        <subfield code="a">AGRICULTURAL PRODUCTIVITY</subfield>
        <subfield code="0">(DHLAUTH)509938</subfield>
    </datafield>
    <datafield tag="650" ind1=" " ind2=" ">
        <subfield code="a">COST OF LIVING</subfield>
        <subfield code="0">(DHLAUTH)269734</subfield>
    </datafield>
    <datafield tag="650" ind1=" " ind2=" ">
        <subfield code="a">LIVING CONDITIONS</subfield>
        <subfield code="0">(DHLAUTH)269738</subfield>
    </datafield>
    <datafield tag="650" ind1=" " ind2=" ">
        <subfield code="a">STATISTICAL DATA</subfield>
        <subfield code="0">(DHLAUTH)270233</subfield>
    </datafield>
    <datafield tag="650" ind1=" " ind2=" ">
        <subfield code="a">ARAB COUNTRIES</subfield>
        <subfield code="0">(DHLAUTH)268705</subfield>
    </datafield>
</record>
<record>
    <datafield tag="191" ind1=" " ind2=" ">
        <subfield code="a">E/ESCWA/SDPD/2013/BOOKLET.1</subfield>
    </datafield>
    <datafield tag="245" ind1=" " ind2=" ">
        <subfield code="a">GREEN ECONOMY INTIATIVES SUCCESS STORIES AND LESSONS LEAREND IN THE ARAB REGION.</subfield>
    </datafield>
    <datafield tag="246" ind1=" " ind2=" ">
        <subfield code="a">مبادرات الاقتصاد الاخضر والتجارب الناحجة والدروس المستفادة في المنطقة العربية</subfield>
    </datafield>
    <datafield tag="269" ind1=" " ind2=" ">
        <subfield code="a">20130221</subfield>
    </datafield>
    <datafield tag="650" ind1=" " ind2=" ">
        <subfield code="a">SUSTAINABLE DEVELOPMENT</subfield>
        <subfield code="0">(DHLAUTH)269920</subfield>
    </datafield>
    <datafield tag="650" ind1=" " ind2=" ">
        <subfield code="a">SOLAR HEATING</subfield>
        <subfield code="0">(DHLAUTH)270664</subfield>
    </datafield>
    <datafield tag="650" ind1=" " ind2=" ">
        <subfield code="a">SOLAR ENERGY</subfield>
        <subfield code="0">(DHLAUTH)271255</subfield>
    </datafield>
    <datafield tag="650" ind1=" " ind2=" ">
        <subfield code="a">ENERGY EFFICIENCY</subfield>
        <subfield code="0">(DHLAUTH)271204</subfield>
    </datafield>
    <datafield tag="650" ind1=" " ind2=" ">
        <subfield code="a">WASTE MANAGEMENT</subfield>
        <subfield code="0">(DHLAUTH)272254</subfield>
    </datafield>
    <datafield tag="650" ind1=" " ind2=" ">
        <subfield code="a">TOURISM</subfield>
        <subfield code="0">(DHLAUTH)272211</subfield>
    </datafield>
    <datafield tag="650" ind1=" " ind2=" ">
        <subfield code="a">ECOTOURISM</subfield>
        <subfield code="0">(DHLAUTH)270601</subfield>
    </datafield>
    <datafield tag="650" ind1=" " ind2=" ">
        <subfield code="a">ARAB COUNTRIES</subfield>
        <subfield code="0">(DHLAUTH)268705</subfield>
    </datafield>
</record>
<record>
    <datafield tag="191" ind1=" " ind2=" ">
        <subfield code="a">E/ESCWA/SDPD/2013/INVENTORY</subfield>
    </datafield>
    <datafield tag="245" ind1=" " ind2=" ">
        <subfield code="a">INVENTORY OF SHARED WATER RESOURCES IN WESTERN ASIA </subfield>
    </datafield>
    <datafield tag="269" ind1=" " ind2=" ">
        <subfield code="a">20130620</subfield>
    </datafield>
    <datafield tag="650" ind1=" " ind2=" ">
        <subfield code="a">SHARED WATER RESOURCES</subfield>
        <subfield code="0">(DHLAUTH)269493</subfield>
    </datafield>
    <datafield tag="650" ind1=" " ind2=" ">
        <subfield code="a">AQUIFERS</subfield>
        <subfield code="0">(DHLAUTH)270896</subfield>
    </datafield>
    <datafield tag="650" ind1=" " ind2=" ">
        <subfield code="a">RIVER BASINS</subfield>
        <subfield code="0">(DHLAUTH)269974</subfield>
    </datafield>
    <datafield tag="650" ind1=" " ind2=" ">
        <subfield code="a">FRESHWATER</subfield>
        <subfield code="0">(DHLAUTH)270890</subfield>
    </datafield>
    <datafield tag="650" ind1=" " ind2=" ">
        <subfield code="a">SURFACE WATERS</subfield>
        <subfield code="0">(DHLAUTH)270757</subfield>
    </datafield>
    <datafield tag="650" ind1=" " ind2=" ">
        <subfield code="a">GROUNDWATER</subfield>
        <subfield code="0">(DHLAUTH)270891</subfield>
    </datafield>
    <datafield tag="650" ind1=" " ind2=" ">
        <subfield code="a">RIVERS</subfield>
        <subfield code="0">(DHLAUTH)270729</subfield>
    </datafield>
    <datafield tag="650" ind1=" " ind2=" ">
        <subfield code="a">INVENTORIES</subfield>
        <subfield code="0">(DHLAUTH)271988</subfield>
    </datafield>
    <datafield tag="650" ind1=" " ind2=" ">
        <subfield code="a">WESTERN ASIA</subfield>
        <subfield code="0">(DHLAUTH)275490</subfield>
    </datafield>
    <datafield tag="650" ind1=" " ind2=" ">
        <subfield code="a">ARAB COUNTRIES</subfield>
        <subfield code="0">(DHLAUTH)268705</subfield>
    </datafield>
    <datafield tag="650" ind1=" " ind2=" ">
        <subfield code="a">STATISTICAL DATA</subfield>
        <subfield code="0">(DHLAUTH)270233</subfield>
    </datafield>
</record>
<record>
    <datafield tag="191" ind1=" " ind2=" ">
        <subfield code="a">E/ESCWA/SDPD/2013/INVENTORY/CORR.1</subfield>
    </datafield>
    <datafield tag="245" ind1=" " ind2=" ">
        <subfield code="a">INVENTORY OF SHARED WATER RESOURCES IN WESTERN ASIA : CORRIGENDUM</subfield>
    </datafield>
    <datafield tag="269" ind1=" " ind2=" ">
        <subfield code="a">20140930</subfield>
    </datafield>
    <datafield tag="650" ind1=" " ind2=" ">
        <subfield code="a">SHARED WATER RESOURCES</subfield>
        <subfield code="0">(DHLAUTH)269493</subfield>
    </datafield>
    <datafield tag="650" ind1=" " ind2=" ">
        <subfield code="a">INVENTORIES</subfield>
        <subfield code="0">(DHLAUTH)271988</subfield>
    </datafield>
    <datafield tag="650" ind1=" " ind2=" ">
        <subfield code="a">WESTERN ASIA</subfield>
        <subfield code="0">(DHLAUTH)275490</subfield>
    </datafield>
    <datafield tag="650" ind1=" " ind2=" ">
        <subfield code="a">ARAB COUNTRIES</subfield>
        <subfield code="0">(DHLAUTH)268705</subfield>
    </datafield>
</record>
<record>
    <datafield tag="191" ind1=" " ind2=" ">
        <subfield code="a">E/ESCWA/SDPD/2013/TECHNICAL PAPER.10</subfield>
    </datafield>
    <datafield tag="245" ind1=" " ind2=" ">
        <subfield code="a">GUIDE ON CLIMATE CHANGE NEGOTIATIONS FOR REPRESENTATIVES AND NEGOTIATORS FROM ARAB COUNTRIES</subfield>
    </datafield>
    <datafield tag="269" ind1=" " ind2=" ">
        <subfield code="a">20131213</subfield>
    </datafield>
    <datafield tag="650" ind1=" " ind2=" ">
        <subfield code="a">CLIMATE CHANGE</subfield>
        <subfield code="0">(DHLAUTH)275343</subfield>
    </datafield>
    <datafield tag="650" ind1=" " ind2=" ">
        <subfield code="a">NEGOTIATION</subfield>
        <subfield code="0">(DHLAUTH)268593</subfield>
    </datafield>
    <datafield tag="650" ind1=" " ind2=" ">
        <subfield code="a">MANUALS</subfield>
        <subfield code="0">(DHLAUTH)274980</subfield>
    </datafield>
    <datafield tag="650" ind1=" " ind2=" ">
        <subfield code="a">ARAB COUNTRIES</subfield>
        <subfield code="0">(DHLAUTH)268705</subfield>
    </datafield>
</record>
<record>
    <datafield tag="191" ind1=" " ind2=" ">
        <subfield code="a">E/ESCWA/SDPD/2013/TECHNICAL PAPER.11</subfield>
    </datafield>
    <datafield tag="245" ind1=" " ind2=" ">
        <subfield code="a">GREEN ECONOMY INITIATIVES : SUCCESS STORIES AND LESSONS LEARNED IN THE ARAB REGION, ISSUE NO. 2</subfield>
    </datafield>
    <datafield tag="269" ind1=" " ind2=" ">
        <subfield code="a">20140901</subfield>
    </datafield>
    <datafield tag="650" ind1=" " ind2=" ">
        <subfield code="a">GREEN REVOLUTION</subfield>
        <subfield code="0">(DHLAUTH)271353</subfield>
    </datafield>
    <datafield tag="650" ind1=" " ind2=" ">
        <subfield code="a">ECOTOURISM</subfield>
        <subfield code="0">(DHLAUTH)270601</subfield>
    </datafield>
    <datafield tag="650" ind1=" " ind2=" ">
        <subfield code="a">WASTE MANAGEMENT</subfield>
        <subfield code="0">(DHLAUTH)272254</subfield>
    </datafield>
    <datafield tag="650" ind1=" " ind2=" ">
        <subfield code="a">RENEWABLE ENERGY SOURCES</subfield>
        <subfield code="0">(DHLAUTH)270594</subfield>
    </datafield>
    <datafield tag="650" ind1=" " ind2=" ">
        <subfield code="a">SUSTAINABLE AGRICULTURE</subfield>
        <subfield code="0">(DHLAUTH)270600</subfield>
    </datafield>
    <datafield tag="650" ind1=" " ind2=" ">
        <subfield code="a">ENERGY EFFICIENCY</subfield>
        <subfield code="0">(DHLAUTH)271204</subfield>
    </datafield>
    <datafield tag="650" ind1=" " ind2=" ">
        <subfield code="a">SUSTAINABLE TRANSPORT</subfield>
        <subfield code="0">(DHLAUTH)559607</subfield>
    </datafield>
    <datafield tag="650" ind1=" " ind2=" ">
        <subfield code="a">CLEANER PRODUCTION</subfield>
        <subfield code="0">(DHLAUTH)542746</subfield>
    </datafield>
    <datafield tag="650" ind1=" " ind2=" ">
        <subfield code="a">NATURAL RESOURCES DEVELOPMENT</subfield>
        <subfield code="0">(DHLAUTH)269919</subfield>
    </datafield>
    <datafield tag="650" ind1=" " ind2=" ">
        <subfield code="a">CASE STUDIES</subfield>
        <subfield code="0">(DHLAUTH)274639</subfield>
    </datafield>
    <datafield tag="650" ind1=" " ind2=" ">
        <subfield code="a">WESTERN ASIA</subfield>
        <subfield code="0">(DHLAUTH)275490</subfield>
    </datafield>
    <datafield tag="650" ind1=" " ind2=" ">
        <subfield code="a">ARAB COUNTRIES</subfield>
        <subfield code="0">(DHLAUTH)268705</subfield>
    </datafield>
    <datafield tag="650" ind1=" " ind2=" ">
        <subfield code="a">BAHRAIN</subfield>
        <subfield code="0">(DHLAUTH)273274</subfield>
    </datafield>
    <datafield tag="650" ind1=" " ind2=" ">
        <subfield code="a">EGYPT</subfield>
        <subfield code="0">(DHLAUTH)273328</subfield>
    </datafield>
    <datafield tag="650" ind1=" " ind2=" ">
        <subfield code="a">IRAQ</subfield>
        <subfield code="0">(DHLAUTH)273370</subfield>
    </datafield>
    <datafield tag="650" ind1=" " ind2=" ">
        <subfield code="a">KUWAIT</subfield>
        <subfield code="0">(DHLAUTH)273384</subfield>
    </datafield>
    <datafield tag="650" ind1=" " ind2=" ">
        <subfield code="a">LEBANON</subfield>
        <subfield code="0">(DHLAUTH)269069</subfield>
    </datafield>
    <datafield tag="650" ind1=" " ind2=" ">
        <subfield code="a">LIBYA</subfield>
        <subfield code="0">(DHLAUTH)275499</subfield>
    </datafield>
    <datafield tag="650" ind1=" " ind2=" ">
        <subfield code="a">MOROCCO</subfield>
        <subfield code="0">(DHLAUTH)273417</subfield>
    </datafield>
    <datafield tag="650" ind1=" " ind2=" ">
        <subfield code="a">OMAN</subfield>
        <subfield code="0">(DHLAUTH)273438</subfield>
    </datafield>
    <datafield tag="650" ind1=" " ind2=" ">
        <subfield code="a">PALESTINE</subfield>
        <subfield code="0">(DHLAUTH)277398</subfield>
    </datafield>
    <datafield tag="650" ind1=" " ind2=" ">
        <subfield code="a">QATAR</subfield>
        <subfield code="0">(DHLAUTH)275603</subfield>
    </datafield>
    <datafield tag="650" ind1=" " ind2=" ">
        <subfield code="a">SAUDI ARABIA</subfield>
        <subfield code="0">(DHLAUTH)273464</subfield>
    </datafield>
    <datafield tag="650" ind1=" " ind2=" ">
        <subfield code="a">SUDAN</subfield>
        <subfield code="0">(DHLAUTH)273486</subfield>
    </datafield>
    <datafield tag="650" ind1=" " ind2=" ">
        <subfield code="a">SYRIAN ARAB REPUBLIC</subfield>
        <subfield code="0">(DHLAUTH)273496</subfield>
    </datafield>
    <datafield tag="650" ind1=" " ind2=" ">
        <subfield code="a">TUNISIA</subfield>
        <subfield code="0">(DHLAUTH)273507</subfield>
    </datafield>
    <datafield tag="650" ind1=" " ind2=" ">
        <subfield code="a">UNITED ARAB EMIRATES</subfield>
        <subfield code="0">(DHLAUTH)275604</subfield>
    </datafield>
    <datafield tag="650" ind1=" " ind2=" ">
        <subfield code="a">YEMEN</subfield>
        <subfield code="0">(DHLAUTH)273521</subfield>
    </datafield>
</record>
<record>
    <datafield tag="191" ind1=" " ind2=" ">
        <subfield code="a">E/ESCWA/SDPD/2013/TECHNICAL PAPER.2</subfield>
    </datafield>
    <datafield tag="246" ind1=" " ind2=" ">
        <subfield code="a">القيادة الاقتصادية البيئية للمركبات حل عملي لتخفيف استهلاك الوقود والتلوث البيئي في لبنان</subfield>
    </datafield>
    <datafield tag="269" ind1=" " ind2=" ">
        <subfield code="a">20130901</subfield>
    </datafield>
    <datafield tag="650" ind1=" " ind2=" ">
        <subfield code="a">VEHICLES</subfield>
        <subfield code="0">(DHLAUTH)272492</subfield>
    </datafield>
    <datafield tag="650" ind1=" " ind2=" ">
        <subfield code="a">SUSTAINABLE DEVELOPMENT</subfield>
        <subfield code="0">(DHLAUTH)269920</subfield>
    </datafield>
    <datafield tag="650" ind1=" " ind2=" ">
        <subfield code="a">POLLUTANTS</subfield>
        <subfield code="0">(DHLAUTH)270681</subfield>
    </datafield>
    <datafield tag="650" ind1=" " ind2=" ">
        <subfield code="a">TRANSPORT</subfield>
        <subfield code="0">(DHLAUTH)272243</subfield>
    </datafield>
    <datafield tag="650" ind1=" " ind2=" ">
        <subfield code="a">FUEL TANKS</subfield>
        <subfield code="0">(DHLAUTH)617765</subfield>
    </datafield>
    <datafield tag="650" ind1=" " ind2=" ">
        <subfield code="a">ENERGY CONSUMPTION</subfield>
        <subfield code="0">(DHLAUTH)269578</subfield>
    </datafield>
    <datafield tag="650" ind1=" " ind2=" ">
        <subfield code="a">CLIMATE CHANGE</subfield>
        <subfield code="0">(DHLAUTH)275343</subfield>
    </datafield>
    <datafield tag="650" ind1=" " ind2=" ">
        <subfield code="a">ENVIRONMENTAL PROTECTION</subfield>
        <subfield code="0">(DHLAUTH)270598</subfield>
    </datafield>
    <datafield tag="650" ind1=" " ind2=" ">
        <subfield code="a">NOISE POLLUTION</subfield>
        <subfield code="0">(DHLAUTH)270830</subfield>
    </datafield>
    <datafield tag="650" ind1=" " ind2=" ">
        <subfield code="a">LEBANON</subfield>
        <subfield code="0">(DHLAUTH)269069</subfield>
    </datafield>
</record>
<record>
    <datafield tag="191" ind1=" " ind2=" ">
        <subfield code="a">E/ESCWA/SDPD/2013/TECHNICAL PAPER.9</subfield>
    </datafield>
    <datafield tag="245" ind1=" " ind2=" ">
        <subfield code="a">FACT SHEET : GREEN TECHNOLOGIES IN THE ENERGY SECTOR FOR CLIMATE CHANGE MITIGATION IN THE ESCWA REGION</subfield>
    </datafield>
    <datafield tag="269" ind1=" " ind2=" ">
        <subfield code="a">20140102</subfield>
    </datafield>
    <datafield tag="650" ind1=" " ind2=" ">
        <subfield code="a">GREEN REVOLUTION</subfield>
        <subfield code="0">(DHLAUTH)271353</subfield>
    </datafield>
    <datafield tag="650" ind1=" " ind2=" ">
        <subfield code="a">TECHNOLOGICAL INNOVATIONS</subfield>
        <subfield code="0">(DHLAUTH)271354</subfield>
    </datafield>
    <datafield tag="650" ind1=" " ind2=" ">
        <subfield code="a">ENERGY RESOURCES</subfield>
        <subfield code="0">(DHLAUTH)270561</subfield>
    </datafield>
    <datafield tag="650" ind1=" " ind2=" ">
        <subfield code="a">CLIMATE CHANGE</subfield>
        <subfield code="0">(DHLAUTH)275343</subfield>
    </datafield>
    <datafield tag="650" ind1=" " ind2=" ">
        <subfield code="a">WESTERN ASIA</subfield>
        <subfield code="0">(DHLAUTH)275490</subfield>
    </datafield>
    <datafield tag="650" ind1=" " ind2=" ">
        <subfield code="a">ARAB COUNTRIES</subfield>
        <subfield code="0">(DHLAUTH)268705</subfield>
    </datafield>
</record>
<record>
    <datafield tag="191" ind1=" " ind2=" ">
        <subfield code="a">E/ESCWA/SDPD/2013/WG.11/2/REPORT</subfield>
    </datafield>
    <datafield tag="246" ind1=" " ind2=" ">
        <subfield code="a">تقرير اجتماع الخبراء حول سلسلة الانشطة الزراعية الخضراء المضيفة للقيمة لتحسين سبل العيش في المنطقة العربية، بيروت، 20 - 21 حزيران/يونيو 2013</subfield>
    </datafield>
    <datafield tag="269" ind1=" " ind2=" ">
        <subfield code="a">20131212</subfield>
    </datafield>
    <datafield tag="650" ind1=" " ind2=" ">
        <subfield code="a">AGRICULTURAL ECONOMICS</subfield>
        <subfield code="0">(DHLAUTH)269599</subfield>
    </datafield>
    <datafield tag="650" ind1=" " ind2=" ">
        <subfield code="a">GREEN REVOLUTION</subfield>
        <subfield code="0">(DHLAUTH)271353</subfield>
    </datafield>
    <datafield tag="650" ind1=" " ind2=" ">
        <subfield code="a">LIVING CONDITIONS</subfield>
        <subfield code="0">(DHLAUTH)269738</subfield>
    </datafield>
    <datafield tag="650" ind1=" " ind2=" ">
        <subfield code="a">VALUE</subfield>
        <subfield code="0">(DHLAUTH)269706</subfield>
    </datafield>
    <datafield tag="650" ind1=" " ind2=" ">
        <subfield code="a">PRODUCT DEVELOPMENT</subfield>
        <subfield code="0">(DHLAUTH)271948</subfield>
    </datafield>
    <datafield tag="650" ind1=" " ind2=" ">
        <subfield code="a">RECOMMENDATIONS</subfield>
        <subfield code="0">(DHLAUTH)275840</subfield>
    </datafield>
    <datafield tag="650" ind1=" " ind2=" ">
        <subfield code="a">CONFERENCES</subfield>
        <subfield code="0">(DHLAUTH)275758</subfield>
    </datafield>
    <datafield tag="650" ind1=" " ind2=" ">
        <subfield code="a">ARAB COUNTRIES</subfield>
        <subfield code="0">(DHLAUTH)268705</subfield>
    </datafield>
</record>
<record>
    <datafield tag="191" ind1=" " ind2=" ">
        <subfield code="a">E/ESCWA/SDPD/2013/WG.3/WG.3/INF.1</subfield>
    </datafield>
    <datafield tag="246" ind1=" " ind2=" ">
        <subfield code="a">مذكرة توضيحية : مبادرة MDG+ الخاصة بامدادات المياه والصرف الصحي : ورشة العمل الاولى، بيروت، 21 - 23 ايار/مايو </subfield>
    </datafield>
    <datafield tag="269" ind1=" " ind2=" ">
        <subfield code="a">20130515</subfield>
    </datafield>
    <datafield tag="650" ind1=" " ind2=" ">
        <subfield code="a">SANITATION SERVICES</subfield>
        <subfield code="0">(DHLAUTH)272258</subfield>
    </datafield>
    <datafield tag="650" ind1=" " ind2=" ">
        <subfield code="a">SANITATION</subfield>
        <subfield code="0">(DHLAUTH)270653</subfield>
    </datafield>
    <datafield tag="650" ind1=" " ind2=" ">
        <subfield code="a">WATER SUPPLY ENGINEERING</subfield>
        <subfield code="0">(DHLAUTH)270917</subfield>
    </datafield>
    <datafield tag="650" ind1=" " ind2=" ">
        <subfield code="a">WATER SUPPLY</subfield>
        <subfield code="0">(DHLAUTH)270886</subfield>
    </datafield>
    <datafield tag="650" ind1=" " ind2=" ">
        <subfield code="a">ARAB COUNTRIES</subfield>
        <subfield code="0">(DHLAUTH)268705</subfield>
    </datafield>
    <datafield tag="650" ind1=" " ind2=" ">
        <subfield code="a">CONFERENCES</subfield>
        <subfield code="0">(DHLAUTH)275758</subfield>
    </datafield>
</record>
<record>
    <datafield tag="191" ind1=" " ind2=" ">
        <subfield code="a">E/ESCWA/SDPD/2014/1/MANUAL</subfield>
    </datafield>
    <datafield tag="246" ind1=" " ind2=" ">
        <subfield code="a">مؤشرات امدادات المياه والصرف الصحي : دليل تدريبي (مبادرة MDG+)</subfield>
    </datafield>
    <datafield tag="269" ind1=" " ind2=" ">
        <subfield code="a">20140407</subfield>
    </datafield>
    <datafield tag="650" ind1=" " ind2=" ">
        <subfield code="a">SANITATION</subfield>
        <subfield code="0">(DHLAUTH)270653</subfield>
    </datafield>
    <datafield tag="650" ind1=" " ind2=" ">
        <subfield code="a">WATER SUPPLY</subfield>
        <subfield code="0">(DHLAUTH)270886</subfield>
    </datafield>
    <datafield tag="650" ind1=" " ind2=" ">
        <subfield code="a">MANUALS</subfield>
        <subfield code="0">(DHLAUTH)274980</subfield>
    </datafield>
    <datafield tag="650" ind1=" " ind2=" ">
        <subfield code="a">TRAINING PROGRAMMES</subfield>
        <subfield code="0">(DHLAUTH)274026</subfield>
    </datafield>
    <datafield tag="650" ind1=" " ind2=" ">
        <subfield code="a">ARAB COUNTRIES</subfield>
        <subfield code="0">(DHLAUTH)268705</subfield>
    </datafield>
</record>
<record>
    <datafield tag="191" ind1=" " ind2=" ">
        <subfield code="a">E/ESCWA/SDPD/2014/PAMPHLET.1</subfield>
    </datafield>
    <datafield tag="246" ind1=" " ind2=" ">
        <subfield code="a">الشراكة بين القطاعين العام والخاص للقيام بمشاريع الطاقة المتجددة في الريف، ايلول /سبتمبر 2014</subfield>
    </datafield>
    <datafield tag="269" ind1=" " ind2=" ">
        <subfield code="a">20141001</subfield>
    </datafield>
    <datafield tag="650" ind1=" " ind2=" ">
        <subfield code="a">PUBLIC-PRIVATE PARTNERSHIPS</subfield>
        <subfield code="0">(DHLAUTH)577424</subfield>
    </datafield>
    <datafield tag="650" ind1=" " ind2=" ">
        <subfield code="a">RENEWABLE ENERGY SOURCES</subfield>
        <subfield code="0">(DHLAUTH)270594</subfield>
    </datafield>
    <datafield tag="650" ind1=" " ind2=" ">
        <subfield code="a">PROJECT ACTIVITIES</subfield>
        <subfield code="0">(DHLAUTH)275801</subfield>
    </datafield>
    <datafield tag="650" ind1=" " ind2=" ">
        <subfield code="a">RURAL AREAS</subfield>
        <subfield code="0">(DHLAUTH)269978</subfield>
    </datafield>
    <datafield tag="650" ind1=" " ind2=" ">
        <subfield code="a">ARAB COUNTRIES</subfield>
        <subfield code="0">(DHLAUTH)268705</subfield>
    </datafield>
    <datafield tag="650" ind1=" " ind2=" ">
        <subfield code="a">POSTERS</subfield>
        <subfield code="0">(DHLAUTH)274078</subfield>
    </datafield>
</record>
<record>
    <datafield tag="191" ind1=" " ind2=" ">
        <subfield code="a">E/ESCWA/SDPD/2014/WG.10/INF.1</subfield>
    </datafield>
    <datafield tag="245" ind1=" " ind2=" ">
        <subfield code="a">INFORMATION NOTE : SIXTH EXPERT GROUP MEETING ON THE REGIONAL INITIATIVE FOR THE ASSESSMENT OF THE IMPACT OF CLIMATE CHANGE ON WATER RESOURCES AND SOCIO-ECONOMIC VULNERABILITY IN THE ARAB REGION (RICCAR),CAIRO, 7 - 8 DECEMBER 2014 </subfield>
    </datafield>
    <datafield tag="269" ind1=" " ind2=" ">
        <subfield code="a">20141103</subfield>
    </datafield>
    <datafield tag="650" ind1=" " ind2=" ">
        <subfield code="a">CLIMATE CHANGE</subfield>
        <subfield code="0">(DHLAUTH)275343</subfield>
    </datafield>
    <datafield tag="650" ind1=" " ind2=" ">
        <subfield code="a">WATER RESOURCES</subfield>
        <subfield code="0">(DHLAUTH)270568</subfield>
    </datafield>
    <datafield tag="650" ind1=" " ind2=" ">
        <subfield code="a">SOCIAL ASPECTS</subfield>
        <subfield code="0">(DHLAUTH)274710</subfield>
    </datafield>
    <datafield tag="650" ind1=" " ind2=" ">
        <subfield code="a">ECONOMIC ASPECTS</subfield>
        <subfield code="0">(DHLAUTH)269753</subfield>
    </datafield>
    <datafield tag="650" ind1=" " ind2=" ">
        <subfield code="a">ARAB COUNTRIES</subfield>
        <subfield code="0">(DHLAUTH)268705</subfield>
    </datafield>
    <datafield tag="650" ind1=" " ind2=" ">
        <subfield code="a">CONFERENCES</subfield>
        <subfield code="0">(DHLAUTH)275758</subfield>
    </datafield>
</record>
<record>
    <datafield tag="191" ind1=" " ind2=" ">
        <subfield code="a">E/ESCWA/SDPD/2014/WG.3/REPORT</subfield>
    </datafield>
    <datafield tag="245" ind1=" " ind2=" ">
        <subfield code="a">REPORT : NATIONAL TRAINING WORKSHOP ON THE ROLE OF PUBLIC-PRIVATE PARTNERSHIPS IN THE IMPLEMENTATION OF RENEWABLE ENERGY PROJECTS IN RURAL AREAS, AMMAN, 3-4 JUNE 2014</subfield>
    </datafield>
    <datafield tag="246" ind1=" " ind2=" ">
        <subfield code="a">تقرير ورشة العمل التدريبية الوطنية حول دور الشراكة بين القطاعين العام والخاص في تنفيذ مشاريع الطاقة المتجددة في المناطق الريفية، عمان، 3 - 4 حزيران/يونيو 2014</subfield>
    </datafield>
    <datafield tag="269" ind1=" " ind2=" ">
        <subfield code="a">20140812</subfield>
    </datafield>
    <datafield tag="650" ind1=" " ind2=" ">
        <subfield code="a">PUBLIC-PRIVATE PARTNERSHIPS</subfield>
        <subfield code="0">(DHLAUTH)577424</subfield>
    </datafield>
    <datafield tag="650" ind1=" " ind2=" ">
        <subfield code="a">RENEWABLE ENERGY SOURCES</subfield>
        <subfield code="0">(DHLAUTH)270594</subfield>
    </datafield>
    <datafield tag="650" ind1=" " ind2=" ">
        <subfield code="a">RURAL AREAS</subfield>
        <subfield code="0">(DHLAUTH)269978</subfield>
    </datafield>
    <datafield tag="650" ind1=" " ind2=" ">
        <subfield code="a">ENERGY SECURITY</subfield>
        <subfield code="0">(DHLAUTH)594697</subfield>
    </datafield>
    <datafield tag="650" ind1=" " ind2=" ">
        <subfield code="a">ENERGY SERVICES</subfield>
        <subfield code="0">(DHLAUTH)608789</subfield>
    </datafield>
    <datafield tag="650" ind1=" " ind2=" ">
        <subfield code="a">CASE STUDIES</subfield>
        <subfield code="0">(DHLAUTH)274639</subfield>
    </datafield>
    <datafield tag="650" ind1=" " ind2=" ">
        <subfield code="a">ELECTRIC POWER</subfield>
        <subfield code="0">(DHLAUTH)271189</subfield>
    </datafield>
    <datafield tag="650" ind1=" " ind2=" ">
        <subfield code="a">JORDAN</subfield>
        <subfield code="0">(DHLAUTH)269099</subfield>
    </datafield>
    <datafield tag="650" ind1=" " ind2=" ">
        <subfield code="a">CONFERENCES</subfield>
        <subfield code="0">(DHLAUTH)275758</subfield>
    </datafield>
    <datafield tag="650" ind1=" " ind2=" ">
        <subfield code="a">TRAINING PROGRAMMES</subfield>
        <subfield code="0">(DHLAUTH)274026</subfield>
    </datafield>
    <datafield tag="650" ind1=" " ind2=" ">
        <subfield code="a">PROJECT IMPLEMENTATION</subfield>
        <subfield code="0">(DHLAUTH)269965</subfield>
    </datafield>
</record>
<record>
    <datafield tag="191" ind1=" " ind2=" ">
        <subfield code="a">E/ESCWA/SDPD/2014/WG.7/REPORT</subfield>
    </datafield>
    <datafield tag="245" ind1=" " ind2=" ">
        <subfield code="a">REPORT : SCOPING MEETING FOR THE ESTABLISHMENT OF THE ARAB CLIMATE OUTLLOOK FORUM, AMMAN, 14 - 16 OCTOBER 2014</subfield>
    </datafield>
    <datafield tag="246" ind1=" " ind2=" ">
        <subfield code="a">تقرير الاجتماع التشاوري حول انشاء المنتدى العربي لتوقعات المناخ، عمان، 14 - 16 تشرين الاول/اكتوبر 2014</subfield>
    </datafield>
    <datafield tag="269" ind1=" " ind2=" ">
        <subfield code="a">20150408</subfield>
    </datafield>
    <datafield tag="650" ind1=" " ind2=" ">
        <subfield code="a">CLIMATE</subfield>
        <subfield code="0">(DHLAUTH)275342</subfield>
    </datafield>
    <datafield tag="650" ind1=" " ind2=" ">
        <subfield code="a">CLIMATOLOGY</subfield>
        <subfield code="0">(DHLAUTH)275269</subfield>
    </datafield>
    <datafield tag="650" ind1=" " ind2=" ">
        <subfield code="a">METEOROLOGY SERVICES</subfield>
        <subfield code="0">(DHLAUTH)275351</subfield>
    </datafield>
    <datafield tag="650" ind1=" " ind2=" ">
        <subfield code="a">CLIMATE CHANGE</subfield>
        <subfield code="0">(DHLAUTH)275343</subfield>
    </datafield>
    <datafield tag="650" ind1=" " ind2=" ">
        <subfield code="a">ARAB COUNTRIES</subfield>
        <subfield code="0">(DHLAUTH)268705</subfield>
    </datafield>
    <datafield tag="650" ind1=" " ind2=" ">
        <subfield code="a">CONFERENCES</subfield>
        <subfield code="0">(DHLAUTH)275758</subfield>
    </datafield>
    <datafield tag="650" ind1=" " ind2=" ">
        <subfield code="a">RECOMMENDATIONS</subfield>
        <subfield code="0">(DHLAUTH)275840</subfield>
    </datafield>
</record>
<record>
    <datafield tag="191" ind1=" " ind2=" ">
        <subfield code="a">E/ESCWA/SDPD/2015/1</subfield>
    </datafield>
    <datafield tag="245" ind1=" " ind2=" ">
        <subfield code="a">PATHWAYS TOWARDS FOOD SECURITY IN THE ARAB REGION : AN ASSESSMENT OF WHEAT AVAILABILITY</subfield>
    </datafield>
    <datafield tag="269" ind1=" " ind2=" ">
        <subfield code="a">20150317</subfield>
    </datafield>
    <datafield tag="650" ind1=" " ind2=" ">
        <subfield code="a">STATISTICAL DATA</subfield>
        <subfield code="0">(DHLAUTH)270233</subfield>
    </datafield>
    <datafield tag="650" ind1=" " ind2=" ">
        <subfield code="a">ENVIRONMENTAL ASPECTS</subfield>
        <subfield code="0">(DHLAUTH)270631</subfield>
    </datafield>
    <datafield tag="650" ind1=" " ind2=" ">
        <subfield code="a">FOOD SECURITY</subfield>
        <subfield code="0">(DHLAUTH)273653</subfield>
    </datafield>
    <datafield tag="650" ind1=" " ind2=" ">
        <subfield code="a">ARAB COUNTRIES</subfield>
        <subfield code="0">(DHLAUTH)268705</subfield>
    </datafield>
    <datafield tag="650" ind1=" " ind2=" ">
        <subfield code="a">WHEAT</subfield>
        <subfield code="0">(DHLAUTH)271559</subfield>
    </datafield>
    <datafield tag="650" ind1=" " ind2=" ">
        <subfield code="a">NATURAL RESOURCES DEVELOPMENT</subfield>
        <subfield code="0">(DHLAUTH)269919</subfield>
    </datafield>
</record>
<record>
    <datafield tag="191" ind1=" " ind2=" ">
        <subfield code="a">E/ESCWA/SDPD/2015/2</subfield>
    </datafield>
    <datafield tag="245" ind1=" " ind2=" ">
        <subfield code="a">ESCWA WATER DEVELOPMENT REPORT 6 : THE WATER, ENERGY AND FOOD SECURITY NEXUS IN THE ARAB REGION</subfield>
    </datafield>
    <datafield tag="246" ind1=" " ind2=" ">
        <subfield code="a">تقرير المياه والتنمية السادس : الترابط في امن المياه والطاقة والغذاء في المنطقة العربية</subfield>
    </datafield>
    <datafield tag="269" ind1=" " ind2=" ">
        <subfield code="a">20150201</subfield>
    </datafield>
    <datafield tag="650" ind1=" " ind2=" ">
        <subfield code="a">STATISTICAL DATA</subfield>
        <subfield code="0">(DHLAUTH)270233</subfield>
    </datafield>
    <datafield tag="650" ind1=" " ind2=" ">
        <subfield code="a">WATER RESOURCES DEVELOPMENT</subfield>
        <subfield code="0">(DHLAUTH)269975</subfield>
    </datafield>
    <datafield tag="650" ind1=" " ind2=" ">
        <subfield code="a">WATER RESOURCES</subfield>
        <subfield code="0">(DHLAUTH)270568</subfield>
    </datafield>
    <datafield tag="650" ind1=" " ind2=" ">
        <subfield code="a">FOOD SECURITY</subfield>
        <subfield code="0">(DHLAUTH)273653</subfield>
    </datafield>
    <datafield tag="650" ind1=" " ind2=" ">
        <subfield code="a">ELECTRICITY</subfield>
        <subfield code="0">(DHLAUTH)271193</subfield>
    </datafield>
    <datafield tag="650" ind1=" " ind2=" ">
        <subfield code="a">RECOMMENDATIONS</subfield>
        <subfield code="0">(DHLAUTH)275840</subfield>
    </datafield>
    <datafield tag="650" ind1=" " ind2=" ">
        <subfield code="a">AQUIFERS</subfield>
        <subfield code="0">(DHLAUTH)270896</subfield>
    </datafield>
    <datafield tag="650" ind1=" " ind2=" ">
        <subfield code="a">RIVER BASIN DEVELOPMENT</subfield>
        <subfield code="0">(DHLAUTH)269971</subfield>
    </datafield>
    <datafield tag="650" ind1=" " ind2=" ">
        <subfield code="a">SUSTAINABLE DEVELOPMENT</subfield>
        <subfield code="0">(DHLAUTH)269920</subfield>
    </datafield>
    <datafield tag="650" ind1=" " ind2=" ">
        <subfield code="a">ARAB COUNTRIES</subfield>
        <subfield code="0">(DHLAUTH)268705</subfield>
    </datafield>
    <datafield tag="650" ind1=" " ind2=" ">
        <subfield code="a">ENERGY RESOURCES DEVELOPMENT</subfield>
        <subfield code="0">(DHLAUTH)270572</subfield>
    </datafield>
    <datafield tag="650" ind1=" " ind2=" ">
        <subfield code="a">EUPHRATES-TIGRIS RIVER BASIN</subfield>
        <subfield code="0">(DHLAUTH)753141</subfield>
    </datafield>
    <datafield tag="650" ind1=" " ind2=" ">
        <subfield code="a">FERTILIZERS</subfield>
        <subfield code="0">(DHLAUTH)270861</subfield>
    </datafield>
    <datafield tag="650" ind1=" " ind2=" ">
        <subfield code="a">ENERGY RESOURCES</subfield>
        <subfield code="0">(DHLAUTH)270561</subfield>
    </datafield>
    <datafield tag="650" ind1=" " ind2=" ">
        <subfield code="a">AGRICULTURE</subfield>
        <subfield code="0">(DHLAUTH)271335</subfield>
    </datafield>
    <datafield tag="650" ind1=" " ind2=" ">
        <subfield code="a">TECHNOLOGY</subfield>
        <subfield code="0">(DHLAUTH)271833</subfield>
    </datafield>
    <datafield tag="650" ind1=" " ind2=" ">
        <subfield code="a">NILE RIVER BASIN</subfield>
        <subfield code="0">(DHLAUTH)666714</subfield>
    </datafield>
</record>
<record>
    <datafield tag="191" ind1=" " ind2=" ">
        <subfield code="a">E/ESCWA/SDPD/2015/3</subfield>
    </datafield>
    <datafield tag="245" ind1=" " ind2=" ">
        <subfield code="a">ARAB SUSTAINABLE DEVELOPMENT REPORT, FIRST EDITION, 2015</subfield>
    </datafield>
    <datafield tag="246" ind1=" " ind2=" ">
        <subfield code="a">التقرير العربي للتنمية المستدامة، العدد الاول، 2015</subfield>
    </datafield>
    <datafield tag="269" ind1=" " ind2=" ">
        <subfield code="a">20150731</subfield>
    </datafield>
    <datafield tag="650" ind1=" " ind2=" ">
        <subfield code="a">SUSTAINABLE DEVELOPMENT</subfield>
        <subfield code="0">(DHLAUTH)269920</subfield>
    </datafield>
    <datafield tag="650" ind1=" " ind2=" ">
        <subfield code="a">HUMAN SETTLEMENTS</subfield>
        <subfield code="0">(DHLAUTH)273542</subfield>
    </datafield>
    <datafield tag="650" ind1=" " ind2=" ">
        <subfield code="a">HUMAN SECURITY</subfield>
        <subfield code="0">(DHLAUTH)671632</subfield>
    </datafield>
    <datafield tag="650" ind1=" " ind2=" ">
        <subfield code="a">PEACE</subfield>
        <subfield code="0">(DHLAUTH)268448</subfield>
    </datafield>
    <datafield tag="650" ind1=" " ind2=" ">
        <subfield code="a">GOVERNANCE</subfield>
        <subfield code="0">(DHLAUTH)276686</subfield>
    </datafield>
    <datafield tag="650" ind1=" " ind2=" ">
        <subfield code="a">CITIES</subfield>
        <subfield code="0">(DHLAUTH)273527</subfield>
    </datafield>
    <datafield tag="650" ind1=" " ind2=" ">
        <subfield code="a">ARAB COUNTRIES</subfield>
        <subfield code="0">(DHLAUTH)268705</subfield>
    </datafield>
    <datafield tag="650" ind1=" " ind2=" ">
        <subfield code="a">STATISTICAL DATA</subfield>
        <subfield code="0">(DHLAUTH)270233</subfield>
    </datafield>
</record>
<record>
    <datafield tag="191" ind1=" " ind2=" ">
        <subfield code="a">E/ESCWA/SDPD/2015/4</subfield>
    </datafield>
    <datafield tag="246" ind1=" " ind2=" ">
        <subfield code="a">التعاون الإقليمي وأمن الطاقة في المنطقة العربية</subfield>
    </datafield>
    <datafield tag="269" ind1=" " ind2=" ">
        <subfield code="a">20151224</subfield>
    </datafield>
    <datafield tag="650" ind1=" " ind2=" ">
        <subfield code="a">REGIONAL COOPERATION</subfield>
        <subfield code="0">(DHLAUTH)268656</subfield>
    </datafield>
    <datafield tag="650" ind1=" " ind2=" ">
        <subfield code="a">ENERGY SECURITY</subfield>
        <subfield code="0">(DHLAUTH)594697</subfield>
    </datafield>
    <datafield tag="650" ind1=" " ind2=" ">
        <subfield code="a">ARAB COUNTRIES</subfield>
        <subfield code="0">(DHLAUTH)268705</subfield>
    </datafield>
</record>
<record>
    <datafield tag="191" ind1=" " ind2=" ">
        <subfield code="a">E/ESCWA/SDPD/2015/BOOKLET.1</subfield>
    </datafield>
    <datafield tag="245" ind1=" " ind2=" ">
        <subfield code="a">WATER SUPPLY AND SANITATION IN THE ARAB REGION : LOOKING BEYOND 2015 </subfield>
    </datafield>
    <datafield tag="269" ind1=" " ind2=" ">
        <subfield code="a">20150701</subfield>
    </datafield>
    <datafield tag="650" ind1=" " ind2=" ">
        <subfield code="a">STATISTICAL DATA</subfield>
        <subfield code="0">(DHLAUTH)270233</subfield>
    </datafield>
    <datafield tag="650" ind1=" " ind2=" ">
        <subfield code="a">SANITATION</subfield>
        <subfield code="0">(DHLAUTH)270653</subfield>
    </datafield>
    <datafield tag="650" ind1=" " ind2=" ">
        <subfield code="a">WATER RESOURCES</subfield>
        <subfield code="0">(DHLAUTH)270568</subfield>
    </datafield>
    <datafield tag="650" ind1=" " ind2=" ">
        <subfield code="a">ARAB COUNTRIES</subfield>
        <subfield code="0">(DHLAUTH)268705</subfield>
    </datafield>
    <datafield tag="650" ind1=" " ind2=" ">
        <subfield code="a">WATER SUPPLY</subfield>
        <subfield code="0">(DHLAUTH)270886</subfield>
    </datafield>
    <datafield tag="650" ind1=" " ind2=" ">
        <subfield code="a">WATER RIGHTS</subfield>
        <subfield code="0">(DHLAUTH)270894</subfield>
    </datafield>
    <datafield tag="650" ind1=" " ind2=" ">
        <subfield code="a">SANITATION SERVICES</subfield>
        <subfield code="0">(DHLAUTH)272258</subfield>
    </datafield>
</record>
<record>
    <datafield tag="191" ind1=" " ind2=" ">
        <subfield code="a">E/ESCWA/SDPD/2015/BOOKLET.2</subfield>
    </datafield>
    <datafield tag="245" ind1=" " ind2=" ">
        <subfield code="a">CLIMATE PROJECTIONS AND EXTREME CLIMATE INDICES FOR THE ARAB REGION : REGIONAL INITIATIVE FOR THE ASSESSMENTOF THE IMPACT OF CLIMATE CHANGE ON WATER RESOURCES AND SOCIO-ECONOMIC VULNERABILITY IN THE ARAB REGION (RICCAR)</subfield>
    </datafield>
    <datafield tag="246" ind1=" " ind2=" ">
        <subfield code="a">: التوقعات المناخية ومؤشرات الظواهر المناخية المتطرفة في المنطقة العربية</subfield>
    </datafield>
    <datafield tag="246" ind1=" " ind2=" ">
        <subfield code="a">التوقعات المناخية ومؤشرات الظواهر المناخية المتطرفة في المنطقة العربية  : المبادرة الاقليمية لتقييم اثر تغير المناخ الاقليمية لتقييم اثر تغير المناخ على الموارد المائية وقابلية تأثر القطاعات الاجتماعية والاقتصادية في المنطقة العربية</subfield>
    </datafield>
    <datafield tag="269" ind1=" " ind2=" ">
        <subfield code="a">20150101</subfield>
    </datafield>
    <datafield tag="650" ind1=" " ind2=" ">
        <subfield code="a">WATER RESOURCES</subfield>
        <subfield code="0">(DHLAUTH)270568</subfield>
    </datafield>
    <datafield tag="650" ind1=" " ind2=" ">
        <subfield code="a">SOCIAL ASPECTS</subfield>
        <subfield code="0">(DHLAUTH)274710</subfield>
    </datafield>
    <datafield tag="650" ind1=" " ind2=" ">
        <subfield code="a">ARAB COUNTRIES</subfield>
        <subfield code="0">(DHLAUTH)268705</subfield>
    </datafield>
    <datafield tag="650" ind1=" " ind2=" ">
        <subfield code="a">ECONOMIC ASPECTS</subfield>
        <subfield code="0">(DHLAUTH)269753</subfield>
    </datafield>
    <datafield tag="650" ind1=" " ind2=" ">
        <subfield code="a">CLIMATE CHANGE</subfield>
        <subfield code="0">(DHLAUTH)275343</subfield>
    </datafield>
</record>
<record>
    <datafield tag="191" ind1=" " ind2=" ">
        <subfield code="a">E/ESCWA/SDPD/2015/BOOKLET.4</subfield>
    </datafield>
    <datafield tag="245" ind1=" " ind2=" ">
        <subfield code="a">SUPPORTING THE MOVE FROM THE MDGS TO SDGS IN THE ARAB REGION : REGIONAL INITIATIVE FOR ESTABLISHING A REGIONAL MECHANISM FOR IMPROVEDMONITORING AND REPORTING ON ACCESS TO WATER SUPPLY AND SANITATION SERVICES IN THE ARAB REGION (MDG+ INITIATIVE)</subfield>
    </datafield>
    <datafield tag="269" ind1=" " ind2=" ">
        <subfield code="a">20150101</subfield>
    </datafield>
    <datafield tag="650" ind1=" " ind2=" ">
        <subfield code="a">SANITARY FACILITIES</subfield>
        <subfield code="0">(DHLAUTH)272262</subfield>
    </datafield>
    <datafield tag="650" ind1=" " ind2=" ">
        <subfield code="a">DRINKING WATER</subfield>
        <subfield code="0">(DHLAUTH)270884</subfield>
    </datafield>
    <datafield tag="650" ind1=" " ind2=" ">
        <subfield code="a">SUSTAINABLE DEVELOPMENT</subfield>
        <subfield code="0">(DHLAUTH)269920</subfield>
    </datafield>
    <datafield tag="650" ind1=" " ind2=" ">
        <subfield code="a">ARAB COUNTRIES</subfield>
        <subfield code="0">(DHLAUTH)268705</subfield>
    </datafield>
    <datafield tag="650" ind1=" " ind2=" ">
        <subfield code="a">WASTE MANAGEMENT</subfield>
        <subfield code="0">(DHLAUTH)272254</subfield>
    </datafield>
    <datafield tag="650" ind1=" " ind2=" ">
        <subfield code="a">WATER SUPPLY</subfield>
        <subfield code="0">(DHLAUTH)270886</subfield>
    </datafield>
    <datafield tag="650" ind1=" " ind2=" ">
        <subfield code="a">SANITATION SERVICES</subfield>
        <subfield code="0">(DHLAUTH)272258</subfield>
    </datafield>
</record>
<record>
    <datafield tag="191" ind1=" " ind2=" ">
        <subfield code="a">E/ESCWA/SDPD/2015/IG.2/3</subfield>
    </datafield>
    <datafield tag="245" ind1=" " ind2=" ">
        <subfield code="a">CLIMATE CHANGE AND ITS IMPACT ON WATER RESOURCES IN THE ARAB REGION : ECONOMIC AND SOCIAL COMMISSION FOR WESTERN ASIA (ESCWA), COMMITTEE ON WATER RESOURCES, ELEVENTH SESSION, AMMAN, 26 - 27 MARCH 2015</subfield>
    </datafield>
    <datafield tag="246" ind1=" " ind2=" ">
        <subfield code="a">تغير المناخ وآثاره على الموارد المائية في المنطقة العربية : اللجنة الاقتصادية والاجتماعية لغربي آسيا (الاسكوا)، لجنة الموارد المائية، الدورة الحادية عشرة، عمان، 26 - 27 آذار/مارس 2015</subfield>
    </datafield>
    <datafield tag="269" ind1=" " ind2=" ">
        <subfield code="a">20150309</subfield>
    </datafield>
    <datafield tag="650" ind1=" " ind2=" ">
        <subfield code="a">WATER RESOURCES</subfield>
        <subfield code="0">(DHLAUTH)270568</subfield>
    </datafield>
    <datafield tag="650" ind1=" " ind2=" ">
        <subfield code="a">CLIMATE CHANGE</subfield>
        <subfield code="0">(DHLAUTH)275343</subfield>
    </datafield>
    <datafield tag="650" ind1=" " ind2=" ">
        <subfield code="a">ARAB COUNTRIES</subfield>
        <subfield code="0">(DHLAUTH)268705</subfield>
    </datafield>
    <datafield tag="650" ind1=" " ind2=" ">
        <subfield code="a">REGIONAL COMMISSIONS</subfield>
        <subfield code="0">(DHLAUTH)269969</subfield>
    </datafield>
    <datafield tag="650" ind1=" " ind2=" ">
        <subfield code="a">CONFERENCES</subfield>
        <subfield code="0">(DHLAUTH)275758</subfield>
    </datafield>
</record>
<record>
    <datafield tag="191" ind1=" " ind2=" ">
        <subfield code="a">E/ESCWA/SDPD/2015/IG.2/3(PART II)</subfield>
    </datafield>
    <datafield tag="245" ind1=" " ind2=" ">
        <subfield code="a">CLIMATE CHANGE AND ITS IMPACT ON WATER RESOURCES IN THE ARAB REGION : BUILDING THE CAPACITIES OF MEMBER STATES IN CLIMATE CHANGE NEGOTIATIONS AND PREPARATIONS FOR THE 21ST CONFERENCES OF THE PARTIES TO THE UNITED NATIONS FRAMEWORK CONVENTION ON CLIMATE CHANGE (UNFCCC/COP-21) : ECONOMIC AND SOCIAL COMMISSION FOR WESTERN ASIA (ESCWA), COMMITTEE ON WATER RESOURCES, ELEVENTH SESSION, AMMAN, 26 - 27 MARCH 2015</subfield>
    </datafield>
    <datafield tag="246" ind1=" " ind2=" ">
        <subfield code="a">تغير المناخ وآثاره على الموارد المائية في المنطقة العربية : بناء قدرات الدول الاعضاء في مجال التفاوض حول تغير المناخ والاعداد للمؤتمر الـ 21 للاطراف في اتفاقية الامم المتحدة الاطارية بشان تغير المناخ (UNFCCC/COP-21) اللجنة الاقتصادية والاجتماعية لغربي آسيا (الاسكوا)، لجنة الموارد المائية، الدورة الحادية عشرة، عمان، 26 - 27 آذار/مارس 2015</subfield>
    </datafield>
    <datafield tag="269" ind1=" " ind2=" ">
        <subfield code="a">20150121</subfield>
    </datafield>
    <datafield tag="650" ind1=" " ind2=" ">
        <subfield code="a">WATER RESOURCES</subfield>
        <subfield code="0">(DHLAUTH)270568</subfield>
    </datafield>
    <datafield tag="650" ind1=" " ind2=" ">
        <subfield code="a">CLIMATE CHANGE</subfield>
        <subfield code="0">(DHLAUTH)275343</subfield>
    </datafield>
    <datafield tag="650" ind1=" " ind2=" ">
        <subfield code="a">CAPACITY BUILDING</subfield>
        <subfield code="0">(DHLAUTH)276636</subfield>
    </datafield>
    <datafield tag="650" ind1=" " ind2=" ">
        <subfield code="a">NEGOTIATION</subfield>
        <subfield code="0">(DHLAUTH)268593</subfield>
    </datafield>
    <datafield tag="650" ind1=" " ind2=" ">
        <subfield code="a">ARAB COUNTRIES</subfield>
        <subfield code="0">(DHLAUTH)268705</subfield>
    </datafield>
    <datafield tag="650" ind1=" " ind2=" ">
        <subfield code="a">CONFERENCES</subfield>
        <subfield code="0">(DHLAUTH)275758</subfield>
    </datafield>
</record>
<record>
    <datafield tag="191" ind1=" " ind2=" ">
        <subfield code="a">E/ESCWA/SDPD/2015/IG.2/3(PART I)</subfield>
    </datafield>
    <datafield tag="245" ind1=" " ind2=" ">
        <subfield code="a">CLIMATE CHANGE AND ITS IMPACT ON WATER RESOURCES IN THE ARAB REGION : PROGRESS ACHIEVED IN IMPLEMENTING THE REGIONAL INITIATIVE FOR THE ASSESSMENT OF THE IMPACT OF CLIMATE CHANGE ON WATER RESOURCES AND SOCIO-ECONOMIC VULNERABILITY IN THE ARAB REGION (RICCAR) :  ECONOMIC AND SOCIAL COMMISSION FOR WESTERN ASIA (ESCWA), COMMITTEE ON WATER RESOURCES, ELEVENTH SESSION, AMMAN, 26 - 27 MARCH 2015</subfield>
    </datafield>
    <datafield tag="246" ind1=" " ind2=" ">
        <subfield code="a">تغير المناخ وآثاره على الموارد المائية في المنطقة العربية : التقد المحرز في تنفيذ المبادرة الاقليمية بشأن تقييم آثار تغير المناخ على الموارد المائية وقابلية تأثر القطاعات الاجتماعية والاقتصادية في المنطقة العربية (ريكار) : اللجنة الاقتصادية والاجتماعية لغربي آسيا (الاسكوا)، لجنة الموارد المائية، الدورة الحادية عشرة، عمان، 26 - 27 آذار/مارس 2015</subfield>
    </datafield>
    <datafield tag="269" ind1=" " ind2=" ">
        <subfield code="a">20150121</subfield>
    </datafield>
    <datafield tag="650" ind1=" " ind2=" ">
        <subfield code="a">WATER RESOURCES</subfield>
        <subfield code="0">(DHLAUTH)270568</subfield>
    </datafield>
    <datafield tag="650" ind1=" " ind2=" ">
        <subfield code="a">CLIMATE CHANGE</subfield>
        <subfield code="0">(DHLAUTH)275343</subfield>
    </datafield>
    <datafield tag="650" ind1=" " ind2=" ">
        <subfield code="a">PROGRAMME IMPLEMENTATION</subfield>
        <subfield code="0">(DHLAUTH)275794</subfield>
    </datafield>
    <datafield tag="650" ind1=" " ind2=" ">
        <subfield code="a">CLIMATE CHANGE</subfield>
        <subfield code="0">(DHLAUTH)275343</subfield>
    </datafield>
    <datafield tag="650" ind1=" " ind2=" ">
        <subfield code="a">ARAB COUNTRIES</subfield>
        <subfield code="0">(DHLAUTH)268705</subfield>
    </datafield>
    <datafield tag="650" ind1=" " ind2=" ">
        <subfield code="a">REGIONAL COMMISSIONS</subfield>
        <subfield code="0">(DHLAUTH)269969</subfield>
    </datafield>
    <datafield tag="650" ind1=" " ind2=" ">
        <subfield code="a">CONFERENCES</subfield>
        <subfield code="0">(DHLAUTH)275758</subfield>
    </datafield>
    <datafield tag="650" ind1=" " ind2=" ">
        <subfield code="a">SOCIAL ASPECTS</subfield>
        <subfield code="0">(DHLAUTH)274710</subfield>
    </datafield>
    <datafield tag="650" ind1=" " ind2=" ">
        <subfield code="a">ECONOMIC ASPECTS</subfield>
        <subfield code="0">(DHLAUTH)269753</subfield>
    </datafield>
</record>
<record>
    <datafield tag="191" ind1=" " ind2=" ">
        <subfield code="a">E/ESCWA/SDPD/2015/IG.2/4</subfield>
    </datafield>
    <datafield tag="245" ind1=" " ind2=" ">
        <subfield code="a">INTEGRATED WATER RESOURCES MANAGEMENT IN THE ARAB REGION : ECONOMIC AND SOCIAL COMMISSION FOR WESTERN ASIA (ESCWA), COMMITTEE ON WATER RESOURCES, ELEVENTH SESSION, AMMAN, 26 - 27 MARCH 2015</subfield>
    </datafield>
    <datafield tag="246" ind1=" " ind2=" ">
        <subfield code="a">الادارة المتكاملة للموارد المائية في المنطقة العربية : اللجنة الاقتصادية والاجتماعية لغربي آسيا، لجنة الموارد المائية، الدورة الحادية عشرة، عمان، 26 - 27 آذار/مارس 2015</subfield>
    </datafield>
    <datafield tag="269" ind1=" " ind2=" ">
        <subfield code="a">20150309</subfield>
    </datafield>
    <datafield tag="650" ind1=" " ind2=" ">
        <subfield code="a">WATER RESOURCES DEVELOPMENT</subfield>
        <subfield code="0">(DHLAUTH)269975</subfield>
    </datafield>
    <datafield tag="650" ind1=" " ind2=" ">
        <subfield code="a">ARAB COUNTRIES</subfield>
        <subfield code="0">(DHLAUTH)268705</subfield>
    </datafield>
    <datafield tag="650" ind1=" " ind2=" ">
        <subfield code="a">CONFERENCES</subfield>
        <subfield code="0">(DHLAUTH)275758</subfield>
    </datafield>
</record>
<record>
    <datafield tag="191" ind1=" " ind2=" ">
        <subfield code="a">E/ESCWA/SDPD/2015/IG.2/4(PART II)</subfield>
    </datafield>
    <datafield tag="245" ind1=" " ind2=" ">
        <subfield code="a">INTEGRATED WATER RESOURCES MANAGEMENT IN THE ARAB REGION : REGIONAL COOPERATION FOR SHARED WATER RESOURCES MANAGEMENT : ECONOMIC AND SOCIAL COMMISSION FOR WESTERN ASIA (ESCWA), COMMITTEE ON WATER RESOURCES, ELEVENTH SESSION, AMMAN, 26 - 27 MARCH 2015</subfield>
    </datafield>
    <datafield tag="246" ind1=" " ind2=" ">
        <subfield code="a">الادارة المتكاملة للموارد المائية في المنطقة العربية : التعاون الاقليمي لادارة الموارد المائية المشتركة : اللجنة الاقتصادية والاجتماعية لغربي آسيا، لجنة الموارد المائية، الدورة الحادية عشرة، عمان، 6 - 27 آذار/مارس 2015</subfield>
    </datafield>
    <datafield tag="269" ind1=" " ind2=" ">
        <subfield code="a">20150202</subfield>
    </datafield>
    <datafield tag="650" ind1=" " ind2=" ">
        <subfield code="a">SHARED WATER RESOURCES</subfield>
        <subfield code="0">(DHLAUTH)269493</subfield>
    </datafield>
    <datafield tag="650" ind1=" " ind2=" ">
        <subfield code="a">WATER RESOURCES DEVELOPMENT</subfield>
        <subfield code="0">(DHLAUTH)269975</subfield>
    </datafield>
    <datafield tag="650" ind1=" " ind2=" ">
        <subfield code="a">REGIONAL COOPERATION</subfield>
        <subfield code="0">(DHLAUTH)268656</subfield>
    </datafield>
    <datafield tag="650" ind1=" " ind2=" ">
        <subfield code="a">ARAB COUNTRIES</subfield>
        <subfield code="0">(DHLAUTH)268705</subfield>
    </datafield>
    <datafield tag="650" ind1=" " ind2=" ">
        <subfield code="a">CONFERENCES</subfield>
        <subfield code="0">(DHLAUTH)275758</subfield>
    </datafield>
</record>
<record>
    <datafield tag="191" ind1=" " ind2=" ">
        <subfield code="a">E/ESCWA/SDPD/2015/IG.2/4(PART I)</subfield>
    </datafield>
    <datafield tag="245" ind1=" " ind2=" ">
        <subfield code="a">INTEGRATED WATER RESOURCES MANAGEMENT IN THE ARAB REGION : PROGRESS ACHIEVED IN IMPLEMENTING THE REGIONAL INITIATIVE FOR ESTABLISHING A REGIONAL MECHANISM FOR IMPROVED MONITORING AND REPORTING ON ACCESS TO WATER SUPPLY AND SANITATION SERVICES IN THE ARAB REGION (MDG+ INITIATIVE) : ECONOMIC AND SOCIAL COMMISSION FOR WESTERN ASIA (ESCWA), COMMITTEE ON WATER RESOURCES, ELEVENTH SESSION, AMMAN, 26 - 27 MARCH 2015</subfield>
    </datafield>
    <datafield tag="246" ind1=" " ind2=" ">
        <subfield code="a">الادارة المتكاملة للموارد المائية في المنطقة العربية : التقدم المحرز في تنفيذ المبادرة الاقليمية حول تطوير آلية اقليمية لتحسين الرصد والابلاغ بشأن الحصول على امدادات المياه وخدمات الصرف الصحي في المنطقة العربية (مبادرة MDG+( اللجنة الاقتصادية والاجتماعية لغربي آسيا، لجنة الموارد المائية، الدورة الحادية عشرة، عمان، 26 - 27 آذار/مارس 2015</subfield>
    </datafield>
    <datafield tag="269" ind1=" " ind2=" ">
        <subfield code="a">20150309</subfield>
    </datafield>
    <datafield tag="650" ind1=" " ind2=" ">
        <subfield code="a">WATER RESOURCES DEVELOPMENT</subfield>
        <subfield code="0">(DHLAUTH)269975</subfield>
    </datafield>
    <datafield tag="650" ind1=" " ind2=" ">
        <subfield code="a">SANITATION SERVICES</subfield>
        <subfield code="0">(DHLAUTH)272258</subfield>
    </datafield>
    <datafield tag="650" ind1=" " ind2=" ">
        <subfield code="a">WATER SUPPLY</subfield>
        <subfield code="0">(DHLAUTH)270886</subfield>
    </datafield>
    <datafield tag="650" ind1=" " ind2=" ">
        <subfield code="a">CAPACITY BUILDING</subfield>
        <subfield code="0">(DHLAUTH)276636</subfield>
    </datafield>
    <datafield tag="650" ind1=" " ind2=" ">
        <subfield code="a">SURVEYS</subfield>
        <subfield code="0">(DHLAUTH)269793</subfield>
    </datafield>
    <datafield tag="650" ind1=" " ind2=" ">
        <subfield code="a">ARAB COUNTRIES</subfield>
        <subfield code="0">(DHLAUTH)268705</subfield>
    </datafield>
    <datafield tag="650" ind1=" " ind2=" ">
        <subfield code="a">CONFERENCES</subfield>
        <subfield code="0">(DHLAUTH)275758</subfield>
    </datafield>
</record>
<record>
    <datafield tag="191" ind1=" " ind2=" ">
        <subfield code="a">E/ESCWA/SDPD/2015/IG.2/5</subfield>
    </datafield>
    <datafield tag="245" ind1=" " ind2=" ">
        <subfield code="a">NATURAL RESOURCES MANAGEMENT FOR SUSTAINABLE DEVELOPMENT : ECONOMIC AND SOCIAL COMMISSION FOR WESTERN ASIA (ESCWA), COMMITTEE ON WATER RESOURCES, ELEVENTH SESSION, AMMAN, 26 - 27 MARCH 2015</subfield>
    </datafield>
    <datafield tag="246" ind1=" " ind2=" ">
        <subfield code="a">ادارة الموارد الطبيعية من اجل التنمية المستدامة :  اللجنة الاقتصادية والاجتماعية لغربي آسيا (الاسكوا)، لجنة الموارد المائية، الدورة الحادية عشرة، عمان، 26 - 27 آذار/مارس 2015</subfield>
    </datafield>
    <datafield tag="269" ind1=" " ind2=" ">
        <subfield code="a">20150309</subfield>
    </datafield>
    <datafield tag="650" ind1=" " ind2=" ">
        <subfield code="a">NATURAL RESOURCES DEVELOPMENT</subfield>
        <subfield code="0">(DHLAUTH)269919</subfield>
    </datafield>
    <datafield tag="650" ind1=" " ind2=" ">
        <subfield code="a">ARAB COUNTRIES</subfield>
        <subfield code="0">(DHLAUTH)268705</subfield>
    </datafield>
    <datafield tag="650" ind1=" " ind2=" ">
        <subfield code="a">CONFERENCES</subfield>
        <subfield code="0">(DHLAUTH)275758</subfield>
    </datafield>
</record>
<record>
    <datafield tag="191" ind1=" " ind2=" ">
        <subfield code="a">E/ESCWA/SDPD/2015/IG.2/5(PART II)</subfield>
    </datafield>
    <datafield tag="245" ind1=" " ind2=" ">
        <subfield code="a">NATURAL RESOURCES MANAGEMENT FOR SUSTAINABLE DEVELOPMENT : THE WATER-ENERGY FOOD NEXUS IN THE ARAB REGION : ECONOMIC AND SOCIAL COMMISSION FOR WESTERN ASIA (ESCWA), COMMITTEE ON WATER RESOURCES, ELEVENTH SESSION, AMMAN, 26 - 27 MARCH 2015</subfield>
    </datafield>
    <datafield tag="246" ind1=" " ind2=" ">
        <subfield code="a">ادارة الموارد الطبيعية في اطار التنمية المستدامة : الترابط بين المياه والطاقة والغذاء في المنطقة العربية : اللجنة الاقتصادية والاجتماعية لغربي آسيا (الاسكوا)، لجنة الموارد المائية، الدورة الحادية عشرة، عمان، 26 - 27 آذار/مارس 2015</subfield>
    </datafield>
    <datafield tag="269" ind1=" " ind2=" ">
        <subfield code="a">20150213</subfield>
    </datafield>
    <datafield tag="650" ind1=" " ind2=" ">
        <subfield code="a">NATURAL RESOURCES DEVELOPMENT</subfield>
        <subfield code="0">(DHLAUTH)269919</subfield>
    </datafield>
    <datafield tag="650" ind1=" " ind2=" ">
        <subfield code="a">WATER RESOURCES</subfield>
        <subfield code="0">(DHLAUTH)270568</subfield>
    </datafield>
    <datafield tag="650" ind1=" " ind2=" ">
        <subfield code="a">ENERGY RESOURCES</subfield>
        <subfield code="0">(DHLAUTH)270561</subfield>
    </datafield>
    <datafield tag="650" ind1=" " ind2=" ">
        <subfield code="a">FOOD</subfield>
        <subfield code="0">(DHLAUTH)271146</subfield>
    </datafield>
    <datafield tag="650" ind1=" " ind2=" ">
        <subfield code="a">CLIMATE CHANGE</subfield>
        <subfield code="0">(DHLAUTH)275343</subfield>
    </datafield>
    <datafield tag="650" ind1=" " ind2=" ">
        <subfield code="a">POPULATION GROWTH</subfield>
        <subfield code="0">(DHLAUTH)272944</subfield>
    </datafield>
    <datafield tag="650" ind1=" " ind2=" ">
        <subfield code="a">DEVELOPMENT PLANS</subfield>
        <subfield code="0">(DHLAUTH)269892</subfield>
    </datafield>
    <datafield tag="650" ind1=" " ind2=" ">
        <subfield code="a">ARAB COUNTRIES</subfield>
        <subfield code="0">(DHLAUTH)268705</subfield>
    </datafield>
    <datafield tag="650" ind1=" " ind2=" ">
        <subfield code="a">CONFERENCES</subfield>
        <subfield code="0">(DHLAUTH)275758</subfield>
    </datafield>
</record>
<record>
    <datafield tag="191" ind1=" " ind2=" ">
        <subfield code="a">E/ESCWA/SDPD/2015/IG.2/5(PART I)</subfield>
    </datafield>
    <datafield tag="245" ind1=" " ind2=" ">
        <subfield code="a">NATURAL RESOURCES MANAGEMENT FOR SUSTAINABLE DEVELOPMENT : THE POST-2015 DEVELOPMENT AGENDA FROM THE PERSPECTIVE OF THE ARAB REGION : ECONOMIC AND SOCIAL COMMISSION FOR WESTERN ASIA (ESCWA), COMMITTEE ON WATER RESOURCES, ELEVENTH SESSION, AMMAN, 26 - 27 MARCH 2015</subfield>
    </datafield>
    <datafield tag="246" ind1=" " ind2=" ">
        <subfield code="a">ادارة الموارد الطبيعية من اجل التنمية المستدامة : خطة التنمية لما بعد 2015 من منظور المنطقة العربية : اللجنة الاقتصادية والاجتماعية لغربي آسيا (الاسكوا)، لجنة الموارد المائية، الدورة الحادية عشرة، عمان، 26 - 27 آذار/مارس 2015</subfield>
    </datafield>
    <datafield tag="269" ind1=" " ind2=" ">
        <subfield code="a">20150130</subfield>
    </datafield>
    <datafield tag="650" ind1=" " ind2=" ">
        <subfield code="a">NATURAL RESOURCES DEVELOPMENT</subfield>
        <subfield code="0">(DHLAUTH)269919</subfield>
    </datafield>
    <datafield tag="650" ind1=" " ind2=" ">
        <subfield code="a">SUSTAINABLE DEVELOPMENT</subfield>
        <subfield code="0">(DHLAUTH)269920</subfield>
    </datafield>
    <datafield tag="650" ind1=" " ind2=" ">
        <subfield code="a">WORK PROGRAMME</subfield>
        <subfield code="0">(DHLAUTH)275800</subfield>
    </datafield>
    <datafield tag="650" ind1=" " ind2=" ">
        <subfield code="a">ARAB COUNTRIES</subfield>
        <subfield code="0">(DHLAUTH)268705</subfield>
    </datafield>
    <datafield tag="650" ind1=" " ind2=" ">
        <subfield code="a">CONFERENCES</subfield>
        <subfield code="0">(DHLAUTH)275758</subfield>
    </datafield>
</record>
<record>
    <datafield tag="191" ind1=" " ind2=" ">
        <subfield code="a">E/ESCWA/SDPD/2015/IG.2/6(PART II)</subfield>
    </datafield>
    <datafield tag="245" ind1=" " ind2=" ">
        <subfield code="a">ACTIONS TAKEN IN THE FIELD OF WATER RESOURCES SINCE THE TENTH SESSION OF THE COMMITTEE ON WATER RESOUECES : IMPLEMENTATION OF ACTIVITIES UNDER THE ESCWA PROGRAMME OF WORK : ECONOMIC AND SOCIAL COMMISSION FOR WESTERN ASIA (ESCWA), COMMITTEE ON WATER RESOURCES, ELEVENTH SESSION, AMMAN, 26 - 27 MARCH 2015</subfield>
    </datafield>
    <datafield tag="246" ind1=" " ind2=" ">
        <subfield code="a">عرض ماتم تنفيذه في مجال الموارد المائية منذ الدورة العاشرة للجنة الموارد المائية : تنفيذ الانشطة المدرجة في برنامج عمل الاسكوا : اللجنة الاقتصادية والاجتماعية لغربي آسيا (الاسكوا)، لجنة الموارد المائية، الدورة الحادية عشرة، عمان، 26 - 27 آذار/مارس 2015</subfield>
    </datafield>
    <datafield tag="269" ind1=" " ind2=" ">
        <subfield code="a">20150220</subfield>
    </datafield>
    <datafield tag="650" ind1=" " ind2=" ">
        <subfield code="a">WATER RESOURCES</subfield>
        <subfield code="0">(DHLAUTH)270568</subfield>
    </datafield>
    <datafield tag="650" ind1=" " ind2=" ">
        <subfield code="a">WATER RESOURCES DEVELOPMENT</subfield>
        <subfield code="0">(DHLAUTH)269975</subfield>
    </datafield>
    <datafield tag="650" ind1=" " ind2=" ">
        <subfield code="a">WORK PROGRAMME</subfield>
        <subfield code="0">(DHLAUTH)275800</subfield>
    </datafield>
    <datafield tag="650" ind1=" " ind2=" ">
        <subfield code="a">PROGRAMME IMPLEMENTATION</subfield>
        <subfield code="0">(DHLAUTH)275794</subfield>
    </datafield>
    <datafield tag="650" ind1=" " ind2=" ">
        <subfield code="a">ACTIVITIES</subfield>
        <subfield code="0">(DHLAUTH)275823</subfield>
    </datafield>
    <datafield tag="650" ind1=" " ind2=" ">
        <subfield code="a">ARAB COUNTRIES</subfield>
        <subfield code="0">(DHLAUTH)268705</subfield>
    </datafield>
    <datafield tag="650" ind1=" " ind2=" ">
        <subfield code="a">CONFERENCES</subfield>
        <subfield code="0">(DHLAUTH)275758</subfield>
    </datafield>
</record>
<record>
    <datafield tag="191" ind1=" " ind2=" ">
        <subfield code="a">E/ESCWA/SDPD/2015/IG.2/6(PART I)</subfield>
    </datafield>
    <datafield tag="245" ind1=" " ind2=" ">
        <subfield code="a">ACTIONS TAKEN IN THE FIELD OF WATER RESOURCES SINCE THE TENTH SESSION OF THE COMMITTEE ON WATER RESOIURCES : IMPLEMENTATION OF RECOMMENDATIONS MADE BY THE COMMITTEE AT ITS TENTH SESSION : ECONOMIC AND SOCIAL COMMISSION FOR WESTERN ASIA (ESCWA), COMMITTEE ON WATER RESOURCES, ELEVENTH SESSION, AMMAN, 26 - 27 MARCH 2015</subfield>
    </datafield>
    <datafield tag="246" ind1=" " ind2=" ">
        <subfield code="a">عرض ما تم تنفيذه في مجال الموارد المائية منذ الدورة العاشرة للجنة الموارد المائية : تنفيذ التوصيات الصادرة عن اللجنة في دورتها العاشرة : اللجنة الاقتصادية والاجتماعية لغربي آسيا (الاسكوا)، لجنة الموارد المائية، الدورة الحادية عشرة، عمان، 26 - 27 آذار/مارس 2015</subfield>
    </datafield>
    <datafield tag="269" ind1=" " ind2=" ">
        <subfield code="a">20150220</subfield>
    </datafield>
    <datafield tag="650" ind1=" " ind2=" ">
        <subfield code="a">WATER RESOURCES</subfield>
        <subfield code="0">(DHLAUTH)270568</subfield>
    </datafield>
    <datafield tag="650" ind1=" " ind2=" ">
        <subfield code="a">ECONOMIC DEVELOPMENT</subfield>
        <subfield code="0">(DHLAUTH)269755</subfield>
    </datafield>
    <datafield tag="650" ind1=" " ind2=" ">
        <subfield code="a">SOCIAL DEVELOPMENT</subfield>
        <subfield code="0">(DHLAUTH)269873</subfield>
    </datafield>
    <datafield tag="650" ind1=" " ind2=" ">
        <subfield code="a">RECOMMENDATIONS</subfield>
        <subfield code="0">(DHLAUTH)275840</subfield>
    </datafield>
    <datafield tag="650" ind1=" " ind2=" ">
        <subfield code="a">PROGRAMME IMPLEMENTATION</subfield>
        <subfield code="0">(DHLAUTH)275794</subfield>
    </datafield>
    <datafield tag="650" ind1=" " ind2=" ">
        <subfield code="a">ARAB COUNTRIES</subfield>
        <subfield code="0">(DHLAUTH)268705</subfield>
    </datafield>
    <datafield tag="650" ind1=" " ind2=" ">
        <subfield code="a">CONFERENCES</subfield>
        <subfield code="0">(DHLAUTH)275758</subfield>
    </datafield>
</record>
<record>
    <datafield tag="191" ind1=" " ind2=" ">
        <subfield code="a">E/ESCWA/SDPD/2015/IG.2/7</subfield>
    </datafield>
    <datafield tag="245" ind1=" " ind2=" ">
        <subfield code="a">PROPOSED PROGRAMME OF WORK FOR THE BIENNIUM 2016 - 2017 IN THE FIELD OF WATER RESOURCES : ECONOMIC AND SOCIAL COMMISSION FOR WESTERN ASIA (ESCWA), COMMITTEE ON WATER RESOURCES, ELEVENTH SESSION, AMMAN, 26 - 27 MARCH 2015</subfield>
    </datafield>
    <datafield tag="246" ind1=" " ind2=" ">
        <subfield code="a">برنامج العمل المقترح لفترة السنتين 2016 - 2017 في مجال الموارد المائية : اللجنة الاقتصادية والاجتماعية لغربي آسيا (الاسكوا)، لجنة الموارد المائية، الدورة الحادية عشرة، عمان، 26 - 27 آذار/مارس 2015</subfield>
    </datafield>
    <datafield tag="269" ind1=" " ind2=" ">
        <subfield code="a">20150224</subfield>
    </datafield>
    <datafield tag="650" ind1=" " ind2=" ">
        <subfield code="a">WATER RESOURCES DEVELOPMENT</subfield>
        <subfield code="0">(DHLAUTH)269975</subfield>
    </datafield>
    <datafield tag="650" ind1=" " ind2=" ">
        <subfield code="a">WORK PROGRAMME</subfield>
        <subfield code="0">(DHLAUTH)275800</subfield>
    </datafield>
    <datafield tag="650" ind1=" " ind2=" ">
        <subfield code="a">ACTIVITIES</subfield>
        <subfield code="0">(DHLAUTH)275823</subfield>
    </datafield>
    <datafield tag="650" ind1=" " ind2=" ">
        <subfield code="a">REGIONAL COMMISSIONS</subfield>
        <subfield code="0">(DHLAUTH)269969</subfield>
    </datafield>
    <datafield tag="650" ind1=" " ind2=" ">
        <subfield code="a">ARAB COUNTRIES</subfield>
        <subfield code="0">(DHLAUTH)268705</subfield>
    </datafield>
    <datafield tag="650" ind1=" " ind2=" ">
        <subfield code="a">CONFERENCES</subfield>
        <subfield code="0">(DHLAUTH)275758</subfield>
    </datafield>
</record>
<record>
    <datafield tag="191" ind1=" " ind2=" ">
        <subfield code="a">E/ESCWA/SDPD/2015/IG.2/INF.1</subfield>
    </datafield>
    <datafield tag="245" ind1=" " ind2=" ">
        <subfield code="a">INFORMATION NOTE : ECONOMIC AND SOCIAL COMMISSION FOR WESTERN ASIA (ESCWA), COMMITTEE ON WATER RESOURCES, ELEVENTH SESSION, AMMAN, 26 - 27 MARCH 2015</subfield>
    </datafield>
    <datafield tag="246" ind1=" " ind2=" ">
        <subfield code="a">مذكرة توضيحية : اللجنة الاقتصادية والاجتماعية لغربي آسيا (الاسكوا)، لجنة الموارد المائية، الدورة الحادية عشرة، عمان، 26 - 27 آذار/مارس 2015</subfield>
    </datafield>
    <datafield tag="269" ind1=" " ind2=" ">
        <subfield code="a">20150227</subfield>
    </datafield>
    <datafield tag="650" ind1=" " ind2=" ">
        <subfield code="a">WATER RESOURCES</subfield>
        <subfield code="0">(DHLAUTH)270568</subfield>
    </datafield>
    <datafield tag="650" ind1=" " ind2=" ">
        <subfield code="a">ARAB COUNTRIES</subfield>
        <subfield code="0">(DHLAUTH)268705</subfield>
    </datafield>
    <datafield tag="650" ind1=" " ind2=" ">
        <subfield code="a">CONFERENCES</subfield>
        <subfield code="0">(DHLAUTH)275758</subfield>
    </datafield>
    <datafield tag="650" ind1=" " ind2=" ">
        <subfield code="a">REGIONAL COMMISSIONS</subfield>
        <subfield code="0">(DHLAUTH)269969</subfield>
    </datafield>
</record>
<record>
    <datafield tag="191" ind1=" " ind2=" ">
        <subfield code="a">E/ESCWA/SDPD/2015/IG.2/L.1</subfield>
    </datafield>
    <datafield tag="245" ind1=" " ind2=" ">
        <subfield code="a">PROVISIONAL AGENDA AND ANNOTATIONS : ECONOMIC AND SOCIAL COMMISSION FOR WESTERN ASIA (ESCWA), COMMITTEE ON WATER RESOURCES, ELEVENTH SESSION, AMMAN, 26 - 27 MARCH 2015</subfield>
    </datafield>
    <datafield tag="246" ind1=" " ind2=" ">
        <subfield code="a">جدول الاعمال المؤقت والشروح :  اللجنة الاقتصادية والاجتماعية لغربي آسيا (الاسكوا)، لجنة الموارد المائية، الدورة الحادية عشرة، عمان، 26 - 27 آذار/مارس 2015</subfield>
    </datafield>
    <datafield tag="269" ind1=" " ind2=" ">
        <subfield code="a">20150203</subfield>
    </datafield>
    <datafield tag="650" ind1=" " ind2=" ">
        <subfield code="a">WATER RESOURCES</subfield>
        <subfield code="0">(DHLAUTH)270568</subfield>
    </datafield>
    <datafield tag="650" ind1=" " ind2=" ">
        <subfield code="a">AGENDA</subfield>
        <subfield code="0">(DHLAUTH)275133</subfield>
    </datafield>
    <datafield tag="650" ind1=" " ind2=" ">
        <subfield code="a">ANNOTATIONS, CITATIONS AND COMMENTARIES</subfield>
        <subfield code="0">(DHLAUTH)269156</subfield>
    </datafield>
    <datafield tag="650" ind1=" " ind2=" ">
        <subfield code="a">CONFERENCES</subfield>
        <subfield code="0">(DHLAUTH)275758</subfield>
    </datafield>
    <datafield tag="650" ind1=" " ind2=" ">
        <subfield code="a">REGIONAL COMMISSIONS</subfield>
        <subfield code="0">(DHLAUTH)269969</subfield>
    </datafield>
    <datafield tag="650" ind1=" " ind2=" ">
        <subfield code="a">ARAB COUNTRIES</subfield>
        <subfield code="0">(DHLAUTH)268705</subfield>
    </datafield>
</record>
<record>
    <datafield tag="191" ind1=" " ind2=" ">
        <subfield code="a">E/ESCWA/SDPD/2015/IG.2/L.2</subfield>
    </datafield>
    <datafield tag="245" ind1=" " ind2=" ">
        <subfield code="a">ORGANIZATION OF WORK : NOTE BY THE SECRETARIAT : ECONOMIC AND SOCIAL COMMISSION FOR WESTERN ASIA (ESCWA), COMMITTEE ON WATER RESOURCES, ELEVENTH SESSION, AMMAN, 26 - 27 MARCH 2015</subfield>
    </datafield>
    <datafield tag="246" ind1=" " ind2=" ">
        <subfield code="a">تنظيم الاعمال : مذكرة من الامانة التنفيذية : اللجنة الاقتصادية والاجتماعية لغربي آسيا (الاسكوا)، لجنة الموارد المائية، الدورة الحادية عشرة، عمان، 26 - 27 آذار/مارس 2015</subfield>
    </datafield>
    <datafield tag="269" ind1=" " ind2=" ">
        <subfield code="a">20150203</subfield>
    </datafield>
    <datafield tag="650" ind1=" " ind2=" ">
        <subfield code="a">WATER RESOURCES</subfield>
        <subfield code="0">(DHLAUTH)270568</subfield>
    </datafield>
    <datafield tag="650" ind1=" " ind2=" ">
        <subfield code="a">REGIONAL COMMISSIONS</subfield>
        <subfield code="0">(DHLAUTH)269969</subfield>
    </datafield>
    <datafield tag="650" ind1=" " ind2=" ">
        <subfield code="a">CONFERENCES</subfield>
        <subfield code="0">(DHLAUTH)275758</subfield>
    </datafield>
    <datafield tag="650" ind1=" " ind2=" ">
        <subfield code="a">WORK ORGANIZATION</subfield>
        <subfield code="0">(DHLAUTH)275746</subfield>
    </datafield>
    <datafield tag="650" ind1=" " ind2=" ">
        <subfield code="a">ARAB COUNTRIES</subfield>
        <subfield code="0">(DHLAUTH)268705</subfield>
    </datafield>
    <datafield tag="650" ind1=" " ind2=" ">
        <subfield code="a">CONFERENCES</subfield>
        <subfield code="0">(DHLAUTH)275758</subfield>
    </datafield>
</record>
<record>
    <datafield tag="191" ind1=" " ind2=" ">
        <subfield code="a">E/ESCWA/SDPD/2016/BOOKLET.5</subfield>
    </datafield>
    <datafield tag="245" ind1=" " ind2=" ">
        <subfield code="a">REGIONAL INITIATIVE FOR ESTABLISHING A REGIONAL MECHANISM FOR IMPROVED MONITORING AND REPORTING ON ACCESS TO WATER SUPPLY AND SANITATION SERVICES IN THE ARAB REGION (MDG+ INITIATIVE) :  MOVING TOWARDS THE SDGS IN THE ARAB REGION: KEY FINDINGS FROM THE 2016 MDG+ INITIATIVE REPORT</subfield>
    </datafield>
    <datafield tag="246" ind1=" " ind2=" ">
        <subfield code="a">المبادرة الاقليمية حول تطوير آلية اقليمية لتحسين الرصد والابلاغ بشأن الحصول على امدادات المياه وخدمات الصرف الصحي في المنطقة العربية (مبادرة MDG+) : نحو تحقيق اهداف التنمية المستدامة في المنطقة العربية : النتائج الاساسية المستقاة من تقرير مبادرة MDG+ لعام 2016</subfield>
    </datafield>
    <datafield tag="269" ind1=" " ind2=" ">
        <subfield code="a">20160131</subfield>
    </datafield>
    <datafield tag="650" ind1=" " ind2=" ">
        <subfield code="a">SUSTAINABLE DEVELOPMENT</subfield>
        <subfield code="0">(DHLAUTH)269920</subfield>
    </datafield>
    <datafield tag="650" ind1=" " ind2=" ">
        <subfield code="a">WATER SUPPLY</subfield>
        <subfield code="0">(DHLAUTH)270886</subfield>
    </datafield>
    <datafield tag="650" ind1=" " ind2=" ">
        <subfield code="a">SANITATION</subfield>
        <subfield code="0">(DHLAUTH)270653</subfield>
    </datafield>
    <datafield tag="650" ind1=" " ind2=" ">
        <subfield code="a">SANITATION SERVICES</subfield>
        <subfield code="0">(DHLAUTH)272258</subfield>
    </datafield>
    <datafield tag="650" ind1=" " ind2=" ">
        <subfield code="a">DEVELOPMENT</subfield>
        <subfield code="0">(DHLAUTH)269844</subfield>
    </datafield>
    <datafield tag="650" ind1=" " ind2=" ">
        <subfield code="a">ARAB COUNTRIES</subfield>
        <subfield code="0">(DHLAUTH)268705</subfield>
    </datafield>
</record>
<record>
    <datafield tag="191" ind1=" " ind2=" ">
        <subfield code="a">E/ESCWA/SDPD/2016/FACTSHEET</subfield>
    </datafield>
    <datafield tag="246" ind1=" " ind2=" ">
        <subfield code="a">البنية التحتية لقطاع الطاقة الكهربائية وتبادل الطاقة في الدول العربية</subfield>
    </datafield>
    <datafield tag="269" ind1=" " ind2=" ">
        <subfield code="a">20160505</subfield>
    </datafield>
    <datafield tag="650" ind1=" " ind2=" ">
        <subfield code="a">ELECTRIC POWER</subfield>
        <subfield code="0">(DHLAUTH)271189</subfield>
    </datafield>
    <datafield tag="650" ind1=" " ind2=" ">
        <subfield code="a">ELECTRIC POWER PLANTS</subfield>
        <subfield code="0">(DHLAUTH)271192</subfield>
    </datafield>
    <datafield tag="650" ind1=" " ind2=" ">
        <subfield code="a">ELECTRIC POWER DISTRIBUTION</subfield>
        <subfield code="0">(DHLAUTH)271191</subfield>
    </datafield>
    <datafield tag="650" ind1=" " ind2=" ">
        <subfield code="a">ENERGY TRANSFER</subfield>
        <subfield code="0">(DHLAUTH)271209</subfield>
    </datafield>
    <datafield tag="650" ind1=" " ind2=" ">
        <subfield code="a">ARAB COUNTRIES</subfield>
        <subfield code="0">(DHLAUTH)268705</subfield>
    </datafield>
</record>
<record>
    <datafield tag="191" ind1=" " ind2=" ">
        <subfield code="a">E/ESCWA/SDPD/2016/GUIDE.PART I</subfield>
    </datafield>
    <datafield tag="245" ind1=" " ind2=" ">
        <subfield code="a">GREEN TECHNOLOGY NEEDS ASSESSMENT AND APPROPRIATE POLICY POLICY TOOLS</subfield>
    </datafield>
    <datafield tag="269" ind1=" " ind2=" ">
        <subfield code="a">20160819</subfield>
    </datafield>
    <datafield tag="650" ind1=" " ind2=" ">
        <subfield code="a">GREEN ECONOMY</subfield>
        <subfield code="0">(DHLAUTH)844844</subfield>
    </datafield>
    <datafield tag="650" ind1=" " ind2=" ">
        <subfield code="a">GREEN REVOLUTION</subfield>
        <subfield code="0">(DHLAUTH)271353</subfield>
    </datafield>
    <datafield tag="650" ind1=" " ind2=" ">
        <subfield code="a">TECHNOLOGY</subfield>
        <subfield code="0">(DHLAUTH)271833</subfield>
    </datafield>
    <datafield tag="650" ind1=" " ind2=" ">
        <subfield code="a">ENERGY POLICY</subfield>
        <subfield code="0">(DHLAUTH)270574</subfield>
    </datafield>
    <datafield tag="650" ind1=" " ind2=" ">
        <subfield code="a">SUSTAINABLE ENERGY</subfield>
        <subfield code="0">(DHLAUTH)469656</subfield>
    </datafield>
    <datafield tag="650" ind1=" " ind2=" ">
        <subfield code="a">APPROPRIATE TECHNOLOGY</subfield>
        <subfield code="0">(DHLAUTH)275199</subfield>
    </datafield>
    <datafield tag="650" ind1=" " ind2=" ">
        <subfield code="a">ECONOMIC DEVELOPMENT</subfield>
        <subfield code="0">(DHLAUTH)269755</subfield>
    </datafield>
    <datafield tag="650" ind1=" " ind2=" ">
        <subfield code="a">ARAB COUNTRIES</subfield>
        <subfield code="0">(DHLAUTH)268705</subfield>
    </datafield>
</record>
<record>
    <datafield tag="191" ind1=" " ind2=" ">
        <subfield code="a">E/ESCWA/SDPD/2016/GUIDE.PART II</subfield>
    </datafield>
    <datafield tag="245" ind1=" " ind2=" ">
        <subfield code="a">BIOMASS ENERGY SERVICE-BASED RURAL ENERGY ENTREPRENEURSHIP</subfield>
    </datafield>
    <datafield tag="269" ind1=" " ind2=" ">
        <subfield code="a">20160819</subfield>
    </datafield>
    <datafield tag="650" ind1=" " ind2=" ">
        <subfield code="a">BIOMASS ENERGY</subfield>
        <subfield code="0">(DHLAUTH)271166</subfield>
    </datafield>
    <datafield tag="650" ind1=" " ind2=" ">
        <subfield code="a">RURAL AREAS</subfield>
        <subfield code="0">(DHLAUTH)269978</subfield>
    </datafield>
    <datafield tag="650" ind1=" " ind2=" ">
        <subfield code="a">ENTREPRENEURSHIP</subfield>
        <subfield code="0">(DHLAUTH)271785</subfield>
    </datafield>
    <datafield tag="650" ind1=" " ind2=" ">
        <subfield code="a">BASIC SERVICES</subfield>
        <subfield code="0">(DHLAUTH)274730</subfield>
    </datafield>
    <datafield tag="650" ind1=" " ind2=" ">
        <subfield code="a">DEVELOPING AREAS</subfield>
        <subfield code="0">(DHLAUTH)269836</subfield>
    </datafield>
</record>
<record>
    <datafield tag="191" ind1=" " ind2=" ">
        <subfield code="a">E/ESCWA/SDPD/2016/TOOLKIT.1</subfield>
    </datafield>
    <datafield tag="245" ind1=" " ind2=" ">
        <subfield code="a">DEVELOPING THE CAPACITY OF ESCWA MEMBER COUNTRIES TO ADDRESS THE WATER AND ENERGY NEXUS FOR ACHIEVING SUSTAINABLE DEVELOPMENT GOALS : WATER-ENERGY NEXUS OPERATIONAL TOOLKIT RESOURCE EFFICIENCY MODULE</subfield>
    </datafield>
    <datafield tag="269" ind1=" " ind2=" ">
        <subfield code="a">20170201</subfield>
    </datafield>
    <datafield tag="650" ind1=" " ind2=" ">
        <subfield code="a">WATER RESOURCES</subfield>
        <subfield code="0">(DHLAUTH)270568</subfield>
    </datafield>
    <datafield tag="650" ind1=" " ind2=" ">
        <subfield code="a">ENERGY RESOURCES</subfield>
        <subfield code="0">(DHLAUTH)270561</subfield>
    </datafield>
    <datafield tag="650" ind1=" " ind2=" ">
        <subfield code="a">CAPACITY BUILDING</subfield>
        <subfield code="0">(DHLAUTH)276636</subfield>
    </datafield>
    <datafield tag="650" ind1=" " ind2=" ">
        <subfield code="a">SUSTAINABLE DEVELOPMENT</subfield>
        <subfield code="0">(DHLAUTH)269920</subfield>
    </datafield>
    <datafield tag="650" ind1=" " ind2=" ">
        <subfield code="a">ARAB COUNTRIES</subfield>
        <subfield code="0">(DHLAUTH)268705</subfield>
    </datafield>
</record>
<record>
    <datafield tag="191" ind1=" " ind2=" ">
        <subfield code="a">E/ESCWA/SDPD/2016/WG.16/REPORT</subfield>
    </datafield>
    <datafield tag="246" ind1=" " ind2=" ">
        <subfield code="a">تقرير ورشة العمل التدريبية حول "كفاءة الطاقة في انظمة انتاج الكهرباء ونقلها وتوزيعها في المنطقة العربية"، عمان، 4 - 5 ايلول/سبتمبر 2016</subfield>
    </datafield>
    <datafield tag="269" ind1=" " ind2=" ">
        <subfield code="a">20161031</subfield>
    </datafield>
    <datafield tag="650" ind1=" " ind2=" ">
        <subfield code="a">ENERGY EFFICIENCY</subfield>
        <subfield code="0">(DHLAUTH)271204</subfield>
    </datafield>
    <datafield tag="650" ind1=" " ind2=" ">
        <subfield code="a">ELECTRIC POWER</subfield>
        <subfield code="0">(DHLAUTH)271189</subfield>
    </datafield>
    <datafield tag="650" ind1=" " ind2=" ">
        <subfield code="a">POWER PLANTS</subfield>
        <subfield code="0">(DHLAUTH)271904</subfield>
    </datafield>
    <datafield tag="650" ind1=" " ind2=" ">
        <subfield code="a">ELECTRIC POWER DISTRIBUTION</subfield>
        <subfield code="0">(DHLAUTH)271191</subfield>
    </datafield>
    <datafield tag="650" ind1=" " ind2=" ">
        <subfield code="a">ARAB COUNTRIES</subfield>
        <subfield code="0">(DHLAUTH)268705</subfield>
    </datafield>
    <datafield tag="650" ind1=" " ind2=" ">
        <subfield code="a">CONFERENCES</subfield>
        <subfield code="0">(DHLAUTH)275758</subfield>
    </datafield>
</record>
<record>
    <datafield tag="191" ind1=" " ind2=" ">
        <subfield code="a">E/ESCWA/SDPD/2016/WG.18/REPORT</subfield>
    </datafield>
    <datafield tag="245" ind1=" " ind2=" ">
        <subfield code="a">REPORT FINAL CONSOLIDATION WORKSHOP ON SUSTAINABLE ENERGY ACCESS FOR RURAL AREAS, BEIRUT, 22 SEPTEMBER 2016</subfield>
    </datafield>
    <datafield tag="269" ind1=" " ind2=" ">
        <subfield code="a">20161031</subfield>
    </datafield>
    <datafield tag="650" ind1=" " ind2=" ">
        <subfield code="a">SUSTAINABLE ENERGY</subfield>
        <subfield code="0">(DHLAUTH)469656</subfield>
    </datafield>
    <datafield tag="650" ind1=" " ind2=" ">
        <subfield code="a">RURAL AREAS</subfield>
        <subfield code="0">(DHLAUTH)269978</subfield>
    </datafield>
    <datafield tag="650" ind1=" " ind2=" ">
        <subfield code="a">ENERGY POLICY</subfield>
        <subfield code="0">(DHLAUTH)270574</subfield>
    </datafield>
    <datafield tag="650" ind1=" " ind2=" ">
        <subfield code="a">ARAB COUNTRIES</subfield>
        <subfield code="0">(DHLAUTH)268705</subfield>
    </datafield>
    <datafield tag="650" ind1=" " ind2=" ">
        <subfield code="a">CONFERENCES</subfield>
        <subfield code="0">(DHLAUTH)275758</subfield>
    </datafield>
</record>
<record>
    <datafield tag="191" ind1=" " ind2=" ">
        <subfield code="a">E/ESCWA/SDPD/2016/WG.1/REPORT</subfield>
    </datafield>
    <datafield tag="245" ind1=" " ind2=" ">
        <subfield code="a">REPORT : MDG+ INITIATIVE : HIGH LEVEL MEETING ON THE WATER-RELATED SUSTAINABLE DEVELOPMENT GOALS (SDGS), AMMAN, 1-2 NOVEMBER 2016</subfield>
    </datafield>
    <datafield tag="269" ind1=" " ind2=" ">
        <subfield code="a">20171230</subfield>
    </datafield>
    <datafield tag="650" ind1=" " ind2=" ">
        <subfield code="a">SUSTAINABLE DEVELOPMENT</subfield>
        <subfield code="0">(DHLAUTH)269920</subfield>
    </datafield>
    <datafield tag="650" ind1=" " ind2=" ">
        <subfield code="a">WATER SUPPLY</subfield>
        <subfield code="0">(DHLAUTH)270886</subfield>
    </datafield>
    <datafield tag="650" ind1=" " ind2=" ">
        <subfield code="a">DATA COLLECTION</subfield>
        <subfield code="0">(DHLAUTH)270174</subfield>
    </datafield>
    <datafield tag="650" ind1=" " ind2=" ">
        <subfield code="a">CAPACITY BUILDING</subfield>
        <subfield code="0">(DHLAUTH)276636</subfield>
    </datafield>
    <datafield tag="650" ind1=" " ind2=" ">
        <subfield code="a">CONFERENCES</subfield>
        <subfield code="0">(DHLAUTH)275758</subfield>
    </datafield>
</record>
<record>
    <datafield tag="191" ind1=" " ind2=" ">
        <subfield code="a">E/ESCWA/SDPD/2017/BOOKLET.1</subfield>
    </datafield>
    <datafield tag="245" ind1=" " ind2=" ">
        <subfield code="a">WASTEWATER : AN ARAB PERSPECTIVE</subfield>
    </datafield>
    <datafield tag="269" ind1=" " ind2=" ">
        <subfield code="a">20170430</subfield>
    </datafield>
    <datafield tag="650" ind1=" " ind2=" ">
        <subfield code="a">SEWAGE</subfield>
        <subfield code="0">(DHLAUTH)270857</subfield>
    </datafield>
    <datafield tag="650" ind1=" " ind2=" ">
        <subfield code="a">SEWAGE DISPOSAL</subfield>
        <subfield code="0">(DHLAUTH)270838</subfield>
    </datafield>
    <datafield tag="650" ind1=" " ind2=" ">
        <subfield code="a">SEWAGE TREATMENT PLANTS</subfield>
        <subfield code="0">(DHLAUTH)272259</subfield>
    </datafield>
    <datafield tag="650" ind1=" " ind2=" ">
        <subfield code="a">ARAB COUNTRIES</subfield>
        <subfield code="0">(DHLAUTH)268705</subfield>
    </datafield>
</record>
<record>
    <datafield tag="191" ind1=" " ind2=" ">
        <subfield code="a">E/ESCWA/SDPD/2017/BROCHURE.1</subfield>
    </datafield>
    <datafield tag="245" ind1=" " ind2=" ">
        <subfield code="a">PROMOTING FOOD AND WATER SECURITY THROUGH COOPERATION AND CAPACITY DEVELOPMENT IN THE ARAB REGION = تعزيز الامن الغذائي والمائي من خلال التعاون وتنمية القدرات في المنطقة العربية</subfield>
    </datafield>
    <datafield tag="269" ind1=" " ind2=" ">
        <subfield code="a">20170523</subfield>
    </datafield>
    <datafield tag="650" ind1=" " ind2=" ">
        <subfield code="a">FOOD SECURITY</subfield>
        <subfield code="0">(DHLAUTH)273653</subfield>
    </datafield>
    <datafield tag="650" ind1=" " ind2=" ">
        <subfield code="a">WATER RIGHTS</subfield>
        <subfield code="0">(DHLAUTH)270894</subfield>
    </datafield>
    <datafield tag="650" ind1=" " ind2=" ">
        <subfield code="a">CAPACITY BUILDING</subfield>
        <subfield code="0">(DHLAUTH)276636</subfield>
    </datafield>
    <datafield tag="650" ind1=" " ind2=" ">
        <subfield code="a">PROGRAMME IMPLEMENTATION</subfield>
        <subfield code="0">(DHLAUTH)275794</subfield>
    </datafield>
    <datafield tag="650" ind1=" " ind2=" ">
        <subfield code="a">REGIONAL COOPERATION</subfield>
        <subfield code="0">(DHLAUTH)268656</subfield>
    </datafield>
    <datafield tag="650" ind1=" " ind2=" ">
        <subfield code="a">REGIONAL DEVELOPMENT</subfield>
        <subfield code="0">(DHLAUTH)269690</subfield>
    </datafield>
    <datafield tag="650" ind1=" " ind2=" ">
        <subfield code="a">ARAB COUNTRIES</subfield>
        <subfield code="0">(DHLAUTH)268705</subfield>
    </datafield>
</record>
<record>
    <datafield tag="191" ind1=" " ind2=" ">
        <subfield code="a">E/ESCWA/SDPD/2017/IG.1/3</subfield>
    </datafield>
    <datafield tag="245" ind1=" " ind2=" ">
        <subfield code="a">WATER IN THE 2030 AGENDA FOR SUSTAINABLE DEVELOPMENT : ECONOMIC AND SOCIAL COMMISSION FOR WESTERN ASIA (ESCWA), COMMITTEE ON WATER RESOURCES, TWELFTH SESSION, AMMAN, 22 - 24 MARCH 2017</subfield>
    </datafield>
    <datafield tag="246" ind1=" " ind2=" ">
        <subfield code="a">المياه في خطة التنمية المستدامة لعام 2030 : اللجنة الاقتصادية والاجتماعية لغربي آسيا (الاسكوا). لجنة الموارد المائية، الدورة الثانية عشرة، عمان، 22 - 24 آذار /مارس 2017</subfield>
    </datafield>
    <datafield tag="269" ind1=" " ind2=" ">
        <subfield code="a">20170309</subfield>
    </datafield>
    <datafield tag="650" ind1=" " ind2=" ">
        <subfield code="a">WATER RESOURCES</subfield>
        <subfield code="0">(DHLAUTH)270568</subfield>
    </datafield>
    <datafield tag="650" ind1=" " ind2=" ">
        <subfield code="a">WATER RESOURCES DEVELOPMENT</subfield>
        <subfield code="0">(DHLAUTH)269975</subfield>
    </datafield>
    <datafield tag="650" ind1=" " ind2=" ">
        <subfield code="a">INTERGOVERNMENTAL BODIES</subfield>
        <subfield code="0">(DHLAUTH)275766</subfield>
    </datafield>
    <datafield tag="650" ind1=" " ind2=" ">
        <subfield code="a">REGIONAL COMMISSIONS</subfield>
        <subfield code="0">(DHLAUTH)269969</subfield>
    </datafield>
    <datafield tag="650" ind1=" " ind2=" ">
        <subfield code="a">WESTERN ASIA</subfield>
        <subfield code="0">(DHLAUTH)275490</subfield>
    </datafield>
    <datafield tag="650" ind1=" " ind2=" ">
        <subfield code="a">ARAB COUNTRIES</subfield>
        <subfield code="0">(DHLAUTH)268705</subfield>
    </datafield>
    <datafield tag="650" ind1=" " ind2=" ">
        <subfield code="a">CONFERENCES</subfield>
        <subfield code="0">(DHLAUTH)275758</subfield>
    </datafield>
    <datafield tag="650" ind1=" " ind2=" ">
        <subfield code="a">SUSTAINABLE DEVELOPMENT</subfield>
        <subfield code="0">(DHLAUTH)269920</subfield>
    </datafield>
</record>
<record>
    <datafield tag="191" ind1=" " ind2=" ">
        <subfield code="a">E/ESCWA/SDPD/2017/IG.1/3(PART II)</subfield>
    </datafield>
    <datafield tag="245" ind1=" " ind2=" ">
        <subfield code="a">WATER IN THE 2030 AGENDA FOR SUSTAINABLE DEVELOPMENT : THE WATER-ENERGY NEXUS IN THE ARAB REGION : ECONOMIC AND SOCIAL COMMISSION FOR WESTERN ASIA (ESCWA), COMMITTEE ON WATER RESOURCES, TWELFTH SESSION, AMMAN, 22 - 24 MARCH 2017</subfield>
    </datafield>
    <datafield tag="246" ind1=" " ind2=" ">
        <subfield code="a">المياه في خطة التنمية المستدامة لعام 2030 : الترابط بين المياه والطاقة في المنطقة العربية : اللجنة الاقتصادية والاجتماعية لغربي آسيا (الاسكوا). لجنة الموارد المائية، الدورة الثانية عشرة، عمان، 22 - 24 آذار /مارس 2017</subfield>
    </datafield>
    <datafield tag="269" ind1=" " ind2=" ">
        <subfield code="a">20170302</subfield>
    </datafield>
    <datafield tag="650" ind1=" " ind2=" ">
        <subfield code="a">WATER RESOURCES</subfield>
        <subfield code="0">(DHLAUTH)270568</subfield>
    </datafield>
    <datafield tag="650" ind1=" " ind2=" ">
        <subfield code="a">WATER RESOURCES DEVELOPMENT</subfield>
        <subfield code="0">(DHLAUTH)269975</subfield>
    </datafield>
    <datafield tag="650" ind1=" " ind2=" ">
        <subfield code="a">SUSTAINABLE DEVELOPMENT</subfield>
        <subfield code="0">(DHLAUTH)269920</subfield>
    </datafield>
    <datafield tag="650" ind1=" " ind2=" ">
        <subfield code="a">ENERGY RESOURCES</subfield>
        <subfield code="0">(DHLAUTH)270561</subfield>
    </datafield>
    <datafield tag="650" ind1=" " ind2=" ">
        <subfield code="a">INTERGOVERNMENTAL BODIES</subfield>
        <subfield code="0">(DHLAUTH)275766</subfield>
    </datafield>
    <datafield tag="650" ind1=" " ind2=" ">
        <subfield code="a">WESTERN ASIA</subfield>
        <subfield code="0">(DHLAUTH)275490</subfield>
    </datafield>
    <datafield tag="650" ind1=" " ind2=" ">
        <subfield code="a">ARAB COUNTRIES</subfield>
        <subfield code="0">(DHLAUTH)268705</subfield>
    </datafield>
    <datafield tag="650" ind1=" " ind2=" ">
        <subfield code="a">CONFERENCES</subfield>
        <subfield code="0">(DHLAUTH)275758</subfield>
    </datafield>
</record>
<record>
    <datafield tag="191" ind1=" " ind2=" ">
        <subfield code="a">E/ESCWA/SDPD/2017/IG.1/3(PART I)</subfield>
    </datafield>
    <datafield tag="245" ind1=" " ind2=" ">
        <subfield code="a">WATER IN THE 2030 AGENDA FOR SUSTAINABLE DEVELOPMENT : THE WATER-RELATED SUSTAINABLE DEVELOPMENT GOALS : ECONOMIC AND SOCIAL COMMISSION FOR WESTERN ASIA (ESCWA), COMMITTEE ON WATER RESOURCES, TWELFTH SESSION, AMMAN, 22 - 24 MARCH 2017</subfield>
    </datafield>
    <datafield tag="246" ind1=" " ind2=" ">
        <subfield code="a">المياه في خطة التنمية المستدامة لعام 2030 : اهداف التنمية المستدامة المتعلقة بالمياه : اللجنة الاقتصادية والاجتماعية لغربي آسيا (الاسكوا). لجنة الموارد المائية، الدورة الثانية عشرة، عمان، 22 - 24 آذار /مارس 2017</subfield>
    </datafield>
    <datafield tag="269" ind1=" " ind2=" ">
        <subfield code="a">20170228</subfield>
    </datafield>
    <datafield tag="650" ind1=" " ind2=" ">
        <subfield code="a">WATER RESOURCES</subfield>
        <subfield code="0">(DHLAUTH)270568</subfield>
    </datafield>
    <datafield tag="650" ind1=" " ind2=" ">
        <subfield code="a">WATER RESOURCES DEVELOPMENT</subfield>
        <subfield code="0">(DHLAUTH)269975</subfield>
    </datafield>
    <datafield tag="650" ind1=" " ind2=" ">
        <subfield code="a">SUSTAINABLE DEVELOPMENT</subfield>
        <subfield code="0">(DHLAUTH)269920</subfield>
    </datafield>
    <datafield tag="650" ind1=" " ind2=" ">
        <subfield code="a">REGIONAL COMMISSIONS</subfield>
        <subfield code="0">(DHLAUTH)269969</subfield>
    </datafield>
    <datafield tag="650" ind1=" " ind2=" ">
        <subfield code="a">INTERGOVERNMENTAL BODIES</subfield>
        <subfield code="0">(DHLAUTH)275766</subfield>
    </datafield>
    <datafield tag="650" ind1=" " ind2=" ">
        <subfield code="a">CONFERENCES</subfield>
        <subfield code="0">(DHLAUTH)275758</subfield>
    </datafield>
    <datafield tag="650" ind1=" " ind2=" ">
        <subfield code="a">WESTERN ASIA</subfield>
        <subfield code="0">(DHLAUTH)275490</subfield>
    </datafield>
    <datafield tag="650" ind1=" " ind2=" ">
        <subfield code="a">ARAB COUNTRIES</subfield>
        <subfield code="0">(DHLAUTH)268705</subfield>
    </datafield>
</record>
<record>
    <datafield tag="191" ind1=" " ind2=" ">
        <subfield code="a">E/ESCWA/SDPD/2017/IG.1/4</subfield>
    </datafield>
    <datafield tag="245" ind1=" " ind2=" ">
        <subfield code="a">ARAB COOPERATION ON SHARED WATER RESOURCES : ECONOMIC AND SOCIAL COMMISSION FOR WESTERN ASIA (ESCWA), COMMITTEE ON WATER RESOURCES, TWELFTH SESSION, AMMAN, 22 - 24 MARCH 2017</subfield>
    </datafield>
    <datafield tag="246" ind1=" " ind2=" ">
        <subfield code="a">التعاون العربي بشأن الموارد المائية المشتركة :  : اللجنة الاقتصادية والاجتماعية لغربي آسيا (الاسكوا). لجنة الموارد المائية، الدورة الثانية عشرة، عمان، 22 - 24 آذار /مارس 2017</subfield>
    </datafield>
    <datafield tag="269" ind1=" " ind2=" ">
        <subfield code="a">20170206</subfield>
    </datafield>
    <datafield tag="650" ind1=" " ind2=" ">
        <subfield code="a">WATER RESOURCES</subfield>
        <subfield code="0">(DHLAUTH)270568</subfield>
    </datafield>
    <datafield tag="650" ind1=" " ind2=" ">
        <subfield code="a">WATER RESOURCES DEVELOPMENT</subfield>
        <subfield code="0">(DHLAUTH)269975</subfield>
    </datafield>
    <datafield tag="650" ind1=" " ind2=" ">
        <subfield code="a">SHARED WATER RESOURCES</subfield>
        <subfield code="0">(DHLAUTH)269493</subfield>
    </datafield>
    <datafield tag="650" ind1=" " ind2=" ">
        <subfield code="a">REGIONAL COOPERATION</subfield>
        <subfield code="0">(DHLAUTH)268656</subfield>
    </datafield>
    <datafield tag="650" ind1=" " ind2=" ">
        <subfield code="a">ARAB COUNTRIES</subfield>
        <subfield code="0">(DHLAUTH)268705</subfield>
    </datafield>
    <datafield tag="650" ind1=" " ind2=" ">
        <subfield code="a">WESTERN ASIA</subfield>
        <subfield code="0">(DHLAUTH)275490</subfield>
    </datafield>
    <datafield tag="650" ind1=" " ind2=" ">
        <subfield code="a">INTERGOVERNMENTAL BODIES</subfield>
        <subfield code="0">(DHLAUTH)275766</subfield>
    </datafield>
    <datafield tag="650" ind1=" " ind2=" ">
        <subfield code="a">CONFERENCES</subfield>
        <subfield code="0">(DHLAUTH)275758</subfield>
    </datafield>
</record>
<record>
    <datafield tag="191" ind1=" " ind2=" ">
        <subfield code="a">E/ESCWA/SDPD/2017/IG.1/5</subfield>
    </datafield>
    <datafield tag="245" ind1=" " ind2=" ">
        <subfield code="a">REGIONAL COOPERATION FOR CLIMATE CHANGE ADAPTATION IN THE ARAB REGION : ECONOMIC AND SOCIAL COMMISSION FOR WESTERN ASIA (ESCWA), COMMITTEE ON WATER RESOURCES, TWELFTH SESSION, AMMAN, 22 - 24 MARCH 2017</subfield>
    </datafield>
    <datafield tag="246" ind1=" " ind2=" ">
        <subfield code="a">التعاون الاقليمي للتكيف مع تغير المناخ في المنطقة العربية : اللجنة الاقتصادية والاجتماعية لغربي آسيا (الاسكوا). لجنة الموارد المائية، الدورة الثانية عشرة، عمان، 22 - 24 آذار /مارس 2017</subfield>
    </datafield>
    <datafield tag="269" ind1=" " ind2=" ">
        <subfield code="a">20170206</subfield>
    </datafield>
    <datafield tag="650" ind1=" " ind2=" ">
        <subfield code="a">WATER RESOURCES</subfield>
        <subfield code="0">(DHLAUTH)270568</subfield>
    </datafield>
    <datafield tag="650" ind1=" " ind2=" ">
        <subfield code="a">WATER RESOURCES DEVELOPMENT</subfield>
        <subfield code="0">(DHLAUTH)269975</subfield>
    </datafield>
    <datafield tag="650" ind1=" " ind2=" ">
        <subfield code="a">REGIONAL COOPERATION</subfield>
        <subfield code="0">(DHLAUTH)268656</subfield>
    </datafield>
    <datafield tag="650" ind1=" " ind2=" ">
        <subfield code="a">CLIMATE CHANGE</subfield>
        <subfield code="0">(DHLAUTH)275343</subfield>
    </datafield>
    <datafield tag="650" ind1=" " ind2=" ">
        <subfield code="a">INTERGOVERNMENTAL BODIES</subfield>
        <subfield code="0">(DHLAUTH)275766</subfield>
    </datafield>
    <datafield tag="650" ind1=" " ind2=" ">
        <subfield code="a">ARAB COUNTRIES</subfield>
        <subfield code="0">(DHLAUTH)268705</subfield>
    </datafield>
    <datafield tag="650" ind1=" " ind2=" ">
        <subfield code="a">WESTERN ASIA</subfield>
        <subfield code="0">(DHLAUTH)275490</subfield>
    </datafield>
</record>
<record>
    <datafield tag="191" ind1=" " ind2=" ">
        <subfield code="a">E/ESCWA/SDPD/2017/IG.1/6</subfield>
    </datafield>
    <datafield tag="245" ind1=" " ind2=" ">
        <subfield code="a">ACTIONS TAKEN IN THE FIELD OF WATER RESOURCES SINCE THE ELEVENTH SESSION OF THE COMMITTEE ON WATER RESOURCES : ECONOMIC AND SOCIAL COMMISSION FOR WESTERN ASIA (ESCWA), COMMITTEE ON WATER RESOURCES, TWELFTH SESSION, AMMAN, 22 - 24 MARCH 2017</subfield>
    </datafield>
    <datafield tag="246" ind1=" " ind2=" ">
        <subfield code="a">عرض ما تم تنفيذه في مجال الموارد المائية منذ الدورة الحادية عشرة للجنة الموارد المائية : اللجنة الاقتصادية والاجتماعية لغربي آسيا (الاسكوا). لجنة الموارد المائية، الدورة الثانية عشرة، عمان، 22 - 24 آذار /مارس 2017</subfield>
    </datafield>
    <datafield tag="269" ind1=" " ind2=" ">
        <subfield code="a">20170309</subfield>
    </datafield>
    <datafield tag="650" ind1=" " ind2=" ">
        <subfield code="a">WATER RESOURCES</subfield>
        <subfield code="0">(DHLAUTH)270568</subfield>
    </datafield>
    <datafield tag="650" ind1=" " ind2=" ">
        <subfield code="a">WATER RESOURCES DEVELOPMENT</subfield>
        <subfield code="0">(DHLAUTH)269975</subfield>
    </datafield>
    <datafield tag="650" ind1=" " ind2=" ">
        <subfield code="a">INTERGOVERNMENTAL BODIES</subfield>
        <subfield code="0">(DHLAUTH)275766</subfield>
    </datafield>
    <datafield tag="650" ind1=" " ind2=" ">
        <subfield code="a">PROGRAMME IMPLEMENTATION</subfield>
        <subfield code="0">(DHLAUTH)275794</subfield>
    </datafield>
    <datafield tag="650" ind1=" " ind2=" ">
        <subfield code="a">REGIONAL COMMISSIONS</subfield>
        <subfield code="0">(DHLAUTH)269969</subfield>
    </datafield>
    <datafield tag="650" ind1=" " ind2=" ">
        <subfield code="a">WESTERN ASIA</subfield>
        <subfield code="0">(DHLAUTH)275490</subfield>
    </datafield>
    <datafield tag="650" ind1=" " ind2=" ">
        <subfield code="a">CONFERENCES</subfield>
        <subfield code="0">(DHLAUTH)275758</subfield>
    </datafield>
</record>
<record>
    <datafield tag="191" ind1=" " ind2=" ">
        <subfield code="a">E/ESCWA/SDPD/2017/IG.1/6 (PART II)</subfield>
    </datafield>
    <datafield tag="245" ind1=" " ind2=" ">
        <subfield code="a">ACTIONS TAKEN IN THE FIELD OF WATER RESOURCES SINCE THE ELEVENTH SESSION OF THE COMMITTEE ON WATER RESOURCES : IMPLEMENTATION OF ACTIVITIES UNDER THE ESCWA WORK PROGRAMME : ECONOMIC AND SOCIAL COMMISSION FOR WESTERN ASIA (ESCWA), COMMITTEE ON WATER RESOURCES, TWELFTH SESSION, AMMAN, 22 - 24 MARCH 2017</subfield>
    </datafield>
    <datafield tag="246" ind1=" " ind2=" ">
        <subfield code="a">عرض ما تم تنفيذه في مجال الموارد المائية منذ الدورة الحادية عشرة للجنة الموارد المائية : تنفيذ الانشطة المدرجة في برنامج عمل الاسكوا : اللجنة الاقتصادية والاجتماعية لغربي آسيا (الاسكوا). لجنة الموارد المائية، الدورة الثانية عشرة، عمان، 22 - 24 آذار /مارس 2017</subfield>
    </datafield>
    <datafield tag="269" ind1=" " ind2=" ">
        <subfield code="a">20170222</subfield>
    </datafield>
    <datafield tag="650" ind1=" " ind2=" ">
        <subfield code="a">WATER RESOURCES</subfield>
        <subfield code="0">(DHLAUTH)270568</subfield>
    </datafield>
    <datafield tag="650" ind1=" " ind2=" ">
        <subfield code="a">WATER RESOURCES DEVELOPMENT</subfield>
        <subfield code="0">(DHLAUTH)269975</subfield>
    </datafield>
    <datafield tag="650" ind1=" " ind2=" ">
        <subfield code="a">PROGRAMME IMPLEMENTATION</subfield>
        <subfield code="0">(DHLAUTH)275794</subfield>
    </datafield>
    <datafield tag="650" ind1=" " ind2=" ">
        <subfield code="a">WORK PROGRAMME</subfield>
        <subfield code="0">(DHLAUTH)275800</subfield>
    </datafield>
    <datafield tag="650" ind1=" " ind2=" ">
        <subfield code="a">INTERGOVERNMENTAL BODIES</subfield>
        <subfield code="0">(DHLAUTH)275766</subfield>
    </datafield>
    <datafield tag="650" ind1=" " ind2=" ">
        <subfield code="a">REGIONAL COMMISSIONS</subfield>
        <subfield code="0">(DHLAUTH)269969</subfield>
    </datafield>
    <datafield tag="650" ind1=" " ind2=" ">
        <subfield code="a">CONFERENCES</subfield>
        <subfield code="0">(DHLAUTH)275758</subfield>
    </datafield>
    <datafield tag="650" ind1=" " ind2=" ">
        <subfield code="a">WESTERN ASIA</subfield>
        <subfield code="0">(DHLAUTH)275490</subfield>
    </datafield>
    <datafield tag="650" ind1=" " ind2=" ">
        <subfield code="a">ARAB COUNTRIES</subfield>
        <subfield code="0">(DHLAUTH)268705</subfield>
    </datafield>
</record>
<record>
    <datafield tag="191" ind1=" " ind2=" ">
        <subfield code="a">E/ESCWA/SDPD/2017/IG.1/6 (PART I)</subfield>
    </datafield>
    <datafield tag="245" ind1=" " ind2=" ">
        <subfield code="a">ACTIONS TAKEN IN THE FIELD OF WATER RESOURCES SINCE THE ELEVENTH SESSION OF THE COMMITTEE ON WATER RESOURCES : IMPLEMENTATION OF RECOMMENDATIONS MADE BY THE COMMITTEE AT ITS ELEVENTH SESSION : ECONOMIC AND SOCIAL COMMISSION FOR WESTERN ASIA (ESCWA), COMMITTEE ON WATER RESOURCES, TWELFTH SESSION, AMMAN, 22 - 24 MARCH 2017</subfield>
    </datafield>
    <datafield tag="246" ind1=" " ind2=" ">
        <subfield code="a">عرض ما تم تنفيذه في مجال الموارد المائية منذ الدورة الحادية عشرة للجنة الموارد المائية : تنفيذ التوصيات الصادرة عن اللجنة في دورتها الحادية عشرة : اللجنة الاقتصادية والاجتماعية لغربي آسيا (الاسكوا). لجنة الموارد المائية، الدورة الثانية عشرة، عمان، 22 - 24 آذار /مارس 2017</subfield>
    </datafield>
    <datafield tag="269" ind1=" " ind2=" ">
        <subfield code="a">20170206</subfield>
    </datafield>
    <datafield tag="650" ind1=" " ind2=" ">
        <subfield code="a">WATER RESOURCES</subfield>
        <subfield code="0">(DHLAUTH)270568</subfield>
    </datafield>
    <datafield tag="650" ind1=" " ind2=" ">
        <subfield code="a">WATER RESOURCES DEVELOPMENT</subfield>
        <subfield code="0">(DHLAUTH)269975</subfield>
    </datafield>
    <datafield tag="650" ind1=" " ind2=" ">
        <subfield code="a">PROGRAMME IMPLEMENTATION</subfield>
        <subfield code="0">(DHLAUTH)275794</subfield>
    </datafield>
    <datafield tag="650" ind1=" " ind2=" ">
        <subfield code="a">INTERGOVERNMENTAL BODIES</subfield>
        <subfield code="0">(DHLAUTH)275766</subfield>
    </datafield>
    <datafield tag="650" ind1=" " ind2=" ">
        <subfield code="a">REGIONAL COMMISSIONS</subfield>
        <subfield code="0">(DHLAUTH)269969</subfield>
    </datafield>
    <datafield tag="650" ind1=" " ind2=" ">
        <subfield code="a">CONFERENCES</subfield>
        <subfield code="0">(DHLAUTH)275758</subfield>
    </datafield>
    <datafield tag="650" ind1=" " ind2=" ">
        <subfield code="a">WESTERN ASIA</subfield>
        <subfield code="0">(DHLAUTH)275490</subfield>
    </datafield>
    <datafield tag="650" ind1=" " ind2=" ">
        <subfield code="a">ARAB COUNTRIES</subfield>
        <subfield code="0">(DHLAUTH)268705</subfield>
    </datafield>
</record>
<record>
    <datafield tag="191" ind1=" " ind2=" ">
        <subfield code="a">E/ESCWA/SDPD/2017/IG.1/7</subfield>
    </datafield>
    <datafield tag="245" ind1=" " ind2=" ">
        <subfield code="a">PROPOSED PROGRAMME OF WORK FOR THE BIENNIUM 2018 - 2019 IN THE FIELD OF WATER RESOURCES : ECONOMIC AND SOCIAL COMMISSION FOR WESTERN ASIA (ESCWA), COMMITTEE ON WATER RESOURCES, TWELFTH SESSION, AMMAN, 22 - 24 MARCH 2017</subfield>
    </datafield>
    <datafield tag="246" ind1=" " ind2=" ">
        <subfield code="a">برنامج العمل المقترح لفترة السنتين 2018 - 2019 في مجال الموارد المائية : اللجنة الاقتصادية والاجتماعية لغربي آسيا (الاسكوا). لجنة الموارد المائية، الدورة الثانية عشرة، عمان، 22 - 24 آذار /مارس 2017</subfield>
    </datafield>
    <datafield tag="269" ind1=" " ind2=" ">
        <subfield code="a">20170222</subfield>
    </datafield>
    <datafield tag="650" ind1=" " ind2=" ">
        <subfield code="a">WATER RESOURCES</subfield>
        <subfield code="0">(DHLAUTH)270568</subfield>
    </datafield>
    <datafield tag="650" ind1=" " ind2=" ">
        <subfield code="a">WATER RESOURCES DEVELOPMENT</subfield>
        <subfield code="0">(DHLAUTH)269975</subfield>
    </datafield>
    <datafield tag="650" ind1=" " ind2=" ">
        <subfield code="a">WORK PROGRAMME</subfield>
        <subfield code="0">(DHLAUTH)275800</subfield>
    </datafield>
    <datafield tag="650" ind1=" " ind2=" ">
        <subfield code="a">INTERGOVERNMENTAL BODIES</subfield>
        <subfield code="0">(DHLAUTH)275766</subfield>
    </datafield>
    <datafield tag="650" ind1=" " ind2=" ">
        <subfield code="a">REGIONAL COMMISSIONS</subfield>
        <subfield code="0">(DHLAUTH)269969</subfield>
    </datafield>
    <datafield tag="650" ind1=" " ind2=" ">
        <subfield code="a">WESTERN ASIA</subfield>
        <subfield code="0">(DHLAUTH)275490</subfield>
    </datafield>
    <datafield tag="650" ind1=" " ind2=" ">
        <subfield code="a">ARAB COUNTRIES</subfield>
        <subfield code="0">(DHLAUTH)268705</subfield>
    </datafield>
    <datafield tag="650" ind1=" " ind2=" ">
        <subfield code="a">CONFERENCES</subfield>
        <subfield code="0">(DHLAUTH)275758</subfield>
    </datafield>
</record>
<record>
    <datafield tag="191" ind1=" " ind2=" ">
        <subfield code="a">E/ESCWA/SDPD/2017/IG.1/INF.1</subfield>
    </datafield>
    <datafield tag="245" ind1=" " ind2=" ">
        <subfield code="a">INFORMATION NOTE : ECONOMIC AND SOCIAL COMMISSION FOR WESTERN ASIA (ESCWA), COMMITTEE ON WATER RESOURCES, TWELFTH SESSION, AMMAN, 22 - 24 MARCH 2017</subfield>
    </datafield>
    <datafield tag="246" ind1=" " ind2=" ">
        <subfield code="a">مذكرة توضيحية : اللجنة الاقتصادية والاجتماعية لغربي آسيا (الاسكوا). لجنة الموارد المائية، الدورة الثانية عشرة، عمان، 22 - 24 آذار /مارس 2017</subfield>
    </datafield>
    <datafield tag="269" ind1=" " ind2=" ">
        <subfield code="a">20170206</subfield>
    </datafield>
    <datafield tag="650" ind1=" " ind2=" ">
        <subfield code="a">WATER RESOURCES</subfield>
        <subfield code="0">(DHLAUTH)270568</subfield>
    </datafield>
    <datafield tag="650" ind1=" " ind2=" ">
        <subfield code="a">WATER RESOURCES DEVELOPMENT</subfield>
        <subfield code="0">(DHLAUTH)269975</subfield>
    </datafield>
    <datafield tag="650" ind1=" " ind2=" ">
        <subfield code="a">REGIONAL COMMISSIONS</subfield>
        <subfield code="0">(DHLAUTH)269969</subfield>
    </datafield>
    <datafield tag="650" ind1=" " ind2=" ">
        <subfield code="a">CONFERENCES</subfield>
        <subfield code="0">(DHLAUTH)275758</subfield>
    </datafield>
    <datafield tag="650" ind1=" " ind2=" ">
        <subfield code="a">WESTERN ASIA</subfield>
        <subfield code="0">(DHLAUTH)275490</subfield>
    </datafield>
    <datafield tag="650" ind1=" " ind2=" ">
        <subfield code="a">ARAB COUNTRIES</subfield>
        <subfield code="0">(DHLAUTH)268705</subfield>
    </datafield>
    <datafield tag="650" ind1=" " ind2=" ">
        <subfield code="a">INTERGOVERNMENTAL BODIES</subfield>
        <subfield code="0">(DHLAUTH)275766</subfield>
    </datafield>
</record>
<record>
    <datafield tag="191" ind1=" " ind2=" ">
        <subfield code="a">E/ESCWA/SDPD/2017/IG.1/INF.2</subfield>
    </datafield>
    <datafield tag="245" ind1=" " ind2=" ">
        <subfield code="a">LIST OF DOCUMENTS : ECONOMIC AND SOCIAL COMMISSION FOR WESTERN ASIA (ESCWA), COMMITTEE ON WATER RESOURCES, TWELFTH SESSION, AMMAN, 22 - 24 MARCH 2017</subfield>
    </datafield>
    <datafield tag="246" ind1=" " ind2=" ">
        <subfield code="a">قائمة بالوثائق : اللجنة الاقتصادية والاجتماعية لغربي آسيا (الاسكوا). لجنة الموارد المائية، الدورة الثانية عشرة، عمان، 22 - 24 آذار /مارس 2017</subfield>
    </datafield>
    <datafield tag="269" ind1=" " ind2=" ">
        <subfield code="a">20170206</subfield>
    </datafield>
    <datafield tag="650" ind1=" " ind2=" ">
        <subfield code="a">WATER RESOURCES</subfield>
        <subfield code="0">(DHLAUTH)270568</subfield>
    </datafield>
    <datafield tag="650" ind1=" " ind2=" ">
        <subfield code="a">WATER RESOURCES DEVELOPMENT</subfield>
        <subfield code="0">(DHLAUTH)269975</subfield>
    </datafield>
    <datafield tag="650" ind1=" " ind2=" ">
        <subfield code="a">INTERGOVERNMENTAL BODIES</subfield>
        <subfield code="0">(DHLAUTH)275766</subfield>
    </datafield>
    <datafield tag="650" ind1=" " ind2=" ">
        <subfield code="a">REGIONAL COMMISSIONS</subfield>
        <subfield code="0">(DHLAUTH)269969</subfield>
    </datafield>
    <datafield tag="650" ind1=" " ind2=" ">
        <subfield code="a">CONFERENCES</subfield>
        <subfield code="0">(DHLAUTH)275758</subfield>
    </datafield>
    <datafield tag="650" ind1=" " ind2=" ">
        <subfield code="a">WESTERN ASIA</subfield>
        <subfield code="0">(DHLAUTH)275490</subfield>
    </datafield>
    <datafield tag="650" ind1=" " ind2=" ">
        <subfield code="a">ARAB COUNTRIES</subfield>
        <subfield code="0">(DHLAUTH)268705</subfield>
    </datafield>
    <datafield tag="650" ind1=" " ind2=" ">
        <subfield code="a">DOCUMENTS</subfield>
        <subfield code="0">(DHLAUTH)270014</subfield>
    </datafield>
</record>
<record>
    <datafield tag="191" ind1=" " ind2=" ">
        <subfield code="a">E/ESCWA/SDPD/2017/IG.1/L.1</subfield>
    </datafield>
    <datafield tag="245" ind1=" " ind2=" ">
        <subfield code="a">PROVISIONAL AGENDA AND ANNOTATIONS : ECONOMIC AND SOCIAL COMMISSION FOR WESTERN ASIA (ESCWA), COMMITTEE ON WATER RESOURCES, TWELFTH SESSION, AMMAN, 22 - 24 MARCH 2017</subfield>
    </datafield>
    <datafield tag="246" ind1=" " ind2=" ">
        <subfield code="a">جدول الاعمال المؤقت والشروح : اللجنة الاقتصادية والاجتماعية لغربي آسيا (الاسكوا). لجنة الموارد المائية، الدورة الثانية عشرة، عمان، 22 - 24 آذار /مارس 2017</subfield>
    </datafield>
    <datafield tag="269" ind1=" " ind2=" ">
        <subfield code="a">20170222</subfield>
    </datafield>
    <datafield tag="650" ind1=" " ind2=" ">
        <subfield code="a">WATER RESOURCES</subfield>
        <subfield code="0">(DHLAUTH)270568</subfield>
    </datafield>
    <datafield tag="650" ind1=" " ind2=" ">
        <subfield code="a">WATER RESOURCES DEVELOPMENT</subfield>
        <subfield code="0">(DHLAUTH)269975</subfield>
    </datafield>
    <datafield tag="650" ind1=" " ind2=" ">
        <subfield code="a">INTERGOVERNMENTAL BODIES</subfield>
        <subfield code="0">(DHLAUTH)275766</subfield>
    </datafield>
    <datafield tag="650" ind1=" " ind2=" ">
        <subfield code="a">REGIONAL COMMISSIONS</subfield>
        <subfield code="0">(DHLAUTH)269969</subfield>
    </datafield>
    <datafield tag="650" ind1=" " ind2=" ">
        <subfield code="a">WESTERN ASIA</subfield>
        <subfield code="0">(DHLAUTH)275490</subfield>
    </datafield>
    <datafield tag="650" ind1=" " ind2=" ">
        <subfield code="a">CONFERENCES</subfield>
        <subfield code="0">(DHLAUTH)275758</subfield>
    </datafield>
    <datafield tag="650" ind1=" " ind2=" ">
        <subfield code="a">ARAB COUNTRIES</subfield>
        <subfield code="0">(DHLAUTH)268705</subfield>
    </datafield>
</record>
<record>
    <datafield tag="191" ind1=" " ind2=" ">
        <subfield code="a">E/ESCWA/SDPD/2017/IG.1/L.2</subfield>
    </datafield>
    <datafield tag="245" ind1=" " ind2=" ">
        <subfield code="a">ORGANIZATION OF WORK : ECONOMIC AND SOCIAL COMMISSION FOR WESTERN ASIA (ESCWA), COMMITTEE ON WATER RESOURCES, TWELFTH SESSION, AMMAN, 22 - 24 MARCH 2017</subfield>
    </datafield>
    <datafield tag="246" ind1=" " ind2=" ">
        <subfield code="a">تنظيم الاعمال : مذكرة من الامانة التنفيذية : اللجنة الاقتصادية والاجتماعية لغربي آسيا (الاسكوا). لجنة الموارد المائية، الدورة الثانية عشرة، عمان، 22 - 24 آذار /مارس 2017</subfield>
    </datafield>
    <datafield tag="269" ind1=" " ind2=" ">
        <subfield code="a">20170222</subfield>
    </datafield>
    <datafield tag="650" ind1=" " ind2=" ">
        <subfield code="a">WATER RESOURCES</subfield>
        <subfield code="0">(DHLAUTH)270568</subfield>
    </datafield>
    <datafield tag="650" ind1=" " ind2=" ">
        <subfield code="a">WATER RESOURCES DEVELOPMENT</subfield>
        <subfield code="0">(DHLAUTH)269975</subfield>
    </datafield>
    <datafield tag="650" ind1=" " ind2=" ">
        <subfield code="a">INTERGOVERNMENTAL BODIES</subfield>
        <subfield code="0">(DHLAUTH)275766</subfield>
    </datafield>
    <datafield tag="650" ind1=" " ind2=" ">
        <subfield code="a">WESTERN ASIA</subfield>
        <subfield code="0">(DHLAUTH)275490</subfield>
    </datafield>
    <datafield tag="650" ind1=" " ind2=" ">
        <subfield code="a">ARAB COUNTRIES</subfield>
        <subfield code="0">(DHLAUTH)268705</subfield>
    </datafield>
    <datafield tag="650" ind1=" " ind2=" ">
        <subfield code="a">WORK ORGANIZATION</subfield>
        <subfield code="0">(DHLAUTH)275746</subfield>
    </datafield>
</record>
<record>
    <datafield tag="191" ind1=" " ind2=" ">
        <subfield code="a">E/ESCWA/SDPD/2017/IG.2/3</subfield>
    </datafield>
    <datafield tag="245" ind1=" " ind2=" ">
        <subfield code="a">REVIEW OF IMPLEMENTED ACTIVITIES IN THE FIELD OF ENERGY : ECONOMIC AND SOCIAL COMMISSION FOR WESTERN ASIA (ESCWA). COMMITTEE ON ENERGY, ELEVENTH SESSION, CAIRO, 14 - 16 MAY 2017</subfield>
    </datafield>
    <datafield tag="246" ind1=" " ind2=" ">
        <subfield code="a">عرض ما تم تنفيذه في مجال الطاقة : اللجنة الاقتصادية والاجتماعية لغربي آسيا (الاسكوا). لجنة الطاقة، الدورة الحادية عشرة، القاهرة، 14 - 16 أيار/مايو 2017</subfield>
    </datafield>
    <datafield tag="269" ind1=" " ind2=" ">
        <subfield code="a">20170509</subfield>
    </datafield>
    <datafield tag="650" ind1=" " ind2=" ">
        <subfield code="a">ENERGY POLICY</subfield>
        <subfield code="0">(DHLAUTH)270574</subfield>
    </datafield>
    <datafield tag="650" ind1=" " ind2=" ">
        <subfield code="a">SUBSIDIARY BODIES</subfield>
        <subfield code="0">(DHLAUTH)275818</subfield>
    </datafield>
    <datafield tag="650" ind1=" " ind2=" ">
        <subfield code="a">WORK PROGRAMME</subfield>
        <subfield code="0">(DHLAUTH)275800</subfield>
    </datafield>
    <datafield tag="650" ind1=" " ind2=" ">
        <subfield code="a">PROGRAMME IMPLEMENTATION</subfield>
        <subfield code="0">(DHLAUTH)275794</subfield>
    </datafield>
    <datafield tag="650" ind1=" " ind2=" ">
        <subfield code="a">ACTIVITIES</subfield>
        <subfield code="0">(DHLAUTH)275823</subfield>
    </datafield>
    <datafield tag="650" ind1=" " ind2=" ">
        <subfield code="a">WESTERN ASIA</subfield>
        <subfield code="0">(DHLAUTH)275490</subfield>
    </datafield>
    <datafield tag="650" ind1=" " ind2=" ">
        <subfield code="a">ARAB COUNTRIES</subfield>
        <subfield code="0">(DHLAUTH)268705</subfield>
    </datafield>
    <datafield tag="650" ind1=" " ind2=" ">
        <subfield code="a">CONFERENCES</subfield>
        <subfield code="0">(DHLAUTH)275758</subfield>
    </datafield>
</record>
<record>
    <datafield tag="191" ind1=" " ind2=" ">
        <subfield code="a">E/ESCWA/SDPD/2017/IG.2/3 (PART III)</subfield>
    </datafield>
    <datafield tag="246" ind1=" " ind2=" ">
        <subfield code="a">عرض ما تم تنفيذه في مجال الطاقة : تنفيذ انشطة التعاون الفني مع الدول الاعضاء : اللجنة الاقتصادية والاجتماعية لغربي آسيا (الاسكوا). لجنة الطاقة، الدورة الحادية عشرة، القاهرة، 14 - 16 أيار/مايو 2017</subfield>
    </datafield>
    <datafield tag="269" ind1=" " ind2=" ">
        <subfield code="a">20170426</subfield>
    </datafield>
    <datafield tag="650" ind1=" " ind2=" ">
        <subfield code="a">ENERGY POLICY</subfield>
        <subfield code="0">(DHLAUTH)270574</subfield>
    </datafield>
    <datafield tag="650" ind1=" " ind2=" ">
        <subfield code="a">ENERGY RESOURCES</subfield>
        <subfield code="0">(DHLAUTH)270561</subfield>
    </datafield>
    <datafield tag="650" ind1=" " ind2=" ">
        <subfield code="a">PROGRAMME IMPLEMENTATION</subfield>
        <subfield code="0">(DHLAUTH)275794</subfield>
    </datafield>
    <datafield tag="650" ind1=" " ind2=" ">
        <subfield code="a">ACTIVITIES</subfield>
        <subfield code="0">(DHLAUTH)275823</subfield>
    </datafield>
    <datafield tag="650" ind1=" " ind2=" ">
        <subfield code="a">SUBSIDIARY BODIES</subfield>
        <subfield code="0">(DHLAUTH)275818</subfield>
    </datafield>
    <datafield tag="650" ind1=" " ind2=" ">
        <subfield code="a">CONFERENCES</subfield>
        <subfield code="0">(DHLAUTH)275758</subfield>
    </datafield>
    <datafield tag="650" ind1=" " ind2=" ">
        <subfield code="a">WESTERN ASIA</subfield>
        <subfield code="0">(DHLAUTH)275490</subfield>
    </datafield>
    <datafield tag="650" ind1=" " ind2=" ">
        <subfield code="a">ARAB COUNTRIES</subfield>
        <subfield code="0">(DHLAUTH)268705</subfield>
    </datafield>
</record>
<record>
    <datafield tag="191" ind1=" " ind2=" ">
        <subfield code="a">E/ESCWA/SDPD/2017/IG.2/3 (PART II)</subfield>
    </datafield>
    <datafield tag="246" ind1=" " ind2=" ">
        <subfield code="a">عرض ما تم تنفيذه في مجال الطاقة : تنفيذ الانشطة المدرجة في برنامج عمل الاسكوا : اللجنة الاقتصادية والاجتماعية لغربي آسيا (الاسكوا). لجنة الطاقة، الدورة الحادية عشرة، القاهرة، 14 - 16 أيار/مايو </subfield>
    </datafield>
    <datafield tag="269" ind1=" " ind2=" ">
        <subfield code="a">20170419</subfield>
    </datafield>
    <datafield tag="650" ind1=" " ind2=" ">
        <subfield code="a">ENERGY POLICY</subfield>
        <subfield code="0">(DHLAUTH)270574</subfield>
    </datafield>
    <datafield tag="650" ind1=" " ind2=" ">
        <subfield code="a">ENERGY RESOURCES</subfield>
        <subfield code="0">(DHLAUTH)270561</subfield>
    </datafield>
    <datafield tag="650" ind1=" " ind2=" ">
        <subfield code="a">PROGRAMME IMPLEMENTATION</subfield>
        <subfield code="0">(DHLAUTH)275794</subfield>
    </datafield>
    <datafield tag="650" ind1=" " ind2=" ">
        <subfield code="a">SUBSIDIARY BODIES</subfield>
        <subfield code="0">(DHLAUTH)275818</subfield>
    </datafield>
    <datafield tag="650" ind1=" " ind2=" ">
        <subfield code="a">WESTERN ASIA</subfield>
        <subfield code="0">(DHLAUTH)275490</subfield>
    </datafield>
    <datafield tag="650" ind1=" " ind2=" ">
        <subfield code="a">CONFERENCES</subfield>
        <subfield code="0">(DHLAUTH)275758</subfield>
    </datafield>
</record>
<record>
    <datafield tag="191" ind1=" " ind2=" ">
        <subfield code="a">E/ESCWA/SDPD/2017/IG.2/3 (PART I)</subfield>
    </datafield>
    <datafield tag="246" ind1=" " ind2=" ">
        <subfield code="a">عرض ما تم تنفيذه في مجال الطاقة : تنفيذ التوصيات الصادرة عن لجنة الطاقة في دورتها العاشرة: اللجنة الاقتصادية والاجتماعية لغربي آسيا (الاسكوا). لجنة الطاقة، الدورة الحادية عشرة، القاهرة، 14 - 16 أيار/مايو 2017</subfield>
    </datafield>
    <datafield tag="269" ind1=" " ind2=" ">
        <subfield code="a">20170411</subfield>
    </datafield>
    <datafield tag="650" ind1=" " ind2=" ">
        <subfield code="a">ENERGY POLICY</subfield>
        <subfield code="0">(DHLAUTH)270574</subfield>
    </datafield>
    <datafield tag="650" ind1=" " ind2=" ">
        <subfield code="a">ENERGY RESOURCES</subfield>
        <subfield code="0">(DHLAUTH)270561</subfield>
    </datafield>
    <datafield tag="650" ind1=" " ind2=" ">
        <subfield code="a">PROGRAMME IMPLEMENTATION</subfield>
        <subfield code="0">(DHLAUTH)275794</subfield>
    </datafield>
    <datafield tag="650" ind1=" " ind2=" ">
        <subfield code="a">ACTIVITIES</subfield>
        <subfield code="0">(DHLAUTH)275823</subfield>
    </datafield>
    <datafield tag="650" ind1=" " ind2=" ">
        <subfield code="a">RECOMMENDATIONS</subfield>
        <subfield code="0">(DHLAUTH)275840</subfield>
    </datafield>
    <datafield tag="650" ind1=" " ind2=" ">
        <subfield code="a">SUBSIDIARY BODIES</subfield>
        <subfield code="0">(DHLAUTH)275818</subfield>
    </datafield>
    <datafield tag="650" ind1=" " ind2=" ">
        <subfield code="a">CONFERENCES</subfield>
        <subfield code="0">(DHLAUTH)275758</subfield>
    </datafield>
    <datafield tag="650" ind1=" " ind2=" ">
        <subfield code="a">REGIONAL COMMISSIONS</subfield>
        <subfield code="0">(DHLAUTH)269969</subfield>
    </datafield>
    <datafield tag="650" ind1=" " ind2=" ">
        <subfield code="a">WESTERN ASIA</subfield>
        <subfield code="0">(DHLAUTH)275490</subfield>
    </datafield>
    <datafield tag="650" ind1=" " ind2=" ">
        <subfield code="a">ARAB COUNTRIES</subfield>
        <subfield code="0">(DHLAUTH)268705</subfield>
    </datafield>
</record>
<record>
    <datafield tag="191" ind1=" " ind2=" ">
        <subfield code="a">E/ESCWA/SDPD/2017/IG.2/4</subfield>
    </datafield>
    <datafield tag="245" ind1=" " ind2=" ">
        <subfield code="a">SUSTAINABLE ENERGY IN THE ARAB REGION : ECONOMIC AND SOCIAL COMMISSION FOR WESTERN ASIA (ESCWA). COMMITTEE ON ENERGY, ELEVENTH SESSION, CAIRO, 14 - 16 MAY 2017</subfield>
    </datafield>
    <datafield tag="246" ind1=" " ind2=" ">
        <subfield code="a">الطاقة المستدامة في الدول العربية : اللجنة الاقتصادية والاجتماعية لغربي آسيا (الاسكوا). لجنة الطاقة، الدورة الحادية عشرة، القاهرة، 14 - 16 أيار/مايو 2017</subfield>
    </datafield>
    <datafield tag="269" ind1=" " ind2=" ">
        <subfield code="a">20170509</subfield>
    </datafield>
    <datafield tag="650" ind1=" " ind2=" ">
        <subfield code="a">SUSTAINABLE ENERGY</subfield>
        <subfield code="0">(DHLAUTH)469656</subfield>
    </datafield>
    <datafield tag="650" ind1=" " ind2=" ">
        <subfield code="a">SUSTAINABLE DEVELOPMENT</subfield>
        <subfield code="0">(DHLAUTH)269920</subfield>
    </datafield>
    <datafield tag="650" ind1=" " ind2=" ">
        <subfield code="a">WATER RESOURCES</subfield>
        <subfield code="0">(DHLAUTH)270568</subfield>
    </datafield>
    <datafield tag="650" ind1=" " ind2=" ">
        <subfield code="a">SUBSIDIARY BODIES</subfield>
        <subfield code="0">(DHLAUTH)275818</subfield>
    </datafield>
    <datafield tag="650" ind1=" " ind2=" ">
        <subfield code="a">REGIONAL COMMISSIONS</subfield>
        <subfield code="0">(DHLAUTH)269969</subfield>
    </datafield>
    <datafield tag="650" ind1=" " ind2=" ">
        <subfield code="a">WESTERN ASIA</subfield>
        <subfield code="0">(DHLAUTH)275490</subfield>
    </datafield>
    <datafield tag="650" ind1=" " ind2=" ">
        <subfield code="a">CONFERENCES</subfield>
        <subfield code="0">(DHLAUTH)275758</subfield>
    </datafield>
    <datafield tag="650" ind1=" " ind2=" ">
        <subfield code="a">ARAB COUNTRIES</subfield>
        <subfield code="0">(DHLAUTH)268705</subfield>
    </datafield>
</record>
<record>
    <datafield tag="191" ind1=" " ind2=" ">
        <subfield code="a">E/ESCWA/SDPD/2017/IG.2/4 (PART III)</subfield>
    </datafield>
    <datafield tag="245" ind1=" " ind2=" ">
        <subfield code="a">IMPACT OF SHALE OIL AND SHALE GAS ON UNDERGROUNDWATER : ECONOMIC AND SOCIAL COMMISSION FOR WESTERN ASIA (ESCWA). COMMITTEE ON ENERGY, ELEVENTH SESSION, CAIRO, 14 - 16 MAY 2017</subfield>
    </datafield>
    <datafield tag="246" ind1=" " ind2=" ">
        <subfield code="a">الطاقة المستدامة في المنطقة العربية : تأثير النفط الصخري والغاز الطبيعي على المياه الجوفية : اللجنة الاقتصادية والاجتماعية لغربي آسيا (الاسكوا). لجنة الطاقة، الدورة الحادية عشرة، القاهرة، 14 - 16 أيار/مايو 2017</subfield>
    </datafield>
    <datafield tag="269" ind1=" " ind2=" ">
        <subfield code="a">20170411</subfield>
    </datafield>
    <datafield tag="650" ind1=" " ind2=" ">
        <subfield code="a">OIL SHALES</subfield>
        <subfield code="0">(DHLAUTH)271270</subfield>
    </datafield>
    <datafield tag="650" ind1=" " ind2=" ">
        <subfield code="a">GAS FIELDS</subfield>
        <subfield code="0">(DHLAUTH)476347</subfield>
    </datafield>
    <datafield tag="650" ind1=" " ind2=" ">
        <subfield code="a">GROUNDWATER</subfield>
        <subfield code="0">(DHLAUTH)270891</subfield>
    </datafield>
    <datafield tag="650" ind1=" " ind2=" ">
        <subfield code="a">WATER RESOURCES</subfield>
        <subfield code="0">(DHLAUTH)270568</subfield>
    </datafield>
    <datafield tag="650" ind1=" " ind2=" ">
        <subfield code="a">ENVIRONMENTAL ASPECTS</subfield>
        <subfield code="0">(DHLAUTH)270631</subfield>
    </datafield>
    <datafield tag="650" ind1=" " ind2=" ">
        <subfield code="a">ARAB COUNTRIES</subfield>
        <subfield code="0">(DHLAUTH)268705</subfield>
    </datafield>
    <datafield tag="650" ind1=" " ind2=" ">
        <subfield code="a">SUBSIDIARY BODIES</subfield>
        <subfield code="0">(DHLAUTH)275818</subfield>
    </datafield>
    <datafield tag="650" ind1=" " ind2=" ">
        <subfield code="a">CONFERENCES</subfield>
        <subfield code="0">(DHLAUTH)275758</subfield>
    </datafield>
</record>
<record>
    <datafield tag="191" ind1=" " ind2=" ">
        <subfield code="a">E/ESCWA/SDPD/2017/IG.2/4 (PART II)</subfield>
    </datafield>
    <datafield tag="246" ind1=" " ind2=" ">
        <subfield code="a">الطاقة المستدامة في المنطقة العربية : الترابط بين الطاقة والمياه: اللجنة الاقتصادية والاجتماعية لغربي آسيا (الاسكوا). لجنة الطاقة، الدورة الحادية عشرة، القاهرة، 14 - 16 أيار/مايو 2017</subfield>
    </datafield>
    <datafield tag="269" ind1=" " ind2=" ">
        <subfield code="a">20170411</subfield>
    </datafield>
    <datafield tag="650" ind1=" " ind2=" ">
        <subfield code="a">SUSTAINABLE ENERGY</subfield>
        <subfield code="0">(DHLAUTH)469656</subfield>
    </datafield>
    <datafield tag="650" ind1=" " ind2=" ">
        <subfield code="a">WATER RESOURCES</subfield>
        <subfield code="0">(DHLAUTH)270568</subfield>
    </datafield>
    <datafield tag="650" ind1=" " ind2=" ">
        <subfield code="a">SUSTAINABLE DEVELOPMENT</subfield>
        <subfield code="0">(DHLAUTH)269920</subfield>
    </datafield>
    <datafield tag="650" ind1=" " ind2=" ">
        <subfield code="a">CLIMATE CHANGE</subfield>
        <subfield code="0">(DHLAUTH)275343</subfield>
    </datafield>
    <datafield tag="650" ind1=" " ind2=" ">
        <subfield code="a">ENVIRONMENTAL ASPECTS</subfield>
        <subfield code="0">(DHLAUTH)270631</subfield>
    </datafield>
    <datafield tag="650" ind1=" " ind2=" ">
        <subfield code="a">WESTERN ASIA</subfield>
        <subfield code="0">(DHLAUTH)275490</subfield>
    </datafield>
    <datafield tag="650" ind1=" " ind2=" ">
        <subfield code="a">ARAB COUNTRIES</subfield>
        <subfield code="0">(DHLAUTH)268705</subfield>
    </datafield>
    <datafield tag="650" ind1=" " ind2=" ">
        <subfield code="a">SUBSIDIARY BODIES</subfield>
        <subfield code="0">(DHLAUTH)275818</subfield>
    </datafield>
    <datafield tag="650" ind1=" " ind2=" ">
        <subfield code="a">CONFERENCES</subfield>
        <subfield code="0">(DHLAUTH)275758</subfield>
    </datafield>
</record>
<record>
    <datafield tag="191" ind1=" " ind2=" ">
        <subfield code="a">E/ESCWA/SDPD/2017/IG.2/4 (PART I)</subfield>
    </datafield>
    <datafield tag="245" ind1=" " ind2=" ">
        <subfield code="a">SUSTAINABLE ENERGY IN THE ARAB REGION : ENERGY-RELATED SUSTAINABLE DEVELOPMENT GOALS : ECONOMIC AND SOCIAL COMMISSION FOR WESTERN ASIA (ESCWA). COMMITTEE ON ENERGY, ELEVENTH SESSION, CAIRO, 14 - 16 MAY 2017</subfield>
    </datafield>
    <datafield tag="246" ind1=" " ind2=" ">
        <subfield code="a">الطاقة المستدامة في الدول العربية : اهداف التنمية المستدامة المتعلقة بالطاقة : اللجنة الاقتصادية والاجتماعية لغربي آسيا (الاسكوا). لجنة الطاقة، الدورة الحادية عشرة، القاهرة، 14 - 16 أيار/مايو 2017</subfield>
    </datafield>
    <datafield tag="269" ind1=" " ind2=" ">
        <subfield code="a">20170426</subfield>
    </datafield>
    <datafield tag="650" ind1=" " ind2=" ">
        <subfield code="a">SUSTAINABLE DEVELOPMENT</subfield>
        <subfield code="0">(DHLAUTH)269920</subfield>
    </datafield>
    <datafield tag="650" ind1=" " ind2=" ">
        <subfield code="a">SUSTAINABLE ENERGY</subfield>
        <subfield code="0">(DHLAUTH)469656</subfield>
    </datafield>
    <datafield tag="650" ind1=" " ind2=" ">
        <subfield code="a">ARAB COUNTRIES</subfield>
        <subfield code="0">(DHLAUTH)268705</subfield>
    </datafield>
    <datafield tag="650" ind1=" " ind2=" ">
        <subfield code="a">REGIONAL COMMISSIONS</subfield>
        <subfield code="0">(DHLAUTH)269969</subfield>
    </datafield>
    <datafield tag="650" ind1=" " ind2=" ">
        <subfield code="a">SUBSIDIARY BODIES</subfield>
        <subfield code="0">(DHLAUTH)275818</subfield>
    </datafield>
    <datafield tag="650" ind1=" " ind2=" ">
        <subfield code="a">WESTERN ASIA</subfield>
        <subfield code="0">(DHLAUTH)275490</subfield>
    </datafield>
    <datafield tag="650" ind1=" " ind2=" ">
        <subfield code="a">CONFERENCES</subfield>
        <subfield code="0">(DHLAUTH)275758</subfield>
    </datafield>
</record>
<record>
    <datafield tag="191" ind1=" " ind2=" ">
        <subfield code="a">E/ESCWA/SDPD/2017/IG.2/5</subfield>
    </datafield>
    <datafield tag="246" ind1=" " ind2=" ">
        <subfield code="a">التعاون العربي بشأن التعامل مع تغير المناخ : اللجنة الاقتصادية والاجتماعية لغربي آسيا (الاسكوا). لجنة الطاقة، الدورة الحادية عشرة، القاهرة، 14 - 16 أيار/مايو 2017</subfield>
    </datafield>
    <datafield tag="269" ind1=" " ind2=" ">
        <subfield code="a">20170426</subfield>
    </datafield>
    <datafield tag="650" ind1=" " ind2=" ">
        <subfield code="a">CLIMATE CHANGE</subfield>
        <subfield code="0">(DHLAUTH)275343</subfield>
    </datafield>
    <datafield tag="650" ind1=" " ind2=" ">
        <subfield code="a">ARAB COUNTRIES</subfield>
        <subfield code="0">(DHLAUTH)268705</subfield>
    </datafield>
    <datafield tag="650" ind1=" " ind2=" ">
        <subfield code="a">SUSTAINABLE DEVELOPMENT</subfield>
        <subfield code="0">(DHLAUTH)269920</subfield>
    </datafield>
    <datafield tag="650" ind1=" " ind2=" ">
        <subfield code="a">SUBSIDIARY BODIES</subfield>
        <subfield code="0">(DHLAUTH)275818</subfield>
    </datafield>
    <datafield tag="650" ind1=" " ind2=" ">
        <subfield code="a">CONFERENCES</subfield>
        <subfield code="0">(DHLAUTH)275758</subfield>
    </datafield>
</record>
<record>
    <datafield tag="191" ind1=" " ind2=" ">
        <subfield code="a">E/ESCWA/SDPD/2017/IG.2/6</subfield>
    </datafield>
    <datafield tag="245" ind1=" " ind2=" ">
        <subfield code="a">PROPOSED PROGRAMME OF WORK FOR THE BIENNIUM 2018 - 2019 IN THE FIELD OF ENERGY : ECONOMIC AND SOCIAL COMMISSION FOR WESTERN ASIA (ESCWA). COMMITTEE ON ENERGY, ELEVENTH SESSION, CAIRO, 14 - 16 MAY 2017</subfield>
    </datafield>
    <datafield tag="246" ind1=" " ind2=" ">
        <subfield code="a">برنامج العمل المقترح لفترة السنتين 2018 - 2019 في مجال الطاقة : اللجنة الاقتصادية والاجتماعية لغربي آسيا (الاسكوا). لجنة الطاقة، الدورة الحادية عشرة، القاهرة، 14 - 16 أيار/مايو 2017</subfield>
    </datafield>
    <datafield tag="269" ind1=" " ind2=" ">
        <subfield code="a">20170418</subfield>
    </datafield>
    <datafield tag="650" ind1=" " ind2=" ">
        <subfield code="a">ENERGY RESOURCES</subfield>
        <subfield code="0">(DHLAUTH)270561</subfield>
    </datafield>
    <datafield tag="650" ind1=" " ind2=" ">
        <subfield code="a">ENERGY POLICY</subfield>
        <subfield code="0">(DHLAUTH)270574</subfield>
    </datafield>
    <datafield tag="650" ind1=" " ind2=" ">
        <subfield code="a">WORK PROGRAMME</subfield>
        <subfield code="0">(DHLAUTH)275800</subfield>
    </datafield>
    <datafield tag="650" ind1=" " ind2=" ">
        <subfield code="a">REGIONAL COMMISSIONS</subfield>
        <subfield code="0">(DHLAUTH)269969</subfield>
    </datafield>
    <datafield tag="650" ind1=" " ind2=" ">
        <subfield code="a">ARAB COUNTRIES</subfield>
        <subfield code="0">(DHLAUTH)268705</subfield>
    </datafield>
    <datafield tag="650" ind1=" " ind2=" ">
        <subfield code="a">WESTERN ASIA</subfield>
        <subfield code="0">(DHLAUTH)275490</subfield>
    </datafield>
    <datafield tag="650" ind1=" " ind2=" ">
        <subfield code="a">CONFERENCES</subfield>
        <subfield code="0">(DHLAUTH)275758</subfield>
    </datafield>
</record>
<record>
    <datafield tag="191" ind1=" " ind2=" ">
        <subfield code="a">E/ESCWA/SDPD/2017/IG.2/7</subfield>
    </datafield>
    <datafield tag="245" ind1=" " ind2=" ">
        <subfield code="a">ESTABLISHMENT OF A GROUP OF EXPERTS ON FOSSIL FUELS AND CLIMATE CHANGE DRAFT RESOLUTION : ECONOMIC AND SOCIAL COMMISSION FOR WESTERN ASIA (ESCWA). COMMITTEE ON ENERGY, ELEVENTH SESSION, CAIRO, 14 - 16 MAY 2017</subfield>
    </datafield>
    <datafield tag="246" ind1=" " ind2=" ">
        <subfield code="a">تشكيل فريق خبراء في مجال الوقود الاحفوري وتغير المناخ (مشروع قرار) : اللجنة الاقتصادية والاجتماعية لغربي آسيا (الاسكوا). لجنة الطاقة، الدورة الحادية عشرة، القاهرة، 14 - 16 أيار/مايو 2017</subfield>
    </datafield>
    <datafield tag="269" ind1=" " ind2=" ">
        <subfield code="a">20170424</subfield>
    </datafield>
    <datafield tag="650" ind1=" " ind2=" ">
        <subfield code="a">FOSSIL FUELS</subfield>
        <subfield code="0">(DHLAUTH)270578</subfield>
    </datafield>
    <datafield tag="650" ind1=" " ind2=" ">
        <subfield code="a">CLIMATE CHANGE</subfield>
        <subfield code="0">(DHLAUTH)275343</subfield>
    </datafield>
    <datafield tag="650" ind1=" " ind2=" ">
        <subfield code="a">EXPERTS</subfield>
        <subfield code="0">(DHLAUTH)269889</subfield>
    </datafield>
    <datafield tag="650" ind1=" " ind2=" ">
        <subfield code="a">GROUP WORK</subfield>
        <subfield code="0">(DHLAUTH)271813</subfield>
    </datafield>
    <datafield tag="650" ind1=" " ind2=" ">
        <subfield code="a">SUSTAINABLE DEVELOPMENT</subfield>
        <subfield code="0">(DHLAUTH)269920</subfield>
    </datafield>
    <datafield tag="650" ind1=" " ind2=" ">
        <subfield code="a">ARAB COUNTRIES</subfield>
        <subfield code="0">(DHLAUTH)268705</subfield>
    </datafield>
    <datafield tag="650" ind1=" " ind2=" ">
        <subfield code="a">WESTERN ASIA</subfield>
        <subfield code="0">(DHLAUTH)275490</subfield>
    </datafield>
    <datafield tag="650" ind1=" " ind2=" ">
        <subfield code="a">CONFERENCES</subfield>
        <subfield code="0">(DHLAUTH)275758</subfield>
    </datafield>
</record>
<record>
    <datafield tag="191" ind1=" " ind2=" ">
        <subfield code="a">E/ESCWA/SDPD/2017/IG.2/INF.1</subfield>
    </datafield>
    <datafield tag="245" ind1=" " ind2=" ">
        <subfield code="a">INFORMATION NOTE : ECONOMIC AND SOCIAL COMMISSION FOR WESTERN ASIA (ESCWA). COMMITTEE ON ENERGY, ELEVENTH SESSION, CAIRO, 14 - 16 MAY 2017</subfield>
    </datafield>
    <datafield tag="246" ind1=" " ind2=" ">
        <subfield code="a">مذكرة توضيحية : اللجنة الاقتصادية والاجتماعية لغربي آسيا (الاسكوا). لجنة الطاقة، الدورة الحادية عشرة، القاهرة، 14 - 16 أيار/مايو 2017</subfield>
    </datafield>
    <datafield tag="269" ind1=" " ind2=" ">
        <subfield code="a">20170428</subfield>
    </datafield>
    <datafield tag="650" ind1=" " ind2=" ">
        <subfield code="a">ENERGY POLICY</subfield>
        <subfield code="0">(DHLAUTH)270574</subfield>
    </datafield>
    <datafield tag="650" ind1=" " ind2=" ">
        <subfield code="a">SUBSIDIARY BODIES</subfield>
        <subfield code="0">(DHLAUTH)275818</subfield>
    </datafield>
    <datafield tag="650" ind1=" " ind2=" ">
        <subfield code="a">REGIONAL COMMISSIONS</subfield>
        <subfield code="0">(DHLAUTH)269969</subfield>
    </datafield>
    <datafield tag="650" ind1=" " ind2=" ">
        <subfield code="a">WESTERN ASIA</subfield>
        <subfield code="0">(DHLAUTH)275490</subfield>
    </datafield>
    <datafield tag="650" ind1=" " ind2=" ">
        <subfield code="a">ARAB COUNTRIES</subfield>
        <subfield code="0">(DHLAUTH)268705</subfield>
    </datafield>
    <datafield tag="650" ind1=" " ind2=" ">
        <subfield code="a">CONFERENCES</subfield>
        <subfield code="0">(DHLAUTH)275758</subfield>
    </datafield>
</record>
<record>
    <datafield tag="191" ind1=" " ind2=" ">
        <subfield code="a">E/ESCWA/SDPD/2017/IG.2/INF.2</subfield>
    </datafield>
    <datafield tag="245" ind1=" " ind2=" ">
        <subfield code="a">LIST OF DOCUMENTS : ECONOMIC AND SOCIAL COMMISSION FOR WESTERN ASIA (ESCWA). COMMITTEE ON ENERGY, ELEVENTH SESSION, CAIRO, 14 - 16 MAY 2017</subfield>
    </datafield>
    <datafield tag="246" ind1=" " ind2=" ">
        <subfield code="a">قائمة بالوثائق : اللجنة الاقتصادية والاجتماعية لغربي آسيا (الاسكوا). لجنة الطاقة، الدورة الحادية عشرة، القاهرة، 14 - 16 أيار/مايو 2017</subfield>
    </datafield>
    <datafield tag="269" ind1=" " ind2=" ">
        <subfield code="a">20170417</subfield>
    </datafield>
    <datafield tag="650" ind1=" " ind2=" ">
        <subfield code="a">ENERGY POLICY</subfield>
        <subfield code="0">(DHLAUTH)270574</subfield>
    </datafield>
    <datafield tag="650" ind1=" " ind2=" ">
        <subfield code="a">REGIONAL COMMISSIONS</subfield>
        <subfield code="0">(DHLAUTH)269969</subfield>
    </datafield>
    <datafield tag="650" ind1=" " ind2=" ">
        <subfield code="a">SUBSIDIARY BODIES</subfield>
        <subfield code="0">(DHLAUTH)275818</subfield>
    </datafield>
    <datafield tag="650" ind1=" " ind2=" ">
        <subfield code="a">CONFERENCES</subfield>
        <subfield code="0">(DHLAUTH)275758</subfield>
    </datafield>
    <datafield tag="650" ind1=" " ind2=" ">
        <subfield code="a">WESTERN ASIA</subfield>
        <subfield code="0">(DHLAUTH)275490</subfield>
    </datafield>
    <datafield tag="650" ind1=" " ind2=" ">
        <subfield code="a">DOCUMENTS</subfield>
        <subfield code="0">(DHLAUTH)270014</subfield>
    </datafield>
</record>
<record>
    <datafield tag="191" ind1=" " ind2=" ">
        <subfield code="a">E/ESCWA/SDPD/2017/IG.2/L.1</subfield>
    </datafield>
    <datafield tag="245" ind1=" " ind2=" ">
        <subfield code="a">PROVISIONAL AGENDA AND ANNOTATIONS : ECONOMIC AND SOCIAL COMMISSION FOR WESTERN ASIA (ESCWA). COMMITTEE ON ENERGY, ELEVENTH SESSION, CAIRO, 14 - 16 MAY 2017</subfield>
    </datafield>
    <datafield tag="246" ind1=" " ind2=" ">
        <subfield code="a">جدول الاعمال المؤقت والشروح : اللجنة الاقتصادية والاجتماعية لغربي آسيا (الاسكوا). لجنة الطاقة، الدورة الحادية عشرة، القاهرة، 14 - 16 أيار/مايو 2017</subfield>
    </datafield>
    <datafield tag="269" ind1=" " ind2=" ">
        <subfield code="a">20170427</subfield>
    </datafield>
    <datafield tag="650" ind1=" " ind2=" ">
        <subfield code="a">ENERGY POLICY</subfield>
        <subfield code="0">(DHLAUTH)270574</subfield>
    </datafield>
    <datafield tag="650" ind1=" " ind2=" ">
        <subfield code="a">REGIONAL COMMISSIONS</subfield>
        <subfield code="0">(DHLAUTH)269969</subfield>
    </datafield>
    <datafield tag="650" ind1=" " ind2=" ">
        <subfield code="a">SUBSIDIARY BODIES</subfield>
        <subfield code="0">(DHLAUTH)275818</subfield>
    </datafield>
    <datafield tag="650" ind1=" " ind2=" ">
        <subfield code="a">AGENDA</subfield>
        <subfield code="0">(DHLAUTH)275133</subfield>
    </datafield>
    <datafield tag="650" ind1=" " ind2=" ">
        <subfield code="a">CONFERENCES</subfield>
        <subfield code="0">(DHLAUTH)275758</subfield>
    </datafield>
    <datafield tag="650" ind1=" " ind2=" ">
        <subfield code="a">WESTERN ASIA</subfield>
        <subfield code="0">(DHLAUTH)275490</subfield>
    </datafield>
    <datafield tag="650" ind1=" " ind2=" ">
        <subfield code="a">ARAB COUNTRIES</subfield>
        <subfield code="0">(DHLAUTH)268705</subfield>
    </datafield>
</record>
<record>
    <datafield tag="191" ind1=" " ind2=" ">
        <subfield code="a">E/ESCWA/SDPD/2017/IG.2/L.2</subfield>
    </datafield>
    <datafield tag="245" ind1=" " ind2=" ">
        <subfield code="a">ORGANIZATION OF WORK : NOTE BY THE SECRETARIAT : ECONOMIC AND SOCIAL COMMISSION FOR WESTERN ASIA (ESCWA). COMMITTEE ON ENERGY, ELEVENTH SESSION, CAIRO, 14 - 16 MAY 2017</subfield>
    </datafield>
    <datafield tag="246" ind1=" " ind2=" ">
        <subfield code="a">تنظيم الاعمال : مذكرة من الامانة التنفيذية : اللجنة الاقتصادية والاجتماعية لغربي آسيا (الاسكوا). لجنة الطاقة، الدورة الحادية عشرة، القاهرة، 14 - 16 أيار/مايو 2017</subfield>
    </datafield>
    <datafield tag="269" ind1=" " ind2=" ">
        <subfield code="a">20170427</subfield>
    </datafield>
    <datafield tag="650" ind1=" " ind2=" ">
        <subfield code="a">ENERGY POLICY</subfield>
        <subfield code="0">(DHLAUTH)270574</subfield>
    </datafield>
    <datafield tag="650" ind1=" " ind2=" ">
        <subfield code="a">WORK ORGANIZATION</subfield>
        <subfield code="0">(DHLAUTH)275746</subfield>
    </datafield>
    <datafield tag="650" ind1=" " ind2=" ">
        <subfield code="a">SUBSIDIARY BODIES</subfield>
        <subfield code="0">(DHLAUTH)275818</subfield>
    </datafield>
    <datafield tag="650" ind1=" " ind2=" ">
        <subfield code="a">CONFERENCES</subfield>
        <subfield code="0">(DHLAUTH)275758</subfield>
    </datafield>
</record>
<record>
    <datafield tag="191" ind1=" " ind2=" ">
        <subfield code="a">E/ESCWA/SDP/85/14</subfield>
    </datafield>
    <datafield tag="246" ind1=" " ind2=" ">
        <subfield code="a">الهجرة الدولية في الوطن العربي</subfield>
    </datafield>
    <datafield tag="269" ind1=" " ind2=" ">
        <subfield code="a">19851201</subfield>
    </datafield>
    <datafield tag="650" ind1=" " ind2=" ">
        <subfield code="a">INTERNATIONAL MIGRATION</subfield>
        <subfield code="0">(DHLAUTH)273006</subfield>
    </datafield>
    <datafield tag="650" ind1=" " ind2=" ">
        <subfield code="a">ARAB COUNTRIES</subfield>
        <subfield code="0">(DHLAUTH)268705</subfield>
    </datafield>
    <datafield tag="650" ind1=" " ind2=" ">
        <subfield code="a">RETURN MIGRATION</subfield>
        <subfield code="0">(DHLAUTH)273078</subfield>
    </datafield>
</record>
<record>
    <datafield tag="191" ind1=" " ind2=" ">
        <subfield code="a">E/ESCWA/SDP/85/15</subfield>
    </datafield>
    <datafield tag="246" ind1=" " ind2=" ">
        <subfield code="a">تقرير عن المهمة الاستشارية لدولة البحرين في الفترة من 4/8 الى 24/8/1985</subfield>
    </datafield>
    <datafield tag="269" ind1=" " ind2=" ">
        <subfield code="a">19850918</subfield>
    </datafield>
    <datafield tag="650" ind1=" " ind2=" ">
        <subfield code="a">ADVISORY SERVICES</subfield>
        <subfield code="0">(DHLAUTH)269860</subfield>
    </datafield>
    <datafield tag="650" ind1=" " ind2=" ">
        <subfield code="a">MANPOWER</subfield>
        <subfield code="0">(DHLAUTH)273105</subfield>
    </datafield>
    <datafield tag="650" ind1=" " ind2=" ">
        <subfield code="a">SEX DISTRIBUTION</subfield>
        <subfield code="0">(DHLAUTH)272940</subfield>
    </datafield>
    <datafield tag="650" ind1=" " ind2=" ">
        <subfield code="a">AGE DISTRIBUTION</subfield>
        <subfield code="0">(DHLAUTH)269146</subfield>
    </datafield>
    <datafield tag="650" ind1=" " ind2=" ">
        <subfield code="a">STATISTICAL DATA</subfield>
        <subfield code="0">(DHLAUTH)270233</subfield>
    </datafield>
    <datafield tag="650" ind1=" " ind2=" ">
        <subfield code="a">BAHRAIN</subfield>
        <subfield code="0">(DHLAUTH)273274</subfield>
    </datafield>
    <datafield tag="650" ind1=" " ind2=" ">
        <subfield code="a">NON-CITIZENS</subfield>
        <subfield code="0">(DHLAUTH)269153</subfield>
    </datafield>
    <datafield tag="650" ind1=" " ind2=" ">
        <subfield code="a">POPULATION PROJECTIONS</subfield>
        <subfield code="0">(DHLAUTH)272997</subfield>
    </datafield>
    <datafield tag="650" ind1=" " ind2=" ">
        <subfield code="a">WORK PROGRAMME</subfield>
        <subfield code="0">(DHLAUTH)275800</subfield>
    </datafield>
</record>
<record>
    <datafield tag="191" ind1=" " ind2=" ">
        <subfield code="a">E/ESCWA/SDP/85/18</subfield>
    </datafield>
    <datafield tag="246" ind1=" " ind2=" ">
        <subfield code="a">القوى العاملة المواطنة في مجلس التعاون لدول الخليج العربي</subfield>
    </datafield>
    <datafield tag="269" ind1=" " ind2=" ">
        <subfield code="a">19851115</subfield>
    </datafield>
    <datafield tag="650" ind1=" " ind2=" ">
        <subfield code="a">SOCIAL DEVELOPMENT</subfield>
        <subfield code="0">(DHLAUTH)269873</subfield>
    </datafield>
    <datafield tag="650" ind1=" " ind2=" ">
        <subfield code="a">POPULATION GROWTH</subfield>
        <subfield code="0">(DHLAUTH)272944</subfield>
    </datafield>
    <datafield tag="650" ind1=" " ind2=" ">
        <subfield code="a">MANPOWER</subfield>
        <subfield code="0">(DHLAUTH)273105</subfield>
    </datafield>
    <datafield tag="650" ind1=" " ind2=" ">
        <subfield code="a">EDUCATION</subfield>
        <subfield code="0">(DHLAUTH)268926</subfield>
    </datafield>
    <datafield tag="650" ind1=" " ind2=" ">
        <subfield code="a">STATISTICAL DATA</subfield>
        <subfield code="0">(DHLAUTH)270233</subfield>
    </datafield>
    <datafield tag="650" ind1=" " ind2=" ">
        <subfield code="a">ECONOMIC DEVELOPMENT</subfield>
        <subfield code="0">(DHLAUTH)269755</subfield>
    </datafield>
    <datafield tag="650" ind1=" " ind2=" ">
        <subfield code="a">WESTERN ASIA</subfield>
        <subfield code="0">(DHLAUTH)275490</subfield>
    </datafield>
</record>
<record>
    <datafield tag="191" ind1=" " ind2=" ">
        <subfield code="a">E/ESCWA/SDP/85/20</subfield>
    </datafield>
    <datafield tag="246" ind1=" " ind2=" ">
        <subfield code="a">تقييم بيانات العمر والنوع في التعدادات السكانية لدول منطقة الاسكوا 1985-1960</subfield>
    </datafield>
    <datafield tag="269" ind1=" " ind2=" ">
        <subfield code="a">19851201</subfield>
    </datafield>
    <datafield tag="650" ind1=" " ind2=" ">
        <subfield code="a">AGE-SEX DISTRIBUTION</subfield>
        <subfield code="0">(DHLAUTH)272935</subfield>
    </datafield>
    <datafield tag="650" ind1=" " ind2=" ">
        <subfield code="a">DATA ANALYSIS</subfield>
        <subfield code="0">(DHLAUTH)275260</subfield>
    </datafield>
    <datafield tag="650" ind1=" " ind2=" ">
        <subfield code="a">WESTERN ASIA</subfield>
        <subfield code="0">(DHLAUTH)275490</subfield>
    </datafield>
    <datafield tag="650" ind1=" " ind2=" ">
        <subfield code="a">DEMOGRAPHIC ANALYSIS</subfield>
        <subfield code="0">(DHLAUTH)272979</subfield>
    </datafield>
    <datafield tag="650" ind1=" " ind2=" ">
        <subfield code="a">POPULATION CENSUSES</subfield>
        <subfield code="0">(DHLAUTH)270178</subfield>
    </datafield>
</record>
<record>
    <datafield tag="191" ind1=" " ind2=" ">
        <subfield code="a">E/ESCWA/SDP/85/7</subfield>
    </datafield>
    <datafield tag="245" ind1=" " ind2=" ">
        <subfield code="a">FORWARD-LOOKING STRATEGIES OF IMPLEMENTATION FOR THE ADVANCEMENT OF WOMEN AND CONCRETE MEASURES TO OVERCOME OBSTACLES TO THE ACHIEVEMENT OF THE GOALS AND OBJECTIVES OF THE UNITED NATIONS DECADE FOR WOMEN</subfield>
    </datafield>
    <datafield tag="269" ind1=" " ind2=" ">
        <subfield code="a">19850610</subfield>
    </datafield>
    <datafield tag="650" ind1=" " ind2=" ">
        <subfield code="a">WOMEN</subfield>
        <subfield code="0">(DHLAUTH)273032</subfield>
    </datafield>
    <datafield tag="650" ind1=" " ind2=" ">
        <subfield code="a">WOMEN'S ADVANCEMENT</subfield>
        <subfield code="0">(DHLAUTH)273158</subfield>
    </datafield>
    <datafield tag="650" ind1=" " ind2=" ">
        <subfield code="a">WESTERN ASIA</subfield>
        <subfield code="0">(DHLAUTH)275490</subfield>
    </datafield>
    <datafield tag="650" ind1=" " ind2=" ">
        <subfield code="a">POPULAR PARTICIPATION</subfield>
        <subfield code="0">(DHLAUTH)268478</subfield>
    </datafield>
    <datafield tag="650" ind1=" " ind2=" ">
        <subfield code="a">WOMEN IN DEVELOPMENT</subfield>
        <subfield code="0">(DHLAUTH)269878</subfield>
    </datafield>
    <datafield tag="650" ind1=" " ind2=" ">
        <subfield code="a">WOMEN'S STATUS</subfield>
        <subfield code="0">(DHLAUTH)269378</subfield>
    </datafield>
    <datafield tag="650" ind1=" " ind2=" ">
        <subfield code="a">INFORMATION DISSEMINATION</subfield>
        <subfield code="0">(DHLAUTH)275051</subfield>
    </datafield>
    <datafield tag="650" ind1=" " ind2=" ">
        <subfield code="a">PEACE</subfield>
        <subfield code="0">(DHLAUTH)268448</subfield>
    </datafield>
    <datafield tag="650" ind1=" " ind2=" ">
        <subfield code="a">WOMEN'S RIGHTS</subfield>
        <subfield code="0">(DHLAUTH)273161</subfield>
    </datafield>
    <datafield tag="650" ind1=" " ind2=" ">
        <subfield code="a">INTERNATIONAL COOPERATION</subfield>
        <subfield code="0">(DHLAUTH)268622</subfield>
    </datafield>
    <datafield tag="650" ind1=" " ind2=" ">
        <subfield code="a">AGEING WOMEN</subfield>
        <subfield code="0">(DHLAUTH)273145</subfield>
    </datafield>
    <datafield tag="650" ind1=" " ind2=" ">
        <subfield code="a">WOMEN WITH DISABILITIES</subfield>
        <subfield code="0">(DHLAUTH)273148</subfield>
    </datafield>
    <datafield tag="650" ind1=" " ind2=" ">
        <subfield code="a">WOMEN REFUGEES</subfield>
        <subfield code="0">(DHLAUTH)273151</subfield>
    </datafield>
    <datafield tag="650" ind1=" " ind2=" ">
        <subfield code="a">CHILDREN</subfield>
        <subfield code="0">(DHLAUTH)269400</subfield>
    </datafield>
    <datafield tag="650" ind1=" " ind2=" ">
        <subfield code="a">PROSTITUTION</subfield>
        <subfield code="0">(DHLAUTH)273893</subfield>
    </datafield>
</record>
<record>
    <datafield tag="191" ind1=" " ind2=" ">
        <subfield code="a">E/ESCWA/SDP/86/2</subfield>
    </datafield>
    <datafield tag="246" ind1=" " ind2=" ">
        <subfield code="a">اسقاطات السكان والقوى العاملة حسب العمر والنوع للجمهورية العربية السورية</subfield>
    </datafield>
    <datafield tag="269" ind1=" " ind2=" ">
        <subfield code="a">19861026</subfield>
    </datafield>
    <datafield tag="650" ind1=" " ind2=" ">
        <subfield code="a">WESTERN ASIA</subfield>
        <subfield code="0">(DHLAUTH)275490</subfield>
    </datafield>
    <datafield tag="650" ind1=" " ind2=" ">
        <subfield code="a">STATISTICAL DATA</subfield>
        <subfield code="0">(DHLAUTH)270233</subfield>
    </datafield>
    <datafield tag="650" ind1=" " ind2=" ">
        <subfield code="a">SEX DISTRIBUTION</subfield>
        <subfield code="0">(DHLAUTH)272940</subfield>
    </datafield>
    <datafield tag="650" ind1=" " ind2=" ">
        <subfield code="a">AGE DISTRIBUTION</subfield>
        <subfield code="0">(DHLAUTH)269146</subfield>
    </datafield>
    <datafield tag="650" ind1=" " ind2=" ">
        <subfield code="a">POPULATION PROJECTIONS</subfield>
        <subfield code="0">(DHLAUTH)272997</subfield>
    </datafield>
    <datafield tag="650" ind1=" " ind2=" ">
        <subfield code="a">ADVISORY SERVICES</subfield>
        <subfield code="0">(DHLAUTH)269860</subfield>
    </datafield>
    <datafield tag="650" ind1=" " ind2=" ">
        <subfield code="a">FERTILITY</subfield>
        <subfield code="0">(DHLAUTH)273021</subfield>
    </datafield>
    <datafield tag="650" ind1=" " ind2=" ">
        <subfield code="a">LIFE EXPECTANCY</subfield>
        <subfield code="0">(DHLAUTH)272471</subfield>
    </datafield>
</record>
<record>
    <datafield tag="191" ind1=" " ind2=" ">
        <subfield code="a">E/ESCWA/NR/87/13</subfield>
    </datafield>
    <datafield tag="191" ind1=" " ind2=" ">
        <subfield code="a">E/ESCWA/SDP/87/10</subfield>
    </datafield>
    <datafield tag="245" ind1=" " ind2=" ">
        <subfield code="a">INTRODUCTION OF BIOGAS TECHNOLOGY TO RURAL AND REMOTE AREAS OF THE PEOPLES DEMOCRATIC REPUBLIC OF YEMEN PROJECT RAB/86/005</subfield>
    </datafield>
    <datafield tag="269" ind1=" " ind2=" ">
        <subfield code="a">19871111</subfield>
    </datafield>
    <datafield tag="650" ind1=" " ind2=" ">
        <subfield code="a">WESTERN ASIA</subfield>
        <subfield code="0">(DHLAUTH)275490</subfield>
    </datafield>
    <datafield tag="650" ind1=" " ind2=" ">
        <subfield code="a">BIOGAS</subfield>
        <subfield code="0">(DHLAUTH)271164</subfield>
    </datafield>
    <datafield tag="650" ind1=" " ind2=" ">
        <subfield code="a">ENERGY TECHNOLOGY</subfield>
        <subfield code="0">(DHLAUTH)271206</subfield>
    </datafield>
    <datafield tag="650" ind1=" " ind2=" ">
        <subfield code="a">YEMEN</subfield>
        <subfield code="0">(DHLAUTH)273521</subfield>
    </datafield>
    <datafield tag="650" ind1=" " ind2=" ">
        <subfield code="a">RECYCLING</subfield>
        <subfield code="0">(DHLAUTH)270592</subfield>
    </datafield>
    <datafield tag="650" ind1=" " ind2=" ">
        <subfield code="a">WASTE MANAGEMENT</subfield>
        <subfield code="0">(DHLAUTH)272254</subfield>
    </datafield>
    <datafield tag="650" ind1=" " ind2=" ">
        <subfield code="a">RURAL AREAS</subfield>
        <subfield code="0">(DHLAUTH)269978</subfield>
    </datafield>
    <datafield tag="650" ind1=" " ind2=" ">
        <subfield code="a">QUESTIONNAIRES</subfield>
        <subfield code="0">(DHLAUTH)272018</subfield>
    </datafield>
</record>
<record>
    <datafield tag="191" ind1=" " ind2=" ">
        <subfield code="a">E/ESCWA/SDP/87/11</subfield>
    </datafield>
    <datafield tag="246" ind1=" " ind2=" ">
        <subfield code="a">واقع وآفاق التدريب المهني في الجمهورية اللبنانية</subfield>
    </datafield>
    <datafield tag="269" ind1=" " ind2=" ">
        <subfield code="a">19871220</subfield>
    </datafield>
    <datafield tag="650" ind1=" " ind2=" ">
        <subfield code="a">VOCATIONAL TRAINING</subfield>
        <subfield code="0">(DHLAUTH)271390</subfield>
    </datafield>
    <datafield tag="650" ind1=" " ind2=" ">
        <subfield code="a">VOCATIONAL EDUCATION</subfield>
        <subfield code="0">(DHLAUTH)271333</subfield>
    </datafield>
    <datafield tag="650" ind1=" " ind2=" ">
        <subfield code="a">MANPOWER</subfield>
        <subfield code="0">(DHLAUTH)273105</subfield>
    </datafield>
    <datafield tag="650" ind1=" " ind2=" ">
        <subfield code="a">SURVEYS</subfield>
        <subfield code="0">(DHLAUTH)269793</subfield>
    </datafield>
    <datafield tag="650" ind1=" " ind2=" ">
        <subfield code="a">LEBANON</subfield>
        <subfield code="0">(DHLAUTH)269069</subfield>
    </datafield>
    <datafield tag="650" ind1=" " ind2=" ">
        <subfield code="a">QUESTIONNAIRES</subfield>
        <subfield code="0">(DHLAUTH)272018</subfield>
    </datafield>
    <datafield tag="650" ind1=" " ind2=" ">
        <subfield code="a">TECHNICAL EDUCATION</subfield>
        <subfield code="0">(DHLAUTH)271975</subfield>
    </datafield>
</record>
<record>
    <datafield tag="191" ind1=" " ind2=" ">
        <subfield code="a">E/ESCWA/SDP/87/12</subfield>
    </datafield>
    <datafield tag="246" ind1=" " ind2=" ">
        <subfield code="a">ندوة الخبراء حول المرأة العربية والتغيرات الاجتماعية والثقافية القاهرة 13-15 كانون الثاني /يناير 1987</subfield>
    </datafield>
    <datafield tag="269" ind1=" " ind2=" ">
        <subfield code="a">19880301</subfield>
    </datafield>
    <datafield tag="650" ind1=" " ind2=" ">
        <subfield code="a">WESTERN ASIA</subfield>
        <subfield code="0">(DHLAUTH)275490</subfield>
    </datafield>
    <datafield tag="650" ind1=" " ind2=" ">
        <subfield code="a">CONFERENCES</subfield>
        <subfield code="0">(DHLAUTH)275758</subfield>
    </datafield>
    <datafield tag="650" ind1=" " ind2=" ">
        <subfield code="a">WOMEN</subfield>
        <subfield code="0">(DHLAUTH)273032</subfield>
    </datafield>
    <datafield tag="650" ind1=" " ind2=" ">
        <subfield code="a">SOCIAL CHANGE</subfield>
        <subfield code="0">(DHLAUTH)268519</subfield>
    </datafield>
    <datafield tag="650" ind1=" " ind2=" ">
        <subfield code="a">ISLAM</subfield>
        <subfield code="0">(DHLAUTH)268706</subfield>
    </datafield>
    <datafield tag="650" ind1=" " ind2=" ">
        <subfield code="a">WOMEN IN POLITICS</subfield>
        <subfield code="0">(DHLAUTH)268479</subfield>
    </datafield>
    <datafield tag="650" ind1=" " ind2=" ">
        <subfield code="a">WOMEN'S RIGHTS</subfield>
        <subfield code="0">(DHLAUTH)273161</subfield>
    </datafield>
    <datafield tag="650" ind1=" " ind2=" ">
        <subfield code="a">WOMEN'S STATUS</subfield>
        <subfield code="0">(DHLAUTH)269378</subfield>
    </datafield>
</record>
<record>
    <datafield tag="191" ind1=" " ind2=" ">
        <subfield code="a">E/ESCWA/SDP/87/13</subfield>
    </datafield>
    <datafield tag="246" ind1=" " ind2=" ">
        <subfield code="a">تخطيط القوى العاملة في خطط التنمية المعتمدة في بلدان اللجنة</subfield>
    </datafield>
    <datafield tag="269" ind1=" " ind2=" ">
        <subfield code="a">19871201</subfield>
    </datafield>
    <datafield tag="650" ind1=" " ind2=" ">
        <subfield code="a">MANPOWER</subfield>
        <subfield code="0">(DHLAUTH)273105</subfield>
    </datafield>
    <datafield tag="650" ind1=" " ind2=" ">
        <subfield code="a">MANPOWER DEVELOPMENT</subfield>
        <subfield code="0">(DHLAUTH)274163</subfield>
    </datafield>
    <datafield tag="650" ind1=" " ind2=" ">
        <subfield code="a">DEVELOPMENT PLANNING</subfield>
        <subfield code="0">(DHLAUTH)269883</subfield>
    </datafield>
    <datafield tag="650" ind1=" " ind2=" ">
        <subfield code="a">DEVELOPMENT PLANS</subfield>
        <subfield code="0">(DHLAUTH)269892</subfield>
    </datafield>
    <datafield tag="650" ind1=" " ind2=" ">
        <subfield code="a">TECHNICAL EDUCATION</subfield>
        <subfield code="0">(DHLAUTH)271975</subfield>
    </datafield>
    <datafield tag="650" ind1=" " ind2=" ">
        <subfield code="a">SAUDI ARABIA</subfield>
        <subfield code="0">(DHLAUTH)273464</subfield>
    </datafield>
    <datafield tag="650" ind1=" " ind2=" ">
        <subfield code="a">SYRIAN ARAB REPUBLIC</subfield>
        <subfield code="0">(DHLAUTH)273496</subfield>
    </datafield>
    <datafield tag="650" ind1=" " ind2=" ">
        <subfield code="a">ECONOMIC DEVELOPMENT</subfield>
        <subfield code="0">(DHLAUTH)269755</subfield>
    </datafield>
    <datafield tag="650" ind1=" " ind2=" ">
        <subfield code="a">JORDAN</subfield>
        <subfield code="0">(DHLAUTH)269099</subfield>
    </datafield>
    <datafield tag="650" ind1=" " ind2=" ">
        <subfield code="a">KUWAIT</subfield>
        <subfield code="0">(DHLAUTH)273384</subfield>
    </datafield>
    <datafield tag="650" ind1=" " ind2=" ">
        <subfield code="a">YEMEN</subfield>
        <subfield code="0">(DHLAUTH)273521</subfield>
    </datafield>
    <datafield tag="650" ind1=" " ind2=" ">
        <subfield code="a">EGYPT</subfield>
        <subfield code="0">(DHLAUTH)273328</subfield>
    </datafield>
    <datafield tag="650" ind1=" " ind2=" ">
        <subfield code="a">WESTERN ASIA</subfield>
        <subfield code="0">(DHLAUTH)275490</subfield>
    </datafield>
    <datafield tag="650" ind1=" " ind2=" ">
        <subfield code="a">EVALUATION</subfield>
        <subfield code="0">(DHLAUTH)269588</subfield>
    </datafield>
</record>
<record>
    <datafield tag="191" ind1=" " ind2=" ">
        <subfield code="a">E/ESCWA/SDP/87/13/ADD.1</subfield>
    </datafield>
    <datafield tag="246" ind1=" " ind2=" ">
        <subfield code="a">تخطيط القوى العاملة في قطاع البتروكيماويات تجربتا مصر العربية والجمهورية العربية السورية</subfield>
    </datafield>
    <datafield tag="269" ind1=" " ind2=" ">
        <subfield code="a">19871221</subfield>
    </datafield>
    <datafield tag="650" ind1=" " ind2=" ">
        <subfield code="a">MANPOWER</subfield>
        <subfield code="0">(DHLAUTH)273105</subfield>
    </datafield>
    <datafield tag="650" ind1=" " ind2=" ">
        <subfield code="a">MANPOWER PLANNING</subfield>
        <subfield code="0">(DHLAUTH)269926</subfield>
    </datafield>
    <datafield tag="650" ind1=" " ind2=" ">
        <subfield code="a">PETROCHEMICAL INDUSTRY</subfield>
        <subfield code="0">(DHLAUTH)271276</subfield>
    </datafield>
    <datafield tag="650" ind1=" " ind2=" ">
        <subfield code="a">ECONOMIC DEVELOPMENT</subfield>
        <subfield code="0">(DHLAUTH)269755</subfield>
    </datafield>
    <datafield tag="650" ind1=" " ind2=" ">
        <subfield code="a">SUPPLY AND DEMAND</subfield>
        <subfield code="0">(DHLAUTH)269584</subfield>
    </datafield>
    <datafield tag="650" ind1=" " ind2=" ">
        <subfield code="a">SKILLED WORKERS</subfield>
        <subfield code="0">(DHLAUTH)271980</subfield>
    </datafield>
    <datafield tag="650" ind1=" " ind2=" ">
        <subfield code="a">COLLEGE GRADUATES</subfield>
        <subfield code="0">(DHLAUTH)274098</subfield>
    </datafield>
    <datafield tag="650" ind1=" " ind2=" ">
        <subfield code="a">VOCATIONAL EDUCATION</subfield>
        <subfield code="0">(DHLAUTH)271333</subfield>
    </datafield>
    <datafield tag="650" ind1=" " ind2=" ">
        <subfield code="a">ENGINEERS</subfield>
        <subfield code="0">(DHLAUTH)274312</subfield>
    </datafield>
    <datafield tag="650" ind1=" " ind2=" ">
        <subfield code="a">EVALUATION</subfield>
        <subfield code="0">(DHLAUTH)269588</subfield>
    </datafield>
    <datafield tag="650" ind1=" " ind2=" ">
        <subfield code="a">WESTERN ASIA</subfield>
        <subfield code="0">(DHLAUTH)275490</subfield>
    </datafield>
    <datafield tag="650" ind1=" " ind2=" ">
        <subfield code="a">SYRIAN ARAB REPUBLIC</subfield>
        <subfield code="0">(DHLAUTH)273496</subfield>
    </datafield>
    <datafield tag="650" ind1=" " ind2=" ">
        <subfield code="a">EGYPT</subfield>
        <subfield code="0">(DHLAUTH)273328</subfield>
    </datafield>
</record>
<record>
    <datafield tag="191" ind1=" " ind2=" ">
        <subfield code="a">E/ESCWA/SDP/87/14</subfield>
    </datafield>
    <datafield tag="246" ind1=" " ind2=" ">
        <subfield code="a">واقع وآفاق التدريب المهني في الجمهورية العربية السورية</subfield>
    </datafield>
    <datafield tag="269" ind1=" " ind2=" ">
        <subfield code="a">19871220</subfield>
    </datafield>
    <datafield tag="650" ind1=" " ind2=" ">
        <subfield code="a">TRAINING AND RESEARCH INSTITUTIONS</subfield>
        <subfield code="0">(DHLAUTH)274044</subfield>
    </datafield>
    <datafield tag="650" ind1=" " ind2=" ">
        <subfield code="a">SYRIAN ARAB REPUBLIC</subfield>
        <subfield code="0">(DHLAUTH)273496</subfield>
    </datafield>
    <datafield tag="650" ind1=" " ind2=" ">
        <subfield code="a">MANPOWER</subfield>
        <subfield code="0">(DHLAUTH)273105</subfield>
    </datafield>
    <datafield tag="650" ind1=" " ind2=" ">
        <subfield code="a">TECHNICAL EDUCATION</subfield>
        <subfield code="0">(DHLAUTH)271975</subfield>
    </datafield>
    <datafield tag="650" ind1=" " ind2=" ">
        <subfield code="a">VOCATIONAL EDUCATION</subfield>
        <subfield code="0">(DHLAUTH)271333</subfield>
    </datafield>
    <datafield tag="650" ind1=" " ind2=" ">
        <subfield code="a">SURVEYS</subfield>
        <subfield code="0">(DHLAUTH)269793</subfield>
    </datafield>
    <datafield tag="650" ind1=" " ind2=" ">
        <subfield code="a">QUESTIONNAIRES</subfield>
        <subfield code="0">(DHLAUTH)272018</subfield>
    </datafield>
    <datafield tag="650" ind1=" " ind2=" ">
        <subfield code="a">VOCATIONAL TRAINING</subfield>
        <subfield code="0">(DHLAUTH)271390</subfield>
    </datafield>
</record>
<record>
    <datafield tag="191" ind1=" " ind2=" ">
        <subfield code="a">E/ESCWA/SDP/87/20</subfield>
    </datafield>
    <datafield tag="246" ind1=" " ind2=" ">
        <subfield code="a">تقرير الى اللجنة عن التدريب في مجال الدراسات السكانية بمنطقة غربي آسيا</subfield>
    </datafield>
    <datafield tag="269" ind1=" " ind2=" ">
        <subfield code="a">19880130</subfield>
    </datafield>
    <datafield tag="650" ind1=" " ind2=" ">
        <subfield code="a">TRAINING PROGRAMMES</subfield>
        <subfield code="0">(DHLAUTH)274026</subfield>
    </datafield>
    <datafield tag="650" ind1=" " ind2=" ">
        <subfield code="a">CONFERENCES</subfield>
        <subfield code="0">(DHLAUTH)275758</subfield>
    </datafield>
    <datafield tag="650" ind1=" " ind2=" ">
        <subfield code="a">POPULATION</subfield>
        <subfield code="0">(DHLAUTH)272994</subfield>
    </datafield>
    <datafield tag="650" ind1=" " ind2=" ">
        <subfield code="a">TECHNICAL COOPERATION</subfield>
        <subfield code="0">(DHLAUTH)268658</subfield>
    </datafield>
</record>
<record>
    <datafield tag="191" ind1=" " ind2=" ">
        <subfield code="a">E/ESCWA/SDP/87/21/REV.1</subfield>
    </datafield>
    <datafield tag="246" ind1=" " ind2=" ">
        <subfield code="a">تقرير الى اللجنة عن دعم مشاريع المساعدة الفنية الرامية الى النهوض بالمرأة</subfield>
    </datafield>
    <datafield tag="269" ind1=" " ind2=" ">
        <subfield code="a">19880201</subfield>
    </datafield>
    <datafield tag="650" ind1=" " ind2=" ">
        <subfield code="a">WESTERN ASIA</subfield>
        <subfield code="0">(DHLAUTH)275490</subfield>
    </datafield>
    <datafield tag="650" ind1=" " ind2=" ">
        <subfield code="a">WOMEN'S ADVANCEMENT</subfield>
        <subfield code="0">(DHLAUTH)273158</subfield>
    </datafield>
</record>
<record>
    <datafield tag="191" ind1=" " ind2=" ">
        <subfield code="a">E/ESCWA/SDP/87/3</subfield>
    </datafield>
    <datafield tag="246" ind1=" " ind2=" ">
        <subfield code="a">الاعداد المهني في الضفة الغربية وقطاع غزة</subfield>
    </datafield>
    <datafield tag="269" ind1=" " ind2=" ">
        <subfield code="a">19870501</subfield>
    </datafield>
    <datafield tag="650" ind1=" " ind2=" ">
        <subfield code="a">MANPOWER</subfield>
        <subfield code="0">(DHLAUTH)273105</subfield>
    </datafield>
    <datafield tag="650" ind1=" " ind2=" ">
        <subfield code="a">VOCATIONAL TRAINING</subfield>
        <subfield code="0">(DHLAUTH)271390</subfield>
    </datafield>
    <datafield tag="650" ind1=" " ind2=" ">
        <subfield code="a">VOCATIONAL EDUCATION</subfield>
        <subfield code="0">(DHLAUTH)271333</subfield>
    </datafield>
    <datafield tag="650" ind1=" " ind2=" ">
        <subfield code="a">QUESTIONNAIRES</subfield>
        <subfield code="0">(DHLAUTH)272018</subfield>
    </datafield>
    <datafield tag="650" ind1=" " ind2=" ">
        <subfield code="a">SURVEYS</subfield>
        <subfield code="0">(DHLAUTH)269793</subfield>
    </datafield>
    <datafield tag="650" ind1=" " ind2=" ">
        <subfield code="a">TERRITORIES OCCUPIED BY ISRAEL</subfield>
        <subfield code="0">(DHLAUTH)268687</subfield>
    </datafield>
</record>
<record>
    <datafield tag="191" ind1=" " ind2=" ">
        <subfield code="a">E/ESCWA/SDP/87/4</subfield>
    </datafield>
    <datafield tag="246" ind1=" " ind2=" ">
        <subfield code="a">السياسة السكانية والتنمية في الوطن العربي مقدمة لندوة الاتحاد العام لنساء العراق بمناسبة الاحتفال ببلوغ سكان العالم خمسة بلايين نسمة, 11 تموز/يوليو 1987</subfield>
    </datafield>
    <datafield tag="269" ind1=" " ind2=" ">
        <subfield code="a">19870709</subfield>
    </datafield>
    <datafield tag="650" ind1=" " ind2=" ">
        <subfield code="a">ARAB COUNTRIES</subfield>
        <subfield code="0">(DHLAUTH)268705</subfield>
    </datafield>
    <datafield tag="650" ind1=" " ind2=" ">
        <subfield code="a">SOCIAL PROBLEMS</subfield>
        <subfield code="0">(DHLAUTH)273573</subfield>
    </datafield>
    <datafield tag="650" ind1=" " ind2=" ">
        <subfield code="a">POPULATION POLICY</subfield>
        <subfield code="0">(DHLAUTH)269905</subfield>
    </datafield>
</record>
<record>
    <datafield tag="191" ind1=" " ind2=" ">
        <subfield code="a">E/ESCWA/NR/87/11/REV.1</subfield>
    </datafield>
    <datafield tag="191" ind1=" " ind2=" ">
        <subfield code="a">E/ESCWA/SDP/87/5/REV.1</subfield>
    </datafield>
    <datafield tag="245" ind1=" " ind2=" ">
        <subfield code="a">INTRODUCTION OF BIOGAS TECHNOLOGY IN DEMOCRATIC YEMEN : CASE STUDY</subfield>
    </datafield>
    <datafield tag="269" ind1=" " ind2=" ">
        <subfield code="a">19881013</subfield>
    </datafield>
    <datafield tag="650" ind1=" " ind2=" ">
        <subfield code="a">WESTERN ASIA</subfield>
        <subfield code="0">(DHLAUTH)275490</subfield>
    </datafield>
    <datafield tag="650" ind1=" " ind2=" ">
        <subfield code="a">BIOGAS</subfield>
        <subfield code="0">(DHLAUTH)271164</subfield>
    </datafield>
    <datafield tag="650" ind1=" " ind2=" ">
        <subfield code="a">ENERGY TECHNOLOGY</subfield>
        <subfield code="0">(DHLAUTH)271206</subfield>
    </datafield>
    <datafield tag="650" ind1=" " ind2=" ">
        <subfield code="a">RURAL AREAS</subfield>
        <subfield code="0">(DHLAUTH)269978</subfield>
    </datafield>
    <datafield tag="650" ind1=" " ind2=" ">
        <subfield code="a">YEMEN</subfield>
        <subfield code="0">(DHLAUTH)273521</subfield>
    </datafield>
    <datafield tag="650" ind1=" " ind2=" ">
        <subfield code="a">WASTE MANAGEMENT</subfield>
        <subfield code="0">(DHLAUTH)272254</subfield>
    </datafield>
    <datafield tag="650" ind1=" " ind2=" ">
        <subfield code="a">RECYCLING</subfield>
        <subfield code="0">(DHLAUTH)270592</subfield>
    </datafield>
    <datafield tag="650" ind1=" " ind2=" ">
        <subfield code="a">CASE STUDIES</subfield>
        <subfield code="0">(DHLAUTH)274639</subfield>
    </datafield>
</record>
<record>
    <datafield tag="191" ind1=" " ind2=" ">
        <subfield code="a">E/ESCWA/SDP/87/6</subfield>
    </datafield>
    <datafield tag="246" ind1=" " ind2=" ">
        <subfield code="a">الاتجاهات الرئيسية لسياسات التنمية والرعاية الاجتماعية في اقطار غربي آسيا</subfield>
    </datafield>
    <datafield tag="269" ind1=" " ind2=" ">
        <subfield code="a">19870819</subfield>
    </datafield>
    <datafield tag="650" ind1=" " ind2=" ">
        <subfield code="a">WESTERN ASIA</subfield>
        <subfield code="0">(DHLAUTH)275490</subfield>
    </datafield>
    <datafield tag="650" ind1=" " ind2=" ">
        <subfield code="a">MIGRATION</subfield>
        <subfield code="0">(DHLAUTH)273027</subfield>
    </datafield>
    <datafield tag="650" ind1=" " ind2=" ">
        <subfield code="a">EMPLOYMENT</subfield>
        <subfield code="0">(DHLAUTH)269797</subfield>
    </datafield>
    <datafield tag="650" ind1=" " ind2=" ">
        <subfield code="a">SOCIAL WELFARE</subfield>
        <subfield code="0">(DHLAUTH)269714</subfield>
    </datafield>
    <datafield tag="650" ind1=" " ind2=" ">
        <subfield code="a">SOCIAL POLICY</subfield>
        <subfield code="0">(DHLAUTH)269713</subfield>
    </datafield>
    <datafield tag="650" ind1=" " ind2=" ">
        <subfield code="a">SOCIAL DEVELOPMENT</subfield>
        <subfield code="0">(DHLAUTH)269873</subfield>
    </datafield>
</record>
<record>
    <datafield tag="191" ind1=" " ind2=" ">
        <subfield code="a">E/ESCWA/SDP/87/7</subfield>
    </datafield>
    <datafield tag="246" ind1=" " ind2=" ">
        <subfield code="a">تقرير عن المهمة لوزارة التخطيط بجمهورية اليمن الديمقراطية الشعبية خلال الفترة من 2-11 حزيران 1987</subfield>
    </datafield>
    <datafield tag="269" ind1=" " ind2=" ">
        <subfield code="a">19870922</subfield>
    </datafield>
    <datafield tag="650" ind1=" " ind2=" ">
        <subfield code="a">POPULATION GROWTH</subfield>
        <subfield code="0">(DHLAUTH)272944</subfield>
    </datafield>
    <datafield tag="650" ind1=" " ind2=" ">
        <subfield code="a">ADVISORY SERVICES</subfield>
        <subfield code="0">(DHLAUTH)269860</subfield>
    </datafield>
    <datafield tag="650" ind1=" " ind2=" ">
        <subfield code="a">SOCIAL POLICY</subfield>
        <subfield code="0">(DHLAUTH)269713</subfield>
    </datafield>
    <datafield tag="650" ind1=" " ind2=" ">
        <subfield code="a">POPULATION PROJECTIONS</subfield>
        <subfield code="0">(DHLAUTH)272997</subfield>
    </datafield>
    <datafield tag="650" ind1=" " ind2=" ">
        <subfield code="a">YEMEN</subfield>
        <subfield code="0">(DHLAUTH)273521</subfield>
    </datafield>
</record>
<record>
    <datafield tag="191" ind1=" " ind2=" ">
        <subfield code="a">E/ESCWA/SD/1990/1</subfield>
    </datafield>
    <datafield tag="245" ind1=" " ind2=" ">
        <subfield code="a">MISSION REPORT TO JORDAN 20 JANUARY - 1 FEBRUARY 1990</subfield>
    </datafield>
    <datafield tag="269" ind1=" " ind2=" ">
        <subfield code="a">19900329</subfield>
    </datafield>
    <datafield tag="650" ind1=" " ind2=" ">
        <subfield code="a">ADVISORY SERVICES</subfield>
        <subfield code="0">(DHLAUTH)269860</subfield>
    </datafield>
    <datafield tag="650" ind1=" " ind2=" ">
        <subfield code="a">JORDAN</subfield>
        <subfield code="0">(DHLAUTH)269099</subfield>
    </datafield>
    <datafield tag="650" ind1=" " ind2=" ">
        <subfield code="a">TECHNICAL COOPERATION</subfield>
        <subfield code="0">(DHLAUTH)268658</subfield>
    </datafield>
    <datafield tag="650" ind1=" " ind2=" ">
        <subfield code="a">SOCIAL INSTITUTIONS</subfield>
        <subfield code="0">(DHLAUTH)269950</subfield>
    </datafield>
    <datafield tag="650" ind1=" " ind2=" ">
        <subfield code="a">WOMEN</subfield>
        <subfield code="0">(DHLAUTH)273032</subfield>
    </datafield>
    <datafield tag="650" ind1=" " ind2=" ">
        <subfield code="a">FAMILY INCOME</subfield>
        <subfield code="0">(DHLAUTH)269804</subfield>
    </datafield>
    <datafield tag="650" ind1=" " ind2=" ">
        <subfield code="a">DEVELOPMENT PROJECTS</subfield>
        <subfield code="0">(DHLAUTH)444783</subfield>
    </datafield>
    <datafield tag="650" ind1=" " ind2=" ">
        <subfield code="a">WESTERN ASIA</subfield>
        <subfield code="0">(DHLAUTH)275490</subfield>
    </datafield>
</record>
<record>
    <datafield tag="191" ind1=" " ind2=" ">
        <subfield code="a">E/ESCWA/SD/1990/1</subfield>
    </datafield>
    <datafield tag="245" ind1=" " ind2=" ">
        <subfield code="a">MISSION REPORT TO JORDAN 20-JANUARY-1 FEBRUARY 1990</subfield>
    </datafield>
    <datafield tag="269" ind1=" " ind2=" ">
        <subfield code="a">19900416</subfield>
    </datafield>
    <datafield tag="650" ind1=" " ind2=" ">
        <subfield code="a">ADVISORY SERVICES</subfield>
        <subfield code="0">(DHLAUTH)269860</subfield>
    </datafield>
    <datafield tag="650" ind1=" " ind2=" ">
        <subfield code="a">JORDAN</subfield>
        <subfield code="0">(DHLAUTH)269099</subfield>
    </datafield>
    <datafield tag="650" ind1=" " ind2=" ">
        <subfield code="a">TECHNICAL COOPERATION</subfield>
        <subfield code="0">(DHLAUTH)268658</subfield>
    </datafield>
    <datafield tag="650" ind1=" " ind2=" ">
        <subfield code="a">SOCIAL INSTITUTIONS</subfield>
        <subfield code="0">(DHLAUTH)269950</subfield>
    </datafield>
    <datafield tag="650" ind1=" " ind2=" ">
        <subfield code="a">WOMEN</subfield>
        <subfield code="0">(DHLAUTH)273032</subfield>
    </datafield>
    <datafield tag="650" ind1=" " ind2=" ">
        <subfield code="a">FAMILY INCOME</subfield>
        <subfield code="0">(DHLAUTH)269804</subfield>
    </datafield>
    <datafield tag="650" ind1=" " ind2=" ">
        <subfield code="a">DEVELOPMENT PROJECTS</subfield>
        <subfield code="0">(DHLAUTH)444783</subfield>
    </datafield>
</record>
<record>
    <datafield tag="191" ind1=" " ind2=" ">
        <subfield code="a">E/ESCWA/SD/1990/2</subfield>
    </datafield>
    <datafield tag="245" ind1=" " ind2=" ">
        <subfield code="a">MISSION REPORT TO JORDAN 5- 9 APRIL 1990</subfield>
    </datafield>
    <datafield tag="269" ind1=" " ind2=" ">
        <subfield code="a">19900416</subfield>
    </datafield>
    <datafield tag="650" ind1=" " ind2=" ">
        <subfield code="a">ADVISORY SERVICES</subfield>
        <subfield code="0">(DHLAUTH)269860</subfield>
    </datafield>
    <datafield tag="650" ind1=" " ind2=" ">
        <subfield code="a">JORDAN</subfield>
        <subfield code="0">(DHLAUTH)269099</subfield>
    </datafield>
    <datafield tag="650" ind1=" " ind2=" ">
        <subfield code="a">TECHNICAL COOPERATION</subfield>
        <subfield code="0">(DHLAUTH)268658</subfield>
    </datafield>
    <datafield tag="650" ind1=" " ind2=" ">
        <subfield code="a">SOCIAL INSTITUTIONS</subfield>
        <subfield code="0">(DHLAUTH)269950</subfield>
    </datafield>
    <datafield tag="650" ind1=" " ind2=" ">
        <subfield code="a">WOMEN</subfield>
        <subfield code="0">(DHLAUTH)273032</subfield>
    </datafield>
    <datafield tag="650" ind1=" " ind2=" ">
        <subfield code="a">DEVELOPMENT PROJECTS</subfield>
        <subfield code="0">(DHLAUTH)444783</subfield>
    </datafield>
</record>
<record>
    <datafield tag="191" ind1=" " ind2=" ">
        <subfield code="a">E/ESCWA/SD/1990/3</subfield>
    </datafield>
    <datafield tag="246" ind1=" " ind2=" ">
        <subfield code="a">اجتماع مجموعة العمل حول تطوير المؤشرات وتحسين الاحصاءات الخاصة بوضع المراة العربية 15-19 تشرين الاول/اكتوبر 1989 القاهرة</subfield>
    </datafield>
    <datafield tag="269" ind1=" " ind2=" ">
        <subfield code="a">19900501</subfield>
    </datafield>
    <datafield tag="650" ind1=" " ind2=" ">
        <subfield code="a">STATISTICS</subfield>
        <subfield code="0">(DHLAUTH)269347</subfield>
    </datafield>
    <datafield tag="650" ind1=" " ind2=" ">
        <subfield code="a">WESTERN ASIA</subfield>
        <subfield code="0">(DHLAUTH)275490</subfield>
    </datafield>
    <datafield tag="650" ind1=" " ind2=" ">
        <subfield code="a">CONFERENCES</subfield>
        <subfield code="0">(DHLAUTH)275758</subfield>
    </datafield>
    <datafield tag="650" ind1=" " ind2=" ">
        <subfield code="a">WOMEN</subfield>
        <subfield code="0">(DHLAUTH)273032</subfield>
    </datafield>
</record>
<record>
    <datafield tag="191" ind1=" " ind2=" ">
        <subfield code="a">E/ESCWA/SD/1990/5</subfield>
    </datafield>
    <datafield tag="246" ind1=" " ind2=" ">
        <subfield code="a">اوضاع ومشاكل القوى العاملة في القطاع الزراعي في منطقة غربي اسيا</subfield>
    </datafield>
    <datafield tag="269" ind1=" " ind2=" ">
        <subfield code="a">19900101</subfield>
    </datafield>
    <datafield tag="650" ind1=" " ind2=" ">
        <subfield code="a">MANPOWER</subfield>
        <subfield code="0">(DHLAUTH)273105</subfield>
    </datafield>
    <datafield tag="650" ind1=" " ind2=" ">
        <subfield code="a">ECONOMIC ASPECTS</subfield>
        <subfield code="0">(DHLAUTH)269753</subfield>
    </datafield>
    <datafield tag="650" ind1=" " ind2=" ">
        <subfield code="a">SOCIAL ASPECTS</subfield>
        <subfield code="0">(DHLAUTH)274710</subfield>
    </datafield>
    <datafield tag="650" ind1=" " ind2=" ">
        <subfield code="a">DEVELOPMENT POLICY</subfield>
        <subfield code="0">(DHLAUTH)269893</subfield>
    </datafield>
</record>
<record>
    <datafield tag="191" ind1=" " ind2=" ">
        <subfield code="a">E/ESCWA/SD/1990/6</subfield>
    </datafield>
    <datafield tag="245" ind1=" " ind2=" ">
        <subfield code="a">MISSION REPORT TO JORDAN 20-JANUARY-1 FEBRUARY 1990 : PART ONE: THE QUEEN ALIA JORDAN SOCIAL WELFARE FUND</subfield>
    </datafield>
    <datafield tag="269" ind1=" " ind2=" ">
        <subfield code="a">19900602</subfield>
    </datafield>
    <datafield tag="650" ind1=" " ind2=" ">
        <subfield code="a">ADVISORY SERVICES</subfield>
        <subfield code="0">(DHLAUTH)269860</subfield>
    </datafield>
    <datafield tag="650" ind1=" " ind2=" ">
        <subfield code="a">JORDAN</subfield>
        <subfield code="0">(DHLAUTH)269099</subfield>
    </datafield>
    <datafield tag="650" ind1=" " ind2=" ">
        <subfield code="a">TECHNICAL COOPERATION</subfield>
        <subfield code="0">(DHLAUTH)268658</subfield>
    </datafield>
    <datafield tag="650" ind1=" " ind2=" ">
        <subfield code="a">SOCIAL INSTITUTIONS</subfield>
        <subfield code="0">(DHLAUTH)269950</subfield>
    </datafield>
    <datafield tag="650" ind1=" " ind2=" ">
        <subfield code="a">DEVELOPMENT PROJECTS</subfield>
        <subfield code="0">(DHLAUTH)444783</subfield>
    </datafield>
    <datafield tag="650" ind1=" " ind2=" ">
        <subfield code="a">ACTIVITIES</subfield>
        <subfield code="0">(DHLAUTH)275823</subfield>
    </datafield>
    <datafield tag="650" ind1=" " ind2=" ">
        <subfield code="a">SOCIAL WELFARE</subfield>
        <subfield code="0">(DHLAUTH)269714</subfield>
    </datafield>
    <datafield tag="650" ind1=" " ind2=" ">
        <subfield code="a">WESTERN ASIA</subfield>
        <subfield code="0">(DHLAUTH)275490</subfield>
    </datafield>
</record>
<record>
    <datafield tag="191" ind1=" " ind2=" ">
        <subfield code="a">E/ESCWA/SD/1990/7</subfield>
    </datafield>
    <datafield tag="245" ind1=" " ind2=" ">
        <subfield code="a">MISSION REPORT TO JORDAN 20 JANUARY - 1 FEBRUARY 1990 : PART TWO: THE NOOR AL-HUSSEIN FOUNDATION</subfield>
    </datafield>
    <datafield tag="269" ind1=" " ind2=" ">
        <subfield code="a">19900612</subfield>
    </datafield>
    <datafield tag="650" ind1=" " ind2=" ">
        <subfield code="a">ADVISORY SERVICES</subfield>
        <subfield code="0">(DHLAUTH)269860</subfield>
    </datafield>
    <datafield tag="650" ind1=" " ind2=" ">
        <subfield code="a">JORDAN</subfield>
        <subfield code="0">(DHLAUTH)269099</subfield>
    </datafield>
    <datafield tag="650" ind1=" " ind2=" ">
        <subfield code="a">TECHNICAL COOPERATION</subfield>
        <subfield code="0">(DHLAUTH)268658</subfield>
    </datafield>
    <datafield tag="650" ind1=" " ind2=" ">
        <subfield code="a">SOCIAL INSTITUTIONS</subfield>
        <subfield code="0">(DHLAUTH)269950</subfield>
    </datafield>
    <datafield tag="650" ind1=" " ind2=" ">
        <subfield code="a">DEVELOPMENT PROJECTS</subfield>
        <subfield code="0">(DHLAUTH)444783</subfield>
    </datafield>
    <datafield tag="650" ind1=" " ind2=" ">
        <subfield code="a">ACTIVITIES</subfield>
        <subfield code="0">(DHLAUTH)275823</subfield>
    </datafield>
    <datafield tag="650" ind1=" " ind2=" ">
        <subfield code="a">SOCIAL WELFARE</subfield>
        <subfield code="0">(DHLAUTH)269714</subfield>
    </datafield>
    <datafield tag="650" ind1=" " ind2=" ">
        <subfield code="a">WESTERN ASIA</subfield>
        <subfield code="0">(DHLAUTH)275490</subfield>
    </datafield>
</record>
<record>
    <datafield tag="191" ind1=" " ind2=" ">
        <subfield code="a">E/ESCWA/SD/1990/8</subfield>
    </datafield>
    <datafield tag="245" ind1=" " ind2=" ">
        <subfield code="a">MISSION REPORT TO JORDAN 20 - JANUARY - 1 FEBRUARY : PART THREE: THE AMMAN BUSINESS AND PROFESSIONAL WOMEN CLUB</subfield>
    </datafield>
    <datafield tag="269" ind1=" " ind2=" ">
        <subfield code="a">19900611</subfield>
    </datafield>
    <datafield tag="650" ind1=" " ind2=" ">
        <subfield code="a">ADVISORY SERVICES</subfield>
        <subfield code="0">(DHLAUTH)269860</subfield>
    </datafield>
    <datafield tag="650" ind1=" " ind2=" ">
        <subfield code="a">JORDAN</subfield>
        <subfield code="0">(DHLAUTH)269099</subfield>
    </datafield>
    <datafield tag="650" ind1=" " ind2=" ">
        <subfield code="a">TECHNICAL COOPERATION</subfield>
        <subfield code="0">(DHLAUTH)268658</subfield>
    </datafield>
    <datafield tag="650" ind1=" " ind2=" ">
        <subfield code="a">SOCIAL INSTITUTIONS</subfield>
        <subfield code="0">(DHLAUTH)269950</subfield>
    </datafield>
    <datafield tag="650" ind1=" " ind2=" ">
        <subfield code="a">DEVELOPMENT PROJECTS</subfield>
        <subfield code="0">(DHLAUTH)444783</subfield>
    </datafield>
    <datafield tag="650" ind1=" " ind2=" ">
        <subfield code="a">ACTIVITIES</subfield>
        <subfield code="0">(DHLAUTH)275823</subfield>
    </datafield>
    <datafield tag="650" ind1=" " ind2=" ">
        <subfield code="a">SOCIAL WELFARE</subfield>
        <subfield code="0">(DHLAUTH)269714</subfield>
    </datafield>
    <datafield tag="650" ind1=" " ind2=" ">
        <subfield code="a">WESTERN ASIA</subfield>
        <subfield code="0">(DHLAUTH)275490</subfield>
    </datafield>
    <datafield tag="650" ind1=" " ind2=" ">
        <subfield code="a">WOMEN MANAGERS</subfield>
        <subfield code="0">(DHLAUTH)272023</subfield>
    </datafield>
</record>
<record>
    <datafield tag="191" ind1=" " ind2=" ">
        <subfield code="a">E/ESCWA/SD/1990/9</subfield>
    </datafield>
    <datafield tag="245" ind1=" " ind2=" ">
        <subfield code="a">MISSION REPORT TO JORDAN 20 - JANUARY - 1 FEBRUARY 1990 : PART FOUR: THE GENERAL FEDERATION OF JORDANIAN WOMEN</subfield>
    </datafield>
    <datafield tag="269" ind1=" " ind2=" ">
        <subfield code="a">19900611</subfield>
    </datafield>
    <datafield tag="650" ind1=" " ind2=" ">
        <subfield code="a">ADVISORY SERVICES</subfield>
        <subfield code="0">(DHLAUTH)269860</subfield>
    </datafield>
    <datafield tag="650" ind1=" " ind2=" ">
        <subfield code="a">JORDAN</subfield>
        <subfield code="0">(DHLAUTH)269099</subfield>
    </datafield>
    <datafield tag="650" ind1=" " ind2=" ">
        <subfield code="a">TECHNICAL COOPERATION</subfield>
        <subfield code="0">(DHLAUTH)268658</subfield>
    </datafield>
    <datafield tag="650" ind1=" " ind2=" ">
        <subfield code="a">SOCIAL INSTITUTIONS</subfield>
        <subfield code="0">(DHLAUTH)269950</subfield>
    </datafield>
    <datafield tag="650" ind1=" " ind2=" ">
        <subfield code="a">DEVELOPMENT PROJECTS</subfield>
        <subfield code="0">(DHLAUTH)444783</subfield>
    </datafield>
    <datafield tag="650" ind1=" " ind2=" ">
        <subfield code="a">ACTIVITIES</subfield>
        <subfield code="0">(DHLAUTH)275823</subfield>
    </datafield>
    <datafield tag="650" ind1=" " ind2=" ">
        <subfield code="a">SOCIAL WELFARE</subfield>
        <subfield code="0">(DHLAUTH)269714</subfield>
    </datafield>
    <datafield tag="650" ind1=" " ind2=" ">
        <subfield code="a">WESTERN ASIA</subfield>
        <subfield code="0">(DHLAUTH)275490</subfield>
    </datafield>
    <datafield tag="650" ind1=" " ind2=" ">
        <subfield code="a">WOMEN</subfield>
        <subfield code="0">(DHLAUTH)273032</subfield>
    </datafield>
</record>
<record>
    <datafield tag="191" ind1=" " ind2=" ">
        <subfield code="a">E/ESCWA/SD/1992/1</subfield>
    </datafield>
    <datafield tag="246" ind1=" " ind2=" ">
        <subfield code="a">عرض وتقييم برامج وسياسات الحماية الاجتماعية والضمان الاجتماعي في غربي اسيا</subfield>
    </datafield>
    <datafield tag="269" ind1=" " ind2=" ">
        <subfield code="a">19920114</subfield>
    </datafield>
    <datafield tag="650" ind1=" " ind2=" ">
        <subfield code="a">WESTERN ASIA</subfield>
        <subfield code="0">(DHLAUTH)275490</subfield>
    </datafield>
    <datafield tag="650" ind1=" " ind2=" ">
        <subfield code="a">SOCIAL POLICY</subfield>
        <subfield code="0">(DHLAUTH)269713</subfield>
    </datafield>
    <datafield tag="650" ind1=" " ind2=" ">
        <subfield code="a">LAWS AND REGULATIONS</subfield>
        <subfield code="0">(DHLAUTH)268352</subfield>
    </datafield>
    <datafield tag="650" ind1=" " ind2=" ">
        <subfield code="a">SOCIAL SECURITY</subfield>
        <subfield code="0">(DHLAUTH)270081</subfield>
    </datafield>
</record>
<record>
    <datafield tag="191" ind1=" " ind2=" ">
        <subfield code="a">E/ESCWA/SD/1992/10</subfield>
    </datafield>
    <datafield tag="246" ind1=" " ind2=" ">
        <subfield code="a">استعراض السياسات والبرامج الوطنية لمكافحة اساءة استعمال المخدرات في منطقة اللجنة الاقتصادية لغربي اسيا</subfield>
    </datafield>
    <datafield tag="269" ind1=" " ind2=" ">
        <subfield code="a">19921108</subfield>
    </datafield>
    <datafield tag="650" ind1=" " ind2=" ">
        <subfield code="a">DRUG CONTROL</subfield>
        <subfield code="0">(DHLAUTH)273704</subfield>
    </datafield>
    <datafield tag="650" ind1=" " ind2=" ">
        <subfield code="a">DRUG ADDICTS</subfield>
        <subfield code="0">(DHLAUTH)273814</subfield>
    </datafield>
    <datafield tag="650" ind1=" " ind2=" ">
        <subfield code="a">SOCIAL PROBLEMS</subfield>
        <subfield code="0">(DHLAUTH)273573</subfield>
    </datafield>
    <datafield tag="650" ind1=" " ind2=" ">
        <subfield code="a">WESTERN ASIA</subfield>
        <subfield code="0">(DHLAUTH)275490</subfield>
    </datafield>
</record>
<record>
    <datafield tag="191" ind1=" " ind2=" ">
        <subfield code="a">E/ESCWA/SD/1992/11</subfield>
    </datafield>
    <datafield tag="246" ind1=" " ind2=" ">
        <subfield code="a">استعراض السياسات والبرامج الوطنية لمكافحة الجريمة ومكافحتها في منطقة اللجنة الاقتصادية والاجتماعية لغربي اسيا</subfield>
    </datafield>
    <datafield tag="269" ind1=" " ind2=" ">
        <subfield code="a">19920810</subfield>
    </datafield>
    <datafield tag="650" ind1=" " ind2=" ">
        <subfield code="a">CRIME PREVENTION</subfield>
        <subfield code="0">(DHLAUTH)274588</subfield>
    </datafield>
    <datafield tag="650" ind1=" " ind2=" ">
        <subfield code="a">CRIMINAL JUSTICE</subfield>
        <subfield code="0">(DHLAUTH)269126</subfield>
    </datafield>
    <datafield tag="650" ind1=" " ind2=" ">
        <subfield code="a">CRIME</subfield>
        <subfield code="0">(DHLAUTH)268469</subfield>
    </datafield>
    <datafield tag="650" ind1=" " ind2=" ">
        <subfield code="a">PRISONER TREATMENT</subfield>
        <subfield code="0">(DHLAUTH)268492</subfield>
    </datafield>
    <datafield tag="650" ind1=" " ind2=" ">
        <subfield code="a">POLICE</subfield>
        <subfield code="0">(DHLAUTH)270025</subfield>
    </datafield>
    <datafield tag="650" ind1=" " ind2=" ">
        <subfield code="a">WESTERN ASIA</subfield>
        <subfield code="0">(DHLAUTH)275490</subfield>
    </datafield>
    <datafield tag="650" ind1=" " ind2=" ">
        <subfield code="a">SOCIAL ASPECTS</subfield>
        <subfield code="0">(DHLAUTH)274710</subfield>
    </datafield>
    <datafield tag="650" ind1=" " ind2=" ">
        <subfield code="a">ECONOMIC ASPECTS</subfield>
        <subfield code="0">(DHLAUTH)269753</subfield>
    </datafield>
</record>
<record>
    <datafield tag="191" ind1=" " ind2=" ">
        <subfield code="a">E/ESCWA/SD/1992/3</subfield>
    </datafield>
    <datafield tag="246" ind1=" " ind2=" ">
        <subfield code="a">خصائص المراة المهنية المشاركة في دليل المراة العربية</subfield>
    </datafield>
    <datafield tag="269" ind1=" " ind2=" ">
        <subfield code="a">19920101</subfield>
    </datafield>
    <datafield tag="650" ind1=" " ind2=" ">
        <subfield code="a">WESTERN ASIA</subfield>
        <subfield code="0">(DHLAUTH)275490</subfield>
    </datafield>
    <datafield tag="650" ind1=" " ind2=" ">
        <subfield code="a">WOMEN WORKERS</subfield>
        <subfield code="0">(DHLAUTH)273153</subfield>
    </datafield>
    <datafield tag="650" ind1=" " ind2=" ">
        <subfield code="a">ARAB COUNTRIES</subfield>
        <subfield code="0">(DHLAUTH)268705</subfield>
    </datafield>
    <datafield tag="650" ind1=" " ind2=" ">
        <subfield code="a">RESEARCH</subfield>
        <subfield code="0">(DHLAUTH)268941</subfield>
    </datafield>
    <datafield tag="650" ind1=" " ind2=" ">
        <subfield code="a">PROFESSIONAL WORKERS</subfield>
        <subfield code="0">(DHLAUTH)269335</subfield>
    </datafield>
</record>
<record>
    <datafield tag="191" ind1=" " ind2=" ">
        <subfield code="a">E/ESCWA/SD/1992/5</subfield>
    </datafield>
    <datafield tag="245" ind1=" " ind2=" ">
        <subfield code="a">THE INTRODUCTION, ADAPTATION AND TRANSFER OF NEW, APPROPRIATE TECHNOLOGIES FOR DISABLED PERSONS IN THE ESCWA REGION.</subfield>
    </datafield>
    <datafield tag="269" ind1=" " ind2=" ">
        <subfield code="a">19920619</subfield>
    </datafield>
    <datafield tag="650" ind1=" " ind2=" ">
        <subfield code="a">NEW TECHNOLOGIES</subfield>
        <subfield code="0">(DHLAUTH)271842</subfield>
    </datafield>
    <datafield tag="650" ind1=" " ind2=" ">
        <subfield code="a">COMPUTER APPLICATIONS</subfield>
        <subfield code="0">(DHLAUTH)271864</subfield>
    </datafield>
    <datafield tag="650" ind1=" " ind2=" ">
        <subfield code="a">REHABILITATION</subfield>
        <subfield code="0">(DHLAUTH)273690</subfield>
    </datafield>
    <datafield tag="650" ind1=" " ind2=" ">
        <subfield code="a">APPROPRIATE TECHNOLOGY</subfield>
        <subfield code="0">(DHLAUTH)275199</subfield>
    </datafield>
    <datafield tag="650" ind1=" " ind2=" ">
        <subfield code="a">TECHNOLOGY TRANSFER</subfield>
        <subfield code="0">(DHLAUTH)271882</subfield>
    </datafield>
    <datafield tag="650" ind1=" " ind2=" ">
        <subfield code="a">PERSONS WITH DISABILITIES</subfield>
        <subfield code="0">(DHLAUTH)273918</subfield>
    </datafield>
    <datafield tag="650" ind1=" " ind2=" ">
        <subfield code="a">WESTERN ASIA</subfield>
        <subfield code="0">(DHLAUTH)275490</subfield>
    </datafield>
</record>
<record>
    <datafield tag="191" ind1=" " ind2=" ">
        <subfield code="a">E/ESCWA/SD/1992/6</subfield>
    </datafield>
    <datafield tag="245" ind1=" " ind2=" ">
        <subfield code="a">REPORT ON ASSESSMENT OF ESCWA/UNIFEM BIOGAS PROJECT (PDY/88/WO1) AND ASSISSTANCE IN PROVIDING SUPPORT TO THE WOMEN AND CHILD DIRECTORATE IN THE REPUBLIC OF YEMEN</subfield>
    </datafield>
    <datafield tag="269" ind1=" " ind2=" ">
        <subfield code="a">19920819</subfield>
    </datafield>
    <datafield tag="650" ind1=" " ind2=" ">
        <subfield code="a">BIOGAS</subfield>
        <subfield code="0">(DHLAUTH)271164</subfield>
    </datafield>
    <datafield tag="650" ind1=" " ind2=" ">
        <subfield code="a">RECOMMENDATIONS</subfield>
        <subfield code="0">(DHLAUTH)275840</subfield>
    </datafield>
    <datafield tag="650" ind1=" " ind2=" ">
        <subfield code="a">TECHNICAL COOPERATION</subfield>
        <subfield code="0">(DHLAUTH)268658</subfield>
    </datafield>
    <datafield tag="650" ind1=" " ind2=" ">
        <subfield code="a">ACTIVITIES</subfield>
        <subfield code="0">(DHLAUTH)275823</subfield>
    </datafield>
    <datafield tag="650" ind1=" " ind2=" ">
        <subfield code="a">WESTERN ASIA</subfield>
        <subfield code="0">(DHLAUTH)275490</subfield>
    </datafield>
    <datafield tag="650" ind1=" " ind2=" ">
        <subfield code="a">WOMEN IN DEVELOPMENT</subfield>
        <subfield code="0">(DHLAUTH)269878</subfield>
    </datafield>
    <datafield tag="650" ind1=" " ind2=" ">
        <subfield code="a">YEMEN</subfield>
        <subfield code="0">(DHLAUTH)273521</subfield>
    </datafield>
</record>
<record>
    <datafield tag="191" ind1=" " ind2=" ">
        <subfield code="a">E/ESCWA/SD/1992/7</subfield>
    </datafield>
    <datafield tag="246" ind1=" " ind2=" ">
        <subfield code="a">تقرير عن المهمة الاستشارية حول دراسة جدوى تاسيس جامعتين جديدتين في تعز وحضرموت, الجمهورية اليمنية خلال الفترة من 17 آيار /مايو الى 8 حزيران /يونيو 1992</subfield>
    </datafield>
    <datafield tag="269" ind1=" " ind2=" ">
        <subfield code="a">19920707</subfield>
    </datafield>
    <datafield tag="650" ind1=" " ind2=" ">
        <subfield code="a">TECHNICAL COOPERATION</subfield>
        <subfield code="0">(DHLAUTH)268658</subfield>
    </datafield>
    <datafield tag="650" ind1=" " ind2=" ">
        <subfield code="a">ADVISORY SERVICES</subfield>
        <subfield code="0">(DHLAUTH)269860</subfield>
    </datafield>
    <datafield tag="650" ind1=" " ind2=" ">
        <subfield code="a">YEMEN</subfield>
        <subfield code="0">(DHLAUTH)273521</subfield>
    </datafield>
    <datafield tag="650" ind1=" " ind2=" ">
        <subfield code="a">FEASIBILITY STUDIES</subfield>
        <subfield code="0">(DHLAUTH)269961</subfield>
    </datafield>
    <datafield tag="650" ind1=" " ind2=" ">
        <subfield code="a">UNIVERSITIES AND COLLEGES</subfield>
        <subfield code="0">(DHLAUTH)273940</subfield>
    </datafield>
    <datafield tag="650" ind1=" " ind2=" ">
        <subfield code="a">EDUCATIONAL STATISTICS</subfield>
        <subfield code="0">(DHLAUTH)274050</subfield>
    </datafield>
    <datafield tag="650" ind1=" " ind2=" ">
        <subfield code="a">STUDENTS</subfield>
        <subfield code="0">(DHLAUTH)274118</subfield>
    </datafield>
    <datafield tag="650" ind1=" " ind2=" ">
        <subfield code="a">WESTERN ASIA</subfield>
        <subfield code="0">(DHLAUTH)275490</subfield>
    </datafield>
</record>
<record>
    <datafield tag="191" ind1=" " ind2=" ">
        <subfield code="a">E/ESCWA/SD/1992/8</subfield>
    </datafield>
    <datafield tag="245" ind1=" " ind2=" ">
        <subfield code="a">REPORT OF THE TRIPARTITE REVIEW DIFFUSION OF BIOGAS TECHNOLOGY IN THE SOUTHERN PART OF YEMEN: THE DEVELOPMENT OF WOMEN IN MANSOURAT AL-HABEEL VILLAGE UNIFEM/ESCWA PROJECT PDY/88/WO1</subfield>
    </datafield>
    <datafield tag="269" ind1=" " ind2=" ">
        <subfield code="a">19921028</subfield>
    </datafield>
    <datafield tag="650" ind1=" " ind2=" ">
        <subfield code="a">PROJECT EVALUATION</subfield>
        <subfield code="0">(DHLAUTH)269591</subfield>
    </datafield>
    <datafield tag="650" ind1=" " ind2=" ">
        <subfield code="a">BIOGAS</subfield>
        <subfield code="0">(DHLAUTH)271164</subfield>
    </datafield>
    <datafield tag="650" ind1=" " ind2=" ">
        <subfield code="a">WOMEN IN DEVELOPMENT</subfield>
        <subfield code="0">(DHLAUTH)269878</subfield>
    </datafield>
    <datafield tag="650" ind1=" " ind2=" ">
        <subfield code="a">RECOMMENDATIONS</subfield>
        <subfield code="0">(DHLAUTH)275840</subfield>
    </datafield>
    <datafield tag="650" ind1=" " ind2=" ">
        <subfield code="a">WESTERN ASIA</subfield>
        <subfield code="0">(DHLAUTH)275490</subfield>
    </datafield>
    <datafield tag="650" ind1=" " ind2=" ">
        <subfield code="a">YEMEN</subfield>
        <subfield code="0">(DHLAUTH)273521</subfield>
    </datafield>
</record>
<record>
    <datafield tag="191" ind1=" " ind2=" ">
        <subfield code="a">E/ESCWA/SD/1992/9</subfield>
    </datafield>
    <datafield tag="246" ind1=" " ind2=" ">
        <subfield code="a">المرأة العربية و العمل: الواقع الراهن ومتطلبات التنمية</subfield>
    </datafield>
    <datafield tag="269" ind1=" " ind2=" ">
        <subfield code="a">19920809</subfield>
    </datafield>
    <datafield tag="650" ind1=" " ind2=" ">
        <subfield code="a">MANPOWER</subfield>
        <subfield code="0">(DHLAUTH)273105</subfield>
    </datafield>
    <datafield tag="650" ind1=" " ind2=" ">
        <subfield code="a">EMPLOYMENT</subfield>
        <subfield code="0">(DHLAUTH)269797</subfield>
    </datafield>
    <datafield tag="650" ind1=" " ind2=" ">
        <subfield code="a">WESTERN ASIA</subfield>
        <subfield code="0">(DHLAUTH)275490</subfield>
    </datafield>
    <datafield tag="650" ind1=" " ind2=" ">
        <subfield code="a">POPULATION GROWTH</subfield>
        <subfield code="0">(DHLAUTH)272944</subfield>
    </datafield>
    <datafield tag="650" ind1=" " ind2=" ">
        <subfield code="a">POPULATION SIZE</subfield>
        <subfield code="0">(DHLAUTH)272998</subfield>
    </datafield>
</record>
<record>
    <datafield tag="191" ind1=" " ind2=" ">
        <subfield code="a">E/ESCWA/SD/1993/2</subfield>
    </datafield>
    <datafield tag="245" ind1=" " ind2=" ">
        <subfield code="a">RETURN MIGRATION PROFILES, IMPACT AND ABSORBATION IN HOME COUNTRIES</subfield>
    </datafield>
    <datafield tag="246" ind1=" " ind2=" ">
        <subfield code="a">الهجرة العائدة : ملامحها واثرها واستيعابها في البلدن الاصلية</subfield>
    </datafield>
    <datafield tag="269" ind1=" " ind2=" ">
        <subfield code="a">19931230</subfield>
    </datafield>
    <datafield tag="650" ind1=" " ind2=" ">
        <subfield code="a">WESTERN ASIA</subfield>
        <subfield code="0">(DHLAUTH)275490</subfield>
    </datafield>
    <datafield tag="650" ind1=" " ind2=" ">
        <subfield code="a">RETURN MIGRATION</subfield>
        <subfield code="0">(DHLAUTH)273078</subfield>
    </datafield>
    <datafield tag="650" ind1=" " ind2=" ">
        <subfield code="a">MANPOWER</subfield>
        <subfield code="0">(DHLAUTH)273105</subfield>
    </datafield>
    <datafield tag="650" ind1=" " ind2=" ">
        <subfield code="a">YEMEN</subfield>
        <subfield code="0">(DHLAUTH)273521</subfield>
    </datafield>
    <datafield tag="650" ind1=" " ind2=" ">
        <subfield code="a">JORDAN</subfield>
        <subfield code="0">(DHLAUTH)269099</subfield>
    </datafield>
    <datafield tag="650" ind1=" " ind2=" ">
        <subfield code="a">SOCIAL INTEGRATION</subfield>
        <subfield code="0">(DHLAUTH)274706</subfield>
    </datafield>
    <datafield tag="650" ind1=" " ind2=" ">
        <subfield code="a">ECONOMIC CONDITIONS</subfield>
        <subfield code="0">(DHLAUTH)269719</subfield>
    </datafield>
    <datafield tag="650" ind1=" " ind2=" ">
        <subfield code="a">SOCIAL CONDITIONS</subfield>
        <subfield code="0">(DHLAUTH)268327</subfield>
    </datafield>
    <datafield tag="650" ind1=" " ind2=" ">
        <subfield code="a">STATISTICAL DATA</subfield>
        <subfield code="0">(DHLAUTH)270233</subfield>
    </datafield>
</record>
<record>
    <datafield tag="191" ind1=" " ind2=" ">
        <subfield code="a">E/ESCWA/SD/1993/2/ADD.1</subfield>
    </datafield>
    <datafield tag="246" ind1=" " ind2=" ">
        <subfield code="a">الهجرة العائدة : ملامحها واثرها واستيعابها في البلدن الاصلية العائدون من الخليج ظروف العودة ومشاكل الاستيعاب</subfield>
    </datafield>
    <datafield tag="269" ind1=" " ind2=" ">
        <subfield code="a">19940913</subfield>
    </datafield>
    <datafield tag="650" ind1=" " ind2=" ">
        <subfield code="a">RETURN MIGRATION</subfield>
        <subfield code="0">(DHLAUTH)273078</subfield>
    </datafield>
    <datafield tag="650" ind1=" " ind2=" ">
        <subfield code="a">QUESTIONNAIRES</subfield>
        <subfield code="0">(DHLAUTH)272018</subfield>
    </datafield>
    <datafield tag="650" ind1=" " ind2=" ">
        <subfield code="a">JORDAN</subfield>
        <subfield code="0">(DHLAUTH)269099</subfield>
    </datafield>
    <datafield tag="650" ind1=" " ind2=" ">
        <subfield code="a">WESTERN ASIA</subfield>
        <subfield code="0">(DHLAUTH)275490</subfield>
    </datafield>
    <datafield tag="650" ind1=" " ind2=" ">
        <subfield code="a">FAMILY</subfield>
        <subfield code="0">(DHLAUTH)269293</subfield>
    </datafield>
    <datafield tag="650" ind1=" " ind2=" ">
        <subfield code="a">ECONOMIC CONDITIONS</subfield>
        <subfield code="0">(DHLAUTH)269719</subfield>
    </datafield>
    <datafield tag="650" ind1=" " ind2=" ">
        <subfield code="a">SOCIAL CONDITIONS</subfield>
        <subfield code="0">(DHLAUTH)268327</subfield>
    </datafield>
</record>
<record>
    <datafield tag="191" ind1=" " ind2=" ">
        <subfield code="a">E/ESCWA/SD/1993/3</subfield>
    </datafield>
    <datafield tag="245" ind1=" " ind2=" ">
        <subfield code="a">IMPACT OF DRUG ABUSE AMONG YOUTH IN THE ESCWA REGION: APPROCHES TO SOCIAL REINTEGRATION</subfield>
    </datafield>
    <datafield tag="246" ind1=" " ind2=" ">
        <subfield code="a">اثر اساءة استعمال المخدرات على الشباب في منطقة الاسكوا نهج اعادة الاندماج الاجتماعي</subfield>
    </datafield>
    <datafield tag="269" ind1=" " ind2=" ">
        <subfield code="a">19940123</subfield>
    </datafield>
    <datafield tag="650" ind1=" " ind2=" ">
        <subfield code="a">DRUG ABUSE</subfield>
        <subfield code="0">(DHLAUTH)273703</subfield>
    </datafield>
    <datafield tag="650" ind1=" " ind2=" ">
        <subfield code="a">DRUG ADDICTS</subfield>
        <subfield code="0">(DHLAUTH)273814</subfield>
    </datafield>
    <datafield tag="650" ind1=" " ind2=" ">
        <subfield code="a">DRUG CONTROL</subfield>
        <subfield code="0">(DHLAUTH)273704</subfield>
    </datafield>
    <datafield tag="650" ind1=" " ind2=" ">
        <subfield code="a">DRUG LEGISLATION</subfield>
        <subfield code="0">(DHLAUTH)273705</subfield>
    </datafield>
    <datafield tag="650" ind1=" " ind2=" ">
        <subfield code="a">DRUG STATISTICS</subfield>
        <subfield code="0">(DHLAUTH)273762</subfield>
    </datafield>
    <datafield tag="650" ind1=" " ind2=" ">
        <subfield code="a">PSYCHOTROPIC SUBSTANCES</subfield>
        <subfield code="0">(DHLAUTH)274527</subfield>
    </datafield>
    <datafield tag="650" ind1=" " ind2=" ">
        <subfield code="a">EGYPT</subfield>
        <subfield code="0">(DHLAUTH)273328</subfield>
    </datafield>
    <datafield tag="650" ind1=" " ind2=" ">
        <subfield code="a">LEBANON</subfield>
        <subfield code="0">(DHLAUTH)269069</subfield>
    </datafield>
    <datafield tag="650" ind1=" " ind2=" ">
        <subfield code="a">TERRITORIES OCCUPIED BY ISRAEL</subfield>
        <subfield code="0">(DHLAUTH)268687</subfield>
    </datafield>
    <datafield tag="650" ind1=" " ind2=" ">
        <subfield code="a">UNITED ARAB EMIRATES</subfield>
        <subfield code="0">(DHLAUTH)275604</subfield>
    </datafield>
    <datafield tag="650" ind1=" " ind2=" ">
        <subfield code="a">SOCIAL INTERACTION</subfield>
        <subfield code="0">(DHLAUTH)274711</subfield>
    </datafield>
    <datafield tag="650" ind1=" " ind2=" ">
        <subfield code="a">YOUTH</subfield>
        <subfield code="0">(DHLAUTH)269401</subfield>
    </datafield>
    <datafield tag="650" ind1=" " ind2=" ">
        <subfield code="a">WESTERN ASIA</subfield>
        <subfield code="0">(DHLAUTH)275490</subfield>
    </datafield>
</record>
<record>
    <datafield tag="191" ind1=" " ind2=" ">
        <subfield code="a">E/ESCWA/SD/1993/5/REV.1</subfield>
    </datafield>
    <datafield tag="246" ind1=" " ind2=" ">
        <subfield code="a">اندماج الاسرة و المرأة من العائدين في مجتمعات المنشأ دراسة استطلاعية</subfield>
    </datafield>
    <datafield tag="269" ind1=" " ind2=" ">
        <subfield code="a">19930907</subfield>
    </datafield>
    <datafield tag="650" ind1=" " ind2=" ">
        <subfield code="a">WOMEN</subfield>
        <subfield code="0">(DHLAUTH)273032</subfield>
    </datafield>
    <datafield tag="650" ind1=" " ind2=" ">
        <subfield code="a">WESTERN ASIA</subfield>
        <subfield code="0">(DHLAUTH)275490</subfield>
    </datafield>
    <datafield tag="650" ind1=" " ind2=" ">
        <subfield code="a">RETURN MIGRATION</subfield>
        <subfield code="0">(DHLAUTH)273078</subfield>
    </datafield>
    <datafield tag="650" ind1=" " ind2=" ">
        <subfield code="a">SOCIAL PROBLEMS</subfield>
        <subfield code="0">(DHLAUTH)273573</subfield>
    </datafield>
    <datafield tag="650" ind1=" " ind2=" ">
        <subfield code="a">SOCIAL INTEGRATION</subfield>
        <subfield code="0">(DHLAUTH)274706</subfield>
    </datafield>
    <datafield tag="650" ind1=" " ind2=" ">
        <subfield code="a">JORDAN</subfield>
        <subfield code="0">(DHLAUTH)269099</subfield>
    </datafield>
    <datafield tag="650" ind1=" " ind2=" ">
        <subfield code="a">YEMEN</subfield>
        <subfield code="0">(DHLAUTH)273521</subfield>
    </datafield>
    <datafield tag="650" ind1=" " ind2=" ">
        <subfield code="a">EGYPT</subfield>
        <subfield code="0">(DHLAUTH)273328</subfield>
    </datafield>
    <datafield tag="650" ind1=" " ind2=" ">
        <subfield code="a">STATISTICAL DATA</subfield>
        <subfield code="0">(DHLAUTH)270233</subfield>
    </datafield>
    <datafield tag="650" ind1=" " ind2=" ">
        <subfield code="a">ABACA</subfield>
        <subfield code="0">(DHLAUTH)271457</subfield>
    </datafield>
</record>
<record>
    <datafield tag="191" ind1=" " ind2=" ">
        <subfield code="a">E/ESCWA/SD/1993/INF.1</subfield>
    </datafield>
    <datafield tag="245" ind1=" " ind2=" ">
        <subfield code="a">BIBLIOGRAPHY FOR SOCIAL DEVELOPMENT POPULATION AND HUMAN SETTLEMENTS DIVISION</subfield>
    </datafield>
    <datafield tag="269" ind1=" " ind2=" ">
        <subfield code="a">19930504</subfield>
    </datafield>
    <datafield tag="650" ind1=" " ind2=" ">
        <subfield code="a">BIBLIOGRAPHIES</subfield>
        <subfield code="0">(DHLAUTH)275101</subfield>
    </datafield>
    <datafield tag="650" ind1=" " ind2=" ">
        <subfield code="a">WESTERN ASIA</subfield>
        <subfield code="0">(DHLAUTH)275490</subfield>
    </datafield>
    <datafield tag="650" ind1=" " ind2=" ">
        <subfield code="a">HUMAN SETTLEMENTS</subfield>
        <subfield code="0">(DHLAUTH)273542</subfield>
    </datafield>
    <datafield tag="650" ind1=" " ind2=" ">
        <subfield code="a">POPULATION</subfield>
        <subfield code="0">(DHLAUTH)272994</subfield>
    </datafield>
    <datafield tag="650" ind1=" " ind2=" ">
        <subfield code="a">SOCIAL DEVELOPMENT</subfield>
        <subfield code="0">(DHLAUTH)269873</subfield>
    </datafield>
</record>
<record>
    <datafield tag="191" ind1=" " ind2=" ">
        <subfield code="a">E/ESCWA/SD/1993/INF.2</subfield>
    </datafield>
    <datafield tag="245" ind1=" " ind2=" ">
        <subfield code="a">DOCUMENTATION IN THE FIELD OF DISABILITY</subfield>
    </datafield>
    <datafield tag="269" ind1=" " ind2=" ">
        <subfield code="a">19930425</subfield>
    </datafield>
    <datafield tag="650" ind1=" " ind2=" ">
        <subfield code="a">BIBLIOGRAPHIES</subfield>
        <subfield code="0">(DHLAUTH)275101</subfield>
    </datafield>
    <datafield tag="650" ind1=" " ind2=" ">
        <subfield code="a">PERSONS WITH DISABILITIES</subfield>
        <subfield code="0">(DHLAUTH)273918</subfield>
    </datafield>
    <datafield tag="650" ind1=" " ind2=" ">
        <subfield code="a">WESTERN ASIA</subfield>
        <subfield code="0">(DHLAUTH)275490</subfield>
    </datafield>
</record>
<record>
    <datafield tag="191" ind1=" " ind2=" ">
        <subfield code="a">E/ESCWA/SD/1994/1</subfield>
    </datafield>
    <datafield tag="191" ind1=" " ind2=" ">
        <subfield code="a">E/ESCWA/ID/1994/5</subfield>
    </datafield>
    <datafield tag="246" ind1=" " ind2=" ">
        <subfield code="a">مساهمة المرأة العربية في منطقة غربي آسيا في الصناعة</subfield>
    </datafield>
    <datafield tag="269" ind1=" " ind2=" ">
        <subfield code="a">19940412</subfield>
    </datafield>
    <datafield tag="650" ind1=" " ind2=" ">
        <subfield code="a">WESTERN ASIA</subfield>
        <subfield code="0">(DHLAUTH)275490</subfield>
    </datafield>
    <datafield tag="650" ind1=" " ind2=" ">
        <subfield code="a">ELECTRONICS INDUSTRY</subfield>
        <subfield code="0">(DHLAUTH)272128</subfield>
    </datafield>
    <datafield tag="650" ind1=" " ind2=" ">
        <subfield code="a">WOMEN'S EMPLOYMENT</subfield>
        <subfield code="0">(DHLAUTH)273159</subfield>
    </datafield>
    <datafield tag="650" ind1=" " ind2=" ">
        <subfield code="a">PHARMACEUTICAL INDUSTRY</subfield>
        <subfield code="0">(DHLAUTH)272332</subfield>
    </datafield>
    <datafield tag="650" ind1=" " ind2=" ">
        <subfield code="a">ECONOMIC CONDITIONS</subfield>
        <subfield code="0">(DHLAUTH)269719</subfield>
    </datafield>
    <datafield tag="650" ind1=" " ind2=" ">
        <subfield code="a">SOCIAL CONDITIONS</subfield>
        <subfield code="0">(DHLAUTH)268327</subfield>
    </datafield>
    <datafield tag="650" ind1=" " ind2=" ">
        <subfield code="a">FOOD INDUSTRY</subfield>
        <subfield code="0">(DHLAUTH)271313</subfield>
    </datafield>
    <datafield tag="650" ind1=" " ind2=" ">
        <subfield code="a">DECISION-MAKING</subfield>
        <subfield code="0">(DHLAUTH)270223</subfield>
    </datafield>
    <datafield tag="650" ind1=" " ind2=" ">
        <subfield code="a">SYRIAN ARAB REPUBLIC</subfield>
        <subfield code="0">(DHLAUTH)273496</subfield>
    </datafield>
    <datafield tag="650" ind1=" " ind2=" ">
        <subfield code="a">EGYPT</subfield>
        <subfield code="0">(DHLAUTH)273328</subfield>
    </datafield>
    <datafield tag="650" ind1=" " ind2=" ">
        <subfield code="a">JORDAN</subfield>
        <subfield code="0">(DHLAUTH)269099</subfield>
    </datafield>
    <datafield tag="650" ind1=" " ind2=" ">
        <subfield code="a">YEMEN</subfield>
        <subfield code="0">(DHLAUTH)273521</subfield>
    </datafield>
    <datafield tag="650" ind1=" " ind2=" ">
        <subfield code="a">QUESTIONNAIRES</subfield>
        <subfield code="0">(DHLAUTH)272018</subfield>
    </datafield>
    <datafield tag="650" ind1=" " ind2=" ">
        <subfield code="a">RECOMMENDATIONS</subfield>
        <subfield code="0">(DHLAUTH)275840</subfield>
    </datafield>
</record>
<record>
    <datafield tag="191" ind1=" " ind2=" ">
        <subfield code="a">E/ESCWA/SD/1994/10</subfield>
    </datafield>
    <datafield tag="245" ind1=" " ind2=" ">
        <subfield code="a">FINAL REPORT OF THE HIGH-LEVEL SEGMENT, 9-10 NOVEMBER 1994/ ARAB REGIONAL PREPARATORY MEETING FOR THE FOURTH WORLD CONFERENCE ON WOMEN BEIJING 1995 PEACE FOR THE ADVANCEMENT OF ARAB WOMEN AMMAN, 6-10 NOVEMBER 1994</subfield>
    </datafield>
    <datafield tag="246" ind1=" " ind2=" ">
        <subfield code="a">التقرير الختامي للجزء رفيع المستوى, 9-10 تشرين الثاني/نوفمبر 1994 - الاجتماع العربي الاقليمي التحضيري للمؤتمر العالمي الرابع للمرأة, بيجينغ 1995, 6-10 تشرين الثاني/نوفمبر 1994, عمّان </subfield>
    </datafield>
    <datafield tag="269" ind1=" " ind2=" ">
        <subfield code="a">19950312</subfield>
    </datafield>
    <datafield tag="650" ind1=" " ind2=" ">
        <subfield code="a">WORK ORGANIZATION</subfield>
        <subfield code="0">(DHLAUTH)275746</subfield>
    </datafield>
    <datafield tag="650" ind1=" " ind2=" ">
        <subfield code="a">ACTIVITIES</subfield>
        <subfield code="0">(DHLAUTH)275823</subfield>
    </datafield>
    <datafield tag="650" ind1=" " ind2=" ">
        <subfield code="a">WOMEN</subfield>
        <subfield code="0">(DHLAUTH)273032</subfield>
    </datafield>
    <datafield tag="650" ind1=" " ind2=" ">
        <subfield code="a">BEIJING (CHINA)</subfield>
        <subfield code="0">(DHLAUTH)276831</subfield>
    </datafield>
    <datafield tag="650" ind1=" " ind2=" ">
        <subfield code="a">PARTICIPANTS</subfield>
        <subfield code="0">(DHLAUTH)275785</subfield>
    </datafield>
    <datafield tag="650" ind1=" " ind2=" ">
        <subfield code="a">WESTERN ASIA</subfield>
        <subfield code="0">(DHLAUTH)275490</subfield>
    </datafield>
    <datafield tag="650" ind1=" " ind2=" ">
        <subfield code="a">WOMEN'S ADVANCEMENT</subfield>
        <subfield code="0">(DHLAUTH)273158</subfield>
    </datafield>
    <datafield tag="650" ind1=" " ind2=" ">
        <subfield code="a">WOMEN'S STATUS</subfield>
        <subfield code="0">(DHLAUTH)269378</subfield>
    </datafield>
    <datafield tag="650" ind1=" " ind2=" ">
        <subfield code="a">ARAB COUNTRIES</subfield>
        <subfield code="0">(DHLAUTH)268705</subfield>
    </datafield>
</record>
<record>
    <datafield tag="191" ind1=" " ind2=" ">
        <subfield code="a">E/ESCWA/SD/1994/10/CORR.2</subfield>
    </datafield>
    <datafield tag="246" ind1=" " ind2=" ">
        <subfield code="a">التقرير الختامي للجزء رفيع المستوى 9-10 تشرين الثاني / نوفمبر 1994 : تصويب</subfield>
    </datafield>
    <datafield tag="269" ind1=" " ind2=" ">
        <subfield code="a">19950529</subfield>
    </datafield>
    <datafield tag="650" ind1=" " ind2=" ">
        <subfield code="a">WORK ORGANIZATION</subfield>
        <subfield code="0">(DHLAUTH)275746</subfield>
    </datafield>
    <datafield tag="650" ind1=" " ind2=" ">
        <subfield code="a">ACTIVITIES</subfield>
        <subfield code="0">(DHLAUTH)275823</subfield>
    </datafield>
    <datafield tag="650" ind1=" " ind2=" ">
        <subfield code="a">WOMEN</subfield>
        <subfield code="0">(DHLAUTH)273032</subfield>
    </datafield>
    <datafield tag="650" ind1=" " ind2=" ">
        <subfield code="a">PARTICIPANTS</subfield>
        <subfield code="0">(DHLAUTH)275785</subfield>
    </datafield>
</record>
<record>
    <datafield tag="191" ind1=" " ind2=" ">
        <subfield code="a">E/ESCWA/SD/1994/11</subfield>
    </datafield>
    <datafield tag="246" ind1=" " ind2=" ">
        <subfield code="a">مساهمة المرأة في الصناعات الدوائية والالكترونية في دول غربي اسيا </subfield>
    </datafield>
    <datafield tag="269" ind1=" " ind2=" ">
        <subfield code="a">19950322</subfield>
    </datafield>
    <datafield tag="650" ind1=" " ind2=" ">
        <subfield code="a">WESTERN ASIA</subfield>
        <subfield code="0">(DHLAUTH)275490</subfield>
    </datafield>
    <datafield tag="650" ind1=" " ind2=" ">
        <subfield code="a">INDUSTRY</subfield>
        <subfield code="0">(DHLAUTH)271796</subfield>
    </datafield>
    <datafield tag="650" ind1=" " ind2=" ">
        <subfield code="a">ELECTRONICS</subfield>
        <subfield code="0">(DHLAUTH)272372</subfield>
    </datafield>
    <datafield tag="650" ind1=" " ind2=" ">
        <subfield code="a">WOMEN WORKERS</subfield>
        <subfield code="0">(DHLAUTH)273153</subfield>
    </datafield>
    <datafield tag="650" ind1=" " ind2=" ">
        <subfield code="a">PHARMACEUTICAL INDUSTRY</subfield>
        <subfield code="0">(DHLAUTH)272332</subfield>
    </datafield>
    <datafield tag="650" ind1=" " ind2=" ">
        <subfield code="a">ECONOMIC CONDITIONS</subfield>
        <subfield code="0">(DHLAUTH)269719</subfield>
    </datafield>
    <datafield tag="650" ind1=" " ind2=" ">
        <subfield code="a">SOCIAL CONDITIONS</subfield>
        <subfield code="0">(DHLAUTH)268327</subfield>
    </datafield>
</record>
<record>
    <datafield tag="191" ind1=" " ind2=" ">
        <subfield code="a">E/ESCWA/SD/1994/6</subfield>
    </datafield>
    <datafield tag="246" ind1=" " ind2=" ">
        <subfield code="a">معلمة رياض الاطفال ودورها في عملية التنشئة الاجتماعية: دراسة ميدانية لكل من الكويت والبحرين مع برنامج مقترح لاعداد معلمة الرياض</subfield>
    </datafield>
    <datafield tag="269" ind1=" " ind2=" ">
        <subfield code="a">19940915</subfield>
    </datafield>
    <datafield tag="650" ind1=" " ind2=" ">
        <subfield code="a">PRESCHOOL EDUCATION</subfield>
        <subfield code="0">(DHLAUTH)273998</subfield>
    </datafield>
    <datafield tag="650" ind1=" " ind2=" ">
        <subfield code="a">TEACHERS</subfield>
        <subfield code="0">(DHLAUTH)274014</subfield>
    </datafield>
    <datafield tag="650" ind1=" " ind2=" ">
        <subfield code="a">SOCIALIZATION</subfield>
        <subfield code="0">(DHLAUTH)268499</subfield>
    </datafield>
    <datafield tag="650" ind1=" " ind2=" ">
        <subfield code="a">T0013392?</subfield>
        <subfield code="0">(DHLAUTH)?</subfield>
    </datafield>
    <datafield tag="650" ind1=" " ind2=" ">
        <subfield code="a">RECOMMENDATIONS</subfield>
        <subfield code="0">(DHLAUTH)275840</subfield>
    </datafield>
    <datafield tag="650" ind1=" " ind2=" ">
        <subfield code="a">BAHRAIN</subfield>
        <subfield code="0">(DHLAUTH)273274</subfield>
    </datafield>
    <datafield tag="650" ind1=" " ind2=" ">
        <subfield code="a">KUWAIT</subfield>
        <subfield code="0">(DHLAUTH)273384</subfield>
    </datafield>
    <datafield tag="650" ind1=" " ind2=" ">
        <subfield code="a">STATISTICAL DATA</subfield>
        <subfield code="0">(DHLAUTH)270233</subfield>
    </datafield>
    <datafield tag="650" ind1=" " ind2=" ">
        <subfield code="a">WESTERN ASIA</subfield>
        <subfield code="0">(DHLAUTH)275490</subfield>
    </datafield>
</record>
<record>
    <datafield tag="191" ind1=" " ind2=" ">
        <subfield code="a">E/ESCWA/SD/1994/7</subfield>
    </datafield>
    <datafield tag="245" ind1=" " ind2=" ">
        <subfield code="a">DRAFT ARAB DECLARATION ON SOCIAL DEVELOPMENT</subfield>
    </datafield>
    <datafield tag="246" ind1=" " ind2=" ">
        <subfield code="a">مشروع الاعلان العربي للتنمية الاجتماعية</subfield>
    </datafield>
    <datafield tag="269" ind1=" " ind2=" ">
        <subfield code="a">19941116</subfield>
    </datafield>
    <datafield tag="650" ind1=" " ind2=" ">
        <subfield code="a">DECLARATIONS</subfield>
        <subfield code="0">(DHLAUTH)275831</subfield>
    </datafield>
    <datafield tag="650" ind1=" " ind2=" ">
        <subfield code="a">WESTERN ASIA</subfield>
        <subfield code="0">(DHLAUTH)275490</subfield>
    </datafield>
    <datafield tag="650" ind1=" " ind2=" ">
        <subfield code="a">SOCIAL DEVELOPMENT</subfield>
        <subfield code="0">(DHLAUTH)269873</subfield>
    </datafield>
</record>
<record>
    <datafield tag="191" ind1=" " ind2=" ">
        <subfield code="a">E/ESCWA/SD/1994/8</subfield>
    </datafield>
    <datafield tag="245" ind1=" " ind2=" ">
        <subfield code="a">TOWARD A STRATEGY FOR SUSTAINABLE HUMAN DEVELOPMENT IN THE ARAB WORLD BRAINSTORMING MEETING TANGIER, MOROCCO 7 TO 10 JULY 1994, FINAL REPORT</subfield>
    </datafield>
    <datafield tag="246" ind1=" " ind2=" ">
        <subfield code="a">نحو استراتيجية التنمية البشرية المستدامة في الوطن العربي الاجتماع التحضيري طنجة المملكة المغربية 7-10 تموز /يوليو 1994 التقرير الختامي</subfield>
    </datafield>
    <datafield tag="269" ind1=" " ind2=" ">
        <subfield code="a">19941120</subfield>
    </datafield>
    <datafield tag="650" ind1=" " ind2=" ">
        <subfield code="a">HUMAN DEVELOPMENT</subfield>
        <subfield code="0">(DHLAUTH)276688</subfield>
    </datafield>
    <datafield tag="650" ind1=" " ind2=" ">
        <subfield code="a">EMPOWERMENT</subfield>
        <subfield code="0">(DHLAUTH)469874</subfield>
    </datafield>
    <datafield tag="650" ind1=" " ind2=" ">
        <subfield code="a">WOMEN IN DEVELOPMENT</subfield>
        <subfield code="0">(DHLAUTH)269878</subfield>
    </datafield>
    <datafield tag="650" ind1=" " ind2=" ">
        <subfield code="a">EMPLOYMENT</subfield>
        <subfield code="0">(DHLAUTH)269797</subfield>
    </datafield>
    <datafield tag="650" ind1=" " ind2=" ">
        <subfield code="a">PARTICIPANTS</subfield>
        <subfield code="0">(DHLAUTH)275785</subfield>
    </datafield>
    <datafield tag="650" ind1=" " ind2=" ">
        <subfield code="a">ARAB COUNTRIES</subfield>
        <subfield code="0">(DHLAUTH)268705</subfield>
    </datafield>
    <datafield tag="650" ind1=" " ind2=" ">
        <subfield code="a">WESTERN ASIA</subfield>
        <subfield code="0">(DHLAUTH)275490</subfield>
    </datafield>
</record>
<record>
    <datafield tag="191" ind1=" " ind2=" ">
        <subfield code="a">E/ESCWA/SD/1995/1</subfield>
    </datafield>
    <datafield tag="245" ind1=" " ind2=" ">
        <subfield code="a">THE SITUATION OF DISABLED WOMEN,THEIR MARGINALIZATION AND MEASURES FOR SOCIAL INTEGRATION IN ESCWA REGION</subfield>
    </datafield>
    <datafield tag="246" ind1=" " ind2=" ">
        <subfield code="a">حالة النساء المعوقات ووضعهن الهامشي وتدابير دمجهن في المجتمع في منطقة الاسكوا</subfield>
    </datafield>
    <datafield tag="269" ind1=" " ind2=" ">
        <subfield code="a">19950313</subfield>
    </datafield>
    <datafield tag="650" ind1=" " ind2=" ">
        <subfield code="a">WOMEN WITH DISABILITIES</subfield>
        <subfield code="0">(DHLAUTH)273148</subfield>
    </datafield>
    <datafield tag="650" ind1=" " ind2=" ">
        <subfield code="a">ARAB COUNTRIES</subfield>
        <subfield code="0">(DHLAUTH)268705</subfield>
    </datafield>
    <datafield tag="650" ind1=" " ind2=" ">
        <subfield code="a">POVERTY</subfield>
        <subfield code="0">(DHLAUTH)270079</subfield>
    </datafield>
    <datafield tag="650" ind1=" " ind2=" ">
        <subfield code="a">MALNUTRITION</subfield>
        <subfield code="0">(DHLAUTH)273638</subfield>
    </datafield>
    <datafield tag="650" ind1=" " ind2=" ">
        <subfield code="a">LITERACY</subfield>
        <subfield code="0">(DHLAUTH)274060</subfield>
    </datafield>
    <datafield tag="650" ind1=" " ind2=" ">
        <subfield code="a">ARMED CONFLICTS</subfield>
        <subfield code="0">(DHLAUTH)268752</subfield>
    </datafield>
    <datafield tag="650" ind1=" " ind2=" ">
        <subfield code="a">SOCIAL ISOLATION</subfield>
        <subfield code="0">(DHLAUTH)274507</subfield>
    </datafield>
    <datafield tag="650" ind1=" " ind2=" ">
        <subfield code="a">MARRIAGE</subfield>
        <subfield code="0">(DHLAUTH)269345</subfield>
    </datafield>
    <datafield tag="650" ind1=" " ind2=" ">
        <subfield code="a">SOCIAL INTEGRATION</subfield>
        <subfield code="0">(DHLAUTH)274706</subfield>
    </datafield>
    <datafield tag="650" ind1=" " ind2=" ">
        <subfield code="a">REHABILITATION</subfield>
        <subfield code="0">(DHLAUTH)273690</subfield>
    </datafield>
    <datafield tag="650" ind1=" " ind2=" ">
        <subfield code="a">CASE STUDIES</subfield>
        <subfield code="0">(DHLAUTH)274639</subfield>
    </datafield>
    <datafield tag="650" ind1=" " ind2=" ">
        <subfield code="a">BAHRAIN</subfield>
        <subfield code="0">(DHLAUTH)273274</subfield>
    </datafield>
    <datafield tag="650" ind1=" " ind2=" ">
        <subfield code="a">JORDAN</subfield>
        <subfield code="0">(DHLAUTH)269099</subfield>
    </datafield>
    <datafield tag="650" ind1=" " ind2=" ">
        <subfield code="a">WESTERN ASIA</subfield>
        <subfield code="0">(DHLAUTH)275490</subfield>
    </datafield>
    <datafield tag="650" ind1=" " ind2=" ">
        <subfield code="a">KINSHIP</subfield>
        <subfield code="0">(DHLAUTH)273019</subfield>
    </datafield>
    <datafield tag="650" ind1=" " ind2=" ">
        <subfield code="a">FERTILITY RATE</subfield>
        <subfield code="0">(DHLAUTH)272942</subfield>
    </datafield>
</record>
<record>
    <datafield tag="191" ind1=" " ind2=" ">
        <subfield code="a">E/ESCWA/SD/1995/2</subfield>
    </datafield>
    <datafield tag="246" ind1=" " ind2=" ">
        <subfield code="a">تقرير حول المهمة الاستشارية الى وزارة الشؤون الاجتماعية و العمل,مديرية المراة و الطفل,مسقط-سلطنة عمان خلال الفترة من5-27 شباط/فيراير19</subfield>
    </datafield>
    <datafield tag="269" ind1=" " ind2=" ">
        <subfield code="a">19950524</subfield>
    </datafield>
    <datafield tag="650" ind1=" " ind2=" ">
        <subfield code="a">AMMAN (JORDAN)</subfield>
        <subfield code="0">(DHLAUTH)276766</subfield>
    </datafield>
    <datafield tag="650" ind1=" " ind2=" ">
        <subfield code="a">WESTERN ASIA</subfield>
        <subfield code="0">(DHLAUTH)275490</subfield>
    </datafield>
    <datafield tag="650" ind1=" " ind2=" ">
        <subfield code="a">ADVISORY SERVICES</subfield>
        <subfield code="0">(DHLAUTH)269860</subfield>
    </datafield>
</record>
<record>
    <datafield tag="191" ind1=" " ind2=" ">
        <subfield code="a">E/ESCWA/SD/1995/3</subfield>
    </datafield>
    <datafield tag="245" ind1=" " ind2=" ">
        <subfield code="a">THE PREPARATORY EXPERT GROUP MEETING ON THE ARAB DECLARATION ON SOCIAL DEVELOPMENT AMMAN 19-22 SEPTEMBER 1994</subfield>
    </datafield>
    <datafield tag="246" ind1=" " ind2=" ">
        <subfield code="a">تقرير عن اجتماع الخبراء حول الاعلان العربي للتنمية الاجتماعية عمان 91-22 ايلول /سبتمبر 1994 </subfield>
    </datafield>
    <datafield tag="269" ind1=" " ind2=" ">
        <subfield code="a">19950906</subfield>
    </datafield>
    <datafield tag="650" ind1=" " ind2=" ">
        <subfield code="a">CONFERENCES</subfield>
        <subfield code="0">(DHLAUTH)275758</subfield>
    </datafield>
    <datafield tag="650" ind1=" " ind2=" ">
        <subfield code="a">WESTERN ASIA</subfield>
        <subfield code="0">(DHLAUTH)275490</subfield>
    </datafield>
    <datafield tag="650" ind1=" " ind2=" ">
        <subfield code="a">SOCIAL DEVELOPMENT</subfield>
        <subfield code="0">(DHLAUTH)269873</subfield>
    </datafield>
    <datafield tag="650" ind1=" " ind2=" ">
        <subfield code="a">WORK ORGANIZATION</subfield>
        <subfield code="0">(DHLAUTH)275746</subfield>
    </datafield>
    <datafield tag="650" ind1=" " ind2=" ">
        <subfield code="a">AGENDA</subfield>
        <subfield code="0">(DHLAUTH)275133</subfield>
    </datafield>
    <datafield tag="650" ind1=" " ind2=" ">
        <subfield code="a">RESOLUTIONS AND DECISIONS</subfield>
        <subfield code="0">(DHLAUTH)275677</subfield>
    </datafield>
    <datafield tag="650" ind1=" " ind2=" ">
        <subfield code="a">EMPLOYMENT</subfield>
        <subfield code="0">(DHLAUTH)269797</subfield>
    </datafield>
    <datafield tag="650" ind1=" " ind2=" ">
        <subfield code="a">POVERTY</subfield>
        <subfield code="0">(DHLAUTH)270079</subfield>
    </datafield>
    <datafield tag="650" ind1=" " ind2=" ">
        <subfield code="a">SOCIAL INTEGRATION</subfield>
        <subfield code="0">(DHLAUTH)274706</subfield>
    </datafield>
    <datafield tag="650" ind1=" " ind2=" ">
        <subfield code="a">CULTURE</subfield>
        <subfield code="0">(DHLAUTH)274673</subfield>
    </datafield>
</record>
<record>
    <datafield tag="191" ind1=" " ind2=" ">
        <subfield code="a">E/ESCWA/SD/1995/5</subfield>
    </datafield>
    <datafield tag="246" ind1=" " ind2=" ">
        <subfield code="a">تغير القيم في العائلة العربية</subfield>
    </datafield>
    <datafield tag="269" ind1=" " ind2=" ">
        <subfield code="a">19951227</subfield>
    </datafield>
    <datafield tag="650" ind1=" " ind2=" ">
        <subfield code="a">SOCIAL CHANGE</subfield>
        <subfield code="0">(DHLAUTH)268519</subfield>
    </datafield>
    <datafield tag="650" ind1=" " ind2=" ">
        <subfield code="a">FAMILY</subfield>
        <subfield code="0">(DHLAUTH)269293</subfield>
    </datafield>
    <datafield tag="650" ind1=" " ind2=" ">
        <subfield code="a">SOCIAL VALUES</subfield>
        <subfield code="0">(DHLAUTH)274653</subfield>
    </datafield>
    <datafield tag="650" ind1=" " ind2=" ">
        <subfield code="a">URBANIZATION</subfield>
        <subfield code="0">(DHLAUTH)273116</subfield>
    </datafield>
    <datafield tag="650" ind1=" " ind2=" ">
        <subfield code="a">EDUCATION</subfield>
        <subfield code="0">(DHLAUTH)268926</subfield>
    </datafield>
    <datafield tag="650" ind1=" " ind2=" ">
        <subfield code="a">MIGRATION</subfield>
        <subfield code="0">(DHLAUTH)273027</subfield>
    </datafield>
    <datafield tag="650" ind1=" " ind2=" ">
        <subfield code="a">SOCIAL STATUS</subfield>
        <subfield code="0">(DHLAUTH)269377</subfield>
    </datafield>
    <datafield tag="650" ind1=" " ind2=" ">
        <subfield code="a">MANPOWER</subfield>
        <subfield code="0">(DHLAUTH)273105</subfield>
    </datafield>
    <datafield tag="650" ind1=" " ind2=" ">
        <subfield code="a">ARAB COUNTRIES</subfield>
        <subfield code="0">(DHLAUTH)268705</subfield>
    </datafield>
    <datafield tag="650" ind1=" " ind2=" ">
        <subfield code="a">WESTERN ASIA</subfield>
        <subfield code="0">(DHLAUTH)275490</subfield>
    </datafield>
    <datafield tag="650" ind1=" " ind2=" ">
        <subfield code="a">PRODUCTIVITY</subfield>
        <subfield code="0">(DHLAUTH)269672</subfield>
    </datafield>
</record>
<record>
    <datafield tag="191" ind1=" " ind2=" ">
        <subfield code="a">E/ESCWA/SD/1995/6</subfield>
    </datafield>
    <datafield tag="245" ind1=" " ind2=" ">
        <subfield code="a">الاحكام المتعلقة بعمل النساء في التشريعات العربية</subfield>
    </datafield>
    <datafield tag="269" ind1=" " ind2=" ">
        <subfield code="a">19951231</subfield>
    </datafield>
    <datafield tag="650" ind1=" " ind2=" ">
        <subfield code="a">MANPOWER</subfield>
        <subfield code="0">(DHLAUTH)273105</subfield>
    </datafield>
    <datafield tag="650" ind1=" " ind2=" ">
        <subfield code="a">ARAB COUNTRIES</subfield>
        <subfield code="0">(DHLAUTH)268705</subfield>
    </datafield>
    <datafield tag="650" ind1=" " ind2=" ">
        <subfield code="a">WESTERN ASIA</subfield>
        <subfield code="0">(DHLAUTH)275490</subfield>
    </datafield>
    <datafield tag="650" ind1=" " ind2=" ">
        <subfield code="a">INTERNATIONAL LABOUR LEGISLATION</subfield>
        <subfield code="0">(DHLAUTH)269480</subfield>
    </datafield>
    <datafield tag="650" ind1=" " ind2=" ">
        <subfield code="a">WOMEN IN DEVELOPMENT</subfield>
        <subfield code="0">(DHLAUTH)269878</subfield>
    </datafield>
    <datafield tag="650" ind1=" " ind2=" ">
        <subfield code="a">WAGES</subfield>
        <subfield code="0">(DHLAUTH)269809</subfield>
    </datafield>
    <datafield tag="650" ind1=" " ind2=" ">
        <subfield code="a">LABOUR CONTRACTS</subfield>
        <subfield code="0">(DHLAUTH)274213</subfield>
    </datafield>
    <datafield tag="650" ind1=" " ind2=" ">
        <subfield code="a">OCCUPATIONAL SAFETY</subfield>
        <subfield code="0">(DHLAUTH)271941</subfield>
    </datafield>
    <datafield tag="650" ind1=" " ind2=" ">
        <subfield code="a">LABOUR INSPECTION</subfield>
        <subfield code="0">(DHLAUTH)272047</subfield>
    </datafield>
    <datafield tag="650" ind1=" " ind2=" ">
        <subfield code="a">TRADE UNIONS</subfield>
        <subfield code="0">(DHLAUTH)268462</subfield>
    </datafield>
    <datafield tag="650" ind1=" " ind2=" ">
        <subfield code="a">SOCIAL SECURITY</subfield>
        <subfield code="0">(DHLAUTH)270081</subfield>
    </datafield>
    <datafield tag="650" ind1=" " ind2=" ">
        <subfield code="a">MOTHERHOOD</subfield>
        <subfield code="0">(DHLAUTH)273094</subfield>
    </datafield>
    <datafield tag="650" ind1=" " ind2=" ">
        <subfield code="a">WORKING CONDITIONS</subfield>
        <subfield code="0">(DHLAUTH)272403</subfield>
    </datafield>
    <datafield tag="650" ind1=" " ind2=" ">
        <subfield code="a">PAID LEAVE</subfield>
        <subfield code="0">(DHLAUTH)273205</subfield>
    </datafield>
    <datafield tag="650" ind1=" " ind2=" ">
        <subfield code="a">LABOUR COURTS</subfield>
        <subfield code="0">(DHLAUTH)268761</subfield>
    </datafield>
    <datafield tag="650" ind1=" " ind2=" ">
        <subfield code="a">JORDAN</subfield>
        <subfield code="0">(DHLAUTH)269099</subfield>
    </datafield>
    <datafield tag="650" ind1=" " ind2=" ">
        <subfield code="a">IRAQ</subfield>
        <subfield code="0">(DHLAUTH)273370</subfield>
    </datafield>
    <datafield tag="650" ind1=" " ind2=" ">
        <subfield code="a">LEBANON</subfield>
        <subfield code="0">(DHLAUTH)269069</subfield>
    </datafield>
    <datafield tag="650" ind1=" " ind2=" ">
        <subfield code="a">TUNISIA</subfield>
        <subfield code="0">(DHLAUTH)273507</subfield>
    </datafield>
    <datafield tag="650" ind1=" " ind2=" ">
        <subfield code="a">KUWAIT</subfield>
        <subfield code="0">(DHLAUTH)273384</subfield>
    </datafield>
    <datafield tag="650" ind1=" " ind2=" ">
        <subfield code="a">SYRIAN ARAB REPUBLIC</subfield>
        <subfield code="0">(DHLAUTH)273496</subfield>
    </datafield>
</record>
<record>
    <datafield tag="191" ind1=" " ind2=" ">
        <subfield code="a">E/ESCWA/SD/1995/8/ADD.1/REV.1</subfield>
    </datafield>
    <datafield tag="246" ind1=" " ind2=" ">
        <subfield code="a">قياس الفقر في دول اللجنة الاقتصادية و الاجتماعية لغربي آسيا</subfield>
    </datafield>
    <datafield tag="269" ind1=" " ind2=" ">
        <subfield code="a">19960106</subfield>
    </datafield>
    <datafield tag="650" ind1=" " ind2=" ">
        <subfield code="a">POVERTY</subfield>
        <subfield code="0">(DHLAUTH)270079</subfield>
    </datafield>
    <datafield tag="650" ind1=" " ind2=" ">
        <subfield code="a">WESTERN ASIA</subfield>
        <subfield code="0">(DHLAUTH)275490</subfield>
    </datafield>
    <datafield tag="650" ind1=" " ind2=" ">
        <subfield code="a">JORDAN</subfield>
        <subfield code="0">(DHLAUTH)269099</subfield>
    </datafield>
    <datafield tag="650" ind1=" " ind2=" ">
        <subfield code="a">IRAQ</subfield>
        <subfield code="0">(DHLAUTH)273370</subfield>
    </datafield>
    <datafield tag="650" ind1=" " ind2=" ">
        <subfield code="a">EGYPT</subfield>
        <subfield code="0">(DHLAUTH)273328</subfield>
    </datafield>
    <datafield tag="650" ind1=" " ind2=" ">
        <subfield code="a">KUWAIT</subfield>
        <subfield code="0">(DHLAUTH)273384</subfield>
    </datafield>
    <datafield tag="650" ind1=" " ind2=" ">
        <subfield code="a">QATAR</subfield>
        <subfield code="0">(DHLAUTH)275603</subfield>
    </datafield>
    <datafield tag="650" ind1=" " ind2=" ">
        <subfield code="a">LEBANON</subfield>
        <subfield code="0">(DHLAUTH)269069</subfield>
    </datafield>
    <datafield tag="650" ind1=" " ind2=" ">
        <subfield code="a">BAHRAIN</subfield>
        <subfield code="0">(DHLAUTH)273274</subfield>
    </datafield>
    <datafield tag="650" ind1=" " ind2=" ">
        <subfield code="a">STATISTICAL DATA</subfield>
        <subfield code="0">(DHLAUTH)270233</subfield>
    </datafield>
    <datafield tag="650" ind1=" " ind2=" ">
        <subfield code="a">PURCHASING POWER</subfield>
        <subfield code="0">(DHLAUTH)269739</subfield>
    </datafield>
    <datafield tag="650" ind1=" " ind2=" ">
        <subfield code="a">SOCIAL CHANGE</subfield>
        <subfield code="0">(DHLAUTH)268519</subfield>
    </datafield>
    <datafield tag="650" ind1=" " ind2=" ">
        <subfield code="a">PRICE INDICES</subfield>
        <subfield code="0">(DHLAUTH)269643</subfield>
    </datafield>
    <datafield tag="650" ind1=" " ind2=" ">
        <subfield code="a">SOCIAL INDICATORS</subfield>
        <subfield code="0">(DHLAUTH)269644</subfield>
    </datafield>
</record>
<record>
    <datafield tag="191" ind1=" " ind2=" ">
        <subfield code="a">E/ESCWA/SD/1995/8/ADD.2</subfield>
    </datafield>
    <datafield tag="246" ind1=" " ind2=" ">
        <subfield code="a">الفقر في لبنان</subfield>
    </datafield>
    <datafield tag="269" ind1=" " ind2=" ">
        <subfield code="a">19960104</subfield>
    </datafield>
    <datafield tag="650" ind1=" " ind2=" ">
        <subfield code="a">POVERTY</subfield>
        <subfield code="0">(DHLAUTH)270079</subfield>
    </datafield>
    <datafield tag="650" ind1=" " ind2=" ">
        <subfield code="a">FAMILY</subfield>
        <subfield code="0">(DHLAUTH)269293</subfield>
    </datafield>
    <datafield tag="650" ind1=" " ind2=" ">
        <subfield code="a">EDUCATION</subfield>
        <subfield code="0">(DHLAUTH)268926</subfield>
    </datafield>
    <datafield tag="650" ind1=" " ind2=" ">
        <subfield code="a">HEALTH</subfield>
        <subfield code="0">(DHLAUTH)273713</subfield>
    </datafield>
    <datafield tag="650" ind1=" " ind2=" ">
        <subfield code="a">WAR</subfield>
        <subfield code="0">(DHLAUTH)268280</subfield>
    </datafield>
    <datafield tag="650" ind1=" " ind2=" ">
        <subfield code="a">LEBANON</subfield>
        <subfield code="0">(DHLAUTH)269069</subfield>
    </datafield>
    <datafield tag="650" ind1=" " ind2=" ">
        <subfield code="a">WESTERN ASIA</subfield>
        <subfield code="0">(DHLAUTH)275490</subfield>
    </datafield>
    <datafield tag="650" ind1=" " ind2=" ">
        <subfield code="a">ECONOMIC POLICY</subfield>
        <subfield code="0">(DHLAUTH)268235</subfield>
    </datafield>
    <datafield tag="650" ind1=" " ind2=" ">
        <subfield code="a">ECONOMIC DEVELOPMENT</subfield>
        <subfield code="0">(DHLAUTH)269755</subfield>
    </datafield>
    <datafield tag="650" ind1=" " ind2=" ">
        <subfield code="a">STUDENTS</subfield>
        <subfield code="0">(DHLAUTH)274118</subfield>
    </datafield>
    <datafield tag="650" ind1=" " ind2=" ">
        <subfield code="a">PROFESSIONAL EDUCATION</subfield>
        <subfield code="0">(DHLAUTH)273943</subfield>
    </datafield>
    <datafield tag="650" ind1=" " ind2=" ">
        <subfield code="a">WOMEN</subfield>
        <subfield code="0">(DHLAUTH)273032</subfield>
    </datafield>
    <datafield tag="650" ind1=" " ind2=" ">
        <subfield code="a">FAMILY INCOME</subfield>
        <subfield code="0">(DHLAUTH)269804</subfield>
    </datafield>
    <datafield tag="650" ind1=" " ind2=" ">
        <subfield code="a">SOCIAL SECURITY</subfield>
        <subfield code="0">(DHLAUTH)270081</subfield>
    </datafield>
</record>
<record>
    <datafield tag="191" ind1=" " ind2=" ">
        <subfield code="a">E/ESCWA/SD/1996/1</subfield>
    </datafield>
    <datafield tag="245" ind1=" " ind2=" ">
        <subfield code="a">THE DEVELOPMENT OF SOCIAL DEVELOPMENT SERVICES CENTRES(SDSCS):PROGRAMME OF ACTION, 1996-2000</subfield>
    </datafield>
    <datafield tag="246" ind1=" " ind2=" ">
        <subfield code="a">تطوير مراكز الخدمات الانمائية:برنامج العمل, 1996-2000</subfield>
    </datafield>
    <datafield tag="269" ind1=" " ind2=" ">
        <subfield code="a">19960313</subfield>
    </datafield>
    <datafield tag="650" ind1=" " ind2=" ">
        <subfield code="a">SOCIAL WELFARE</subfield>
        <subfield code="0">(DHLAUTH)269714</subfield>
    </datafield>
    <datafield tag="650" ind1=" " ind2=" ">
        <subfield code="a">SOCIAL INSTITUTIONS</subfield>
        <subfield code="0">(DHLAUTH)269950</subfield>
    </datafield>
    <datafield tag="650" ind1=" " ind2=" ">
        <subfield code="a">WORK PROGRAMME</subfield>
        <subfield code="0">(DHLAUTH)275800</subfield>
    </datafield>
    <datafield tag="650" ind1=" " ind2=" ">
        <subfield code="a">ADVISORY SERVICES</subfield>
        <subfield code="0">(DHLAUTH)269860</subfield>
    </datafield>
    <datafield tag="650" ind1=" " ind2=" ">
        <subfield code="a">LEBANON</subfield>
        <subfield code="0">(DHLAUTH)269069</subfield>
    </datafield>
    <datafield tag="650" ind1=" " ind2=" ">
        <subfield code="a">WESTERN ASIA</subfield>
        <subfield code="0">(DHLAUTH)275490</subfield>
    </datafield>
    <datafield tag="650" ind1=" " ind2=" ">
        <subfield code="a">PROGRAMMES OF ACTION</subfield>
        <subfield code="0">(DHLAUTH)275777</subfield>
    </datafield>
    <datafield tag="650" ind1=" " ind2=" ">
        <subfield code="a">PROJECT IMPLEMENTATION</subfield>
        <subfield code="0">(DHLAUTH)269965</subfield>
    </datafield>
</record>
<record>
    <datafield tag="191" ind1=" " ind2=" ">
        <subfield code="a">E/ESCWA/SD/1996/10</subfield>
    </datafield>
    <datafield tag="246" ind1=" " ind2=" ">
        <subfield code="a">الفقر في العراق قبل وبعد حرب الخليج</subfield>
    </datafield>
    <datafield tag="269" ind1=" " ind2=" ">
        <subfield code="a">19961124</subfield>
    </datafield>
    <datafield tag="650" ind1=" " ind2=" ">
        <subfield code="a">HUMAN RESOURCES</subfield>
        <subfield code="0">(DHLAUTH)270571</subfield>
    </datafield>
    <datafield tag="650" ind1=" " ind2=" ">
        <subfield code="a">POVERTY</subfield>
        <subfield code="0">(DHLAUTH)270079</subfield>
    </datafield>
    <datafield tag="650" ind1=" " ind2=" ">
        <subfield code="a">DEVELOPMENT INDICATORS</subfield>
        <subfield code="0">(DHLAUTH)269756</subfield>
    </datafield>
    <datafield tag="650" ind1=" " ind2=" ">
        <subfield code="a">ECONOMIC DEVELOPMENT</subfield>
        <subfield code="0">(DHLAUTH)269755</subfield>
    </datafield>
    <datafield tag="650" ind1=" " ind2=" ">
        <subfield code="a">IRAQ</subfield>
        <subfield code="0">(DHLAUTH)273370</subfield>
    </datafield>
    <datafield tag="650" ind1=" " ind2=" ">
        <subfield code="a">WESTERN ASIA</subfield>
        <subfield code="0">(DHLAUTH)275490</subfield>
    </datafield>
    <datafield tag="650" ind1=" " ind2=" ">
        <subfield code="a">IRAQ-KUWAIT SITUATION</subfield>
        <subfield code="0">(DHLAUTH)275608</subfield>
    </datafield>
    <datafield tag="650" ind1=" " ind2=" ">
        <subfield code="a">LIVING CONDITIONS</subfield>
        <subfield code="0">(DHLAUTH)269738</subfield>
    </datafield>
    <datafield tag="650" ind1=" " ind2=" ">
        <subfield code="a">COST OF LIVING INDICES</subfield>
        <subfield code="0">(DHLAUTH)269645</subfield>
    </datafield>
    <datafield tag="650" ind1=" " ind2=" ">
        <subfield code="a">COST OF LIVING</subfield>
        <subfield code="0">(DHLAUTH)269734</subfield>
    </datafield>
    <datafield tag="650" ind1=" " ind2=" ">
        <subfield code="a">HOUSEHOLDS</subfield>
        <subfield code="0">(DHLAUTH)273037</subfield>
    </datafield>
</record>
<record>
    <datafield tag="191" ind1=" " ind2=" ">
        <subfield code="a">E/ESCWA/SD/1996/2</subfield>
    </datafield>
    <datafield tag="245" ind1=" " ind2=" ">
        <subfield code="a">REPORT OF THE FINAL EVALUATION MISSION FOR THE PROJECT 30 NOVEMBER TO 02 DECEMBER 1996/ PROJECT FOR LOCAL COMMUNITY DEVELOPMENT IN ARAB RURAL AREAS: THE SYRIAN ARAB REPUBLIC </subfield>
    </datafield>
    <datafield tag="246" ind1=" " ind2=" ">
        <subfield code="a">تقرير بعثة تقويم المشروع 2-4 آذار /مارس 1996: مشروع تنمية المجتمعات المحلية في الريف العربي الجمهورية العربية السورية</subfield>
    </datafield>
    <datafield tag="246" ind1=" " ind2=" ">
        <subfield code="a">تقرير بعثة تقويم المشروع 4-2 اذار/مارس 1996:مشروع تنمية المجتمعات المحلية في الريف العربي الجمهورية العربية السورية.</subfield>
    </datafield>
    <datafield tag="269" ind1=" " ind2=" ">
        <subfield code="a">19970513</subfield>
    </datafield>
    <datafield tag="650" ind1=" " ind2=" ">
        <subfield code="a">PROJECT IMPLEMENTATION</subfield>
        <subfield code="0">(DHLAUTH)269965</subfield>
    </datafield>
    <datafield tag="650" ind1=" " ind2=" ">
        <subfield code="a">PROJECT ACTIVITIES</subfield>
        <subfield code="0">(DHLAUTH)275801</subfield>
    </datafield>
    <datafield tag="650" ind1=" " ind2=" ">
        <subfield code="a">PROJECT EVALUATION</subfield>
        <subfield code="0">(DHLAUTH)269591</subfield>
    </datafield>
    <datafield tag="650" ind1=" " ind2=" ">
        <subfield code="a">PROJECT MANAGEMENT</subfield>
        <subfield code="0">(DHLAUTH)275799</subfield>
    </datafield>
    <datafield tag="650" ind1=" " ind2=" ">
        <subfield code="a">COMMUNITY DEVELOPMENT</subfield>
        <subfield code="0">(DHLAUTH)269977</subfield>
    </datafield>
    <datafield tag="650" ind1=" " ind2=" ">
        <subfield code="a">RURAL AREAS</subfield>
        <subfield code="0">(DHLAUTH)269978</subfield>
    </datafield>
    <datafield tag="650" ind1=" " ind2=" ">
        <subfield code="a">SYRIAN ARAB REPUBLIC</subfield>
        <subfield code="0">(DHLAUTH)273496</subfield>
    </datafield>
    <datafield tag="650" ind1=" " ind2=" ">
        <subfield code="a">RECOMMENDATIONS</subfield>
        <subfield code="0">(DHLAUTH)275840</subfield>
    </datafield>
    <datafield tag="650" ind1=" " ind2=" ">
        <subfield code="a">WESTERN ASIA</subfield>
        <subfield code="0">(DHLAUTH)275490</subfield>
    </datafield>
</record>
<record>
    <datafield tag="191" ind1=" " ind2=" ">
        <subfield code="a">E/ESCWA/SD/1996/2/REV.1</subfield>
    </datafield>
    <datafield tag="246" ind1=" " ind2=" ">
        <subfield code="a">تقرير بعثة التقويم النهائي للمشروع 30 نوفمبر ولغاية 2 كانون الاول 1996: مشروع تنمية المجتمعات المحلية في الريف العربي الجمهورية العربية السورية</subfield>
    </datafield>
    <datafield tag="269" ind1=" " ind2=" ">
        <subfield code="a">19970312</subfield>
    </datafield>
    <datafield tag="650" ind1=" " ind2=" ">
        <subfield code="a">PROJECT IMPLEMENTATION</subfield>
        <subfield code="0">(DHLAUTH)269965</subfield>
    </datafield>
    <datafield tag="650" ind1=" " ind2=" ">
        <subfield code="a">COMMUNITY DEVELOPMENT</subfield>
        <subfield code="0">(DHLAUTH)269977</subfield>
    </datafield>
    <datafield tag="650" ind1=" " ind2=" ">
        <subfield code="a">PROJECT EVALUATION</subfield>
        <subfield code="0">(DHLAUTH)269591</subfield>
    </datafield>
    <datafield tag="650" ind1=" " ind2=" ">
        <subfield code="a">RURAL AREAS</subfield>
        <subfield code="0">(DHLAUTH)269978</subfield>
    </datafield>
    <datafield tag="650" ind1=" " ind2=" ">
        <subfield code="a">SYRIAN ARAB REPUBLIC</subfield>
        <subfield code="0">(DHLAUTH)273496</subfield>
    </datafield>
    <datafield tag="650" ind1=" " ind2=" ">
        <subfield code="a">PROJECT ACTIVITIES</subfield>
        <subfield code="0">(DHLAUTH)275801</subfield>
    </datafield>
    <datafield tag="650" ind1=" " ind2=" ">
        <subfield code="a">RECOMMENDATIONS</subfield>
        <subfield code="0">(DHLAUTH)275840</subfield>
    </datafield>
    <datafield tag="650" ind1=" " ind2=" ">
        <subfield code="a">PROJECT MANAGEMENT</subfield>
        <subfield code="0">(DHLAUTH)275799</subfield>
    </datafield>
    <datafield tag="650" ind1=" " ind2=" ">
        <subfield code="a">WESTERN ASIA</subfield>
        <subfield code="0">(DHLAUTH)275490</subfield>
    </datafield>
    <datafield tag="650" ind1=" " ind2=" ">
        <subfield code="a">SYRIAN ARAB REPUBLIC</subfield>
        <subfield code="0">(DHLAUTH)273496</subfield>
    </datafield>
</record>
<record>
    <datafield tag="191" ind1=" " ind2=" ">
        <subfield code="a">E/ESCWA/SD/1996/3</subfield>
    </datafield>
    <datafield tag="245" ind1=" " ind2=" ">
        <subfield code="a">REPORT OF THE FINAL EVALUATION MISSION FOR THE PROJECT 26 TO 28NOVEMBER 1996: PROJECT FOR LOCAL COMMUNITY DEVELOPMENT IN ARAB RURAL AREAS THE ARAB REPUBLIC OF EGYPT</subfield>
    </datafield>
    <datafield tag="269" ind1=" " ind2=" ">
        <subfield code="a">19970513</subfield>
    </datafield>
    <datafield tag="650" ind1=" " ind2=" ">
        <subfield code="a">PROJECT IMPLEMENTATION</subfield>
        <subfield code="0">(DHLAUTH)269965</subfield>
    </datafield>
    <datafield tag="650" ind1=" " ind2=" ">
        <subfield code="a">COMMUNITY DEVELOPMENT</subfield>
        <subfield code="0">(DHLAUTH)269977</subfield>
    </datafield>
    <datafield tag="650" ind1=" " ind2=" ">
        <subfield code="a">PROJECT EVALUATION</subfield>
        <subfield code="0">(DHLAUTH)269591</subfield>
    </datafield>
    <datafield tag="650" ind1=" " ind2=" ">
        <subfield code="a">RURAL AREAS</subfield>
        <subfield code="0">(DHLAUTH)269978</subfield>
    </datafield>
    <datafield tag="650" ind1=" " ind2=" ">
        <subfield code="a">PROJECT ACTIVITIES</subfield>
        <subfield code="0">(DHLAUTH)275801</subfield>
    </datafield>
    <datafield tag="650" ind1=" " ind2=" ">
        <subfield code="a">RECOMMENDATIONS</subfield>
        <subfield code="0">(DHLAUTH)275840</subfield>
    </datafield>
    <datafield tag="650" ind1=" " ind2=" ">
        <subfield code="a">PROJECT MANAGEMENT</subfield>
        <subfield code="0">(DHLAUTH)275799</subfield>
    </datafield>
    <datafield tag="650" ind1=" " ind2=" ">
        <subfield code="a">WESTERN ASIA</subfield>
        <subfield code="0">(DHLAUTH)275490</subfield>
    </datafield>
    <datafield tag="650" ind1=" " ind2=" ">
        <subfield code="a">EGYPT</subfield>
        <subfield code="0">(DHLAUTH)273328</subfield>
    </datafield>
</record>
<record>
    <datafield tag="191" ind1=" " ind2=" ">
        <subfield code="a">E/ESCWA/SD/1996/3/REV.1</subfield>
    </datafield>
    <datafield tag="246" ind1=" " ind2=" ">
        <subfield code="a">تقرير بعثة التقويم النهائي للمشروع 26-28 تشرين الثاني/نوفمبر1996 : مشروع تنمية المجتمعات المحلية في الريف العربي جمهورية مصر العربية</subfield>
    </datafield>
    <datafield tag="269" ind1=" " ind2=" ">
        <subfield code="a">19970312</subfield>
    </datafield>
    <datafield tag="650" ind1=" " ind2=" ">
        <subfield code="a">PROJECT IMPLEMENTATION</subfield>
        <subfield code="0">(DHLAUTH)269965</subfield>
    </datafield>
    <datafield tag="650" ind1=" " ind2=" ">
        <subfield code="a">COMMUNITY DEVELOPMENT</subfield>
        <subfield code="0">(DHLAUTH)269977</subfield>
    </datafield>
    <datafield tag="650" ind1=" " ind2=" ">
        <subfield code="a">PROJECT EVALUATION</subfield>
        <subfield code="0">(DHLAUTH)269591</subfield>
    </datafield>
    <datafield tag="650" ind1=" " ind2=" ">
        <subfield code="a">RURAL AREAS</subfield>
        <subfield code="0">(DHLAUTH)269978</subfield>
    </datafield>
    <datafield tag="650" ind1=" " ind2=" ">
        <subfield code="a">PROJECT ACTIVITIES</subfield>
        <subfield code="0">(DHLAUTH)275801</subfield>
    </datafield>
    <datafield tag="650" ind1=" " ind2=" ">
        <subfield code="a">RECOMMENDATIONS</subfield>
        <subfield code="0">(DHLAUTH)275840</subfield>
    </datafield>
    <datafield tag="650" ind1=" " ind2=" ">
        <subfield code="a">PROJECT MANAGEMENT</subfield>
        <subfield code="0">(DHLAUTH)275799</subfield>
    </datafield>
    <datafield tag="650" ind1=" " ind2=" ">
        <subfield code="a">WESTERN ASIA</subfield>
        <subfield code="0">(DHLAUTH)275490</subfield>
    </datafield>
    <datafield tag="650" ind1=" " ind2=" ">
        <subfield code="a">EGYPT</subfield>
        <subfield code="0">(DHLAUTH)273328</subfield>
    </datafield>
</record>
<record>
    <datafield tag="191" ind1=" " ind2=" ">
        <subfield code="a">E/ESCWA/SD/1996/6</subfield>
    </datafield>
    <datafield tag="246" ind1=" " ind2=" ">
        <subfield code="a">تمويل التنمية البشرية المستدامة</subfield>
    </datafield>
    <datafield tag="269" ind1=" " ind2=" ">
        <subfield code="a">19951101</subfield>
    </datafield>
    <datafield tag="650" ind1=" " ind2=" ">
        <subfield code="a">HUMAN DEVELOPMENT</subfield>
        <subfield code="0">(DHLAUTH)276688</subfield>
    </datafield>
    <datafield tag="650" ind1=" " ind2=" ">
        <subfield code="a">SUSTAINABLE DEVELOPMENT</subfield>
        <subfield code="0">(DHLAUTH)269920</subfield>
    </datafield>
    <datafield tag="650" ind1=" " ind2=" ">
        <subfield code="a">DIRECTORIES</subfield>
        <subfield code="0">(DHLAUTH)275130</subfield>
    </datafield>
    <datafield tag="650" ind1=" " ind2=" ">
        <subfield code="a">SOCIAL CHANGE</subfield>
        <subfield code="0">(DHLAUTH)268519</subfield>
    </datafield>
    <datafield tag="650" ind1=" " ind2=" ">
        <subfield code="a">HUMAN RESOURCES</subfield>
        <subfield code="0">(DHLAUTH)270571</subfield>
    </datafield>
    <datafield tag="650" ind1=" " ind2=" ">
        <subfield code="a">PARTNERSHIP</subfield>
        <subfield code="0">(DHLAUTH)269206</subfield>
    </datafield>
    <datafield tag="650" ind1=" " ind2=" ">
        <subfield code="a">WESTERN ASIA</subfield>
        <subfield code="0">(DHLAUTH)275490</subfield>
    </datafield>
</record>
<record>
    <datafield tag="191" ind1=" " ind2=" ">
        <subfield code="a">E/ESCWA/SD/1996/7</subfield>
    </datafield>
    <datafield tag="246" ind1=" " ind2=" ">
        <subfield code="a">التنمية البشرية نحو محاولة لصياغة وجهة نظر عربية في المفهوم و القياس</subfield>
    </datafield>
    <datafield tag="269" ind1=" " ind2=" ">
        <subfield code="a">19961014</subfield>
    </datafield>
    <datafield tag="650" ind1=" " ind2=" ">
        <subfield code="a">HUMAN DEVELOPMENT</subfield>
        <subfield code="0">(DHLAUTH)276688</subfield>
    </datafield>
    <datafield tag="650" ind1=" " ind2=" ">
        <subfield code="a">WESTERN ASIA</subfield>
        <subfield code="0">(DHLAUTH)275490</subfield>
    </datafield>
</record>
<record>
    <datafield tag="191" ind1=" " ind2=" ">
        <subfield code="a">E/ESCWA/SD/1996/8</subfield>
    </datafield>
    <datafield tag="246" ind1=" " ind2=" ">
        <subfield code="a">إشكاليات الاندماج الاجتماعي بعد الحرب في لبنان</subfield>
    </datafield>
    <datafield tag="269" ind1=" " ind2=" ">
        <subfield code="a">19961014</subfield>
    </datafield>
    <datafield tag="650" ind1=" " ind2=" ">
        <subfield code="a">LEBANON</subfield>
        <subfield code="0">(DHLAUTH)269069</subfield>
    </datafield>
    <datafield tag="650" ind1=" " ind2=" ">
        <subfield code="a">RECONSTRUCTION</subfield>
        <subfield code="0">(DHLAUTH)268666</subfield>
    </datafield>
    <datafield tag="650" ind1=" " ind2=" ">
        <subfield code="a">SOCIAL POLICY</subfield>
        <subfield code="0">(DHLAUTH)269713</subfield>
    </datafield>
    <datafield tag="650" ind1=" " ind2=" ">
        <subfield code="a">FORCED MIGRATION</subfield>
        <subfield code="0">(DHLAUTH)269274</subfield>
    </datafield>
    <datafield tag="650" ind1=" " ind2=" ">
        <subfield code="a">SOCIAL CLASSES</subfield>
        <subfield code="0">(DHLAUTH)268285</subfield>
    </datafield>
    <datafield tag="650" ind1=" " ind2=" ">
        <subfield code="a">WAR</subfield>
        <subfield code="0">(DHLAUTH)268280</subfield>
    </datafield>
    <datafield tag="650" ind1=" " ind2=" ">
        <subfield code="a">WESTERN ASIA</subfield>
        <subfield code="0">(DHLAUTH)275490</subfield>
    </datafield>
</record>
<record>
    <datafield tag="191" ind1=" " ind2=" ">
        <subfield code="a">E/ESCWA/SD/1996/9</subfield>
    </datafield>
    <datafield tag="245" ind1=" " ind2=" ">
        <subfield code="a">REPORT TO THE COMMISSION ON TECHNICAL COOPORATION ACTIVITIES FOR THE IMPROVEMENT OF THE QUALITY OF LIFE IN HUMAN DEVELOPMENT</subfield>
    </datafield>
    <datafield tag="246" ind1=" " ind2=" ">
        <subfield code="a">تقرير الى اللجنة عن انشطة التعاون الفني لتحسين نوعية الحياة في مجال التنمية البشرية</subfield>
    </datafield>
    <datafield tag="269" ind1=" " ind2=" ">
        <subfield code="a">19960417</subfield>
    </datafield>
    <datafield tag="650" ind1=" " ind2=" ">
        <subfield code="a">WESTERN ASIA</subfield>
        <subfield code="0">(DHLAUTH)275490</subfield>
    </datafield>
    <datafield tag="650" ind1=" " ind2=" ">
        <subfield code="a">TECHNICAL COOPERATION</subfield>
        <subfield code="0">(DHLAUTH)268658</subfield>
    </datafield>
    <datafield tag="650" ind1=" " ind2=" ">
        <subfield code="a">QUALITY OF LIFE</subfield>
        <subfield code="0">(DHLAUTH)270692</subfield>
    </datafield>
    <datafield tag="650" ind1=" " ind2=" ">
        <subfield code="a">ACTIVITIES</subfield>
        <subfield code="0">(DHLAUTH)275823</subfield>
    </datafield>
    <datafield tag="650" ind1=" " ind2=" ">
        <subfield code="a">HUMAN DEVELOPMENT</subfield>
        <subfield code="0">(DHLAUTH)276688</subfield>
    </datafield>
</record>
<record>
    <datafield tag="191" ind1=" " ind2=" ">
        <subfield code="a">E/ESCWA/SD/1997/11</subfield>
    </datafield>
    <datafield tag="246" ind1=" " ind2=" ">
        <subfield code="a">التقرير النهائي والتوصيات/ إجتماع فريق خبراء بشأن تحسين مستويات المعيشة في دول المشرق العربي 16-18 تشرين الثاني 1997 القاهرة</subfield>
    </datafield>
    <datafield tag="269" ind1=" " ind2=" ">
        <subfield code="a">19971126</subfield>
    </datafield>
    <datafield tag="650" ind1=" " ind2=" ">
        <subfield code="a">WORK ORGANIZATION</subfield>
        <subfield code="0">(DHLAUTH)275746</subfield>
    </datafield>
    <datafield tag="650" ind1=" " ind2=" ">
        <subfield code="a">DOCUMENTS</subfield>
        <subfield code="0">(DHLAUTH)270014</subfield>
    </datafield>
    <datafield tag="650" ind1=" " ind2=" ">
        <subfield code="a">CONFERENCES</subfield>
        <subfield code="0">(DHLAUTH)275758</subfield>
    </datafield>
    <datafield tag="650" ind1=" " ind2=" ">
        <subfield code="a">RECOMMENDATIONS</subfield>
        <subfield code="0">(DHLAUTH)275840</subfield>
    </datafield>
    <datafield tag="650" ind1=" " ind2=" ">
        <subfield code="a">POVERTY</subfield>
        <subfield code="0">(DHLAUTH)270079</subfield>
    </datafield>
</record>
<record>
    <datafield tag="191" ind1=" " ind2=" ">
        <subfield code="a">E/ESCWA/SD/1997/4</subfield>
    </datafield>
    <datafield tag="246" ind1=" " ind2=" ">
        <subfield code="a">التنمية البشرية المستدامة ومنهج الاقتصاد الكلي حلقات الارتباط الاستراتيجية ودلالاتها</subfield>
    </datafield>
    <datafield tag="269" ind1=" " ind2=" ">
        <subfield code="a">19970706</subfield>
    </datafield>
    <datafield tag="650" ind1=" " ind2=" ">
        <subfield code="a">HUMAN DEVELOPMENT</subfield>
        <subfield code="0">(DHLAUTH)276688</subfield>
    </datafield>
    <datafield tag="650" ind1=" " ind2=" ">
        <subfield code="a">ECONOMICS</subfield>
        <subfield code="0">(DHLAUTH)269576</subfield>
    </datafield>
    <datafield tag="650" ind1=" " ind2=" ">
        <subfield code="a">SOCIAL CONDITIONS</subfield>
        <subfield code="0">(DHLAUTH)268327</subfield>
    </datafield>
    <datafield tag="650" ind1=" " ind2=" ">
        <subfield code="a">ECONOMIC CONDITIONS</subfield>
        <subfield code="0">(DHLAUTH)269719</subfield>
    </datafield>
    <datafield tag="650" ind1=" " ind2=" ">
        <subfield code="a">HUMAN RESOURCES</subfield>
        <subfield code="0">(DHLAUTH)270571</subfield>
    </datafield>
    <datafield tag="650" ind1=" " ind2=" ">
        <subfield code="a">DEVELOPMENT POLICY</subfield>
        <subfield code="0">(DHLAUTH)269893</subfield>
    </datafield>
    <datafield tag="650" ind1=" " ind2=" ">
        <subfield code="a">GENDER</subfield>
        <subfield code="0">(DHLAUTH)444326</subfield>
    </datafield>
    <datafield tag="650" ind1=" " ind2=" ">
        <subfield code="a">ARAB COUNTRIES</subfield>
        <subfield code="0">(DHLAUTH)268705</subfield>
    </datafield>
    <datafield tag="650" ind1=" " ind2=" ">
        <subfield code="a">WESTERN ASIA</subfield>
        <subfield code="0">(DHLAUTH)275490</subfield>
    </datafield>
</record>
<record>
    <datafield tag="191" ind1=" " ind2=" ">
        <subfield code="a">E/ESCWA/SD/1997/6</subfield>
    </datafield>
    <datafield tag="246" ind1=" " ind2=" ">
        <subfield code="a">الفقر في الضفة الغربية وقطاع غزة: محاولة أولية لتقدير حجمه والتعرف على خصائصه ومحدداته</subfield>
    </datafield>
    <datafield tag="269" ind1=" " ind2=" ">
        <subfield code="a">19970716</subfield>
    </datafield>
    <datafield tag="650" ind1=" " ind2=" ">
        <subfield code="a">GAZA STRIP (STATE OF PALESTINE)</subfield>
        <subfield code="0">(DHLAUTH)277030</subfield>
    </datafield>
    <datafield tag="650" ind1=" " ind2=" ">
        <subfield code="a">LIVING CONDITIONS</subfield>
        <subfield code="0">(DHLAUTH)269738</subfield>
    </datafield>
    <datafield tag="650" ind1=" " ind2=" ">
        <subfield code="a">IRAQ-KUWAIT SITUATION</subfield>
        <subfield code="0">(DHLAUTH)275608</subfield>
    </datafield>
    <datafield tag="650" ind1=" " ind2=" ">
        <subfield code="a">WEST BANK (STATE OF PALESTINE)</subfield>
        <subfield code="0">(DHLAUTH)277374</subfield>
    </datafield>
    <datafield tag="650" ind1=" " ind2=" ">
        <subfield code="a">POVERTY</subfield>
        <subfield code="0">(DHLAUTH)270079</subfield>
    </datafield>
    <datafield tag="650" ind1=" " ind2=" ">
        <subfield code="a">BASIC NEEDS</subfield>
        <subfield code="0">(DHLAUTH)273563</subfield>
    </datafield>
    <datafield tag="650" ind1=" " ind2=" ">
        <subfield code="a">UNEMPLOYMENT</subfield>
        <subfield code="0">(DHLAUTH)269726</subfield>
    </datafield>
    <datafield tag="650" ind1=" " ind2=" ">
        <subfield code="a">WAGES</subfield>
        <subfield code="0">(DHLAUTH)269809</subfield>
    </datafield>
    <datafield tag="650" ind1=" " ind2=" ">
        <subfield code="a">WESTERN ASIA</subfield>
        <subfield code="0">(DHLAUTH)275490</subfield>
    </datafield>
</record>
<record>
    <datafield tag="191" ind1=" " ind2=" ">
        <subfield code="a">E/ESCWA/SD/1997/8</subfield>
    </datafield>
    <datafield tag="246" ind1=" " ind2=" ">
        <subfield code="a">قضايا التشغيل والتنمية البشرية في البلدان العربية</subfield>
    </datafield>
    <datafield tag="269" ind1=" " ind2=" ">
        <subfield code="a">19970824</subfield>
    </datafield>
    <datafield tag="650" ind1=" " ind2=" ">
        <subfield code="a">MIGRANT WORKERS</subfield>
        <subfield code="0">(DHLAUTH)274223</subfield>
    </datafield>
    <datafield tag="650" ind1=" " ind2=" ">
        <subfield code="a">ECONOMIC DEVELOPMENT</subfield>
        <subfield code="0">(DHLAUTH)269755</subfield>
    </datafield>
    <datafield tag="650" ind1=" " ind2=" ">
        <subfield code="a">ARAB COUNTRIES</subfield>
        <subfield code="0">(DHLAUTH)268705</subfield>
    </datafield>
    <datafield tag="650" ind1=" " ind2=" ">
        <subfield code="a">ECONOMIC REFORM</subfield>
        <subfield code="0">(DHLAUTH)269938</subfield>
    </datafield>
    <datafield tag="650" ind1=" " ind2=" ">
        <subfield code="a">EMPLOYMENT</subfield>
        <subfield code="0">(DHLAUTH)269797</subfield>
    </datafield>
    <datafield tag="650" ind1=" " ind2=" ">
        <subfield code="a">HUMAN RESOURCES</subfield>
        <subfield code="0">(DHLAUTH)270571</subfield>
    </datafield>
    <datafield tag="650" ind1=" " ind2=" ">
        <subfield code="a">EMPLOYMENT POLICY</subfield>
        <subfield code="0">(DHLAUTH)269800</subfield>
    </datafield>
</record>
<record>
    <datafield tag="191" ind1=" " ind2=" ">
        <subfield code="a">E/ESCWA/SD/1998/1</subfield>
    </datafield>
    <datafield tag="246" ind1=" " ind2=" ">
        <subfield code="a">موقع القطاع الهامشي "غير المنظم" ودوره في تنمية المجتمعات المحلية العربية مع إشارة خاصة لتجربتي مصر واليمن</subfield>
    </datafield>
    <datafield tag="269" ind1=" " ind2=" ">
        <subfield code="a">19980601</subfield>
    </datafield>
    <datafield tag="650" ind1=" " ind2=" ">
        <subfield code="a">INFORMAL SECTOR</subfield>
        <subfield code="0">(DHLAUTH)271834</subfield>
    </datafield>
    <datafield tag="650" ind1=" " ind2=" ">
        <subfield code="a">YEMEN</subfield>
        <subfield code="0">(DHLAUTH)273521</subfield>
    </datafield>
    <datafield tag="650" ind1=" " ind2=" ">
        <subfield code="a">POVERTY</subfield>
        <subfield code="0">(DHLAUTH)270079</subfield>
    </datafield>
    <datafield tag="650" ind1=" " ind2=" ">
        <subfield code="a">EGYPT</subfield>
        <subfield code="0">(DHLAUTH)273328</subfield>
    </datafield>
    <datafield tag="650" ind1=" " ind2=" ">
        <subfield code="a">COMMUNITY DEVELOPMENT</subfield>
        <subfield code="0">(DHLAUTH)269977</subfield>
    </datafield>
    <datafield tag="650" ind1=" " ind2=" ">
        <subfield code="a">UNEMPLOYMENT</subfield>
        <subfield code="0">(DHLAUTH)269726</subfield>
    </datafield>
    <datafield tag="650" ind1=" " ind2=" ">
        <subfield code="a">WESTERN ASIA</subfield>
        <subfield code="0">(DHLAUTH)275490</subfield>
    </datafield>
</record>
<record>
    <datafield tag="191" ind1=" " ind2=" ">
        <subfield code="a">E/ESCWA/SD/1998/10</subfield>
    </datafield>
    <datafield tag="246" ind1=" " ind2=" ">
        <subfield code="a">لتقرير الختامي والتوصيات:الاجتماع الاقليمي التحضيري للمؤتمر العربي المعنى بالمتابعةا المتكاملة للمؤتمرات العالمية متابعة مؤتمر القمة العالمي للتنمية الاجتماعية بيروت8-11 1998كانون الثاني/ديسمبر</subfield>
    </datafield>
    <datafield tag="269" ind1=" " ind2=" ">
        <subfield code="a">19990113</subfield>
    </datafield>
    <datafield tag="650" ind1=" " ind2=" ">
        <subfield code="a">SOCIAL DEVELOPMENT</subfield>
        <subfield code="0">(DHLAUTH)269873</subfield>
    </datafield>
    <datafield tag="650" ind1=" " ind2=" ">
        <subfield code="a">CONFERENCES</subfield>
        <subfield code="0">(DHLAUTH)275758</subfield>
    </datafield>
    <datafield tag="650" ind1=" " ind2=" ">
        <subfield code="a">WORK ORGANIZATION</subfield>
        <subfield code="0">(DHLAUTH)275746</subfield>
    </datafield>
    <datafield tag="650" ind1=" " ind2=" ">
        <subfield code="a">RECOMMENDATIONS</subfield>
        <subfield code="0">(DHLAUTH)275840</subfield>
    </datafield>
    <datafield tag="650" ind1=" " ind2=" ">
        <subfield code="a">LABOUR</subfield>
        <subfield code="0">(DHLAUTH)274210</subfield>
    </datafield>
    <datafield tag="650" ind1=" " ind2=" ">
        <subfield code="a">POVERTY</subfield>
        <subfield code="0">(DHLAUTH)270079</subfield>
    </datafield>
    <datafield tag="650" ind1=" " ind2=" ">
        <subfield code="a">WESTERN ASIA</subfield>
        <subfield code="0">(DHLAUTH)275490</subfield>
    </datafield>
    <datafield tag="650" ind1=" " ind2=" ">
        <subfield code="a">PARTICIPANTS</subfield>
        <subfield code="0">(DHLAUTH)275785</subfield>
    </datafield>
    <datafield tag="650" ind1=" " ind2=" ">
        <subfield code="a">DOCUMENTS</subfield>
        <subfield code="0">(DHLAUTH)270014</subfield>
    </datafield>
    <datafield tag="650" ind1=" " ind2=" ">
        <subfield code="a">HUMAN DEVELOPMENT</subfield>
        <subfield code="0">(DHLAUTH)276688</subfield>
    </datafield>
    <datafield tag="650" ind1=" " ind2=" ">
        <subfield code="a">MANPOWER</subfield>
        <subfield code="0">(DHLAUTH)273105</subfield>
    </datafield>
</record>
<record>
    <datafield tag="191" ind1=" " ind2=" ">
        <subfield code="a">E/ESCWA/SD/1998/2</subfield>
    </datafield>
    <datafield tag="246" ind1=" " ind2=" ">
        <subfield code="a">زيادة الدخل وتأثيرها على مواجهة الفقر والإيفاء بأحد المقومات الأساسية للتنمية المحلية</subfield>
    </datafield>
    <datafield tag="269" ind1=" " ind2=" ">
        <subfield code="a">19980601</subfield>
    </datafield>
    <datafield tag="650" ind1=" " ind2=" ">
        <subfield code="a">WOMEN</subfield>
        <subfield code="0">(DHLAUTH)273032</subfield>
    </datafield>
    <datafield tag="650" ind1=" " ind2=" ">
        <subfield code="a">POVERTY MITIGATION</subfield>
        <subfield code="0">(DHLAUTH)274700</subfield>
    </datafield>
    <datafield tag="650" ind1=" " ind2=" ">
        <subfield code="a">EGYPT</subfield>
        <subfield code="0">(DHLAUTH)273328</subfield>
    </datafield>
    <datafield tag="650" ind1=" " ind2=" ">
        <subfield code="a">COMMUNITY DEVELOPMENT</subfield>
        <subfield code="0">(DHLAUTH)269977</subfield>
    </datafield>
    <datafield tag="650" ind1=" " ind2=" ">
        <subfield code="a">TRAINING PROGRAMMES</subfield>
        <subfield code="0">(DHLAUTH)274026</subfield>
    </datafield>
    <datafield tag="650" ind1=" " ind2=" ">
        <subfield code="a">INCOME</subfield>
        <subfield code="0">(DHLAUTH)269710</subfield>
    </datafield>
    <datafield tag="650" ind1=" " ind2=" ">
        <subfield code="a">WESTERN ASIA</subfield>
        <subfield code="0">(DHLAUTH)275490</subfield>
    </datafield>
</record>
<record>
    <datafield tag="191" ind1=" " ind2=" ">
        <subfield code="a">E/ESCWA/SD/1998/3</subfield>
    </datafield>
    <datafield tag="246" ind1=" " ind2=" ">
        <subfield code="a">التنمية المحلية في المناطق الريفية العربية مفاهيم وتجارب</subfield>
    </datafield>
    <datafield tag="269" ind1=" " ind2=" ">
        <subfield code="a">19980601</subfield>
    </datafield>
    <datafield tag="650" ind1=" " ind2=" ">
        <subfield code="a">RURAL DEVELOPMENT</subfield>
        <subfield code="0">(DHLAUTH)269872</subfield>
    </datafield>
    <datafield tag="650" ind1=" " ind2=" ">
        <subfield code="a">COMMUNITY DEVELOPMENT</subfield>
        <subfield code="0">(DHLAUTH)269977</subfield>
    </datafield>
</record>
<record>
    <datafield tag="191" ind1=" " ind2=" ">
        <subfield code="a">E/ESCWA/SD/1998/4</subfield>
    </datafield>
    <datafield tag="246" ind1=" " ind2=" ">
        <subfield code="a">التجربة العمانية في مجال تنمية المجتمعات المحلية</subfield>
    </datafield>
    <datafield tag="269" ind1=" " ind2=" ">
        <subfield code="a">19980601</subfield>
    </datafield>
    <datafield tag="650" ind1=" " ind2=" ">
        <subfield code="a">OMAN</subfield>
        <subfield code="0">(DHLAUTH)273438</subfield>
    </datafield>
    <datafield tag="650" ind1=" " ind2=" ">
        <subfield code="a">COMMUNITY DEVELOPMENT</subfield>
        <subfield code="0">(DHLAUTH)269977</subfield>
    </datafield>
    <datafield tag="650" ind1=" " ind2=" ">
        <subfield code="a">WOMEN</subfield>
        <subfield code="0">(DHLAUTH)273032</subfield>
    </datafield>
    <datafield tag="650" ind1=" " ind2=" ">
        <subfield code="a">EDUCATION</subfield>
        <subfield code="0">(DHLAUTH)268926</subfield>
    </datafield>
    <datafield tag="650" ind1=" " ind2=" ">
        <subfield code="a">WESTERN ASIA</subfield>
        <subfield code="0">(DHLAUTH)275490</subfield>
    </datafield>
    <datafield tag="650" ind1=" " ind2=" ">
        <subfield code="a">BASIC NEEDS</subfield>
        <subfield code="0">(DHLAUTH)273563</subfield>
    </datafield>
    <datafield tag="650" ind1=" " ind2=" ">
        <subfield code="a">TECHNICAL TRAINING</subfield>
        <subfield code="0">(DHLAUTH)271971</subfield>
    </datafield>
    <datafield tag="650" ind1=" " ind2=" ">
        <subfield code="a">SOCIAL SERVICES</subfield>
        <subfield code="0">(DHLAUTH)269370</subfield>
    </datafield>
</record>
<record>
    <datafield tag="191" ind1=" " ind2=" ">
        <subfield code="a">E/ESCWA/SD/1998/5</subfield>
    </datafield>
    <datafield tag="246" ind1=" " ind2=" ">
        <subfield code="a">شروق البرنامج الوطني المصري للتنمية الريفية المتكاملة</subfield>
    </datafield>
    <datafield tag="269" ind1=" " ind2=" ">
        <subfield code="a">19980601</subfield>
    </datafield>
    <datafield tag="650" ind1=" " ind2=" ">
        <subfield code="a">RURAL DEVELOPMENT</subfield>
        <subfield code="0">(DHLAUTH)269872</subfield>
    </datafield>
    <datafield tag="650" ind1=" " ind2=" ">
        <subfield code="a">EGYPT</subfield>
        <subfield code="0">(DHLAUTH)273328</subfield>
    </datafield>
    <datafield tag="650" ind1=" " ind2=" ">
        <subfield code="a">COMMUNITY DEVELOPMENT</subfield>
        <subfield code="0">(DHLAUTH)269977</subfield>
    </datafield>
    <datafield tag="650" ind1=" " ind2=" ">
        <subfield code="a">WESTERN ASIA</subfield>
        <subfield code="0">(DHLAUTH)275490</subfield>
    </datafield>
    <datafield tag="650" ind1=" " ind2=" ">
        <subfield code="a">EGYPT</subfield>
        <subfield code="0">(DHLAUTH)273328</subfield>
    </datafield>
    <datafield tag="650" ind1=" " ind2=" ">
        <subfield code="a">FINANCING</subfield>
        <subfield code="0">(DHLAUTH)10479</subfield>
    </datafield>
</record>
<record>
    <datafield tag="191" ind1=" " ind2=" ">
        <subfield code="a">E/ESCWA/SD/1998/6</subfield>
    </datafield>
    <datafield tag="246" ind1=" " ind2=" ">
        <subfield code="a">دور المنظمات الأهلية العربية في تنمية المجتمعات المحلية</subfield>
    </datafield>
    <datafield tag="269" ind1=" " ind2=" ">
        <subfield code="a">19980601</subfield>
    </datafield>
    <datafield tag="650" ind1=" " ind2=" ">
        <subfield code="a">NON-GOVERNMENTAL ORGANIZATIONS</subfield>
        <subfield code="0">(DHLAUTH)268665</subfield>
    </datafield>
    <datafield tag="650" ind1=" " ind2=" ">
        <subfield code="a">ARAB COUNTRIES</subfield>
        <subfield code="0">(DHLAUTH)268705</subfield>
    </datafield>
    <datafield tag="650" ind1=" " ind2=" ">
        <subfield code="a">GLOBALIZATION</subfield>
        <subfield code="0">(DHLAUTH)276685</subfield>
    </datafield>
    <datafield tag="650" ind1=" " ind2=" ">
        <subfield code="a">COMMUNITY DEVELOPMENT</subfield>
        <subfield code="0">(DHLAUTH)269977</subfield>
    </datafield>
    <datafield tag="650" ind1=" " ind2=" ">
        <subfield code="a">WESTERN ASIA</subfield>
        <subfield code="0">(DHLAUTH)275490</subfield>
    </datafield>
    <datafield tag="650" ind1=" " ind2=" ">
        <subfield code="a">CIVIL SOCIETY</subfield>
        <subfield code="0">(DHLAUTH)479996</subfield>
    </datafield>
    <datafield tag="650" ind1=" " ind2=" ">
        <subfield code="a">ARAB COUNTRIES</subfield>
        <subfield code="0">(DHLAUTH)268705</subfield>
    </datafield>
    <datafield tag="650" ind1=" " ind2=" ">
        <subfield code="a">FOUNDATIONS</subfield>
        <subfield code="0">(DHLAUTH)270118</subfield>
    </datafield>
</record>
<record>
    <datafield tag="191" ind1=" " ind2=" ">
        <subfield code="a">E/ESCWA/SD/1999/3</subfield>
    </datafield>
    <datafield tag="245" ind1=" " ind2=" ">
        <subfield code="a">REPORT EXPERT GROUP MEETING OF THE STEERING COMMITTEE OF THE PROJECT ON INTEGRATED REGIONAL FOLLOW-UP BY THE ARAB STATES TO UN GLOBAL CONFERENCES, BEIRUT, 24 FEBRUARY 1999</subfield>
    </datafield>
    <datafield tag="246" ind1=" " ind2=" ">
        <subfield code="a">تقرير اللجنة التوجيهية لمشروع المتابعة الإقليمية المتكاملة في الدول العربية للمؤتمرات العالمية للأمم المتحدة بيروت, 24 شباط/فبراير 1999</subfield>
    </datafield>
    <datafield tag="269" ind1=" " ind2=" ">
        <subfield code="a">19990422</subfield>
    </datafield>
    <datafield tag="650" ind1=" " ind2=" ">
        <subfield code="a">WORK ORGANIZATION</subfield>
        <subfield code="0">(DHLAUTH)275746</subfield>
    </datafield>
    <datafield tag="650" ind1=" " ind2=" ">
        <subfield code="a">CONFERENCES</subfield>
        <subfield code="0">(DHLAUTH)275758</subfield>
    </datafield>
    <datafield tag="650" ind1=" " ind2=" ">
        <subfield code="a">WORK PROGRAMME</subfield>
        <subfield code="0">(DHLAUTH)275800</subfield>
    </datafield>
    <datafield tag="650" ind1=" " ind2=" ">
        <subfield code="a">PROJECT MONITORING</subfield>
        <subfield code="0">(DHLAUTH)269966</subfield>
    </datafield>
</record>
<record>
    <datafield tag="191" ind1=" " ind2=" ">
        <subfield code="a">E/ESCWA/SD/1999/3/REV.1</subfield>
    </datafield>
    <datafield tag="245" ind1=" " ind2=" ">
        <subfield code="a">REPORT EXPERT GROUP MEETING OF THE STEERING COMMITTEE OF THE PORJECT ON INTEGRATED REGIONAL FOLLOW-UP BY THE ARAB STATES TO UN GLOBAL CONFERENCES BEIRUT, 24 FEBRUARY 1999</subfield>
    </datafield>
    <datafield tag="269" ind1=" " ind2=" ">
        <subfield code="a">19990422</subfield>
    </datafield>
    <datafield tag="650" ind1=" " ind2=" ">
        <subfield code="a">WORK ORGANIZATION</subfield>
        <subfield code="0">(DHLAUTH)275746</subfield>
    </datafield>
    <datafield tag="650" ind1=" " ind2=" ">
        <subfield code="a">CONFERENCES</subfield>
        <subfield code="0">(DHLAUTH)275758</subfield>
    </datafield>
    <datafield tag="650" ind1=" " ind2=" ">
        <subfield code="a">WORK PROGRAMME</subfield>
        <subfield code="0">(DHLAUTH)275800</subfield>
    </datafield>
    <datafield tag="650" ind1=" " ind2=" ">
        <subfield code="a">PROJECT MONITORING</subfield>
        <subfield code="0">(DHLAUTH)269966</subfield>
    </datafield>
</record>
<record>
    <datafield tag="191" ind1=" " ind2=" ">
        <subfield code="a">E/ESCWA/SD/1999/7(A)</subfield>
    </datafield>
    <datafield tag="245" ind1=" " ind2=" ">
        <subfield code="a">HUMAN DEVELOPMENT AND ACQUISITION OF ADVANCED KNOWLEDGE IN ARAB COUNTRIES.</subfield>
    </datafield>
    <datafield tag="269" ind1=" " ind2=" ">
        <subfield code="a">19990903</subfield>
    </datafield>
    <datafield tag="650" ind1=" " ind2=" ">
        <subfield code="a">HUMAN DEVELOPMENT</subfield>
        <subfield code="0">(DHLAUTH)276688</subfield>
    </datafield>
    <datafield tag="650" ind1=" " ind2=" ">
        <subfield code="a">HIGHER EDUCATION</subfield>
        <subfield code="0">(DHLAUTH)273997</subfield>
    </datafield>
    <datafield tag="650" ind1=" " ind2=" ">
        <subfield code="a">SCIENTIFIC RESEARCH</subfield>
        <subfield code="0">(DHLAUTH)270603</subfield>
    </datafield>
    <datafield tag="650" ind1=" " ind2=" ">
        <subfield code="a">RESEARCH AND DEVELOPMENT</subfield>
        <subfield code="0">(DHLAUTH)271949</subfield>
    </datafield>
    <datafield tag="650" ind1=" " ind2=" ">
        <subfield code="a">TECHNOLOGY TRANSFER</subfield>
        <subfield code="0">(DHLAUTH)271882</subfield>
    </datafield>
    <datafield tag="650" ind1=" " ind2=" ">
        <subfield code="a">TECHNOLOGICAL CHANGE</subfield>
        <subfield code="0">(DHLAUTH)271841</subfield>
    </datafield>
    <datafield tag="650" ind1=" " ind2=" ">
        <subfield code="a">STUDENTS</subfield>
        <subfield code="0">(DHLAUTH)274118</subfield>
    </datafield>
</record>
<record>
    <datafield tag="191" ind1=" " ind2=" ">
        <subfield code="a">E/ESCWA/SD/2000/1</subfield>
    </datafield>
    <datafield tag="246" ind1=" " ind2=" ">
        <subfield code="a">برنامج تأهيل العاملين في تنمية المجتمع المحلي </subfield>
    </datafield>
    <datafield tag="269" ind1=" " ind2=" ">
        <subfield code="a">20000626</subfield>
    </datafield>
    <datafield tag="650" ind1=" " ind2=" ">
        <subfield code="a">VOCATIONAL TRAINING</subfield>
        <subfield code="0">(DHLAUTH)271390</subfield>
    </datafield>
    <datafield tag="650" ind1=" " ind2=" ">
        <subfield code="a">TRAINING PROGRAMMES</subfield>
        <subfield code="0">(DHLAUTH)274026</subfield>
    </datafield>
    <datafield tag="650" ind1=" " ind2=" ">
        <subfield code="a">EXERCISE</subfield>
        <subfield code="0">(DHLAUTH)273710</subfield>
    </datafield>
    <datafield tag="650" ind1=" " ind2=" ">
        <subfield code="a">WESTERN ASIA</subfield>
        <subfield code="0">(DHLAUTH)275490</subfield>
    </datafield>
</record>
<record>
    <datafield tag="191" ind1=" " ind2=" ">
        <subfield code="a">E/ESCWA/SD/2002/3</subfield>
    </datafield>
    <datafield tag="246" ind1=" " ind2=" ">
        <subfield code="a">دليل تأهيل المدربين في تنمية المجتمع المحلي</subfield>
    </datafield>
    <datafield tag="269" ind1=" " ind2=" ">
        <subfield code="a">20020528</subfield>
    </datafield>
    <datafield tag="650" ind1=" " ind2=" ">
        <subfield code="a">CIVIL SOCIETY</subfield>
        <subfield code="0">(DHLAUTH)479996</subfield>
    </datafield>
    <datafield tag="650" ind1=" " ind2=" ">
        <subfield code="a">COMMUNICATIONS</subfield>
        <subfield code="0">(DHLAUTH)272411</subfield>
    </datafield>
    <datafield tag="650" ind1=" " ind2=" ">
        <subfield code="a">QUESTIONNAIRES</subfield>
        <subfield code="0">(DHLAUTH)272018</subfield>
    </datafield>
    <datafield tag="650" ind1=" " ind2=" ">
        <subfield code="a">WESTERN ASIA</subfield>
        <subfield code="0">(DHLAUTH)275490</subfield>
    </datafield>
</record>
<record>
    <datafield tag="191" ind1=" " ind2=" ">
        <subfield code="a">E/ESCWA/SD/2002/4</subfield>
    </datafield>
    <datafield tag="246" ind1=" " ind2=" ">
        <subfield code="a">برنامج تأهيل المربين في تنمية المجتمع المحلي</subfield>
    </datafield>
    <datafield tag="269" ind1=" " ind2=" ">
        <subfield code="a">20020708</subfield>
    </datafield>
    <datafield tag="650" ind1=" " ind2=" ">
        <subfield code="a">CIVIL SOCIETY</subfield>
        <subfield code="0">(DHLAUTH)479996</subfield>
    </datafield>
    <datafield tag="650" ind1=" " ind2=" ">
        <subfield code="a">EDUCATION</subfield>
        <subfield code="0">(DHLAUTH)268926</subfield>
    </datafield>
    <datafield tag="650" ind1=" " ind2=" ">
        <subfield code="a">VOCATIONAL TRAINING</subfield>
        <subfield code="0">(DHLAUTH)271390</subfield>
    </datafield>
    <datafield tag="650" ind1=" " ind2=" ">
        <subfield code="a">TRAINING PROGRAMMES</subfield>
        <subfield code="0">(DHLAUTH)274026</subfield>
    </datafield>
    <datafield tag="650" ind1=" " ind2=" ">
        <subfield code="a">WESTERN ASIA</subfield>
        <subfield code="0">(DHLAUTH)275490</subfield>
    </datafield>
</record>
<record>
    <datafield tag="191" ind1=" " ind2=" ">
        <subfield code="a">E/ESCWA/SD/2002/5</subfield>
    </datafield>
    <datafield tag="246" ind1=" " ind2=" ">
        <subfield code="a">MODELES DE POLITIQUES SOCIALE: LES ENSEIGNEMENTS DE L'EXPERIENCE TUNISIENNE</subfield>
    </datafield>
    <datafield tag="246" ind1=" " ind2=" ">
        <subfield code="a">نماذج السياسات الاجتماعية : التجربة التونسية ودلالاتها </subfield>
    </datafield>
    <datafield tag="269" ind1=" " ind2=" ">
        <subfield code="a">20020410</subfield>
    </datafield>
    <datafield tag="650" ind1=" " ind2=" ">
        <subfield code="a">SOCIAL POLICY</subfield>
        <subfield code="0">(DHLAUTH)269713</subfield>
    </datafield>
    <datafield tag="650" ind1=" " ind2=" ">
        <subfield code="a">HEALTH</subfield>
        <subfield code="0">(DHLAUTH)273713</subfield>
    </datafield>
    <datafield tag="650" ind1=" " ind2=" ">
        <subfield code="a">EDUCATION</subfield>
        <subfield code="0">(DHLAUTH)268926</subfield>
    </datafield>
    <datafield tag="650" ind1=" " ind2=" ">
        <subfield code="a">STRUCTURAL ADJUSTMENT</subfield>
        <subfield code="0">(DHLAUTH)269790</subfield>
    </datafield>
    <datafield tag="650" ind1=" " ind2=" ">
        <subfield code="a">GLOBALIZATION</subfield>
        <subfield code="0">(DHLAUTH)276685</subfield>
    </datafield>
    <datafield tag="650" ind1=" " ind2=" ">
        <subfield code="a">POPULATION POLICY</subfield>
        <subfield code="0">(DHLAUTH)269905</subfield>
    </datafield>
    <datafield tag="650" ind1=" " ind2=" ">
        <subfield code="a">WOMEN</subfield>
        <subfield code="0">(DHLAUTH)273032</subfield>
    </datafield>
    <datafield tag="650" ind1=" " ind2=" ">
        <subfield code="a">EMPLOYMENT</subfield>
        <subfield code="0">(DHLAUTH)269797</subfield>
    </datafield>
    <datafield tag="650" ind1=" " ind2=" ">
        <subfield code="a">POVERTY MITIGATION</subfield>
        <subfield code="0">(DHLAUTH)274700</subfield>
    </datafield>
    <datafield tag="650" ind1=" " ind2=" ">
        <subfield code="a">TUNISIA</subfield>
        <subfield code="0">(DHLAUTH)273507</subfield>
    </datafield>
    <datafield tag="650" ind1=" " ind2=" ">
        <subfield code="a">WESTERN ASIA</subfield>
        <subfield code="0">(DHLAUTH)275490</subfield>
    </datafield>
</record>
<record>
    <datafield tag="191" ind1=" " ind2=" ">
        <subfield code="a">E/ESCWA/SD/2002/5</subfield>
    </datafield>
    <datafield tag="246" ind1=" " ind2=" ">
        <subfield code="a">MODELES DE POLITIQUES SOCIALES: LES ENSEIGNEMENTS DE L'EXPERIENCE TUNISIENNE</subfield>
    </datafield>
    <datafield tag="269" ind1=" " ind2=" ">
        <subfield code="a">20020410</subfield>
    </datafield>
    <datafield tag="650" ind1=" " ind2=" ">
        <subfield code="a">SOCIAL POLICY</subfield>
        <subfield code="0">(DHLAUTH)269713</subfield>
    </datafield>
    <datafield tag="650" ind1=" " ind2=" ">
        <subfield code="a">HEALTH</subfield>
        <subfield code="0">(DHLAUTH)273713</subfield>
    </datafield>
    <datafield tag="650" ind1=" " ind2=" ">
        <subfield code="a">EDUCATION</subfield>
        <subfield code="0">(DHLAUTH)268926</subfield>
    </datafield>
    <datafield tag="650" ind1=" " ind2=" ">
        <subfield code="a">STRUCTURAL ADJUSTMENT</subfield>
        <subfield code="0">(DHLAUTH)269790</subfield>
    </datafield>
    <datafield tag="650" ind1=" " ind2=" ">
        <subfield code="a">GLOBALIZATION</subfield>
        <subfield code="0">(DHLAUTH)276685</subfield>
    </datafield>
    <datafield tag="650" ind1=" " ind2=" ">
        <subfield code="a">POPULATION POLICY</subfield>
        <subfield code="0">(DHLAUTH)269905</subfield>
    </datafield>
    <datafield tag="650" ind1=" " ind2=" ">
        <subfield code="a">WOMEN</subfield>
        <subfield code="0">(DHLAUTH)273032</subfield>
    </datafield>
    <datafield tag="650" ind1=" " ind2=" ">
        <subfield code="a">EMPLOYMENT</subfield>
        <subfield code="0">(DHLAUTH)269797</subfield>
    </datafield>
    <datafield tag="650" ind1=" " ind2=" ">
        <subfield code="a">POVERTY MITIGATION</subfield>
        <subfield code="0">(DHLAUTH)274700</subfield>
    </datafield>
    <datafield tag="650" ind1=" " ind2=" ">
        <subfield code="a">TUNISIA</subfield>
        <subfield code="0">(DHLAUTH)273507</subfield>
    </datafield>
    <datafield tag="650" ind1=" " ind2=" ">
        <subfield code="a">WESTERN ASIA</subfield>
        <subfield code="0">(DHLAUTH)275490</subfield>
    </datafield>
</record>
<record>
    <datafield tag="191" ind1=" " ind2=" ">
        <subfield code="a">E/ESCWA/SD/2002/6(A)</subfield>
    </datafield>
    <datafield tag="245" ind1=" " ind2=" ">
        <subfield code="a">PROCEEDINGS OF THE EXPERT GROUP MEETING ON GOVERNANCE, SOCIO-ECONOMIC DEVELOPMENT AND POVERTY ALLEVATION CAIRO, 11-13 NOVEMBER 2001</subfield>
    </datafield>
    <datafield tag="269" ind1=" " ind2=" ">
        <subfield code="a">20021223</subfield>
    </datafield>
    <datafield tag="650" ind1=" " ind2=" ">
        <subfield code="a">GOVERNANCE</subfield>
        <subfield code="0">(DHLAUTH)276686</subfield>
    </datafield>
    <datafield tag="650" ind1=" " ind2=" ">
        <subfield code="a">POVERTY MITIGATION</subfield>
        <subfield code="0">(DHLAUTH)274700</subfield>
    </datafield>
    <datafield tag="650" ind1=" " ind2=" ">
        <subfield code="a">ECONOMIC DEVELOPMENT</subfield>
        <subfield code="0">(DHLAUTH)269755</subfield>
    </datafield>
    <datafield tag="650" ind1=" " ind2=" ">
        <subfield code="a">SOCIAL DEVELOPMENT</subfield>
        <subfield code="0">(DHLAUTH)269873</subfield>
    </datafield>
    <datafield tag="650" ind1=" " ind2=" ">
        <subfield code="a">CONFERENCE AND MEETING SERVICES</subfield>
        <subfield code="0">(DHLAUTH)274839</subfield>
    </datafield>
    <datafield tag="650" ind1=" " ind2=" ">
        <subfield code="a">CONFERENCES</subfield>
        <subfield code="0">(DHLAUTH)275758</subfield>
    </datafield>
    <datafield tag="650" ind1=" " ind2=" ">
        <subfield code="a">WESTERN ASIA</subfield>
        <subfield code="0">(DHLAUTH)275490</subfield>
    </datafield>
</record>
<record>
    <datafield tag="191" ind1=" " ind2=" ">
        <subfield code="a">E/ESCWA/SD/2002/IG.1/9(A)</subfield>
    </datafield>
    <datafield tag="245" ind1=" " ind2=" ">
        <subfield code="a">REPORT FOURTH SESSION OF THE COMMITTEE ON SOCIAL DEVELOPMENT, BEIRUT, 3-5 JULY 2002</subfield>
    </datafield>
    <datafield tag="269" ind1=" " ind2=" ">
        <subfield code="a">20020718</subfield>
    </datafield>
    <datafield tag="650" ind1=" " ind2=" ">
        <subfield code="a">SOCIAL DEVELOPMENT</subfield>
        <subfield code="0">(DHLAUTH)269873</subfield>
    </datafield>
    <datafield tag="650" ind1=" " ind2=" ">
        <subfield code="a">WORK ORGANIZATION</subfield>
        <subfield code="0">(DHLAUTH)275746</subfield>
    </datafield>
    <datafield tag="650" ind1=" " ind2=" ">
        <subfield code="a">WORK PROGRAMME</subfield>
        <subfield code="0">(DHLAUTH)275800</subfield>
    </datafield>
    <datafield tag="650" ind1=" " ind2=" ">
        <subfield code="a">AGENDA</subfield>
        <subfield code="0">(DHLAUTH)275133</subfield>
    </datafield>
    <datafield tag="650" ind1=" " ind2=" ">
        <subfield code="a">ACTIVITIES</subfield>
        <subfield code="0">(DHLAUTH)275823</subfield>
    </datafield>
    <datafield tag="650" ind1=" " ind2=" ">
        <subfield code="a">PARTICIPANTS</subfield>
        <subfield code="0">(DHLAUTH)275785</subfield>
    </datafield>
    <datafield tag="650" ind1=" " ind2=" ">
        <subfield code="a">RECOMMENDATIONS</subfield>
        <subfield code="0">(DHLAUTH)275840</subfield>
    </datafield>
    <datafield tag="650" ind1=" " ind2=" ">
        <subfield code="a">CONFERENCES</subfield>
        <subfield code="0">(DHLAUTH)275758</subfield>
    </datafield>
    <datafield tag="650" ind1=" " ind2=" ">
        <subfield code="a">WESTERN ASIA</subfield>
        <subfield code="0">(DHLAUTH)275490</subfield>
    </datafield>
</record>
<record>
    <datafield tag="191" ind1=" " ind2=" ">
        <subfield code="a">E/ESCWA/SD/2002/WG.1/9</subfield>
    </datafield>
    <datafield tag="246" ind1=" " ind2=" ">
        <subfield code="a">Taqrir al-Ijtima' al-'Arabi al-Tahdiri li-Mu`tamar al-Umam al-Mutahidah lil-Musinin, al-Jam'iyah al-'Alamiyah al-Thaniyah lil-Shaikhoukhah, Bairut, 5-8 Shubat/Febrair, 2002</subfield>
    </datafield>
    <datafield tag="246" ind1=" " ind2=" ">
        <subfield code="a">TAQRIR AL-IJTIMA' AL-'ARABI AL-TAHDIRI LI-MU`TAMAR AL-UMAM AL-MUTAHIDAH LIL-MUSININ, AL-JAM'IYAH AL-'ALAMIYAH AL-THANIYAH LIL-SHAIKHOUKHAH, BAIRUT, 5-8 SHUBAT/FEBRAIR, 2002</subfield>
    </datafield>
    <datafield tag="269" ind1=" " ind2=" ">
        <subfield code="a">20020208</subfield>
    </datafield>
    <datafield tag="650" ind1=" " ind2=" ">
        <subfield code="a">AGEING PERSONS</subfield>
        <subfield code="0">(DHLAUTH)273772</subfield>
    </datafield>
    <datafield tag="650" ind1=" " ind2=" ">
        <subfield code="a">DEMOGRAPHIC AGEING</subfield>
        <subfield code="0">(DHLAUTH)272936</subfield>
    </datafield>
    <datafield tag="650" ind1=" " ind2=" ">
        <subfield code="a">CARE OF AGEING PERSONS</subfield>
        <subfield code="0">(DHLAUTH)441039</subfield>
    </datafield>
    <datafield tag="650" ind1=" " ind2=" ">
        <subfield code="a">ARAB COUNTRIES</subfield>
        <subfield code="0">(DHLAUTH)268705</subfield>
    </datafield>
    <datafield tag="650" ind1=" " ind2=" ">
        <subfield code="a">CONFERENCES</subfield>
        <subfield code="0">(DHLAUTH)275758</subfield>
    </datafield>
    <datafield tag="650" ind1=" " ind2=" ">
        <subfield code="a">DOCUMENTS</subfield>
        <subfield code="0">(DHLAUTH)270014</subfield>
    </datafield>
</record>
<record>
    <datafield tag="191" ind1=" " ind2=" ">
        <subfield code="a">E/ESCWA/SD/2002/WG.1/INF.1</subfield>
    </datafield>
    <datafield tag="245" ind1=" " ind2=" ">
        <subfield code="a">MUTHAKARAH TAWDIHIYAH : AL-LAJNAH AL-IQTISADIYAH WA-AL-IJTIMA'IYAH LI-GHARBI ASIYAH, AL-IJTIMA' AL-'ARABI AL-TAHDIRI LI-MU`TAMAR AL-UMAM AL-MUTAHIDAH LIL-MUSININ, AL-JAM'IYAH AL-'ALAMIYAH AL-THANIYAH LIL-SHAIKHOUKHAH, BAIRUT, 5-8 SHUBAT/FEBRAIR, 2002</subfield>
    </datafield>
    <datafield tag="246" ind1=" " ind2=" ">
        <subfield code="a">Muthakarah Tawdihiyah : al-Lajnah al-iqtisadiyah wa-al-Ijtima'iyah li-Gharbi Asiyah, al-Ijtima' al-'Arabi al-Tahdiri li-Mu`tamar al-Umam al-Mutahidah lil-Musinin, al-Jam'iyah al-'Alamiyah al-Thaniyah lil-Shaikhoukhah, Bairut, 5-8 Shubat/Febrair, 2002</subfield>
    </datafield>
    <datafield tag="269" ind1=" " ind2=" ">
        <subfield code="a">20020129</subfield>
    </datafield>
    <datafield tag="650" ind1=" " ind2=" ">
        <subfield code="a">DEMOGRAPHIC AGEING</subfield>
        <subfield code="0">(DHLAUTH)272936</subfield>
    </datafield>
    <datafield tag="650" ind1=" " ind2=" ">
        <subfield code="a">POPULATION GROWTH</subfield>
        <subfield code="0">(DHLAUTH)272944</subfield>
    </datafield>
    <datafield tag="650" ind1=" " ind2=" ">
        <subfield code="a">ARAB COUNTRIES</subfield>
        <subfield code="0">(DHLAUTH)268705</subfield>
    </datafield>
    <datafield tag="650" ind1=" " ind2=" ">
        <subfield code="a">AGEING PERSONS</subfield>
        <subfield code="0">(DHLAUTH)273772</subfield>
    </datafield>
</record>
<record>
    <datafield tag="191" ind1=" " ind2=" ">
        <subfield code="a">E/ESCWA/SD/2008/1 /</subfield>
    </datafield>
    <datafield tag="245" ind1=" " ind2=" ">
        <subfield code="a">REPORT WORKSHOP ON THE DESIGN OF NATIONAL STRATEGIES FOR THE DEVELOPMENT OF STATISTICS: MAINSTREAMING GENDER IN SECTORAL STATISTICS ISTANBUL 24-26 MARCH 2008</subfield>
    </datafield>
    <datafield tag="246" ind1=" " ind2=" ">
        <subfield code="a">تقرير ورشة عمل حول تصميم استراتيجيات وطنية لتطوير الاحصاءات وادماج النوع الاجتماعي في الاحصاءات القطاعية اسطنبول 24-26 آذار 2008</subfield>
    </datafield>
    <datafield tag="269" ind1=" " ind2=" ">
        <subfield code="a">20080527</subfield>
    </datafield>
    <datafield tag="650" ind1=" " ind2=" ">
        <subfield code="a">STATISTICS</subfield>
        <subfield code="0">(DHLAUTH)269347</subfield>
    </datafield>
    <datafield tag="650" ind1=" " ind2=" ">
        <subfield code="a">WESTERN ASIA</subfield>
        <subfield code="0">(DHLAUTH)275490</subfield>
    </datafield>
    <datafield tag="650" ind1=" " ind2=" ">
        <subfield code="a">DEVELOPMENT STRATEGIES</subfield>
        <subfield code="0">(DHLAUTH)269884</subfield>
    </datafield>
    <datafield tag="650" ind1=" " ind2=" ">
        <subfield code="a">QATAR</subfield>
        <subfield code="0">(DHLAUTH)275603</subfield>
    </datafield>
    <datafield tag="650" ind1=" " ind2=" ">
        <subfield code="a">WORK ORGANIZATION</subfield>
        <subfield code="0">(DHLAUTH)275746</subfield>
    </datafield>
    <datafield tag="650" ind1=" " ind2=" ">
        <subfield code="a">AGENDA</subfield>
        <subfield code="0">(DHLAUTH)275133</subfield>
    </datafield>
    <datafield tag="650" ind1=" " ind2=" ">
        <subfield code="a">GENDER MAINSTREAMING</subfield>
        <subfield code="0">(DHLAUTH)493524</subfield>
    </datafield>
</record>
<record>
    <datafield tag="191" ind1=" " ind2=" ">
        <subfield code="a">E/ESCWA/SD/2009/11</subfield>
    </datafield>
    <datafield tag="246" ind1=" " ind2=" ">
        <subfield code="a">المسح المتكامل للاسر المعيشية</subfield>
    </datafield>
    <datafield tag="269" ind1=" " ind2=" ">
        <subfield code="a">20091124</subfield>
    </datafield>
    <datafield tag="650" ind1=" " ind2=" ">
        <subfield code="a">COST OF LIVING INDICES</subfield>
        <subfield code="0">(DHLAUTH)269645</subfield>
    </datafield>
    <datafield tag="650" ind1=" " ind2=" ">
        <subfield code="a">MANPOWER</subfield>
        <subfield code="0">(DHLAUTH)273105</subfield>
    </datafield>
    <datafield tag="650" ind1=" " ind2=" ">
        <subfield code="a">SOCIAL SURVEYS</subfield>
        <subfield code="0">(DHLAUTH)269794</subfield>
    </datafield>
    <datafield tag="650" ind1=" " ind2=" ">
        <subfield code="a">POVERTY</subfield>
        <subfield code="0">(DHLAUTH)270079</subfield>
    </datafield>
    <datafield tag="650" ind1=" " ind2=" ">
        <subfield code="a">MALAWI</subfield>
        <subfield code="0">(DHLAUTH)273397</subfield>
    </datafield>
    <datafield tag="650" ind1=" " ind2=" ">
        <subfield code="a">SOUTH AFRICA</subfield>
        <subfield code="0">(DHLAUTH)9686</subfield>
    </datafield>
    <datafield tag="650" ind1=" " ind2=" ">
        <subfield code="a">LEBANON</subfield>
        <subfield code="0">(DHLAUTH)269069</subfield>
    </datafield>
    <datafield tag="650" ind1=" " ind2=" ">
        <subfield code="a">LIVING CONDITIONS</subfield>
        <subfield code="0">(DHLAUTH)269738</subfield>
    </datafield>
    <datafield tag="650" ind1=" " ind2=" ">
        <subfield code="a">CONSUMPTION</subfield>
        <subfield code="0">(DHLAUTH)269577</subfield>
    </datafield>
    <datafield tag="650" ind1=" " ind2=" ">
        <subfield code="a">HUMAN DEVELOPMENT</subfield>
        <subfield code="0">(DHLAUTH)276688</subfield>
    </datafield>
    <datafield tag="650" ind1=" " ind2=" ">
        <subfield code="a">HOUSEHOLD EXPENDITURES</subfield>
        <subfield code="0">(DHLAUTH)269741</subfield>
    </datafield>
    <datafield tag="650" ind1=" " ind2=" ">
        <subfield code="a">IRAQ</subfield>
        <subfield code="0">(DHLAUTH)273370</subfield>
    </datafield>
    <datafield tag="650" ind1=" " ind2=" ">
        <subfield code="a">BASIC NEEDS</subfield>
        <subfield code="0">(DHLAUTH)273563</subfield>
    </datafield>
</record>
<record>
    <datafield tag="191" ind1=" " ind2=" ">
        <subfield code="a">E/ESCWA/SD/2009/18</subfield>
    </datafield>
    <datafield tag="246" ind1=" " ind2=" ">
        <subfield code="a">تقرير الاجتماع السادس لفريق العمل الاقليمي حول تعدادات السكان والمساكن بيروت 1-3 كانون الاول/ديسمبر 2009</subfield>
    </datafield>
    <datafield tag="269" ind1=" " ind2=" ">
        <subfield code="a">20100218</subfield>
    </datafield>
    <datafield tag="650" ind1=" " ind2=" ">
        <subfield code="a">WESTERN ASIA</subfield>
        <subfield code="0">(DHLAUTH)275490</subfield>
    </datafield>
    <datafield tag="650" ind1=" " ind2=" ">
        <subfield code="a">HOUSING CENSUSES</subfield>
        <subfield code="0">(DHLAUTH)304326</subfield>
    </datafield>
    <datafield tag="650" ind1=" " ind2=" ">
        <subfield code="a">POPULATION CENSUSES</subfield>
        <subfield code="0">(DHLAUTH)270178</subfield>
    </datafield>
    <datafield tag="650" ind1=" " ind2=" ">
        <subfield code="a">WORK ORGANIZATION</subfield>
        <subfield code="0">(DHLAUTH)275746</subfield>
    </datafield>
    <datafield tag="650" ind1=" " ind2=" ">
        <subfield code="a">RECOMMENDATIONS</subfield>
        <subfield code="0">(DHLAUTH)275840</subfield>
    </datafield>
</record>
<record>
    <datafield tag="191" ind1=" " ind2=" ">
        <subfield code="a">E/ESCWA/SD/2009/1(E)</subfield>
    </datafield>
    <datafield tag="245" ind1=" " ind2=" ">
        <subfield code="a">NATIONAL ACCOUNTS STUDIES OF THE ESCWA REGION BULLETIN NO. 28</subfield>
    </datafield>
    <datafield tag="246" ind1=" " ind2=" ">
        <subfield code="a">دراسات الحسابات القومية لمنطقة اللجنة الاقتصادية والاجتماعية لغربي آسيا العدد 28</subfield>
    </datafield>
    <datafield tag="269" ind1=" " ind2=" ">
        <subfield code="a">20090701</subfield>
    </datafield>
    <datafield tag="650" ind1=" " ind2=" ">
        <subfield code="a">NATIONAL ACCOUNTS</subfield>
        <subfield code="0">(DHLAUTH)269651</subfield>
    </datafield>
    <datafield tag="650" ind1=" " ind2=" ">
        <subfield code="a">GROSS DOMESTIC PRODUCT</subfield>
        <subfield code="0">(DHLAUTH)269801</subfield>
    </datafield>
    <datafield tag="650" ind1=" " ind2=" ">
        <subfield code="a">NATIONAL INCOME</subfield>
        <subfield code="0">(DHLAUTH)269803</subfield>
    </datafield>
    <datafield tag="650" ind1=" " ind2=" ">
        <subfield code="a">INCOME DISTRIBUTION</subfield>
        <subfield code="0">(DHLAUTH)269628</subfield>
    </datafield>
    <datafield tag="650" ind1=" " ind2=" ">
        <subfield code="a">CAPITAL FORMATION</subfield>
        <subfield code="0">(DHLAUTH)270363</subfield>
    </datafield>
    <datafield tag="650" ind1=" " ind2=" ">
        <subfield code="a">PRICES</subfield>
        <subfield code="0">(DHLAUTH)269707</subfield>
    </datafield>
    <datafield tag="650" ind1=" " ind2=" ">
        <subfield code="a">ECONOMIC GROWTH</subfield>
        <subfield code="0">(DHLAUTH)269754</subfield>
    </datafield>
    <datafield tag="650" ind1=" " ind2=" ">
        <subfield code="a">WESTERN ASIA</subfield>
        <subfield code="0">(DHLAUTH)275490</subfield>
    </datafield>
    <datafield tag="650" ind1=" " ind2=" ">
        <subfield code="a">SAVINGS</subfield>
        <subfield code="0">(DHLAUTH)270337</subfield>
    </datafield>
    <datafield tag="650" ind1=" " ind2=" ">
        <subfield code="a">FOREIGN EXCHANGE RATES</subfield>
        <subfield code="0">(DHLAUTH)270441</subfield>
    </datafield>
    <datafield tag="650" ind1=" " ind2=" ">
        <subfield code="a">PERIODICALS</subfield>
        <subfield code="0">(DHLAUTH)275063</subfield>
    </datafield>
    <datafield tag="650" ind1=" " ind2=" ">
        <subfield code="a">CONSUMPTION</subfield>
        <subfield code="0">(DHLAUTH)269577</subfield>
    </datafield>
</record>
<record>
    <datafield tag="191" ind1=" " ind2=" ">
        <subfield code="a">E/ESCWA/SD/2009/6/REV.1</subfield>
    </datafield>
    <datafield tag="246" ind1=" " ind2=" ">
        <subfield code="a">تقرير الاجتماع الخامس لفريق العمل الاقليمي حول تعدادات السكان والمساكن بيروت 23-24 اذار/مارس 2009</subfield>
    </datafield>
    <datafield tag="269" ind1=" " ind2=" ">
        <subfield code="a">20090805</subfield>
    </datafield>
    <datafield tag="650" ind1=" " ind2=" ">
        <subfield code="a">HOUSING CENSUSES</subfield>
        <subfield code="0">(DHLAUTH)304326</subfield>
    </datafield>
    <datafield tag="650" ind1=" " ind2=" ">
        <subfield code="a">POPULATION CENSUSES</subfield>
        <subfield code="0">(DHLAUTH)270178</subfield>
    </datafield>
    <datafield tag="650" ind1=" " ind2=" ">
        <subfield code="a">RECOMMENDATIONS</subfield>
        <subfield code="0">(DHLAUTH)275840</subfield>
    </datafield>
    <datafield tag="650" ind1=" " ind2=" ">
        <subfield code="a">CONFERENCES</subfield>
        <subfield code="0">(DHLAUTH)275758</subfield>
    </datafield>
    <datafield tag="650" ind1=" " ind2=" ">
        <subfield code="a">WORK ORGANIZATION</subfield>
        <subfield code="0">(DHLAUTH)275746</subfield>
    </datafield>
    <datafield tag="650" ind1=" " ind2=" ">
        <subfield code="a">ARAB COUNTRIES</subfield>
        <subfield code="0">(DHLAUTH)268705</subfield>
    </datafield>
    <datafield tag="650" ind1=" " ind2=" ">
        <subfield code="a">AGENDA</subfield>
        <subfield code="0">(DHLAUTH)275133</subfield>
    </datafield>
</record>
<record>
    <datafield tag="191" ind1=" " ind2=" ">
        <subfield code="a">E/ESCWA/SD/2009/8</subfield>
    </datafield>
    <datafield tag="246" ind1=" " ind2=" ">
        <subfield code="a">تقرير اجتماع الخبراء حول قياس الفقر بيروت 28-29 نيسان/ابريل 2009</subfield>
    </datafield>
    <datafield tag="269" ind1=" " ind2=" ">
        <subfield code="a">20090818</subfield>
    </datafield>
    <datafield tag="650" ind1=" " ind2=" ">
        <subfield code="a">POVERTY</subfield>
        <subfield code="0">(DHLAUTH)270079</subfield>
    </datafield>
    <datafield tag="650" ind1=" " ind2=" ">
        <subfield code="a">LIVING CONDITIONS</subfield>
        <subfield code="0">(DHLAUTH)269738</subfield>
    </datafield>
    <datafield tag="650" ind1=" " ind2=" ">
        <subfield code="a">FAMILY INCOME</subfield>
        <subfield code="0">(DHLAUTH)269804</subfield>
    </datafield>
    <datafield tag="650" ind1=" " ind2=" ">
        <subfield code="a">STATISTICS</subfield>
        <subfield code="0">(DHLAUTH)269347</subfield>
    </datafield>
</record>
<record>
    <datafield tag="191" ind1=" " ind2=" ">
        <subfield code="a">E/ESCWA/SD/2009/9</subfield>
    </datafield>
    <datafield tag="246" ind1=" " ind2=" ">
        <subfield code="a">تقرير ورشة عمل اقليمية حول احصاءات الهجرة الدولية القاهرة 30 حزيران/يونيو - 3 تموز/يوليو 2009</subfield>
    </datafield>
    <datafield tag="269" ind1=" " ind2=" ">
        <subfield code="a">20091022</subfield>
    </datafield>
    <datafield tag="650" ind1=" " ind2=" ">
        <subfield code="a">INTERNATIONAL MIGRATION</subfield>
        <subfield code="0">(DHLAUTH)273006</subfield>
    </datafield>
    <datafield tag="650" ind1=" " ind2=" ">
        <subfield code="a">WESTERN ASIA</subfield>
        <subfield code="0">(DHLAUTH)275490</subfield>
    </datafield>
    <datafield tag="650" ind1=" " ind2=" ">
        <subfield code="a">CONFERENCES</subfield>
        <subfield code="0">(DHLAUTH)275758</subfield>
    </datafield>
    <datafield tag="650" ind1=" " ind2=" ">
        <subfield code="a">MIGRATION STATISTICS</subfield>
        <subfield code="0">(DHLAUTH)272990</subfield>
    </datafield>
    <datafield tag="650" ind1=" " ind2=" ">
        <subfield code="a">WORK ORGANIZATION</subfield>
        <subfield code="0">(DHLAUTH)275746</subfield>
    </datafield>
</record>
<record>
    <datafield tag="191" ind1=" " ind2=" ">
        <subfield code="a">E/ESCWA/SD/2011/8</subfield>
    </datafield>
    <datafield tag="245" ind1=" " ind2=" ">
        <subfield code="a">COMPENDIUM OF SOCIAL STATISTICS AND INDICATORS, 2010 - 2011 : ARAB SOCIETY, ISSUE NO. 10</subfield>
    </datafield>
    <datafield tag="269" ind1=" " ind2=" ">
        <subfield code="a">20111212</subfield>
    </datafield>
    <datafield tag="650" ind1=" " ind2=" ">
        <subfield code="a">SOCIAL STATISTICS</subfield>
        <subfield code="0">(DHLAUTH)270232</subfield>
    </datafield>
    <datafield tag="650" ind1=" " ind2=" ">
        <subfield code="a">SOCIAL INDICATORS</subfield>
        <subfield code="0">(DHLAUTH)269644</subfield>
    </datafield>
    <datafield tag="650" ind1=" " ind2=" ">
        <subfield code="a">LABOUR</subfield>
        <subfield code="0">(DHLAUTH)274210</subfield>
    </datafield>
    <datafield tag="650" ind1=" " ind2=" ">
        <subfield code="a">POPULATION</subfield>
        <subfield code="0">(DHLAUTH)272994</subfield>
    </datafield>
    <datafield tag="650" ind1=" " ind2=" ">
        <subfield code="a">EMPLOYMENT</subfield>
        <subfield code="0">(DHLAUTH)269797</subfield>
    </datafield>
    <datafield tag="650" ind1=" " ind2=" ">
        <subfield code="a">HOUSING CONDITIONS</subfield>
        <subfield code="0">(DHLAUTH)273574</subfield>
    </datafield>
    <datafield tag="650" ind1=" " ind2=" ">
        <subfield code="a">EDUCATION</subfield>
        <subfield code="0">(DHLAUTH)268926</subfield>
    </datafield>
    <datafield tag="650" ind1=" " ind2=" ">
        <subfield code="a">HEALTH</subfield>
        <subfield code="0">(DHLAUTH)273713</subfield>
    </datafield>
    <datafield tag="650" ind1=" " ind2=" ">
        <subfield code="a">CULTURE</subfield>
        <subfield code="0">(DHLAUTH)274673</subfield>
    </datafield>
    <datafield tag="650" ind1=" " ind2=" ">
        <subfield code="a">EGYPT</subfield>
        <subfield code="0">(DHLAUTH)273328</subfield>
    </datafield>
    <datafield tag="650" ind1=" " ind2=" ">
        <subfield code="a">JORDAN</subfield>
        <subfield code="0">(DHLAUTH)269099</subfield>
    </datafield>
    <datafield tag="650" ind1=" " ind2=" ">
        <subfield code="a">LEBANON</subfield>
        <subfield code="0">(DHLAUTH)269069</subfield>
    </datafield>
    <datafield tag="650" ind1=" " ind2=" ">
        <subfield code="a">PALESTINE</subfield>
        <subfield code="0">(DHLAUTH)277398</subfield>
    </datafield>
    <datafield tag="650" ind1=" " ind2=" ">
        <subfield code="a">QATAR</subfield>
        <subfield code="0">(DHLAUTH)275603</subfield>
    </datafield>
    <datafield tag="650" ind1=" " ind2=" ">
        <subfield code="a">SYRIAN ARAB REPUBLIC</subfield>
        <subfield code="0">(DHLAUTH)273496</subfield>
    </datafield>
    <datafield tag="650" ind1=" " ind2=" ">
        <subfield code="a">UNITED ARAB EMIRATES</subfield>
        <subfield code="0">(DHLAUTH)275604</subfield>
    </datafield>
</record>
<record>
    <datafield tag="191" ind1=" " ind2=" ">
        <subfield code="a">E/ESCWA/SD/2012/PAMPHLET.1</subfield>
    </datafield>
    <datafield tag="245" ind1=" " ind2=" ">
        <subfield code="a">THE VIRTUAL LIBRARY</subfield>
    </datafield>
    <datafield tag="246" ind1=" " ind2=" ">
        <subfield code="a">المكتبة الالكترونية</subfield>
    </datafield>
    <datafield tag="269" ind1=" " ind2=" ">
        <subfield code="a">20130501</subfield>
    </datafield>
    <datafield tag="650" ind1=" " ind2=" ">
        <subfield code="a">DIGITAL LIBRARIES</subfield>
        <subfield code="0">(DHLAUTH)449695</subfield>
    </datafield>
    <datafield tag="650" ind1=" " ind2=" ">
        <subfield code="a">STATISTICAL SERVICES</subfield>
        <subfield code="0">(DHLAUTH)270225</subfield>
    </datafield>
    <datafield tag="650" ind1=" " ind2=" ">
        <subfield code="a">REGIONAL COMMISSIONS</subfield>
        <subfield code="0">(DHLAUTH)269969</subfield>
    </datafield>
    <datafield tag="650" ind1=" " ind2=" ">
        <subfield code="a">WESTERN ASIA</subfield>
        <subfield code="0">(DHLAUTH)275490</subfield>
    </datafield>
</record>
<record>
    <datafield tag="191" ind1=" " ind2=" ">
        <subfield code="a">E/ESCWA/SD/2012/TECHNICAL PAPER.1</subfield>
    </datafield>
    <datafield tag="245" ind1=" " ind2=" ">
        <subfield code="a">ESCWA COUNTRY PROFILES 2011 : A STATISTICAL PORTRAIT OF THE WESTERN ASIA</subfield>
    </datafield>
    <datafield tag="246" ind1=" " ind2=" ">
        <subfield code="a">الاسكوا الملامح القطرية 2011 نبذة احصائية عن منطقة غربي آسيا</subfield>
    </datafield>
    <datafield tag="269" ind1=" " ind2=" ">
        <subfield code="a">20120501</subfield>
    </datafield>
    <datafield tag="650" ind1=" " ind2=" ">
        <subfield code="a">ECONOMIC INDICATORS</subfield>
        <subfield code="0">(DHLAUTH)269642</subfield>
    </datafield>
    <datafield tag="650" ind1=" " ind2=" ">
        <subfield code="a">DEMOGRAPHIC STATISTICS</subfield>
        <subfield code="0">(DHLAUTH)270229</subfield>
    </datafield>
    <datafield tag="650" ind1=" " ind2=" ">
        <subfield code="a">SOCIAL INDICATORS</subfield>
        <subfield code="0">(DHLAUTH)269644</subfield>
    </datafield>
    <datafield tag="650" ind1=" " ind2=" ">
        <subfield code="a">ENVIRONMENTAL INDICATORS</subfield>
        <subfield code="0">(DHLAUTH)270683</subfield>
    </datafield>
    <datafield tag="650" ind1=" " ind2=" ">
        <subfield code="a">GROSS DOMESTIC PRODUCT</subfield>
        <subfield code="0">(DHLAUTH)269801</subfield>
    </datafield>
    <datafield tag="650" ind1=" " ind2=" ">
        <subfield code="a">EXPORTS</subfield>
        <subfield code="0">(DHLAUTH)271798</subfield>
    </datafield>
    <datafield tag="650" ind1=" " ind2=" ">
        <subfield code="a">IMPORTS</subfield>
        <subfield code="0">(DHLAUTH)272827</subfield>
    </datafield>
    <datafield tag="650" ind1=" " ind2=" ">
        <subfield code="a">FERTILITY RATE</subfield>
        <subfield code="0">(DHLAUTH)272942</subfield>
    </datafield>
    <datafield tag="650" ind1=" " ind2=" ">
        <subfield code="a">CHILDREN</subfield>
        <subfield code="0">(DHLAUTH)269400</subfield>
    </datafield>
    <datafield tag="650" ind1=" " ind2=" ">
        <subfield code="a">AGE GROUPS</subfield>
        <subfield code="0">(DHLAUTH)269147</subfield>
    </datafield>
    <datafield tag="650" ind1=" " ind2=" ">
        <subfield code="a">AGEING</subfield>
        <subfield code="0">(DHLAUTH)273056</subfield>
    </datafield>
    <datafield tag="650" ind1=" " ind2=" ">
        <subfield code="a">JORDAN</subfield>
        <subfield code="0">(DHLAUTH)269099</subfield>
    </datafield>
    <datafield tag="650" ind1=" " ind2=" ">
        <subfield code="a">UNITED ARAB EMIRATES</subfield>
        <subfield code="0">(DHLAUTH)275604</subfield>
    </datafield>
    <datafield tag="650" ind1=" " ind2=" ">
        <subfield code="a">BAHRAIN</subfield>
        <subfield code="0">(DHLAUTH)273274</subfield>
    </datafield>
    <datafield tag="650" ind1=" " ind2=" ">
        <subfield code="a">SYRIAN ARAB REPUBLIC</subfield>
        <subfield code="0">(DHLAUTH)273496</subfield>
    </datafield>
    <datafield tag="650" ind1=" " ind2=" ">
        <subfield code="a">SUDAN</subfield>
        <subfield code="0">(DHLAUTH)273486</subfield>
    </datafield>
    <datafield tag="650" ind1=" " ind2=" ">
        <subfield code="a">IRAQ</subfield>
        <subfield code="0">(DHLAUTH)273370</subfield>
    </datafield>
    <datafield tag="650" ind1=" " ind2=" ">
        <subfield code="a">OMAN</subfield>
        <subfield code="0">(DHLAUTH)273438</subfield>
    </datafield>
    <datafield tag="650" ind1=" " ind2=" ">
        <subfield code="a">PALESTINE</subfield>
        <subfield code="0">(DHLAUTH)277398</subfield>
    </datafield>
    <datafield tag="650" ind1=" " ind2=" ">
        <subfield code="a">QATAR</subfield>
        <subfield code="0">(DHLAUTH)275603</subfield>
    </datafield>
    <datafield tag="650" ind1=" " ind2=" ">
        <subfield code="a">KUWAIT</subfield>
        <subfield code="0">(DHLAUTH)273384</subfield>
    </datafield>
    <datafield tag="650" ind1=" " ind2=" ">
        <subfield code="a">LEBANON</subfield>
        <subfield code="0">(DHLAUTH)269069</subfield>
    </datafield>
    <datafield tag="650" ind1=" " ind2=" ">
        <subfield code="a">EGYPT</subfield>
        <subfield code="0">(DHLAUTH)273328</subfield>
    </datafield>
    <datafield tag="650" ind1=" " ind2=" ">
        <subfield code="a">SAUDI ARABIA</subfield>
        <subfield code="0">(DHLAUTH)273464</subfield>
    </datafield>
    <datafield tag="650" ind1=" " ind2=" ">
        <subfield code="a">YEMEN</subfield>
        <subfield code="0">(DHLAUTH)273521</subfield>
    </datafield>
</record>
<record>
    <datafield tag="191" ind1=" " ind2=" ">
        <subfield code="a">E/ESCWA/SD/2013/11</subfield>
    </datafield>
    <datafield tag="245" ind1=" " ind2=" ">
        <subfield code="a">NATIONAL ACCOUNTS STUDIES OF THE ARAB REGION, NO. 33 = دراسات الحسابات القومية للمنطقة العربية، العدد 33</subfield>
    </datafield>
    <datafield tag="269" ind1=" " ind2=" ">
        <subfield code="a">20131201</subfield>
    </datafield>
    <datafield tag="650" ind1=" " ind2=" ">
        <subfield code="a">NATIONAL ACCOUNTS</subfield>
        <subfield code="0">(DHLAUTH)269651</subfield>
    </datafield>
    <datafield tag="650" ind1=" " ind2=" ">
        <subfield code="a">FOREIGN EXCHANGE RATES</subfield>
        <subfield code="0">(DHLAUTH)270441</subfield>
    </datafield>
    <datafield tag="650" ind1=" " ind2=" ">
        <subfield code="a">SAVINGS</subfield>
        <subfield code="0">(DHLAUTH)270337</subfield>
    </datafield>
    <datafield tag="650" ind1=" " ind2=" ">
        <subfield code="a">CAPITAL FORMATION</subfield>
        <subfield code="0">(DHLAUTH)270363</subfield>
    </datafield>
    <datafield tag="650" ind1=" " ind2=" ">
        <subfield code="a">INCOME DISTRIBUTION</subfield>
        <subfield code="0">(DHLAUTH)269628</subfield>
    </datafield>
    <datafield tag="650" ind1=" " ind2=" ">
        <subfield code="a">ECONOMIC GROWTH</subfield>
        <subfield code="0">(DHLAUTH)269754</subfield>
    </datafield>
    <datafield tag="650" ind1=" " ind2=" ">
        <subfield code="a">WESTERN ASIA</subfield>
        <subfield code="0">(DHLAUTH)275490</subfield>
    </datafield>
    <datafield tag="650" ind1=" " ind2=" ">
        <subfield code="a">STATISTICAL DATA</subfield>
        <subfield code="0">(DHLAUTH)270233</subfield>
    </datafield>
</record>
<record>
    <datafield tag="191" ind1=" " ind2=" ">
        <subfield code="a">E/ESCWA/SD/2013/13</subfield>
    </datafield>
    <datafield tag="245" ind1=" " ind2=" ">
        <subfield code="a">ARAB SOCIETY : A COMPENDIUM OF SOCIAL STATISTICS, ISSUE NO. 11</subfield>
    </datafield>
    <datafield tag="269" ind1=" " ind2=" ">
        <subfield code="a">20130117</subfield>
    </datafield>
    <datafield tag="650" ind1=" " ind2=" ">
        <subfield code="a">SOCIAL STATISTICS</subfield>
        <subfield code="0">(DHLAUTH)270232</subfield>
    </datafield>
    <datafield tag="650" ind1=" " ind2=" ">
        <subfield code="a">SOCIAL INDICATORS</subfield>
        <subfield code="0">(DHLAUTH)269644</subfield>
    </datafield>
    <datafield tag="650" ind1=" " ind2=" ">
        <subfield code="a">EDUCATIONAL STATISTICS</subfield>
        <subfield code="0">(DHLAUTH)274050</subfield>
    </datafield>
    <datafield tag="650" ind1=" " ind2=" ">
        <subfield code="a">STATISTICAL DATA</subfield>
        <subfield code="0">(DHLAUTH)270233</subfield>
    </datafield>
    <datafield tag="650" ind1=" " ind2=" ">
        <subfield code="a">POPULATION</subfield>
        <subfield code="0">(DHLAUTH)272994</subfield>
    </datafield>
    <datafield tag="650" ind1=" " ind2=" ">
        <subfield code="a">LABOUR STATISTICS</subfield>
        <subfield code="0">(DHLAUTH)274202</subfield>
    </datafield>
    <datafield tag="650" ind1=" " ind2=" ">
        <subfield code="a">HOUSING CONDITIONS</subfield>
        <subfield code="0">(DHLAUTH)273574</subfield>
    </datafield>
    <datafield tag="650" ind1=" " ind2=" ">
        <subfield code="a">HEALTH STATISTICS</subfield>
        <subfield code="0">(DHLAUTH)273689</subfield>
    </datafield>
    <datafield tag="650" ind1=" " ind2=" ">
        <subfield code="a">POVERTY</subfield>
        <subfield code="0">(DHLAUTH)270079</subfield>
    </datafield>
    <datafield tag="650" ind1=" " ind2=" ">
        <subfield code="a">CULTURE</subfield>
        <subfield code="0">(DHLAUTH)274673</subfield>
    </datafield>
    <datafield tag="650" ind1=" " ind2=" ">
        <subfield code="a">ARAB COUNTRIES</subfield>
        <subfield code="0">(DHLAUTH)268705</subfield>
    </datafield>
</record>
<record>
    <datafield tag="191" ind1=" " ind2=" ">
        <subfield code="a">E/ESCWA/SD/2013/8</subfield>
    </datafield>
    <datafield tag="245" ind1=" " ind2=" ">
        <subfield code="a">نشرة السكان والاحصاءات الحيوية في المنطقة العربية العدد السادس عشر = BULLETIN ON POPULATION AND VITAL STATISTICS IN THE ARAB REGION, SIXTEENTH ISSUE</subfield>
    </datafield>
    <datafield tag="269" ind1=" " ind2=" ">
        <subfield code="a">20131201</subfield>
    </datafield>
    <datafield tag="650" ind1=" " ind2=" ">
        <subfield code="a">VITAL STATISTICS</subfield>
        <subfield code="0">(DHLAUTH)272947</subfield>
    </datafield>
    <datafield tag="650" ind1=" " ind2=" ">
        <subfield code="a">POPULATION SURVEYS</subfield>
        <subfield code="0">(DHLAUTH)272991</subfield>
    </datafield>
    <datafield tag="650" ind1=" " ind2=" ">
        <subfield code="a">FERTILITY SURVEYS</subfield>
        <subfield code="0">(DHLAUTH)273191</subfield>
    </datafield>
    <datafield tag="650" ind1=" " ind2=" ">
        <subfield code="a">MORTALITY STATISTICS</subfield>
        <subfield code="0">(DHLAUTH)273088</subfield>
    </datafield>
    <datafield tag="650" ind1=" " ind2=" ">
        <subfield code="a">MARRIAGE STATISTICS</subfield>
        <subfield code="0">(DHLAUTH)273004</subfield>
    </datafield>
    <datafield tag="650" ind1=" " ind2=" ">
        <subfield code="a">DIVORCE STATISTICS</subfield>
        <subfield code="0">(DHLAUTH)273003</subfield>
    </datafield>
    <datafield tag="650" ind1=" " ind2=" ">
        <subfield code="a">WESTERN ASIA</subfield>
        <subfield code="0">(DHLAUTH)275490</subfield>
    </datafield>
</record>
<record>
    <datafield tag="191" ind1=" " ind2=" ">
        <subfield code="a">E/ESCWA/SD/2013/9</subfield>
    </datafield>
    <datafield tag="245" ind1=" " ind2=" ">
        <subfield code="a">EXTERNAL TRADE BULLETIN OF THE ARAB REGION, TWENTY-SECOND ISSUE = نشرة التجارة الخارجية للمنطقة العربية، العدد الثاني والعشرون</subfield>
    </datafield>
    <datafield tag="269" ind1=" " ind2=" ">
        <subfield code="a">20131201</subfield>
    </datafield>
    <datafield tag="650" ind1=" " ind2=" ">
        <subfield code="a">TRADE STATISTICS</subfield>
        <subfield code="0">(DHLAUTH)270201</subfield>
    </datafield>
    <datafield tag="650" ind1=" " ind2=" ">
        <subfield code="a">FOREIGN TRADE</subfield>
        <subfield code="0">(DHLAUTH)272801</subfield>
    </datafield>
    <datafield tag="650" ind1=" " ind2=" ">
        <subfield code="a">IMPORTS</subfield>
        <subfield code="0">(DHLAUTH)272827</subfield>
    </datafield>
    <datafield tag="650" ind1=" " ind2=" ">
        <subfield code="a">EXPORTS</subfield>
        <subfield code="0">(DHLAUTH)271798</subfield>
    </datafield>
    <datafield tag="650" ind1=" " ind2=" ">
        <subfield code="a">WESTERN ASIA</subfield>
        <subfield code="0">(DHLAUTH)275490</subfield>
    </datafield>
    <datafield tag="650" ind1=" " ind2=" ">
        <subfield code="a">STATISTICAL DATA</subfield>
        <subfield code="0">(DHLAUTH)270233</subfield>
    </datafield>
</record>
<record>
    <datafield tag="191" ind1=" " ind2=" ">
        <subfield code="a">E/ESCWA/SD/2013/TECHNICAL PAPER.1</subfield>
    </datafield>
    <datafield tag="246" ind1=" " ind2=" ">
        <subfield code="a">الاستخدام الفعال للاحصاءات في وضع السياسات المستندة الى الادلة : اطار مفاهيمي</subfield>
    </datafield>
    <datafield tag="269" ind1=" " ind2=" ">
        <subfield code="a">20130901</subfield>
    </datafield>
    <datafield tag="650" ind1=" " ind2=" ">
        <subfield code="a">STATISTICS</subfield>
        <subfield code="0">(DHLAUTH)269347</subfield>
    </datafield>
    <datafield tag="650" ind1=" " ind2=" ">
        <subfield code="a">CAPACITY BUILDING</subfield>
        <subfield code="0">(DHLAUTH)276636</subfield>
    </datafield>
    <datafield tag="650" ind1=" " ind2=" ">
        <subfield code="a">STANDARDS</subfield>
        <subfield code="0">(DHLAUTH)271959</subfield>
    </datafield>
    <datafield tag="650" ind1=" " ind2=" ">
        <subfield code="a">INFORMATION SOURCES</subfield>
        <subfield code="0">(DHLAUTH)275147</subfield>
    </datafield>
    <datafield tag="650" ind1=" " ind2=" ">
        <subfield code="a">DECISION-MAKING</subfield>
        <subfield code="0">(DHLAUTH)270223</subfield>
    </datafield>
    <datafield tag="650" ind1=" " ind2=" ">
        <subfield code="a">ECONOMIC POLICY</subfield>
        <subfield code="0">(DHLAUTH)268235</subfield>
    </datafield>
    <datafield tag="650" ind1=" " ind2=" ">
        <subfield code="a">DATA ANALYSIS</subfield>
        <subfield code="0">(DHLAUTH)275260</subfield>
    </datafield>
    <datafield tag="650" ind1=" " ind2=" ">
        <subfield code="a">WESTERN ASIA</subfield>
        <subfield code="0">(DHLAUTH)275490</subfield>
    </datafield>
</record>
<record>
    <datafield tag="191" ind1=" " ind2=" ">
        <subfield code="a">E/ESCWA/SD/2014/1</subfield>
    </datafield>
    <datafield tag="245" ind1=" " ind2=" ">
        <subfield code="a">EXTERNAL TRADE BULLETIN OF THE ARAB REGION, 23RD ISSUE = نشرة التجارة الخارجية للمنطقة العربية، العدد الثالث والعشرون</subfield>
    </datafield>
    <datafield tag="246" ind1=" " ind2=" ">
        <subfield code="a">EXTERNAL TRADE BULLETIN OF THE ARAB REGION, 23RD ISSUE = نشرة التجارة الخارجية للمنطقة العربية، العدد الثالث والعشرون</subfield>
    </datafield>
    <datafield tag="269" ind1=" " ind2=" ">
        <subfield code="a">20140501</subfield>
    </datafield>
    <datafield tag="650" ind1=" " ind2=" ">
        <subfield code="a">FOREIGN TRADE</subfield>
        <subfield code="0">(DHLAUTH)272801</subfield>
    </datafield>
    <datafield tag="650" ind1=" " ind2=" ">
        <subfield code="a">IMPORTS</subfield>
        <subfield code="0">(DHLAUTH)272827</subfield>
    </datafield>
    <datafield tag="650" ind1=" " ind2=" ">
        <subfield code="a">EXPORTS</subfield>
        <subfield code="0">(DHLAUTH)271798</subfield>
    </datafield>
    <datafield tag="650" ind1=" " ind2=" ">
        <subfield code="a">STATISTICAL DATA</subfield>
        <subfield code="0">(DHLAUTH)270233</subfield>
    </datafield>
    <datafield tag="650" ind1=" " ind2=" ">
        <subfield code="a">ARAB COUNTRIES</subfield>
        <subfield code="0">(DHLAUTH)268705</subfield>
    </datafield>
    <datafield tag="650" ind1=" " ind2=" ">
        <subfield code="a">SERIAL PUBLICATIONS</subfield>
        <subfield code="0">(DHLAUTH)275065</subfield>
    </datafield>
</record>
<record>
    <datafield tag="191" ind1=" " ind2=" ">
        <subfield code="a">E/ESCWA/SD/2014/PAMPHLET.1</subfield>
    </datafield>
    <datafield tag="245" ind1=" " ind2=" ">
        <subfield code="a">ESCWA COUNTRY PROFILES 2014 : KEY ENERGY STATISTICS = ملامح احصائية للبلدان الاعضاء 2014 : قطاع الطاقة </subfield>
    </datafield>
    <datafield tag="246" ind1=" " ind2=" ">
        <subfield code="a">ESCWA COUNTRY PROFILES 2014 : KEY ENERGY STATISTICS = ملامح احصائية للبلدان الاعضاء 2014 : قطاع الطاقة </subfield>
    </datafield>
    <datafield tag="269" ind1=" " ind2=" ">
        <subfield code="a">20140501</subfield>
    </datafield>
    <datafield tag="650" ind1=" " ind2=" ">
        <subfield code="a">NATURAL GAS</subfield>
        <subfield code="0">(DHLAUTH)271228</subfield>
    </datafield>
    <datafield tag="650" ind1=" " ind2=" ">
        <subfield code="a">STATISTICAL DATA</subfield>
        <subfield code="0">(DHLAUTH)270233</subfield>
    </datafield>
    <datafield tag="650" ind1=" " ind2=" ">
        <subfield code="a">ELECTRIC POWER</subfield>
        <subfield code="0">(DHLAUTH)271189</subfield>
    </datafield>
    <datafield tag="650" ind1=" " ind2=" ">
        <subfield code="a">ELECTRICITY</subfield>
        <subfield code="0">(DHLAUTH)271193</subfield>
    </datafield>
    <datafield tag="650" ind1=" " ind2=" ">
        <subfield code="a">COAL INDUSTRY</subfield>
        <subfield code="0">(DHLAUTH)271177</subfield>
    </datafield>
    <datafield tag="650" ind1=" " ind2=" ">
        <subfield code="a">PETROLEUM PRODUCTS</subfield>
        <subfield code="0">(DHLAUTH)271277</subfield>
    </datafield>
    <datafield tag="650" ind1=" " ind2=" ">
        <subfield code="a">ENERGY CONSUMPTION</subfield>
        <subfield code="0">(DHLAUTH)269578</subfield>
    </datafield>
    <datafield tag="650" ind1=" " ind2=" ">
        <subfield code="a">ENERGY STATISTICS</subfield>
        <subfield code="0">(DHLAUTH)270192</subfield>
    </datafield>
    <datafield tag="650" ind1=" " ind2=" ">
        <subfield code="a">ARAB COUNTRIES</subfield>
        <subfield code="0">(DHLAUTH)268705</subfield>
    </datafield>
    <datafield tag="650" ind1=" " ind2=" ">
        <subfield code="a">ENERGY RESOURCES</subfield>
        <subfield code="0">(DHLAUTH)270561</subfield>
    </datafield>
    <datafield tag="650" ind1=" " ind2=" ">
        <subfield code="a">HYDROELECTRIC POWER</subfield>
        <subfield code="0">(DHLAUTH)270871</subfield>
    </datafield>
</record>
<record>
    <datafield tag="191" ind1=" " ind2=" ">
        <subfield code="a">E/ESCWA/SD/2014/TECHNICAL PAPER.1</subfield>
    </datafield>
    <datafield tag="245" ind1=" " ind2=" ">
        <subfield code="a">INTERNATIONAL MIGRATION STATISTICS AND MEASUREMENT ISSUES IN ARAB COUNTRIES</subfield>
    </datafield>
    <datafield tag="269" ind1=" " ind2=" ">
        <subfield code="a">20140818</subfield>
    </datafield>
    <datafield tag="650" ind1=" " ind2=" ">
        <subfield code="a">INTERNATIONAL MIGRATION</subfield>
        <subfield code="0">(DHLAUTH)273006</subfield>
    </datafield>
    <datafield tag="650" ind1=" " ind2=" ">
        <subfield code="a">MIGRATION STATISTICS</subfield>
        <subfield code="0">(DHLAUTH)272990</subfield>
    </datafield>
    <datafield tag="650" ind1=" " ind2=" ">
        <subfield code="a">MEASUREMENT</subfield>
        <subfield code="0">(DHLAUTH)270540</subfield>
    </datafield>
    <datafield tag="650" ind1=" " ind2=" ">
        <subfield code="a">ARAB COUNTRIES</subfield>
        <subfield code="0">(DHLAUTH)268705</subfield>
    </datafield>
    <datafield tag="650" ind1=" " ind2=" ">
        <subfield code="a">JORDAN</subfield>
        <subfield code="0">(DHLAUTH)269099</subfield>
    </datafield>
    <datafield tag="650" ind1=" " ind2=" ">
        <subfield code="a">MOROCCO</subfield>
        <subfield code="0">(DHLAUTH)273417</subfield>
    </datafield>
    <datafield tag="650" ind1=" " ind2=" ">
        <subfield code="a">QATAR</subfield>
        <subfield code="0">(DHLAUTH)275603</subfield>
    </datafield>
</record>
<record>
    <datafield tag="191" ind1=" " ind2=" ">
        <subfield code="a">E/ESCWA/SD/2014/TECHNICAL PAPER.2</subfield>
    </datafield>
    <datafield tag="246" ind1=" " ind2=" ">
        <subfield code="a">جداول العرض والاستخدام في الدول الاعضاء في الاسكوا : تركيب الجداول ومصادر البيانات</subfield>
    </datafield>
    <datafield tag="269" ind1=" " ind2=" ">
        <subfield code="a">20141216</subfield>
    </datafield>
    <datafield tag="650" ind1=" " ind2=" ">
        <subfield code="a">STATISTICAL DATA</subfield>
        <subfield code="0">(DHLAUTH)270233</subfield>
    </datafield>
    <datafield tag="650" ind1=" " ind2=" ">
        <subfield code="a">DATA QUALITY</subfield>
        <subfield code="0">(DHLAUTH)634871</subfield>
    </datafield>
    <datafield tag="650" ind1=" " ind2=" ">
        <subfield code="a">ARAB COUNTRIES</subfield>
        <subfield code="0">(DHLAUTH)268705</subfield>
    </datafield>
    <datafield tag="650" ind1=" " ind2=" ">
        <subfield code="a">ECONOMIC STATISTICS</subfield>
        <subfield code="0">(DHLAUTH)269633</subfield>
    </datafield>
    <datafield tag="650" ind1=" " ind2=" ">
        <subfield code="a">SOCIAL STATISTICS</subfield>
        <subfield code="0">(DHLAUTH)270232</subfield>
    </datafield>
    <datafield tag="650" ind1=" " ind2=" ">
        <subfield code="a">DATA COLLECTION</subfield>
        <subfield code="0">(DHLAUTH)270174</subfield>
    </datafield>
</record>
<record>
    <datafield tag="191" ind1=" " ind2=" ">
        <subfield code="a">E/ESCWA/SD/2015/1</subfield>
    </datafield>
    <datafield tag="245" ind1=" " ind2=" ">
        <subfield code="a">NATIONAL ACCOUNTS STUDIES OF THE ARAB REGION, BULLETIN 34 = دراسات الحسابات القومية للمنطقة العربية، النشرة الرابعة والثلاثون</subfield>
    </datafield>
    <datafield tag="246" ind1=" " ind2=" ">
        <subfield code="a">NATIONAL ACCOUNTS STUDIES OF THE ARAB REGION, BULLETIN 34 = دراسات الحسابات القومية للمنطقة العربية، النشرة الرابعة والثلاثون</subfield>
    </datafield>
    <datafield tag="269" ind1=" " ind2=" ">
        <subfield code="a">20140501</subfield>
    </datafield>
    <datafield tag="650" ind1=" " ind2=" ">
        <subfield code="a">NATIONAL ACCOUNTS</subfield>
        <subfield code="0">(DHLAUTH)269651</subfield>
    </datafield>
    <datafield tag="650" ind1=" " ind2=" ">
        <subfield code="a">STATISTICAL DATA</subfield>
        <subfield code="0">(DHLAUTH)270233</subfield>
    </datafield>
    <datafield tag="650" ind1=" " ind2=" ">
        <subfield code="a">ARAB COUNTRIES</subfield>
        <subfield code="0">(DHLAUTH)268705</subfield>
    </datafield>
</record>
<record>
    <datafield tag="191" ind1=" " ind2=" ">
        <subfield code="a">E/ESCWA/SD/2015/1/MANUAL</subfield>
    </datafield>
    <datafield tag="245" ind1=" " ind2=" ">
        <subfield code="a">TRAINING MANUAL ON METHODOLOGIES FOR DATA COLLECTION ON ENERGY USE BY THE TRANSPORT SECTOR</subfield>
    </datafield>
    <datafield tag="269" ind1=" " ind2=" ">
        <subfield code="a">20150217</subfield>
    </datafield>
    <datafield tag="650" ind1=" " ind2=" ">
        <subfield code="a">TUNISIA</subfield>
        <subfield code="0">(DHLAUTH)273507</subfield>
    </datafield>
    <datafield tag="650" ind1=" " ind2=" ">
        <subfield code="a">MOROCCO</subfield>
        <subfield code="0">(DHLAUTH)273417</subfield>
    </datafield>
    <datafield tag="650" ind1=" " ind2=" ">
        <subfield code="a">ENERGY STATISTICS</subfield>
        <subfield code="0">(DHLAUTH)270192</subfield>
    </datafield>
    <datafield tag="650" ind1=" " ind2=" ">
        <subfield code="a">ARAB COUNTRIES</subfield>
        <subfield code="0">(DHLAUTH)268705</subfield>
    </datafield>
    <datafield tag="650" ind1=" " ind2=" ">
        <subfield code="a">TRANSPORT</subfield>
        <subfield code="0">(DHLAUTH)272243</subfield>
    </datafield>
    <datafield tag="650" ind1=" " ind2=" ">
        <subfield code="a">STATISTICAL METHODOLOGY</subfield>
        <subfield code="0">(DHLAUTH)269635</subfield>
    </datafield>
    <datafield tag="650" ind1=" " ind2=" ">
        <subfield code="a">PALESTINE</subfield>
        <subfield code="0">(DHLAUTH)277398</subfield>
    </datafield>
    <datafield tag="650" ind1=" " ind2=" ">
        <subfield code="a">SURVEYS</subfield>
        <subfield code="0">(DHLAUTH)269793</subfield>
    </datafield>
    <datafield tag="650" ind1=" " ind2=" ">
        <subfield code="a">DATA COLLECTION</subfield>
        <subfield code="0">(DHLAUTH)270174</subfield>
    </datafield>
    <datafield tag="650" ind1=" " ind2=" ">
        <subfield code="a">MANUALS</subfield>
        <subfield code="0">(DHLAUTH)274980</subfield>
    </datafield>
    <datafield tag="650" ind1=" " ind2=" ">
        <subfield code="a">CANADA</subfield>
        <subfield code="0">(DHLAUTH)273297</subfield>
    </datafield>
</record>
<record>
    <datafield tag="191" ind1=" " ind2=" ">
        <subfield code="a">E/ESCWA/SD/2015/4</subfield>
    </datafield>
    <datafield tag="245" ind1=" " ind2=" ">
        <subfield code="a">ARAB SOCIETY : A COMPENDIUM OF SOCIAL STATISTICS ISSUE NO. 12</subfield>
    </datafield>
    <datafield tag="269" ind1=" " ind2=" ">
        <subfield code="a">20151201</subfield>
    </datafield>
</record>
<record>
    <datafield tag="191" ind1=" " ind2=" ">
        <subfield code="a">E/ESCWA/SD/2015/IG.1/3</subfield>
    </datafield>
    <datafield tag="245" ind1=" " ind2=" ">
        <subfield code="a">IMPLICATIONS OF THE TWENTY-EIGHTH MINISTERIAL SESSION OF ESCWA IN THE AREA OF STATISTICAL MONITORING OF SOCIAL JUSTICE : ECONOMIC AND SOCIAL COMMISSION FOR WESTERN ASIA (ESCWA), STATISTICAL COMMITTEE, ELEVENTH SESSION, AMMAN, 4 - 5 FEBRUARY 2015</subfield>
    </datafield>
    <datafield tag="246" ind1=" " ind2=" ">
        <subfield code="a">انعكاسات الدورة الثامنة والعشرين للاسكوا على عملها في الرصد الاحصائي للعدالة الاجتماعية  : اللجنة الاقتصادية والاجتماعية لغربي آسيا (الاسكوا)، اللجنة الاحصائية، الدورة الحادية عشرة، عمان، 4 - 5 شباط/فبراير 2015</subfield>
    </datafield>
    <datafield tag="269" ind1=" " ind2=" ">
        <subfield code="a">20141211</subfield>
    </datafield>
    <datafield tag="650" ind1=" " ind2=" ">
        <subfield code="a">SOCIAL JUSTICE</subfield>
        <subfield code="0">(DHLAUTH)270080</subfield>
    </datafield>
    <datafield tag="650" ind1=" " ind2=" ">
        <subfield code="a">MEASUREMENT</subfield>
        <subfield code="0">(DHLAUTH)270540</subfield>
    </datafield>
    <datafield tag="650" ind1=" " ind2=" ">
        <subfield code="a">STATISTICAL METHODOLOGY</subfield>
        <subfield code="0">(DHLAUTH)269635</subfield>
    </datafield>
    <datafield tag="650" ind1=" " ind2=" ">
        <subfield code="a">ARAB COUNTRIES</subfield>
        <subfield code="0">(DHLAUTH)268705</subfield>
    </datafield>
    <datafield tag="650" ind1=" " ind2=" ">
        <subfield code="a">REGIONAL COMMISSIONS</subfield>
        <subfield code="0">(DHLAUTH)269969</subfield>
    </datafield>
    <datafield tag="650" ind1=" " ind2=" ">
        <subfield code="a">CONFERENCES</subfield>
        <subfield code="0">(DHLAUTH)275758</subfield>
    </datafield>
</record>
<record>
    <datafield tag="191" ind1=" " ind2=" ">
        <subfield code="a">E/ESCWA/SD/2015/IG.1/3(PART II)</subfield>
    </datafield>
    <datafield tag="245" ind1=" " ind2=" ">
        <subfield code="a">IMPLICATIONS OF THE TWENTY-EIGHTH MINISTERIAL SESSION OF ESCWA IN THE AREA OF STATISTICAL MONITORING OF SOCIAL JUSTICE : PROPOSED METHODOLOGY FOR MEASURING MULTIDIMENSIONAL POVERTY : ECONOMIC AND SOCIAL COMMISSION FOR WESTERN ASIA (ESCWA), STATISTICAL COMMITTEE, ELEVENTH SESSION, AMMAN, 4 - 5 FEBRUARY 2015</subfield>
    </datafield>
    <datafield tag="246" ind1=" " ind2=" ">
        <subfield code="a">انعكاسات الدورة الثامنة والعشرين للاسكوا على عملها في الرصد الاحصائي للعدالة الاجتماعية  : المنهجية المقترحة لقياس الفقر المتعدد الابعاد : اللجنة الاقتصادية والاجتماعية لغربي آسيا (الاسكوا)، اللجنة الاخصائية، الدورة الحادية عشرة، عمان، 4 - 5 شباط/فبراير 2015</subfield>
    </datafield>
    <datafield tag="269" ind1=" " ind2=" ">
        <subfield code="a">20141210</subfield>
    </datafield>
    <datafield tag="650" ind1=" " ind2=" ">
        <subfield code="a">SOCIAL JUSTICE</subfield>
        <subfield code="0">(DHLAUTH)270080</subfield>
    </datafield>
    <datafield tag="650" ind1=" " ind2=" ">
        <subfield code="a">MEASUREMENT</subfield>
        <subfield code="0">(DHLAUTH)270540</subfield>
    </datafield>
    <datafield tag="650" ind1=" " ind2=" ">
        <subfield code="a">STATISTICAL METHODOLOGY</subfield>
        <subfield code="0">(DHLAUTH)269635</subfield>
    </datafield>
    <datafield tag="650" ind1=" " ind2=" ">
        <subfield code="a">POVERTY</subfield>
        <subfield code="0">(DHLAUTH)270079</subfield>
    </datafield>
    <datafield tag="650" ind1=" " ind2=" ">
        <subfield code="a">REGIONAL COMMISSIONS</subfield>
        <subfield code="0">(DHLAUTH)269969</subfield>
    </datafield>
    <datafield tag="650" ind1=" " ind2=" ">
        <subfield code="a">CONFERENCES</subfield>
        <subfield code="0">(DHLAUTH)275758</subfield>
    </datafield>
</record>
<record>
    <datafield tag="191" ind1=" " ind2=" ">
        <subfield code="a">E/ESCWA/SD/2015/IG.1/3(PART I)</subfield>
    </datafield>
    <datafield tag="245" ind1=" " ind2=" ">
        <subfield code="a">IMPLICATIONS OF THE TWENTY-EIGHTH MINISTERIAL SESSION OF ESCWA IN THE AREA OF STATISTICAL MONITORING OF SOCIAL JUSTICE : ISSUES OF MEASURING SOCIAL JUSTICE : ECONOMIC AND SOCIAL COMMISSION FOR WESTERN ASIA (ESCWA), STATISTICAL COMMITTEE, ELEVENTH SESSION, AMMAN, 4 - 5 FEBRUARY 2015</subfield>
    </datafield>
    <datafield tag="246" ind1=" " ind2=" ">
        <subfield code="a">انعكاسات الدورة الثامنة والعشرين للاسكوا على عملها في الرصد الاحصائي للعدالة الاجتماعية  : قضايا قياس العدالة الاجتماعية : اللجنة الاقتصادية والاجتماعية لغربي آسيا (الاسكوا)، اللجنة الاحصائية، الدورة الحادية عشرة، عمان، 4 - 5 شباط/فبراير 2015</subfield>
    </datafield>
    <datafield tag="269" ind1=" " ind2=" ">
        <subfield code="a">20150113</subfield>
    </datafield>
    <datafield tag="650" ind1=" " ind2=" ">
        <subfield code="a">SOCIAL JUSTICE</subfield>
        <subfield code="0">(DHLAUTH)270080</subfield>
    </datafield>
    <datafield tag="650" ind1=" " ind2=" ">
        <subfield code="a">MEASUREMENT</subfield>
        <subfield code="0">(DHLAUTH)270540</subfield>
    </datafield>
    <datafield tag="650" ind1=" " ind2=" ">
        <subfield code="a">STATISTICAL METHODOLOGY</subfield>
        <subfield code="0">(DHLAUTH)269635</subfield>
    </datafield>
    <datafield tag="650" ind1=" " ind2=" ">
        <subfield code="a">REGIONAL COMMISSIONS</subfield>
        <subfield code="0">(DHLAUTH)269969</subfield>
    </datafield>
    <datafield tag="650" ind1=" " ind2=" ">
        <subfield code="a">ARAB COUNTRIES</subfield>
        <subfield code="0">(DHLAUTH)268705</subfield>
    </datafield>
    <datafield tag="650" ind1=" " ind2=" ">
        <subfield code="a">CONFERENCES</subfield>
        <subfield code="0">(DHLAUTH)275758</subfield>
    </datafield>
</record>
<record>
    <datafield tag="191" ind1=" " ind2=" ">
        <subfield code="a">E/ESCWA/SD/2015/IG.1/4</subfield>
    </datafield>
    <datafield tag="245" ind1=" " ind2=" ">
        <subfield code="a">ROUND TABLE ON NATIONAL STRATEGIES FOR THE DEVELOPMENT OF STATISTICS IN SUPPORT OF THE POST-2015 DEVELOPMENT AGENDA : ECONOMIC AND SOCIAL COMMISSION FOR WESTERN ASIA (ESCWA), STATISTICAL COMMITTEE, ELEVENTH SESSION, AMMAN, 4 - 5 FEBRUARY 2015</subfield>
    </datafield>
    <datafield tag="246" ind1=" " ind2=" ">
        <subfield code="a">حلقة نقاش حول وضع استراتيجيات وطنية لتطوير الاحصاءات دعماً لتنفيذ خطة الامم المتحدة للتنمية لما بعد عام 2015 :  اللجنة الاقتصادية والاجتماعية لغربي آسيا (الاسكوا)، اللجنة الاحصائية، الدورة الحادية عشرة، عمان، 4 - 5 شباط/فبراير 2015</subfield>
    </datafield>
    <datafield tag="269" ind1=" " ind2=" ">
        <subfield code="a">20150115</subfield>
    </datafield>
    <datafield tag="650" ind1=" " ind2=" ">
        <subfield code="a">DEVELOPMENT PLANS</subfield>
        <subfield code="0">(DHLAUTH)269892</subfield>
    </datafield>
    <datafield tag="650" ind1=" " ind2=" ">
        <subfield code="a">STATISTICAL DATA</subfield>
        <subfield code="0">(DHLAUTH)270233</subfield>
    </datafield>
    <datafield tag="650" ind1=" " ind2=" ">
        <subfield code="a">GOVERNMENT POLICY</subfield>
        <subfield code="0">(DHLAUTH)758647</subfield>
    </datafield>
    <datafield tag="650" ind1=" " ind2=" ">
        <subfield code="a">RECOMMENDATIONS</subfield>
        <subfield code="0">(DHLAUTH)275840</subfield>
    </datafield>
    <datafield tag="650" ind1=" " ind2=" ">
        <subfield code="a">REGIONAL COMMISSIONS</subfield>
        <subfield code="0">(DHLAUTH)269969</subfield>
    </datafield>
    <datafield tag="650" ind1=" " ind2=" ">
        <subfield code="a">CONFERENCES</subfield>
        <subfield code="0">(DHLAUTH)275758</subfield>
    </datafield>
    <datafield tag="650" ind1=" " ind2=" ">
        <subfield code="a">ARAB COUNTRIES</subfield>
        <subfield code="0">(DHLAUTH)268705</subfield>
    </datafield>
</record>
<record>
    <datafield tag="191" ind1=" " ind2=" ">
        <subfield code="a">E/ESCWA/SD/2015/IG.1/5</subfield>
    </datafield>
    <datafield tag="245" ind1=" " ind2=" ">
        <subfield code="a">OFFICIAL STATISTICS AND EMERGING SOURCES OF DATA : IMPLICATIONS FOR ESCWA STATISTICAL ACTIVITIES : BIG DATA : ECONOMIC AND SOCIAL COMMISSION FOR WESTERN ASIA (ESCWA), STATISTICAL COMMITTEE, ELEVENTH SESSION, AMMAN, 4 - 5 FEBRUARY 2015</subfield>
    </datafield>
    <datafield tag="246" ind1=" " ind2=" ">
        <subfield code="a">الاحصاءات الرسمية والمصادر الجديدة للبيانات : انعكاساتها على انشطة الاسكوا في مجال الاحصاء (البيانات الضخمة) : اللجنة الاقتصادية والاجتماعية لغربي آسيا (الاسكوا)، اللجنة الاحصائية، الدورة الحادية عشرة، عمان، 4 - 5 شباط/فبراير 2015</subfield>
    </datafield>
    <datafield tag="269" ind1=" " ind2=" ">
        <subfield code="a">20150113</subfield>
    </datafield>
    <datafield tag="650" ind1=" " ind2=" ">
        <subfield code="a">BIG DATA</subfield>
        <subfield code="0">(DHLAUTH)844830</subfield>
    </datafield>
    <datafield tag="650" ind1=" " ind2=" ">
        <subfield code="a">T0013863?</subfield>
        <subfield code="0">(DHLAUTH)?</subfield>
    </datafield>
    <datafield tag="650" ind1=" " ind2=" ">
        <subfield code="a">STATISTICAL DATA</subfield>
        <subfield code="0">(DHLAUTH)270233</subfield>
    </datafield>
    <datafield tag="650" ind1=" " ind2=" ">
        <subfield code="a">ACTIVITIES</subfield>
        <subfield code="0">(DHLAUTH)275823</subfield>
    </datafield>
    <datafield tag="650" ind1=" " ind2=" ">
        <subfield code="a">REGIONAL COMMISSIONS</subfield>
        <subfield code="0">(DHLAUTH)269969</subfield>
    </datafield>
    <datafield tag="650" ind1=" " ind2=" ">
        <subfield code="a">ARAB COUNTRIES</subfield>
        <subfield code="0">(DHLAUTH)268705</subfield>
    </datafield>
    <datafield tag="650" ind1=" " ind2=" ">
        <subfield code="a">CONFERENCES</subfield>
        <subfield code="0">(DHLAUTH)275758</subfield>
    </datafield>
</record>
<record>
    <datafield tag="191" ind1=" " ind2=" ">
        <subfield code="a">E/ESCWA/SD/2015/IG.1/6</subfield>
    </datafield>
    <datafield tag="245" ind1=" " ind2=" ">
        <subfield code="a">ESCWA STATISTICAL ACTIVITIES : ECONOMIC AND SOCIAL COMMISSION FOR WESTERN ASIA (ESCWA), STATISTICAL COMMITTEE, ELEVENTH SESSION, AMMAN, 4 - 5 FEBRUARY 2015</subfield>
    </datafield>
    <datafield tag="246" ind1=" " ind2=" ">
        <subfield code="a">انشطة الاسكوا في مجال الاحصاء : اللجنة الاقتصادية والاجتماعية لغربي آسيا (الاسكوا)، اللجنة الاحصائية، الدورة الحادية عشرة، عمان، 4 - 5 شباط/فبراير 2015</subfield>
    </datafield>
    <datafield tag="269" ind1=" " ind2=" ">
        <subfield code="a">20141210</subfield>
    </datafield>
    <datafield tag="650" ind1=" " ind2=" ">
        <subfield code="a">REGIONAL COMMISSIONS</subfield>
        <subfield code="0">(DHLAUTH)269969</subfield>
    </datafield>
    <datafield tag="650" ind1=" " ind2=" ">
        <subfield code="a">STATISTICS</subfield>
        <subfield code="0">(DHLAUTH)269347</subfield>
    </datafield>
    <datafield tag="650" ind1=" " ind2=" ">
        <subfield code="a">ACTIVITIES</subfield>
        <subfield code="0">(DHLAUTH)275823</subfield>
    </datafield>
    <datafield tag="650" ind1=" " ind2=" ">
        <subfield code="a">ARAB COUNTRIES</subfield>
        <subfield code="0">(DHLAUTH)268705</subfield>
    </datafield>
    <datafield tag="650" ind1=" " ind2=" ">
        <subfield code="a">CONFERENCES</subfield>
        <subfield code="0">(DHLAUTH)275758</subfield>
    </datafield>
</record>
<record>
    <datafield tag="191" ind1=" " ind2=" ">
        <subfield code="a">E/ESCWA/SD/2015/IG.1/6(PART III)</subfield>
    </datafield>
    <datafield tag="245" ind1=" " ind2=" ">
        <subfield code="a">ESCWA STATISTICAL ACTIVITIES : PROPOSED PROGRAMME OF WORK FOR THE BIENNIUM 2016 - 2017 IN THE FIELD OF STATISTICS : ECONOMIC AND SOCIAL COMMISSION FOR WESTERN ASIA (ESCWA), STATISTICAL COMMITTEE, ELEVENTH SESSION, AMMAN, 4 - 5 FEBRUARY 2015</subfield>
    </datafield>
    <datafield tag="246" ind1=" " ind2=" ">
        <subfield code="a">انشطة الاسكوا في مجال الاحصاء : برنامج العمل المقترح لفترة السنتين 2016 - 2017 في مجال الاحصاء : اللجنة الاقتصادية والاجتماعية لغربي آسيا (الاسكوا)، اللجنة الاحصائية، الدورة الحادية عشرة، عمان، 4 - 5 شباط/فبراير 2015</subfield>
    </datafield>
    <datafield tag="269" ind1=" " ind2=" ">
        <subfield code="a">20150113</subfield>
    </datafield>
    <datafield tag="650" ind1=" " ind2=" ">
        <subfield code="a">STATISTICS</subfield>
        <subfield code="0">(DHLAUTH)269347</subfield>
    </datafield>
    <datafield tag="650" ind1=" " ind2=" ">
        <subfield code="a">ACTIVITIES</subfield>
        <subfield code="0">(DHLAUTH)275823</subfield>
    </datafield>
    <datafield tag="650" ind1=" " ind2=" ">
        <subfield code="a">WORK PROGRAMME</subfield>
        <subfield code="0">(DHLAUTH)275800</subfield>
    </datafield>
    <datafield tag="650" ind1=" " ind2=" ">
        <subfield code="a">REGIONAL COMMISSIONS</subfield>
        <subfield code="0">(DHLAUTH)269969</subfield>
    </datafield>
    <datafield tag="650" ind1=" " ind2=" ">
        <subfield code="a">ARAB COUNTRIES</subfield>
        <subfield code="0">(DHLAUTH)268705</subfield>
    </datafield>
    <datafield tag="650" ind1=" " ind2=" ">
        <subfield code="a">CONFERENCES</subfield>
        <subfield code="0">(DHLAUTH)275758</subfield>
    </datafield>
</record>
<record>
    <datafield tag="191" ind1=" " ind2=" ">
        <subfield code="a">E/ESCWA/SD/2015/IG.1/6(PART II)</subfield>
    </datafield>
    <datafield tag="245" ind1=" " ind2=" ">
        <subfield code="a">ESCWA STATISTICAL ACTIVITIES : STRATEGIC DIRECTION FOR THE STATISTICAL WORK OF ESCWA IN 2016-2020 IN THE CONTEXT OF THE POST-2015 DEVELOPMENT AGENDA : ECONOMIC AND SOCIAL COMMISSION FOR WESTERN ASIA (ESCWA), STATISTICAL COMMITTEE, ELEVENTH SESSION, AMMAN, 4 - 5 FEBRUARY 2015</subfield>
    </datafield>
    <datafield tag="246" ind1=" " ind2=" ">
        <subfield code="a">انشطة الاسكوا في مجال الاحصاء : التوجه الاستراتيجي لانشطة الاسكوا في مجال الاحصاء للفترة 2016 - 2020 في سياق خطة الامم المتحدة لما بعد عام 2015 : اللجنة الاقتصادية والاجتماعية لغربي آسيا (الاسكوا)، اللجنة الاحصائية، الدورة الحادية عشرة، عمان، 4 - 5 شباط/فبراير 2015</subfield>
    </datafield>
    <datafield tag="269" ind1=" " ind2=" ">
        <subfield code="a">20150114</subfield>
    </datafield>
    <datafield tag="650" ind1=" " ind2=" ">
        <subfield code="a">STATISTICS</subfield>
        <subfield code="0">(DHLAUTH)269347</subfield>
    </datafield>
    <datafield tag="650" ind1=" " ind2=" ">
        <subfield code="a">ACTIVITIES</subfield>
        <subfield code="0">(DHLAUTH)275823</subfield>
    </datafield>
    <datafield tag="650" ind1=" " ind2=" ">
        <subfield code="a">DEVELOPMENT PLANS</subfield>
        <subfield code="0">(DHLAUTH)269892</subfield>
    </datafield>
    <datafield tag="650" ind1=" " ind2=" ">
        <subfield code="a">REGIONAL COMMISSIONS</subfield>
        <subfield code="0">(DHLAUTH)269969</subfield>
    </datafield>
    <datafield tag="650" ind1=" " ind2=" ">
        <subfield code="a">ARAB COUNTRIES</subfield>
        <subfield code="0">(DHLAUTH)268705</subfield>
    </datafield>
    <datafield tag="650" ind1=" " ind2=" ">
        <subfield code="a">CONFERENCES</subfield>
        <subfield code="0">(DHLAUTH)275758</subfield>
    </datafield>
</record>
<record>
    <datafield tag="191" ind1=" " ind2=" ">
        <subfield code="a">E/ESCWA/SD/2015/IG.1/6(PART I)</subfield>
    </datafield>
    <datafield tag="245" ind1=" " ind2=" ">
        <subfield code="a">ESCWA STATISTICAL ACTIVITIES : IMPLEMENATION OF RECOMMENDATIONS MADE BY THE STATISTICAL COMMITTEE AT ITS TENTH SESSION :  ECONOMIC AND SOCIAL COMMISSION FOR WESTERN ASIA (ESCWA), STATISTICAL COMMITTEE, ELEVENTH SESSION, AMMAN, 4 - 5 FEBRUARY 2015</subfield>
    </datafield>
    <datafield tag="246" ind1=" " ind2=" ">
        <subfield code="a">انشطة الاسكوا في مجال الاحصاء : تنفيذ التوصيات الصادرة عن اللجنة الاحصائية في دورتها العاشرة : اللجنة الاقتصادية والاجتماعية لغربي آسيا (الاسكوا)، اللجنة الاحصائية، الدورة الحادية عشرة، عمان، 4 - 5 شباط/فبراير 2015</subfield>
    </datafield>
    <datafield tag="269" ind1=" " ind2=" ">
        <subfield code="a">20150113</subfield>
    </datafield>
    <datafield tag="650" ind1=" " ind2=" ">
        <subfield code="a">STATISTICS</subfield>
        <subfield code="0">(DHLAUTH)269347</subfield>
    </datafield>
    <datafield tag="650" ind1=" " ind2=" ">
        <subfield code="a">ACTIVITIES</subfield>
        <subfield code="0">(DHLAUTH)275823</subfield>
    </datafield>
    <datafield tag="650" ind1=" " ind2=" ">
        <subfield code="a">PROGRAMME IMPLEMENTATION</subfield>
        <subfield code="0">(DHLAUTH)275794</subfield>
    </datafield>
    <datafield tag="650" ind1=" " ind2=" ">
        <subfield code="a">REGIONAL COMMISSIONS</subfield>
        <subfield code="0">(DHLAUTH)269969</subfield>
    </datafield>
    <datafield tag="650" ind1=" " ind2=" ">
        <subfield code="a">ARAB COUNTRIES</subfield>
        <subfield code="0">(DHLAUTH)268705</subfield>
    </datafield>
    <datafield tag="650" ind1=" " ind2=" ">
        <subfield code="a">CONFERENCES</subfield>
        <subfield code="0">(DHLAUTH)275758</subfield>
    </datafield>
</record>
<record>
    <datafield tag="191" ind1=" " ind2=" ">
        <subfield code="a">E/ESCWA/SD/2015/IG.1/CRP.1</subfield>
    </datafield>
    <datafield tag="245" ind1=" " ind2=" ">
        <subfield code="a">TOWARDS BETTER MEASUREMENT OF POVERTY AND INEQUALITY IN ARAB COUNTRIES : A PROPOSED PAN-ARAB MULTI-PURPOSE SURVEY : ECONOMIC AND SOCIAL COMMISSION FOR WESTERN ASIA (ESCWA), STATISTICAL COMMITTEE, ELEVENTH SESSION, AMMAN, 4 - 5 FEBRUARY 2015</subfield>
    </datafield>
    <datafield tag="269" ind1=" " ind2=" ">
        <subfield code="a">20150120</subfield>
    </datafield>
    <datafield tag="650" ind1=" " ind2=" ">
        <subfield code="a">POVERTY</subfield>
        <subfield code="0">(DHLAUTH)270079</subfield>
    </datafield>
    <datafield tag="650" ind1=" " ind2=" ">
        <subfield code="a">MEASUREMENT</subfield>
        <subfield code="0">(DHLAUTH)270540</subfield>
    </datafield>
    <datafield tag="650" ind1=" " ind2=" ">
        <subfield code="a">DISCRIMINATION</subfield>
        <subfield code="0">(DHLAUTH)270286</subfield>
    </datafield>
    <datafield tag="650" ind1=" " ind2=" ">
        <subfield code="a">SURVEYS</subfield>
        <subfield code="0">(DHLAUTH)269793</subfield>
    </datafield>
    <datafield tag="650" ind1=" " ind2=" ">
        <subfield code="a">STATISTICAL METHODOLOGY</subfield>
        <subfield code="0">(DHLAUTH)269635</subfield>
    </datafield>
    <datafield tag="650" ind1=" " ind2=" ">
        <subfield code="a">ARAB COUNTRIES</subfield>
        <subfield code="0">(DHLAUTH)268705</subfield>
    </datafield>
    <datafield tag="650" ind1=" " ind2=" ">
        <subfield code="a">CONFERENCES</subfield>
        <subfield code="0">(DHLAUTH)275758</subfield>
    </datafield>
</record>
<record>
    <datafield tag="191" ind1=" " ind2=" ">
        <subfield code="a">E/ESCWA/SD/2015/IG.1/CRP.2</subfield>
    </datafield>
    <datafield tag="245" ind1=" " ind2=" ">
        <subfield code="a">ADVISORY GROUP ON ECONOMIC STATISTICS IN ARAB REGION : ECONOMIC AND SOCIAL COMMISSION FOR WESTERN ASIA (ESCWA), STATISTICAL COMMITTEE, ELEVENTH SESSION, AMMAN, 4 - 5 FEBRUARY 2015</subfield>
    </datafield>
    <datafield tag="246" ind1=" " ind2=" ">
        <subfield code="a">المجموعة الاستشارية المعنية بالاحصاءات الاقتصادية في الاسكوا : الشروط المرجعية : اللجنة الاقتصادية والاجتماعية لغربي آسيا (الاسكوا)، اللجنة الاحصائية، الدورة الحادية عشرة، عمان، 4 - 5 شباط/فبراير 2015</subfield>
    </datafield>
    <datafield tag="269" ind1=" " ind2=" ">
        <subfield code="a">20150119</subfield>
    </datafield>
    <datafield tag="650" ind1=" " ind2=" ">
        <subfield code="a">ECONOMIC STATISTICS</subfield>
        <subfield code="0">(DHLAUTH)269633</subfield>
    </datafield>
    <datafield tag="650" ind1=" " ind2=" ">
        <subfield code="a">ADVISORY SERVICES</subfield>
        <subfield code="0">(DHLAUTH)269860</subfield>
    </datafield>
    <datafield tag="650" ind1=" " ind2=" ">
        <subfield code="a">TERMS OF REFERENCE</subfield>
        <subfield code="0">(DHLAUTH)268319</subfield>
    </datafield>
    <datafield tag="650" ind1=" " ind2=" ">
        <subfield code="a">GROUPS OF EXPERTS</subfield>
        <subfield code="0">(DHLAUTH)269944</subfield>
    </datafield>
    <datafield tag="650" ind1=" " ind2=" ">
        <subfield code="a">REGIONAL COMMISSIONS</subfield>
        <subfield code="0">(DHLAUTH)269969</subfield>
    </datafield>
    <datafield tag="650" ind1=" " ind2=" ">
        <subfield code="a">ARAB COUNTRIES</subfield>
        <subfield code="0">(DHLAUTH)268705</subfield>
    </datafield>
    <datafield tag="650" ind1=" " ind2=" ">
        <subfield code="a">CONFERENCES</subfield>
        <subfield code="0">(DHLAUTH)275758</subfield>
    </datafield>
</record>
<record>
    <datafield tag="191" ind1=" " ind2=" ">
        <subfield code="a">E/ESCWA/SD/2015/IG.1/INF.1</subfield>
    </datafield>
    <datafield tag="245" ind1=" " ind2=" ">
        <subfield code="a">INFORMATION NOTE : ECONOMIC AND SOCIAL COMMISSION FOR WESTERN ASIA (ESCWA), STATISTICAL COMMITTEE, ELEVENTH SESSION, AMMAN, 4 - 5 FEBRUARY 2015</subfield>
    </datafield>
    <datafield tag="246" ind1=" " ind2=" ">
        <subfield code="a">مذكرة توضيحية : اللجنة الاقتصادية والاجتماعية لغربي آسيا (الاسكوا)، اللجنة الاحصائية، الدورة الحادية عشرة، عمان، 4 - 5 شباط/فبراير 2015</subfield>
    </datafield>
    <datafield tag="269" ind1=" " ind2=" ">
        <subfield code="a">20150115</subfield>
    </datafield>
    <datafield tag="650" ind1=" " ind2=" ">
        <subfield code="a">STATISTICS</subfield>
        <subfield code="0">(DHLAUTH)269347</subfield>
    </datafield>
    <datafield tag="650" ind1=" " ind2=" ">
        <subfield code="a">REGIONAL COMMISSIONS</subfield>
        <subfield code="0">(DHLAUTH)269969</subfield>
    </datafield>
    <datafield tag="650" ind1=" " ind2=" ">
        <subfield code="a">CONFERENCES</subfield>
        <subfield code="0">(DHLAUTH)275758</subfield>
    </datafield>
    <datafield tag="650" ind1=" " ind2=" ">
        <subfield code="a">ARAB COUNTRIES</subfield>
        <subfield code="0">(DHLAUTH)268705</subfield>
    </datafield>
</record>
<record>
    <datafield tag="191" ind1=" " ind2=" ">
        <subfield code="a">E/ESCWA/SD/2015/IG.1/L.1</subfield>
    </datafield>
    <datafield tag="245" ind1=" " ind2=" ">
        <subfield code="a">PROVISIONAL AGENDA AND ANNOTATIONS : THE DATA REVOLUTION FOR SUPPORT AND MONITORING OF THE POST-2015 DEVELOPMENT AGENDA : ECONOMIC AND SOCIAL COMMISSION FOR WESTERN ASIA (ESCWA), STATISTICAL COMMITTEE, ELEVENTH SESSION, AMMAN, 4 - 5 FEBRUARY 2015</subfield>
    </datafield>
    <datafield tag="246" ind1=" " ind2=" ">
        <subfield code="a">جدول الاعمال والشروح : دور ثورة البيانات في دعم ورصد خطة الامم المتحدة للتنمية لما بعد عام 2015 :  اللجنة الاقتصادية والاجتماعية لغربي آسيا (الاسكوا)، اللجنة الاحصائية، الدورة الحادية عشرة، عمان، 4 - 5 شباط/فبراير 2015</subfield>
    </datafield>
    <datafield tag="269" ind1=" " ind2=" ">
        <subfield code="a">20141210</subfield>
    </datafield>
    <datafield tag="650" ind1=" " ind2=" ">
        <subfield code="a">STATISTICS</subfield>
        <subfield code="0">(DHLAUTH)269347</subfield>
    </datafield>
    <datafield tag="650" ind1=" " ind2=" ">
        <subfield code="a">REGIONAL COMMISSIONS</subfield>
        <subfield code="0">(DHLAUTH)269969</subfield>
    </datafield>
    <datafield tag="650" ind1=" " ind2=" ">
        <subfield code="a">AGENDA</subfield>
        <subfield code="0">(DHLAUTH)275133</subfield>
    </datafield>
    <datafield tag="650" ind1=" " ind2=" ">
        <subfield code="a">ANNOTATIONS, CITATIONS AND COMMENTARIES</subfield>
        <subfield code="0">(DHLAUTH)269156</subfield>
    </datafield>
    <datafield tag="650" ind1=" " ind2=" ">
        <subfield code="a">ARAB COUNTRIES</subfield>
        <subfield code="0">(DHLAUTH)268705</subfield>
    </datafield>
    <datafield tag="650" ind1=" " ind2=" ">
        <subfield code="a">CONFERENCES</subfield>
        <subfield code="0">(DHLAUTH)275758</subfield>
    </datafield>
</record>
<record>
    <datafield tag="191" ind1=" " ind2=" ">
        <subfield code="a">E/ESCWA/SD/2015/IG.1/L.2</subfield>
    </datafield>
    <datafield tag="245" ind1=" " ind2=" ">
        <subfield code="a">ORGANIZATION OF WORK : NOTE BY THE SECRETARIAT : ECONOMIC AND SOCIAL COMMISSION FOR WESTERN ASIA (ESCWA), STATISTICAL COMMITTEE, ELEVENTH SESSION, AMMAN, 4 - 5 FEBRUARY 2015</subfield>
    </datafield>
    <datafield tag="246" ind1=" " ind2=" ">
        <subfield code="a">تنظيم الاعمال : مذكرة من الامانة التنفيذية : اللجنة الاقتصادية والاجتماعية لغربي آسيا (الاسكوا)، اللجنة الاحصائية، الدورة الحادية عشرة، عمان، 4 - 5 شباط/فبراير 2015</subfield>
    </datafield>
    <datafield tag="269" ind1=" " ind2=" ">
        <subfield code="a">20150128</subfield>
    </datafield>
    <datafield tag="650" ind1=" " ind2=" ">
        <subfield code="a">STATISTICS</subfield>
        <subfield code="0">(DHLAUTH)269347</subfield>
    </datafield>
    <datafield tag="650" ind1=" " ind2=" ">
        <subfield code="a">WORK ORGANIZATION</subfield>
        <subfield code="0">(DHLAUTH)275746</subfield>
    </datafield>
    <datafield tag="650" ind1=" " ind2=" ">
        <subfield code="a">REGIONAL COMMISSIONS</subfield>
        <subfield code="0">(DHLAUTH)269969</subfield>
    </datafield>
    <datafield tag="650" ind1=" " ind2=" ">
        <subfield code="a">ARAB COUNTRIES</subfield>
        <subfield code="0">(DHLAUTH)268705</subfield>
    </datafield>
    <datafield tag="650" ind1=" " ind2=" ">
        <subfield code="a">CONFERENCES</subfield>
        <subfield code="0">(DHLAUTH)275758</subfield>
    </datafield>
</record>
<record>
    <datafield tag="191" ind1=" " ind2=" ">
        <subfield code="a">E/ESCWA/SD/2015/TECHNICAL PAPER.1</subfield>
    </datafield>
    <datafield tag="245" ind1=" " ind2=" ">
        <subfield code="a">MEASURING SUSTAINABLE DEVELOPMENT IN THE ARAB REGION : A REVIEW OF COUNTRY EXPERIENCES AND RECOMMENDATIONS FOR MONITORING AND EVALUATION POST-2015</subfield>
    </datafield>
    <datafield tag="269" ind1=" " ind2=" ">
        <subfield code="a">20150422</subfield>
    </datafield>
    <datafield tag="650" ind1=" " ind2=" ">
        <subfield code="a">RECOMMENDATIONS</subfield>
        <subfield code="0">(DHLAUTH)275840</subfield>
    </datafield>
    <datafield tag="650" ind1=" " ind2=" ">
        <subfield code="a">MEASUREMENT</subfield>
        <subfield code="0">(DHLAUTH)270540</subfield>
    </datafield>
    <datafield tag="650" ind1=" " ind2=" ">
        <subfield code="a">SUSTAINABLE DEVELOPMENT</subfield>
        <subfield code="0">(DHLAUTH)269920</subfield>
    </datafield>
    <datafield tag="650" ind1=" " ind2=" ">
        <subfield code="a">ARAB COUNTRIES</subfield>
        <subfield code="0">(DHLAUTH)268705</subfield>
    </datafield>
</record>
<record>
    <datafield tag="191" ind1=" " ind2=" ">
        <subfield code="a">E/ESCWA/SD/2015/TECHNICAL PAPER.2</subfield>
    </datafield>
    <datafield tag="245" ind1=" " ind2=" ">
        <subfield code="a">PURCHASING POWER PARITIES AND THE REAL SIZE OF WESTERN ASIA ECONOMIES : A COMPREHENSIVE REPORT OF THE 2011 ROUND OF THE INTERNATIONAL COMPARISON PROGRAM IN WESTERN ASIA REGION</subfield>
    </datafield>
    <datafield tag="269" ind1=" " ind2=" ">
        <subfield code="a">20150513</subfield>
    </datafield>
    <datafield tag="650" ind1=" " ind2=" ">
        <subfield code="a">PURCHASING POWER</subfield>
        <subfield code="0">(DHLAUTH)269739</subfield>
    </datafield>
    <datafield tag="650" ind1=" " ind2=" ">
        <subfield code="a">ARAB COUNTRIES</subfield>
        <subfield code="0">(DHLAUTH)268705</subfield>
    </datafield>
    <datafield tag="650" ind1=" " ind2=" ">
        <subfield code="a">ECONOMICS</subfield>
        <subfield code="0">(DHLAUTH)269576</subfield>
    </datafield>
</record>
<record>
    <datafield tag="191" ind1=" " ind2=" ">
        <subfield code="a">E/ESCWA/SD/2016/TECHNICAL PAPER.2</subfield>
    </datafield>
    <datafield tag="246" ind1=" " ind2=" ">
        <subfield code="a">استخدام السجلات الادارية في تعدادات السكان والمساكن</subfield>
    </datafield>
    <datafield tag="269" ind1=" " ind2=" ">
        <subfield code="a">20160516</subfield>
    </datafield>
    <datafield tag="650" ind1=" " ind2=" ">
        <subfield code="a">POPULATION CENSUSES</subfield>
        <subfield code="0">(DHLAUTH)270178</subfield>
    </datafield>
    <datafield tag="650" ind1=" " ind2=" ">
        <subfield code="a">HOUSING CENSUSES</subfield>
        <subfield code="0">(DHLAUTH)304326</subfield>
    </datafield>
    <datafield tag="650" ind1=" " ind2=" ">
        <subfield code="a">ARAB COUNTRIES</subfield>
        <subfield code="0">(DHLAUTH)268705</subfield>
    </datafield>
</record>
<record>
    <datafield tag="191" ind1=" " ind2=" ">
        <subfield code="a">E/ESCWA/SD/2016/WG.2/REPORT</subfield>
    </datafield>
    <datafield tag="246" ind1=" " ind2=" ">
        <subfield code="a">تقرير الاجتماع الرابع لفريق العمل المشترك بين الوكالات  والخبراء حول احصاءات النوع الاجتماعي في المنطقة العربية، البحر الميت، الاردن، 9 - 10 ايار/مايو 2016</subfield>
    </datafield>
    <datafield tag="269" ind1=" " ind2=" ">
        <subfield code="a">20161012</subfield>
    </datafield>
    <datafield tag="650" ind1=" " ind2=" ">
        <subfield code="a">GENDER STATISTICS</subfield>
        <subfield code="0">(DHLAUTH)276683</subfield>
    </datafield>
    <datafield tag="650" ind1=" " ind2=" ">
        <subfield code="a">EXPERTS</subfield>
        <subfield code="0">(DHLAUTH)269889</subfield>
    </datafield>
    <datafield tag="650" ind1=" " ind2=" ">
        <subfield code="a">STATISTICAL ORGANIZATIONS</subfield>
        <subfield code="0">(DHLAUTH)270224</subfield>
    </datafield>
    <datafield tag="650" ind1=" " ind2=" ">
        <subfield code="a">ARAB COUNTRIES</subfield>
        <subfield code="0">(DHLAUTH)268705</subfield>
    </datafield>
    <datafield tag="650" ind1=" " ind2=" ">
        <subfield code="a">CONFERENCES</subfield>
        <subfield code="0">(DHLAUTH)275758</subfield>
    </datafield>
</record>
<record>
    <datafield tag="191" ind1=" " ind2=" ">
        <subfield code="a">E/ESCWA/SD/2017/IG.1/3</subfield>
    </datafield>
    <datafield tag="245" ind1=" " ind2=" ">
        <subfield code="a">ACTIONS TAKEN IN THE FIELD OF STATISTICS SINCE THE PREVIOUS SESSION OF THE STATISTICAL COMMITTEE : ECONOMIC AND SOCIAL COMMISSION FOR WESTERN ASIA (ESCWA), STATISTICAL COMMITTEE, TWELFTH SESSION, BEIRUT, 4 - 5 APRIL 2017</subfield>
    </datafield>
    <datafield tag="246" ind1=" " ind2=" ">
        <subfield code="a">الانشطة المنفذة في مجال الاحصاء منذ الدورة السابقة للجنة الاحصائية : اللجنة الاقتصادية والاجتماعية لغربي آسيا (الاسكوا)، اللجنة الاحصائية، الدورة الثانية عشرة، بيروت، 4 - 5 نيسان/ابريل 2017</subfield>
    </datafield>
    <datafield tag="269" ind1=" " ind2=" ">
        <subfield code="a">20170206</subfield>
    </datafield>
    <datafield tag="650" ind1=" " ind2=" ">
        <subfield code="a">STATISTICS</subfield>
        <subfield code="0">(DHLAUTH)269347</subfield>
    </datafield>
    <datafield tag="650" ind1=" " ind2=" ">
        <subfield code="a">PROGRAMME IMPLEMENTATION</subfield>
        <subfield code="0">(DHLAUTH)275794</subfield>
    </datafield>
    <datafield tag="650" ind1=" " ind2=" ">
        <subfield code="a">INTERGOVERNMENTAL BODIES</subfield>
        <subfield code="0">(DHLAUTH)275766</subfield>
    </datafield>
    <datafield tag="650" ind1=" " ind2=" ">
        <subfield code="a">REGIONAL COMMISSIONS</subfield>
        <subfield code="0">(DHLAUTH)269969</subfield>
    </datafield>
    <datafield tag="650" ind1=" " ind2=" ">
        <subfield code="a">WESTERN ASIA</subfield>
        <subfield code="0">(DHLAUTH)275490</subfield>
    </datafield>
    <datafield tag="650" ind1=" " ind2=" ">
        <subfield code="a">ARAB COUNTRIES</subfield>
        <subfield code="0">(DHLAUTH)268705</subfield>
    </datafield>
    <datafield tag="650" ind1=" " ind2=" ">
        <subfield code="a">CONFERENCES</subfield>
        <subfield code="0">(DHLAUTH)275758</subfield>
    </datafield>
</record>
<record>
    <datafield tag="191" ind1=" " ind2=" ">
        <subfield code="a">E/ESCWA/SD/2017/IG.1/3 (PART III)</subfield>
    </datafield>
    <datafield tag="245" ind1=" " ind2=" ">
        <subfield code="a">ACTIONS TAKEN IN THE FIELD OF STATISTICS SINCE THE PREVIOUS SESSION OF THE STATISTICAL COMMITTEE : IMPLEMENTATION OF STATISTICS-RELATED ACTIVITIES UNDER THE PROGRAMME OF WORK FOR 2015 AND 2016 : ECONOMIC AND SOCIAL COMMISSION FOR WESTERN ASIA (ESCWA), STATISTICAL COMMITTEE, TWELFTH SESSION, BEIRUT, 4 - 5 APRIL 2017</subfield>
    </datafield>
    <datafield tag="246" ind1=" " ind2=" ">
        <subfield code="a">الانشطة المنفذة في مجال الاحصاء منذ الدورة السابقة للجنة الاحصائية تنفيذ الانشطة الاحصائية المدرجة في برنامج العمل خلال العامين 2015 و 2016: اللجنة الاقتصادية والاجتماعية لغربي آسيا (الاسكوا)، اللجنة الاحصائية، الدورة الثانية عشرة، بيروت، 4 - 5 نيسان/ابريل 2017</subfield>
    </datafield>
    <datafield tag="269" ind1=" " ind2=" ">
        <subfield code="a">20170308</subfield>
    </datafield>
    <datafield tag="650" ind1=" " ind2=" ">
        <subfield code="a">STATISTICS</subfield>
        <subfield code="0">(DHLAUTH)269347</subfield>
    </datafield>
    <datafield tag="650" ind1=" " ind2=" ">
        <subfield code="a">PROGRAMME IMPLEMENTATION</subfield>
        <subfield code="0">(DHLAUTH)275794</subfield>
    </datafield>
    <datafield tag="650" ind1=" " ind2=" ">
        <subfield code="a">INTERGOVERNMENTAL BODIES</subfield>
        <subfield code="0">(DHLAUTH)275766</subfield>
    </datafield>
    <datafield tag="650" ind1=" " ind2=" ">
        <subfield code="a">REGIONAL COMMISSIONS</subfield>
        <subfield code="0">(DHLAUTH)269969</subfield>
    </datafield>
    <datafield tag="650" ind1=" " ind2=" ">
        <subfield code="a">WESTERN ASIA</subfield>
        <subfield code="0">(DHLAUTH)275490</subfield>
    </datafield>
    <datafield tag="650" ind1=" " ind2=" ">
        <subfield code="a">ARAB COUNTRIES</subfield>
        <subfield code="0">(DHLAUTH)268705</subfield>
    </datafield>
    <datafield tag="650" ind1=" " ind2=" ">
        <subfield code="a">CONFERENCES</subfield>
        <subfield code="0">(DHLAUTH)275758</subfield>
    </datafield>
    <datafield tag="650" ind1=" " ind2=" ">
        <subfield code="a">WORK PROGRAMME</subfield>
        <subfield code="0">(DHLAUTH)275800</subfield>
    </datafield>
</record>
<record>
    <datafield tag="191" ind1=" " ind2=" ">
        <subfield code="a">E/ESCWA/SD/2017/IG.1/3 (PART II)</subfield>
    </datafield>
    <datafield tag="191" ind1=" " ind2=" ">
        <subfield code="a">E/ESCWA/SD/2017/WG.2/REPORT</subfield>
    </datafield>
    <datafield tag="245" ind1=" " ind2=" ">
        <subfield code="a">ACTIONS TAKEN IN THE FIELD OF STATISTICS SINCE THE PREVIOUS SESSION OF THE STATISTICAL COMMITTEE : TECHNICAL ADVISORY GROUP ON ECONOMIC STATISTICS : NOTE BY THE ESCWA SECRETARIAT : ECONOMIC AND SOCIAL COMMISSION FOR WESTERN ASIA (ESCWA), STATISTICAL COMMITTEE, TWELFTH SESSION, BEIRUT, 4 - 5 APRIL 2017</subfield>
    </datafield>
    <datafield tag="246" ind1=" " ind2=" ">
        <subfield code="a">الانشطة المنفذة في مجال الاحصاء منذ الدورة السابقة للجنة الاحصائية : اللجنة الفنية الاستشارية للاحصاءات الاقتصادية : مذكرة من الامانة التنفيذية للاسكوا : اللجنة الاقتصادية والاجتماعية لغربي آسيا (الاسكوا)، اللجنة الاحصائية، الدورة الثانية عشرة، بيروت، 4 - 5 نيسان/ابريل 2017</subfield>
    </datafield>
    <datafield tag="269" ind1=" " ind2=" ">
        <subfield code="a">20170330</subfield>
    </datafield>
    <datafield tag="650" ind1=" " ind2=" ">
        <subfield code="a">STATISTICS</subfield>
        <subfield code="0">(DHLAUTH)269347</subfield>
    </datafield>
    <datafield tag="650" ind1=" " ind2=" ">
        <subfield code="a">ECONOMIC STATISTICS</subfield>
        <subfield code="0">(DHLAUTH)269633</subfield>
    </datafield>
    <datafield tag="650" ind1=" " ind2=" ">
        <subfield code="a">REGIONAL COMMISSIONS</subfield>
        <subfield code="0">(DHLAUTH)269969</subfield>
    </datafield>
    <datafield tag="650" ind1=" " ind2=" ">
        <subfield code="a">ADVISORY OPINIONS</subfield>
        <subfield code="0">(DHLAUTH)269139</subfield>
    </datafield>
    <datafield tag="650" ind1=" " ind2=" ">
        <subfield code="a">ADVISORY SERVICES</subfield>
        <subfield code="0">(DHLAUTH)269860</subfield>
    </datafield>
    <datafield tag="650" ind1=" " ind2=" ">
        <subfield code="a">INTERGOVERNMENTAL BODIES</subfield>
        <subfield code="0">(DHLAUTH)275766</subfield>
    </datafield>
    <datafield tag="650" ind1=" " ind2=" ">
        <subfield code="a">WESTERN ASIA</subfield>
        <subfield code="0">(DHLAUTH)275490</subfield>
    </datafield>
    <datafield tag="650" ind1=" " ind2=" ">
        <subfield code="a">CONFERENCES</subfield>
        <subfield code="0">(DHLAUTH)275758</subfield>
    </datafield>
</record>
<record>
    <datafield tag="191" ind1=" " ind2=" ">
        <subfield code="a">E/ESCWA/SD/2017/IG.1/3 (PART IV)</subfield>
    </datafield>
    <datafield tag="245" ind1=" " ind2=" ">
        <subfield code="a">ACTIONS TAKEN IN THE FIELD OF STATISTICS SINCE THE PREVIOUS SESSION OF THE STATISTICAL COMMITTEE : IMPLEMENTATION OF RECOMMENDATIONS MADE BY THE COMMITTEE : ECONOMIC AND SOCIAL COMMISSION FOR WESTERN ASIA (ESCWA), STATISTICAL COMMITTEE, TWELFTH SESSION, BEIRUT, 4 - 5 APRIL 2017</subfield>
    </datafield>
    <datafield tag="246" ind1=" " ind2=" ">
        <subfield code="a">الانشطة المنفذة في مجال الاحصاء منذ الدورة السابقة للجنة الاحصائية : تنفيذ التوصيات الصادرة عن اللجنة :  اللجنة الاقتصادية والاجتماعية لغربي آسيا (الاسكوا)، اللجنة الاحصائية، الدورة الثانية عشرة، بيروت، 4 - 5 نيسان/ابريل 2017</subfield>
    </datafield>
    <datafield tag="269" ind1=" " ind2=" ">
        <subfield code="a">20170206</subfield>
    </datafield>
    <datafield tag="650" ind1=" " ind2=" ">
        <subfield code="a">STATISTICS</subfield>
        <subfield code="0">(DHLAUTH)269347</subfield>
    </datafield>
    <datafield tag="650" ind1=" " ind2=" ">
        <subfield code="a">RECOMMENDATIONS</subfield>
        <subfield code="0">(DHLAUTH)275840</subfield>
    </datafield>
    <datafield tag="650" ind1=" " ind2=" ">
        <subfield code="a">PROGRAMME IMPLEMENTATION</subfield>
        <subfield code="0">(DHLAUTH)275794</subfield>
    </datafield>
    <datafield tag="650" ind1=" " ind2=" ">
        <subfield code="a">INTERGOVERNMENTAL BODIES</subfield>
        <subfield code="0">(DHLAUTH)275766</subfield>
    </datafield>
    <datafield tag="650" ind1=" " ind2=" ">
        <subfield code="a">REGIONAL COMMISSIONS</subfield>
        <subfield code="0">(DHLAUTH)269969</subfield>
    </datafield>
    <datafield tag="650" ind1=" " ind2=" ">
        <subfield code="a">CONFERENCES</subfield>
        <subfield code="0">(DHLAUTH)275758</subfield>
    </datafield>
    <datafield tag="650" ind1=" " ind2=" ">
        <subfield code="a">WESTERN ASIA</subfield>
        <subfield code="0">(DHLAUTH)275490</subfield>
    </datafield>
    <datafield tag="650" ind1=" " ind2=" ">
        <subfield code="a">ARAB COUNTRIES</subfield>
        <subfield code="0">(DHLAUTH)268705</subfield>
    </datafield>
</record>
<record>
    <datafield tag="191" ind1=" " ind2=" ">
        <subfield code="a">E/ESCWA/SD/2017/IG.1/3 (PART I)</subfield>
    </datafield>
    <datafield tag="191" ind1=" " ind2=" ">
        <subfield code="a">E/ESCWA/SD/2017/WG.1/REPORT</subfield>
    </datafield>
    <datafield tag="245" ind1=" " ind2=" ">
        <subfield code="a">ACTIONS TAKEN IN THE FIELD OF STATISTICS SINCE THE PREVIOUS SESSION OF THE STATISTICAL COMMITTEE : TECHNICAL ADVISORY GROUP ON DEMOGRAPHIC AND  SOCIAL STATISTICS : NOTE BY THE ESCWA SECRETARIAT : ECONOMIC AND SOCIAL COMMISSION FOR WESTERN ASIA (ESCWA), STATISTICAL COMMITTEE, TWELFTH SESSION, BEIRUT, 4 - 5 APRIL 2017</subfield>
    </datafield>
    <datafield tag="246" ind1=" " ind2=" ">
        <subfield code="a">الانشطة المنفذة في مجال الاحصاء منذ الدورة السابقة للجنة الاحصائية : اللجنة الفنية الاستشارية للاحصاءات الديمغرافية والاجتماعية : مذكرة من الامانة التنفيذية للاسكوا : اللجنة الاقتصادية والاجتماعية لغربي آسيا (الاسكوا)، اللجنة الاحصائية، الدورة الثانية عشرة، بيروت، 4 - 5 نيسان/ابريل 2017</subfield>
    </datafield>
    <datafield tag="269" ind1=" " ind2=" ">
        <subfield code="a">20170330</subfield>
    </datafield>
    <datafield tag="650" ind1=" " ind2=" ">
        <subfield code="a">STATISTICS</subfield>
        <subfield code="0">(DHLAUTH)269347</subfield>
    </datafield>
    <datafield tag="650" ind1=" " ind2=" ">
        <subfield code="a">DEMOGRAPHIC STATISTICS</subfield>
        <subfield code="0">(DHLAUTH)270229</subfield>
    </datafield>
    <datafield tag="650" ind1=" " ind2=" ">
        <subfield code="a">SOCIAL STATISTICS</subfield>
        <subfield code="0">(DHLAUTH)270232</subfield>
    </datafield>
    <datafield tag="650" ind1=" " ind2=" ">
        <subfield code="a">PROGRAMME IMPLEMENTATION</subfield>
        <subfield code="0">(DHLAUTH)275794</subfield>
    </datafield>
    <datafield tag="650" ind1=" " ind2=" ">
        <subfield code="a">INTERGOVERNMENTAL BODIES</subfield>
        <subfield code="0">(DHLAUTH)275766</subfield>
    </datafield>
    <datafield tag="650" ind1=" " ind2=" ">
        <subfield code="a">REGIONAL COMMISSIONS</subfield>
        <subfield code="0">(DHLAUTH)269969</subfield>
    </datafield>
    <datafield tag="650" ind1=" " ind2=" ">
        <subfield code="a">WESTERN ASIA</subfield>
        <subfield code="0">(DHLAUTH)275490</subfield>
    </datafield>
    <datafield tag="650" ind1=" " ind2=" ">
        <subfield code="a">ARAB COUNTRIES</subfield>
        <subfield code="0">(DHLAUTH)268705</subfield>
    </datafield>
    <datafield tag="650" ind1=" " ind2=" ">
        <subfield code="a">CONFERENCES</subfield>
        <subfield code="0">(DHLAUTH)275758</subfield>
    </datafield>
</record>
<record>
    <datafield tag="191" ind1=" " ind2=" ">
        <subfield code="a">E/ESCWA/SD/2017/IG.1/4</subfield>
    </datafield>
    <datafield tag="245" ind1=" " ind2=" ">
        <subfield code="a">ROLE OF OFFICIAL STATISTICS IN THE IMPLEMENTATION OF THE 2030 AGENDA FOR SUSTAINABLE DEVELOPMENT IN THE ARAB REGION  : ECONOMIC AND SOCIAL COMMISSION FOR WESTERN ASIA (ESCWA), STATISTICAL COMMITTEE, TWELFTH SESSION, BEIRUT, 4 - 5 APRIL 2017</subfield>
    </datafield>
    <datafield tag="246" ind1=" " ind2=" ">
        <subfield code="a">دور الاحصاءات الرسمية في تنفيذ التنمية المستدامة لعام 2030 :  اللجنة الاقتصادية والاجتماعية لغربي آسيا (الاسكوا)، اللجنة الاحصائية، الدورة الثانية عشرة، بيروت، 4 - 5 نيسان/ابريل 2017</subfield>
    </datafield>
    <datafield tag="269" ind1=" " ind2=" ">
        <subfield code="a">20170107</subfield>
    </datafield>
    <datafield tag="650" ind1=" " ind2=" ">
        <subfield code="a">STATISTICS</subfield>
        <subfield code="0">(DHLAUTH)269347</subfield>
    </datafield>
    <datafield tag="650" ind1=" " ind2=" ">
        <subfield code="a">PROGRAMME IMPLEMENTATION</subfield>
        <subfield code="0">(DHLAUTH)275794</subfield>
    </datafield>
    <datafield tag="650" ind1=" " ind2=" ">
        <subfield code="a">SUSTAINABLE DEVELOPMENT</subfield>
        <subfield code="0">(DHLAUTH)269920</subfield>
    </datafield>
    <datafield tag="650" ind1=" " ind2=" ">
        <subfield code="a">STATISTICAL DATA</subfield>
        <subfield code="0">(DHLAUTH)270233</subfield>
    </datafield>
    <datafield tag="650" ind1=" " ind2=" ">
        <subfield code="a">REGIONAL COMMISSIONS</subfield>
        <subfield code="0">(DHLAUTH)269969</subfield>
    </datafield>
    <datafield tag="650" ind1=" " ind2=" ">
        <subfield code="a">INTERGOVERNMENTAL BODIES</subfield>
        <subfield code="0">(DHLAUTH)275766</subfield>
    </datafield>
    <datafield tag="650" ind1=" " ind2=" ">
        <subfield code="a">ARAB COUNTRIES</subfield>
        <subfield code="0">(DHLAUTH)268705</subfield>
    </datafield>
    <datafield tag="650" ind1=" " ind2=" ">
        <subfield code="a">WESTERN ASIA</subfield>
        <subfield code="0">(DHLAUTH)275490</subfield>
    </datafield>
    <datafield tag="650" ind1=" " ind2=" ">
        <subfield code="a">CONFERENCES</subfield>
        <subfield code="0">(DHLAUTH)275758</subfield>
    </datafield>
</record>
<record>
    <datafield tag="191" ind1=" " ind2=" ">
        <subfield code="a">E/ESCWA/SD/2017/IG.1/4 (PART I)</subfield>
    </datafield>
    <datafield tag="245" ind1=" " ind2=" ">
        <subfield code="a">ROLE OF OFFICIAL STATISTICS IN THE IMPLEMENTATION OF THE 2030 AGENDA FOR SUSTAINABLE DEVELOPMENT IN THE ARAB REGION  : DATA AVAILABILITY ON THE SUSTAINABLE DEVELOPMENT GOALS : ECONOMIC AND SOCIAL COMMISSION FOR WESTERN ASIA (ESCWA), STATISTICAL COMMITTEE, TWELFTH SESSION, BEIRUT, 4 - 5 APRIL 2017</subfield>
    </datafield>
    <datafield tag="246" ind1=" " ind2=" ">
        <subfield code="a">دور الاحصاءات الرسمية في تنفيذ التنمية المستدامة لعام 2030 :  توفر البيانات حول اهداف التنمية المستدامة : اللجنة الاقتصادية والاجتماعية لغربي آسيا (الاسكوا)، اللجنة الاحصائية، الدورة الثانية عشرة، بيروت، 4 - 5 نيسان/ابريل 2017</subfield>
    </datafield>
    <datafield tag="269" ind1=" " ind2=" ">
        <subfield code="a">20170206</subfield>
    </datafield>
    <datafield tag="650" ind1=" " ind2=" ">
        <subfield code="a">STATISTICS</subfield>
        <subfield code="0">(DHLAUTH)269347</subfield>
    </datafield>
    <datafield tag="650" ind1=" " ind2=" ">
        <subfield code="a">SUSTAINABLE DEVELOPMENT</subfield>
        <subfield code="0">(DHLAUTH)269920</subfield>
    </datafield>
    <datafield tag="650" ind1=" " ind2=" ">
        <subfield code="a">REGIONAL COMMISSIONS</subfield>
        <subfield code="0">(DHLAUTH)269969</subfield>
    </datafield>
    <datafield tag="650" ind1=" " ind2=" ">
        <subfield code="a">INTERGOVERNMENTAL BODIES</subfield>
        <subfield code="0">(DHLAUTH)275766</subfield>
    </datafield>
    <datafield tag="650" ind1=" " ind2=" ">
        <subfield code="a">ARAB COUNTRIES</subfield>
        <subfield code="0">(DHLAUTH)268705</subfield>
    </datafield>
    <datafield tag="650" ind1=" " ind2=" ">
        <subfield code="a">CONFERENCES</subfield>
        <subfield code="0">(DHLAUTH)275758</subfield>
    </datafield>
</record>
<record>
    <datafield tag="191" ind1=" " ind2=" ">
        <subfield code="a">E/ESCWA/SD/2017/IG.1/4(PART II)</subfield>
    </datafield>
    <datafield tag="245" ind1=" " ind2=" ">
        <subfield code="a">ROLE OF OFFICIAL STATISTICS IN THE IMPLEMENTATION OF THE 2030 AGENDA FOR SUSTAINABLE DEVELOPMENT IN THE ARAB REGION  : PROPOSED ARAB REGIONAL ACTION PLAN FOR SUSTAINABLE DEVELOPMENT DATA : ECONOMIC AND SOCIAL COMMISSION FOR WESTERN ASIA (ESCWA), STATISTICAL COMMITTEE, TWELFTH SESSION, BEIRUT, 4 - 5 APRIL 2017</subfield>
    </datafield>
    <datafield tag="246" ind1=" " ind2=" ">
        <subfield code="a">دور الاحصاءات الرسمية في تنفيذ التنمية المستدامة لعام 2030 :  مقترح خطة عمل اقليمية عربية بشأن بيانات التنمية المستدامة : اللجنة الاقتصادية والاجتماعية لغربي آسيا (الاسكوا)، اللجنة الاحصائية، الدورة الثانية عشرة، بيروت، 4 - 5 نيسان/ابريل 2017</subfield>
    </datafield>
    <datafield tag="269" ind1=" " ind2=" ">
        <subfield code="a">20170321</subfield>
    </datafield>
    <datafield tag="650" ind1=" " ind2=" ">
        <subfield code="a">STATISTICAL DATA</subfield>
        <subfield code="0">(DHLAUTH)270233</subfield>
    </datafield>
    <datafield tag="650" ind1=" " ind2=" ">
        <subfield code="a">STATISTICS</subfield>
        <subfield code="0">(DHLAUTH)269347</subfield>
    </datafield>
    <datafield tag="650" ind1=" " ind2=" ">
        <subfield code="a">PROGRAMME IMPLEMENTATION</subfield>
        <subfield code="0">(DHLAUTH)275794</subfield>
    </datafield>
    <datafield tag="650" ind1=" " ind2=" ">
        <subfield code="a">SUSTAINABLE DEVELOPMENT</subfield>
        <subfield code="0">(DHLAUTH)269920</subfield>
    </datafield>
    <datafield tag="650" ind1=" " ind2=" ">
        <subfield code="a">WORK PROGRAMME</subfield>
        <subfield code="0">(DHLAUTH)275800</subfield>
    </datafield>
    <datafield tag="650" ind1=" " ind2=" ">
        <subfield code="a">INTERGOVERNMENTAL BODIES</subfield>
        <subfield code="0">(DHLAUTH)275766</subfield>
    </datafield>
    <datafield tag="650" ind1=" " ind2=" ">
        <subfield code="a">REGIONAL COMMISSIONS</subfield>
        <subfield code="0">(DHLAUTH)269969</subfield>
    </datafield>
    <datafield tag="650" ind1=" " ind2=" ">
        <subfield code="a">ARAB COUNTRIES</subfield>
        <subfield code="0">(DHLAUTH)268705</subfield>
    </datafield>
    <datafield tag="650" ind1=" " ind2=" ">
        <subfield code="a">CONFERENCES</subfield>
        <subfield code="0">(DHLAUTH)275758</subfield>
    </datafield>
</record>
<record>
    <datafield tag="191" ind1=" " ind2=" ">
        <subfield code="a">E/ESCWA/SD/2017/IG.1/5</subfield>
    </datafield>
    <datafield tag="245" ind1=" " ind2=" ">
        <subfield code="a">TECHNICAL COOPERATION AND STATISTICAL CAPACITY DEVELOPMENT  : ECONOMIC AND SOCIAL COMMISSION FOR WESTERN ASIA (ESCWA), STATISTICAL COMMITTEE, TWELFTH SESSION, BEIRUT, 4 - 5 APRIL 2017</subfield>
    </datafield>
    <datafield tag="246" ind1=" " ind2=" ">
        <subfield code="a">التعاون الفني وتنمية القدرات الاحصائية في المنطقة العربية : اللجنة الاقتصادية والاجتماعية لغربي آسيا (الاسكوا)، اللجنة الاحصائية، الدورة الثانية عشرة، بيروت، 4 - 5 نيسان/ابريل 2017</subfield>
    </datafield>
    <datafield tag="269" ind1=" " ind2=" ">
        <subfield code="a">20170308</subfield>
    </datafield>
    <datafield tag="650" ind1=" " ind2=" ">
        <subfield code="a">STATISTICS</subfield>
        <subfield code="0">(DHLAUTH)269347</subfield>
    </datafield>
    <datafield tag="650" ind1=" " ind2=" ">
        <subfield code="a">CAPACITY BUILDING</subfield>
        <subfield code="0">(DHLAUTH)276636</subfield>
    </datafield>
    <datafield tag="650" ind1=" " ind2=" ">
        <subfield code="a">TECHNICAL COOPERATION</subfield>
        <subfield code="0">(DHLAUTH)268658</subfield>
    </datafield>
    <datafield tag="650" ind1=" " ind2=" ">
        <subfield code="a">ARAB COUNTRIES</subfield>
        <subfield code="0">(DHLAUTH)268705</subfield>
    </datafield>
    <datafield tag="650" ind1=" " ind2=" ">
        <subfield code="a">INTERGOVERNMENTAL BODIES</subfield>
        <subfield code="0">(DHLAUTH)275766</subfield>
    </datafield>
    <datafield tag="650" ind1=" " ind2=" ">
        <subfield code="a">REGIONAL COMMISSIONS</subfield>
        <subfield code="0">(DHLAUTH)269969</subfield>
    </datafield>
    <datafield tag="650" ind1=" " ind2=" ">
        <subfield code="a">CONFERENCES</subfield>
        <subfield code="0">(DHLAUTH)275758</subfield>
    </datafield>
</record>
<record>
    <datafield tag="191" ind1=" " ind2=" ">
        <subfield code="a">E/ESCWA/SD/2017/IG.1/6</subfield>
    </datafield>
    <datafield tag="245" ind1=" " ind2=" ">
        <subfield code="a">PROPOSED PROGRAMME OF WORK FOR THE BIENNIUM 2018 - 2019 IN THE FIELD OF STATISTICS : ECONOMIC AND SOCIAL COMMISSION FOR WESTERN ASIA (ESCWA), STATISTICAL COMMITTEE, TWELFTH SESSION, BEIRUT, 4 - 5 APRIL 2017</subfield>
    </datafield>
    <datafield tag="246" ind1=" " ind2=" ">
        <subfield code="a">برنامج العمل المقترح لفترة السنتين 2018 - 2019 في مجال الاحصاء : اللجنة الاقتصادية والاجتماعية لغربي آسيا (الاسكوا)، اللجنة الاحصائية، الدورة الثانية عشرة، بيروت، 4 - 5 نيسان/ابريل 2017</subfield>
    </datafield>
    <datafield tag="269" ind1=" " ind2=" ">
        <subfield code="a">20170206</subfield>
    </datafield>
    <datafield tag="650" ind1=" " ind2=" ">
        <subfield code="a">STATISTICS</subfield>
        <subfield code="0">(DHLAUTH)269347</subfield>
    </datafield>
    <datafield tag="650" ind1=" " ind2=" ">
        <subfield code="a">WORK PROGRAMME</subfield>
        <subfield code="0">(DHLAUTH)275800</subfield>
    </datafield>
    <datafield tag="650" ind1=" " ind2=" ">
        <subfield code="a">INTERGOVERNMENTAL BODIES</subfield>
        <subfield code="0">(DHLAUTH)275766</subfield>
    </datafield>
    <datafield tag="650" ind1=" " ind2=" ">
        <subfield code="a">CONFERENCES</subfield>
        <subfield code="0">(DHLAUTH)275758</subfield>
    </datafield>
    <datafield tag="650" ind1=" " ind2=" ">
        <subfield code="a">REGIONAL COMMISSIONS</subfield>
        <subfield code="0">(DHLAUTH)269969</subfield>
    </datafield>
    <datafield tag="650" ind1=" " ind2=" ">
        <subfield code="a">WESTERN ASIA</subfield>
        <subfield code="0">(DHLAUTH)275490</subfield>
    </datafield>
    <datafield tag="650" ind1=" " ind2=" ">
        <subfield code="a">ARAB COUNTRIES</subfield>
        <subfield code="0">(DHLAUTH)268705</subfield>
    </datafield>
</record>
<record>
    <datafield tag="191" ind1=" " ind2=" ">
        <subfield code="a">E/ESCWA/SD/2017/IG.1/INF.1</subfield>
    </datafield>
    <datafield tag="245" ind1=" " ind2=" ">
        <subfield code="a">INFORMATION NOTE : ECONOMIC AND SOCIAL COMMISSION FOR WESTERN ASIA (ESCWA), STATISTICAL COMMITTEE, TWELFTH SESSION, BEIRUT, 4 - 5 APRIL 2017</subfield>
    </datafield>
    <datafield tag="246" ind1=" " ind2=" ">
        <subfield code="a">مذكرة توضيحية : اللجنة الاقتصادية والاجتماعية لغربي آسيا (الاسكوا)، اللجنة الاحصائية، الدورة الثانية عشرة، بيروت، 4 - 5 نيسان/ابريل 2017</subfield>
    </datafield>
    <datafield tag="269" ind1=" " ind2=" ">
        <subfield code="a">20170320</subfield>
    </datafield>
    <datafield tag="650" ind1=" " ind2=" ">
        <subfield code="a">STATISTICS</subfield>
        <subfield code="0">(DHLAUTH)269347</subfield>
    </datafield>
    <datafield tag="650" ind1=" " ind2=" ">
        <subfield code="a">INTERGOVERNMENTAL BODIES</subfield>
        <subfield code="0">(DHLAUTH)275766</subfield>
    </datafield>
    <datafield tag="650" ind1=" " ind2=" ">
        <subfield code="a">REGIONAL COMMISSIONS</subfield>
        <subfield code="0">(DHLAUTH)269969</subfield>
    </datafield>
    <datafield tag="650" ind1=" " ind2=" ">
        <subfield code="a">CONFERENCES</subfield>
        <subfield code="0">(DHLAUTH)275758</subfield>
    </datafield>
    <datafield tag="650" ind1=" " ind2=" ">
        <subfield code="a">WESTERN ASIA</subfield>
        <subfield code="0">(DHLAUTH)275490</subfield>
    </datafield>
    <datafield tag="650" ind1=" " ind2=" ">
        <subfield code="a">ARAB COUNTRIES</subfield>
        <subfield code="0">(DHLAUTH)268705</subfield>
    </datafield>
</record>
<record>
    <datafield tag="191" ind1=" " ind2=" ">
        <subfield code="a">E/ESCWA/SD/2017/IG.1/INF.2</subfield>
    </datafield>
    <datafield tag="245" ind1=" " ind2=" ">
        <subfield code="a">LIST OF DOCUMENTS : ECONOMIC AND SOCIAL COMMISSION FOR WESTERN ASIA (ESCWA), STATISTICAL COMMITTEE, TWELFTH SESSION, BEIRUT, 4 - 5 APRIL 2017</subfield>
    </datafield>
    <datafield tag="246" ind1=" " ind2=" ">
        <subfield code="a">قائمة بالوثائق : اللجنة الاقتصادية والاجتماعية لغربي آسيا (الاسكوا)، اللجنة الاحصائية، الدورة الثانية عشرة، بيروت، 4 - 5 نيسان/ابريل 2017</subfield>
    </datafield>
    <datafield tag="269" ind1=" " ind2=" ">
        <subfield code="a">20170206</subfield>
    </datafield>
    <datafield tag="650" ind1=" " ind2=" ">
        <subfield code="a">STATISTICS</subfield>
        <subfield code="0">(DHLAUTH)269347</subfield>
    </datafield>
    <datafield tag="650" ind1=" " ind2=" ">
        <subfield code="a">INTERGOVERNMENTAL BODIES</subfield>
        <subfield code="0">(DHLAUTH)275766</subfield>
    </datafield>
    <datafield tag="650" ind1=" " ind2=" ">
        <subfield code="a">REGIONAL COMMISSIONS</subfield>
        <subfield code="0">(DHLAUTH)269969</subfield>
    </datafield>
    <datafield tag="650" ind1=" " ind2=" ">
        <subfield code="a">WESTERN ASIA</subfield>
        <subfield code="0">(DHLAUTH)275490</subfield>
    </datafield>
    <datafield tag="650" ind1=" " ind2=" ">
        <subfield code="a">ARAB COUNTRIES</subfield>
        <subfield code="0">(DHLAUTH)268705</subfield>
    </datafield>
    <datafield tag="650" ind1=" " ind2=" ">
        <subfield code="a">CONFERENCES</subfield>
        <subfield code="0">(DHLAUTH)275758</subfield>
    </datafield>
    <datafield tag="650" ind1=" " ind2=" ">
        <subfield code="a">DOCUMENTS</subfield>
        <subfield code="0">(DHLAUTH)270014</subfield>
    </datafield>
</record>
<record>
    <datafield tag="191" ind1=" " ind2=" ">
        <subfield code="a">E/ESCWA/SD/2017/IG.1/L.1</subfield>
    </datafield>
    <datafield tag="245" ind1=" " ind2=" ">
        <subfield code="a">PROVISIONAL AGENDA AND ANNOTATIONS : ECONOMIC AND SOCIAL COMMISSION FOR WESTERN ASIA (ESCWA), STATISTICAL COMMITTEE, TWELFTH SESSION, BEIRUT, 4 - 5 APRIL 2017</subfield>
    </datafield>
    <datafield tag="246" ind1=" " ind2=" ">
        <subfield code="a">جدول الاعمال المؤقت والشروح : اللجنة الاقتصادية والاجتماعية لغربي آسيا (الاسكوا)، اللجنة الاحصائية، الدورة الثانية عشرة، بيروت، 4 - 5 نيسان/ابريل 2017</subfield>
    </datafield>
    <datafield tag="269" ind1=" " ind2=" ">
        <subfield code="a">20170316</subfield>
    </datafield>
    <datafield tag="650" ind1=" " ind2=" ">
        <subfield code="a">STATISTICS</subfield>
        <subfield code="0">(DHLAUTH)269347</subfield>
    </datafield>
    <datafield tag="650" ind1=" " ind2=" ">
        <subfield code="a">AGENDA</subfield>
        <subfield code="0">(DHLAUTH)275133</subfield>
    </datafield>
</record>
<record>
    <datafield tag="191" ind1=" " ind2=" ">
        <subfield code="a">E/ESCWA/SD/2017/IG.1/L.2</subfield>
    </datafield>
    <datafield tag="245" ind1=" " ind2=" ">
        <subfield code="a">ORGANIZATION OF WORK : NOTE BY THE SECRETARIAT : ECONOMIC AND SOCIAL COMMISSION FOR WESTERN ASIA (ESCWA), STATISTICAL COMMITTEE, TWELFTH SESSION, BEIRUT, 4 - 5 APRIL 2017</subfield>
    </datafield>
    <datafield tag="246" ind1=" " ind2=" ">
        <subfield code="a">تنظيم الاعمال : مذكرة من الامانة التنفيذية : اللجنة الاقتصادية والاجتماعية لغربي آسيا (الاسكوا)، اللجنة الاحصائية، الدورة الثانية عشرة، بيروت، 4 - 5 نيسان/ابريل 2017</subfield>
    </datafield>
    <datafield tag="269" ind1=" " ind2=" ">
        <subfield code="a">20170328</subfield>
    </datafield>
    <datafield tag="650" ind1=" " ind2=" ">
        <subfield code="a">STATISTICS</subfield>
        <subfield code="0">(DHLAUTH)269347</subfield>
    </datafield>
    <datafield tag="650" ind1=" " ind2=" ">
        <subfield code="a">WORK ORGANIZATION</subfield>
        <subfield code="0">(DHLAUTH)275746</subfield>
    </datafield>
    <datafield tag="650" ind1=" " ind2=" ">
        <subfield code="a">INTERGOVERNMENTAL BODIES</subfield>
        <subfield code="0">(DHLAUTH)275766</subfield>
    </datafield>
    <datafield tag="650" ind1=" " ind2=" ">
        <subfield code="a">REGIONAL COMMISSIONS</subfield>
        <subfield code="0">(DHLAUTH)269969</subfield>
    </datafield>
    <datafield tag="650" ind1=" " ind2=" ">
        <subfield code="a">WESTERN ASIA</subfield>
        <subfield code="0">(DHLAUTH)275490</subfield>
    </datafield>
    <datafield tag="650" ind1=" " ind2=" ">
        <subfield code="a">ARAB COUNTRIES</subfield>
        <subfield code="0">(DHLAUTH)268705</subfield>
    </datafield>
    <datafield tag="650" ind1=" " ind2=" ">
        <subfield code="a">CONFERENCES</subfield>
        <subfield code="0">(DHLAUTH)275758</subfield>
    </datafield>
</record>
<record>
    <datafield tag="191" ind1=" " ind2=" ">
        <subfield code="a">E/ESCWA/SD/2017/IG.1/3 (PART I)</subfield>
    </datafield>
    <datafield tag="191" ind1=" " ind2=" ">
        <subfield code="a">E/ESCWA/SD/2017/WG.1/REPORT</subfield>
    </datafield>
    <datafield tag="245" ind1=" " ind2=" ">
        <subfield code="a">ACTIONS TAKEN IN THE FIELD OF STATISTICS SINCE THE PREVIOUS SESSION OF THE STATISTICAL COMMITTEE : TECHNICAL ADVISORY GROUP ON DEMOGRAPHIC AND  SOCIAL STATISTICS : NOTE BY THE ESCWA SECRETARIAT : ECONOMIC AND SOCIAL COMMISSION FOR WESTERN ASIA (ESCWA), STATISTICAL COMMITTEE, TWELFTH SESSION, BEIRUT, 4 - 5 APRIL 2017</subfield>
    </datafield>
    <datafield tag="246" ind1=" " ind2=" ">
        <subfield code="a">الانشطة المنفذة في مجال الاحصاء منذ الدورة السابقة للجنة الاحصائية : اللجنة الفنية الاستشارية للاحصاءات الديمغرافية والاجتماعية : مذكرة من الامانة التنفيذية للاسكوا : اللجنة الاقتصادية والاجتماعية لغربي آسيا (الاسكوا)، اللجنة الاحصائية، الدورة الثانية عشرة، بيروت، 4 - 5 نيسان/ابريل 2017</subfield>
    </datafield>
    <datafield tag="269" ind1=" " ind2=" ">
        <subfield code="a">20170330</subfield>
    </datafield>
    <datafield tag="650" ind1=" " ind2=" ">
        <subfield code="a">STATISTICS</subfield>
        <subfield code="0">(DHLAUTH)269347</subfield>
    </datafield>
    <datafield tag="650" ind1=" " ind2=" ">
        <subfield code="a">DEMOGRAPHIC STATISTICS</subfield>
        <subfield code="0">(DHLAUTH)270229</subfield>
    </datafield>
    <datafield tag="650" ind1=" " ind2=" ">
        <subfield code="a">SOCIAL STATISTICS</subfield>
        <subfield code="0">(DHLAUTH)270232</subfield>
    </datafield>
    <datafield tag="650" ind1=" " ind2=" ">
        <subfield code="a">PROGRAMME IMPLEMENTATION</subfield>
        <subfield code="0">(DHLAUTH)275794</subfield>
    </datafield>
    <datafield tag="650" ind1=" " ind2=" ">
        <subfield code="a">INTERGOVERNMENTAL BODIES</subfield>
        <subfield code="0">(DHLAUTH)275766</subfield>
    </datafield>
    <datafield tag="650" ind1=" " ind2=" ">
        <subfield code="a">REGIONAL COMMISSIONS</subfield>
        <subfield code="0">(DHLAUTH)269969</subfield>
    </datafield>
    <datafield tag="650" ind1=" " ind2=" ">
        <subfield code="a">WESTERN ASIA</subfield>
        <subfield code="0">(DHLAUTH)275490</subfield>
    </datafield>
    <datafield tag="650" ind1=" " ind2=" ">
        <subfield code="a">ARAB COUNTRIES</subfield>
        <subfield code="0">(DHLAUTH)268705</subfield>
    </datafield>
    <datafield tag="650" ind1=" " ind2=" ">
        <subfield code="a">CONFERENCES</subfield>
        <subfield code="0">(DHLAUTH)275758</subfield>
    </datafield>
</record>
<record>
    <datafield tag="191" ind1=" " ind2=" ">
        <subfield code="a">E/ESCWA/SD/2017/IG.1/3 (PART II)</subfield>
    </datafield>
    <datafield tag="191" ind1=" " ind2=" ">
        <subfield code="a">E/ESCWA/SD/2017/WG.2/REPORT</subfield>
    </datafield>
    <datafield tag="245" ind1=" " ind2=" ">
        <subfield code="a">ACTIONS TAKEN IN THE FIELD OF STATISTICS SINCE THE PREVIOUS SESSION OF THE STATISTICAL COMMITTEE : TECHNICAL ADVISORY GROUP ON ECONOMIC STATISTICS : NOTE BY THE ESCWA SECRETARIAT : ECONOMIC AND SOCIAL COMMISSION FOR WESTERN ASIA (ESCWA), STATISTICAL COMMITTEE, TWELFTH SESSION, BEIRUT, 4 - 5 APRIL 2017</subfield>
    </datafield>
    <datafield tag="246" ind1=" " ind2=" ">
        <subfield code="a">الانشطة المنفذة في مجال الاحصاء منذ الدورة السابقة للجنة الاحصائية : اللجنة الفنية الاستشارية للاحصاءات الاقتصادية : مذكرة من الامانة التنفيذية للاسكوا : اللجنة الاقتصادية والاجتماعية لغربي آسيا (الاسكوا)، اللجنة الاحصائية، الدورة الثانية عشرة، بيروت، 4 - 5 نيسان/ابريل 2017</subfield>
    </datafield>
    <datafield tag="269" ind1=" " ind2=" ">
        <subfield code="a">20170330</subfield>
    </datafield>
    <datafield tag="650" ind1=" " ind2=" ">
        <subfield code="a">STATISTICS</subfield>
        <subfield code="0">(DHLAUTH)269347</subfield>
    </datafield>
    <datafield tag="650" ind1=" " ind2=" ">
        <subfield code="a">ECONOMIC STATISTICS</subfield>
        <subfield code="0">(DHLAUTH)269633</subfield>
    </datafield>
    <datafield tag="650" ind1=" " ind2=" ">
        <subfield code="a">REGIONAL COMMISSIONS</subfield>
        <subfield code="0">(DHLAUTH)269969</subfield>
    </datafield>
    <datafield tag="650" ind1=" " ind2=" ">
        <subfield code="a">ADVISORY OPINIONS</subfield>
        <subfield code="0">(DHLAUTH)269139</subfield>
    </datafield>
    <datafield tag="650" ind1=" " ind2=" ">
        <subfield code="a">ADVISORY SERVICES</subfield>
        <subfield code="0">(DHLAUTH)269860</subfield>
    </datafield>
    <datafield tag="650" ind1=" " ind2=" ">
        <subfield code="a">INTERGOVERNMENTAL BODIES</subfield>
        <subfield code="0">(DHLAUTH)275766</subfield>
    </datafield>
    <datafield tag="650" ind1=" " ind2=" ">
        <subfield code="a">WESTERN ASIA</subfield>
        <subfield code="0">(DHLAUTH)275490</subfield>
    </datafield>
    <datafield tag="650" ind1=" " ind2=" ">
        <subfield code="a">CONFERENCES</subfield>
        <subfield code="0">(DHLAUTH)275758</subfield>
    </datafield>
</record>
<record>
    <datafield tag="191" ind1=" " ind2=" ">
        <subfield code="a">E/ESCWA/SD/88/1</subfield>
    </datafield>
    <datafield tag="246" ind1=" " ind2=" ">
        <subfield code="a">تقرير عن المهمة الاستشارية الى وزارة العمل والشؤون الاجتماعية الجمهورية العراقية بغداد خلال الفترة من 10-14 كانون الثاني/يناير 1988</subfield>
    </datafield>
    <datafield tag="269" ind1=" " ind2=" ">
        <subfield code="a">19880121</subfield>
    </datafield>
    <datafield tag="650" ind1=" " ind2=" ">
        <subfield code="a">ADVISORY SERVICES</subfield>
        <subfield code="0">(DHLAUTH)269860</subfield>
    </datafield>
    <datafield tag="650" ind1=" " ind2=" ">
        <subfield code="a">TECHNICAL TRAINING</subfield>
        <subfield code="0">(DHLAUTH)271971</subfield>
    </datafield>
    <datafield tag="650" ind1=" " ind2=" ">
        <subfield code="a">SOCIAL DEVELOPMENT</subfield>
        <subfield code="0">(DHLAUTH)269873</subfield>
    </datafield>
    <datafield tag="650" ind1=" " ind2=" ">
        <subfield code="a">TRAINING PROGRAMMES</subfield>
        <subfield code="0">(DHLAUTH)274026</subfield>
    </datafield>
    <datafield tag="650" ind1=" " ind2=" ">
        <subfield code="a">IRAQ</subfield>
        <subfield code="0">(DHLAUTH)273370</subfield>
    </datafield>
    <datafield tag="650" ind1=" " ind2=" ">
        <subfield code="a">VOCATIONAL TRAINING</subfield>
        <subfield code="0">(DHLAUTH)271390</subfield>
    </datafield>
</record>
<record>
    <datafield tag="191" ind1=" " ind2=" ">
        <subfield code="a">E/ESCWA/SD/88/3</subfield>
    </datafield>
    <datafield tag="246" ind1=" " ind2=" ">
        <subfield code="a">تقرير عن المهمة الاستشارية الى وزارة الكهرباء والماء في دولة قطر خلال الفترة من 22-26 شباط /فبراير 1988</subfield>
    </datafield>
    <datafield tag="269" ind1=" " ind2=" ">
        <subfield code="a">19880328</subfield>
    </datafield>
    <datafield tag="650" ind1=" " ind2=" ">
        <subfield code="a">ADVISORY SERVICES</subfield>
        <subfield code="0">(DHLAUTH)269860</subfield>
    </datafield>
    <datafield tag="650" ind1=" " ind2=" ">
        <subfield code="a">TECHNICAL TRAINING</subfield>
        <subfield code="0">(DHLAUTH)271971</subfield>
    </datafield>
    <datafield tag="650" ind1=" " ind2=" ">
        <subfield code="a">TRAINING PROGRAMMES</subfield>
        <subfield code="0">(DHLAUTH)274026</subfield>
    </datafield>
    <datafield tag="650" ind1=" " ind2=" ">
        <subfield code="a">VOCATIONAL TRAINING</subfield>
        <subfield code="0">(DHLAUTH)271390</subfield>
    </datafield>
    <datafield tag="650" ind1=" " ind2=" ">
        <subfield code="a">QATAR</subfield>
        <subfield code="0">(DHLAUTH)275603</subfield>
    </datafield>
</record>
<record>
    <datafield tag="191" ind1=" " ind2=" ">
        <subfield code="a">E/ESCWA/SD/88/4</subfield>
    </datafield>
    <datafield tag="246" ind1=" " ind2=" ">
        <subfield code="a">دور هيئات التعاون الاهلي للتطوير والمجالس المحلية في تنمية المبادرات المحلية في الجمهورية العربية اليمنية</subfield>
    </datafield>
    <datafield tag="269" ind1=" " ind2=" ">
        <subfield code="a">19880509</subfield>
    </datafield>
    <datafield tag="650" ind1=" " ind2=" ">
        <subfield code="a">YEMEN</subfield>
        <subfield code="0">(DHLAUTH)273521</subfield>
    </datafield>
    <datafield tag="650" ind1=" " ind2=" ">
        <subfield code="a">COOPERATIVES</subfield>
        <subfield code="0">(DHLAUTH)270238</subfield>
    </datafield>
    <datafield tag="650" ind1=" " ind2=" ">
        <subfield code="a">AGRICULTURAL COOPERATIVES</subfield>
        <subfield code="0">(DHLAUTH)271324</subfield>
    </datafield>
    <datafield tag="650" ind1=" " ind2=" ">
        <subfield code="a">SOCIAL DEVELOPMENT</subfield>
        <subfield code="0">(DHLAUTH)269873</subfield>
    </datafield>
    <datafield tag="650" ind1=" " ind2=" ">
        <subfield code="a">CAPACITY BUILDING</subfield>
        <subfield code="0">(DHLAUTH)276636</subfield>
    </datafield>
    <datafield tag="650" ind1=" " ind2=" ">
        <subfield code="a">ASSOCIATIONS</subfield>
        <subfield code="0">(DHLAUTH)270121</subfield>
    </datafield>
</record>
<record>
    <datafield tag="191" ind1=" " ind2=" ">
        <subfield code="a">E/ESCWA/SD/88/5</subfield>
    </datafield>
    <datafield tag="246" ind1=" " ind2=" ">
        <subfield code="a">تقرير عن المهمة الاستشارية الى وزارة العمل والتنمية الاجتماعية في المملكة الاردنية الهاشمية/ عمان خلال الفترة من كانون الاول/ديسمبر 19-24-1987</subfield>
    </datafield>
    <datafield tag="269" ind1=" " ind2=" ">
        <subfield code="a">19880505</subfield>
    </datafield>
    <datafield tag="650" ind1=" " ind2=" ">
        <subfield code="a">ADVISORY SERVICES</subfield>
        <subfield code="0">(DHLAUTH)269860</subfield>
    </datafield>
    <datafield tag="650" ind1=" " ind2=" ">
        <subfield code="a">MANPOWER</subfield>
        <subfield code="0">(DHLAUTH)273105</subfield>
    </datafield>
    <datafield tag="650" ind1=" " ind2=" ">
        <subfield code="a">JORDAN</subfield>
        <subfield code="0">(DHLAUTH)269099</subfield>
    </datafield>
    <datafield tag="650" ind1=" " ind2=" ">
        <subfield code="a">MANPOWER PLANNING</subfield>
        <subfield code="0">(DHLAUTH)269926</subfield>
    </datafield>
    <datafield tag="650" ind1=" " ind2=" ">
        <subfield code="a">STATISTICAL DATA</subfield>
        <subfield code="0">(DHLAUTH)270233</subfield>
    </datafield>
    <datafield tag="650" ind1=" " ind2=" ">
        <subfield code="a">WESTERN ASIA</subfield>
        <subfield code="0">(DHLAUTH)275490</subfield>
    </datafield>
</record>
<record>
    <datafield tag="191" ind1=" " ind2=" ">
        <subfield code="a">E/ESCWA/SD/88/6</subfield>
    </datafield>
    <datafield tag="246" ind1=" " ind2=" ">
        <subfield code="a">قرير عن المهمة الاستشارية الى وزارة العمل والخدمة المدنية في جمهورية اليمن الديمقراطية الشعبية خلال الفترة من اذار/مارس 7-10-1988</subfield>
    </datafield>
    <datafield tag="269" ind1=" " ind2=" ">
        <subfield code="a">19880607</subfield>
    </datafield>
    <datafield tag="650" ind1=" " ind2=" ">
        <subfield code="a">ADVISORY SERVICES</subfield>
        <subfield code="0">(DHLAUTH)269860</subfield>
    </datafield>
    <datafield tag="650" ind1=" " ind2=" ">
        <subfield code="a">TECHNICAL TRAINING</subfield>
        <subfield code="0">(DHLAUTH)271971</subfield>
    </datafield>
    <datafield tag="650" ind1=" " ind2=" ">
        <subfield code="a">TRAINING PROGRAMMES</subfield>
        <subfield code="0">(DHLAUTH)274026</subfield>
    </datafield>
    <datafield tag="650" ind1=" " ind2=" ">
        <subfield code="a">YEMEN</subfield>
        <subfield code="0">(DHLAUTH)273521</subfield>
    </datafield>
    <datafield tag="650" ind1=" " ind2=" ">
        <subfield code="a">HUMAN RESOURCES</subfield>
        <subfield code="0">(DHLAUTH)270571</subfield>
    </datafield>
</record>
<record>
    <datafield tag="191" ind1=" " ind2=" ">
        <subfield code="a">E/ESCWA/SD/88/7</subfield>
    </datafield>
    <datafield tag="246" ind1=" " ind2=" ">
        <subfield code="a">مشاركة المراة الريفية في التنمية: دراسة حالة لبعض المشروعات الانتاجية في القرية المصرية</subfield>
    </datafield>
    <datafield tag="269" ind1=" " ind2=" ">
        <subfield code="a">19880629</subfield>
    </datafield>
    <datafield tag="650" ind1=" " ind2=" ">
        <subfield code="a">WOMEN IN DEVELOPMENT</subfield>
        <subfield code="0">(DHLAUTH)269878</subfield>
    </datafield>
    <datafield tag="650" ind1=" " ind2=" ">
        <subfield code="a">CASE STUDIES</subfield>
        <subfield code="0">(DHLAUTH)274639</subfield>
    </datafield>
    <datafield tag="650" ind1=" " ind2=" ">
        <subfield code="a">EGYPT</subfield>
        <subfield code="0">(DHLAUTH)273328</subfield>
    </datafield>
</record>
<record>
    <datafield tag="191" ind1=" " ind2=" ">
        <subfield code="a">E/ESCWA/SD/88/8</subfield>
    </datafield>
    <datafield tag="246" ind1=" " ind2=" ">
        <subfield code="a">تقرير عن المهمة الاستشارية الى وزارة التربية في الجمهورية العراقية</subfield>
    </datafield>
    <datafield tag="269" ind1=" " ind2=" ">
        <subfield code="a">19881108</subfield>
    </datafield>
    <datafield tag="650" ind1=" " ind2=" ">
        <subfield code="a">ADVISORY SERVICES</subfield>
        <subfield code="0">(DHLAUTH)269860</subfield>
    </datafield>
    <datafield tag="650" ind1=" " ind2=" ">
        <subfield code="a">TECHNICAL TRAINING</subfield>
        <subfield code="0">(DHLAUTH)271971</subfield>
    </datafield>
    <datafield tag="650" ind1=" " ind2=" ">
        <subfield code="a">IRAQ</subfield>
        <subfield code="0">(DHLAUTH)273370</subfield>
    </datafield>
    <datafield tag="650" ind1=" " ind2=" ">
        <subfield code="a">MANPOWER PLANNING</subfield>
        <subfield code="0">(DHLAUTH)269926</subfield>
    </datafield>
    <datafield tag="650" ind1=" " ind2=" ">
        <subfield code="a">PROFESSIONAL EDUCATION</subfield>
        <subfield code="0">(DHLAUTH)273943</subfield>
    </datafield>
    <datafield tag="650" ind1=" " ind2=" ">
        <subfield code="a">VOCATIONAL TRAINING</subfield>
        <subfield code="0">(DHLAUTH)271390</subfield>
    </datafield>
    <datafield tag="650" ind1=" " ind2=" ">
        <subfield code="a">TRAINING PROGRAMMES</subfield>
        <subfield code="0">(DHLAUTH)274026</subfield>
    </datafield>
</record>
<record>
    <datafield tag="191" ind1=" " ind2=" ">
        <subfield code="a">E/ESCWA/SD/88/9</subfield>
    </datafield>
    <datafield tag="246" ind1=" " ind2=" ">
        <subfield code="a">دراسة حول الاسرة العربية</subfield>
    </datafield>
    <datafield tag="269" ind1=" " ind2=" ">
        <subfield code="a">19881130</subfield>
    </datafield>
    <datafield tag="650" ind1=" " ind2=" ">
        <subfield code="a">SOCIAL CHANGE</subfield>
        <subfield code="0">(DHLAUTH)268519</subfield>
    </datafield>
    <datafield tag="650" ind1=" " ind2=" ">
        <subfield code="a">SOCIAL INDICATORS</subfield>
        <subfield code="0">(DHLAUTH)269644</subfield>
    </datafield>
    <datafield tag="650" ind1=" " ind2=" ">
        <subfield code="a">WOMEN</subfield>
        <subfield code="0">(DHLAUTH)273032</subfield>
    </datafield>
    <datafield tag="650" ind1=" " ind2=" ">
        <subfield code="a">FAMILY</subfield>
        <subfield code="0">(DHLAUTH)269293</subfield>
    </datafield>
    <datafield tag="650" ind1=" " ind2=" ">
        <subfield code="a">RECOMMENDATIONS</subfield>
        <subfield code="0">(DHLAUTH)275840</subfield>
    </datafield>
</record>
<record>
    <datafield tag="191" ind1=" " ind2=" ">
        <subfield code="a">E/ESCWA/SD/89/1</subfield>
    </datafield>
    <datafield tag="246" ind1=" " ind2=" ">
        <subfield code="a">تقرير عن دور الامم المتحدة والاسكوا في مجال المعوقين</subfield>
    </datafield>
    <datafield tag="269" ind1=" " ind2=" ">
        <subfield code="a">19890928</subfield>
    </datafield>
    <datafield tag="650" ind1=" " ind2=" ">
        <subfield code="a">UNITED NATIONS PROTECTED AREAS</subfield>
        <subfield code="0">(DHLAUTH)481321</subfield>
    </datafield>
    <datafield tag="650" ind1=" " ind2=" ">
        <subfield code="a">PERSONS WITH DISABILITIES</subfield>
        <subfield code="0">(DHLAUTH)273918</subfield>
    </datafield>
    <datafield tag="650" ind1=" " ind2=" ">
        <subfield code="a">ACTIVITIES</subfield>
        <subfield code="0">(DHLAUTH)275823</subfield>
    </datafield>
    <datafield tag="650" ind1=" " ind2=" ">
        <subfield code="a">RECOMMENDATIONS</subfield>
        <subfield code="0">(DHLAUTH)275840</subfield>
    </datafield>
    <datafield tag="650" ind1=" " ind2=" ">
        <subfield code="a">WESTERN ASIA</subfield>
        <subfield code="0">(DHLAUTH)275490</subfield>
    </datafield>
</record>
<record>
    <datafield tag="191" ind1=" " ind2=" ">
        <subfield code="a">E/ESCWA/SD/89/11</subfield>
    </datafield>
    <datafield tag="245" ind1=" " ind2=" ">
        <subfield code="a">REPORT TO THE COMMISSION ON SUPPORT TO TECHNICAL ASSISTANCE PROJECTS FOR THE DEVELOPMENTS OF WOMEN</subfield>
    </datafield>
    <datafield tag="246" ind1=" " ind2=" ">
        <subfield code="a">تقريرالى اللجنة عن الدعم المقدم لمشاريع المساعدة الفنية من اجل النهوض بالمراة</subfield>
    </datafield>
    <datafield tag="269" ind1=" " ind2=" ">
        <subfield code="a">19900102</subfield>
    </datafield>
    <datafield tag="650" ind1=" " ind2=" ">
        <subfield code="a">WESTERN ASIA</subfield>
        <subfield code="0">(DHLAUTH)275490</subfield>
    </datafield>
    <datafield tag="650" ind1=" " ind2=" ">
        <subfield code="a">WOMEN'S ADVANCEMENT</subfield>
        <subfield code="0">(DHLAUTH)273158</subfield>
    </datafield>
    <datafield tag="650" ind1=" " ind2=" ">
        <subfield code="a">TECHNICAL COOPERATION</subfield>
        <subfield code="0">(DHLAUTH)268658</subfield>
    </datafield>
</record>
<record>
    <datafield tag="191" ind1=" " ind2=" ">
        <subfield code="a">E/ESCWA/SD/89/2</subfield>
    </datafield>
    <datafield tag="246" ind1=" " ind2=" ">
        <subfield code="a">دور المراة في القطاع الهامشي : دراسة ميدانية عن لبنان</subfield>
    </datafield>
    <datafield tag="269" ind1=" " ind2=" ">
        <subfield code="a">19890101</subfield>
    </datafield>
    <datafield tag="650" ind1=" " ind2=" ">
        <subfield code="a">WESTERN ASIA</subfield>
        <subfield code="0">(DHLAUTH)275490</subfield>
    </datafield>
    <datafield tag="650" ind1=" " ind2=" ">
        <subfield code="a">WOMEN WORKERS</subfield>
        <subfield code="0">(DHLAUTH)273153</subfield>
    </datafield>
    <datafield tag="650" ind1=" " ind2=" ">
        <subfield code="a">LEBANON</subfield>
        <subfield code="0">(DHLAUTH)269069</subfield>
    </datafield>
    <datafield tag="650" ind1=" " ind2=" ">
        <subfield code="a">FAMILY</subfield>
        <subfield code="0">(DHLAUTH)269293</subfield>
    </datafield>
    <datafield tag="650" ind1=" " ind2=" ">
        <subfield code="a">QUESTIONNAIRES</subfield>
        <subfield code="0">(DHLAUTH)272018</subfield>
    </datafield>
</record>
<record>
    <datafield tag="191" ind1=" " ind2=" ">
        <subfield code="a">E/ESCWA/SD/89/3</subfield>
    </datafield>
    <datafield tag="246" ind1=" " ind2=" ">
        <subfield code="a">دراسة استطلاعية حول خصائص ومشكلات المراة في القطاع غير الرسمي في حي شعبي بمدينة القاهرة</subfield>
    </datafield>
    <datafield tag="269" ind1=" " ind2=" ">
        <subfield code="a">19890101</subfield>
    </datafield>
    <datafield tag="650" ind1=" " ind2=" ">
        <subfield code="a">WESTERN ASIA</subfield>
        <subfield code="0">(DHLAUTH)275490</subfield>
    </datafield>
    <datafield tag="650" ind1=" " ind2=" ">
        <subfield code="a">WOMEN WORKERS</subfield>
        <subfield code="0">(DHLAUTH)273153</subfield>
    </datafield>
    <datafield tag="650" ind1=" " ind2=" ">
        <subfield code="a">QUESTIONNAIRES</subfield>
        <subfield code="0">(DHLAUTH)272018</subfield>
    </datafield>
    <datafield tag="650" ind1=" " ind2=" ">
        <subfield code="a">SOCIAL ASPECTS</subfield>
        <subfield code="0">(DHLAUTH)274710</subfield>
    </datafield>
    <datafield tag="650" ind1=" " ind2=" ">
        <subfield code="a">CAIRO (EGYPT)</subfield>
        <subfield code="0">(DHLAUTH)276878</subfield>
    </datafield>
    <datafield tag="650" ind1=" " ind2=" ">
        <subfield code="a">EGYPT</subfield>
        <subfield code="0">(DHLAUTH)273328</subfield>
    </datafield>
</record>
<record>
    <datafield tag="191" ind1=" " ind2=" ">
        <subfield code="a">E/ESCWA/SD/89/4</subfield>
    </datafield>
    <datafield tag="246" ind1=" " ind2=" ">
        <subfield code="a">اجتماع خبراء حول السياسة السكانية والمراة العربية 13-16 تشرين الثاني/نوفمبر 1989 بغداد</subfield>
    </datafield>
    <datafield tag="269" ind1=" " ind2=" ">
        <subfield code="a">19900509</subfield>
    </datafield>
    <datafield tag="650" ind1=" " ind2=" ">
        <subfield code="a">WESTERN ASIA</subfield>
        <subfield code="0">(DHLAUTH)275490</subfield>
    </datafield>
    <datafield tag="650" ind1=" " ind2=" ">
        <subfield code="a">CONFERENCES</subfield>
        <subfield code="0">(DHLAUTH)275758</subfield>
    </datafield>
    <datafield tag="650" ind1=" " ind2=" ">
        <subfield code="a">WOMEN</subfield>
        <subfield code="0">(DHLAUTH)273032</subfield>
    </datafield>
    <datafield tag="650" ind1=" " ind2=" ">
        <subfield code="a">MIGRATION</subfield>
        <subfield code="0">(DHLAUTH)273027</subfield>
    </datafield>
    <datafield tag="650" ind1=" " ind2=" ">
        <subfield code="a">AGENDA</subfield>
        <subfield code="0">(DHLAUTH)275133</subfield>
    </datafield>
    <datafield tag="650" ind1=" " ind2=" ">
        <subfield code="a">PARTICIPANTS</subfield>
        <subfield code="0">(DHLAUTH)275785</subfield>
    </datafield>
    <datafield tag="650" ind1=" " ind2=" ">
        <subfield code="a">POPULATION POLICY</subfield>
        <subfield code="0">(DHLAUTH)269905</subfield>
    </datafield>
</record>
<record>
    <datafield tag="191" ind1=" " ind2=" ">
        <subfield code="a">E/ESCWA/SD/89/4/CORR.1</subfield>
    </datafield>
    <datafield tag="246" ind1=" " ind2=" ">
        <subfield code="a">اجتماع خبراء حول السياسات السكانية والمراة العربية 13-16 تشرين الثاني /نوفمبر 1989 بغداد: بحوث الاجتماع</subfield>
    </datafield>
    <datafield tag="269" ind1=" " ind2=" ">
        <subfield code="a">19900509</subfield>
    </datafield>
    <datafield tag="650" ind1=" " ind2=" ">
        <subfield code="a">WESTERN ASIA</subfield>
        <subfield code="0">(DHLAUTH)275490</subfield>
    </datafield>
    <datafield tag="650" ind1=" " ind2=" ">
        <subfield code="a">POPULATION POLICY</subfield>
        <subfield code="0">(DHLAUTH)269905</subfield>
    </datafield>
    <datafield tag="650" ind1=" " ind2=" ">
        <subfield code="a">CONFERENCES</subfield>
        <subfield code="0">(DHLAUTH)275758</subfield>
    </datafield>
    <datafield tag="650" ind1=" " ind2=" ">
        <subfield code="a">WOMEN</subfield>
        <subfield code="0">(DHLAUTH)273032</subfield>
    </datafield>
    <datafield tag="650" ind1=" " ind2=" ">
        <subfield code="a">MIGRATION</subfield>
        <subfield code="0">(DHLAUTH)273027</subfield>
    </datafield>
    <datafield tag="650" ind1=" " ind2=" ">
        <subfield code="a">CONFERENCES</subfield>
        <subfield code="0">(DHLAUTH)275758</subfield>
    </datafield>
    <datafield tag="650" ind1=" " ind2=" ">
        <subfield code="a">FAMILY PLANNING</subfield>
        <subfield code="0">(DHLAUTH)273053</subfield>
    </datafield>
    <datafield tag="650" ind1=" " ind2=" ">
        <subfield code="a">CONTRACEPTION</subfield>
        <subfield code="0">(DHLAUTH)273170</subfield>
    </datafield>
    <datafield tag="650" ind1=" " ind2=" ">
        <subfield code="a">SOCIAL INDICATORS</subfield>
        <subfield code="0">(DHLAUTH)269644</subfield>
    </datafield>
    <datafield tag="650" ind1=" " ind2=" ">
        <subfield code="a">MASS MEDIA</subfield>
        <subfield code="0">(DHLAUTH)272747</subfield>
    </datafield>
    <datafield tag="650" ind1=" " ind2=" ">
        <subfield code="a">TUNIS (TUNISIA)</subfield>
        <subfield code="0">(DHLAUTH)277604</subfield>
    </datafield>
    <datafield tag="650" ind1=" " ind2=" ">
        <subfield code="a">MANPOWER</subfield>
        <subfield code="0">(DHLAUTH)273105</subfield>
    </datafield>
    <datafield tag="650" ind1=" " ind2=" ">
        <subfield code="a">RECOMMENDATIONS</subfield>
        <subfield code="0">(DHLAUTH)275840</subfield>
    </datafield>
    <datafield tag="650" ind1=" " ind2=" ">
        <subfield code="a">IMMIGRATION</subfield>
        <subfield code="0">(DHLAUTH)273008</subfield>
    </datafield>
    <datafield tag="650" ind1=" " ind2=" ">
        <subfield code="a">JORDAN</subfield>
        <subfield code="0">(DHLAUTH)269099</subfield>
    </datafield>
    <datafield tag="650" ind1=" " ind2=" ">
        <subfield code="a">FORCED MIGRATION</subfield>
        <subfield code="0">(DHLAUTH)269274</subfield>
    </datafield>
    <datafield tag="650" ind1=" " ind2=" ">
        <subfield code="a">LEBANON</subfield>
        <subfield code="0">(DHLAUTH)269069</subfield>
    </datafield>
    <datafield tag="650" ind1=" " ind2=" ">
        <subfield code="a">FERTILITY</subfield>
        <subfield code="0">(DHLAUTH)273021</subfield>
    </datafield>
    <datafield tag="650" ind1=" " ind2=" ">
        <subfield code="a">EGYPT</subfield>
        <subfield code="0">(DHLAUTH)273328</subfield>
    </datafield>
    <datafield tag="650" ind1=" " ind2=" ">
        <subfield code="a">VITAL STATISTICS</subfield>
        <subfield code="0">(DHLAUTH)272947</subfield>
    </datafield>
    <datafield tag="650" ind1=" " ind2=" ">
        <subfield code="a">PALESTINE</subfield>
        <subfield code="0">(DHLAUTH)277398</subfield>
    </datafield>
</record>
<record>
    <datafield tag="191" ind1=" " ind2=" ">
        <subfield code="a">E/ESCWA/SD/89/5</subfield>
    </datafield>
    <datafield tag="246" ind1=" " ind2=" ">
        <subfield code="a">دليل  المراة المهنية العربية للمشاركة في مشاريع التعاون الفني</subfield>
    </datafield>
    <datafield tag="269" ind1=" " ind2=" ">
        <subfield code="a">19891213</subfield>
    </datafield>
    <datafield tag="650" ind1=" " ind2=" ">
        <subfield code="a">WESTERN ASIA</subfield>
        <subfield code="0">(DHLAUTH)275490</subfield>
    </datafield>
    <datafield tag="650" ind1=" " ind2=" ">
        <subfield code="a">WOMEN WORKERS</subfield>
        <subfield code="0">(DHLAUTH)273153</subfield>
    </datafield>
    <datafield tag="650" ind1=" " ind2=" ">
        <subfield code="a">ARAB COUNTRIES</subfield>
        <subfield code="0">(DHLAUTH)268705</subfield>
    </datafield>
    <datafield tag="650" ind1=" " ind2=" ">
        <subfield code="a">PROFESSIONAL WORKERS</subfield>
        <subfield code="0">(DHLAUTH)269335</subfield>
    </datafield>
    <datafield tag="650" ind1=" " ind2=" ">
        <subfield code="a">DIRECTORIES</subfield>
        <subfield code="0">(DHLAUTH)275130</subfield>
    </datafield>
</record>
<record>
    <datafield tag="191" ind1=" " ind2=" ">
        <subfield code="a">E/ESCWA/SD/89/5/REV.1</subfield>
    </datafield>
    <datafield tag="245" ind1=" " ind2=" ">
        <subfield code="a">DIRECTORY OF PROFESSIONAL ARAB WOMEN FOR TECHNICAL COOPERATION PROJECTS</subfield>
    </datafield>
    <datafield tag="269" ind1=" " ind2=" ">
        <subfield code="a">19930518</subfield>
    </datafield>
    <datafield tag="650" ind1=" " ind2=" ">
        <subfield code="a">WESTERN ASIA</subfield>
        <subfield code="0">(DHLAUTH)275490</subfield>
    </datafield>
    <datafield tag="650" ind1=" " ind2=" ">
        <subfield code="a">WOMEN WORKERS</subfield>
        <subfield code="0">(DHLAUTH)273153</subfield>
    </datafield>
    <datafield tag="650" ind1=" " ind2=" ">
        <subfield code="a">PROFESSIONAL WORKERS</subfield>
        <subfield code="0">(DHLAUTH)269335</subfield>
    </datafield>
    <datafield tag="650" ind1=" " ind2=" ">
        <subfield code="a">TECHNICAL COOPERATION</subfield>
        <subfield code="0">(DHLAUTH)268658</subfield>
    </datafield>
    <datafield tag="650" ind1=" " ind2=" ">
        <subfield code="a">DIRECTORIES</subfield>
        <subfield code="0">(DHLAUTH)275130</subfield>
    </datafield>
    <datafield tag="650" ind1=" " ind2=" ">
        <subfield code="a">ARAB COUNTRIES</subfield>
        <subfield code="0">(DHLAUTH)268705</subfield>
    </datafield>
</record>
<record>
    <datafield tag="191" ind1=" " ind2=" ">
        <subfield code="a">E/ESCWA/SD/89/6</subfield>
    </datafield>
    <datafield tag="246" ind1=" " ind2=" ">
        <subfield code="a">الاستراتجية المقترحة لزيادة المساهمة الاقتصادية للمراة العربية</subfield>
    </datafield>
    <datafield tag="269" ind1=" " ind2=" ">
        <subfield code="a">19891213</subfield>
    </datafield>
    <datafield tag="650" ind1=" " ind2=" ">
        <subfield code="a">WESTERN ASIA</subfield>
        <subfield code="0">(DHLAUTH)275490</subfield>
    </datafield>
    <datafield tag="650" ind1=" " ind2=" ">
        <subfield code="a">WOMEN IN DEVELOPMENT</subfield>
        <subfield code="0">(DHLAUTH)269878</subfield>
    </datafield>
    <datafield tag="650" ind1=" " ind2=" ">
        <subfield code="a">FAMILY</subfield>
        <subfield code="0">(DHLAUTH)269293</subfield>
    </datafield>
    <datafield tag="650" ind1=" " ind2=" ">
        <subfield code="a">WOMEN WORKERS</subfield>
        <subfield code="0">(DHLAUTH)273153</subfield>
    </datafield>
</record>
<record>
    <datafield tag="191" ind1=" " ind2=" ">
        <subfield code="a">E/ESCWA/SD/89/7</subfield>
    </datafield>
    <datafield tag="246" ind1=" " ind2=" ">
        <subfield code="a">الحركة التعاونية والتنمية الريفية في منطقة الاسكوا</subfield>
    </datafield>
    <datafield tag="269" ind1=" " ind2=" ">
        <subfield code="a">19891213</subfield>
    </datafield>
    <datafield tag="650" ind1=" " ind2=" ">
        <subfield code="a">WESTERN ASIA</subfield>
        <subfield code="0">(DHLAUTH)275490</subfield>
    </datafield>
    <datafield tag="650" ind1=" " ind2=" ">
        <subfield code="a">RURAL DEVELOPMENT</subfield>
        <subfield code="0">(DHLAUTH)269872</subfield>
    </datafield>
    <datafield tag="650" ind1=" " ind2=" ">
        <subfield code="a">RURAL COOPERATIVES</subfield>
        <subfield code="0">(DHLAUTH)270256</subfield>
    </datafield>
    <datafield tag="650" ind1=" " ind2=" ">
        <subfield code="a">RURAL POPULATION</subfield>
        <subfield code="0">(DHLAUTH)271438</subfield>
    </datafield>
    <datafield tag="650" ind1=" " ind2=" ">
        <subfield code="a">SOCIAL ASPECTS</subfield>
        <subfield code="0">(DHLAUTH)274710</subfield>
    </datafield>
</record>
<record>
    <datafield tag="191" ind1=" " ind2=" ">
        <subfield code="a">E/ESCWA/SED/1993/13</subfield>
    </datafield>
    <datafield tag="246" ind1=" " ind2=" ">
        <subfield code="a">سياسات التكيف و الإصلاح الإقتصادي و ثارها الإقتصادية والإجتماعية في الأردن</subfield>
    </datafield>
    <datafield tag="269" ind1=" " ind2=" ">
        <subfield code="a">19931018</subfield>
    </datafield>
    <datafield tag="650" ind1=" " ind2=" ">
        <subfield code="a">ECONOMIC CONDITIONS</subfield>
        <subfield code="0">(DHLAUTH)269719</subfield>
    </datafield>
    <datafield tag="650" ind1=" " ind2=" ">
        <subfield code="a">ECONOMIC DEVELOPMENT</subfield>
        <subfield code="0">(DHLAUTH)269755</subfield>
    </datafield>
    <datafield tag="650" ind1=" " ind2=" ">
        <subfield code="a">ECONOMIC REFORM</subfield>
        <subfield code="0">(DHLAUTH)269938</subfield>
    </datafield>
    <datafield tag="650" ind1=" " ind2=" ">
        <subfield code="a">ECONOMIC POLICY</subfield>
        <subfield code="0">(DHLAUTH)268235</subfield>
    </datafield>
    <datafield tag="650" ind1=" " ind2=" ">
        <subfield code="a">JORDAN</subfield>
        <subfield code="0">(DHLAUTH)269099</subfield>
    </datafield>
</record>
<record>
    <datafield tag="191" ind1=" " ind2=" ">
        <subfield code="a">E/ESCWA/SED/1993/16</subfield>
    </datafield>
    <datafield tag="246" ind1=" " ind2=" ">
        <subfield code="a">ابرز القضايا الإقتصادية والتحديات التي يواجهها اليمن الموحد</subfield>
    </datafield>
    <datafield tag="269" ind1=" " ind2=" ">
        <subfield code="a">19931128</subfield>
    </datafield>
    <datafield tag="650" ind1=" " ind2=" ">
        <subfield code="a">ECONOMIC CONDITIONS</subfield>
        <subfield code="0">(DHLAUTH)269719</subfield>
    </datafield>
    <datafield tag="650" ind1=" " ind2=" ">
        <subfield code="a">BALANCE OF PAYMENTS</subfield>
        <subfield code="0">(DHLAUTH)270325</subfield>
    </datafield>
    <datafield tag="650" ind1=" " ind2=" ">
        <subfield code="a">YEMEN</subfield>
        <subfield code="0">(DHLAUTH)273521</subfield>
    </datafield>
    <datafield tag="650" ind1=" " ind2=" ">
        <subfield code="a">TRADE POLICY</subfield>
        <subfield code="0">(DHLAUTH)268237</subfield>
    </datafield>
    <datafield tag="650" ind1=" " ind2=" ">
        <subfield code="a">ECONOMIC DEVELOPMENT</subfield>
        <subfield code="0">(DHLAUTH)269755</subfield>
    </datafield>
    <datafield tag="650" ind1=" " ind2=" ">
        <subfield code="a">WESTERN ASIA</subfield>
        <subfield code="0">(DHLAUTH)275490</subfield>
    </datafield>
</record>
<record>
    <datafield tag="191" ind1=" " ind2=" ">
        <subfield code="a">E/ESCWA/SED/1993/17</subfield>
    </datafield>
    <datafield tag="246" ind1=" " ind2=" ">
        <subfield code="a">التعاون الإقتصادي بين الجمهورية اليمنية وبقية دول الاسكوا</subfield>
    </datafield>
    <datafield tag="269" ind1=" " ind2=" ">
        <subfield code="a">19931214</subfield>
    </datafield>
    <datafield tag="650" ind1=" " ind2=" ">
        <subfield code="a">ECONOMIC CONDITIONS</subfield>
        <subfield code="0">(DHLAUTH)269719</subfield>
    </datafield>
    <datafield tag="650" ind1=" " ind2=" ">
        <subfield code="a">ECONOMIC COOPERATION</subfield>
        <subfield code="0">(DHLAUTH)268654</subfield>
    </datafield>
    <datafield tag="650" ind1=" " ind2=" ">
        <subfield code="a">TECHNICAL COOPERATION</subfield>
        <subfield code="0">(DHLAUTH)268658</subfield>
    </datafield>
    <datafield tag="650" ind1=" " ind2=" ">
        <subfield code="a">ECONOMIC DEVELOPMENT</subfield>
        <subfield code="0">(DHLAUTH)269755</subfield>
    </datafield>
    <datafield tag="650" ind1=" " ind2=" ">
        <subfield code="a">BUDGET DEFICITS</subfield>
        <subfield code="0">(DHLAUTH)270057</subfield>
    </datafield>
    <datafield tag="650" ind1=" " ind2=" ">
        <subfield code="a">BALANCE OF TRADE</subfield>
        <subfield code="0">(DHLAUTH)272810</subfield>
    </datafield>
    <datafield tag="650" ind1=" " ind2=" ">
        <subfield code="a">LABOUR MARKET</subfield>
        <subfield code="0">(DHLAUTH)269799</subfield>
    </datafield>
    <datafield tag="650" ind1=" " ind2=" ">
        <subfield code="a">RETURN MIGRATION</subfield>
        <subfield code="0">(DHLAUTH)273078</subfield>
    </datafield>
    <datafield tag="650" ind1=" " ind2=" ">
        <subfield code="a">YEMEN</subfield>
        <subfield code="0">(DHLAUTH)273521</subfield>
    </datafield>
    <datafield tag="650" ind1=" " ind2=" ">
        <subfield code="a">IRAQ-KUWAIT SITUATION</subfield>
        <subfield code="0">(DHLAUTH)275608</subfield>
    </datafield>
    <datafield tag="650" ind1=" " ind2=" ">
        <subfield code="a">REMITTANCES</subfield>
        <subfield code="0">(DHLAUTH)270415</subfield>
    </datafield>
    <datafield tag="650" ind1=" " ind2=" ">
        <subfield code="a">DEVELOPMENT ASSISTANCE</subfield>
        <subfield code="0">(DHLAUTH)268659</subfield>
    </datafield>
</record>
<record>
    <datafield tag="191" ind1=" " ind2=" ">
        <subfield code="a">E/ESCWA/SED/1993/18</subfield>
    </datafield>
    <datafield tag="245" ind1=" " ind2=" ">
        <subfield code="a">MANAGEMENT AND ORGANIZATION OF GOVERNMENT IN THE ESCWA REGION</subfield>
    </datafield>
    <datafield tag="269" ind1=" " ind2=" ">
        <subfield code="a">19931215</subfield>
    </datafield>
    <datafield tag="650" ind1=" " ind2=" ">
        <subfield code="a">ECONOMIC POLICY</subfield>
        <subfield code="0">(DHLAUTH)268235</subfield>
    </datafield>
    <datafield tag="650" ind1=" " ind2=" ">
        <subfield code="a">PERSONNEL MANAGEMENT</subfield>
        <subfield code="0">(DHLAUTH)270006</subfield>
    </datafield>
    <datafield tag="650" ind1=" " ind2=" ">
        <subfield code="a">PRIVATIZATION</subfield>
        <subfield code="0">(DHLAUTH)270028</subfield>
    </datafield>
    <datafield tag="650" ind1=" " ind2=" ">
        <subfield code="a">PUBLIC ENTERPRISES</subfield>
        <subfield code="0">(DHLAUTH)269681</subfield>
    </datafield>
    <datafield tag="650" ind1=" " ind2=" ">
        <subfield code="a">FISCAL POLICY</subfield>
        <subfield code="0">(DHLAUTH)269932</subfield>
    </datafield>
    <datafield tag="650" ind1=" " ind2=" ">
        <subfield code="a">SKILLED WORKERS</subfield>
        <subfield code="0">(DHLAUTH)271980</subfield>
    </datafield>
    <datafield tag="650" ind1=" " ind2=" ">
        <subfield code="a">BUDGET DEFICITS</subfield>
        <subfield code="0">(DHLAUTH)270057</subfield>
    </datafield>
</record>
<record>
    <datafield tag="191" ind1=" " ind2=" ">
        <subfield code="a">E/ESCWA/SED/1993/19/REV.1</subfield>
    </datafield>
    <datafield tag="245" ind1=" " ind2=" ">
        <subfield code="a">A CONCEPTUAL AND METHODOLOGICAL FRAMEWORK FOR POVERTY ALLEVIATION IN THE ESCWA REGION</subfield>
    </datafield>
    <datafield tag="269" ind1=" " ind2=" ">
        <subfield code="a">19950309</subfield>
    </datafield>
    <datafield tag="650" ind1=" " ind2=" ">
        <subfield code="a">LIVING CONDITIONS</subfield>
        <subfield code="0">(DHLAUTH)269738</subfield>
    </datafield>
    <datafield tag="650" ind1=" " ind2=" ">
        <subfield code="a">ECONOMIC GROWTH</subfield>
        <subfield code="0">(DHLAUTH)269754</subfield>
    </datafield>
    <datafield tag="650" ind1=" " ind2=" ">
        <subfield code="a">POVERTY</subfield>
        <subfield code="0">(DHLAUTH)270079</subfield>
    </datafield>
</record>
<record>
    <datafield tag="191" ind1=" " ind2=" ">
        <subfield code="a">E/ESCWA/SED/1993/20</subfield>
    </datafield>
    <datafield tag="245" ind1=" " ind2=" ">
        <subfield code="a">THE LINK BETWEEN PRODUCTION POLICIES AND EXPORT ACTIVITY IN THE REGION.</subfield>
    </datafield>
    <datafield tag="269" ind1=" " ind2=" ">
        <subfield code="a">19940123</subfield>
    </datafield>
    <datafield tag="650" ind1=" " ind2=" ">
        <subfield code="a">JORDAN</subfield>
        <subfield code="0">(DHLAUTH)269099</subfield>
    </datafield>
    <datafield tag="650" ind1=" " ind2=" ">
        <subfield code="a">INTERNATIONAL TRADE</subfield>
        <subfield code="0">(DHLAUTH)269532</subfield>
    </datafield>
    <datafield tag="650" ind1=" " ind2=" ">
        <subfield code="a">TRADE RESTRICTIONS</subfield>
        <subfield code="0">(DHLAUTH)272812</subfield>
    </datafield>
    <datafield tag="650" ind1=" " ind2=" ">
        <subfield code="a">EGYPT</subfield>
        <subfield code="0">(DHLAUTH)273328</subfield>
    </datafield>
    <datafield tag="650" ind1=" " ind2=" ">
        <subfield code="a">EXPORT DEVELOPMENT</subfield>
        <subfield code="0">(DHLAUTH)271797</subfield>
    </datafield>
    <datafield tag="650" ind1=" " ind2=" ">
        <subfield code="a">FREE TRADE</subfield>
        <subfield code="0">(DHLAUTH)269653</subfield>
    </datafield>
    <datafield tag="650" ind1=" " ind2=" ">
        <subfield code="a">PRODUCTION PLANNING</subfield>
        <subfield code="0">(DHLAUTH)269676</subfield>
    </datafield>
    <datafield tag="650" ind1=" " ind2=" ">
        <subfield code="a">SYRIAN ARAB REPUBLIC</subfield>
        <subfield code="0">(DHLAUTH)273496</subfield>
    </datafield>
</record>
<record>
    <datafield tag="191" ind1=" " ind2=" ">
        <subfield code="a">E/ESCWA/SED/1994/2</subfield>
    </datafield>
    <datafield tag="245" ind1=" " ind2=" ">
        <subfield code="a">REVIEW OF DEVELOPMENTS AND TRENDS IN THE MONETARY AND FINANCIAL SECTORS IN THE ESCWA REGION, 1993</subfield>
    </datafield>
    <datafield tag="269" ind1=" " ind2=" ">
        <subfield code="a">19940802</subfield>
    </datafield>
    <datafield tag="650" ind1=" " ind2=" ">
        <subfield code="a">LEBANON</subfield>
        <subfield code="0">(DHLAUTH)269069</subfield>
    </datafield>
    <datafield tag="650" ind1=" " ind2=" ">
        <subfield code="a">KUWAIT</subfield>
        <subfield code="0">(DHLAUTH)273384</subfield>
    </datafield>
    <datafield tag="650" ind1=" " ind2=" ">
        <subfield code="a">TAXATION</subfield>
        <subfield code="0">(DHLAUTH)270067</subfield>
    </datafield>
    <datafield tag="650" ind1=" " ind2=" ">
        <subfield code="a">EXTERNAL DEBT</subfield>
        <subfield code="0">(DHLAUTH)270096</subfield>
    </datafield>
    <datafield tag="650" ind1=" " ind2=" ">
        <subfield code="a">PRIVATIZATION</subfield>
        <subfield code="0">(DHLAUTH)270028</subfield>
    </datafield>
    <datafield tag="650" ind1=" " ind2=" ">
        <subfield code="a">BAHRAIN</subfield>
        <subfield code="0">(DHLAUTH)273274</subfield>
    </datafield>
    <datafield tag="650" ind1=" " ind2=" ">
        <subfield code="a">BANKING</subfield>
        <subfield code="0">(DHLAUTH)270339</subfield>
    </datafield>
    <datafield tag="650" ind1=" " ind2=" ">
        <subfield code="a">BANK DEPOSITS</subfield>
        <subfield code="0">(DHLAUTH)270334</subfield>
    </datafield>
    <datafield tag="650" ind1=" " ind2=" ">
        <subfield code="a">STOCK MARKETS</subfield>
        <subfield code="0">(DHLAUTH)269703</subfield>
    </datafield>
    <datafield tag="650" ind1=" " ind2=" ">
        <subfield code="a">MONETARY ANALYSIS</subfield>
        <subfield code="0">(DHLAUTH)269750</subfield>
    </datafield>
</record>
<record>
    <datafield tag="191" ind1=" " ind2=" ">
        <subfield code="a">E/ESCWA/SHDS/CONF.4/INF.3</subfield>
    </datafield>
    <datafield tag="245" ind1=" " ind2=" ">
        <subfield code="a">PROVISIONAL LIST OF PARTICIPANTS</subfield>
    </datafield>
    <datafield tag="269" ind1=" " ind2=" ">
        <subfield code="a">19791204</subfield>
    </datafield>
    <datafield tag="650" ind1=" " ind2=" ">
        <subfield code="a">WOMEN IN DEVELOPMENT</subfield>
        <subfield code="0">(DHLAUTH)269878</subfield>
    </datafield>
    <datafield tag="650" ind1=" " ind2=" ">
        <subfield code="a">CONFERENCES</subfield>
        <subfield code="0">(DHLAUTH)275758</subfield>
    </datafield>
    <datafield tag="650" ind1=" " ind2=" ">
        <subfield code="a">WESTERN ASIA</subfield>
        <subfield code="0">(DHLAUTH)275490</subfield>
    </datafield>
    <datafield tag="650" ind1=" " ind2=" ">
        <subfield code="a">PARTICIPANTS</subfield>
        <subfield code="0">(DHLAUTH)275785</subfield>
    </datafield>
    <datafield tag="650" ind1=" " ind2=" ">
        <subfield code="a">ABACA</subfield>
        <subfield code="0">(DHLAUTH)271457</subfield>
    </datafield>
</record>
<record>
    <datafield tag="191" ind1=" " ind2=" ">
        <subfield code="a">E/ESCWA/STAT/1990/3</subfield>
    </datafield>
    <datafield tag="246" ind1=" " ind2=" ">
        <subfield code="a">تقرير عن الزيارة الى الجهاز المركزي للاحصاء جمهورية اليمن الديمقراطية الشعبية عدن خلال الفترة من 18- شباط /فبراير - 4 آذار /مارس 1990</subfield>
    </datafield>
    <datafield tag="269" ind1=" " ind2=" ">
        <subfield code="a">19900307</subfield>
    </datafield>
    <datafield tag="650" ind1=" " ind2=" ">
        <subfield code="a">WESTERN ASIA</subfield>
        <subfield code="0">(DHLAUTH)275490</subfield>
    </datafield>
    <datafield tag="650" ind1=" " ind2=" ">
        <subfield code="a">ADVISORY SERVICES</subfield>
        <subfield code="0">(DHLAUTH)269860</subfield>
    </datafield>
    <datafield tag="650" ind1=" " ind2=" ">
        <subfield code="a">NATIONAL ACCOUNTS</subfield>
        <subfield code="0">(DHLAUTH)269651</subfield>
    </datafield>
    <datafield tag="650" ind1=" " ind2=" ">
        <subfield code="a">HOUSEHOLD EXPENDITURES</subfield>
        <subfield code="0">(DHLAUTH)269741</subfield>
    </datafield>
    <datafield tag="650" ind1=" " ind2=" ">
        <subfield code="a">FAMILY INCOME</subfield>
        <subfield code="0">(DHLAUTH)269804</subfield>
    </datafield>
    <datafield tag="650" ind1=" " ind2=" ">
        <subfield code="a">YEMEN</subfield>
        <subfield code="0">(DHLAUTH)273521</subfield>
    </datafield>
</record>
<record>
    <datafield tag="191" ind1=" " ind2=" ">
        <subfield code="a">E/ESCWA/STAT/1990/4</subfield>
    </datafield>
    <datafield tag="246" ind1=" " ind2=" ">
        <subfield code="a">تقرير عن الزيارة الى الجهاز المركزي للتخطيط عدن جمهورية اليمن الديمقراطية الشعبية خلال الفترة من 17 شباط/فبراير -2 اذار /مارس 1990</subfield>
    </datafield>
    <datafield tag="269" ind1=" " ind2=" ">
        <subfield code="a">19900328</subfield>
    </datafield>
    <datafield tag="650" ind1=" " ind2=" ">
        <subfield code="a">WESTERN ASIA</subfield>
        <subfield code="0">(DHLAUTH)275490</subfield>
    </datafield>
    <datafield tag="650" ind1=" " ind2=" ">
        <subfield code="a">ADVISORY SERVICES</subfield>
        <subfield code="0">(DHLAUTH)269860</subfield>
    </datafield>
    <datafield tag="650" ind1=" " ind2=" ">
        <subfield code="a">STATISTICAL DATA</subfield>
        <subfield code="0">(DHLAUTH)270233</subfield>
    </datafield>
    <datafield tag="650" ind1=" " ind2=" ">
        <subfield code="a">POPULATION CENSUSES</subfield>
        <subfield code="0">(DHLAUTH)270178</subfield>
    </datafield>
    <datafield tag="650" ind1=" " ind2=" ">
        <subfield code="a">HOUSING CENSUSES</subfield>
        <subfield code="0">(DHLAUTH)304326</subfield>
    </datafield>
    <datafield tag="650" ind1=" " ind2=" ">
        <subfield code="a">YEMEN</subfield>
        <subfield code="0">(DHLAUTH)273521</subfield>
    </datafield>
</record>
<record>
    <datafield tag="191" ind1=" " ind2=" ">
        <subfield code="a">E/ESCWA/STAT/1990/5</subfield>
    </datafield>
    <datafield tag="246" ind1=" " ind2=" ">
        <subfield code="a">تقرير عن المهمة الاستشارية الى وزارة الصناعة والكهرباء بالرياض المملكة العربية السعودية خلال الفترة من 10-24 شباط /فبراير 1990</subfield>
    </datafield>
    <datafield tag="269" ind1=" " ind2=" ">
        <subfield code="a">19900323</subfield>
    </datafield>
    <datafield tag="650" ind1=" " ind2=" ">
        <subfield code="a">WESTERN ASIA</subfield>
        <subfield code="0">(DHLAUTH)275490</subfield>
    </datafield>
    <datafield tag="650" ind1=" " ind2=" ">
        <subfield code="a">ADVISORY SERVICES</subfield>
        <subfield code="0">(DHLAUTH)269860</subfield>
    </datafield>
    <datafield tag="650" ind1=" " ind2=" ">
        <subfield code="a">DATA PROCESSING</subfield>
        <subfield code="0">(DHLAUTH)272727</subfield>
    </datafield>
    <datafield tag="650" ind1=" " ind2=" ">
        <subfield code="a">DATA PROCESSING SERVICES</subfield>
        <subfield code="0">(DHLAUTH)275236</subfield>
    </datafield>
    <datafield tag="650" ind1=" " ind2=" ">
        <subfield code="a">TRAINING PROGRAMMES</subfield>
        <subfield code="0">(DHLAUTH)274026</subfield>
    </datafield>
    <datafield tag="650" ind1=" " ind2=" ">
        <subfield code="a">MANPOWER</subfield>
        <subfield code="0">(DHLAUTH)273105</subfield>
    </datafield>
    <datafield tag="650" ind1=" " ind2=" ">
        <subfield code="a">ORGANIZATIONAL STRUCTURE</subfield>
        <subfield code="0">(DHLAUTH)272030</subfield>
    </datafield>
    <datafield tag="650" ind1=" " ind2=" ">
        <subfield code="a">DATA BANKS</subfield>
        <subfield code="0">(DHLAUTH)275123</subfield>
    </datafield>
    <datafield tag="650" ind1=" " ind2=" ">
        <subfield code="a">SAUDI ARABIA</subfield>
        <subfield code="0">(DHLAUTH)273464</subfield>
    </datafield>
    <datafield tag="650" ind1=" " ind2=" ">
        <subfield code="a">INDUSTRIAL BANKS</subfield>
        <subfield code="0">(DHLAUTH)270350</subfield>
    </datafield>
</record>
<record>
    <datafield tag="191" ind1=" " ind2=" ">
        <subfield code="a">E/ESCWA/STAT/1990/6</subfield>
    </datafield>
    <datafield tag="246" ind1=" " ind2=" ">
        <subfield code="a">تقرير عن الزيارة الى الجهاز المركزي للتخطيط وزارة الجمهورية العراقية خلال الفترة من 7 -22 اذار/مارس 1990 </subfield>
    </datafield>
    <datafield tag="269" ind1=" " ind2=" ">
        <subfield code="a">19900404</subfield>
    </datafield>
    <datafield tag="650" ind1=" " ind2=" ">
        <subfield code="a">WESTERN ASIA</subfield>
        <subfield code="0">(DHLAUTH)275490</subfield>
    </datafield>
    <datafield tag="650" ind1=" " ind2=" ">
        <subfield code="a">ADVISORY SERVICES</subfield>
        <subfield code="0">(DHLAUTH)269860</subfield>
    </datafield>
    <datafield tag="650" ind1=" " ind2=" ">
        <subfield code="a">STATISTICAL DATA</subfield>
        <subfield code="0">(DHLAUTH)270233</subfield>
    </datafield>
    <datafield tag="650" ind1=" " ind2=" ">
        <subfield code="a">PRICES</subfield>
        <subfield code="0">(DHLAUTH)269707</subfield>
    </datafield>
    <datafield tag="650" ind1=" " ind2=" ">
        <subfield code="a">NATIONAL ACCOUNTS</subfield>
        <subfield code="0">(DHLAUTH)269651</subfield>
    </datafield>
    <datafield tag="650" ind1=" " ind2=" ">
        <subfield code="a">MATHEMATICAL ANALYSIS</subfield>
        <subfield code="0">(DHLAUTH)275333</subfield>
    </datafield>
    <datafield tag="650" ind1=" " ind2=" ">
        <subfield code="a">IRAQ</subfield>
        <subfield code="0">(DHLAUTH)273370</subfield>
    </datafield>
    <datafield tag="650" ind1=" " ind2=" ">
        <subfield code="a">PRICE AND QUANTITY STATISTICS</subfield>
        <subfield code="0">(DHLAUTH)270198</subfield>
    </datafield>
</record>
<record>
    <datafield tag="191" ind1=" " ind2=" ">
        <subfield code="a">E/ESCWA/STAT/1990/8</subfield>
    </datafield>
    <datafield tag="246" ind1=" " ind2=" ">
        <subfield code="a">تقرير عن المهمة الاستشارية الى مديرية الري بوزارة الري دمشق الجمهورية العربية السوريةخلال الفترة من 26 شباط/فبراير - 21 اذار/مارس 1990 </subfield>
    </datafield>
    <datafield tag="269" ind1=" " ind2=" ">
        <subfield code="a">19900326</subfield>
    </datafield>
    <datafield tag="650" ind1=" " ind2=" ">
        <subfield code="a">WESTERN ASIA</subfield>
        <subfield code="0">(DHLAUTH)275490</subfield>
    </datafield>
    <datafield tag="650" ind1=" " ind2=" ">
        <subfield code="a">ADVISORY SERVICES</subfield>
        <subfield code="0">(DHLAUTH)269860</subfield>
    </datafield>
    <datafield tag="650" ind1=" " ind2=" ">
        <subfield code="a">DATA PROCESSING</subfield>
        <subfield code="0">(DHLAUTH)272727</subfield>
    </datafield>
    <datafield tag="650" ind1=" " ind2=" ">
        <subfield code="a">DATA PROCESSING SERVICES</subfield>
        <subfield code="0">(DHLAUTH)275236</subfield>
    </datafield>
    <datafield tag="650" ind1=" " ind2=" ">
        <subfield code="a">DATA BANKS</subfield>
        <subfield code="0">(DHLAUTH)275123</subfield>
    </datafield>
    <datafield tag="650" ind1=" " ind2=" ">
        <subfield code="a">TRAINING PROGRAMMES</subfield>
        <subfield code="0">(DHLAUTH)274026</subfield>
    </datafield>
    <datafield tag="650" ind1=" " ind2=" ">
        <subfield code="a">MANPOWER</subfield>
        <subfield code="0">(DHLAUTH)273105</subfield>
    </datafield>
    <datafield tag="650" ind1=" " ind2=" ">
        <subfield code="a">SYRIAN ARAB REPUBLIC</subfield>
        <subfield code="0">(DHLAUTH)273496</subfield>
    </datafield>
    <datafield tag="650" ind1=" " ind2=" ">
        <subfield code="a">ORGANIZATIONAL STRUCTURE</subfield>
        <subfield code="0">(DHLAUTH)272030</subfield>
    </datafield>
    <datafield tag="650" ind1=" " ind2=" ">
        <subfield code="a">SURFACE WATERS</subfield>
        <subfield code="0">(DHLAUTH)270757</subfield>
    </datafield>
</record>
<record>
    <datafield tag="191" ind1=" " ind2=" ">
        <subfield code="a">E/ESCWA/STAT/1992/1</subfield>
    </datafield>
    <datafield tag="246" ind1=" " ind2=" ">
        <subfield code="a">تقرير عن الزيارة الى وزارة التخطيط دولة الامارات العربية المتحدة (خلال الفترة من 15 - 17 شباط/فبراير 1992)</subfield>
    </datafield>
    <datafield tag="269" ind1=" " ind2=" ">
        <subfield code="a">19920326</subfield>
    </datafield>
    <datafield tag="650" ind1=" " ind2=" ">
        <subfield code="a">ADVISORY SERVICES</subfield>
        <subfield code="0">(DHLAUTH)269860</subfield>
    </datafield>
    <datafield tag="650" ind1=" " ind2=" ">
        <subfield code="a">NATIONAL ACCOUNTS</subfield>
        <subfield code="0">(DHLAUTH)269651</subfield>
    </datafield>
    <datafield tag="650" ind1=" " ind2=" ">
        <subfield code="a">ECONOMIC ANALYSIS</subfield>
        <subfield code="0">(DHLAUTH)269649</subfield>
    </datafield>
    <datafield tag="650" ind1=" " ind2=" ">
        <subfield code="a">UNITED ARAB EMIRATES</subfield>
        <subfield code="0">(DHLAUTH)275604</subfield>
    </datafield>
</record>
<record>
    <datafield tag="191" ind1=" " ind2=" ">
        <subfield code="a">E/ESCWA/STAT/1992/10</subfield>
    </datafield>
    <datafield tag="246" ind1=" " ind2=" ">
        <subfield code="a">تقرير عن الزيارة الى مجلس التنمية في سلطنة عمان خلال الفترة من 4-18 آيار /مايو 1992</subfield>
    </datafield>
    <datafield tag="269" ind1=" " ind2=" ">
        <subfield code="a">19920602</subfield>
    </datafield>
    <datafield tag="650" ind1=" " ind2=" ">
        <subfield code="a">WESTERN ASIA</subfield>
        <subfield code="0">(DHLAUTH)275490</subfield>
    </datafield>
    <datafield tag="650" ind1=" " ind2=" ">
        <subfield code="a">ADVISORY SERVICES</subfield>
        <subfield code="0">(DHLAUTH)269860</subfield>
    </datafield>
    <datafield tag="650" ind1=" " ind2=" ">
        <subfield code="a">OMAN</subfield>
        <subfield code="0">(DHLAUTH)273438</subfield>
    </datafield>
    <datafield tag="650" ind1=" " ind2=" ">
        <subfield code="a">INDEX NUMBERS</subfield>
        <subfield code="0">(DHLAUTH)269641</subfield>
    </datafield>
    <datafield tag="650" ind1=" " ind2=" ">
        <subfield code="a">INFLATION</subfield>
        <subfield code="0">(DHLAUTH)269724</subfield>
    </datafield>
    <datafield tag="650" ind1=" " ind2=" ">
        <subfield code="a">COST OF LIVING</subfield>
        <subfield code="0">(DHLAUTH)269734</subfield>
    </datafield>
</record>
<record>
    <datafield tag="191" ind1=" " ind2=" ">
        <subfield code="a">E/ESCWA/STAT/1992/11</subfield>
    </datafield>
    <datafield tag="246" ind1=" " ind2=" ">
        <subfield code="a">تقرير عن المهمة الاستشارية الى معهد الدراسات والبحوث الاحصائية جامعة القاهرة جمهورية مصر العربية خلال الفترة من 26 كانون الثاني/يناير الى 2 شباط/فبراير1992</subfield>
    </datafield>
    <datafield tag="269" ind1=" " ind2=" ">
        <subfield code="a">19920329</subfield>
    </datafield>
    <datafield tag="650" ind1=" " ind2=" ">
        <subfield code="a">WESTERN ASIA</subfield>
        <subfield code="0">(DHLAUTH)275490</subfield>
    </datafield>
    <datafield tag="650" ind1=" " ind2=" ">
        <subfield code="a">ADVISORY SERVICES</subfield>
        <subfield code="0">(DHLAUTH)269860</subfield>
    </datafield>
    <datafield tag="650" ind1=" " ind2=" ">
        <subfield code="a">TECHNICAL TRAINING</subfield>
        <subfield code="0">(DHLAUTH)271971</subfield>
    </datafield>
    <datafield tag="650" ind1=" " ind2=" ">
        <subfield code="a">INFORMATION</subfield>
        <subfield code="0">(DHLAUTH)270009</subfield>
    </datafield>
    <datafield tag="650" ind1=" " ind2=" ">
        <subfield code="a">INFORMATICS</subfield>
        <subfield code="0">(DHLAUTH)275151</subfield>
    </datafield>
    <datafield tag="650" ind1=" " ind2=" ">
        <subfield code="a">DATA PROCESSING</subfield>
        <subfield code="0">(DHLAUTH)272727</subfield>
    </datafield>
    <datafield tag="650" ind1=" " ind2=" ">
        <subfield code="a">EGYPT</subfield>
        <subfield code="0">(DHLAUTH)273328</subfield>
    </datafield>
    <datafield tag="650" ind1=" " ind2=" ">
        <subfield code="a">ORGANIZATIONAL STRUCTURE</subfield>
        <subfield code="0">(DHLAUTH)272030</subfield>
    </datafield>
    <datafield tag="650" ind1=" " ind2=" ">
        <subfield code="a">INFORMATION TECHNOLOGY</subfield>
        <subfield code="0">(DHLAUTH)272714</subfield>
    </datafield>
</record>
<record>
    <datafield tag="191" ind1=" " ind2=" ">
        <subfield code="a">E/ESCWA/STAT/1992/12</subfield>
    </datafield>
    <datafield tag="246" ind1=" " ind2=" ">
        <subfield code="a">تقرير عن الزيارة الى الادارة المركزية للاحصاء وزارة التخطيط الكويت خلال الفترة من 21 حزيران /يونيو الى 2 تموز/يوليو 1992 </subfield>
    </datafield>
    <datafield tag="269" ind1=" " ind2=" ">
        <subfield code="a">19920720</subfield>
    </datafield>
    <datafield tag="650" ind1=" " ind2=" ">
        <subfield code="a">WESTERN ASIA</subfield>
        <subfield code="0">(DHLAUTH)275490</subfield>
    </datafield>
    <datafield tag="650" ind1=" " ind2=" ">
        <subfield code="a">ADVISORY SERVICES</subfield>
        <subfield code="0">(DHLAUTH)269860</subfield>
    </datafield>
    <datafield tag="650" ind1=" " ind2=" ">
        <subfield code="a">TECHNICAL TRAINING</subfield>
        <subfield code="0">(DHLAUTH)271971</subfield>
    </datafield>
    <datafield tag="650" ind1=" " ind2=" ">
        <subfield code="a">NATIONAL ACCOUNTS</subfield>
        <subfield code="0">(DHLAUTH)269651</subfield>
    </datafield>
    <datafield tag="650" ind1=" " ind2=" ">
        <subfield code="a">KUWAIT</subfield>
        <subfield code="0">(DHLAUTH)273384</subfield>
    </datafield>
    <datafield tag="650" ind1=" " ind2=" ">
        <subfield code="a">INSURANCE STATISTICS</subfield>
        <subfield code="0">(DHLAUTH)270196</subfield>
    </datafield>
    <datafield tag="650" ind1=" " ind2=" ">
        <subfield code="a">FINANCIAL STATISTICS</subfield>
        <subfield code="0">(DHLAUTH)270194</subfield>
    </datafield>
    <datafield tag="650" ind1=" " ind2=" ">
        <subfield code="a">TRAINING PROGRAMMES</subfield>
        <subfield code="0">(DHLAUTH)274026</subfield>
    </datafield>
</record>
<record>
    <datafield tag="191" ind1=" " ind2=" ">
        <subfield code="a">E/ESCWA/STAT/1992/13</subfield>
    </datafield>
    <datafield tag="246" ind1=" " ind2=" ">
        <subfield code="a">تقرير عن المهمة الاستشارية الى دائرة الاحصاءات العامة، عمان، المملكة الاردنية الهاشمية (خلال الفترتين من 2 الى 4 حزيران يونيو 1992 ومن 23 الى 25 حزيران/يونيو 1992)</subfield>
    </datafield>
    <datafield tag="269" ind1=" " ind2=" ">
        <subfield code="a">19920809</subfield>
    </datafield>
    <datafield tag="650" ind1=" " ind2=" ">
        <subfield code="a">STATISTICAL ORGANIZATIONS</subfield>
        <subfield code="0">(DHLAUTH)270224</subfield>
    </datafield>
    <datafield tag="650" ind1=" " ind2=" ">
        <subfield code="a">ADVISORY SERVICES</subfield>
        <subfield code="0">(DHLAUTH)269860</subfield>
    </datafield>
    <datafield tag="650" ind1=" " ind2=" ">
        <subfield code="a">REGIONAL COMMISSIONS</subfield>
        <subfield code="0">(DHLAUTH)269969</subfield>
    </datafield>
    <datafield tag="650" ind1=" " ind2=" ">
        <subfield code="a">JORDAN</subfield>
        <subfield code="0">(DHLAUTH)269099</subfield>
    </datafield>
</record>
<record>
    <datafield tag="191" ind1=" " ind2=" ">
        <subfield code="a">E/ESCWA/STAT/1992/14</subfield>
    </datafield>
    <datafield tag="246" ind1=" " ind2=" ">
        <subfield code="a">تقرير عن المهمة الاستشارية الى وزارة المواصلات الرياض، المملكة العربية السعودية (خلال الفترة من 10 الى 28 ايار/مايو 1992)</subfield>
    </datafield>
    <datafield tag="269" ind1=" " ind2=" ">
        <subfield code="a">19920601</subfield>
    </datafield>
    <datafield tag="650" ind1=" " ind2=" ">
        <subfield code="a">TELECOMMUNICATIONS</subfield>
        <subfield code="0">(DHLAUTH)272452</subfield>
    </datafield>
    <datafield tag="650" ind1=" " ind2=" ">
        <subfield code="a">TRANSPORT</subfield>
        <subfield code="0">(DHLAUTH)272243</subfield>
    </datafield>
    <datafield tag="650" ind1=" " ind2=" ">
        <subfield code="a">SAUDI ARABIA</subfield>
        <subfield code="0">(DHLAUTH)273464</subfield>
    </datafield>
    <datafield tag="650" ind1=" " ind2=" ">
        <subfield code="a">ADVISORY SERVICES</subfield>
        <subfield code="0">(DHLAUTH)269860</subfield>
    </datafield>
    <datafield tag="650" ind1=" " ind2=" ">
        <subfield code="a">REGIONAL COMMISSIONS</subfield>
        <subfield code="0">(DHLAUTH)269969</subfield>
    </datafield>
</record>
<record>
    <datafield tag="191" ind1=" " ind2=" ">
        <subfield code="a">E/ESCWA/STAT/1992/15</subfield>
    </datafield>
    <datafield tag="246" ind1=" " ind2=" ">
        <subfield code="a">الحسابات القومية بالاسعار الثابتة المجلد الثاني</subfield>
    </datafield>
    <datafield tag="269" ind1=" " ind2=" ">
        <subfield code="a">19920906</subfield>
    </datafield>
    <datafield tag="650" ind1=" " ind2=" ">
        <subfield code="a">WESTERN ASIA</subfield>
        <subfield code="0">(DHLAUTH)275490</subfield>
    </datafield>
    <datafield tag="650" ind1=" " ind2=" ">
        <subfield code="a">NATIONAL ACCOUNTS</subfield>
        <subfield code="0">(DHLAUTH)269651</subfield>
    </datafield>
    <datafield tag="650" ind1=" " ind2=" ">
        <subfield code="a">PRICE AND QUANTITY STATISTICS</subfield>
        <subfield code="0">(DHLAUTH)270198</subfield>
    </datafield>
    <datafield tag="650" ind1=" " ind2=" ">
        <subfield code="a">STATISTICAL DATA</subfield>
        <subfield code="0">(DHLAUTH)270233</subfield>
    </datafield>
    <datafield tag="650" ind1=" " ind2=" ">
        <subfield code="a">STATISTICAL METHODOLOGY</subfield>
        <subfield code="0">(DHLAUTH)269635</subfield>
    </datafield>
    <datafield tag="650" ind1=" " ind2=" ">
        <subfield code="a">INDEX NUMBERS</subfield>
        <subfield code="0">(DHLAUTH)269641</subfield>
    </datafield>
    <datafield tag="650" ind1=" " ind2=" ">
        <subfield code="a">PRICES</subfield>
        <subfield code="0">(DHLAUTH)269707</subfield>
    </datafield>
    <datafield tag="650" ind1=" " ind2=" ">
        <subfield code="a">GROSS DOMESTIC PRODUCT</subfield>
        <subfield code="0">(DHLAUTH)269801</subfield>
    </datafield>
</record>
<record>
    <datafield tag="191" ind1=" " ind2=" ">
        <subfield code="a">E/ESCWA/STAT/1992/17</subfield>
    </datafield>
    <datafield tag="246" ind1=" " ind2=" ">
        <subfield code="a">تقرير عن المهمة الاستشارية الى جهاز الاحصاء المركزي، صنعاء الجمهورية اليمينة (خلال الفترة من 17 آب/اغسطس الى 4 ايلول/سبتمبر 1992)</subfield>
    </datafield>
    <datafield tag="269" ind1=" " ind2=" ">
        <subfield code="a">19921014</subfield>
    </datafield>
    <datafield tag="650" ind1=" " ind2=" ">
        <subfield code="a">ADVISORY SERVICES</subfield>
        <subfield code="0">(DHLAUTH)269860</subfield>
    </datafield>
    <datafield tag="650" ind1=" " ind2=" ">
        <subfield code="a">STATISTICAL ORGANIZATIONS</subfield>
        <subfield code="0">(DHLAUTH)270224</subfield>
    </datafield>
    <datafield tag="650" ind1=" " ind2=" ">
        <subfield code="a">YEMEN</subfield>
        <subfield code="0">(DHLAUTH)273521</subfield>
    </datafield>
</record>
<record>
    <datafield tag="191" ind1=" " ind2=" ">
        <subfield code="a">E/ESCWA/STAT/1992/2</subfield>
    </datafield>
    <datafield tag="246" ind1=" " ind2=" ">
        <subfield code="a">تقرير حول تصميم عينة مسح دخل نفقات الاسرة في الجمهورية اليمنية لعام 1992</subfield>
    </datafield>
    <datafield tag="269" ind1=" " ind2=" ">
        <subfield code="a">19920326</subfield>
    </datafield>
    <datafield tag="650" ind1=" " ind2=" ">
        <subfield code="a">COST OF LIVING</subfield>
        <subfield code="0">(DHLAUTH)269734</subfield>
    </datafield>
    <datafield tag="650" ind1=" " ind2=" ">
        <subfield code="a">FAMILY INCOME</subfield>
        <subfield code="0">(DHLAUTH)269804</subfield>
    </datafield>
    <datafield tag="650" ind1=" " ind2=" ">
        <subfield code="a">YEMEN</subfield>
        <subfield code="0">(DHLAUTH)273521</subfield>
    </datafield>
</record>
<record>
    <datafield tag="191" ind1=" " ind2=" ">
        <subfield code="a">E/ESCWA/STAT/1992/21</subfield>
    </datafield>
    <datafield tag="246" ind1=" " ind2=" ">
        <subfield code="a">حوسبة السجلات المدنية المنافع والتكاليف</subfield>
    </datafield>
    <datafield tag="269" ind1=" " ind2=" ">
        <subfield code="a">19921126</subfield>
    </datafield>
    <datafield tag="650" ind1=" " ind2=" ">
        <subfield code="a">CIVIL REGISTRATION</subfield>
        <subfield code="0">(DHLAUTH)272946</subfield>
    </datafield>
    <datafield tag="650" ind1=" " ind2=" ">
        <subfield code="a">WESTERN ASIA</subfield>
        <subfield code="0">(DHLAUTH)275490</subfield>
    </datafield>
    <datafield tag="650" ind1=" " ind2=" ">
        <subfield code="a">COMPUTERS</subfield>
        <subfield code="0">(DHLAUTH)271865</subfield>
    </datafield>
    <datafield tag="650" ind1=" " ind2=" ">
        <subfield code="a">COSTS</subfield>
        <subfield code="0">(DHLAUTH)269595</subfield>
    </datafield>
</record>
<record>
    <datafield tag="191" ind1=" " ind2=" ">
        <subfield code="a">E/ESCWA/STAT/1992/3</subfield>
    </datafield>
    <datafield tag="246" ind1=" " ind2=" ">
        <subfield code="a">تقرير عن المهمة الاستشارية الى الدائرة الاقتصادية - امارة الشارقة دولة الامارات العربية المتحدة (خلال الفترة من 11 الى 17 شباط/فبراير 1992)</subfield>
    </datafield>
    <datafield tag="269" ind1=" " ind2=" ">
        <subfield code="a">19920205</subfield>
    </datafield>
    <datafield tag="650" ind1=" " ind2=" ">
        <subfield code="a">STATISTICS</subfield>
        <subfield code="0">(DHLAUTH)269347</subfield>
    </datafield>
    <datafield tag="650" ind1=" " ind2=" ">
        <subfield code="a">ECONOMIC PLANNING</subfield>
        <subfield code="0">(DHLAUTH)269834</subfield>
    </datafield>
    <datafield tag="650" ind1=" " ind2=" ">
        <subfield code="a">INFORMATION CENTRES</subfield>
        <subfield code="0">(DHLAUTH)275071</subfield>
    </datafield>
    <datafield tag="650" ind1=" " ind2=" ">
        <subfield code="a">PORTS</subfield>
        <subfield code="0">(DHLAUTH)270888</subfield>
    </datafield>
    <datafield tag="650" ind1=" " ind2=" ">
        <subfield code="a">CUSTOMS ADMINISTRATION</subfield>
        <subfield code="0">(DHLAUTH)270033</subfield>
    </datafield>
    <datafield tag="650" ind1=" " ind2=" ">
        <subfield code="a">TRAINING PROGRAMMES</subfield>
        <subfield code="0">(DHLAUTH)274026</subfield>
    </datafield>
    <datafield tag="650" ind1=" " ind2=" ">
        <subfield code="a">SHARJAH (UNITED ARAB EMIRATES)</subfield>
        <subfield code="0">(DHLAUTH)463176</subfield>
    </datafield>
    <datafield tag="650" ind1=" " ind2=" ">
        <subfield code="a">ADVISORY SERVICES</subfield>
        <subfield code="0">(DHLAUTH)269860</subfield>
    </datafield>
</record>
<record>
    <datafield tag="191" ind1=" " ind2=" ">
        <subfield code="a">E/ESCWA/STAT/1992/4</subfield>
    </datafield>
    <datafield tag="246" ind1=" " ind2=" ">
        <subfield code="a">تقرير عن الزيارة الى دائرة البلدية، امارة عجمان، دولة الامارات العربية المتحدة (خلال الفترة من 11 الى 13 آذار/مارس 1992)</subfield>
    </datafield>
    <datafield tag="269" ind1=" " ind2=" ">
        <subfield code="a">19920211</subfield>
    </datafield>
    <datafield tag="650" ind1=" " ind2=" ">
        <subfield code="a">MUNICIPAL GOVERNMENT</subfield>
        <subfield code="0">(DHLAUTH)268415</subfield>
    </datafield>
    <datafield tag="650" ind1=" " ind2=" ">
        <subfield code="a">ADVISORY SERVICES</subfield>
        <subfield code="0">(DHLAUTH)269860</subfield>
    </datafield>
    <datafield tag="650" ind1=" " ind2=" ">
        <subfield code="a">AJMAN (UNITED ARAB EMIRATES)</subfield>
        <subfield code="0">(DHLAUTH)599965</subfield>
    </datafield>
</record>
<record>
    <datafield tag="191" ind1=" " ind2=" ">
        <subfield code="a">E/ESCWA/STAT/1992/5</subfield>
    </datafield>
    <datafield tag="246" ind1=" " ind2=" ">
        <subfield code="a">تقرير عن المهمة الاستشارية الى وزارة المواصلات الرياض، المملكة العربية السعودية خلال الفترة (من 7 - 30 كانون الاول/ديسمبر 1991) (الموافق 1 - 24 جمادى الاخرة 1412 هـ</subfield>
    </datafield>
    <datafield tag="269" ind1=" " ind2=" ">
        <subfield code="a">19920109</subfield>
    </datafield>
    <datafield tag="650" ind1=" " ind2=" ">
        <subfield code="a">TELECOMMUNICATIONS</subfield>
        <subfield code="0">(DHLAUTH)272452</subfield>
    </datafield>
    <datafield tag="650" ind1=" " ind2=" ">
        <subfield code="a">TRANSPORT</subfield>
        <subfield code="0">(DHLAUTH)272243</subfield>
    </datafield>
    <datafield tag="650" ind1=" " ind2=" ">
        <subfield code="a">ADVISORY SERVICES</subfield>
        <subfield code="0">(DHLAUTH)269860</subfield>
    </datafield>
    <datafield tag="650" ind1=" " ind2=" ">
        <subfield code="a">REGIONAL COMMISSIONS</subfield>
        <subfield code="0">(DHLAUTH)269969</subfield>
    </datafield>
    <datafield tag="650" ind1=" " ind2=" ">
        <subfield code="a">SAUDI ARABIA</subfield>
        <subfield code="0">(DHLAUTH)273464</subfield>
    </datafield>
</record>
<record>
    <datafield tag="191" ind1=" " ind2=" ">
        <subfield code="a">E/ESCWA/STAT/1992/6</subfield>
    </datafield>
    <datafield tag="246" ind1=" " ind2=" ">
        <subfield code="a">تقرير حول الزيارة الى مصلحة الاحصاءات العامة، الرياض - المملكة العربية السعودية خلال الفترة (19 كانون الثاني/يناير الى 10 شباط/فبراير 1992)</subfield>
    </datafield>
    <datafield tag="269" ind1=" " ind2=" ">
        <subfield code="a">19920303</subfield>
    </datafield>
    <datafield tag="650" ind1=" " ind2=" ">
        <subfield code="a">STATISTICAL ORGANIZATIONS</subfield>
        <subfield code="0">(DHLAUTH)270224</subfield>
    </datafield>
    <datafield tag="650" ind1=" " ind2=" ">
        <subfield code="a">ADVISORY SERVICES</subfield>
        <subfield code="0">(DHLAUTH)269860</subfield>
    </datafield>
    <datafield tag="650" ind1=" " ind2=" ">
        <subfield code="a">SAUDI ARABIA</subfield>
        <subfield code="0">(DHLAUTH)273464</subfield>
    </datafield>
    <datafield tag="650" ind1=" " ind2=" ">
        <subfield code="a">REGIONAL COMMISSIONS</subfield>
        <subfield code="0">(DHLAUTH)269969</subfield>
    </datafield>
</record>
<record>
    <datafield tag="191" ind1=" " ind2=" ">
        <subfield code="a">E/ESCWA/STAT/1992/7</subfield>
    </datafield>
    <datafield tag="246" ind1=" " ind2=" ">
        <subfield code="a">تقرير عن المهمة الاستشارية الى الدائرة الاقتصادية امارة الشارقة الامارات العربية المتحدة خلال الفترة من 3- 10 شباط/فبراير 1992 </subfield>
    </datafield>
    <datafield tag="269" ind1=" " ind2=" ">
        <subfield code="a">19920303</subfield>
    </datafield>
    <datafield tag="650" ind1=" " ind2=" ">
        <subfield code="a">WESTERN ASIA</subfield>
        <subfield code="0">(DHLAUTH)275490</subfield>
    </datafield>
    <datafield tag="650" ind1=" " ind2=" ">
        <subfield code="a">ADVISORY SERVICES</subfield>
        <subfield code="0">(DHLAUTH)269860</subfield>
    </datafield>
    <datafield tag="650" ind1=" " ind2=" ">
        <subfield code="a">DATA PROCESSING</subfield>
        <subfield code="0">(DHLAUTH)272727</subfield>
    </datafield>
    <datafield tag="650" ind1=" " ind2=" ">
        <subfield code="a">DATA PROCESSING SERVICES</subfield>
        <subfield code="0">(DHLAUTH)275236</subfield>
    </datafield>
    <datafield tag="650" ind1=" " ind2=" ">
        <subfield code="a">DATA BANKS</subfield>
        <subfield code="0">(DHLAUTH)275123</subfield>
    </datafield>
    <datafield tag="650" ind1=" " ind2=" ">
        <subfield code="a">UNITED ARAB EMIRATES</subfield>
        <subfield code="0">(DHLAUTH)275604</subfield>
    </datafield>
    <datafield tag="650" ind1=" " ind2=" ">
        <subfield code="a">INFORMATION SOURCES</subfield>
        <subfield code="0">(DHLAUTH)275147</subfield>
    </datafield>
</record>
<record>
    <datafield tag="191" ind1=" " ind2=" ">
        <subfield code="a">E/ESCWA/STAT/1992/8</subfield>
    </datafield>
    <datafield tag="246" ind1=" " ind2=" ">
        <subfield code="a">تقرير عن الزيارة الاستطلاعية للمهمة الاستشارية الى وزارة الصناعة والكهرباء الرياض المملكة العربية السعودية خلال الفترة من 25 كانون الاول /ديسمبر 1991</subfield>
    </datafield>
    <datafield tag="269" ind1=" " ind2=" ">
        <subfield code="a">19920105</subfield>
    </datafield>
    <datafield tag="650" ind1=" " ind2=" ">
        <subfield code="a">WESTERN ASIA</subfield>
        <subfield code="0">(DHLAUTH)275490</subfield>
    </datafield>
    <datafield tag="650" ind1=" " ind2=" ">
        <subfield code="a">ADVISORY SERVICES</subfield>
        <subfield code="0">(DHLAUTH)269860</subfield>
    </datafield>
    <datafield tag="650" ind1=" " ind2=" ">
        <subfield code="a">TRAINING PROGRAMMES</subfield>
        <subfield code="0">(DHLAUTH)274026</subfield>
    </datafield>
    <datafield tag="650" ind1=" " ind2=" ">
        <subfield code="a">SAUDI ARABIA</subfield>
        <subfield code="0">(DHLAUTH)273464</subfield>
    </datafield>
    <datafield tag="650" ind1=" " ind2=" ">
        <subfield code="a">TECHNICAL TRAINING</subfield>
        <subfield code="0">(DHLAUTH)271971</subfield>
    </datafield>
</record>
<record>
    <datafield tag="191" ind1=" " ind2=" ">
        <subfield code="a">E/ESCWA/STAT/1992/9</subfield>
    </datafield>
    <datafield tag="191" ind1=" " ind2=" ">
        <subfield code="a">E/ESCWA/ENR/1992/10</subfield>
    </datafield>
    <datafield tag="246" ind1=" " ind2=" ">
        <subfield code="a">تقرير عن المهمة الاستشارية الى جامعة قطر خلال الفترة 16 شباط/ فبراير -2 اذار/مارس 1992</subfield>
    </datafield>
    <datafield tag="269" ind1=" " ind2=" ">
        <subfield code="a">19920324</subfield>
    </datafield>
    <datafield tag="650" ind1=" " ind2=" ">
        <subfield code="a">ADVISORY SERVICES</subfield>
        <subfield code="0">(DHLAUTH)269860</subfield>
    </datafield>
    <datafield tag="650" ind1=" " ind2=" ">
        <subfield code="a">STATISTICS</subfield>
        <subfield code="0">(DHLAUTH)269347</subfield>
    </datafield>
    <datafield tag="650" ind1=" " ind2=" ">
        <subfield code="a">RESEARCH</subfield>
        <subfield code="0">(DHLAUTH)268941</subfield>
    </datafield>
    <datafield tag="650" ind1=" " ind2=" ">
        <subfield code="a">NATIONAL ACCOUNTS</subfield>
        <subfield code="0">(DHLAUTH)269651</subfield>
    </datafield>
    <datafield tag="650" ind1=" " ind2=" ">
        <subfield code="a">COMPUTERS</subfield>
        <subfield code="0">(DHLAUTH)271865</subfield>
    </datafield>
    <datafield tag="650" ind1=" " ind2=" ">
        <subfield code="a">DATA PROCESSING</subfield>
        <subfield code="0">(DHLAUTH)272727</subfield>
    </datafield>
    <datafield tag="650" ind1=" " ind2=" ">
        <subfield code="a">QATAR</subfield>
        <subfield code="0">(DHLAUTH)275603</subfield>
    </datafield>
    <datafield tag="650" ind1=" " ind2=" ">
        <subfield code="a">WESTERN ASIA</subfield>
        <subfield code="0">(DHLAUTH)275490</subfield>
    </datafield>
    <datafield tag="650" ind1=" " ind2=" ">
        <subfield code="a">DATA PROCESSING SERVICES</subfield>
        <subfield code="0">(DHLAUTH)275236</subfield>
    </datafield>
    <datafield tag="650" ind1=" " ind2=" ">
        <subfield code="a">NATURAL RESOURCES</subfield>
        <subfield code="0">(DHLAUTH)270548</subfield>
    </datafield>
</record>
<record>
    <datafield tag="191" ind1=" " ind2=" ">
        <subfield code="a">E/ESCWA/STAT/1993/11</subfield>
    </datafield>
    <datafield tag="246" ind1=" " ind2=" ">
        <subfield code="a">واقع التسجيل المدني والاحصاءات الحيوية في دول منطقة الاسكوا وتوصيات تطويرها</subfield>
    </datafield>
    <datafield tag="269" ind1=" " ind2=" ">
        <subfield code="a">19930523</subfield>
    </datafield>
    <datafield tag="650" ind1=" " ind2=" ">
        <subfield code="a">WESTERN ASIA</subfield>
        <subfield code="0">(DHLAUTH)275490</subfield>
    </datafield>
    <datafield tag="650" ind1=" " ind2=" ">
        <subfield code="a">CIVIL REGISTRATION</subfield>
        <subfield code="0">(DHLAUTH)272946</subfield>
    </datafield>
    <datafield tag="650" ind1=" " ind2=" ">
        <subfield code="a">BAHRAIN</subfield>
        <subfield code="0">(DHLAUTH)273274</subfield>
    </datafield>
    <datafield tag="650" ind1=" " ind2=" ">
        <subfield code="a">VITAL STATISTICS</subfield>
        <subfield code="0">(DHLAUTH)272947</subfield>
    </datafield>
    <datafield tag="650" ind1=" " ind2=" ">
        <subfield code="a">EGYPT</subfield>
        <subfield code="0">(DHLAUTH)273328</subfield>
    </datafield>
    <datafield tag="650" ind1=" " ind2=" ">
        <subfield code="a">IRAQ</subfield>
        <subfield code="0">(DHLAUTH)273370</subfield>
    </datafield>
    <datafield tag="650" ind1=" " ind2=" ">
        <subfield code="a">JORDAN</subfield>
        <subfield code="0">(DHLAUTH)269099</subfield>
    </datafield>
    <datafield tag="650" ind1=" " ind2=" ">
        <subfield code="a">QATAR</subfield>
        <subfield code="0">(DHLAUTH)275603</subfield>
    </datafield>
    <datafield tag="650" ind1=" " ind2=" ">
        <subfield code="a">SYRIAN ARAB REPUBLIC</subfield>
        <subfield code="0">(DHLAUTH)273496</subfield>
    </datafield>
    <datafield tag="650" ind1=" " ind2=" ">
        <subfield code="a">MORTALITY STATISTICS</subfield>
        <subfield code="0">(DHLAUTH)273088</subfield>
    </datafield>
    <datafield tag="650" ind1=" " ind2=" ">
        <subfield code="a">MARRIAGE STATISTICS</subfield>
        <subfield code="0">(DHLAUTH)273004</subfield>
    </datafield>
    <datafield tag="650" ind1=" " ind2=" ">
        <subfield code="a">DIVORCE STATISTICS</subfield>
        <subfield code="0">(DHLAUTH)273003</subfield>
    </datafield>
    <datafield tag="650" ind1=" " ind2=" ">
        <subfield code="a">BIRTH STATISTICS</subfield>
        <subfield code="0">(DHLAUTH)273144</subfield>
    </datafield>
    <datafield tag="650" ind1=" " ind2=" ">
        <subfield code="a">KUWAIT</subfield>
        <subfield code="0">(DHLAUTH)273384</subfield>
    </datafield>
</record>
<record>
    <datafield tag="191" ind1=" " ind2=" ">
        <subfield code="a">E/ESCWA/STAT/1994/7/ADD.7</subfield>
    </datafield>
    <datafield tag="191" ind1=" " ind2=" ">
        <subfield code="a">E/ESCWA/STAT/1993/WG.1/25</subfield>
    </datafield>
    <datafield tag="246" ind1=" " ind2=" ">
        <subfield code="a">استخدامات الاحصاءات الحيوية في التحليل الديمغرافي </subfield>
    </datafield>
    <datafield tag="269" ind1=" " ind2=" ">
        <subfield code="a">19941123</subfield>
    </datafield>
    <datafield tag="650" ind1=" " ind2=" ">
        <subfield code="a">WESTERN ASIA</subfield>
        <subfield code="0">(DHLAUTH)275490</subfield>
    </datafield>
    <datafield tag="650" ind1=" " ind2=" ">
        <subfield code="a">CONFERENCES</subfield>
        <subfield code="0">(DHLAUTH)275758</subfield>
    </datafield>
    <datafield tag="650" ind1=" " ind2=" ">
        <subfield code="a">VITAL STATISTICS</subfield>
        <subfield code="0">(DHLAUTH)272947</subfield>
    </datafield>
    <datafield tag="650" ind1=" " ind2=" ">
        <subfield code="a">DEMOGRAPHIC ANALYSIS</subfield>
        <subfield code="0">(DHLAUTH)272979</subfield>
    </datafield>
    <datafield tag="650" ind1=" " ind2=" ">
        <subfield code="a">POPULATION PROJECTIONS</subfield>
        <subfield code="0">(DHLAUTH)272997</subfield>
    </datafield>
    <datafield tag="650" ind1=" " ind2=" ">
        <subfield code="a">HEALTH STATISTICS</subfield>
        <subfield code="0">(DHLAUTH)273689</subfield>
    </datafield>
    <datafield tag="650" ind1=" " ind2=" ">
        <subfield code="a">CIVIL REGISTRATION</subfield>
        <subfield code="0">(DHLAUTH)272946</subfield>
    </datafield>
    <datafield tag="650" ind1=" " ind2=" ">
        <subfield code="a">SOCIAL INDICATORS</subfield>
        <subfield code="0">(DHLAUTH)269644</subfield>
    </datafield>
</record>
<record>
    <datafield tag="191" ind1=" " ind2=" ">
        <subfield code="a">E/ESCWA/STAT/1993/WG.1/286</subfield>
    </datafield>
    <datafield tag="246" ind1=" " ind2=" ">
        <subfield code="a">الالتزام بالبرنامج الوطني لتحسين الاحصاءات الحيوية ونظام تسجيل الاحوال المدنية</subfield>
    </datafield>
    <datafield tag="269" ind1=" " ind2=" ">
        <subfield code="a">19941123</subfield>
    </datafield>
    <datafield tag="650" ind1=" " ind2=" ">
        <subfield code="a">WESTERN ASIA</subfield>
        <subfield code="0">(DHLAUTH)275490</subfield>
    </datafield>
    <datafield tag="650" ind1=" " ind2=" ">
        <subfield code="a">CONFERENCES</subfield>
        <subfield code="0">(DHLAUTH)275758</subfield>
    </datafield>
    <datafield tag="650" ind1=" " ind2=" ">
        <subfield code="a">VITAL STATISTICS</subfield>
        <subfield code="0">(DHLAUTH)272947</subfield>
    </datafield>
    <datafield tag="650" ind1=" " ind2=" ">
        <subfield code="a">DEMOGRAPHIC ANALYSIS</subfield>
        <subfield code="0">(DHLAUTH)272979</subfield>
    </datafield>
    <datafield tag="650" ind1=" " ind2=" ">
        <subfield code="a">CIVIL REGISTRATION</subfield>
        <subfield code="0">(DHLAUTH)272946</subfield>
    </datafield>
    <datafield tag="650" ind1=" " ind2=" ">
        <subfield code="a">ARGENTINA</subfield>
        <subfield code="0">(DHLAUTH)273266</subfield>
    </datafield>
</record>
<record>
    <datafield tag="191" ind1=" " ind2=" ">
        <subfield code="a">E/ESCWA/STAT/1994/1</subfield>
    </datafield>
    <datafield tag="246" ind1=" " ind2=" ">
        <subfield code="a">تقرير عن الزيارة الى الجهاز المركزي للاحصاء المنامة دولة البحرين خلال الفترة من 10 -25 كانون الثاني /يناير 1994</subfield>
    </datafield>
    <datafield tag="269" ind1=" " ind2=" ">
        <subfield code="a">19940126</subfield>
    </datafield>
    <datafield tag="650" ind1=" " ind2=" ">
        <subfield code="a">ADVISORY SERVICES</subfield>
        <subfield code="0">(DHLAUTH)269860</subfield>
    </datafield>
    <datafield tag="650" ind1=" " ind2=" ">
        <subfield code="a">HOUSEHOLD EXPENDITURES</subfield>
        <subfield code="0">(DHLAUTH)269741</subfield>
    </datafield>
    <datafield tag="650" ind1=" " ind2=" ">
        <subfield code="a">FAMILY INCOME</subfield>
        <subfield code="0">(DHLAUTH)269804</subfield>
    </datafield>
    <datafield tag="650" ind1=" " ind2=" ">
        <subfield code="a">STATISTICAL METHODOLOGY</subfield>
        <subfield code="0">(DHLAUTH)269635</subfield>
    </datafield>
    <datafield tag="650" ind1=" " ind2=" ">
        <subfield code="a">BAHRAIN</subfield>
        <subfield code="0">(DHLAUTH)273274</subfield>
    </datafield>
    <datafield tag="650" ind1=" " ind2=" ">
        <subfield code="a">WESTERN ASIA</subfield>
        <subfield code="0">(DHLAUTH)275490</subfield>
    </datafield>
    <datafield tag="650" ind1=" " ind2=" ">
        <subfield code="a">STATISTICAL DATA</subfield>
        <subfield code="0">(DHLAUTH)270233</subfield>
    </datafield>
    <datafield tag="650" ind1=" " ind2=" ">
        <subfield code="a">MODEL FORMS</subfield>
        <subfield code="0">(DHLAUTH)269304</subfield>
    </datafield>
</record>
<record>
    <datafield tag="191" ind1=" " ind2=" ">
        <subfield code="a">E/ESCWA/STAT/1994/10</subfield>
    </datafield>
    <datafield tag="246" ind1=" " ind2=" ">
        <subfield code="a">تقرير عن الهمة الاستشارية الى  قسم الاحصاء بكلية الاقتصاد والعلوم السياسية جامعة القاهرة - جمهورية مصر العربية خلال الفترة من 4 - 11 تموز /يوليو 1994 </subfield>
    </datafield>
    <datafield tag="269" ind1=" " ind2=" ">
        <subfield code="a">19940808</subfield>
    </datafield>
    <datafield tag="650" ind1=" " ind2=" ">
        <subfield code="a">ADVISORY SERVICES</subfield>
        <subfield code="0">(DHLAUTH)269860</subfield>
    </datafield>
    <datafield tag="650" ind1=" " ind2=" ">
        <subfield code="a">WESTERN ASIA</subfield>
        <subfield code="0">(DHLAUTH)275490</subfield>
    </datafield>
    <datafield tag="650" ind1=" " ind2=" ">
        <subfield code="a">STATISTICAL SERVICES</subfield>
        <subfield code="0">(DHLAUTH)270225</subfield>
    </datafield>
    <datafield tag="650" ind1=" " ind2=" ">
        <subfield code="a">TECHNICAL TRAINING</subfield>
        <subfield code="0">(DHLAUTH)271971</subfield>
    </datafield>
    <datafield tag="650" ind1=" " ind2=" ">
        <subfield code="a">STUDENTS</subfield>
        <subfield code="0">(DHLAUTH)274118</subfield>
    </datafield>
    <datafield tag="650" ind1=" " ind2=" ">
        <subfield code="a">PARTICIPANTS</subfield>
        <subfield code="0">(DHLAUTH)275785</subfield>
    </datafield>
    <datafield tag="650" ind1=" " ind2=" ">
        <subfield code="a">COMPUTERS</subfield>
        <subfield code="0">(DHLAUTH)271865</subfield>
    </datafield>
    <datafield tag="650" ind1=" " ind2=" ">
        <subfield code="a">SURVEYS</subfield>
        <subfield code="0">(DHLAUTH)269793</subfield>
    </datafield>
    <datafield tag="650" ind1=" " ind2=" ">
        <subfield code="a">GEOGRAPHIC INFORMATION SYSTEMS</subfield>
        <subfield code="0">(DHLAUTH)270489</subfield>
    </datafield>
</record>
<record>
    <datafield tag="191" ind1=" " ind2=" ">
        <subfield code="a">E/ESCWA/STAT/1994/11</subfield>
    </datafield>
    <datafield tag="246" ind1=" " ind2=" ">
        <subfield code="a">تقرير عن الهمة الاستشارية الى المكتب المركزي للاحصاء دمشق - الجمهورية العربية السورية خلال الفترة من 25 تموز /يوليو الى 8 اب/اغسطس 1994</subfield>
    </datafield>
    <datafield tag="269" ind1=" " ind2=" ">
        <subfield code="a">19940823</subfield>
    </datafield>
    <datafield tag="650" ind1=" " ind2=" ">
        <subfield code="a">ADVISORY SERVICES</subfield>
        <subfield code="0">(DHLAUTH)269860</subfield>
    </datafield>
    <datafield tag="650" ind1=" " ind2=" ">
        <subfield code="a">TECHNICAL TRAINING</subfield>
        <subfield code="0">(DHLAUTH)271971</subfield>
    </datafield>
    <datafield tag="650" ind1=" " ind2=" ">
        <subfield code="a">STATISTICAL DATA</subfield>
        <subfield code="0">(DHLAUTH)270233</subfield>
    </datafield>
    <datafield tag="650" ind1=" " ind2=" ">
        <subfield code="a">WESTERN ASIA</subfield>
        <subfield code="0">(DHLAUTH)275490</subfield>
    </datafield>
    <datafield tag="650" ind1=" " ind2=" ">
        <subfield code="a">SYRIAN ARAB REPUBLIC</subfield>
        <subfield code="0">(DHLAUTH)273496</subfield>
    </datafield>
    <datafield tag="650" ind1=" " ind2=" ">
        <subfield code="a">STATISTICAL CLASSIFICATIONS</subfield>
        <subfield code="0">(DHLAUTH)270220</subfield>
    </datafield>
    <datafield tag="650" ind1=" " ind2=" ">
        <subfield code="a">CENSUSES</subfield>
        <subfield code="0">(DHLAUTH)270173</subfield>
    </datafield>
</record>
<record>
    <datafield tag="191" ind1=" " ind2=" ">
        <subfield code="a">E/ESCWA/STAT/1994/12</subfield>
    </datafield>
    <datafield tag="246" ind1=" " ind2=" ">
        <subfield code="a">تقرير عن الهمة الاستشارية الى وزارة العمل والشؤون الاجتماعية المنامة دولة البحرين خلال الفترة من 6 حزيران/يونيو الى 5 تموز / يوليو 1994</subfield>
    </datafield>
    <datafield tag="269" ind1=" " ind2=" ">
        <subfield code="a">19940824</subfield>
    </datafield>
    <datafield tag="650" ind1=" " ind2=" ">
        <subfield code="a">ADVISORY SERVICES</subfield>
        <subfield code="0">(DHLAUTH)269860</subfield>
    </datafield>
    <datafield tag="650" ind1=" " ind2=" ">
        <subfield code="a">TECHNICAL TRAINING</subfield>
        <subfield code="0">(DHLAUTH)271971</subfield>
    </datafield>
    <datafield tag="650" ind1=" " ind2=" ">
        <subfield code="a">STATISTICAL DATA</subfield>
        <subfield code="0">(DHLAUTH)270233</subfield>
    </datafield>
    <datafield tag="650" ind1=" " ind2=" ">
        <subfield code="a">WESTERN ASIA</subfield>
        <subfield code="0">(DHLAUTH)275490</subfield>
    </datafield>
    <datafield tag="650" ind1=" " ind2=" ">
        <subfield code="a">TRANSPORT STATISTICS</subfield>
        <subfield code="0">(DHLAUTH)270202</subfield>
    </datafield>
    <datafield tag="650" ind1=" " ind2=" ">
        <subfield code="a">SOCIAL INDICATORS</subfield>
        <subfield code="0">(DHLAUTH)269644</subfield>
    </datafield>
    <datafield tag="650" ind1=" " ind2=" ">
        <subfield code="a">DATA ANALYSIS</subfield>
        <subfield code="0">(DHLAUTH)275260</subfield>
    </datafield>
    <datafield tag="650" ind1=" " ind2=" ">
        <subfield code="a">BAHRAIN</subfield>
        <subfield code="0">(DHLAUTH)273274</subfield>
    </datafield>
    <datafield tag="650" ind1=" " ind2=" ">
        <subfield code="a">SOCIAL RESEARCH</subfield>
        <subfield code="0">(DHLAUTH)269376</subfield>
    </datafield>
    <datafield tag="650" ind1=" " ind2=" ">
        <subfield code="a">PERIODICALS</subfield>
        <subfield code="0">(DHLAUTH)275063</subfield>
    </datafield>
</record>
<record>
    <datafield tag="191" ind1=" " ind2=" ">
        <subfield code="a">E/ESCWA/STAT/1994/13</subfield>
    </datafield>
    <datafield tag="245" ind1=" " ind2=" ">
        <subfield code="a">EXTERNAL TRADE BULLETIN OF THE ESCWA REGION, SEVENTH ISSUE = نشرة التجارة الخارجية لمنطقة اللجنة الاقتصادية والاجتماعية لغربي آسيا، العدد السابع</subfield>
    </datafield>
    <datafield tag="269" ind1=" " ind2=" ">
        <subfield code="a">19940401</subfield>
    </datafield>
    <datafield tag="650" ind1=" " ind2=" ">
        <subfield code="a">TRADE STATISTICS</subfield>
        <subfield code="0">(DHLAUTH)270201</subfield>
    </datafield>
    <datafield tag="650" ind1=" " ind2=" ">
        <subfield code="a">EXPORTS</subfield>
        <subfield code="0">(DHLAUTH)271798</subfield>
    </datafield>
    <datafield tag="650" ind1=" " ind2=" ">
        <subfield code="a">IMPORTS</subfield>
        <subfield code="0">(DHLAUTH)272827</subfield>
    </datafield>
    <datafield tag="650" ind1=" " ind2=" ">
        <subfield code="a">INTRAREGIONAL TRADE</subfield>
        <subfield code="0">(DHLAUTH)269769</subfield>
    </datafield>
    <datafield tag="650" ind1=" " ind2=" ">
        <subfield code="a">WESTERN ASIA</subfield>
        <subfield code="0">(DHLAUTH)275490</subfield>
    </datafield>
    <datafield tag="650" ind1=" " ind2=" ">
        <subfield code="a">STATISTICAL DATA</subfield>
        <subfield code="0">(DHLAUTH)270233</subfield>
    </datafield>
</record>
<record>
    <datafield tag="191" ind1=" " ind2=" ">
        <subfield code="a">E/ESCWA/STAT/1994/14</subfield>
    </datafield>
    <datafield tag="245" ind1=" " ind2=" ">
        <subfield code="a">دراسات الحسابات القومية لمنطقة اللجنة الاقتصادية والاجتماعية لغربي آسيا، النشرة الرابعة عشرة = NATIONAL ACCOUNTS STUDIES OF THE ESCWA REGION, BULLETIN NO. 14</subfield>
    </datafield>
    <datafield tag="269" ind1=" " ind2=" ">
        <subfield code="a">19940401</subfield>
    </datafield>
    <datafield tag="650" ind1=" " ind2=" ">
        <subfield code="a">NATIONAL ACCOUNTS</subfield>
        <subfield code="0">(DHLAUTH)269651</subfield>
    </datafield>
    <datafield tag="650" ind1=" " ind2=" ">
        <subfield code="a">STATISTICAL DATA</subfield>
        <subfield code="0">(DHLAUTH)270233</subfield>
    </datafield>
    <datafield tag="650" ind1=" " ind2=" ">
        <subfield code="a">WESTERN ASIA</subfield>
        <subfield code="0">(DHLAUTH)275490</subfield>
    </datafield>
    <datafield tag="650" ind1=" " ind2=" ">
        <subfield code="a">SERIAL PUBLICATIONS</subfield>
        <subfield code="0">(DHLAUTH)275065</subfield>
    </datafield>
</record>
<record>
    <datafield tag="191" ind1=" " ind2=" ">
        <subfield code="a">E/ESCWA/STAT/1994/16</subfield>
    </datafield>
    <datafield tag="245" ind1=" " ind2=" ">
        <subfield code="a">LABOUR FORCE STATISTICS DATABASES USER REFERENCE MANUAL</subfield>
    </datafield>
    <datafield tag="269" ind1=" " ind2=" ">
        <subfield code="a">19940712</subfield>
    </datafield>
    <datafield tag="650" ind1=" " ind2=" ">
        <subfield code="a">DATABASES</subfield>
        <subfield code="0">(DHLAUTH)275124</subfield>
    </datafield>
    <datafield tag="650" ind1=" " ind2=" ">
        <subfield code="a">LABOUR STATISTICS</subfield>
        <subfield code="0">(DHLAUTH)274202</subfield>
    </datafield>
    <datafield tag="650" ind1=" " ind2=" ">
        <subfield code="a">WESTERN ASIA</subfield>
        <subfield code="0">(DHLAUTH)275490</subfield>
    </datafield>
    <datafield tag="650" ind1=" " ind2=" ">
        <subfield code="a">MANUALS</subfield>
        <subfield code="0">(DHLAUTH)274980</subfield>
    </datafield>
</record>
<record>
    <datafield tag="191" ind1=" " ind2=" ">
        <subfield code="a">E/ESCWA/STAT/1994/16/REV.1</subfield>
    </datafield>
    <datafield tag="245" ind1=" " ind2=" ">
        <subfield code="a">LABOUR FORCE STATISTICS DATABASE LFSD USER REFERENCE MANUAL</subfield>
    </datafield>
    <datafield tag="269" ind1=" " ind2=" ">
        <subfield code="a">19940609</subfield>
    </datafield>
    <datafield tag="650" ind1=" " ind2=" ">
        <subfield code="a">DATABASES</subfield>
        <subfield code="0">(DHLAUTH)275124</subfield>
    </datafield>
    <datafield tag="650" ind1=" " ind2=" ">
        <subfield code="a">LABOUR STATISTICS</subfield>
        <subfield code="0">(DHLAUTH)274202</subfield>
    </datafield>
    <datafield tag="650" ind1=" " ind2=" ">
        <subfield code="a">WESTERN ASIA</subfield>
        <subfield code="0">(DHLAUTH)275490</subfield>
    </datafield>
    <datafield tag="650" ind1=" " ind2=" ">
        <subfield code="a">MANUALS</subfield>
        <subfield code="0">(DHLAUTH)274980</subfield>
    </datafield>
</record>
<record>
    <datafield tag="191" ind1=" " ind2=" ">
        <subfield code="a">E/ESCWA/STAT/1994/2</subfield>
    </datafield>
    <datafield tag="246" ind1=" " ind2=" ">
        <subfield code="a">تقرير عن المهمة الاستشارية الى الجهاز المركزي للاحصاء صنعاء الجمهورية اليمنية خلال الفترة من 16 كانون الثاني /يناير-3 شباط/فبراير1994</subfield>
    </datafield>
    <datafield tag="269" ind1=" " ind2=" ">
        <subfield code="a">19940217</subfield>
    </datafield>
    <datafield tag="650" ind1=" " ind2=" ">
        <subfield code="a">ADVISORY SERVICES</subfield>
        <subfield code="0">(DHLAUTH)269860</subfield>
    </datafield>
    <datafield tag="650" ind1=" " ind2=" ">
        <subfield code="a">HOUSEHOLD EXPENDITURES</subfield>
        <subfield code="0">(DHLAUTH)269741</subfield>
    </datafield>
    <datafield tag="650" ind1=" " ind2=" ">
        <subfield code="a">FAMILY INCOME</subfield>
        <subfield code="0">(DHLAUTH)269804</subfield>
    </datafield>
    <datafield tag="650" ind1=" " ind2=" ">
        <subfield code="a">STATISTICAL METHODOLOGY</subfield>
        <subfield code="0">(DHLAUTH)269635</subfield>
    </datafield>
    <datafield tag="650" ind1=" " ind2=" ">
        <subfield code="a">BAHRAIN</subfield>
        <subfield code="0">(DHLAUTH)273274</subfield>
    </datafield>
    <datafield tag="650" ind1=" " ind2=" ">
        <subfield code="a">WESTERN ASIA</subfield>
        <subfield code="0">(DHLAUTH)275490</subfield>
    </datafield>
    <datafield tag="650" ind1=" " ind2=" ">
        <subfield code="a">STATISTICAL DATA</subfield>
        <subfield code="0">(DHLAUTH)270233</subfield>
    </datafield>
    <datafield tag="650" ind1=" " ind2=" ">
        <subfield code="a">MODEL FORMS</subfield>
        <subfield code="0">(DHLAUTH)269304</subfield>
    </datafield>
    <datafield tag="650" ind1=" " ind2=" ">
        <subfield code="a">FAMILY BUDGET</subfield>
        <subfield code="0">(DHLAUTH)274124</subfield>
    </datafield>
    <datafield tag="650" ind1=" " ind2=" ">
        <subfield code="a">CONFERENCES</subfield>
        <subfield code="0">(DHLAUTH)275758</subfield>
    </datafield>
    <datafield tag="650" ind1=" " ind2=" ">
        <subfield code="a">POPULATION CENSUSES</subfield>
        <subfield code="0">(DHLAUTH)270178</subfield>
    </datafield>
    <datafield tag="650" ind1=" " ind2=" ">
        <subfield code="a">HOUSING CENSUSES</subfield>
        <subfield code="0">(DHLAUTH)304326</subfield>
    </datafield>
    <datafield tag="650" ind1=" " ind2=" ">
        <subfield code="a">DATA PROCESSING</subfield>
        <subfield code="0">(DHLAUTH)272727</subfield>
    </datafield>
    <datafield tag="650" ind1=" " ind2=" ">
        <subfield code="a">DATA PROCESSING SERVICES</subfield>
        <subfield code="0">(DHLAUTH)275236</subfield>
    </datafield>
    <datafield tag="650" ind1=" " ind2=" ">
        <subfield code="a">YEMEN</subfield>
        <subfield code="0">(DHLAUTH)273521</subfield>
    </datafield>
</record>
<record>
    <datafield tag="191" ind1=" " ind2=" ">
        <subfield code="a">E/ESCWA/STAT/1994/3</subfield>
    </datafield>
    <datafield tag="246" ind1=" " ind2=" ">
        <subfield code="a">تقرير عن المهمة الاستشارية الى وزارة التجارة والصناعة مسقط عمان خلال الفترة من 21 شباط/فبراير-7اذار/مارس199421</subfield>
    </datafield>
    <datafield tag="269" ind1=" " ind2=" ">
        <subfield code="a">19940327</subfield>
    </datafield>
    <datafield tag="650" ind1=" " ind2=" ">
        <subfield code="a">ADVISORY SERVICES</subfield>
        <subfield code="0">(DHLAUTH)269860</subfield>
    </datafield>
    <datafield tag="650" ind1=" " ind2=" ">
        <subfield code="a">STATISTICAL METHODOLOGY</subfield>
        <subfield code="0">(DHLAUTH)269635</subfield>
    </datafield>
    <datafield tag="650" ind1=" " ind2=" ">
        <subfield code="a">WESTERN ASIA</subfield>
        <subfield code="0">(DHLAUTH)275490</subfield>
    </datafield>
    <datafield tag="650" ind1=" " ind2=" ">
        <subfield code="a">STATISTICAL SERVICES</subfield>
        <subfield code="0">(DHLAUTH)270225</subfield>
    </datafield>
    <datafield tag="650" ind1=" " ind2=" ">
        <subfield code="a">ORGANIZATIONAL STRUCTURE</subfield>
        <subfield code="0">(DHLAUTH)272030</subfield>
    </datafield>
    <datafield tag="650" ind1=" " ind2=" ">
        <subfield code="a">MANPOWER</subfield>
        <subfield code="0">(DHLAUTH)273105</subfield>
    </datafield>
    <datafield tag="650" ind1=" " ind2=" ">
        <subfield code="a">DATA BANKS</subfield>
        <subfield code="0">(DHLAUTH)275123</subfield>
    </datafield>
    <datafield tag="650" ind1=" " ind2=" ">
        <subfield code="a">INDUSTRIAL STATISTICS</subfield>
        <subfield code="0">(DHLAUTH)270195</subfield>
    </datafield>
    <datafield tag="650" ind1=" " ind2=" ">
        <subfield code="a">RECOMMENDATIONS</subfield>
        <subfield code="0">(DHLAUTH)275840</subfield>
    </datafield>
    <datafield tag="650" ind1=" " ind2=" ">
        <subfield code="a">AMMAN (JORDAN)</subfield>
        <subfield code="0">(DHLAUTH)276766</subfield>
    </datafield>
</record>
<record>
    <datafield tag="191" ind1=" " ind2=" ">
        <subfield code="a">E/ESCWA/STAT/1994/4</subfield>
    </datafield>
    <datafield tag="246" ind1=" " ind2=" ">
        <subfield code="a">تقرير عن المهمة الاستشارية لدى الجهاز المركزي للاحصاء الدوحة-دولة قطر خلال الفترة من 8-17ايار /مايو1994</subfield>
    </datafield>
    <datafield tag="269" ind1=" " ind2=" ">
        <subfield code="a">19940518</subfield>
    </datafield>
    <datafield tag="650" ind1=" " ind2=" ">
        <subfield code="a">ADVISORY SERVICES</subfield>
        <subfield code="0">(DHLAUTH)269860</subfield>
    </datafield>
    <datafield tag="650" ind1=" " ind2=" ">
        <subfield code="a">FAMILY INCOME</subfield>
        <subfield code="0">(DHLAUTH)269804</subfield>
    </datafield>
    <datafield tag="650" ind1=" " ind2=" ">
        <subfield code="a">WESTERN ASIA</subfield>
        <subfield code="0">(DHLAUTH)275490</subfield>
    </datafield>
    <datafield tag="650" ind1=" " ind2=" ">
        <subfield code="a">NATIONAL ACCOUNTS</subfield>
        <subfield code="0">(DHLAUTH)269651</subfield>
    </datafield>
    <datafield tag="650" ind1=" " ind2=" ">
        <subfield code="a">ECONOMIC SURVEYS</subfield>
        <subfield code="0">(DHLAUTH)269780</subfield>
    </datafield>
    <datafield tag="650" ind1=" " ind2=" ">
        <subfield code="a">INDEX NUMBERS</subfield>
        <subfield code="0">(DHLAUTH)269641</subfield>
    </datafield>
    <datafield tag="650" ind1=" " ind2=" ">
        <subfield code="a">QATAR</subfield>
        <subfield code="0">(DHLAUTH)275603</subfield>
    </datafield>
</record>
<record>
    <datafield tag="191" ind1=" " ind2=" ">
        <subfield code="a">E/ESCWA/STAT/1994/5</subfield>
    </datafield>
    <datafield tag="246" ind1=" " ind2=" ">
        <subfield code="a">تقرير عن المهمة الاستشارية الى قسم الاحصاء بكلية الاقتصاد والعلوم السياسية جامعة القاهرة-جمهورية مصر العربية خلال الفترة من 7-17 نيسان/ابريل 1994  </subfield>
    </datafield>
    <datafield tag="269" ind1=" " ind2=" ">
        <subfield code="a">19940519</subfield>
    </datafield>
    <datafield tag="650" ind1=" " ind2=" ">
        <subfield code="a">ADVISORY SERVICES</subfield>
        <subfield code="0">(DHLAUTH)269860</subfield>
    </datafield>
    <datafield tag="650" ind1=" " ind2=" ">
        <subfield code="a">STATISTICAL METHODOLOGY</subfield>
        <subfield code="0">(DHLAUTH)269635</subfield>
    </datafield>
    <datafield tag="650" ind1=" " ind2=" ">
        <subfield code="a">WESTERN ASIA</subfield>
        <subfield code="0">(DHLAUTH)275490</subfield>
    </datafield>
    <datafield tag="650" ind1=" " ind2=" ">
        <subfield code="a">STATISTICAL SERVICES</subfield>
        <subfield code="0">(DHLAUTH)270225</subfield>
    </datafield>
    <datafield tag="650" ind1=" " ind2=" ">
        <subfield code="a">TECHNICAL TRAINING</subfield>
        <subfield code="0">(DHLAUTH)271971</subfield>
    </datafield>
    <datafield tag="650" ind1=" " ind2=" ">
        <subfield code="a">STUDENTS</subfield>
        <subfield code="0">(DHLAUTH)274118</subfield>
    </datafield>
    <datafield tag="650" ind1=" " ind2=" ">
        <subfield code="a">PARTICIPANTS</subfield>
        <subfield code="0">(DHLAUTH)275785</subfield>
    </datafield>
    <datafield tag="650" ind1=" " ind2=" ">
        <subfield code="a">INFORMATION SYSTEMS</subfield>
        <subfield code="0">(DHLAUTH)272026</subfield>
    </datafield>
    <datafield tag="650" ind1=" " ind2=" ">
        <subfield code="a">COMPUTERS</subfield>
        <subfield code="0">(DHLAUTH)271865</subfield>
    </datafield>
    <datafield tag="650" ind1=" " ind2=" ">
        <subfield code="a">QUESTIONNAIRES</subfield>
        <subfield code="0">(DHLAUTH)272018</subfield>
    </datafield>
</record>
<record>
    <datafield tag="191" ind1=" " ind2=" ">
        <subfield code="a">E/ESCWA/STAT/1994/6</subfield>
    </datafield>
    <datafield tag="246" ind1=" " ind2=" ">
        <subfield code="a">تقرير عن المهمة الاستشارية الى جامعة قطر-دولة قطر خلال الفترة من 8-15 أيار/مايو1994 </subfield>
    </datafield>
    <datafield tag="269" ind1=" " ind2=" ">
        <subfield code="a">19940519</subfield>
    </datafield>
    <datafield tag="650" ind1=" " ind2=" ">
        <subfield code="a">ADVISORY SERVICES</subfield>
        <subfield code="0">(DHLAUTH)269860</subfield>
    </datafield>
    <datafield tag="650" ind1=" " ind2=" ">
        <subfield code="a">WESTERN ASIA</subfield>
        <subfield code="0">(DHLAUTH)275490</subfield>
    </datafield>
    <datafield tag="650" ind1=" " ind2=" ">
        <subfield code="a">QATAR</subfield>
        <subfield code="0">(DHLAUTH)275603</subfield>
    </datafield>
    <datafield tag="650" ind1=" " ind2=" ">
        <subfield code="a">TECHNICAL TRAINING</subfield>
        <subfield code="0">(DHLAUTH)271971</subfield>
    </datafield>
    <datafield tag="650" ind1=" " ind2=" ">
        <subfield code="a">TRAINING PROGRAMMES</subfield>
        <subfield code="0">(DHLAUTH)274026</subfield>
    </datafield>
</record>
<record>
    <datafield tag="191" ind1=" " ind2=" ">
        <subfield code="a">E/ESCWA/STAT/1994/7</subfield>
    </datafield>
    <datafield tag="246" ind1=" " ind2=" ">
        <subfield code="a">وقائع حلقة عمل غربي آسيا بشان اعتماد استراتيجيات للاسراع بتحسين نظم التسجيل المدني والاحصاءات الحيوية 20-24 حزبران /يونيو 1993 دمشق.</subfield>
    </datafield>
    <datafield tag="269" ind1=" " ind2=" ">
        <subfield code="a">19940613</subfield>
    </datafield>
    <datafield tag="650" ind1=" " ind2=" ">
        <subfield code="a">VITAL STATISTICS</subfield>
        <subfield code="0">(DHLAUTH)272947</subfield>
    </datafield>
    <datafield tag="650" ind1=" " ind2=" ">
        <subfield code="a">CIVIL REGISTRATION</subfield>
        <subfield code="0">(DHLAUTH)272946</subfield>
    </datafield>
    <datafield tag="650" ind1=" " ind2=" ">
        <subfield code="a">RECOMMENDATIONS</subfield>
        <subfield code="0">(DHLAUTH)275840</subfield>
    </datafield>
    <datafield tag="650" ind1=" " ind2=" ">
        <subfield code="a">STATISTICAL SERVICES</subfield>
        <subfield code="0">(DHLAUTH)270225</subfield>
    </datafield>
    <datafield tag="650" ind1=" " ind2=" ">
        <subfield code="a">WESTERN ASIA</subfield>
        <subfield code="0">(DHLAUTH)275490</subfield>
    </datafield>
    <datafield tag="650" ind1=" " ind2=" ">
        <subfield code="a">CONFERENCES</subfield>
        <subfield code="0">(DHLAUTH)275758</subfield>
    </datafield>
</record>
<record>
    <datafield tag="191" ind1=" " ind2=" ">
        <subfield code="a">E/ESCWA/STAT/1994/7/ADD.1</subfield>
    </datafield>
    <datafield tag="246" ind1=" " ind2=" ">
        <subfield code="a">طرق وتقنيات اخرى لجمع بيانات الاحصاءات والمعدلات الحيوية</subfield>
    </datafield>
    <datafield tag="269" ind1=" " ind2=" ">
        <subfield code="a">19941123</subfield>
    </datafield>
    <datafield tag="650" ind1=" " ind2=" ">
        <subfield code="a">WESTERN ASIA</subfield>
        <subfield code="0">(DHLAUTH)275490</subfield>
    </datafield>
    <datafield tag="650" ind1=" " ind2=" ">
        <subfield code="a">VITAL STATISTICS</subfield>
        <subfield code="0">(DHLAUTH)272947</subfield>
    </datafield>
    <datafield tag="650" ind1=" " ind2=" ">
        <subfield code="a">DATA COLLECTION</subfield>
        <subfield code="0">(DHLAUTH)270174</subfield>
    </datafield>
    <datafield tag="650" ind1=" " ind2=" ">
        <subfield code="a">STATISTICAL METHODOLOGY</subfield>
        <subfield code="0">(DHLAUTH)269635</subfield>
    </datafield>
    <datafield tag="650" ind1=" " ind2=" ">
        <subfield code="a">POPULATION CENSUSES</subfield>
        <subfield code="0">(DHLAUTH)270178</subfield>
    </datafield>
    <datafield tag="650" ind1=" " ind2=" ">
        <subfield code="a">HOUSEHOLD SURVEYS</subfield>
        <subfield code="0">(DHLAUTH)270181</subfield>
    </datafield>
    <datafield tag="650" ind1=" " ind2=" ">
        <subfield code="a">SAMPLING</subfield>
        <subfield code="0">(DHLAUTH)270203</subfield>
    </datafield>
    <datafield tag="650" ind1=" " ind2=" ">
        <subfield code="a">ESTIMATION THEORY</subfield>
        <subfield code="0">(DHLAUTH)270204</subfield>
    </datafield>
</record>
<record>
    <datafield tag="191" ind1=" " ind2=" ">
        <subfield code="a">E/ESCWA/STAT/1994/7/ADD.2</subfield>
    </datafield>
    <datafield tag="246" ind1=" " ind2=" ">
        <subfield code="a">استخدام والاحصاءات الحيوية في برامج التنمية الاجتماعية والاقتصادية</subfield>
    </datafield>
    <datafield tag="269" ind1=" " ind2=" ">
        <subfield code="a">19941123</subfield>
    </datafield>
    <datafield tag="650" ind1=" " ind2=" ">
        <subfield code="a">WESTERN ASIA</subfield>
        <subfield code="0">(DHLAUTH)275490</subfield>
    </datafield>
    <datafield tag="650" ind1=" " ind2=" ">
        <subfield code="a">VITAL STATISTICS</subfield>
        <subfield code="0">(DHLAUTH)272947</subfield>
    </datafield>
    <datafield tag="650" ind1=" " ind2=" ">
        <subfield code="a">STATISTICS</subfield>
        <subfield code="0">(DHLAUTH)269347</subfield>
    </datafield>
    <datafield tag="650" ind1=" " ind2=" ">
        <subfield code="a">SOCIAL DEVELOPMENT</subfield>
        <subfield code="0">(DHLAUTH)269873</subfield>
    </datafield>
    <datafield tag="650" ind1=" " ind2=" ">
        <subfield code="a">ECONOMIC DEVELOPMENT</subfield>
        <subfield code="0">(DHLAUTH)269755</subfield>
    </datafield>
</record>
<record>
    <datafield tag="191" ind1=" " ind2=" ">
        <subfield code="a">E/ESCWA/STAT/1994/7/ADD.3</subfield>
    </datafield>
    <datafield tag="246" ind1=" " ind2=" ">
        <subfield code="a">الاحصاءات الحيوية المبنية على السجلات: قضايا ينبغى النظر فيها بعض التجارب الدانمركية</subfield>
    </datafield>
    <datafield tag="269" ind1=" " ind2=" ">
        <subfield code="a">19941123</subfield>
    </datafield>
    <datafield tag="650" ind1=" " ind2=" ">
        <subfield code="a">WESTERN ASIA</subfield>
        <subfield code="0">(DHLAUTH)275490</subfield>
    </datafield>
    <datafield tag="650" ind1=" " ind2=" ">
        <subfield code="a">CONFERENCES</subfield>
        <subfield code="0">(DHLAUTH)275758</subfield>
    </datafield>
    <datafield tag="650" ind1=" " ind2=" ">
        <subfield code="a">VITAL STATISTICS</subfield>
        <subfield code="0">(DHLAUTH)272947</subfield>
    </datafield>
    <datafield tag="650" ind1=" " ind2=" ">
        <subfield code="a">STATISTICAL DATA</subfield>
        <subfield code="0">(DHLAUTH)270233</subfield>
    </datafield>
    <datafield tag="650" ind1=" " ind2=" ">
        <subfield code="a">DATA COLLECTION</subfield>
        <subfield code="0">(DHLAUTH)270174</subfield>
    </datafield>
    <datafield tag="650" ind1=" " ind2=" ">
        <subfield code="a">PUBLIC ADMINISTRATION</subfield>
        <subfield code="0">(DHLAUTH)269881</subfield>
    </datafield>
    <datafield tag="650" ind1=" " ind2=" ">
        <subfield code="a">COMPUTER APPLICATIONS</subfield>
        <subfield code="0">(DHLAUTH)271864</subfield>
    </datafield>
    <datafield tag="650" ind1=" " ind2=" ">
        <subfield code="a">DENMARK</subfield>
        <subfield code="0">(DHLAUTH)273320</subfield>
    </datafield>
</record>
<record>
    <datafield tag="191" ind1=" " ind2=" ">
        <subfield code="a">E/ESCWA/STAT/1994/7/ADD.4</subfield>
    </datafield>
    <datafield tag="246" ind1=" " ind2=" ">
        <subfield code="a">خبرة الدنمارك في مجال حوسبة السجلات المدنية</subfield>
    </datafield>
    <datafield tag="269" ind1=" " ind2=" ">
        <subfield code="a">19941123</subfield>
    </datafield>
    <datafield tag="650" ind1=" " ind2=" ">
        <subfield code="a">WESTERN ASIA</subfield>
        <subfield code="0">(DHLAUTH)275490</subfield>
    </datafield>
    <datafield tag="650" ind1=" " ind2=" ">
        <subfield code="a">DENMARK</subfield>
        <subfield code="0">(DHLAUTH)273320</subfield>
    </datafield>
    <datafield tag="650" ind1=" " ind2=" ">
        <subfield code="a">PUBLIC ADMINISTRATION</subfield>
        <subfield code="0">(DHLAUTH)269881</subfield>
    </datafield>
    <datafield tag="650" ind1=" " ind2=" ">
        <subfield code="a">COMPUTER APPLICATIONS</subfield>
        <subfield code="0">(DHLAUTH)271864</subfield>
    </datafield>
    <datafield tag="650" ind1=" " ind2=" ">
        <subfield code="a">CIVIL REGISTRATION</subfield>
        <subfield code="0">(DHLAUTH)272946</subfield>
    </datafield>
</record>
<record>
    <datafield tag="191" ind1=" " ind2=" ">
        <subfield code="a">E/ESCWA/STAT/1994/7/ADD.5</subfield>
    </datafield>
    <datafield tag="246" ind1=" " ind2=" ">
        <subfield code="a">التكنولوجيا الحديثة لاسترجاع السجلات المدنية وتجهيز الاحصاءات الحيوية</subfield>
    </datafield>
    <datafield tag="269" ind1=" " ind2=" ">
        <subfield code="a">19941123</subfield>
    </datafield>
    <datafield tag="650" ind1=" " ind2=" ">
        <subfield code="a">VITAL STATISTICS</subfield>
        <subfield code="0">(DHLAUTH)272947</subfield>
    </datafield>
    <datafield tag="650" ind1=" " ind2=" ">
        <subfield code="a">NEW TECHNOLOGIES</subfield>
        <subfield code="0">(DHLAUTH)271842</subfield>
    </datafield>
    <datafield tag="650" ind1=" " ind2=" ">
        <subfield code="a">WESTERN ASIA</subfield>
        <subfield code="0">(DHLAUTH)275490</subfield>
    </datafield>
    <datafield tag="650" ind1=" " ind2=" ">
        <subfield code="a">CIVIL REGISTRATION</subfield>
        <subfield code="0">(DHLAUTH)272946</subfield>
    </datafield>
    <datafield tag="650" ind1=" " ind2=" ">
        <subfield code="a">AUTOMATION</subfield>
        <subfield code="0">(DHLAUTH)270184</subfield>
    </datafield>
    <datafield tag="650" ind1=" " ind2=" ">
        <subfield code="a">INDEXING</subfield>
        <subfield code="0">(DHLAUTH)275083</subfield>
    </datafield>
    <datafield tag="650" ind1=" " ind2=" ">
        <subfield code="a">COMPUTER APPLICATIONS</subfield>
        <subfield code="0">(DHLAUTH)271864</subfield>
    </datafield>
    <datafield tag="650" ind1=" " ind2=" ">
        <subfield code="a">INFORMATION MANAGEMENT</subfield>
        <subfield code="0">(DHLAUTH)275145</subfield>
    </datafield>
    <datafield tag="650" ind1=" " ind2=" ">
        <subfield code="a">INFORMATION SYSTEMS</subfield>
        <subfield code="0">(DHLAUTH)272026</subfield>
    </datafield>
    <datafield tag="650" ind1=" " ind2=" ">
        <subfield code="a">INFORMATION RETRIEVAL</subfield>
        <subfield code="0">(DHLAUTH)275102</subfield>
    </datafield>
</record>
<record>
    <datafield tag="191" ind1=" " ind2=" ">
        <subfield code="a">E/ESCWA/STAT/1994/7/ADD.6</subfield>
    </datafield>
    <datafield tag="246" ind1=" " ind2=" ">
        <subfield code="a">استخدام السجلات والاحوال المدنية والاحصاءات الحيوية في خدمات والبرامج الصحية</subfield>
    </datafield>
    <datafield tag="269" ind1=" " ind2=" ">
        <subfield code="a">19941123</subfield>
    </datafield>
    <datafield tag="650" ind1=" " ind2=" ">
        <subfield code="a">WESTERN ASIA</subfield>
        <subfield code="0">(DHLAUTH)275490</subfield>
    </datafield>
    <datafield tag="650" ind1=" " ind2=" ">
        <subfield code="a">CONFERENCES</subfield>
        <subfield code="0">(DHLAUTH)275758</subfield>
    </datafield>
    <datafield tag="650" ind1=" " ind2=" ">
        <subfield code="a">CIVIL REGISTRATION</subfield>
        <subfield code="0">(DHLAUTH)272946</subfield>
    </datafield>
    <datafield tag="650" ind1=" " ind2=" ">
        <subfield code="a">HEALTH SERVICES</subfield>
        <subfield code="0">(DHLAUTH)273200</subfield>
    </datafield>
    <datafield tag="650" ind1=" " ind2=" ">
        <subfield code="a">HEALTH PROGRAMMES</subfield>
        <subfield code="0">(DHLAUTH)273686</subfield>
    </datafield>
</record>
<record>
    <datafield tag="191" ind1=" " ind2=" ">
        <subfield code="a">E/ESCWA/STAT/1994/7/ADD.7</subfield>
    </datafield>
    <datafield tag="191" ind1=" " ind2=" ">
        <subfield code="a">E/ESCWA/STAT/1993/WG.1/25</subfield>
    </datafield>
    <datafield tag="246" ind1=" " ind2=" ">
        <subfield code="a">استخدامات الاحصاءات الحيوية في التحليل الديمغرافي </subfield>
    </datafield>
    <datafield tag="269" ind1=" " ind2=" ">
        <subfield code="a">19941123</subfield>
    </datafield>
    <datafield tag="650" ind1=" " ind2=" ">
        <subfield code="a">WESTERN ASIA</subfield>
        <subfield code="0">(DHLAUTH)275490</subfield>
    </datafield>
    <datafield tag="650" ind1=" " ind2=" ">
        <subfield code="a">CONFERENCES</subfield>
        <subfield code="0">(DHLAUTH)275758</subfield>
    </datafield>
    <datafield tag="650" ind1=" " ind2=" ">
        <subfield code="a">VITAL STATISTICS</subfield>
        <subfield code="0">(DHLAUTH)272947</subfield>
    </datafield>
    <datafield tag="650" ind1=" " ind2=" ">
        <subfield code="a">DEMOGRAPHIC ANALYSIS</subfield>
        <subfield code="0">(DHLAUTH)272979</subfield>
    </datafield>
    <datafield tag="650" ind1=" " ind2=" ">
        <subfield code="a">POPULATION PROJECTIONS</subfield>
        <subfield code="0">(DHLAUTH)272997</subfield>
    </datafield>
    <datafield tag="650" ind1=" " ind2=" ">
        <subfield code="a">HEALTH STATISTICS</subfield>
        <subfield code="0">(DHLAUTH)273689</subfield>
    </datafield>
    <datafield tag="650" ind1=" " ind2=" ">
        <subfield code="a">CIVIL REGISTRATION</subfield>
        <subfield code="0">(DHLAUTH)272946</subfield>
    </datafield>
    <datafield tag="650" ind1=" " ind2=" ">
        <subfield code="a">SOCIAL INDICATORS</subfield>
        <subfield code="0">(DHLAUTH)269644</subfield>
    </datafield>
</record>
<record>
    <datafield tag="191" ind1=" " ind2=" ">
        <subfield code="a">E/ESCWA/STAT/1994/7/ADD.8</subfield>
    </datafield>
    <datafield tag="246" ind1=" " ind2=" ">
        <subfield code="a">ستخدامات الاحصاءات الحيوية في التحليل الديمغرافي في جمهورية مصر العربية</subfield>
    </datafield>
    <datafield tag="269" ind1=" " ind2=" ">
        <subfield code="a">19941123</subfield>
    </datafield>
    <datafield tag="650" ind1=" " ind2=" ">
        <subfield code="a">WESTERN ASIA</subfield>
        <subfield code="0">(DHLAUTH)275490</subfield>
    </datafield>
    <datafield tag="650" ind1=" " ind2=" ">
        <subfield code="a">CONFERENCES</subfield>
        <subfield code="0">(DHLAUTH)275758</subfield>
    </datafield>
    <datafield tag="650" ind1=" " ind2=" ">
        <subfield code="a">VITAL STATISTICS</subfield>
        <subfield code="0">(DHLAUTH)272947</subfield>
    </datafield>
    <datafield tag="650" ind1=" " ind2=" ">
        <subfield code="a">DEMOGRAPHIC ANALYSIS</subfield>
        <subfield code="0">(DHLAUTH)272979</subfield>
    </datafield>
    <datafield tag="650" ind1=" " ind2=" ">
        <subfield code="a">DATA COLLECTION</subfield>
        <subfield code="0">(DHLAUTH)270174</subfield>
    </datafield>
    <datafield tag="650" ind1=" " ind2=" ">
        <subfield code="a">EGYPT</subfield>
        <subfield code="0">(DHLAUTH)273328</subfield>
    </datafield>
</record>
<record>
    <datafield tag="191" ind1=" " ind2=" ">
        <subfield code="a">E/ESCWA/STAT/1994/8</subfield>
    </datafield>
    <datafield tag="246" ind1=" " ind2=" ">
        <subfield code="a">تقرير عن الهمة الاستشارية الى الادارة المركزية للاحصاء دولة الكويت خلال الفترة من 8 نيسان/ابريل الى 6 ايار/مايو 1994 </subfield>
    </datafield>
    <datafield tag="269" ind1=" " ind2=" ">
        <subfield code="a">19940605</subfield>
    </datafield>
    <datafield tag="650" ind1=" " ind2=" ">
        <subfield code="a">ADVISORY SERVICES</subfield>
        <subfield code="0">(DHLAUTH)269860</subfield>
    </datafield>
    <datafield tag="650" ind1=" " ind2=" ">
        <subfield code="a">TECHNICAL TRAINING</subfield>
        <subfield code="0">(DHLAUTH)271971</subfield>
    </datafield>
    <datafield tag="650" ind1=" " ind2=" ">
        <subfield code="a">WESTERN ASIA</subfield>
        <subfield code="0">(DHLAUTH)275490</subfield>
    </datafield>
    <datafield tag="650" ind1=" " ind2=" ">
        <subfield code="a">SOCIAL STATISTICS</subfield>
        <subfield code="0">(DHLAUTH)270232</subfield>
    </datafield>
    <datafield tag="650" ind1=" " ind2=" ">
        <subfield code="a">TRANSPORT STATISTICS</subfield>
        <subfield code="0">(DHLAUTH)270202</subfield>
    </datafield>
    <datafield tag="650" ind1=" " ind2=" ">
        <subfield code="a">PERIODICALS</subfield>
        <subfield code="0">(DHLAUTH)275063</subfield>
    </datafield>
</record>
<record>
    <datafield tag="191" ind1=" " ind2=" ">
        <subfield code="a">E/ESCWA/STAT/1995/1</subfield>
    </datafield>
    <datafield tag="246" ind1=" " ind2=" ">
        <subfield code="a">ـقرير عن الزيارة الى امارة عجمان، دولة الامارات العربية المتحدة خلال الفترة من (29 تشرين الاول/اكتوبر - 7 تشرين الثاني/نوفمبر 1994)</subfield>
    </datafield>
    <datafield tag="269" ind1=" " ind2=" ">
        <subfield code="a">19950131</subfield>
    </datafield>
    <datafield tag="650" ind1=" " ind2=" ">
        <subfield code="a">ADVISORY SERVICES</subfield>
        <subfield code="0">(DHLAUTH)269860</subfield>
    </datafield>
    <datafield tag="650" ind1=" " ind2=" ">
        <subfield code="a">REGIONAL COMMISSIONS</subfield>
        <subfield code="0">(DHLAUTH)269969</subfield>
    </datafield>
    <datafield tag="650" ind1=" " ind2=" ">
        <subfield code="a">ECONOMIC ASPECTS</subfield>
        <subfield code="0">(DHLAUTH)269753</subfield>
    </datafield>
    <datafield tag="650" ind1=" " ind2=" ">
        <subfield code="a">AJMAN (UNITED ARAB EMIRATES)</subfield>
        <subfield code="0">(DHLAUTH)599965</subfield>
    </datafield>
</record>
<record>
    <datafield tag="191" ind1=" " ind2=" ">
        <subfield code="a">E/ESCWA/STAT/1995/10</subfield>
    </datafield>
    <datafield tag="246" ind1=" " ind2=" ">
        <subfield code="a">تقرير عن المهمة الاستشارية الى الجهاز المركزي للاحصاء دولة البحرين خلال الفترة من 30 ايار /مايو - 5 حزيران 1995 </subfield>
    </datafield>
    <datafield tag="269" ind1=" " ind2=" ">
        <subfield code="a">19950712</subfield>
    </datafield>
    <datafield tag="650" ind1=" " ind2=" ">
        <subfield code="a">WESTERN ASIA</subfield>
        <subfield code="0">(DHLAUTH)275490</subfield>
    </datafield>
    <datafield tag="650" ind1=" " ind2=" ">
        <subfield code="a">ADVISORY SERVICES</subfield>
        <subfield code="0">(DHLAUTH)269860</subfield>
    </datafield>
    <datafield tag="650" ind1=" " ind2=" ">
        <subfield code="a">NATIONAL ACCOUNTS</subfield>
        <subfield code="0">(DHLAUTH)269651</subfield>
    </datafield>
    <datafield tag="650" ind1=" " ind2=" ">
        <subfield code="a">MODEL FORMS</subfield>
        <subfield code="0">(DHLAUTH)269304</subfield>
    </datafield>
    <datafield tag="650" ind1=" " ind2=" ">
        <subfield code="a">BAHRAIN</subfield>
        <subfield code="0">(DHLAUTH)273274</subfield>
    </datafield>
    <datafield tag="650" ind1=" " ind2=" ">
        <subfield code="a">TRAINING PROGRAMMES</subfield>
        <subfield code="0">(DHLAUTH)274026</subfield>
    </datafield>
    <datafield tag="650" ind1=" " ind2=" ">
        <subfield code="a">INDEX NUMBERS</subfield>
        <subfield code="0">(DHLAUTH)269641</subfield>
    </datafield>
    <datafield tag="650" ind1=" " ind2=" ">
        <subfield code="a">DATA COLLECTION</subfield>
        <subfield code="0">(DHLAUTH)270174</subfield>
    </datafield>
    <datafield tag="650" ind1=" " ind2=" ">
        <subfield code="a">STATISTICAL METHODOLOGY</subfield>
        <subfield code="0">(DHLAUTH)269635</subfield>
    </datafield>
</record>
<record>
    <datafield tag="191" ind1=" " ind2=" ">
        <subfield code="a">E/ESCWA/STAT/1995/11</subfield>
    </datafield>
    <datafield tag="246" ind1=" " ind2=" ">
        <subfield code="a">تقرير فني عن المهمة الاستشارية الى وكالة الوزارة للشئون الفنية-وزارة الشئون البلدية والقروية مدينة الرياض المملكة العربية السعودية الفترة 12-27 تموز /يوليو 1995 م الموافق 14-29 صفر 1416 ه.</subfield>
    </datafield>
    <datafield tag="269" ind1=" " ind2=" ">
        <subfield code="a">19950815</subfield>
    </datafield>
    <datafield tag="650" ind1=" " ind2=" ">
        <subfield code="a">ADVISORY SERVICES</subfield>
        <subfield code="0">(DHLAUTH)269860</subfield>
    </datafield>
    <datafield tag="650" ind1=" " ind2=" ">
        <subfield code="a">TECHNICAL COOPERATION</subfield>
        <subfield code="0">(DHLAUTH)268658</subfield>
    </datafield>
    <datafield tag="650" ind1=" " ind2=" ">
        <subfield code="a">STATISTICAL DATA</subfield>
        <subfield code="0">(DHLAUTH)270233</subfield>
    </datafield>
    <datafield tag="650" ind1=" " ind2=" ">
        <subfield code="a">WESTERN ASIA</subfield>
        <subfield code="0">(DHLAUTH)275490</subfield>
    </datafield>
    <datafield tag="650" ind1=" " ind2=" ">
        <subfield code="a">SOCIAL SERVICES</subfield>
        <subfield code="0">(DHLAUTH)269370</subfield>
    </datafield>
    <datafield tag="650" ind1=" " ind2=" ">
        <subfield code="a">SOCIAL RESEARCH</subfield>
        <subfield code="0">(DHLAUTH)269376</subfield>
    </datafield>
    <datafield tag="650" ind1=" " ind2=" ">
        <subfield code="a">DATA PROCESSING SERVICES</subfield>
        <subfield code="0">(DHLAUTH)275236</subfield>
    </datafield>
    <datafield tag="650" ind1=" " ind2=" ">
        <subfield code="a">SAUDI ARABIA</subfield>
        <subfield code="0">(DHLAUTH)273464</subfield>
    </datafield>
    <datafield tag="650" ind1=" " ind2=" ">
        <subfield code="a">PROJECT MANAGEMENT</subfield>
        <subfield code="0">(DHLAUTH)275799</subfield>
    </datafield>
    <datafield tag="650" ind1=" " ind2=" ">
        <subfield code="a">COMPUTERS</subfield>
        <subfield code="0">(DHLAUTH)271865</subfield>
    </datafield>
    <datafield tag="650" ind1=" " ind2=" ">
        <subfield code="a">MUNICIPAL SERVICES</subfield>
        <subfield code="0">(DHLAUTH)270024</subfield>
    </datafield>
    <datafield tag="650" ind1=" " ind2=" ">
        <subfield code="a">COMPUTER APPLICATIONS</subfield>
        <subfield code="0">(DHLAUTH)271864</subfield>
    </datafield>
</record>
<record>
    <datafield tag="191" ind1=" " ind2=" ">
        <subfield code="a">E/ESCWA/STAT/1995/13</subfield>
    </datafield>
    <datafield tag="246" ind1=" " ind2=" ">
        <subfield code="a">تقرير عن المهمة الاستشارية الى قسم الاحصاء بكلية الاقتصاد والعلوم السياسية جامعة القاهرة الجيزة - جمهورية مصر العربية خلال الفترة من 5 - 11 تموز /يوليو 1995</subfield>
    </datafield>
    <datafield tag="269" ind1=" " ind2=" ">
        <subfield code="a">19950815</subfield>
    </datafield>
    <datafield tag="650" ind1=" " ind2=" ">
        <subfield code="a">ADVISORY SERVICES</subfield>
        <subfield code="0">(DHLAUTH)269860</subfield>
    </datafield>
    <datafield tag="650" ind1=" " ind2=" ">
        <subfield code="a">WESTERN ASIA</subfield>
        <subfield code="0">(DHLAUTH)275490</subfield>
    </datafield>
    <datafield tag="650" ind1=" " ind2=" ">
        <subfield code="a">STATISTICAL SERVICES</subfield>
        <subfield code="0">(DHLAUTH)270225</subfield>
    </datafield>
    <datafield tag="650" ind1=" " ind2=" ">
        <subfield code="a">TECHNICAL TRAINING</subfield>
        <subfield code="0">(DHLAUTH)271971</subfield>
    </datafield>
    <datafield tag="650" ind1=" " ind2=" ">
        <subfield code="a">STUDENTS</subfield>
        <subfield code="0">(DHLAUTH)274118</subfield>
    </datafield>
    <datafield tag="650" ind1=" " ind2=" ">
        <subfield code="a">PARTICIPANTS</subfield>
        <subfield code="0">(DHLAUTH)275785</subfield>
    </datafield>
    <datafield tag="650" ind1=" " ind2=" ">
        <subfield code="a">COMPUTERS</subfield>
        <subfield code="0">(DHLAUTH)271865</subfield>
    </datafield>
    <datafield tag="650" ind1=" " ind2=" ">
        <subfield code="a">GEOGRAPHIC INFORMATION SYSTEMS</subfield>
        <subfield code="0">(DHLAUTH)270489</subfield>
    </datafield>
    <datafield tag="650" ind1=" " ind2=" ">
        <subfield code="a">EGYPT</subfield>
        <subfield code="0">(DHLAUTH)273328</subfield>
    </datafield>
</record>
<record>
    <datafield tag="191" ind1=" " ind2=" ">
        <subfield code="a">E/ESCWA/STAT/1995/13</subfield>
    </datafield>
    <datafield tag="269" ind1=" " ind2=" ">
        <subfield code="a">19950201</subfield>
    </datafield>
</record>
<record>
    <datafield tag="191" ind1=" " ind2=" ">
        <subfield code="a">E/ESCWA/STAT/1995/13</subfield>
    </datafield>
    <datafield tag="246" ind1=" " ind2=" ">
        <subfield code="a">تقرير عن المهمة الاستشارية الى قسم الاحصاء بكلية الاقتصاد والعلوم السياسية جامعة القاهرة الجيزة -جمهورية مصر العربية خلال الفترة من 5-11 تموز /يوليو 1995</subfield>
    </datafield>
    <datafield tag="269" ind1=" " ind2=" ">
        <subfield code="a">19950815</subfield>
    </datafield>
    <datafield tag="650" ind1=" " ind2=" ">
        <subfield code="a">ADVISORY SERVICES</subfield>
        <subfield code="0">(DHLAUTH)269860</subfield>
    </datafield>
    <datafield tag="650" ind1=" " ind2=" ">
        <subfield code="a">WESTERN ASIA</subfield>
        <subfield code="0">(DHLAUTH)275490</subfield>
    </datafield>
    <datafield tag="650" ind1=" " ind2=" ">
        <subfield code="a">STATISTICAL SERVICES</subfield>
        <subfield code="0">(DHLAUTH)270225</subfield>
    </datafield>
    <datafield tag="650" ind1=" " ind2=" ">
        <subfield code="a">TECHNICAL TRAINING</subfield>
        <subfield code="0">(DHLAUTH)271971</subfield>
    </datafield>
    <datafield tag="650" ind1=" " ind2=" ">
        <subfield code="a">STUDENTS</subfield>
        <subfield code="0">(DHLAUTH)274118</subfield>
    </datafield>
    <datafield tag="650" ind1=" " ind2=" ">
        <subfield code="a">PARTICIPANTS</subfield>
        <subfield code="0">(DHLAUTH)275785</subfield>
    </datafield>
    <datafield tag="650" ind1=" " ind2=" ">
        <subfield code="a">COMPUTERS</subfield>
        <subfield code="0">(DHLAUTH)271865</subfield>
    </datafield>
    <datafield tag="650" ind1=" " ind2=" ">
        <subfield code="a">GEOGRAPHIC INFORMATION SYSTEMS</subfield>
        <subfield code="0">(DHLAUTH)270489</subfield>
    </datafield>
    <datafield tag="650" ind1=" " ind2=" ">
        <subfield code="a">EGYPT</subfield>
        <subfield code="0">(DHLAUTH)273328</subfield>
    </datafield>
</record>
<record>
    <datafield tag="191" ind1=" " ind2=" ">
        <subfield code="a">E/ESCWA/STAT/1995/15</subfield>
    </datafield>
    <datafield tag="245" ind1=" " ind2=" ">
        <subfield code="a">REGIONAL TRAINING WORKSHOP ON STATISTICAL DATA PROCESSING ON THE PC CAIRO 4-8 JUNE 1995</subfield>
    </datafield>
    <datafield tag="246" ind1=" " ind2=" ">
        <subfield code="a">التقرير الختامي/ حلقة عمل الاقليمية للتدريب علي تجهيز البيانات الاحصائية باستخدام الحاسوب الشخصي القاهرة 4-8 حزيران 1995</subfield>
    </datafield>
    <datafield tag="269" ind1=" " ind2=" ">
        <subfield code="a">19950809</subfield>
    </datafield>
    <datafield tag="650" ind1=" " ind2=" ">
        <subfield code="a">CONFERENCES</subfield>
        <subfield code="0">(DHLAUTH)275758</subfield>
    </datafield>
    <datafield tag="650" ind1=" " ind2=" ">
        <subfield code="a">WESTERN ASIA</subfield>
        <subfield code="0">(DHLAUTH)275490</subfield>
    </datafield>
    <datafield tag="650" ind1=" " ind2=" ">
        <subfield code="a">PARTICIPANTS</subfield>
        <subfield code="0">(DHLAUTH)275785</subfield>
    </datafield>
    <datafield tag="650" ind1=" " ind2=" ">
        <subfield code="a">STATISTICAL DATA</subfield>
        <subfield code="0">(DHLAUTH)270233</subfield>
    </datafield>
    <datafield tag="650" ind1=" " ind2=" ">
        <subfield code="a">TECHNICAL TRAINING</subfield>
        <subfield code="0">(DHLAUTH)271971</subfield>
    </datafield>
    <datafield tag="650" ind1=" " ind2=" ">
        <subfield code="a">TRAINING PROGRAMMES</subfield>
        <subfield code="0">(DHLAUTH)274026</subfield>
    </datafield>
    <datafield tag="650" ind1=" " ind2=" ">
        <subfield code="a">COMPUTER PROGRAMS</subfield>
        <subfield code="0">(DHLAUTH)275242</subfield>
    </datafield>
    <datafield tag="650" ind1=" " ind2=" ">
        <subfield code="a">MICROCOMPUTERS</subfield>
        <subfield code="0">(DHLAUTH)272164</subfield>
    </datafield>
    <datafield tag="650" ind1=" " ind2=" ">
        <subfield code="a">DATA PROCESSING</subfield>
        <subfield code="0">(DHLAUTH)272727</subfield>
    </datafield>
    <datafield tag="650" ind1=" " ind2=" ">
        <subfield code="a">RECOMMENDATIONS</subfield>
        <subfield code="0">(DHLAUTH)275840</subfield>
    </datafield>
</record>
<record>
    <datafield tag="191" ind1=" " ind2=" ">
        <subfield code="a">E/ESCWA/STAT/1995/16</subfield>
    </datafield>
    <datafield tag="269" ind1=" " ind2=" ">
        <subfield code="a">19950201</subfield>
    </datafield>
</record>
<record>
    <datafield tag="191" ind1=" " ind2=" ">
        <subfield code="a">E/ESCWA/STAT/1995/16</subfield>
    </datafield>
    <datafield tag="246" ind1=" " ind2=" ">
        <subfield code="a">تقرير عن المهمة الاستشارية الى الجهاز المركزي للاحصاء دولة البحرين خلال الفترة من 23 تموز /يوليو الى 3 اب /اغسطس 1995 </subfield>
    </datafield>
    <datafield tag="269" ind1=" " ind2=" ">
        <subfield code="a">19950917</subfield>
    </datafield>
    <datafield tag="650" ind1=" " ind2=" ">
        <subfield code="a">WESTERN ASIA</subfield>
        <subfield code="0">(DHLAUTH)275490</subfield>
    </datafield>
    <datafield tag="650" ind1=" " ind2=" ">
        <subfield code="a">BAHRAIN</subfield>
        <subfield code="0">(DHLAUTH)273274</subfield>
    </datafield>
    <datafield tag="650" ind1=" " ind2=" ">
        <subfield code="a">ADVISORY SERVICES</subfield>
        <subfield code="0">(DHLAUTH)269860</subfield>
    </datafield>
    <datafield tag="650" ind1=" " ind2=" ">
        <subfield code="a">DATA COLLECTION</subfield>
        <subfield code="0">(DHLAUTH)270174</subfield>
    </datafield>
    <datafield tag="650" ind1=" " ind2=" ">
        <subfield code="a">STATISTICAL METHODOLOGY</subfield>
        <subfield code="0">(DHLAUTH)269635</subfield>
    </datafield>
    <datafield tag="650" ind1=" " ind2=" ">
        <subfield code="a">FAMILY INCOME</subfield>
        <subfield code="0">(DHLAUTH)269804</subfield>
    </datafield>
    <datafield tag="650" ind1=" " ind2=" ">
        <subfield code="a">HOUSEHOLD EXPENDITURES</subfield>
        <subfield code="0">(DHLAUTH)269741</subfield>
    </datafield>
</record>
<record>
    <datafield tag="191" ind1=" " ind2=" ">
        <subfield code="a">E/ESCWA/STAT/1995/16</subfield>
    </datafield>
    <datafield tag="246" ind1=" " ind2=" ">
        <subfield code="a">تقرير فني عن المهمة الاستشارية الى الجهاز المركزي للاحصاء دولة البحرين خلال الفترة من 23 تموز /يوليو الى 3 آب /اغسطس 1995</subfield>
    </datafield>
    <datafield tag="269" ind1=" " ind2=" ">
        <subfield code="a">19950917</subfield>
    </datafield>
    <datafield tag="650" ind1=" " ind2=" ">
        <subfield code="a">WESTERN ASIA</subfield>
        <subfield code="0">(DHLAUTH)275490</subfield>
    </datafield>
    <datafield tag="650" ind1=" " ind2=" ">
        <subfield code="a">BAHRAIN</subfield>
        <subfield code="0">(DHLAUTH)273274</subfield>
    </datafield>
    <datafield tag="650" ind1=" " ind2=" ">
        <subfield code="a">ADVISORY SERVICES</subfield>
        <subfield code="0">(DHLAUTH)269860</subfield>
    </datafield>
    <datafield tag="650" ind1=" " ind2=" ">
        <subfield code="a">INDEX NUMBERS</subfield>
        <subfield code="0">(DHLAUTH)269641</subfield>
    </datafield>
    <datafield tag="650" ind1=" " ind2=" ">
        <subfield code="a">DATA COLLECTION</subfield>
        <subfield code="0">(DHLAUTH)270174</subfield>
    </datafield>
    <datafield tag="650" ind1=" " ind2=" ">
        <subfield code="a">STATISTICAL METHODOLOGY</subfield>
        <subfield code="0">(DHLAUTH)269635</subfield>
    </datafield>
    <datafield tag="650" ind1=" " ind2=" ">
        <subfield code="a">FAMILY INCOME</subfield>
        <subfield code="0">(DHLAUTH)269804</subfield>
    </datafield>
    <datafield tag="650" ind1=" " ind2=" ">
        <subfield code="a">HOUSEHOLD EXPENDITURES</subfield>
        <subfield code="0">(DHLAUTH)269741</subfield>
    </datafield>
</record>
<record>
    <datafield tag="191" ind1=" " ind2=" ">
        <subfield code="a">E/ESCWA/STAT/1995/17</subfield>
    </datafield>
    <datafield tag="246" ind1=" " ind2=" ">
        <subfield code="a">تقرير عن المهمة الاستشارية الى الجهاز المركزي للتعبئة العامة والاحصاء جمهورية مصر العربية خلال الفترة من 10-25 ايلول /سبتمبر 1995 </subfield>
    </datafield>
    <datafield tag="269" ind1=" " ind2=" ">
        <subfield code="a">19951018</subfield>
    </datafield>
    <datafield tag="650" ind1=" " ind2=" ">
        <subfield code="a">WESTERN ASIA</subfield>
        <subfield code="0">(DHLAUTH)275490</subfield>
    </datafield>
    <datafield tag="650" ind1=" " ind2=" ">
        <subfield code="a">ADVISORY SERVICES</subfield>
        <subfield code="0">(DHLAUTH)269860</subfield>
    </datafield>
    <datafield tag="650" ind1=" " ind2=" ">
        <subfield code="a">TECHNICAL TRAINING</subfield>
        <subfield code="0">(DHLAUTH)271971</subfield>
    </datafield>
    <datafield tag="650" ind1=" " ind2=" ">
        <subfield code="a">NATIONAL ACCOUNTS</subfield>
        <subfield code="0">(DHLAUTH)269651</subfield>
    </datafield>
    <datafield tag="650" ind1=" " ind2=" ">
        <subfield code="a">EGYPT</subfield>
        <subfield code="0">(DHLAUTH)273328</subfield>
    </datafield>
</record>
<record>
    <datafield tag="191" ind1=" " ind2=" ">
        <subfield code="a">E/ESCWA/STAT/1995/17</subfield>
    </datafield>
    <datafield tag="246" ind1=" " ind2=" ">
        <subfield code="a">تقرير فني عن المهمة الاستشارية الى الجهاز المركزي للتعبئة العامة والاحصاء القاهرة - جمهورية مصر العربية خلال الفترة من 10 - 25 ايلول /سبتمبر 1995</subfield>
    </datafield>
    <datafield tag="269" ind1=" " ind2=" ">
        <subfield code="a">19951018</subfield>
    </datafield>
    <datafield tag="650" ind1=" " ind2=" ">
        <subfield code="a">WESTERN ASIA</subfield>
        <subfield code="0">(DHLAUTH)275490</subfield>
    </datafield>
    <datafield tag="650" ind1=" " ind2=" ">
        <subfield code="a">ADVISORY SERVICES</subfield>
        <subfield code="0">(DHLAUTH)269860</subfield>
    </datafield>
    <datafield tag="650" ind1=" " ind2=" ">
        <subfield code="a">TECHNICAL TRAINING</subfield>
        <subfield code="0">(DHLAUTH)271971</subfield>
    </datafield>
    <datafield tag="650" ind1=" " ind2=" ">
        <subfield code="a">NATIONAL ACCOUNTS</subfield>
        <subfield code="0">(DHLAUTH)269651</subfield>
    </datafield>
    <datafield tag="650" ind1=" " ind2=" ">
        <subfield code="a">EGYPT</subfield>
        <subfield code="0">(DHLAUTH)273328</subfield>
    </datafield>
</record>
<record>
    <datafield tag="191" ind1=" " ind2=" ">
        <subfield code="a">E/ESCWA/STAT/1995/17</subfield>
    </datafield>
    <datafield tag="269" ind1=" " ind2=" ">
        <subfield code="a">19950201</subfield>
    </datafield>
</record>
<record>
    <datafield tag="191" ind1=" " ind2=" ">
        <subfield code="a">E/ESCWA/STAT/1995/18</subfield>
    </datafield>
    <datafield tag="246" ind1=" " ind2=" ">
        <subfield code="a">تقرير عن المهمة الاستشارية الى الجهاز المركزي للاحصاء صنعاء الجمهورية العربية اليمنية خلال الفترة من 3 - 11 آب  /اغسطس 1995</subfield>
    </datafield>
    <datafield tag="269" ind1=" " ind2=" ">
        <subfield code="a">19951019</subfield>
    </datafield>
    <datafield tag="650" ind1=" " ind2=" ">
        <subfield code="a">WESTERN ASIA</subfield>
        <subfield code="0">(DHLAUTH)275490</subfield>
    </datafield>
    <datafield tag="650" ind1=" " ind2=" ">
        <subfield code="a">ADVISORY SERVICES</subfield>
        <subfield code="0">(DHLAUTH)269860</subfield>
    </datafield>
    <datafield tag="650" ind1=" " ind2=" ">
        <subfield code="a">INDEX NUMBERS</subfield>
        <subfield code="0">(DHLAUTH)269641</subfield>
    </datafield>
    <datafield tag="650" ind1=" " ind2=" ">
        <subfield code="a">FAMILY INCOME</subfield>
        <subfield code="0">(DHLAUTH)269804</subfield>
    </datafield>
    <datafield tag="650" ind1=" " ind2=" ">
        <subfield code="a">HOUSEHOLD EXPENDITURES</subfield>
        <subfield code="0">(DHLAUTH)269741</subfield>
    </datafield>
    <datafield tag="650" ind1=" " ind2=" ">
        <subfield code="a">BALANCE OF PAYMENTS</subfield>
        <subfield code="0">(DHLAUTH)270325</subfield>
    </datafield>
    <datafield tag="650" ind1=" " ind2=" ">
        <subfield code="a">NATIONAL ACCOUNTS</subfield>
        <subfield code="0">(DHLAUTH)269651</subfield>
    </datafield>
    <datafield tag="650" ind1=" " ind2=" ">
        <subfield code="a">CONFERENCES</subfield>
        <subfield code="0">(DHLAUTH)275758</subfield>
    </datafield>
</record>
<record>
    <datafield tag="191" ind1=" " ind2=" ">
        <subfield code="a">E/ESCWA/STAT/1995/18</subfield>
    </datafield>
    <datafield tag="269" ind1=" " ind2=" ">
        <subfield code="a">19950201</subfield>
    </datafield>
</record>
<record>
    <datafield tag="191" ind1=" " ind2=" ">
        <subfield code="a">E/ESCWA/STAT/1995/18</subfield>
    </datafield>
    <datafield tag="246" ind1=" " ind2=" ">
        <subfield code="a">تقرير عن المهمة الاستشارية الى الجهاز المركزي للاحصاء صنعاء الجمهورية العربية اليمنية خلال الفترة من 3 الى 11 اب /اغسطس 1995 </subfield>
    </datafield>
    <datafield tag="269" ind1=" " ind2=" ">
        <subfield code="a">19951019</subfield>
    </datafield>
    <datafield tag="650" ind1=" " ind2=" ">
        <subfield code="a">WESTERN ASIA</subfield>
        <subfield code="0">(DHLAUTH)275490</subfield>
    </datafield>
    <datafield tag="650" ind1=" " ind2=" ">
        <subfield code="a">ADVISORY SERVICES</subfield>
        <subfield code="0">(DHLAUTH)269860</subfield>
    </datafield>
    <datafield tag="650" ind1=" " ind2=" ">
        <subfield code="a">INDEX NUMBERS</subfield>
        <subfield code="0">(DHLAUTH)269641</subfield>
    </datafield>
    <datafield tag="650" ind1=" " ind2=" ">
        <subfield code="a">FAMILY INCOME</subfield>
        <subfield code="0">(DHLAUTH)269804</subfield>
    </datafield>
    <datafield tag="650" ind1=" " ind2=" ">
        <subfield code="a">HOUSEHOLD SURVEYS</subfield>
        <subfield code="0">(DHLAUTH)270181</subfield>
    </datafield>
    <datafield tag="650" ind1=" " ind2=" ">
        <subfield code="a">NATIONAL ACCOUNTS</subfield>
        <subfield code="0">(DHLAUTH)269651</subfield>
    </datafield>
    <datafield tag="650" ind1=" " ind2=" ">
        <subfield code="a">CONFERENCES</subfield>
        <subfield code="0">(DHLAUTH)275758</subfield>
    </datafield>
    <datafield tag="650" ind1=" " ind2=" ">
        <subfield code="a">BALANCE OF PAYMENTS</subfield>
        <subfield code="0">(DHLAUTH)270325</subfield>
    </datafield>
</record>
<record>
    <datafield tag="191" ind1=" " ind2=" ">
        <subfield code="a">E/ESCWA/STAT/1995/19</subfield>
    </datafield>
    <datafield tag="246" ind1=" " ind2=" ">
        <subfield code="a">تقرير عن المهمة الاستشارية الى وزارة التخطيط والتعاون الدولي ، غزة - منطقة السلطة الوطنية الفلسطينية خلال الفترة 15 - 30 آب/ اغسطس 1995</subfield>
    </datafield>
    <datafield tag="269" ind1=" " ind2=" ">
        <subfield code="a">19951103</subfield>
    </datafield>
    <datafield tag="650" ind1=" " ind2=" ">
        <subfield code="a">ADVISORY SERVICES</subfield>
        <subfield code="0">(DHLAUTH)269860</subfield>
    </datafield>
    <datafield tag="650" ind1=" " ind2=" ">
        <subfield code="a">INTERNATIONAL COOPERATION</subfield>
        <subfield code="0">(DHLAUTH)268622</subfield>
    </datafield>
    <datafield tag="650" ind1=" " ind2=" ">
        <subfield code="a">ADMINISTRATIVE AND POLITICAL DIVISIONS</subfield>
        <subfield code="0">(DHLAUTH)268329</subfield>
    </datafield>
    <datafield tag="650" ind1=" " ind2=" ">
        <subfield code="a">PALESTINE</subfield>
        <subfield code="0">(DHLAUTH)277398</subfield>
    </datafield>
</record>
<record>
    <datafield tag="191" ind1=" " ind2=" ">
        <subfield code="a">E/ESCWA/STAT/1995/2</subfield>
    </datafield>
    <datafield tag="246" ind1=" " ind2=" ">
        <subfield code="a">الاحصاء ونظم المعلومات الجغرافية/ ندوة الاحصاء ونظم المعلومات الجغرافية القاهرة، مصر 14-16-آذار 1995</subfield>
    </datafield>
    <datafield tag="269" ind1=" " ind2=" ">
        <subfield code="a">19950312</subfield>
    </datafield>
    <datafield tag="650" ind1=" " ind2=" ">
        <subfield code="a">WESTERN ASIA</subfield>
        <subfield code="0">(DHLAUTH)275490</subfield>
    </datafield>
    <datafield tag="650" ind1=" " ind2=" ">
        <subfield code="a">STATISTICAL SERVICES</subfield>
        <subfield code="0">(DHLAUTH)270225</subfield>
    </datafield>
    <datafield tag="650" ind1=" " ind2=" ">
        <subfield code="a">STATISTICS</subfield>
        <subfield code="0">(DHLAUTH)269347</subfield>
    </datafield>
    <datafield tag="650" ind1=" " ind2=" ">
        <subfield code="a">GEOGRAPHIC INFORMATION SYSTEMS</subfield>
        <subfield code="0">(DHLAUTH)270489</subfield>
    </datafield>
    <datafield tag="650" ind1=" " ind2=" ">
        <subfield code="a">STATISTICAL METHODOLOGY</subfield>
        <subfield code="0">(DHLAUTH)269635</subfield>
    </datafield>
    <datafield tag="650" ind1=" " ind2=" ">
        <subfield code="a">MAPS</subfield>
        <subfield code="0">(DHLAUTH)9705</subfield>
    </datafield>
</record>
<record>
    <datafield tag="191" ind1=" " ind2=" ">
        <subfield code="a">E/ESCWA/STAT/1995/20</subfield>
    </datafield>
    <datafield tag="246" ind1=" " ind2=" ">
        <subfield code="a">تقرير عن المهمة الاستشارية الى سلطة النقد الفلسطينية غزة منطقة السلطة الوطنية الفلسطينية خلال الفترة من 15 -30 اب /اغسطس 1995 </subfield>
    </datafield>
    <datafield tag="269" ind1=" " ind2=" ">
        <subfield code="a">19951103</subfield>
    </datafield>
    <datafield tag="650" ind1=" " ind2=" ">
        <subfield code="a">WESTERN ASIA</subfield>
        <subfield code="0">(DHLAUTH)275490</subfield>
    </datafield>
    <datafield tag="650" ind1=" " ind2=" ">
        <subfield code="a">ADVISORY SERVICES</subfield>
        <subfield code="0">(DHLAUTH)269860</subfield>
    </datafield>
    <datafield tag="650" ind1=" " ind2=" ">
        <subfield code="a">STATISTICAL SERVICES</subfield>
        <subfield code="0">(DHLAUTH)270225</subfield>
    </datafield>
    <datafield tag="650" ind1=" " ind2=" ">
        <subfield code="a">DATA PROCESSING SERVICES</subfield>
        <subfield code="0">(DHLAUTH)275236</subfield>
    </datafield>
    <datafield tag="650" ind1=" " ind2=" ">
        <subfield code="a">COMPUTERS</subfield>
        <subfield code="0">(DHLAUTH)271865</subfield>
    </datafield>
    <datafield tag="650" ind1=" " ind2=" ">
        <subfield code="a">INFORMATION SYSTEMS</subfield>
        <subfield code="0">(DHLAUTH)272026</subfield>
    </datafield>
</record>
<record>
    <datafield tag="191" ind1=" " ind2=" ">
        <subfield code="a">E/ESCWA/STAT/1995/21</subfield>
    </datafield>
    <datafield tag="246" ind1=" " ind2=" ">
        <subfield code="a">تقرير عن المهمة الاستشارية الى الجهاز المركزي للاحصاء صنعاء الجمهورية العربية اليمنية خلال الفترة من 11 -25 ايلول /سبتمبر 1995 </subfield>
    </datafield>
    <datafield tag="269" ind1=" " ind2=" ">
        <subfield code="a">19951102</subfield>
    </datafield>
    <datafield tag="650" ind1=" " ind2=" ">
        <subfield code="a">WESTERN ASIA</subfield>
        <subfield code="0">(DHLAUTH)275490</subfield>
    </datafield>
    <datafield tag="650" ind1=" " ind2=" ">
        <subfield code="a">ADVISORY SERVICES</subfield>
        <subfield code="0">(DHLAUTH)269860</subfield>
    </datafield>
    <datafield tag="650" ind1=" " ind2=" ">
        <subfield code="a">STATISTICAL METHODOLOGY</subfield>
        <subfield code="0">(DHLAUTH)269635</subfield>
    </datafield>
    <datafield tag="650" ind1=" " ind2=" ">
        <subfield code="a">TRAINING PROGRAMMES</subfield>
        <subfield code="0">(DHLAUTH)274026</subfield>
    </datafield>
    <datafield tag="650" ind1=" " ind2=" ">
        <subfield code="a">DATA PROCESSING</subfield>
        <subfield code="0">(DHLAUTH)272727</subfield>
    </datafield>
    <datafield tag="650" ind1=" " ind2=" ">
        <subfield code="a">DATA PROCESSING SERVICES</subfield>
        <subfield code="0">(DHLAUTH)275236</subfield>
    </datafield>
    <datafield tag="650" ind1=" " ind2=" ">
        <subfield code="a">CONFERENCES</subfield>
        <subfield code="0">(DHLAUTH)275758</subfield>
    </datafield>
    <datafield tag="650" ind1=" " ind2=" ">
        <subfield code="a">HOUSEHOLD SURVEYS</subfield>
        <subfield code="0">(DHLAUTH)270181</subfield>
    </datafield>
    <datafield tag="650" ind1=" " ind2=" ">
        <subfield code="a">WEST BANK (STATE OF PALESTINE)</subfield>
        <subfield code="0">(DHLAUTH)277374</subfield>
    </datafield>
    <datafield tag="650" ind1=" " ind2=" ">
        <subfield code="a">TERRITORIES OCCUPIED BY ISRAEL</subfield>
        <subfield code="0">(DHLAUTH)268687</subfield>
    </datafield>
</record>
<record>
    <datafield tag="191" ind1=" " ind2=" ">
        <subfield code="a">E/ESCWA/STAT/1995/22</subfield>
    </datafield>
    <datafield tag="246" ind1=" " ind2=" ">
        <subfield code="a">تقرير فني عن المهمة الاستشارية لدى الامانة العامة للمجلس الاعلى للتخطيط الدوحة دولة قطر خلال الفترة من 16 -17 تشرين الاول /اكتوبر 1995 </subfield>
    </datafield>
    <datafield tag="269" ind1=" " ind2=" ">
        <subfield code="a">19951113</subfield>
    </datafield>
    <datafield tag="650" ind1=" " ind2=" ">
        <subfield code="a">ADVISORY SERVICES</subfield>
        <subfield code="0">(DHLAUTH)269860</subfield>
    </datafield>
    <datafield tag="650" ind1=" " ind2=" ">
        <subfield code="a">WESTERN ASIA</subfield>
        <subfield code="0">(DHLAUTH)275490</subfield>
    </datafield>
    <datafield tag="650" ind1=" " ind2=" ">
        <subfield code="a">STATISTICAL SERVICES</subfield>
        <subfield code="0">(DHLAUTH)270225</subfield>
    </datafield>
    <datafield tag="650" ind1=" " ind2=" ">
        <subfield code="a">TECHNICAL TRAINING</subfield>
        <subfield code="0">(DHLAUTH)271971</subfield>
    </datafield>
    <datafield tag="650" ind1=" " ind2=" ">
        <subfield code="a">QATAR</subfield>
        <subfield code="0">(DHLAUTH)275603</subfield>
    </datafield>
    <datafield tag="650" ind1=" " ind2=" ">
        <subfield code="a">TRAINING PROGRAMMES</subfield>
        <subfield code="0">(DHLAUTH)274026</subfield>
    </datafield>
</record>
<record>
    <datafield tag="191" ind1=" " ind2=" ">
        <subfield code="a">E/ESCWA/STAT/1995/24</subfield>
    </datafield>
    <datafield tag="269" ind1=" " ind2=" ">
        <subfield code="a">19950201</subfield>
    </datafield>
</record>
<record>
    <datafield tag="191" ind1=" " ind2=" ">
        <subfield code="a">E/ESCWA/STAT/1995/24</subfield>
    </datafield>
    <datafield tag="246" ind1=" " ind2=" ">
        <subfield code="a">نشرة الاحصاءات الصناعية للدول العربية = BULLETIN OF INDUSTRIAL STATISTICS FOR THE ARAB COUNTRIES 1983-1993, SECOND ISSUE</subfield>
    </datafield>
    <datafield tag="269" ind1=" " ind2=" ">
        <subfield code="a">19951201</subfield>
    </datafield>
    <datafield tag="650" ind1=" " ind2=" ">
        <subfield code="a">INDUSTRIAL STATISTICS</subfield>
        <subfield code="0">(DHLAUTH)270195</subfield>
    </datafield>
    <datafield tag="650" ind1=" " ind2=" ">
        <subfield code="a">WESTERN ASIA</subfield>
        <subfield code="0">(DHLAUTH)275490</subfield>
    </datafield>
    <datafield tag="650" ind1=" " ind2=" ">
        <subfield code="a">GROSS DOMESTIC PRODUCT</subfield>
        <subfield code="0">(DHLAUTH)269801</subfield>
    </datafield>
    <datafield tag="650" ind1=" " ind2=" ">
        <subfield code="a">MANUFACTURING</subfield>
        <subfield code="0">(DHLAUTH)271821</subfield>
    </datafield>
    <datafield tag="650" ind1=" " ind2=" ">
        <subfield code="a">FACTORIES</subfield>
        <subfield code="0">(DHLAUTH)271899</subfield>
    </datafield>
    <datafield tag="650" ind1=" " ind2=" ">
        <subfield code="a">INDUSTRIAL PRODUCTION</subfield>
        <subfield code="0">(DHLAUTH)269662</subfield>
    </datafield>
    <datafield tag="650" ind1=" " ind2=" ">
        <subfield code="a">INDUSTRIAL PRODUCTS</subfield>
        <subfield code="0">(DHLAUTH)271814</subfield>
    </datafield>
    <datafield tag="650" ind1=" " ind2=" ">
        <subfield code="a">WAGES</subfield>
        <subfield code="0">(DHLAUTH)269809</subfield>
    </datafield>
    <datafield tag="650" ind1=" " ind2=" ">
        <subfield code="a">MINING</subfield>
        <subfield code="0">(DHLAUTH)271081</subfield>
    </datafield>
    <datafield tag="650" ind1=" " ind2=" ">
        <subfield code="a">FOOD INDUSTRY</subfield>
        <subfield code="0">(DHLAUTH)271313</subfield>
    </datafield>
    <datafield tag="650" ind1=" " ind2=" ">
        <subfield code="a">COMMODITIES</subfield>
        <subfield code="0">(DHLAUTH)270580</subfield>
    </datafield>
    <datafield tag="650" ind1=" " ind2=" ">
        <subfield code="a">ARAB COUNTRIES</subfield>
        <subfield code="0">(DHLAUTH)268705</subfield>
    </datafield>
</record>
<record>
    <datafield tag="191" ind1=" " ind2=" ">
        <subfield code="a">E/ESCWA/STAT/1995/24</subfield>
    </datafield>
    <datafield tag="245" ind1=" " ind2=" ">
        <subfield code="a">BULLETIN OF INDUSTRIAL STATISTICS FOR THE ARAB COUNTRIES 1983-1993, SECOND ISSUE</subfield>
    </datafield>
    <datafield tag="246" ind1=" " ind2=" ">
        <subfield code="a">نشرة الاحصاءات الصناعية للدول العربية 1983-1993 العدد الثاني</subfield>
    </datafield>
    <datafield tag="269" ind1=" " ind2=" ">
        <subfield code="a">19951201</subfield>
    </datafield>
    <datafield tag="650" ind1=" " ind2=" ">
        <subfield code="a">INDUSTRIAL STATISTICS</subfield>
        <subfield code="0">(DHLAUTH)270195</subfield>
    </datafield>
    <datafield tag="650" ind1=" " ind2=" ">
        <subfield code="a">GROSS DOMESTIC PRODUCT</subfield>
        <subfield code="0">(DHLAUTH)269801</subfield>
    </datafield>
    <datafield tag="650" ind1=" " ind2=" ">
        <subfield code="a">MANUFACTURING</subfield>
        <subfield code="0">(DHLAUTH)271821</subfield>
    </datafield>
    <datafield tag="650" ind1=" " ind2=" ">
        <subfield code="a">FACTORIES</subfield>
        <subfield code="0">(DHLAUTH)271899</subfield>
    </datafield>
    <datafield tag="650" ind1=" " ind2=" ">
        <subfield code="a">INDUSTRIAL PRODUCTION</subfield>
        <subfield code="0">(DHLAUTH)269662</subfield>
    </datafield>
    <datafield tag="650" ind1=" " ind2=" ">
        <subfield code="a">INDUSTRIAL PRODUCTS</subfield>
        <subfield code="0">(DHLAUTH)271814</subfield>
    </datafield>
    <datafield tag="650" ind1=" " ind2=" ">
        <subfield code="a">WAGES</subfield>
        <subfield code="0">(DHLAUTH)269809</subfield>
    </datafield>
    <datafield tag="650" ind1=" " ind2=" ">
        <subfield code="a">MINING</subfield>
        <subfield code="0">(DHLAUTH)271081</subfield>
    </datafield>
    <datafield tag="650" ind1=" " ind2=" ">
        <subfield code="a">WESTERN ASIA</subfield>
        <subfield code="0">(DHLAUTH)275490</subfield>
    </datafield>
</record>
<record>
    <datafield tag="191" ind1=" " ind2=" ">
        <subfield code="a">E/ESCWA/STAT/1995/25</subfield>
    </datafield>
    <datafield tag="245" ind1=" " ind2=" ">
        <subfield code="a">المجموعة الاحصائية لمنطقة اللجنة الاقتصادية والاجتماعية لغربي آسيا، 1984 - 1993 العدد الخامش عشر = STATISTICAL ABSTRACT OF THE ESCWA REGION, 1984 - 1993 FIFTEENTH ISSUE</subfield>
    </datafield>
    <datafield tag="269" ind1=" " ind2=" ">
        <subfield code="a">19950401</subfield>
    </datafield>
    <datafield tag="650" ind1=" " ind2=" ">
        <subfield code="a">POPULATION</subfield>
        <subfield code="0">(DHLAUTH)272994</subfield>
    </datafield>
    <datafield tag="650" ind1=" " ind2=" ">
        <subfield code="a">EDUCATIONAL STATISTICS</subfield>
        <subfield code="0">(DHLAUTH)274050</subfield>
    </datafield>
    <datafield tag="650" ind1=" " ind2=" ">
        <subfield code="a">INDUSTRIAL STATISTICS</subfield>
        <subfield code="0">(DHLAUTH)270195</subfield>
    </datafield>
    <datafield tag="650" ind1=" " ind2=" ">
        <subfield code="a">HEALTH STATISTICS</subfield>
        <subfield code="0">(DHLAUTH)273689</subfield>
    </datafield>
    <datafield tag="650" ind1=" " ind2=" ">
        <subfield code="a">AGRICULTURAL STATISTICS</subfield>
        <subfield code="0">(DHLAUTH)270191</subfield>
    </datafield>
    <datafield tag="650" ind1=" " ind2=" ">
        <subfield code="a">FISHERIES</subfield>
        <subfield code="0">(DHLAUTH)269560</subfield>
    </datafield>
    <datafield tag="650" ind1=" " ind2=" ">
        <subfield code="a">NATIONAL ACCOUNTS</subfield>
        <subfield code="0">(DHLAUTH)269651</subfield>
    </datafield>
    <datafield tag="650" ind1=" " ind2=" ">
        <subfield code="a">TRADE STATISTICS</subfield>
        <subfield code="0">(DHLAUTH)270201</subfield>
    </datafield>
    <datafield tag="650" ind1=" " ind2=" ">
        <subfield code="a">TRANSPORT STATISTICS</subfield>
        <subfield code="0">(DHLAUTH)270202</subfield>
    </datafield>
    <datafield tag="650" ind1=" " ind2=" ">
        <subfield code="a">TOURISM STATISTICS</subfield>
        <subfield code="0">(DHLAUTH)270200</subfield>
    </datafield>
    <datafield tag="650" ind1=" " ind2=" ">
        <subfield code="a">PRICES</subfield>
        <subfield code="0">(DHLAUTH)269707</subfield>
    </datafield>
    <datafield tag="650" ind1=" " ind2=" ">
        <subfield code="a">FINANCIAL STATISTICS</subfield>
        <subfield code="0">(DHLAUTH)270194</subfield>
    </datafield>
    <datafield tag="650" ind1=" " ind2=" ">
        <subfield code="a">STATISTICAL DATA</subfield>
        <subfield code="0">(DHLAUTH)270233</subfield>
    </datafield>
    <datafield tag="650" ind1=" " ind2=" ">
        <subfield code="a">WESTERN ASIA</subfield>
        <subfield code="0">(DHLAUTH)275490</subfield>
    </datafield>
</record>
<record>
    <datafield tag="191" ind1=" " ind2=" ">
        <subfield code="a">E/ESCWA/STAT/1995/3</subfield>
    </datafield>
    <datafield tag="246" ind1=" " ind2=" ">
        <subfield code="a">تقرير عن المهمة لدى مركز الاحصاء، بلدية دبي، امارة دبي، دولة الامارات العربية المتحدة خلال الفترة (9 - 19 كانون الثاني/يناير 1995)</subfield>
    </datafield>
    <datafield tag="269" ind1=" " ind2=" ">
        <subfield code="a">19950322</subfield>
    </datafield>
    <datafield tag="650" ind1=" " ind2=" ">
        <subfield code="a">STATISTICAL ORGANIZATIONS</subfield>
        <subfield code="0">(DHLAUTH)270224</subfield>
    </datafield>
    <datafield tag="650" ind1=" " ind2=" ">
        <subfield code="a">ADVISORY SERVICES</subfield>
        <subfield code="0">(DHLAUTH)269860</subfield>
    </datafield>
    <datafield tag="650" ind1=" " ind2=" ">
        <subfield code="a">DUBAI (UNITED ARAB EMIRATES)</subfield>
        <subfield code="0">(DHLAUTH)276985</subfield>
    </datafield>
    <datafield tag="650" ind1=" " ind2=" ">
        <subfield code="a">MUNICIPAL GOVERNMENT</subfield>
        <subfield code="0">(DHLAUTH)268415</subfield>
    </datafield>
</record>
<record>
    <datafield tag="191" ind1=" " ind2=" ">
        <subfield code="a">E/ESCWA/STAT/1995/4</subfield>
    </datafield>
    <datafield tag="246" ind1=" " ind2=" ">
        <subfield code="a">تقرير عن المهمة الاستشارية الى جامعة الامارات العربية المتحدة مدينة العين - دولة الامارات العربية المتحدة خلال الفترة من 21-28 تشرين الثاني/نوفمبر 1994</subfield>
    </datafield>
    <datafield tag="269" ind1=" " ind2=" ">
        <subfield code="a">19950410</subfield>
    </datafield>
    <datafield tag="650" ind1=" " ind2=" ">
        <subfield code="a">ADVISORY SERVICES</subfield>
        <subfield code="0">(DHLAUTH)269860</subfield>
    </datafield>
    <datafield tag="650" ind1=" " ind2=" ">
        <subfield code="a">WESTERN ASIA</subfield>
        <subfield code="0">(DHLAUTH)275490</subfield>
    </datafield>
    <datafield tag="650" ind1=" " ind2=" ">
        <subfield code="a">STATISTICAL SERVICES</subfield>
        <subfield code="0">(DHLAUTH)270225</subfield>
    </datafield>
    <datafield tag="650" ind1=" " ind2=" ">
        <subfield code="a">TECHNICAL TRAINING</subfield>
        <subfield code="0">(DHLAUTH)271971</subfield>
    </datafield>
    <datafield tag="650" ind1=" " ind2=" ">
        <subfield code="a">COMPUTERS</subfield>
        <subfield code="0">(DHLAUTH)271865</subfield>
    </datafield>
    <datafield tag="650" ind1=" " ind2=" ">
        <subfield code="a">UNITED ARAB EMIRATES</subfield>
        <subfield code="0">(DHLAUTH)275604</subfield>
    </datafield>
</record>
<record>
    <datafield tag="191" ind1=" " ind2=" ">
        <subfield code="a">E/ESCWA/STAT/1995/5</subfield>
    </datafield>
    <datafield tag="191" ind1=" " ind2=" ">
        <subfield code="a">E/ESCWA/ENR/1995/2</subfield>
    </datafield>
    <datafield tag="246" ind1=" " ind2=" ">
        <subfield code="a">تقرير عن المهام الإستشارية الى وزارة الطاقة والثروة المعدنية عمان- المملكة الاردنية الهاشمية عدت زيارات استشارية خلال الفترة كانون الاول/ديسمبر 1994-آذار /مارس 1995</subfield>
    </datafield>
    <datafield tag="269" ind1=" " ind2=" ">
        <subfield code="a">19950518</subfield>
    </datafield>
    <datafield tag="650" ind1=" " ind2=" ">
        <subfield code="a">ADVISORY SERVICES</subfield>
        <subfield code="0">(DHLAUTH)269860</subfield>
    </datafield>
    <datafield tag="650" ind1=" " ind2=" ">
        <subfield code="a">RECOMMENDATIONS</subfield>
        <subfield code="0">(DHLAUTH)275840</subfield>
    </datafield>
    <datafield tag="650" ind1=" " ind2=" ">
        <subfield code="a">ENERGY CONSUMPTION</subfield>
        <subfield code="0">(DHLAUTH)269578</subfield>
    </datafield>
    <datafield tag="650" ind1=" " ind2=" ">
        <subfield code="a">JORDAN</subfield>
        <subfield code="0">(DHLAUTH)269099</subfield>
    </datafield>
</record>
<record>
    <datafield tag="191" ind1=" " ind2=" ">
        <subfield code="a">E/ESCWA/STAT/1995/6</subfield>
    </datafield>
    <datafield tag="246" ind1=" " ind2=" ">
        <subfield code="a">تقرير عن المهِمة الاستشارية الى وزارة العمل والشؤون الاجتماعية مدينة عيسى-دولة البحرين خلال الفترة من 16 ايار/مايو 1989</subfield>
    </datafield>
    <datafield tag="269" ind1=" " ind2=" ">
        <subfield code="a">19950604</subfield>
    </datafield>
    <datafield tag="650" ind1=" " ind2=" ">
        <subfield code="a">WESTERN ASIA</subfield>
        <subfield code="0">(DHLAUTH)275490</subfield>
    </datafield>
    <datafield tag="650" ind1=" " ind2=" ">
        <subfield code="a">BAHRAIN</subfield>
        <subfield code="0">(DHLAUTH)273274</subfield>
    </datafield>
    <datafield tag="650" ind1=" " ind2=" ">
        <subfield code="a">ADVISORY SERVICES</subfield>
        <subfield code="0">(DHLAUTH)269860</subfield>
    </datafield>
    <datafield tag="650" ind1=" " ind2=" ">
        <subfield code="a">RECOMMENDATIONS</subfield>
        <subfield code="0">(DHLAUTH)275840</subfield>
    </datafield>
    <datafield tag="650" ind1=" " ind2=" ">
        <subfield code="a">STATISTICAL SERVICES</subfield>
        <subfield code="0">(DHLAUTH)270225</subfield>
    </datafield>
    <datafield tag="650" ind1=" " ind2=" ">
        <subfield code="a">TRAINING PROGRAMMES</subfield>
        <subfield code="0">(DHLAUTH)274026</subfield>
    </datafield>
    <datafield tag="650" ind1=" " ind2=" ">
        <subfield code="a">INTERNS AND TRAINEES</subfield>
        <subfield code="0">(DHLAUTH)274181</subfield>
    </datafield>
    <datafield tag="650" ind1=" " ind2=" ">
        <subfield code="a">SOCIAL RESEARCH</subfield>
        <subfield code="0">(DHLAUTH)269376</subfield>
    </datafield>
</record>
<record>
    <datafield tag="191" ind1=" " ind2=" ">
        <subfield code="a">E/ESCWA/STAT/1995/7</subfield>
    </datafield>
    <datafield tag="246" ind1=" " ind2=" ">
        <subfield code="a">تقرير عن المهمة الاستشارية الى جامعة قطر - دولة قطر خلال الفترة من 1-19 كانون الثاني /يناير 1995</subfield>
    </datafield>
    <datafield tag="269" ind1=" " ind2=" ">
        <subfield code="a">19950625</subfield>
    </datafield>
    <datafield tag="650" ind1=" " ind2=" ">
        <subfield code="a">ADVISORY SERVICES</subfield>
        <subfield code="0">(DHLAUTH)269860</subfield>
    </datafield>
    <datafield tag="650" ind1=" " ind2=" ">
        <subfield code="a">WESTERN ASIA</subfield>
        <subfield code="0">(DHLAUTH)275490</subfield>
    </datafield>
    <datafield tag="650" ind1=" " ind2=" ">
        <subfield code="a">STATISTICAL SERVICES</subfield>
        <subfield code="0">(DHLAUTH)270225</subfield>
    </datafield>
    <datafield tag="650" ind1=" " ind2=" ">
        <subfield code="a">TECHNICAL TRAINING</subfield>
        <subfield code="0">(DHLAUTH)271971</subfield>
    </datafield>
    <datafield tag="650" ind1=" " ind2=" ">
        <subfield code="a">GEOGRAPHIC INFORMATION SYSTEMS</subfield>
        <subfield code="0">(DHLAUTH)270489</subfield>
    </datafield>
    <datafield tag="650" ind1=" " ind2=" ">
        <subfield code="a">QATAR</subfield>
        <subfield code="0">(DHLAUTH)275603</subfield>
    </datafield>
    <datafield tag="650" ind1=" " ind2=" ">
        <subfield code="a">MICROCOMPUTERS</subfield>
        <subfield code="0">(DHLAUTH)272164</subfield>
    </datafield>
    <datafield tag="650" ind1=" " ind2=" ">
        <subfield code="a">STUDENTS</subfield>
        <subfield code="0">(DHLAUTH)274118</subfield>
    </datafield>
</record>
<record>
    <datafield tag="191" ind1=" " ind2=" ">
        <subfield code="a">E/ESCWA/STAT/1995/8</subfield>
    </datafield>
    <datafield tag="246" ind1=" " ind2=" ">
        <subfield code="a">التقرير الختامي</subfield>
    </datafield>
    <datafield tag="269" ind1=" " ind2=" ">
        <subfield code="a">19950711</subfield>
    </datafield>
    <datafield tag="650" ind1=" " ind2=" ">
        <subfield code="a">CONFERENCES</subfield>
        <subfield code="0">(DHLAUTH)275758</subfield>
    </datafield>
    <datafield tag="650" ind1=" " ind2=" ">
        <subfield code="a">WESTERN ASIA</subfield>
        <subfield code="0">(DHLAUTH)275490</subfield>
    </datafield>
    <datafield tag="650" ind1=" " ind2=" ">
        <subfield code="a">PARTICIPANTS</subfield>
        <subfield code="0">(DHLAUTH)275785</subfield>
    </datafield>
    <datafield tag="650" ind1=" " ind2=" ">
        <subfield code="a">WORK PROGRAMME</subfield>
        <subfield code="0">(DHLAUTH)275800</subfield>
    </datafield>
    <datafield tag="650" ind1=" " ind2=" ">
        <subfield code="a">WORK ORGANIZATION</subfield>
        <subfield code="0">(DHLAUTH)275746</subfield>
    </datafield>
    <datafield tag="650" ind1=" " ind2=" ">
        <subfield code="a">AGENDA</subfield>
        <subfield code="0">(DHLAUTH)275133</subfield>
    </datafield>
</record>
<record>
    <datafield tag="191" ind1=" " ind2=" ">
        <subfield code="a">E/ESCWA/STAT/1995/9</subfield>
    </datafield>
    <datafield tag="246" ind1=" " ind2=" ">
        <subfield code="a">تقرير عن المهمة الاستشارية الى دائرة التخطيط امارة ابو ظبي دولة الامارات العربية المتحدة ابو ظبي خلال الفترة 16-22 حزيران /يونيو 1995 </subfield>
    </datafield>
    <datafield tag="269" ind1=" " ind2=" ">
        <subfield code="a">19950712</subfield>
    </datafield>
    <datafield tag="650" ind1=" " ind2=" ">
        <subfield code="a">ADVISORY SERVICES</subfield>
        <subfield code="0">(DHLAUTH)269860</subfield>
    </datafield>
    <datafield tag="650" ind1=" " ind2=" ">
        <subfield code="a">WESTERN ASIA</subfield>
        <subfield code="0">(DHLAUTH)275490</subfield>
    </datafield>
    <datafield tag="650" ind1=" " ind2=" ">
        <subfield code="a">UNITED ARAB EMIRATES</subfield>
        <subfield code="0">(DHLAUTH)275604</subfield>
    </datafield>
    <datafield tag="650" ind1=" " ind2=" ">
        <subfield code="a">PRODUCTION</subfield>
        <subfield code="0">(DHLAUTH)269667</subfield>
    </datafield>
    <datafield tag="650" ind1=" " ind2=" ">
        <subfield code="a">GROSS DOMESTIC PRODUCT</subfield>
        <subfield code="0">(DHLAUTH)269801</subfield>
    </datafield>
</record>
<record>
    <datafield tag="191" ind1=" " ind2=" ">
        <subfield code="a">E/ESCWA/STAT/1996/1</subfield>
    </datafield>
    <datafield tag="246" ind1=" " ind2=" ">
        <subfield code="a">تقرير عن المهمة الاستشارية الى سلطة النقد الفلسطينية غزة - منطقة السلطة الوطنية خلال الفترة من 10-21 كانون الاول/ديسمبر 1995</subfield>
    </datafield>
    <datafield tag="269" ind1=" " ind2=" ">
        <subfield code="a">19960128</subfield>
    </datafield>
    <datafield tag="650" ind1=" " ind2=" ">
        <subfield code="a">ADVISORY SERVICES</subfield>
        <subfield code="0">(DHLAUTH)269860</subfield>
    </datafield>
    <datafield tag="650" ind1=" " ind2=" ">
        <subfield code="a">TECHNICAL COOPERATION</subfield>
        <subfield code="0">(DHLAUTH)268658</subfield>
    </datafield>
    <datafield tag="650" ind1=" " ind2=" ">
        <subfield code="a">WESTERN ASIA</subfield>
        <subfield code="0">(DHLAUTH)275490</subfield>
    </datafield>
    <datafield tag="650" ind1=" " ind2=" ">
        <subfield code="a">DATA COLLECTION</subfield>
        <subfield code="0">(DHLAUTH)270174</subfield>
    </datafield>
    <datafield tag="650" ind1=" " ind2=" ">
        <subfield code="a">STATISTICAL SERVICES</subfield>
        <subfield code="0">(DHLAUTH)270225</subfield>
    </datafield>
    <datafield tag="650" ind1=" " ind2=" ">
        <subfield code="a">WEST BANK (STATE OF PALESTINE)</subfield>
        <subfield code="0">(DHLAUTH)277374</subfield>
    </datafield>
    <datafield tag="650" ind1=" " ind2=" ">
        <subfield code="a">GAZA STRIP (STATE OF PALESTINE)</subfield>
        <subfield code="0">(DHLAUTH)277030</subfield>
    </datafield>
    <datafield tag="650" ind1=" " ind2=" ">
        <subfield code="a">FINANCIAL STATISTICS</subfield>
        <subfield code="0">(DHLAUTH)270194</subfield>
    </datafield>
</record>
<record>
    <datafield tag="191" ind1=" " ind2=" ">
        <subfield code="a">E/ESCWA/STAT/1996/11</subfield>
    </datafield>
    <datafield tag="246" ind1=" " ind2=" ">
        <subfield code="a">المسح الاحصائي عن استهلاك الطاقة في القطاع المنزلي ونظم المعلومات</subfield>
    </datafield>
    <datafield tag="269" ind1=" " ind2=" ">
        <subfield code="a">19960311</subfield>
    </datafield>
    <datafield tag="650" ind1=" " ind2=" ">
        <subfield code="a">ADVISORY SERVICES</subfield>
        <subfield code="0">(DHLAUTH)269860</subfield>
    </datafield>
    <datafield tag="650" ind1=" " ind2=" ">
        <subfield code="a">WESTERN ASIA</subfield>
        <subfield code="0">(DHLAUTH)275490</subfield>
    </datafield>
    <datafield tag="650" ind1=" " ind2=" ">
        <subfield code="a">STATISTICAL SERVICES</subfield>
        <subfield code="0">(DHLAUTH)270225</subfield>
    </datafield>
    <datafield tag="650" ind1=" " ind2=" ">
        <subfield code="a">GEOGRAPHIC INFORMATION SYSTEMS</subfield>
        <subfield code="0">(DHLAUTH)270489</subfield>
    </datafield>
    <datafield tag="650" ind1=" " ind2=" ">
        <subfield code="a">ENERGY CONSUMPTION</subfield>
        <subfield code="0">(DHLAUTH)269578</subfield>
    </datafield>
    <datafield tag="650" ind1=" " ind2=" ">
        <subfield code="a">MODEL FORMS</subfield>
        <subfield code="0">(DHLAUTH)269304</subfield>
    </datafield>
    <datafield tag="650" ind1=" " ind2=" ">
        <subfield code="a">JORDAN</subfield>
        <subfield code="0">(DHLAUTH)269099</subfield>
    </datafield>
</record>
<record>
    <datafield tag="191" ind1=" " ind2=" ">
        <subfield code="a">E/ESCWA/STAT/1996/13</subfield>
    </datafield>
    <datafield tag="246" ind1=" " ind2=" ">
        <subfield code="a">دراسات الحسابات القومية لمنطقة اللجنة الاقتصادية والاجتماعية لغربي آسيا، النشرة السادسة عشرة = NATIONAL ACCOUNTS STUDIES OF THE ESCWA REGION, BULLETIN NO. 16</subfield>
    </datafield>
    <datafield tag="269" ind1=" " ind2=" ">
        <subfield code="a">19960401</subfield>
    </datafield>
    <datafield tag="650" ind1=" " ind2=" ">
        <subfield code="a">NATIONAL ACCOUNTS</subfield>
        <subfield code="0">(DHLAUTH)269651</subfield>
    </datafield>
    <datafield tag="650" ind1=" " ind2=" ">
        <subfield code="a">STATISTICAL DATA</subfield>
        <subfield code="0">(DHLAUTH)270233</subfield>
    </datafield>
    <datafield tag="650" ind1=" " ind2=" ">
        <subfield code="a">WESTERN ASIA</subfield>
        <subfield code="0">(DHLAUTH)275490</subfield>
    </datafield>
    <datafield tag="650" ind1=" " ind2=" ">
        <subfield code="a">SERIAL PUBLICATIONS</subfield>
        <subfield code="0">(DHLAUTH)275065</subfield>
    </datafield>
</record>
<record>
    <datafield tag="191" ind1=" " ind2=" ">
        <subfield code="a">E/ESCWA/STAT/1996/14</subfield>
    </datafield>
    <datafield tag="245" ind1=" " ind2=" ">
        <subfield code="a">REGIONAL TRAINING WORKSHOP ON POPMAP FOR WINDOWS AND INTERNET DAMASCUS 12-17 OCTOBER 1996: FINAL REPORT</subfield>
    </datafield>
    <datafield tag="246" ind1=" " ind2=" ">
        <subfield code="a">حلقة العمل الاقليمية للتدريب على برنامج بوب ماب لقواعد البيانات السكانية الجغرافية والانترنت دمشق 12- 17 تشرين الاول/اكتوبر 1996, التقرير النهائي</subfield>
    </datafield>
    <datafield tag="269" ind1=" " ind2=" ">
        <subfield code="a">19961205</subfield>
    </datafield>
    <datafield tag="650" ind1=" " ind2=" ">
        <subfield code="a">TRAINING PROGRAMMES</subfield>
        <subfield code="0">(DHLAUTH)274026</subfield>
    </datafield>
    <datafield tag="650" ind1=" " ind2=" ">
        <subfield code="a">COMPUTER SOFTWARE</subfield>
        <subfield code="0">(DHLAUTH)275244</subfield>
    </datafield>
    <datafield tag="650" ind1=" " ind2=" ">
        <subfield code="a">INTERNET</subfield>
        <subfield code="0">(DHLAUTH)438931</subfield>
    </datafield>
    <datafield tag="650" ind1=" " ind2=" ">
        <subfield code="a">GEOGRAPHIC INFORMATION SYSTEMS</subfield>
        <subfield code="0">(DHLAUTH)270489</subfield>
    </datafield>
    <datafield tag="650" ind1=" " ind2=" ">
        <subfield code="a">WESTERN ASIA</subfield>
        <subfield code="0">(DHLAUTH)275490</subfield>
    </datafield>
    <datafield tag="650" ind1=" " ind2=" ">
        <subfield code="a">COMPUTER PROGRAMS</subfield>
        <subfield code="0">(DHLAUTH)275242</subfield>
    </datafield>
</record>
<record>
    <datafield tag="191" ind1=" " ind2=" ">
        <subfield code="a">E/ESCWA/STAT/1996/2</subfield>
    </datafield>
    <datafield tag="246" ind1=" " ind2=" ">
        <subfield code="a">تقرير عن المهمة الاستشارية الى ادارة الاحصاء المركزية - منطقة السلطة الوطنية الفلسطينية خلال الفترة من 23-24 كانون الثاني/ديسمبر 1995 </subfield>
    </datafield>
    <datafield tag="269" ind1=" " ind2=" ">
        <subfield code="a">19960128</subfield>
    </datafield>
    <datafield tag="650" ind1=" " ind2=" ">
        <subfield code="a">ADVISORY SERVICES</subfield>
        <subfield code="0">(DHLAUTH)269860</subfield>
    </datafield>
    <datafield tag="650" ind1=" " ind2=" ">
        <subfield code="a">TECHNICAL COOPERATION</subfield>
        <subfield code="0">(DHLAUTH)268658</subfield>
    </datafield>
    <datafield tag="650" ind1=" " ind2=" ">
        <subfield code="a">WESTERN ASIA</subfield>
        <subfield code="0">(DHLAUTH)275490</subfield>
    </datafield>
    <datafield tag="650" ind1=" " ind2=" ">
        <subfield code="a">NATIONAL ACCOUNTS</subfield>
        <subfield code="0">(DHLAUTH)269651</subfield>
    </datafield>
    <datafield tag="650" ind1=" " ind2=" ">
        <subfield code="a">TECHNICAL TRAINING</subfield>
        <subfield code="0">(DHLAUTH)271971</subfield>
    </datafield>
</record>
<record>
    <datafield tag="191" ind1=" " ind2=" ">
        <subfield code="a">E/ESCWA/STAT/1996/3</subfield>
    </datafield>
    <datafield tag="246" ind1=" " ind2=" ">
        <subfield code="a">تقرير عن المهمة الاستشارية الى وزارة الشئون الاجتماعية والعمل الدورة التدريبية عن الدراسات والمسوح الاجتماعية والجنائية والمعالجة الالية للبيانات مسقط - سلطنة عمان خلال الفترة 10-27 تشرين الثاني/نوفمبر 1995 </subfield>
    </datafield>
    <datafield tag="269" ind1=" " ind2=" ">
        <subfield code="a">19960215</subfield>
    </datafield>
    <datafield tag="650" ind1=" " ind2=" ">
        <subfield code="a">WESTERN ASIA</subfield>
        <subfield code="0">(DHLAUTH)275490</subfield>
    </datafield>
    <datafield tag="650" ind1=" " ind2=" ">
        <subfield code="a">ADVISORY SERVICES</subfield>
        <subfield code="0">(DHLAUTH)269860</subfield>
    </datafield>
    <datafield tag="650" ind1=" " ind2=" ">
        <subfield code="a">STATISTICAL SERVICES</subfield>
        <subfield code="0">(DHLAUTH)270225</subfield>
    </datafield>
    <datafield tag="650" ind1=" " ind2=" ">
        <subfield code="a">INTERNS AND TRAINEES</subfield>
        <subfield code="0">(DHLAUTH)274181</subfield>
    </datafield>
    <datafield tag="650" ind1=" " ind2=" ">
        <subfield code="a">TRAINING PROGRAMMES</subfield>
        <subfield code="0">(DHLAUTH)274026</subfield>
    </datafield>
    <datafield tag="650" ind1=" " ind2=" ">
        <subfield code="a">SOCIAL RESEARCH</subfield>
        <subfield code="0">(DHLAUTH)269376</subfield>
    </datafield>
    <datafield tag="650" ind1=" " ind2=" ">
        <subfield code="a">OMAN</subfield>
        <subfield code="0">(DHLAUTH)273438</subfield>
    </datafield>
    <datafield tag="650" ind1=" " ind2=" ">
        <subfield code="a">DATA PROCESSING SERVICES</subfield>
        <subfield code="0">(DHLAUTH)275236</subfield>
    </datafield>
    <datafield tag="650" ind1=" " ind2=" ">
        <subfield code="a">SURVEYS</subfield>
        <subfield code="0">(DHLAUTH)269793</subfield>
    </datafield>
</record>
<record>
    <datafield tag="191" ind1=" " ind2=" ">
        <subfield code="a">E/ESCWA/STAT/1996/4</subfield>
    </datafield>
    <datafield tag="246" ind1=" " ind2=" ">
        <subfield code="a">تقرير عن المهمة الاستشارية الى دائرة التخطيط امارة ابو ظبي دولة الامارات العربية المتحدة ابو ظبي خلال الفترة 29 كانون الثاني/يناير - 13 شباط/فبراير 1996 </subfield>
    </datafield>
    <datafield tag="269" ind1=" " ind2=" ">
        <subfield code="a">19960305</subfield>
    </datafield>
    <datafield tag="650" ind1=" " ind2=" ">
        <subfield code="a">ADVISORY SERVICES</subfield>
        <subfield code="0">(DHLAUTH)269860</subfield>
    </datafield>
    <datafield tag="650" ind1=" " ind2=" ">
        <subfield code="a">WESTERN ASIA</subfield>
        <subfield code="0">(DHLAUTH)275490</subfield>
    </datafield>
    <datafield tag="650" ind1=" " ind2=" ">
        <subfield code="a">UNITED ARAB EMIRATES</subfield>
        <subfield code="0">(DHLAUTH)275604</subfield>
    </datafield>
    <datafield tag="650" ind1=" " ind2=" ">
        <subfield code="a">ECONOMIC STATISTICS</subfield>
        <subfield code="0">(DHLAUTH)269633</subfield>
    </datafield>
    <datafield tag="650" ind1=" " ind2=" ">
        <subfield code="a">TECHNICAL TRAINING</subfield>
        <subfield code="0">(DHLAUTH)271971</subfield>
    </datafield>
    <datafield tag="650" ind1=" " ind2=" ">
        <subfield code="a">NATIONAL ACCOUNTS</subfield>
        <subfield code="0">(DHLAUTH)269651</subfield>
    </datafield>
    <datafield tag="650" ind1=" " ind2=" ">
        <subfield code="a">DATA ANALYSIS</subfield>
        <subfield code="0">(DHLAUTH)275260</subfield>
    </datafield>
    <datafield tag="650" ind1=" " ind2=" ">
        <subfield code="a">MODEL FORMS</subfield>
        <subfield code="0">(DHLAUTH)269304</subfield>
    </datafield>
    <datafield tag="650" ind1=" " ind2=" ">
        <subfield code="a">STATISTICAL CLASSIFICATIONS</subfield>
        <subfield code="0">(DHLAUTH)270220</subfield>
    </datafield>
</record>
<record>
    <datafield tag="191" ind1=" " ind2=" ">
        <subfield code="a">E/ESCWA/STAT/1996/7</subfield>
    </datafield>
    <datafield tag="246" ind1=" " ind2=" ">
        <subfield code="a">تقرير عن المهمة الاستشارية الى المكتب المركزي للاحصاء والمصادر الطبيعية الفلسطيني دمشق - الجمهورية العربية السورية خلال الفترة من 1-9 نيسان/ابريل 1996</subfield>
    </datafield>
    <datafield tag="269" ind1=" " ind2=" ">
        <subfield code="a">19960521</subfield>
    </datafield>
    <datafield tag="650" ind1=" " ind2=" ">
        <subfield code="a">ADVISORY SERVICES</subfield>
        <subfield code="0">(DHLAUTH)269860</subfield>
    </datafield>
    <datafield tag="650" ind1=" " ind2=" ">
        <subfield code="a">TECHNICAL COOPERATION</subfield>
        <subfield code="0">(DHLAUTH)268658</subfield>
    </datafield>
    <datafield tag="650" ind1=" " ind2=" ">
        <subfield code="a">WESTERN ASIA</subfield>
        <subfield code="0">(DHLAUTH)275490</subfield>
    </datafield>
    <datafield tag="650" ind1=" " ind2=" ">
        <subfield code="a">STATISTICAL METHODOLOGY</subfield>
        <subfield code="0">(DHLAUTH)269635</subfield>
    </datafield>
    <datafield tag="650" ind1=" " ind2=" ">
        <subfield code="a">TECHNICAL TRAINING</subfield>
        <subfield code="0">(DHLAUTH)271971</subfield>
    </datafield>
    <datafield tag="650" ind1=" " ind2=" ">
        <subfield code="a">TRAINING PROGRAMMES</subfield>
        <subfield code="0">(DHLAUTH)274026</subfield>
    </datafield>
    <datafield tag="650" ind1=" " ind2=" ">
        <subfield code="a">DATA ANALYSIS</subfield>
        <subfield code="0">(DHLAUTH)275260</subfield>
    </datafield>
    <datafield tag="650" ind1=" " ind2=" ">
        <subfield code="a">SYRIAN ARAB REPUBLIC</subfield>
        <subfield code="0">(DHLAUTH)273496</subfield>
    </datafield>
    <datafield tag="650" ind1=" " ind2=" ">
        <subfield code="a">PRIMARY EDUCATION</subfield>
        <subfield code="0">(DHLAUTH)273999</subfield>
    </datafield>
    <datafield tag="650" ind1=" " ind2=" ">
        <subfield code="a">REFUGEE CAMPS</subfield>
        <subfield code="0">(DHLAUTH)274386</subfield>
    </datafield>
    <datafield tag="650" ind1=" " ind2=" ">
        <subfield code="a">SURVEYS</subfield>
        <subfield code="0">(DHLAUTH)269793</subfield>
    </datafield>
</record>
<record>
    <datafield tag="191" ind1=" " ind2=" ">
        <subfield code="a">E/ESCWA/STAT/1996/8</subfield>
    </datafield>
    <datafield tag="246" ind1=" " ind2=" ">
        <subfield code="a">تقرير عن المهمة الاستشارية الى المكتب المركزي للاحصاء والمصادر الطبيعية الفلسطيني دمشق - الجمهورية العربية السورية خلال الفترة من 1-9 نيسان/ابريل 1996</subfield>
    </datafield>
    <datafield tag="269" ind1=" " ind2=" ">
        <subfield code="a">19960617</subfield>
    </datafield>
    <datafield tag="650" ind1=" " ind2=" ">
        <subfield code="a">ADVISORY SERVICES</subfield>
        <subfield code="0">(DHLAUTH)269860</subfield>
    </datafield>
    <datafield tag="650" ind1=" " ind2=" ">
        <subfield code="a">TECHNICAL COOPERATION</subfield>
        <subfield code="0">(DHLAUTH)268658</subfield>
    </datafield>
    <datafield tag="650" ind1=" " ind2=" ">
        <subfield code="a">STATISTICAL DATA</subfield>
        <subfield code="0">(DHLAUTH)270233</subfield>
    </datafield>
    <datafield tag="650" ind1=" " ind2=" ">
        <subfield code="a">WESTERN ASIA</subfield>
        <subfield code="0">(DHLAUTH)275490</subfield>
    </datafield>
    <datafield tag="650" ind1=" " ind2=" ">
        <subfield code="a">NATIONAL ACCOUNTS</subfield>
        <subfield code="0">(DHLAUTH)269651</subfield>
    </datafield>
    <datafield tag="650" ind1=" " ind2=" ">
        <subfield code="a">DATA ANALYSIS</subfield>
        <subfield code="0">(DHLAUTH)275260</subfield>
    </datafield>
    <datafield tag="650" ind1=" " ind2=" ">
        <subfield code="a">ISRAEL</subfield>
        <subfield code="0">(DHLAUTH)268556</subfield>
    </datafield>
    <datafield tag="650" ind1=" " ind2=" ">
        <subfield code="a">ECONOMIC ANALYSIS</subfield>
        <subfield code="0">(DHLAUTH)269649</subfield>
    </datafield>
    <datafield tag="650" ind1=" " ind2=" ">
        <subfield code="a">WEST BANK (STATE OF PALESTINE)</subfield>
        <subfield code="0">(DHLAUTH)277374</subfield>
    </datafield>
    <datafield tag="650" ind1=" " ind2=" ">
        <subfield code="a">GAZA STRIP (STATE OF PALESTINE)</subfield>
        <subfield code="0">(DHLAUTH)277030</subfield>
    </datafield>
</record>
<record>
    <datafield tag="191" ind1=" " ind2=" ">
        <subfield code="a">E/ESCWA/STAT/1996/9</subfield>
    </datafield>
    <datafield tag="246" ind1=" " ind2=" ">
        <subfield code="a">تقرير عن المهمة الاستشارية الى مركز معلومات المرأة والطفل المنامة - دولة البحرين خلال الفترة 12-26 ايار/مايو 1996</subfield>
    </datafield>
    <datafield tag="269" ind1=" " ind2=" ">
        <subfield code="a">19960627</subfield>
    </datafield>
    <datafield tag="650" ind1=" " ind2=" ">
        <subfield code="a">WESTERN ASIA</subfield>
        <subfield code="0">(DHLAUTH)275490</subfield>
    </datafield>
    <datafield tag="650" ind1=" " ind2=" ">
        <subfield code="a">BAHRAIN</subfield>
        <subfield code="0">(DHLAUTH)273274</subfield>
    </datafield>
    <datafield tag="650" ind1=" " ind2=" ">
        <subfield code="a">ADVISORY SERVICES</subfield>
        <subfield code="0">(DHLAUTH)269860</subfield>
    </datafield>
    <datafield tag="650" ind1=" " ind2=" ">
        <subfield code="a">STATISTICAL SERVICES</subfield>
        <subfield code="0">(DHLAUTH)270225</subfield>
    </datafield>
    <datafield tag="650" ind1=" " ind2=" ">
        <subfield code="a">SOCIAL RESEARCH</subfield>
        <subfield code="0">(DHLAUTH)269376</subfield>
    </datafield>
    <datafield tag="650" ind1=" " ind2=" ">
        <subfield code="a">DATA COLLECTION</subfield>
        <subfield code="0">(DHLAUTH)270174</subfield>
    </datafield>
    <datafield tag="650" ind1=" " ind2=" ">
        <subfield code="a">DATA BANKS</subfield>
        <subfield code="0">(DHLAUTH)275123</subfield>
    </datafield>
    <datafield tag="650" ind1=" " ind2=" ">
        <subfield code="a">DATA PROCESSING SERVICES</subfield>
        <subfield code="0">(DHLAUTH)275236</subfield>
    </datafield>
    <datafield tag="650" ind1=" " ind2=" ">
        <subfield code="a">ORGANIZATIONAL STRUCTURE</subfield>
        <subfield code="0">(DHLAUTH)272030</subfield>
    </datafield>
</record>
<record>
    <datafield tag="191" ind1=" " ind2=" ">
        <subfield code="a">E/ESCWA/STAT/1997/1</subfield>
    </datafield>
    <datafield tag="246" ind1=" " ind2=" ">
        <subfield code="a">مسوح السكان الناشطين إقتصاديا والعمالة والبطالة والعمالة الناقصة : دليل تقدمه منظمة العمل الدولية عن مفاهيم المسوح وطرائقها</subfield>
    </datafield>
    <datafield tag="269" ind1=" " ind2=" ">
        <subfield code="a">19970901</subfield>
    </datafield>
    <datafield tag="650" ind1=" " ind2=" ">
        <subfield code="a">MANUALS</subfield>
        <subfield code="0">(DHLAUTH)274980</subfield>
    </datafield>
    <datafield tag="650" ind1=" " ind2=" ">
        <subfield code="a">DATA COLLECTION</subfield>
        <subfield code="0">(DHLAUTH)270174</subfield>
    </datafield>
    <datafield tag="650" ind1=" " ind2=" ">
        <subfield code="a">STATISTICAL METHODOLOGY</subfield>
        <subfield code="0">(DHLAUTH)269635</subfield>
    </datafield>
    <datafield tag="650" ind1=" " ind2=" ">
        <subfield code="a">HUMAN RESOURCES</subfield>
        <subfield code="0">(DHLAUTH)270571</subfield>
    </datafield>
    <datafield tag="650" ind1=" " ind2=" ">
        <subfield code="a">UNEMPLOYMENT</subfield>
        <subfield code="0">(DHLAUTH)269726</subfield>
    </datafield>
    <datafield tag="650" ind1=" " ind2=" ">
        <subfield code="a">WESTERN ASIA</subfield>
        <subfield code="0">(DHLAUTH)275490</subfield>
    </datafield>
    <datafield tag="650" ind1=" " ind2=" ">
        <subfield code="a">HOUSEHOLD SURVEYS</subfield>
        <subfield code="0">(DHLAUTH)270181</subfield>
    </datafield>
    <datafield tag="650" ind1=" " ind2=" ">
        <subfield code="a">HOURS OF WORK</subfield>
        <subfield code="0">(DHLAUTH)274248</subfield>
    </datafield>
    <datafield tag="650" ind1=" " ind2=" ">
        <subfield code="a">DEMOGRAPHIC STATISTICS</subfield>
        <subfield code="0">(DHLAUTH)270229</subfield>
    </datafield>
    <datafield tag="650" ind1=" " ind2=" ">
        <subfield code="a">UNDEREMPLOYMENT</subfield>
        <subfield code="0">(DHLAUTH)269779</subfield>
    </datafield>
    <datafield tag="650" ind1=" " ind2=" ">
        <subfield code="a">SAMPLING</subfield>
        <subfield code="0">(DHLAUTH)270203</subfield>
    </datafield>
    <datafield tag="650" ind1=" " ind2=" ">
        <subfield code="a">SURVEYS</subfield>
        <subfield code="0">(DHLAUTH)269793</subfield>
    </datafield>
    <datafield tag="650" ind1=" " ind2=" ">
        <subfield code="a">STATISTICAL CLASSIFICATIONS</subfield>
        <subfield code="0">(DHLAUTH)270220</subfield>
    </datafield>
    <datafield tag="650" ind1=" " ind2=" ">
        <subfield code="a">JOB CLASSIFICATION</subfield>
        <subfield code="0">(DHLAUTH)272044</subfield>
    </datafield>
    <datafield tag="650" ind1=" " ind2=" ">
        <subfield code="a">QUESTIONNAIRES</subfield>
        <subfield code="0">(DHLAUTH)272018</subfield>
    </datafield>
    <datafield tag="650" ind1=" " ind2=" ">
        <subfield code="a">DATA PROCESSING SERVICES</subfield>
        <subfield code="0">(DHLAUTH)275236</subfield>
    </datafield>
    <datafield tag="650" ind1=" " ind2=" ">
        <subfield code="a">MANPOWER</subfield>
        <subfield code="0">(DHLAUTH)273105</subfield>
    </datafield>
</record>
<record>
    <datafield tag="191" ind1=" " ind2=" ">
        <subfield code="a">E/ESCWA/STAT/1997/4</subfield>
    </datafield>
    <datafield tag="246" ind1=" " ind2=" ">
        <subfield code="a">نشرة الاحصاءات الصناعية للدول العربية = BULLETIN OF INDUSTRIAL STATISTICS FOR THE ARAB COUNTRIES</subfield>
    </datafield>
    <datafield tag="269" ind1=" " ind2=" ">
        <subfield code="a">19971201</subfield>
    </datafield>
    <datafield tag="650" ind1=" " ind2=" ">
        <subfield code="a">WESTERN ASIA</subfield>
        <subfield code="0">(DHLAUTH)275490</subfield>
    </datafield>
    <datafield tag="650" ind1=" " ind2=" ">
        <subfield code="a">GROSS DOMESTIC PRODUCT</subfield>
        <subfield code="0">(DHLAUTH)269801</subfield>
    </datafield>
    <datafield tag="650" ind1=" " ind2=" ">
        <subfield code="a">ARAB COUNTRIES</subfield>
        <subfield code="0">(DHLAUTH)268705</subfield>
    </datafield>
    <datafield tag="650" ind1=" " ind2=" ">
        <subfield code="a">MANUFACTURING</subfield>
        <subfield code="0">(DHLAUTH)271821</subfield>
    </datafield>
    <datafield tag="650" ind1=" " ind2=" ">
        <subfield code="a">INDUSTRIAL STATISTICS</subfield>
        <subfield code="0">(DHLAUTH)270195</subfield>
    </datafield>
</record>
<record>
    <datafield tag="191" ind1=" " ind2=" ">
        <subfield code="a">E/ESCWA/STAT/1997/IG.1/14</subfield>
    </datafield>
    <datafield tag="246" ind1=" " ind2=" ">
        <subfield code="a">تقرير حول نشاطات المشروع الإقليمي لمسوح الأسر لمنطقة اللجنة الإقتصادية والإجتماعية لغربي آسيا (الإسكوا)</subfield>
    </datafield>
    <datafield tag="269" ind1=" " ind2=" ">
        <subfield code="a">19970115</subfield>
    </datafield>
    <datafield tag="650" ind1=" " ind2=" ">
        <subfield code="a">FAMILY LIFE SURVEYS</subfield>
        <subfield code="0">(DHLAUTH)273052</subfield>
    </datafield>
    <datafield tag="650" ind1=" " ind2=" ">
        <subfield code="a">ADVISORY SERVICES</subfield>
        <subfield code="0">(DHLAUTH)269860</subfield>
    </datafield>
    <datafield tag="650" ind1=" " ind2=" ">
        <subfield code="a">RESOLUTIONS AND DECISIONS</subfield>
        <subfield code="0">(DHLAUTH)275677</subfield>
    </datafield>
    <datafield tag="650" ind1=" " ind2=" ">
        <subfield code="a">RECOMMENDATIONS</subfield>
        <subfield code="0">(DHLAUTH)275840</subfield>
    </datafield>
    <datafield tag="650" ind1=" " ind2=" ">
        <subfield code="a">CONFERENCES</subfield>
        <subfield code="0">(DHLAUTH)275758</subfield>
    </datafield>
    <datafield tag="650" ind1=" " ind2=" ">
        <subfield code="a">WESTERN ASIA</subfield>
        <subfield code="0">(DHLAUTH)275490</subfield>
    </datafield>
</record>
<record>
    <datafield tag="191" ind1=" " ind2=" ">
        <subfield code="a">E/ESCWA/STAT/1998/3</subfield>
    </datafield>
    <datafield tag="246" ind1=" " ind2=" ">
        <subfield code="a">تقرير اجتماع فريق الخبراء حول تقييم المراحل الاولى من تنفيذ نظام الحسابات القومية 1993 في الدول الاعضاء في الاسكوا 18-22 ايار بيروت 1998 </subfield>
    </datafield>
    <datafield tag="269" ind1=" " ind2=" ">
        <subfield code="a">19980601</subfield>
    </datafield>
    <datafield tag="650" ind1=" " ind2=" ">
        <subfield code="a">NATIONAL ACCOUNTS</subfield>
        <subfield code="0">(DHLAUTH)269651</subfield>
    </datafield>
    <datafield tag="650" ind1=" " ind2=" ">
        <subfield code="a">CONFERENCES</subfield>
        <subfield code="0">(DHLAUTH)275758</subfield>
    </datafield>
    <datafield tag="650" ind1=" " ind2=" ">
        <subfield code="a">WESTERN ASIA</subfield>
        <subfield code="0">(DHLAUTH)275490</subfield>
    </datafield>
    <datafield tag="650" ind1=" " ind2=" ">
        <subfield code="a">RECOMMENDATIONS</subfield>
        <subfield code="0">(DHLAUTH)275840</subfield>
    </datafield>
    <datafield tag="650" ind1=" " ind2=" ">
        <subfield code="a">PARTICIPANTS</subfield>
        <subfield code="0">(DHLAUTH)275785</subfield>
    </datafield>
    <datafield tag="650" ind1=" " ind2=" ">
        <subfield code="a">DOCUMENTS</subfield>
        <subfield code="0">(DHLAUTH)270014</subfield>
    </datafield>
    <datafield tag="650" ind1=" " ind2=" ">
        <subfield code="a">WORK ORGANIZATION</subfield>
        <subfield code="0">(DHLAUTH)275746</subfield>
    </datafield>
</record>
<record>
    <datafield tag="191" ind1=" " ind2=" ">
        <subfield code="a">E/ESCWA/STAT/1999/11(E)</subfield>
    </datafield>
    <datafield tag="245" ind1=" " ind2=" ">
        <subfield code="a">WOMEN AND MEN IN THE ARAB REGION A STATISTICAL PORTRAIT 2000</subfield>
    </datafield>
    <datafield tag="269" ind1=" " ind2=" ">
        <subfield code="a">19991126</subfield>
    </datafield>
    <datafield tag="650" ind1=" " ind2=" ">
        <subfield code="a">FAMILY STATISTICS</subfield>
        <subfield code="0">(DHLAUTH)272989</subfield>
    </datafield>
    <datafield tag="650" ind1=" " ind2=" ">
        <subfield code="a">STATISTICAL DATA</subfield>
        <subfield code="0">(DHLAUTH)270233</subfield>
    </datafield>
    <datafield tag="650" ind1=" " ind2=" ">
        <subfield code="a">DEMOGRAPHIC STATISTICS</subfield>
        <subfield code="0">(DHLAUTH)270229</subfield>
    </datafield>
    <datafield tag="650" ind1=" " ind2=" ">
        <subfield code="a">MANPOWER</subfield>
        <subfield code="0">(DHLAUTH)273105</subfield>
    </datafield>
    <datafield tag="650" ind1=" " ind2=" ">
        <subfield code="a">EDUCATION</subfield>
        <subfield code="0">(DHLAUTH)268926</subfield>
    </datafield>
    <datafield tag="650" ind1=" " ind2=" ">
        <subfield code="a">FAMILY</subfield>
        <subfield code="0">(DHLAUTH)269293</subfield>
    </datafield>
    <datafield tag="650" ind1=" " ind2=" ">
        <subfield code="a">FERTILITY</subfield>
        <subfield code="0">(DHLAUTH)273021</subfield>
    </datafield>
    <datafield tag="650" ind1=" " ind2=" ">
        <subfield code="a">FAMILY PLANNING</subfield>
        <subfield code="0">(DHLAUTH)273053</subfield>
    </datafield>
    <datafield tag="650" ind1=" " ind2=" ">
        <subfield code="a">MORTALITY</subfield>
        <subfield code="0">(DHLAUTH)272982</subfield>
    </datafield>
    <datafield tag="650" ind1=" " ind2=" ">
        <subfield code="a">LIFE EXPECTANCY</subfield>
        <subfield code="0">(DHLAUTH)272471</subfield>
    </datafield>
    <datafield tag="650" ind1=" " ind2=" ">
        <subfield code="a">GENDER STATISTICS</subfield>
        <subfield code="0">(DHLAUTH)276683</subfield>
    </datafield>
    <datafield tag="650" ind1=" " ind2=" ">
        <subfield code="a">EDUCATIONAL STATISTICS</subfield>
        <subfield code="0">(DHLAUTH)274050</subfield>
    </datafield>
    <datafield tag="650" ind1=" " ind2=" ">
        <subfield code="a">LABOUR STATISTICS</subfield>
        <subfield code="0">(DHLAUTH)274202</subfield>
    </datafield>
</record>
<record>
    <datafield tag="191" ind1=" " ind2=" ">
        <subfield code="a">E/ESCWA/STAT/1999/12</subfield>
    </datafield>
    <datafield tag="246" ind1=" " ind2=" ">
        <subfield code="a">تقرير ورشة العمل الإقليمية الثانية حول إحصاءات النوع الإجتماعي في البلدان العربية عمان, 8-11 تشرين الثاني/نوفمبر 1999</subfield>
    </datafield>
    <datafield tag="269" ind1=" " ind2=" ">
        <subfield code="a">19991209</subfield>
    </datafield>
    <datafield tag="650" ind1=" " ind2=" ">
        <subfield code="a">WESTERN ASIA</subfield>
        <subfield code="0">(DHLAUTH)275490</subfield>
    </datafield>
    <datafield tag="650" ind1=" " ind2=" ">
        <subfield code="a">GENDER</subfield>
        <subfield code="0">(DHLAUTH)444326</subfield>
    </datafield>
    <datafield tag="650" ind1=" " ind2=" ">
        <subfield code="a">REGIONAL COOPERATION</subfield>
        <subfield code="0">(DHLAUTH)268656</subfield>
    </datafield>
    <datafield tag="650" ind1=" " ind2=" ">
        <subfield code="a">WORK ORGANIZATION</subfield>
        <subfield code="0">(DHLAUTH)275746</subfield>
    </datafield>
    <datafield tag="650" ind1=" " ind2=" ">
        <subfield code="a">DOCUMENTS</subfield>
        <subfield code="0">(DHLAUTH)270014</subfield>
    </datafield>
    <datafield tag="650" ind1=" " ind2=" ">
        <subfield code="a">PARTICIPANTS</subfield>
        <subfield code="0">(DHLAUTH)275785</subfield>
    </datafield>
</record>
<record>
    <datafield tag="191" ind1=" " ind2=" ">
        <subfield code="a">E/ESCWA/STAT/1999/2</subfield>
    </datafield>
    <datafield tag="246" ind1=" " ind2=" ">
        <subfield code="a">تقرير اللجنة الاحصائية عن دورتها الثالثة</subfield>
    </datafield>
    <datafield tag="269" ind1=" " ind2=" ">
        <subfield code="a">19990323</subfield>
    </datafield>
    <datafield tag="650" ind1=" " ind2=" ">
        <subfield code="a">WORK PROGRAMME</subfield>
        <subfield code="0">(DHLAUTH)275800</subfield>
    </datafield>
    <datafield tag="650" ind1=" " ind2=" ">
        <subfield code="a">WORK ORGANIZATION</subfield>
        <subfield code="0">(DHLAUTH)275746</subfield>
    </datafield>
    <datafield tag="650" ind1=" " ind2=" ">
        <subfield code="a">NATIONAL ACCOUNTS</subfield>
        <subfield code="0">(DHLAUTH)269651</subfield>
    </datafield>
    <datafield tag="650" ind1=" " ind2=" ">
        <subfield code="a">FAMILY</subfield>
        <subfield code="0">(DHLAUTH)269293</subfield>
    </datafield>
    <datafield tag="650" ind1=" " ind2=" ">
        <subfield code="a">INDUSTRIAL STATISTICS</subfield>
        <subfield code="0">(DHLAUTH)270195</subfield>
    </datafield>
    <datafield tag="650" ind1=" " ind2=" ">
        <subfield code="a">WESTERN ASIA</subfield>
        <subfield code="0">(DHLAUTH)275490</subfield>
    </datafield>
    <datafield tag="650" ind1=" " ind2=" ">
        <subfield code="a">TECHNICAL COOPERATION</subfield>
        <subfield code="0">(DHLAUTH)268658</subfield>
    </datafield>
    <datafield tag="650" ind1=" " ind2=" ">
        <subfield code="a">SURVEYS</subfield>
        <subfield code="0">(DHLAUTH)269793</subfield>
    </datafield>
    <datafield tag="650" ind1=" " ind2=" ">
        <subfield code="a">PERIODIC REPORTS</subfield>
        <subfield code="0">(DHLAUTH)275135</subfield>
    </datafield>
</record>
<record>
    <datafield tag="191" ind1=" " ind2=" ">
        <subfield code="a">E/ESCWA/STAT/1999/3</subfield>
    </datafield>
    <datafield tag="246" ind1=" " ind2=" ">
        <subfield code="a">تقرير إجتماع فريق الخبراء بشأن آثار المؤتمرات العالمية للأمم المتحدة على الإحصاءات الإجتماعية</subfield>
    </datafield>
    <datafield tag="269" ind1=" " ind2=" ">
        <subfield code="a">19990420</subfield>
    </datafield>
    <datafield tag="650" ind1=" " ind2=" ">
        <subfield code="a">PERIODIC REPORTS</subfield>
        <subfield code="0">(DHLAUTH)275135</subfield>
    </datafield>
    <datafield tag="650" ind1=" " ind2=" ">
        <subfield code="a">WORK ORGANIZATION</subfield>
        <subfield code="0">(DHLAUTH)275746</subfield>
    </datafield>
    <datafield tag="650" ind1=" " ind2=" ">
        <subfield code="a">RECOMMENDATIONS</subfield>
        <subfield code="0">(DHLAUTH)275840</subfield>
    </datafield>
    <datafield tag="650" ind1=" " ind2=" ">
        <subfield code="a">SOCIAL STATISTICS</subfield>
        <subfield code="0">(DHLAUTH)270232</subfield>
    </datafield>
</record>
<record>
    <datafield tag="191" ind1=" " ind2=" ">
        <subfield code="a">E/ESCWA/STAT/1999/7</subfield>
    </datafield>
    <datafield tag="246" ind1=" " ind2=" ">
        <subfield code="a">تقرير ورشة العمل حول تركيب الحسابات الاقتصادية المتكاملة حسب نظام الحسابات القومية 1993 بيروت 26-28 تشرين الاول/اكتوبر 1999</subfield>
    </datafield>
    <datafield tag="269" ind1=" " ind2=" ">
        <subfield code="a">19991101</subfield>
    </datafield>
    <datafield tag="650" ind1=" " ind2=" ">
        <subfield code="a">NATIONAL ACCOUNTS</subfield>
        <subfield code="0">(DHLAUTH)269651</subfield>
    </datafield>
    <datafield tag="650" ind1=" " ind2=" ">
        <subfield code="a">CONFERENCES</subfield>
        <subfield code="0">(DHLAUTH)275758</subfield>
    </datafield>
    <datafield tag="650" ind1=" " ind2=" ">
        <subfield code="a">WESTERN ASIA</subfield>
        <subfield code="0">(DHLAUTH)275490</subfield>
    </datafield>
    <datafield tag="650" ind1=" " ind2=" ">
        <subfield code="a">RECOMMENDATIONS</subfield>
        <subfield code="0">(DHLAUTH)275840</subfield>
    </datafield>
    <datafield tag="650" ind1=" " ind2=" ">
        <subfield code="a">PARTICIPANTS</subfield>
        <subfield code="0">(DHLAUTH)275785</subfield>
    </datafield>
    <datafield tag="650" ind1=" " ind2=" ">
        <subfield code="a">DOCUMENTS</subfield>
        <subfield code="0">(DHLAUTH)270014</subfield>
    </datafield>
    <datafield tag="650" ind1=" " ind2=" ">
        <subfield code="a">WORK ORGANIZATION</subfield>
        <subfield code="0">(DHLAUTH)275746</subfield>
    </datafield>
</record>
<record>
    <datafield tag="191" ind1=" " ind2=" ">
        <subfield code="a">E/ESCWA/STAT/2000/7(A)</subfield>
    </datafield>
    <datafield tag="245" ind1=" " ind2=" ">
        <subfield code="a">REPORT/ WORKSHOP ON ECONOMICALLY ACTIVE POPULATION: EMPLOYMENT, UNEMPLOYMENT AND UNDEREMPLOYMENT, CAIRO, 17-21 SEPTEMBER 2000.</subfield>
    </datafield>
    <datafield tag="269" ind1=" " ind2=" ">
        <subfield code="a">20001211</subfield>
    </datafield>
    <datafield tag="650" ind1=" " ind2=" ">
        <subfield code="a">UNEMPLOYMENT</subfield>
        <subfield code="0">(DHLAUTH)269726</subfield>
    </datafield>
    <datafield tag="650" ind1=" " ind2=" ">
        <subfield code="a">UNDEREMPLOYMENT</subfield>
        <subfield code="0">(DHLAUTH)269779</subfield>
    </datafield>
    <datafield tag="650" ind1=" " ind2=" ">
        <subfield code="a">MANPOWER</subfield>
        <subfield code="0">(DHLAUTH)273105</subfield>
    </datafield>
    <datafield tag="650" ind1=" " ind2=" ">
        <subfield code="a">CONFERENCES</subfield>
        <subfield code="0">(DHLAUTH)275758</subfield>
    </datafield>
    <datafield tag="650" ind1=" " ind2=" ">
        <subfield code="a">PARTICIPANTS</subfield>
        <subfield code="0">(DHLAUTH)275785</subfield>
    </datafield>
    <datafield tag="650" ind1=" " ind2=" ">
        <subfield code="a">WORK ORGANIZATION</subfield>
        <subfield code="0">(DHLAUTH)275746</subfield>
    </datafield>
    <datafield tag="650" ind1=" " ind2=" ">
        <subfield code="a">DOCUMENTS</subfield>
        <subfield code="0">(DHLAUTH)270014</subfield>
    </datafield>
    <datafield tag="650" ind1=" " ind2=" ">
        <subfield code="a">QUESTIONNAIRES</subfield>
        <subfield code="0">(DHLAUTH)272018</subfield>
    </datafield>
</record>
<record>
    <datafield tag="191" ind1=" " ind2=" ">
        <subfield code="a">E/ESCWA/STAT/2002/11(A)</subfield>
    </datafield>
    <datafield tag="245" ind1=" " ind2=" ">
        <subfield code="a">REPORT WORKSHOP ON DEVELOPMENT INDICATORS, BEIRUT, 12-14 NOVEMBER 2001</subfield>
    </datafield>
    <datafield tag="269" ind1=" " ind2=" ">
        <subfield code="a">20020218</subfield>
    </datafield>
    <datafield tag="650" ind1=" " ind2=" ">
        <subfield code="a">DEVELOPMENT INDICATORS</subfield>
        <subfield code="0">(DHLAUTH)269756</subfield>
    </datafield>
    <datafield tag="650" ind1=" " ind2=" ">
        <subfield code="a">WORK ORGANIZATION</subfield>
        <subfield code="0">(DHLAUTH)275746</subfield>
    </datafield>
    <datafield tag="650" ind1=" " ind2=" ">
        <subfield code="a">COUNTRY STUDIES</subfield>
        <subfield code="0">(DHLAUTH)274640</subfield>
    </datafield>
    <datafield tag="650" ind1=" " ind2=" ">
        <subfield code="a">MANUALS</subfield>
        <subfield code="0">(DHLAUTH)274980</subfield>
    </datafield>
    <datafield tag="650" ind1=" " ind2=" ">
        <subfield code="a">PROGRAMME PRIORITIES</subfield>
        <subfield code="0">(DHLAUTH)275763</subfield>
    </datafield>
    <datafield tag="650" ind1=" " ind2=" ">
        <subfield code="a">RECOMMENDATIONS</subfield>
        <subfield code="0">(DHLAUTH)275840</subfield>
    </datafield>
    <datafield tag="650" ind1=" " ind2=" ">
        <subfield code="a">DOCUMENTS</subfield>
        <subfield code="0">(DHLAUTH)270014</subfield>
    </datafield>
    <datafield tag="650" ind1=" " ind2=" ">
        <subfield code="a">PARTICIPANTS</subfield>
        <subfield code="0">(DHLAUTH)275785</subfield>
    </datafield>
    <datafield tag="650" ind1=" " ind2=" ">
        <subfield code="a">CONFERENCES</subfield>
        <subfield code="0">(DHLAUTH)275758</subfield>
    </datafield>
    <datafield tag="650" ind1=" " ind2=" ">
        <subfield code="a">WESTERN ASIA</subfield>
        <subfield code="0">(DHLAUTH)275490</subfield>
    </datafield>
</record>
<record>
    <datafield tag="191" ind1=" " ind2=" ">
        <subfield code="a">E/ESCWA/STAT/2002/3(A)</subfield>
    </datafield>
    <datafield tag="245" ind1=" " ind2=" ">
        <subfield code="a">REPORT OF THE STATISTICAL COMMITTEE OF THE FIFTH SESSION, 1-3 OCTOBER 2002 - ESCWA</subfield>
    </datafield>
    <datafield tag="246" ind1=" " ind2=" ">
        <subfield code="a">TAQRIR AL-LAJNAH AL-IHSA`IYAH 'AN DAWRATIHA AL-KHAMISAH, BAIRUT, 1-3 TISHRIN AL-AWAL/OKTOBAR 2002</subfield>
    </datafield>
    <datafield tag="269" ind1=" " ind2=" ">
        <subfield code="a">20021003</subfield>
    </datafield>
    <datafield tag="650" ind1=" " ind2=" ">
        <subfield code="a">WORK ORGANIZATION</subfield>
        <subfield code="0">(DHLAUTH)275746</subfield>
    </datafield>
    <datafield tag="650" ind1=" " ind2=" ">
        <subfield code="a">PARTICIPANTS</subfield>
        <subfield code="0">(DHLAUTH)275785</subfield>
    </datafield>
    <datafield tag="650" ind1=" " ind2=" ">
        <subfield code="a">WORK PROGRAMME</subfield>
        <subfield code="0">(DHLAUTH)275800</subfield>
    </datafield>
    <datafield tag="650" ind1=" " ind2=" ">
        <subfield code="a">RECOMMENDATIONS</subfield>
        <subfield code="0">(DHLAUTH)275840</subfield>
    </datafield>
    <datafield tag="650" ind1=" " ind2=" ">
        <subfield code="a">CONFERENCES</subfield>
        <subfield code="0">(DHLAUTH)275758</subfield>
    </datafield>
    <datafield tag="650" ind1=" " ind2=" ">
        <subfield code="a">AGENDA</subfield>
        <subfield code="0">(DHLAUTH)275133</subfield>
    </datafield>
</record>
<record>
    <datafield tag="191" ind1=" " ind2=" ">
        <subfield code="a">E/ESCWA/STAT/84/28</subfield>
    </datafield>
    <datafield tag="245" ind1=" " ind2=" ">
        <subfield code="a">SOME REFLECTIONS ON INTRODUCING NEW BUDGETARY TECHNIQUES IN THE ESCWA REGION</subfield>
    </datafield>
    <datafield tag="269" ind1=" " ind2=" ">
        <subfield code="a">19840813</subfield>
    </datafield>
    <datafield tag="650" ind1=" " ind2=" ">
        <subfield code="a">ADVISORY SERVICES</subfield>
        <subfield code="0">(DHLAUTH)269860</subfield>
    </datafield>
    <datafield tag="650" ind1=" " ind2=" ">
        <subfield code="a">WESTERN ASIA</subfield>
        <subfield code="0">(DHLAUTH)275490</subfield>
    </datafield>
    <datafield tag="650" ind1=" " ind2=" ">
        <subfield code="a">RECOMMENDATIONS</subfield>
        <subfield code="0">(DHLAUTH)275840</subfield>
    </datafield>
    <datafield tag="650" ind1=" " ind2=" ">
        <subfield code="a">BUDGETING</subfield>
        <subfield code="0">(DHLAUTH)270052</subfield>
    </datafield>
    <datafield tag="650" ind1=" " ind2=" ">
        <subfield code="a">FINANCIAL MANAGEMENT</subfield>
        <subfield code="0">(DHLAUTH)276641</subfield>
    </datafield>
</record>
<record>
    <datafield tag="191" ind1=" " ind2=" ">
        <subfield code="a">E/ESCWA/STAT/85/21</subfield>
    </datafield>
    <datafield tag="246" ind1=" " ind2=" ">
        <subfield code="a">تقرير عن المهمة الى امانة العاصمة بغداد العراق خلال الفترة 3-13 يونيو 1985</subfield>
    </datafield>
    <datafield tag="269" ind1=" " ind2=" ">
        <subfield code="a">19850929</subfield>
    </datafield>
    <datafield tag="650" ind1=" " ind2=" ">
        <subfield code="a">ADVISORY SERVICES</subfield>
        <subfield code="0">(DHLAUTH)269860</subfield>
    </datafield>
    <datafield tag="650" ind1=" " ind2=" ">
        <subfield code="a">WESTERN ASIA</subfield>
        <subfield code="0">(DHLAUTH)275490</subfield>
    </datafield>
    <datafield tag="650" ind1=" " ind2=" ">
        <subfield code="a">DATA PROCESSING SERVICES</subfield>
        <subfield code="0">(DHLAUTH)275236</subfield>
    </datafield>
    <datafield tag="650" ind1=" " ind2=" ">
        <subfield code="a">IRAQ</subfield>
        <subfield code="0">(DHLAUTH)273370</subfield>
    </datafield>
    <datafield tag="650" ind1=" " ind2=" ">
        <subfield code="a">BAGHDAD (IRAQ)</subfield>
        <subfield code="0">(DHLAUTH)276802</subfield>
    </datafield>
    <datafield tag="650" ind1=" " ind2=" ">
        <subfield code="a">ORGANIZATIONAL STRUCTURE</subfield>
        <subfield code="0">(DHLAUTH)272030</subfield>
    </datafield>
    <datafield tag="650" ind1=" " ind2=" ">
        <subfield code="a">AUTOMATION</subfield>
        <subfield code="0">(DHLAUTH)270184</subfield>
    </datafield>
    <datafield tag="650" ind1=" " ind2=" ">
        <subfield code="a">COMPUTERS</subfield>
        <subfield code="0">(DHLAUTH)271865</subfield>
    </datafield>
</record>
<record>
    <datafield tag="191" ind1=" " ind2=" ">
        <subfield code="a">E/ESCWA/STAT/85/22</subfield>
    </datafield>
    <datafield tag="246" ind1=" " ind2=" ">
        <subfield code="a">تقرير عن الزيارة الى المكتب المركزي للاحصاء  وزارة التخطيط الجمهورية العراقية 8/18- 5/9/1985 </subfield>
    </datafield>
    <datafield tag="269" ind1=" " ind2=" ">
        <subfield code="a">19851009</subfield>
    </datafield>
    <datafield tag="650" ind1=" " ind2=" ">
        <subfield code="a">ADVISORY SERVICES</subfield>
        <subfield code="0">(DHLAUTH)269860</subfield>
    </datafield>
    <datafield tag="650" ind1=" " ind2=" ">
        <subfield code="a">WESTERN ASIA</subfield>
        <subfield code="0">(DHLAUTH)275490</subfield>
    </datafield>
    <datafield tag="650" ind1=" " ind2=" ">
        <subfield code="a">IRAQ</subfield>
        <subfield code="0">(DHLAUTH)273370</subfield>
    </datafield>
    <datafield tag="650" ind1=" " ind2=" ">
        <subfield code="a">BANKS</subfield>
        <subfield code="0">(DHLAUTH)270346</subfield>
    </datafield>
    <datafield tag="650" ind1=" " ind2=" ">
        <subfield code="a">INDUSTRIAL PRODUCTION</subfield>
        <subfield code="0">(DHLAUTH)269662</subfield>
    </datafield>
    <datafield tag="650" ind1=" " ind2=" ">
        <subfield code="a">INSURANCE</subfield>
        <subfield code="0">(DHLAUTH)270382</subfield>
    </datafield>
    <datafield tag="650" ind1=" " ind2=" ">
        <subfield code="a">NATIONAL ACCOUNTS</subfield>
        <subfield code="0">(DHLAUTH)269651</subfield>
    </datafield>
</record>
<record>
    <datafield tag="191" ind1=" " ind2=" ">
        <subfield code="a">E/ESCWA/STAT/85/23</subfield>
    </datafield>
    <datafield tag="246" ind1=" " ind2=" ">
        <subfield code="a">تقرير عن الزيارة الى المكتب المركزي للاحصاء دمشق سوريا خلال الفترة 26/7 - 1/8/1985 </subfield>
    </datafield>
    <datafield tag="269" ind1=" " ind2=" ">
        <subfield code="a">19851015</subfield>
    </datafield>
    <datafield tag="650" ind1=" " ind2=" ">
        <subfield code="a">ADVISORY SERVICES</subfield>
        <subfield code="0">(DHLAUTH)269860</subfield>
    </datafield>
    <datafield tag="650" ind1=" " ind2=" ">
        <subfield code="a">WESTERN ASIA</subfield>
        <subfield code="0">(DHLAUTH)275490</subfield>
    </datafield>
    <datafield tag="650" ind1=" " ind2=" ">
        <subfield code="a">DATA PROCESSING SERVICES</subfield>
        <subfield code="0">(DHLAUTH)275236</subfield>
    </datafield>
    <datafield tag="650" ind1=" " ind2=" ">
        <subfield code="a">HOUSEHOLD SURVEYS</subfield>
        <subfield code="0">(DHLAUTH)270181</subfield>
    </datafield>
    <datafield tag="650" ind1=" " ind2=" ">
        <subfield code="a">FAMILY INCOME</subfield>
        <subfield code="0">(DHLAUTH)269804</subfield>
    </datafield>
    <datafield tag="650" ind1=" " ind2=" ">
        <subfield code="a">HOUSEHOLD EXPENDITURES</subfield>
        <subfield code="0">(DHLAUTH)269741</subfield>
    </datafield>
    <datafield tag="650" ind1=" " ind2=" ">
        <subfield code="a">DATA PROCESSING</subfield>
        <subfield code="0">(DHLAUTH)272727</subfield>
    </datafield>
    <datafield tag="650" ind1=" " ind2=" ">
        <subfield code="a">SYRIAN ARAB REPUBLIC</subfield>
        <subfield code="0">(DHLAUTH)273496</subfield>
    </datafield>
    <datafield tag="650" ind1=" " ind2=" ">
        <subfield code="a">MODEL FORMS</subfield>
        <subfield code="0">(DHLAUTH)269304</subfield>
    </datafield>
</record>
<record>
    <datafield tag="191" ind1=" " ind2=" ">
        <subfield code="a">E/ESCWA/STAT/85/24</subfield>
    </datafield>
    <datafield tag="246" ind1=" " ind2=" ">
        <subfield code="a">تقرير عن المهمة لدى هيئة تخطيط الدولة الجمهورية العربية السورية 29/6 - 29/7/1985 </subfield>
    </datafield>
    <datafield tag="269" ind1=" " ind2=" ">
        <subfield code="a">19851016</subfield>
    </datafield>
    <datafield tag="650" ind1=" " ind2=" ">
        <subfield code="a">ADVISORY SERVICES</subfield>
        <subfield code="0">(DHLAUTH)269860</subfield>
    </datafield>
    <datafield tag="650" ind1=" " ind2=" ">
        <subfield code="a">MODEL FORMS</subfield>
        <subfield code="0">(DHLAUTH)269304</subfield>
    </datafield>
    <datafield tag="650" ind1=" " ind2=" ">
        <subfield code="a">SYRIAN ARAB REPUBLIC</subfield>
        <subfield code="0">(DHLAUTH)273496</subfield>
    </datafield>
    <datafield tag="650" ind1=" " ind2=" ">
        <subfield code="a">WESTERN ASIA</subfield>
        <subfield code="0">(DHLAUTH)275490</subfield>
    </datafield>
    <datafield tag="650" ind1=" " ind2=" ">
        <subfield code="a">DEVELOPMENT PLANS</subfield>
        <subfield code="0">(DHLAUTH)269892</subfield>
    </datafield>
    <datafield tag="650" ind1=" " ind2=" ">
        <subfield code="a">ECONOMIC PLANNING</subfield>
        <subfield code="0">(DHLAUTH)269834</subfield>
    </datafield>
</record>
<record>
    <datafield tag="191" ind1=" " ind2=" ">
        <subfield code="a">E/ESCWA/STAT/85/26</subfield>
    </datafield>
    <datafield tag="246" ind1=" " ind2=" ">
        <subfield code="a">تقرير عن الزيارة الى دائرة التخطيط دولة الامارات العربية المتحدة ابوظبي خلال الفترة 14 تشرين الاول/اكتوبر -7 تشرين الثاني /نوفمبر 1985 </subfield>
    </datafield>
    <datafield tag="269" ind1=" " ind2=" ">
        <subfield code="a">19851209</subfield>
    </datafield>
    <datafield tag="650" ind1=" " ind2=" ">
        <subfield code="a">ADVISORY SERVICES</subfield>
        <subfield code="0">(DHLAUTH)269860</subfield>
    </datafield>
    <datafield tag="650" ind1=" " ind2=" ">
        <subfield code="a">WESTERN ASIA</subfield>
        <subfield code="0">(DHLAUTH)275490</subfield>
    </datafield>
    <datafield tag="650" ind1=" " ind2=" ">
        <subfield code="a">STATISTICAL DATA</subfield>
        <subfield code="0">(DHLAUTH)270233</subfield>
    </datafield>
    <datafield tag="650" ind1=" " ind2=" ">
        <subfield code="a">STATISTICS</subfield>
        <subfield code="0">(DHLAUTH)269347</subfield>
    </datafield>
    <datafield tag="650" ind1=" " ind2=" ">
        <subfield code="a">UNITED ARAB EMIRATES</subfield>
        <subfield code="0">(DHLAUTH)275604</subfield>
    </datafield>
    <datafield tag="650" ind1=" " ind2=" ">
        <subfield code="a">MODEL FORMS</subfield>
        <subfield code="0">(DHLAUTH)269304</subfield>
    </datafield>
</record>
<record>
    <datafield tag="191" ind1=" " ind2=" ">
        <subfield code="a">E/ESCWA/STAT/85/27</subfield>
    </datafield>
    <datafield tag="246" ind1=" " ind2=" ">
        <subfield code="a">تقرير عن الزيارة الى الادارة العامة للإحصاء الجهاز المركزي للاحصاء خلال الفترة من 7 تشرين الثاني / نوفمبر 4 كانون الاول /ديسمبر 1985</subfield>
    </datafield>
    <datafield tag="269" ind1=" " ind2=" ">
        <subfield code="a">19851208</subfield>
    </datafield>
    <datafield tag="650" ind1=" " ind2=" ">
        <subfield code="a">ADVISORY SERVICES</subfield>
        <subfield code="0">(DHLAUTH)269860</subfield>
    </datafield>
    <datafield tag="650" ind1=" " ind2=" ">
        <subfield code="a">WESTERN ASIA</subfield>
        <subfield code="0">(DHLAUTH)275490</subfield>
    </datafield>
    <datafield tag="650" ind1=" " ind2=" ">
        <subfield code="a">MODEL FORMS</subfield>
        <subfield code="0">(DHLAUTH)269304</subfield>
    </datafield>
    <datafield tag="650" ind1=" " ind2=" ">
        <subfield code="a">NATIONAL ACCOUNTS</subfield>
        <subfield code="0">(DHLAUTH)269651</subfield>
    </datafield>
    <datafield tag="650" ind1=" " ind2=" ">
        <subfield code="a">INFORMATION SOURCES</subfield>
        <subfield code="0">(DHLAUTH)275147</subfield>
    </datafield>
    <datafield tag="650" ind1=" " ind2=" ">
        <subfield code="a">UNITED ARAB EMIRATES</subfield>
        <subfield code="0">(DHLAUTH)275604</subfield>
    </datafield>
</record>
<record>
    <datafield tag="191" ind1=" " ind2=" ">
        <subfield code="a">E/ESCWA/STAT/86/24/REV.1</subfield>
    </datafield>
    <datafield tag="246" ind1=" " ind2=" ">
        <subfield code="a">برنامج تعزيز القدرات الوطنية لمسوح الاسر</subfield>
    </datafield>
    <datafield tag="269" ind1=" " ind2=" ">
        <subfield code="a">19870401</subfield>
    </datafield>
    <datafield tag="650" ind1=" " ind2=" ">
        <subfield code="a">HOUSEHOLD SURVEYS</subfield>
        <subfield code="0">(DHLAUTH)270181</subfield>
    </datafield>
    <datafield tag="650" ind1=" " ind2=" ">
        <subfield code="a">CAPACITY BUILDING</subfield>
        <subfield code="0">(DHLAUTH)276636</subfield>
    </datafield>
    <datafield tag="650" ind1=" " ind2=" ">
        <subfield code="a">PROGRAMME IMPLEMENTATION</subfield>
        <subfield code="0">(DHLAUTH)275794</subfield>
    </datafield>
    <datafield tag="650" ind1=" " ind2=" ">
        <subfield code="a">SAMPLE SURVEYS</subfield>
        <subfield code="0">(DHLAUTH)270182</subfield>
    </datafield>
    <datafield tag="650" ind1=" " ind2=" ">
        <subfield code="a">SAMPLING</subfield>
        <subfield code="0">(DHLAUTH)270203</subfield>
    </datafield>
    <datafield tag="650" ind1=" " ind2=" ">
        <subfield code="a">WORK PROGRAMME</subfield>
        <subfield code="0">(DHLAUTH)275800</subfield>
    </datafield>
    <datafield tag="650" ind1=" " ind2=" ">
        <subfield code="a">POPULATION CENSUSES</subfield>
        <subfield code="0">(DHLAUTH)270178</subfield>
    </datafield>
    <datafield tag="650" ind1=" " ind2=" ">
        <subfield code="a">CASE STUDIES</subfield>
        <subfield code="0">(DHLAUTH)274639</subfield>
    </datafield>
    <datafield tag="650" ind1=" " ind2=" ">
        <subfield code="a">JORDAN</subfield>
        <subfield code="0">(DHLAUTH)269099</subfield>
    </datafield>
    <datafield tag="650" ind1=" " ind2=" ">
        <subfield code="a">SAUDI ARABIA</subfield>
        <subfield code="0">(DHLAUTH)273464</subfield>
    </datafield>
    <datafield tag="650" ind1=" " ind2=" ">
        <subfield code="a">MOROCCO</subfield>
        <subfield code="0">(DHLAUTH)273417</subfield>
    </datafield>
    <datafield tag="650" ind1=" " ind2=" ">
        <subfield code="a">AUSTRALIA</subfield>
        <subfield code="0">(DHLAUTH)273268</subfield>
    </datafield>
    <datafield tag="650" ind1=" " ind2=" ">
        <subfield code="a">INDIA</subfield>
        <subfield code="0">(DHLAUTH)269052</subfield>
    </datafield>
    <datafield tag="650" ind1=" " ind2=" ">
        <subfield code="a">UNITED STATES</subfield>
        <subfield code="0">(DHLAUTH)9644</subfield>
    </datafield>
    <datafield tag="650" ind1=" " ind2=" ">
        <subfield code="a">THAILAND</subfield>
        <subfield code="0">(DHLAUTH)273500</subfield>
    </datafield>
    <datafield tag="650" ind1=" " ind2=" ">
        <subfield code="a">ETHIOPIA</subfield>
        <subfield code="0">(DHLAUTH)273331</subfield>
    </datafield>
    <datafield tag="650" ind1=" " ind2=" ">
        <subfield code="a">BOTSWANA</subfield>
        <subfield code="0">(DHLAUTH)275468</subfield>
    </datafield>
    <datafield tag="650" ind1=" " ind2=" ">
        <subfield code="a">NIGERIA</subfield>
        <subfield code="0">(DHLAUTH)273432</subfield>
    </datafield>
    <datafield tag="650" ind1=" " ind2=" ">
        <subfield code="a">SURVEYS</subfield>
        <subfield code="0">(DHLAUTH)269793</subfield>
    </datafield>
</record>
<record>
    <datafield tag="191" ind1=" " ind2=" ">
        <subfield code="a">E/ESCWA/STAT/86/25</subfield>
    </datafield>
    <datafield tag="246" ind1=" " ind2=" ">
        <subfield code="a">خصائص القوى العاملة في الجمهورية العربية من واقع مسح القوى العاملة لعام 1984</subfield>
    </datafield>
    <datafield tag="269" ind1=" " ind2=" ">
        <subfield code="a">19861028</subfield>
    </datafield>
    <datafield tag="650" ind1=" " ind2=" ">
        <subfield code="a">MANPOWER</subfield>
        <subfield code="0">(DHLAUTH)273105</subfield>
    </datafield>
    <datafield tag="650" ind1=" " ind2=" ">
        <subfield code="a">DATA ANALYSIS</subfield>
        <subfield code="0">(DHLAUTH)275260</subfield>
    </datafield>
    <datafield tag="650" ind1=" " ind2=" ">
        <subfield code="a">EDUCATION</subfield>
        <subfield code="0">(DHLAUTH)268926</subfield>
    </datafield>
    <datafield tag="650" ind1=" " ind2=" ">
        <subfield code="a">MARRIAGE</subfield>
        <subfield code="0">(DHLAUTH)269345</subfield>
    </datafield>
    <datafield tag="650" ind1=" " ind2=" ">
        <subfield code="a">SYRIAN ARAB REPUBLIC</subfield>
        <subfield code="0">(DHLAUTH)273496</subfield>
    </datafield>
    <datafield tag="650" ind1=" " ind2=" ">
        <subfield code="a">EMPLOYMENT</subfield>
        <subfield code="0">(DHLAUTH)269797</subfield>
    </datafield>
</record>
<record>
    <datafield tag="191" ind1=" " ind2=" ">
        <subfield code="a">E/ESCWA/STAT/86/28</subfield>
    </datafield>
    <datafield tag="246" ind1=" " ind2=" ">
        <subfield code="a">مذكرات في احصاءات التجارة الداخلية والخارجية</subfield>
    </datafield>
    <datafield tag="269" ind1=" " ind2=" ">
        <subfield code="a">19861118</subfield>
    </datafield>
    <datafield tag="650" ind1=" " ind2=" ">
        <subfield code="a">ECONOMIC STATISTICS</subfield>
        <subfield code="0">(DHLAUTH)269633</subfield>
    </datafield>
    <datafield tag="650" ind1=" " ind2=" ">
        <subfield code="a">VOCATIONAL TRAINING</subfield>
        <subfield code="0">(DHLAUTH)271390</subfield>
    </datafield>
    <datafield tag="650" ind1=" " ind2=" ">
        <subfield code="a">TRAINING PROGRAMMES</subfield>
        <subfield code="0">(DHLAUTH)274026</subfield>
    </datafield>
    <datafield tag="650" ind1=" " ind2=" ">
        <subfield code="a">DEFINITION</subfield>
        <subfield code="0">(DHLAUTH)274915</subfield>
    </datafield>
</record>
<record>
    <datafield tag="191" ind1=" " ind2=" ">
        <subfield code="a">E/ESCWA/STAT/86/37</subfield>
    </datafield>
    <datafield tag="191" ind1=" " ind2=" ">
        <subfield code="a">E/ESCWA/ECU/86/3</subfield>
    </datafield>
    <datafield tag="246" ind1=" " ind2=" ">
        <subfield code="a">وضع الاحصاءات البيئية لمنطقة غرب اسيا تقرير عن المهمة الاستشارية الى كل من الاردن الكويت مصر خلال الترة من 12- تشرين الثاني/نوفمبر -12 كانون الاول/ديسمبر 1986</subfield>
    </datafield>
    <datafield tag="269" ind1=" " ind2=" ">
        <subfield code="a">19870512</subfield>
    </datafield>
    <datafield tag="650" ind1=" " ind2=" ">
        <subfield code="a">WESTERN ASIA</subfield>
        <subfield code="0">(DHLAUTH)275490</subfield>
    </datafield>
    <datafield tag="650" ind1=" " ind2=" ">
        <subfield code="a">ENVIRONMENTAL STATISTICS</subfield>
        <subfield code="0">(DHLAUTH)270230</subfield>
    </datafield>
    <datafield tag="650" ind1=" " ind2=" ">
        <subfield code="a">ENVIRONMENTAL PROTECTION</subfield>
        <subfield code="0">(DHLAUTH)270598</subfield>
    </datafield>
    <datafield tag="650" ind1=" " ind2=" ">
        <subfield code="a">ENVIRONMENT</subfield>
        <subfield code="0">(DHLAUTH)270627</subfield>
    </datafield>
    <datafield tag="650" ind1=" " ind2=" ">
        <subfield code="a">ENVIRONMENTAL DEGRADATION</subfield>
        <subfield code="0">(DHLAUTH)270632</subfield>
    </datafield>
    <datafield tag="650" ind1=" " ind2=" ">
        <subfield code="a">HUMAN SETTLEMENTS</subfield>
        <subfield code="0">(DHLAUTH)273542</subfield>
    </datafield>
    <datafield tag="650" ind1=" " ind2=" ">
        <subfield code="a">NATURAL RESOURCES</subfield>
        <subfield code="0">(DHLAUTH)270548</subfield>
    </datafield>
    <datafield tag="650" ind1=" " ind2=" ">
        <subfield code="a">ADVISORY SERVICES</subfield>
        <subfield code="0">(DHLAUTH)269860</subfield>
    </datafield>
</record>
<record>
    <datafield tag="191" ind1=" " ind2=" ">
        <subfield code="a">E/ESCWA/STAT/87/1</subfield>
    </datafield>
    <datafield tag="245" ind1=" " ind2=" ">
        <subfield code="a">NATIONAL HOUSEHOLD SURVEY CAPABILITY PROGRAMME REGIONAL HOUSEHOLD SURVEY PROJECT (PROJECT NO : RAB/80/0009)</subfield>
    </datafield>
    <datafield tag="269" ind1=" " ind2=" ">
        <subfield code="a">19870326</subfield>
    </datafield>
    <datafield tag="650" ind1=" " ind2=" ">
        <subfield code="a">HOUSEHOLD SURVEYS</subfield>
        <subfield code="0">(DHLAUTH)270181</subfield>
    </datafield>
    <datafield tag="650" ind1=" " ind2=" ">
        <subfield code="a">DATA COLLECTION</subfield>
        <subfield code="0">(DHLAUTH)270174</subfield>
    </datafield>
    <datafield tag="650" ind1=" " ind2=" ">
        <subfield code="a">PROGRAMME IMPLEMENTATION</subfield>
        <subfield code="0">(DHLAUTH)275794</subfield>
    </datafield>
    <datafield tag="650" ind1=" " ind2=" ">
        <subfield code="a">TRAINING PROGRAMMES</subfield>
        <subfield code="0">(DHLAUTH)274026</subfield>
    </datafield>
    <datafield tag="650" ind1=" " ind2=" ">
        <subfield code="a">WORK PROGRAMME</subfield>
        <subfield code="0">(DHLAUTH)275800</subfield>
    </datafield>
    <datafield tag="650" ind1=" " ind2=" ">
        <subfield code="a">ACTIVITIES</subfield>
        <subfield code="0">(DHLAUTH)275823</subfield>
    </datafield>
    <datafield tag="650" ind1=" " ind2=" ">
        <subfield code="a">PROJECT IMPLEMENTATION</subfield>
        <subfield code="0">(DHLAUTH)269965</subfield>
    </datafield>
    <datafield tag="650" ind1=" " ind2=" ">
        <subfield code="a">WESTERN ASIA</subfield>
        <subfield code="0">(DHLAUTH)275490</subfield>
    </datafield>
</record>
<record>
    <datafield tag="191" ind1=" " ind2=" ">
        <subfield code="a">E/ESCWA/STAT/87/14</subfield>
    </datafield>
    <datafield tag="246" ind1=" " ind2=" ">
        <subfield code="a">برنامج تعزيز القدرات الوطنية لمسوح الاسر</subfield>
    </datafield>
    <datafield tag="269" ind1=" " ind2=" ">
        <subfield code="a">19870601</subfield>
    </datafield>
    <datafield tag="650" ind1=" " ind2=" ">
        <subfield code="a">HOUSEHOLD SURVEYS</subfield>
        <subfield code="0">(DHLAUTH)270181</subfield>
    </datafield>
    <datafield tag="650" ind1=" " ind2=" ">
        <subfield code="a">CAPACITY BUILDING</subfield>
        <subfield code="0">(DHLAUTH)276636</subfield>
    </datafield>
    <datafield tag="650" ind1=" " ind2=" ">
        <subfield code="a">PROGRAMME IMPLEMENTATION</subfield>
        <subfield code="0">(DHLAUTH)275794</subfield>
    </datafield>
    <datafield tag="650" ind1=" " ind2=" ">
        <subfield code="a">WORK PROGRAMME</subfield>
        <subfield code="0">(DHLAUTH)275800</subfield>
    </datafield>
    <datafield tag="650" ind1=" " ind2=" ">
        <subfield code="a">POPULATION CENSUSES</subfield>
        <subfield code="0">(DHLAUTH)270178</subfield>
    </datafield>
    <datafield tag="650" ind1=" " ind2=" ">
        <subfield code="a">QUESTIONNAIRES</subfield>
        <subfield code="0">(DHLAUTH)272018</subfield>
    </datafield>
    <datafield tag="650" ind1=" " ind2=" ">
        <subfield code="a">SURVEYS</subfield>
        <subfield code="0">(DHLAUTH)269793</subfield>
    </datafield>
</record>
<record>
    <datafield tag="191" ind1=" " ind2=" ">
        <subfield code="a">E/ESCWA/STAT/88/10</subfield>
    </datafield>
    <datafield tag="246" ind1=" " ind2=" ">
        <subfield code="a">تقرير عن المهمة الاستشارية الى مصرف الامارات الصناعي فرع دبي دولة الامارات العربية المتحدة خلال الفترة17-28 آذار/مارس 1988</subfield>
    </datafield>
    <datafield tag="269" ind1=" " ind2=" ">
        <subfield code="a">19880510</subfield>
    </datafield>
    <datafield tag="650" ind1=" " ind2=" ">
        <subfield code="a">ADVISORY SERVICES</subfield>
        <subfield code="0">(DHLAUTH)269860</subfield>
    </datafield>
    <datafield tag="650" ind1=" " ind2=" ">
        <subfield code="a">TECHNICAL COOPERATION</subfield>
        <subfield code="0">(DHLAUTH)268658</subfield>
    </datafield>
    <datafield tag="650" ind1=" " ind2=" ">
        <subfield code="a">STATISTICAL DATA</subfield>
        <subfield code="0">(DHLAUTH)270233</subfield>
    </datafield>
    <datafield tag="650" ind1=" " ind2=" ">
        <subfield code="a">WESTERN ASIA</subfield>
        <subfield code="0">(DHLAUTH)275490</subfield>
    </datafield>
    <datafield tag="650" ind1=" " ind2=" ">
        <subfield code="a">RECOMMENDATIONS</subfield>
        <subfield code="0">(DHLAUTH)275840</subfield>
    </datafield>
    <datafield tag="650" ind1=" " ind2=" ">
        <subfield code="a">MODEL FORMS</subfield>
        <subfield code="0">(DHLAUTH)269304</subfield>
    </datafield>
    <datafield tag="650" ind1=" " ind2=" ">
        <subfield code="a">SAMPLING</subfield>
        <subfield code="0">(DHLAUTH)270203</subfield>
    </datafield>
    <datafield tag="650" ind1=" " ind2=" ">
        <subfield code="a">INDUSTRIAL BANKS</subfield>
        <subfield code="0">(DHLAUTH)270350</subfield>
    </datafield>
    <datafield tag="650" ind1=" " ind2=" ">
        <subfield code="a">STATISTICAL METHODOLOGY</subfield>
        <subfield code="0">(DHLAUTH)269635</subfield>
    </datafield>
    <datafield tag="650" ind1=" " ind2=" ">
        <subfield code="a">UNITED ARAB EMIRATES</subfield>
        <subfield code="0">(DHLAUTH)275604</subfield>
    </datafield>
</record>
<record>
    <datafield tag="191" ind1=" " ind2=" ">
        <subfield code="a">E/ESCWA/STAT/88/11</subfield>
    </datafield>
    <datafield tag="246" ind1=" " ind2=" ">
        <subfield code="a">تقرير عن الزيارة الى المديرية العامة للاحصاءات الوطنية :مسقط-سلطنة عمان خلال الفترة 23 شباط /فبراير-2آذار/مارس 1988</subfield>
    </datafield>
    <datafield tag="269" ind1=" " ind2=" ">
        <subfield code="a">19880503</subfield>
    </datafield>
    <datafield tag="650" ind1=" " ind2=" ">
        <subfield code="a">WESTERN ASIA</subfield>
        <subfield code="0">(DHLAUTH)275490</subfield>
    </datafield>
    <datafield tag="650" ind1=" " ind2=" ">
        <subfield code="a">CONFERENCES</subfield>
        <subfield code="0">(DHLAUTH)275758</subfield>
    </datafield>
    <datafield tag="650" ind1=" " ind2=" ">
        <subfield code="a">AMMAN (JORDAN)</subfield>
        <subfield code="0">(DHLAUTH)276766</subfield>
    </datafield>
    <datafield tag="650" ind1=" " ind2=" ">
        <subfield code="a">STATISTICS</subfield>
        <subfield code="0">(DHLAUTH)269347</subfield>
    </datafield>
    <datafield tag="650" ind1=" " ind2=" ">
        <subfield code="a">HOUSING STATISTICS</subfield>
        <subfield code="0">(DHLAUTH)272297</subfield>
    </datafield>
    <datafield tag="650" ind1=" " ind2=" ">
        <subfield code="a">HEALTH STATISTICS</subfield>
        <subfield code="0">(DHLAUTH)273689</subfield>
    </datafield>
    <datafield tag="650" ind1=" " ind2=" ">
        <subfield code="a">ADVISORY SERVICES</subfield>
        <subfield code="0">(DHLAUTH)269860</subfield>
    </datafield>
    <datafield tag="650" ind1=" " ind2=" ">
        <subfield code="a">HOUSEHOLD SURVEYS</subfield>
        <subfield code="0">(DHLAUTH)270181</subfield>
    </datafield>
    <datafield tag="650" ind1=" " ind2=" ">
        <subfield code="a">FAMILY INCOME</subfield>
        <subfield code="0">(DHLAUTH)269804</subfield>
    </datafield>
    <datafield tag="650" ind1=" " ind2=" ">
        <subfield code="a">PROJECT ACTIVITIES</subfield>
        <subfield code="0">(DHLAUTH)275801</subfield>
    </datafield>
</record>
<record>
    <datafield tag="191" ind1=" " ind2=" ">
        <subfield code="a">E/ESCWA/STAT/88/12</subfield>
    </datafield>
    <datafield tag="246" ind1=" " ind2=" ">
        <subfield code="a">تقرير عن الزيارة الى جهاز المركزي للاحصاء عدن -جمهورية اليمن الديمقراطية الشعبية خلال الفترة 18 كانون الثاني /يناير - 23 شباط /فبراير 1988</subfield>
    </datafield>
    <datafield tag="269" ind1=" " ind2=" ">
        <subfield code="a">19880503</subfield>
    </datafield>
    <datafield tag="650" ind1=" " ind2=" ">
        <subfield code="a">ADVISORY SERVICES</subfield>
        <subfield code="0">(DHLAUTH)269860</subfield>
    </datafield>
    <datafield tag="650" ind1=" " ind2=" ">
        <subfield code="a">STATISTICAL DATA</subfield>
        <subfield code="0">(DHLAUTH)270233</subfield>
    </datafield>
    <datafield tag="650" ind1=" " ind2=" ">
        <subfield code="a">WESTERN ASIA</subfield>
        <subfield code="0">(DHLAUTH)275490</subfield>
    </datafield>
    <datafield tag="650" ind1=" " ind2=" ">
        <subfield code="a">YEMEN</subfield>
        <subfield code="0">(DHLAUTH)273521</subfield>
    </datafield>
    <datafield tag="650" ind1=" " ind2=" ">
        <subfield code="a">TRAINING PROGRAMMES</subfield>
        <subfield code="0">(DHLAUTH)274026</subfield>
    </datafield>
    <datafield tag="650" ind1=" " ind2=" ">
        <subfield code="a">HOUSING CENSUSES</subfield>
        <subfield code="0">(DHLAUTH)304326</subfield>
    </datafield>
    <datafield tag="650" ind1=" " ind2=" ">
        <subfield code="a">POPULATION CENSUSES</subfield>
        <subfield code="0">(DHLAUTH)270178</subfield>
    </datafield>
    <datafield tag="650" ind1=" " ind2=" ">
        <subfield code="a">PROJECT ACTIVITIES</subfield>
        <subfield code="0">(DHLAUTH)275801</subfield>
    </datafield>
    <datafield tag="650" ind1=" " ind2=" ">
        <subfield code="a">TECHNICAL COOPERATION</subfield>
        <subfield code="0">(DHLAUTH)268658</subfield>
    </datafield>
</record>
<record>
    <datafield tag="191" ind1=" " ind2=" ">
        <subfield code="a">E/ESCWA/STAT/88/13</subfield>
    </datafield>
    <datafield tag="246" ind1=" " ind2=" ">
        <subfield code="a">تقرير عن المهمة الاستشارية الى المديرية العامة للاحصاءات الوطنية مجلس التنمية مسقط عمان خلال الفترة من 18- آذار/مارس-4 نيسان /ابريل 1988</subfield>
    </datafield>
    <datafield tag="269" ind1=" " ind2=" ">
        <subfield code="a">19880525</subfield>
    </datafield>
    <datafield tag="650" ind1=" " ind2=" ">
        <subfield code="a">ADVISORY SERVICES</subfield>
        <subfield code="0">(DHLAUTH)269860</subfield>
    </datafield>
    <datafield tag="650" ind1=" " ind2=" ">
        <subfield code="a">TECHNICAL TRAINING</subfield>
        <subfield code="0">(DHLAUTH)271971</subfield>
    </datafield>
    <datafield tag="650" ind1=" " ind2=" ">
        <subfield code="a">STATISTICAL DATA</subfield>
        <subfield code="0">(DHLAUTH)270233</subfield>
    </datafield>
    <datafield tag="650" ind1=" " ind2=" ">
        <subfield code="a">WESTERN ASIA</subfield>
        <subfield code="0">(DHLAUTH)275490</subfield>
    </datafield>
    <datafield tag="650" ind1=" " ind2=" ">
        <subfield code="a">NATIONAL ACCOUNTS</subfield>
        <subfield code="0">(DHLAUTH)269651</subfield>
    </datafield>
    <datafield tag="650" ind1=" " ind2=" ">
        <subfield code="a">GROSS DOMESTIC PRODUCT</subfield>
        <subfield code="0">(DHLAUTH)269801</subfield>
    </datafield>
    <datafield tag="650" ind1=" " ind2=" ">
        <subfield code="a">SAVINGS</subfield>
        <subfield code="0">(DHLAUTH)270337</subfield>
    </datafield>
</record>
<record>
    <datafield tag="191" ind1=" " ind2=" ">
        <subfield code="a">E/ESCWA/STAT/88/14</subfield>
    </datafield>
    <datafield tag="246" ind1=" " ind2=" ">
        <subfield code="a">تقرير عن المهمة الاستشارية الى الوزارة الصناعية دمشق - الجمهورية العربية السورية خلال الفترة من 23-31 آذار/مارس 1988</subfield>
    </datafield>
    <datafield tag="269" ind1=" " ind2=" ">
        <subfield code="a">19880525</subfield>
    </datafield>
    <datafield tag="650" ind1=" " ind2=" ">
        <subfield code="a">ADVISORY SERVICES</subfield>
        <subfield code="0">(DHLAUTH)269860</subfield>
    </datafield>
    <datafield tag="650" ind1=" " ind2=" ">
        <subfield code="a">TECHNICAL TRAINING</subfield>
        <subfield code="0">(DHLAUTH)271971</subfield>
    </datafield>
    <datafield tag="650" ind1=" " ind2=" ">
        <subfield code="a">STATISTICAL DATA</subfield>
        <subfield code="0">(DHLAUTH)270233</subfield>
    </datafield>
    <datafield tag="650" ind1=" " ind2=" ">
        <subfield code="a">WESTERN ASIA</subfield>
        <subfield code="0">(DHLAUTH)275490</subfield>
    </datafield>
    <datafield tag="650" ind1=" " ind2=" ">
        <subfield code="a">MANPOWER</subfield>
        <subfield code="0">(DHLAUTH)273105</subfield>
    </datafield>
    <datafield tag="650" ind1=" " ind2=" ">
        <subfield code="a">TECHNICAL TRAINING</subfield>
        <subfield code="0">(DHLAUTH)271971</subfield>
    </datafield>
    <datafield tag="650" ind1=" " ind2=" ">
        <subfield code="a">RECOMMENDATIONS</subfield>
        <subfield code="0">(DHLAUTH)275840</subfield>
    </datafield>
    <datafield tag="650" ind1=" " ind2=" ">
        <subfield code="a">INFORMATION NETWORKS</subfield>
        <subfield code="0">(DHLAUTH)272733</subfield>
    </datafield>
    <datafield tag="650" ind1=" " ind2=" ">
        <subfield code="a">DATA PROCESSING SERVICES</subfield>
        <subfield code="0">(DHLAUTH)275236</subfield>
    </datafield>
    <datafield tag="650" ind1=" " ind2=" ">
        <subfield code="a">WAGES</subfield>
        <subfield code="0">(DHLAUTH)269809</subfield>
    </datafield>
    <datafield tag="650" ind1=" " ind2=" ">
        <subfield code="a">SYRIAN ARAB REPUBLIC</subfield>
        <subfield code="0">(DHLAUTH)273496</subfield>
    </datafield>
</record>
<record>
    <datafield tag="191" ind1=" " ind2=" ">
        <subfield code="a">E/ESCWA/STAT/88/15</subfield>
    </datafield>
    <datafield tag="246" ind1=" " ind2=" ">
        <subfield code="a">تقرير عن المهمة الاستشارية الى المديرية العامة للاحصاءات الوطنية في سلطنة عمان خلال الفترة من 29 ايار/مايو الى 19 حزيران/يونيو 1988</subfield>
    </datafield>
    <datafield tag="269" ind1=" " ind2=" ">
        <subfield code="a">19880627</subfield>
    </datafield>
    <datafield tag="650" ind1=" " ind2=" ">
        <subfield code="a">ADVISORY SERVICES</subfield>
        <subfield code="0">(DHLAUTH)269860</subfield>
    </datafield>
    <datafield tag="650" ind1=" " ind2=" ">
        <subfield code="a">TECHNICAL COOPERATION</subfield>
        <subfield code="0">(DHLAUTH)268658</subfield>
    </datafield>
    <datafield tag="650" ind1=" " ind2=" ">
        <subfield code="a">STATISTICAL DATA</subfield>
        <subfield code="0">(DHLAUTH)270233</subfield>
    </datafield>
    <datafield tag="650" ind1=" " ind2=" ">
        <subfield code="a">WESTERN ASIA</subfield>
        <subfield code="0">(DHLAUTH)275490</subfield>
    </datafield>
    <datafield tag="650" ind1=" " ind2=" ">
        <subfield code="a">HOUSEHOLD SURVEYS</subfield>
        <subfield code="0">(DHLAUTH)270181</subfield>
    </datafield>
    <datafield tag="650" ind1=" " ind2=" ">
        <subfield code="a">SAMPLING</subfield>
        <subfield code="0">(DHLAUTH)270203</subfield>
    </datafield>
    <datafield tag="650" ind1=" " ind2=" ">
        <subfield code="a">TRAINING PROGRAMMES</subfield>
        <subfield code="0">(DHLAUTH)274026</subfield>
    </datafield>
    <datafield tag="650" ind1=" " ind2=" ">
        <subfield code="a">SOCIAL RESEARCH</subfield>
        <subfield code="0">(DHLAUTH)269376</subfield>
    </datafield>
    <datafield tag="650" ind1=" " ind2=" ">
        <subfield code="a">FAMILY INCOME</subfield>
        <subfield code="0">(DHLAUTH)269804</subfield>
    </datafield>
    <datafield tag="650" ind1=" " ind2=" ">
        <subfield code="a">HOUSEHOLD EXPENDITURES</subfield>
        <subfield code="0">(DHLAUTH)269741</subfield>
    </datafield>
    <datafield tag="650" ind1=" " ind2=" ">
        <subfield code="a">AMMAN (JORDAN)</subfield>
        <subfield code="0">(DHLAUTH)276766</subfield>
    </datafield>
</record>
<record>
    <datafield tag="191" ind1=" " ind2=" ">
        <subfield code="a">E/ESCWA/STAT/88/16</subfield>
    </datafield>
    <datafield tag="246" ind1=" " ind2=" ">
        <subfield code="a">تقرير عن الزيارة الى الادارة المركزية للاحصاء وزارة التخطيط الكويت الفترة من 31 أيار/مايو-5 حزيران/يونيو 1988</subfield>
    </datafield>
    <datafield tag="269" ind1=" " ind2=" ">
        <subfield code="a">19880628</subfield>
    </datafield>
    <datafield tag="650" ind1=" " ind2=" ">
        <subfield code="a">ADVISORY SERVICES</subfield>
        <subfield code="0">(DHLAUTH)269860</subfield>
    </datafield>
    <datafield tag="650" ind1=" " ind2=" ">
        <subfield code="a">TECHNICAL COOPERATION</subfield>
        <subfield code="0">(DHLAUTH)268658</subfield>
    </datafield>
    <datafield tag="650" ind1=" " ind2=" ">
        <subfield code="a">STATISTICAL DATA</subfield>
        <subfield code="0">(DHLAUTH)270233</subfield>
    </datafield>
    <datafield tag="650" ind1=" " ind2=" ">
        <subfield code="a">WESTERN ASIA</subfield>
        <subfield code="0">(DHLAUTH)275490</subfield>
    </datafield>
    <datafield tag="650" ind1=" " ind2=" ">
        <subfield code="a">TECHNICAL TRAINING</subfield>
        <subfield code="0">(DHLAUTH)271971</subfield>
    </datafield>
    <datafield tag="650" ind1=" " ind2=" ">
        <subfield code="a">VOCATIONAL TRAINING</subfield>
        <subfield code="0">(DHLAUTH)271390</subfield>
    </datafield>
    <datafield tag="650" ind1=" " ind2=" ">
        <subfield code="a">NATIONAL ACCOUNTS</subfield>
        <subfield code="0">(DHLAUTH)269651</subfield>
    </datafield>
    <datafield tag="650" ind1=" " ind2=" ">
        <subfield code="a">KUWAIT</subfield>
        <subfield code="0">(DHLAUTH)273384</subfield>
    </datafield>
</record>
<record>
    <datafield tag="191" ind1=" " ind2=" ">
        <subfield code="a">E/ESCWA/STAT/88/17</subfield>
    </datafield>
    <datafield tag="246" ind1=" " ind2=" ">
        <subfield code="a">تقرير عن الزيارة الى الجهاز المركزي للتخطيط الادارة العامة للاحصاء صنعاء الجمهورية العربية اليمنية خلال الفترة من 6-19 حزيران/يونيو 1988</subfield>
    </datafield>
    <datafield tag="269" ind1=" " ind2=" ">
        <subfield code="a">19880628</subfield>
    </datafield>
    <datafield tag="650" ind1=" " ind2=" ">
        <subfield code="a">ADVISORY SERVICES</subfield>
        <subfield code="0">(DHLAUTH)269860</subfield>
    </datafield>
    <datafield tag="650" ind1=" " ind2=" ">
        <subfield code="a">TECHNICAL COOPERATION</subfield>
        <subfield code="0">(DHLAUTH)268658</subfield>
    </datafield>
    <datafield tag="650" ind1=" " ind2=" ">
        <subfield code="a">STATISTICAL DATA</subfield>
        <subfield code="0">(DHLAUTH)270233</subfield>
    </datafield>
    <datafield tag="650" ind1=" " ind2=" ">
        <subfield code="a">WESTERN ASIA</subfield>
        <subfield code="0">(DHLAUTH)275490</subfield>
    </datafield>
    <datafield tag="650" ind1=" " ind2=" ">
        <subfield code="a">NATIONAL ACCOUNTS</subfield>
        <subfield code="0">(DHLAUTH)269651</subfield>
    </datafield>
    <datafield tag="650" ind1=" " ind2=" ">
        <subfield code="a">YEMEN</subfield>
        <subfield code="0">(DHLAUTH)273521</subfield>
    </datafield>
</record>
<record>
    <datafield tag="191" ind1=" " ind2=" ">
        <subfield code="a">E/ESCWA/STAT/88/18</subfield>
    </datafield>
    <datafield tag="246" ind1=" " ind2=" ">
        <subfield code="a">تقرير عن الزيارة الى الجهاز المركزي للاحصاء وزارة التخطيط الجمهورية العراقية خلال الفترة من 5-23 تموز / يوليو 1988</subfield>
    </datafield>
    <datafield tag="269" ind1=" " ind2=" ">
        <subfield code="a">19880731</subfield>
    </datafield>
    <datafield tag="650" ind1=" " ind2=" ">
        <subfield code="a">ADVISORY SERVICES</subfield>
        <subfield code="0">(DHLAUTH)269860</subfield>
    </datafield>
    <datafield tag="650" ind1=" " ind2=" ">
        <subfield code="a">TECHNICAL COOPERATION</subfield>
        <subfield code="0">(DHLAUTH)268658</subfield>
    </datafield>
    <datafield tag="650" ind1=" " ind2=" ">
        <subfield code="a">STATISTICAL DATA</subfield>
        <subfield code="0">(DHLAUTH)270233</subfield>
    </datafield>
    <datafield tag="650" ind1=" " ind2=" ">
        <subfield code="a">WESTERN ASIA</subfield>
        <subfield code="0">(DHLAUTH)275490</subfield>
    </datafield>
    <datafield tag="650" ind1=" " ind2=" ">
        <subfield code="a">NATIONAL ACCOUNTS</subfield>
        <subfield code="0">(DHLAUTH)269651</subfield>
    </datafield>
    <datafield tag="650" ind1=" " ind2=" ">
        <subfield code="a">NATIONAL INCOME</subfield>
        <subfield code="0">(DHLAUTH)269803</subfield>
    </datafield>
    <datafield tag="650" ind1=" " ind2=" ">
        <subfield code="a">CAPITAL</subfield>
        <subfield code="0">(DHLAUTH)268263</subfield>
    </datafield>
    <datafield tag="650" ind1=" " ind2=" ">
        <subfield code="a">IRAQ</subfield>
        <subfield code="0">(DHLAUTH)273370</subfield>
    </datafield>
</record>
<record>
    <datafield tag="191" ind1=" " ind2=" ">
        <subfield code="a">E/ESCWA/STAT/88/19</subfield>
    </datafield>
    <datafield tag="246" ind1=" " ind2=" ">
        <subfield code="a">تقرير عن مشاكل التجهيز الآلي لبيانات التعداد العام للسكان والمسكن في منطقة اللجنة الاقتصادية والاجتماعية لغربي آسيا الاسكوا</subfield>
    </datafield>
    <datafield tag="269" ind1=" " ind2=" ">
        <subfield code="a">19881006</subfield>
    </datafield>
    <datafield tag="650" ind1=" " ind2=" ">
        <subfield code="a">STATISTICAL DATA</subfield>
        <subfield code="0">(DHLAUTH)270233</subfield>
    </datafield>
    <datafield tag="650" ind1=" " ind2=" ">
        <subfield code="a">WESTERN ASIA</subfield>
        <subfield code="0">(DHLAUTH)275490</subfield>
    </datafield>
    <datafield tag="650" ind1=" " ind2=" ">
        <subfield code="a">DATA PROCESSING SERVICES</subfield>
        <subfield code="0">(DHLAUTH)275236</subfield>
    </datafield>
    <datafield tag="650" ind1=" " ind2=" ">
        <subfield code="a">HOUSING CENSUSES</subfield>
        <subfield code="0">(DHLAUTH)304326</subfield>
    </datafield>
    <datafield tag="650" ind1=" " ind2=" ">
        <subfield code="a">POPULATION CENSUSES</subfield>
        <subfield code="0">(DHLAUTH)270178</subfield>
    </datafield>
</record>
<record>
    <datafield tag="191" ind1=" " ind2=" ">
        <subfield code="a">E/ESCWA/STAT/88/20</subfield>
    </datafield>
    <datafield tag="245" ind1=" " ind2=" ">
        <subfield code="a">MISSION REPORT TO THE GENERAL DEPARTMENT OF STATISTICS JORDAN DURING THE PERIOD 8-21 SEPTEMBER 1988</subfield>
    </datafield>
    <datafield tag="269" ind1=" " ind2=" ">
        <subfield code="a">19881006</subfield>
    </datafield>
    <datafield tag="650" ind1=" " ind2=" ">
        <subfield code="a">ADVISORY SERVICES</subfield>
        <subfield code="0">(DHLAUTH)269860</subfield>
    </datafield>
    <datafield tag="650" ind1=" " ind2=" ">
        <subfield code="a">NATIONAL ACCOUNTS</subfield>
        <subfield code="0">(DHLAUTH)269651</subfield>
    </datafield>
    <datafield tag="650" ind1=" " ind2=" ">
        <subfield code="a">STATISTICAL METHODOLOGY</subfield>
        <subfield code="0">(DHLAUTH)269635</subfield>
    </datafield>
    <datafield tag="650" ind1=" " ind2=" ">
        <subfield code="a">TRAINING PROGRAMMES</subfield>
        <subfield code="0">(DHLAUTH)274026</subfield>
    </datafield>
    <datafield tag="650" ind1=" " ind2=" ">
        <subfield code="a">JORDAN</subfield>
        <subfield code="0">(DHLAUTH)269099</subfield>
    </datafield>
    <datafield tag="650" ind1=" " ind2=" ">
        <subfield code="a">WESTERN ASIA</subfield>
        <subfield code="0">(DHLAUTH)275490</subfield>
    </datafield>
</record>
<record>
    <datafield tag="191" ind1=" " ind2=" ">
        <subfield code="a">E/ESCWA/STAT/88/21</subfield>
    </datafield>
    <datafield tag="246" ind1=" " ind2=" ">
        <subfield code="a">تقرير عن الزيارة الى دائرة الاحصاءات العامة المملكة الاردنية الهاشمية خلال الفترة من 31 تموز /يوليو -10 اغسطس/ اب 1988 </subfield>
    </datafield>
    <datafield tag="269" ind1=" " ind2=" ">
        <subfield code="a">19881011</subfield>
    </datafield>
    <datafield tag="650" ind1=" " ind2=" ">
        <subfield code="a">ADVISORY SERVICES</subfield>
        <subfield code="0">(DHLAUTH)269860</subfield>
    </datafield>
    <datafield tag="650" ind1=" " ind2=" ">
        <subfield code="a">TECHNICAL COOPERATION</subfield>
        <subfield code="0">(DHLAUTH)268658</subfield>
    </datafield>
    <datafield tag="650" ind1=" " ind2=" ">
        <subfield code="a">WESTERN ASIA</subfield>
        <subfield code="0">(DHLAUTH)275490</subfield>
    </datafield>
    <datafield tag="650" ind1=" " ind2=" ">
        <subfield code="a">STATISTICAL DATA</subfield>
        <subfield code="0">(DHLAUTH)270233</subfield>
    </datafield>
    <datafield tag="650" ind1=" " ind2=" ">
        <subfield code="a">JORDAN</subfield>
        <subfield code="0">(DHLAUTH)269099</subfield>
    </datafield>
    <datafield tag="650" ind1=" " ind2=" ">
        <subfield code="a">PRICES</subfield>
        <subfield code="0">(DHLAUTH)269707</subfield>
    </datafield>
    <datafield tag="650" ind1=" " ind2=" ">
        <subfield code="a">NATIONAL INCOME</subfield>
        <subfield code="0">(DHLAUTH)269803</subfield>
    </datafield>
</record>
<record>
    <datafield tag="191" ind1=" " ind2=" ">
        <subfield code="a">E/ESCWA/STAT/88/22</subfield>
    </datafield>
    <datafield tag="245" ind1=" " ind2=" ">
        <subfield code="a">MISSION REPORT TO THE CENTRAL STATISTICAL ORGANIZATIN ADEN-PEOPLE'S DEMOCRATIC REPUBLIC OF YEMEN DURING THE PERIOD 29 JUNE - 8 JULY 1988</subfield>
    </datafield>
    <datafield tag="269" ind1=" " ind2=" ">
        <subfield code="a">19881120</subfield>
    </datafield>
    <datafield tag="650" ind1=" " ind2=" ">
        <subfield code="a">ADVISORY SERVICES</subfield>
        <subfield code="0">(DHLAUTH)269860</subfield>
    </datafield>
    <datafield tag="650" ind1=" " ind2=" ">
        <subfield code="a">WESTERN ASIA</subfield>
        <subfield code="0">(DHLAUTH)275490</subfield>
    </datafield>
    <datafield tag="650" ind1=" " ind2=" ">
        <subfield code="a">T0013489?</subfield>
        <subfield code="0">(DHLAUTH)?</subfield>
    </datafield>
    <datafield tag="650" ind1=" " ind2=" ">
        <subfield code="a">RECOMMENDATIONS</subfield>
        <subfield code="0">(DHLAUTH)275840</subfield>
    </datafield>
    <datafield tag="650" ind1=" " ind2=" ">
        <subfield code="a">YEMEN</subfield>
        <subfield code="0">(DHLAUTH)273521</subfield>
    </datafield>
</record>
<record>
    <datafield tag="191" ind1=" " ind2=" ">
        <subfield code="a">E/ESCWA/STAT/88/23</subfield>
    </datafield>
    <datafield tag="246" ind1=" " ind2=" ">
        <subfield code="a">تقرير عن المهمة الاستشارية الى المديرية العامة للاحصاءات الوطنية- مجلس التنمية مسقط سلطنة عمان خلال الفترة من 12-26 حزيران/يونيو 1988 </subfield>
    </datafield>
    <datafield tag="269" ind1=" " ind2=" ">
        <subfield code="a">19880904</subfield>
    </datafield>
    <datafield tag="650" ind1=" " ind2=" ">
        <subfield code="a">ADVISORY SERVICES</subfield>
        <subfield code="0">(DHLAUTH)269860</subfield>
    </datafield>
    <datafield tag="650" ind1=" " ind2=" ">
        <subfield code="a">TECHNICAL COOPERATION</subfield>
        <subfield code="0">(DHLAUTH)268658</subfield>
    </datafield>
    <datafield tag="650" ind1=" " ind2=" ">
        <subfield code="a">STATISTICAL DATA</subfield>
        <subfield code="0">(DHLAUTH)270233</subfield>
    </datafield>
    <datafield tag="650" ind1=" " ind2=" ">
        <subfield code="a">WESTERN ASIA</subfield>
        <subfield code="0">(DHLAUTH)275490</subfield>
    </datafield>
    <datafield tag="650" ind1=" " ind2=" ">
        <subfield code="a">TRAINING PROGRAMMES</subfield>
        <subfield code="0">(DHLAUTH)274026</subfield>
    </datafield>
    <datafield tag="650" ind1=" " ind2=" ">
        <subfield code="a">SOCIAL RESEARCH</subfield>
        <subfield code="0">(DHLAUTH)269376</subfield>
    </datafield>
    <datafield tag="650" ind1=" " ind2=" ">
        <subfield code="a">OMAN</subfield>
        <subfield code="0">(DHLAUTH)273438</subfield>
    </datafield>
    <datafield tag="650" ind1=" " ind2=" ">
        <subfield code="a">MODEL FORMS</subfield>
        <subfield code="0">(DHLAUTH)269304</subfield>
    </datafield>
    <datafield tag="650" ind1=" " ind2=" ">
        <subfield code="a">COMPUTERS</subfield>
        <subfield code="0">(DHLAUTH)271865</subfield>
    </datafield>
    <datafield tag="650" ind1=" " ind2=" ">
        <subfield code="a">DATA PROCESSING SERVICES</subfield>
        <subfield code="0">(DHLAUTH)275236</subfield>
    </datafield>
    <datafield tag="650" ind1=" " ind2=" ">
        <subfield code="a">SURVEYS</subfield>
        <subfield code="0">(DHLAUTH)269793</subfield>
    </datafield>
    <datafield tag="650" ind1=" " ind2=" ">
        <subfield code="a">COMPUTER APPLICATIONS</subfield>
        <subfield code="0">(DHLAUTH)271864</subfield>
    </datafield>
</record>
<record>
    <datafield tag="191" ind1=" " ind2=" ">
        <subfield code="a">E/ESCWA/STAT/88/28</subfield>
    </datafield>
    <datafield tag="246" ind1=" " ind2=" ">
        <subfield code="a">تقرير عن الزيارة الى المديرية العامة للاحصاءات الوطنية مجلس التنمية سلطنة عمان خلال الفترة من 20-25 حزيران /يونيو 1988 </subfield>
    </datafield>
    <datafield tag="269" ind1=" " ind2=" ">
        <subfield code="a">19881226</subfield>
    </datafield>
    <datafield tag="650" ind1=" " ind2=" ">
        <subfield code="a">ADVISORY SERVICES</subfield>
        <subfield code="0">(DHLAUTH)269860</subfield>
    </datafield>
    <datafield tag="650" ind1=" " ind2=" ">
        <subfield code="a">TECHNICAL COOPERATION</subfield>
        <subfield code="0">(DHLAUTH)268658</subfield>
    </datafield>
    <datafield tag="650" ind1=" " ind2=" ">
        <subfield code="a">WESTERN ASIA</subfield>
        <subfield code="0">(DHLAUTH)275490</subfield>
    </datafield>
    <datafield tag="650" ind1=" " ind2=" ">
        <subfield code="a">SOCIAL RESEARCH</subfield>
        <subfield code="0">(DHLAUTH)269376</subfield>
    </datafield>
    <datafield tag="650" ind1=" " ind2=" ">
        <subfield code="a">OMAN</subfield>
        <subfield code="0">(DHLAUTH)273438</subfield>
    </datafield>
    <datafield tag="650" ind1=" " ind2=" ">
        <subfield code="a">INDEX NUMBERS</subfield>
        <subfield code="0">(DHLAUTH)269641</subfield>
    </datafield>
</record>
<record>
    <datafield tag="191" ind1=" " ind2=" ">
        <subfield code="a">E/ESCWA/STAT/88/29</subfield>
    </datafield>
    <datafield tag="246" ind1=" " ind2=" ">
        <subfield code="a">تقرير عن الزيارة الى الجهاز المركزي للاحصاء عدن جمهورية اليمن الديمقراطية الشعبية 26 تشرين الثاني /نوفمبر - 14 كانون الاول /ديسمبر 1988 </subfield>
    </datafield>
    <datafield tag="269" ind1=" " ind2=" ">
        <subfield code="a">19890111</subfield>
    </datafield>
    <datafield tag="650" ind1=" " ind2=" ">
        <subfield code="a">ADVISORY SERVICES</subfield>
        <subfield code="0">(DHLAUTH)269860</subfield>
    </datafield>
    <datafield tag="650" ind1=" " ind2=" ">
        <subfield code="a">TECHNICAL COOPERATION</subfield>
        <subfield code="0">(DHLAUTH)268658</subfield>
    </datafield>
    <datafield tag="650" ind1=" " ind2=" ">
        <subfield code="a">WESTERN ASIA</subfield>
        <subfield code="0">(DHLAUTH)275490</subfield>
    </datafield>
    <datafield tag="650" ind1=" " ind2=" ">
        <subfield code="a">POPULATION CENSUSES</subfield>
        <subfield code="0">(DHLAUTH)270178</subfield>
    </datafield>
    <datafield tag="650" ind1=" " ind2=" ">
        <subfield code="a">HOUSING CENSUSES</subfield>
        <subfield code="0">(DHLAUTH)304326</subfield>
    </datafield>
    <datafield tag="650" ind1=" " ind2=" ">
        <subfield code="a">YEMEN</subfield>
        <subfield code="0">(DHLAUTH)273521</subfield>
    </datafield>
    <datafield tag="650" ind1=" " ind2=" ">
        <subfield code="a">SOCIAL RESEARCH</subfield>
        <subfield code="0">(DHLAUTH)269376</subfield>
    </datafield>
</record>
<record>
    <datafield tag="191" ind1=" " ind2=" ">
        <subfield code="a">E/ESCWA/STAT/88/3</subfield>
    </datafield>
    <datafield tag="246" ind1=" " ind2=" ">
        <subfield code="a">تقرير عن الزيارة الى دائرة الاحصاءات العامة الاردن خلال الفترة من 24 كانون الثاني /يناير -14 شباط/فبراير 1988 </subfield>
    </datafield>
    <datafield tag="269" ind1=" " ind2=" ">
        <subfield code="a">19880221</subfield>
    </datafield>
    <datafield tag="650" ind1=" " ind2=" ">
        <subfield code="a">ADVISORY SERVICES</subfield>
        <subfield code="0">(DHLAUTH)269860</subfield>
    </datafield>
    <datafield tag="650" ind1=" " ind2=" ">
        <subfield code="a">TECHNICAL TRAINING</subfield>
        <subfield code="0">(DHLAUTH)271971</subfield>
    </datafield>
    <datafield tag="650" ind1=" " ind2=" ">
        <subfield code="a">WESTERN ASIA</subfield>
        <subfield code="0">(DHLAUTH)275490</subfield>
    </datafield>
    <datafield tag="650" ind1=" " ind2=" ">
        <subfield code="a">NATIONAL ACCOUNTS</subfield>
        <subfield code="0">(DHLAUTH)269651</subfield>
    </datafield>
    <datafield tag="650" ind1=" " ind2=" ">
        <subfield code="a">STATISTICAL DATA</subfield>
        <subfield code="0">(DHLAUTH)270233</subfield>
    </datafield>
    <datafield tag="650" ind1=" " ind2=" ">
        <subfield code="a">JORDAN</subfield>
        <subfield code="0">(DHLAUTH)269099</subfield>
    </datafield>
</record>
<record>
    <datafield tag="191" ind1=" " ind2=" ">
        <subfield code="a">E/ESCWA/STAT/88/4</subfield>
    </datafield>
    <datafield tag="246" ind1=" " ind2=" ">
        <subfield code="a">تقرير عن المهمة الى وزارة التربية والتعليم والجهاز المركزي للاحصاء ومكتب اليونسيف عدن جمهورية اليمن الديمقراطية الشعبية خلال الفترة 24 كانون الثاني/يناير -7 شباط / فبراير 1988 </subfield>
    </datafield>
    <datafield tag="269" ind1=" " ind2=" ">
        <subfield code="a">19880228</subfield>
    </datafield>
    <datafield tag="650" ind1=" " ind2=" ">
        <subfield code="a">ADVISORY SERVICES</subfield>
        <subfield code="0">(DHLAUTH)269860</subfield>
    </datafield>
    <datafield tag="650" ind1=" " ind2=" ">
        <subfield code="a">TECHNICAL TRAINING</subfield>
        <subfield code="0">(DHLAUTH)271971</subfield>
    </datafield>
    <datafield tag="650" ind1=" " ind2=" ">
        <subfield code="a">STATISTICAL DATA</subfield>
        <subfield code="0">(DHLAUTH)270233</subfield>
    </datafield>
    <datafield tag="650" ind1=" " ind2=" ">
        <subfield code="a">WESTERN ASIA</subfield>
        <subfield code="0">(DHLAUTH)275490</subfield>
    </datafield>
    <datafield tag="650" ind1=" " ind2=" ">
        <subfield code="a">YEMEN</subfield>
        <subfield code="0">(DHLAUTH)273521</subfield>
    </datafield>
    <datafield tag="650" ind1=" " ind2=" ">
        <subfield code="a">SURVEYS</subfield>
        <subfield code="0">(DHLAUTH)269793</subfield>
    </datafield>
    <datafield tag="650" ind1=" " ind2=" ">
        <subfield code="a">EDUCATION</subfield>
        <subfield code="0">(DHLAUTH)268926</subfield>
    </datafield>
    <datafield tag="650" ind1=" " ind2=" ">
        <subfield code="a">HOUSEHOLD SURVEYS</subfield>
        <subfield code="0">(DHLAUTH)270181</subfield>
    </datafield>
    <datafield tag="650" ind1=" " ind2=" ">
        <subfield code="a">STATISTICAL METHODOLOGY</subfield>
        <subfield code="0">(DHLAUTH)269635</subfield>
    </datafield>
    <datafield tag="650" ind1=" " ind2=" ">
        <subfield code="a">PROJECT FORMULATION</subfield>
        <subfield code="0">(DHLAUTH)275805</subfield>
    </datafield>
    <datafield tag="650" ind1=" " ind2=" ">
        <subfield code="a">ILLITERACY</subfield>
        <subfield code="0">(DHLAUTH)274058</subfield>
    </datafield>
</record>
<record>
    <datafield tag="191" ind1=" " ind2=" ">
        <subfield code="a">E/ESCWA/STAT/88/5</subfield>
    </datafield>
    <datafield tag="246" ind1=" " ind2=" ">
        <subfield code="a">تقرير عن المهمة الاستشارية الى مركزالتدريب والبحوث التطبيقية بوزارة العمل والشؤون الاجتماعية الدرعية - الرياض - المملكة العربية السعودية خلال الفترتين 16-23 كانون الثاني /يناير 1988 -8 -21 شباط/فبراير 1988</subfield>
    </datafield>
    <datafield tag="269" ind1=" " ind2=" ">
        <subfield code="a">19880228</subfield>
    </datafield>
    <datafield tag="650" ind1=" " ind2=" ">
        <subfield code="a">ADVISORY SERVICES</subfield>
        <subfield code="0">(DHLAUTH)269860</subfield>
    </datafield>
    <datafield tag="650" ind1=" " ind2=" ">
        <subfield code="a">TECHNICAL TRAINING</subfield>
        <subfield code="0">(DHLAUTH)271971</subfield>
    </datafield>
    <datafield tag="650" ind1=" " ind2=" ">
        <subfield code="a">STATISTICAL DATA</subfield>
        <subfield code="0">(DHLAUTH)270233</subfield>
    </datafield>
    <datafield tag="650" ind1=" " ind2=" ">
        <subfield code="a">WESTERN ASIA</subfield>
        <subfield code="0">(DHLAUTH)275490</subfield>
    </datafield>
    <datafield tag="650" ind1=" " ind2=" ">
        <subfield code="a">DATA BANKS</subfield>
        <subfield code="0">(DHLAUTH)275123</subfield>
    </datafield>
    <datafield tag="650" ind1=" " ind2=" ">
        <subfield code="a">SOCIAL SERVICES</subfield>
        <subfield code="0">(DHLAUTH)269370</subfield>
    </datafield>
    <datafield tag="650" ind1=" " ind2=" ">
        <subfield code="a">SOCIAL RESEARCH</subfield>
        <subfield code="0">(DHLAUTH)269376</subfield>
    </datafield>
    <datafield tag="650" ind1=" " ind2=" ">
        <subfield code="a">DATA PROCESSING SERVICES</subfield>
        <subfield code="0">(DHLAUTH)275236</subfield>
    </datafield>
    <datafield tag="650" ind1=" " ind2=" ">
        <subfield code="a">SAUDI ARABIA</subfield>
        <subfield code="0">(DHLAUTH)273464</subfield>
    </datafield>
    <datafield tag="650" ind1=" " ind2=" ">
        <subfield code="a">ORGANIZATIONAL STRUCTURE</subfield>
        <subfield code="0">(DHLAUTH)272030</subfield>
    </datafield>
</record>
<record>
    <datafield tag="191" ind1=" " ind2=" ">
        <subfield code="a">E/ESCWA/STAT/88/6</subfield>
    </datafield>
    <datafield tag="246" ind1=" " ind2=" ">
        <subfield code="a">تقرير عن الزيارة الى حهاز المركزي للاحصاء عدن - جمهورية اليمن الديمقراطية الشعبية خلال الفترة من 15 شباط /فبراير - 1 اذار/مارس 1988 </subfield>
    </datafield>
    <datafield tag="269" ind1=" " ind2=" ">
        <subfield code="a">19880313</subfield>
    </datafield>
    <datafield tag="650" ind1=" " ind2=" ">
        <subfield code="a">ADVISORY SERVICES</subfield>
        <subfield code="0">(DHLAUTH)269860</subfield>
    </datafield>
    <datafield tag="650" ind1=" " ind2=" ">
        <subfield code="a">TECHNICAL TRAINING</subfield>
        <subfield code="0">(DHLAUTH)271971</subfield>
    </datafield>
    <datafield tag="650" ind1=" " ind2=" ">
        <subfield code="a">STATISTICAL DATA</subfield>
        <subfield code="0">(DHLAUTH)270233</subfield>
    </datafield>
    <datafield tag="650" ind1=" " ind2=" ">
        <subfield code="a">WESTERN ASIA</subfield>
        <subfield code="0">(DHLAUTH)275490</subfield>
    </datafield>
    <datafield tag="650" ind1=" " ind2=" ">
        <subfield code="a">YEMEN</subfield>
        <subfield code="0">(DHLAUTH)273521</subfield>
    </datafield>
    <datafield tag="650" ind1=" " ind2=" ">
        <subfield code="a">MANPOWER</subfield>
        <subfield code="0">(DHLAUTH)273105</subfield>
    </datafield>
    <datafield tag="650" ind1=" " ind2=" ">
        <subfield code="a">RECOMMENDATIONS</subfield>
        <subfield code="0">(DHLAUTH)275840</subfield>
    </datafield>
    <datafield tag="650" ind1=" " ind2=" ">
        <subfield code="a">SAMPLE SURVEYS</subfield>
        <subfield code="0">(DHLAUTH)270182</subfield>
    </datafield>
</record>
<record>
    <datafield tag="191" ind1=" " ind2=" ">
        <subfield code="a">E/ESCWA/STAT/88/7</subfield>
    </datafield>
    <datafield tag="246" ind1=" " ind2=" ">
        <subfield code="a">تقرير عن الزيارة الى وزارة التخطيط دولة الامارات العربية المتحدة ابو ظبي خلال الفترة من 22 شباط/فبراير - 8 اذار/مارس 1988 </subfield>
    </datafield>
    <datafield tag="269" ind1=" " ind2=" ">
        <subfield code="a">19880316</subfield>
    </datafield>
    <datafield tag="650" ind1=" " ind2=" ">
        <subfield code="a">ADVISORY SERVICES</subfield>
        <subfield code="0">(DHLAUTH)269860</subfield>
    </datafield>
    <datafield tag="650" ind1=" " ind2=" ">
        <subfield code="a">TECHNICAL TRAINING</subfield>
        <subfield code="0">(DHLAUTH)271971</subfield>
    </datafield>
    <datafield tag="650" ind1=" " ind2=" ">
        <subfield code="a">STATISTICAL DATA</subfield>
        <subfield code="0">(DHLAUTH)270233</subfield>
    </datafield>
    <datafield tag="650" ind1=" " ind2=" ">
        <subfield code="a">WESTERN ASIA</subfield>
        <subfield code="0">(DHLAUTH)275490</subfield>
    </datafield>
    <datafield tag="650" ind1=" " ind2=" ">
        <subfield code="a">NATIONAL ACCOUNTS</subfield>
        <subfield code="0">(DHLAUTH)269651</subfield>
    </datafield>
    <datafield tag="650" ind1=" " ind2=" ">
        <subfield code="a">UNITED ARAB EMIRATES</subfield>
        <subfield code="0">(DHLAUTH)275604</subfield>
    </datafield>
    <datafield tag="650" ind1=" " ind2=" ">
        <subfield code="a">BALANCE OF PAYMENTS</subfield>
        <subfield code="0">(DHLAUTH)270325</subfield>
    </datafield>
</record>
<record>
    <datafield tag="191" ind1=" " ind2=" ">
        <subfield code="a">E/ESCWA/STAT/88/8</subfield>
    </datafield>
    <datafield tag="246" ind1=" " ind2=" ">
        <subfield code="a">تقرير عن المهمة الاستشارية الى دائرة الاحصاءات العامة عمان المملكة الاردنية الهاشمية خلال الفترة 7-13 مارس 1988</subfield>
    </datafield>
    <datafield tag="269" ind1=" " ind2=" ">
        <subfield code="a">19880406</subfield>
    </datafield>
    <datafield tag="650" ind1=" " ind2=" ">
        <subfield code="a">ADVISORY SERVICES</subfield>
        <subfield code="0">(DHLAUTH)269860</subfield>
    </datafield>
    <datafield tag="650" ind1=" " ind2=" ">
        <subfield code="a">TECHNICAL TRAINING</subfield>
        <subfield code="0">(DHLAUTH)271971</subfield>
    </datafield>
    <datafield tag="650" ind1=" " ind2=" ">
        <subfield code="a">STATISTICAL DATA</subfield>
        <subfield code="0">(DHLAUTH)270233</subfield>
    </datafield>
    <datafield tag="650" ind1=" " ind2=" ">
        <subfield code="a">WESTERN ASIA</subfield>
        <subfield code="0">(DHLAUTH)275490</subfield>
    </datafield>
    <datafield tag="650" ind1=" " ind2=" ">
        <subfield code="a">SOCIAL RESEARCH</subfield>
        <subfield code="0">(DHLAUTH)269376</subfield>
    </datafield>
    <datafield tag="650" ind1=" " ind2=" ">
        <subfield code="a">HOUSEHOLD SURVEYS</subfield>
        <subfield code="0">(DHLAUTH)270181</subfield>
    </datafield>
    <datafield tag="650" ind1=" " ind2=" ">
        <subfield code="a">FAMILY INCOME</subfield>
        <subfield code="0">(DHLAUTH)269804</subfield>
    </datafield>
    <datafield tag="650" ind1=" " ind2=" ">
        <subfield code="a">JORDAN</subfield>
        <subfield code="0">(DHLAUTH)269099</subfield>
    </datafield>
    <datafield tag="650" ind1=" " ind2=" ">
        <subfield code="a">STATISTICAL METHODOLOGY</subfield>
        <subfield code="0">(DHLAUTH)269635</subfield>
    </datafield>
</record>
<record>
    <datafield tag="191" ind1=" " ind2=" ">
        <subfield code="a">E/ESCWA/STAT/88/9</subfield>
    </datafield>
    <datafield tag="246" ind1=" " ind2=" ">
        <subfield code="a">تقرير عن المهمة الاستشارية الى المكتب المركزي للاحصاء الفلسطيني دمشق- الجمهورية العربية السورية خلال الفترة من13 اذار /مارس - اول نيسان /ابريل 1988 </subfield>
    </datafield>
    <datafield tag="269" ind1=" " ind2=" ">
        <subfield code="a">19880405</subfield>
    </datafield>
    <datafield tag="650" ind1=" " ind2=" ">
        <subfield code="a">ADVISORY SERVICES</subfield>
        <subfield code="0">(DHLAUTH)269860</subfield>
    </datafield>
    <datafield tag="650" ind1=" " ind2=" ">
        <subfield code="a">TECHNICAL TRAINING</subfield>
        <subfield code="0">(DHLAUTH)271971</subfield>
    </datafield>
    <datafield tag="650" ind1=" " ind2=" ">
        <subfield code="a">STATISTICAL DATA</subfield>
        <subfield code="0">(DHLAUTH)270233</subfield>
    </datafield>
    <datafield tag="650" ind1=" " ind2=" ">
        <subfield code="a">WESTERN ASIA</subfield>
        <subfield code="0">(DHLAUTH)275490</subfield>
    </datafield>
    <datafield tag="650" ind1=" " ind2=" ">
        <subfield code="a">HOUSEHOLD SURVEYS</subfield>
        <subfield code="0">(DHLAUTH)270181</subfield>
    </datafield>
    <datafield tag="650" ind1=" " ind2=" ">
        <subfield code="a">POPULATION DISTRIBUTION</subfield>
        <subfield code="0">(DHLAUTH)272996</subfield>
    </datafield>
    <datafield tag="650" ind1=" " ind2=" ">
        <subfield code="a">FAMILY INCOME</subfield>
        <subfield code="0">(DHLAUTH)269804</subfield>
    </datafield>
    <datafield tag="650" ind1=" " ind2=" ">
        <subfield code="a">HOUSEHOLD EXPENDITURES</subfield>
        <subfield code="0">(DHLAUTH)269741</subfield>
    </datafield>
    <datafield tag="650" ind1=" " ind2=" ">
        <subfield code="a">DATA PROCESSING SERVICES</subfield>
        <subfield code="0">(DHLAUTH)275236</subfield>
    </datafield>
    <datafield tag="650" ind1=" " ind2=" ">
        <subfield code="a">MANPOWER</subfield>
        <subfield code="0">(DHLAUTH)273105</subfield>
    </datafield>
    <datafield tag="650" ind1=" " ind2=" ">
        <subfield code="a">SYRIAN ARAB REPUBLIC</subfield>
        <subfield code="0">(DHLAUTH)273496</subfield>
    </datafield>
    <datafield tag="650" ind1=" " ind2=" ">
        <subfield code="a">REFUGEE CAMPS</subfield>
        <subfield code="0">(DHLAUTH)274386</subfield>
    </datafield>
</record>
<record>
    <datafield tag="191" ind1=" " ind2=" ">
        <subfield code="a">E/ESCWA/STAT/89/12</subfield>
    </datafield>
    <datafield tag="246" ind1=" " ind2=" ">
        <subfield code="a">تقرير عن المهمة الاستشارية الى اللجنة الاردنية الفلسطينية المشتركة : عمان المملكة الاردنية الهاشمية</subfield>
    </datafield>
    <datafield tag="269" ind1=" " ind2=" ">
        <subfield code="a">19890510</subfield>
    </datafield>
    <datafield tag="650" ind1=" " ind2=" ">
        <subfield code="a">WESTERN ASIA</subfield>
        <subfield code="0">(DHLAUTH)275490</subfield>
    </datafield>
    <datafield tag="650" ind1=" " ind2=" ">
        <subfield code="a">CONFERENCES</subfield>
        <subfield code="0">(DHLAUTH)275758</subfield>
    </datafield>
    <datafield tag="650" ind1=" " ind2=" ">
        <subfield code="a">JORDAN</subfield>
        <subfield code="0">(DHLAUTH)269099</subfield>
    </datafield>
    <datafield tag="650" ind1=" " ind2=" ">
        <subfield code="a">POPULATION SURVEYS</subfield>
        <subfield code="0">(DHLAUTH)272991</subfield>
    </datafield>
    <datafield tag="650" ind1=" " ind2=" ">
        <subfield code="a">STATISTICAL DATA</subfield>
        <subfield code="0">(DHLAUTH)270233</subfield>
    </datafield>
    <datafield tag="650" ind1=" " ind2=" ">
        <subfield code="a">MODEL FORMS</subfield>
        <subfield code="0">(DHLAUTH)269304</subfield>
    </datafield>
    <datafield tag="650" ind1=" " ind2=" ">
        <subfield code="a">REFUGEE CAMPS</subfield>
        <subfield code="0">(DHLAUTH)274386</subfield>
    </datafield>
    <datafield tag="650" ind1=" " ind2=" ">
        <subfield code="a">STATISTICS</subfield>
        <subfield code="0">(DHLAUTH)269347</subfield>
    </datafield>
    <datafield tag="650" ind1=" " ind2=" ">
        <subfield code="a">MANPOWER</subfield>
        <subfield code="0">(DHLAUTH)273105</subfield>
    </datafield>
    <datafield tag="650" ind1=" " ind2=" ">
        <subfield code="a">DATA PROCESSING SERVICES</subfield>
        <subfield code="0">(DHLAUTH)275236</subfield>
    </datafield>
    <datafield tag="650" ind1=" " ind2=" ">
        <subfield code="a">PARTICIPANTS</subfield>
        <subfield code="0">(DHLAUTH)275785</subfield>
    </datafield>
    <datafield tag="650" ind1=" " ind2=" ">
        <subfield code="a">GEOCODING</subfield>
        <subfield code="0">(DHLAUTH)275881</subfield>
    </datafield>
    <datafield tag="650" ind1=" " ind2=" ">
        <subfield code="a">CLEARING HOUSES</subfield>
        <subfield code="0">(DHLAUTH)654818</subfield>
    </datafield>
</record>
<record>
    <datafield tag="191" ind1=" " ind2=" ">
        <subfield code="a">E/ESCWA/STAT/89/13</subfield>
    </datafield>
    <datafield tag="246" ind1=" " ind2=" ">
        <subfield code="a">الندوة المحلية بين منتج الاحصاء ومستخدمه عن منهجية ونتائج مسح نفقات ودخل الاسرة 1987 /86 بالمملكة الاردنية الهاشمية خلال الفترة 3-4 ابريل/نيسان 1989</subfield>
    </datafield>
    <datafield tag="269" ind1=" " ind2=" ">
        <subfield code="a">19890527</subfield>
    </datafield>
    <datafield tag="650" ind1=" " ind2=" ">
        <subfield code="a">WESTERN ASIA</subfield>
        <subfield code="0">(DHLAUTH)275490</subfield>
    </datafield>
    <datafield tag="650" ind1=" " ind2=" ">
        <subfield code="a">CONFERENCES</subfield>
        <subfield code="0">(DHLAUTH)275758</subfield>
    </datafield>
    <datafield tag="650" ind1=" " ind2=" ">
        <subfield code="a">STATISTICS</subfield>
        <subfield code="0">(DHLAUTH)269347</subfield>
    </datafield>
    <datafield tag="650" ind1=" " ind2=" ">
        <subfield code="a">NATIONAL ACCOUNTS</subfield>
        <subfield code="0">(DHLAUTH)269651</subfield>
    </datafield>
    <datafield tag="650" ind1=" " ind2=" ">
        <subfield code="a">INPUT-OUTPUT ANALYSIS</subfield>
        <subfield code="0">(DHLAUTH)269646</subfield>
    </datafield>
    <datafield tag="650" ind1=" " ind2=" ">
        <subfield code="a">ECONOMIC ANALYSIS</subfield>
        <subfield code="0">(DHLAUTH)269649</subfield>
    </datafield>
    <datafield tag="650" ind1=" " ind2=" ">
        <subfield code="a">RECOMMENDATIONS</subfield>
        <subfield code="0">(DHLAUTH)275840</subfield>
    </datafield>
    <datafield tag="650" ind1=" " ind2=" ">
        <subfield code="a">JORDAN</subfield>
        <subfield code="0">(DHLAUTH)269099</subfield>
    </datafield>
    <datafield tag="650" ind1=" " ind2=" ">
        <subfield code="a">TUNNELS</subfield>
        <subfield code="0">(DHLAUTH)272282</subfield>
    </datafield>
    <datafield tag="650" ind1=" " ind2=" ">
        <subfield code="a">AGE DISTRIBUTION</subfield>
        <subfield code="0">(DHLAUTH)269146</subfield>
    </datafield>
</record>
<record>
    <datafield tag="191" ind1=" " ind2=" ">
        <subfield code="a">E/ESCWA/STAT/89/14</subfield>
    </datafield>
    <datafield tag="246" ind1=" " ind2=" ">
        <subfield code="a">الاحصاءات السكانية : طرائقها ومنهجياتها</subfield>
    </datafield>
    <datafield tag="269" ind1=" " ind2=" ">
        <subfield code="a">19890527</subfield>
    </datafield>
    <datafield tag="650" ind1=" " ind2=" ">
        <subfield code="a">WESTERN ASIA</subfield>
        <subfield code="0">(DHLAUTH)275490</subfield>
    </datafield>
    <datafield tag="650" ind1=" " ind2=" ">
        <subfield code="a">CONFERENCES</subfield>
        <subfield code="0">(DHLAUTH)275758</subfield>
    </datafield>
    <datafield tag="650" ind1=" " ind2=" ">
        <subfield code="a">DEMOGRAPHIC STATISTICS</subfield>
        <subfield code="0">(DHLAUTH)270229</subfield>
    </datafield>
</record>
<record>
    <datafield tag="191" ind1=" " ind2=" ">
        <subfield code="a">E/ESCWA/STAT/89/16</subfield>
    </datafield>
    <datafield tag="246" ind1=" " ind2=" ">
        <subfield code="a">تقرير عن المهمة المشتركة الى وزارة المالية : دولة البحرين خلال الفترة من 15-29 ايار/مايو 1989</subfield>
    </datafield>
    <datafield tag="269" ind1=" " ind2=" ">
        <subfield code="a">19890626</subfield>
    </datafield>
    <datafield tag="650" ind1=" " ind2=" ">
        <subfield code="a">WESTERN ASIA</subfield>
        <subfield code="0">(DHLAUTH)275490</subfield>
    </datafield>
    <datafield tag="650" ind1=" " ind2=" ">
        <subfield code="a">CONFERENCES</subfield>
        <subfield code="0">(DHLAUTH)275758</subfield>
    </datafield>
    <datafield tag="650" ind1=" " ind2=" ">
        <subfield code="a">BAHRAIN</subfield>
        <subfield code="0">(DHLAUTH)273274</subfield>
    </datafield>
    <datafield tag="650" ind1=" " ind2=" ">
        <subfield code="a">STATISTICS</subfield>
        <subfield code="0">(DHLAUTH)269347</subfield>
    </datafield>
    <datafield tag="650" ind1=" " ind2=" ">
        <subfield code="a">NATIONAL ACCOUNTS</subfield>
        <subfield code="0">(DHLAUTH)269651</subfield>
    </datafield>
    <datafield tag="650" ind1=" " ind2=" ">
        <subfield code="a">RECOMMENDATIONS</subfield>
        <subfield code="0">(DHLAUTH)275840</subfield>
    </datafield>
    <datafield tag="650" ind1=" " ind2=" ">
        <subfield code="a">INPUT-OUTPUT ANALYSIS</subfield>
        <subfield code="0">(DHLAUTH)269646</subfield>
    </datafield>
</record>
<record>
    <datafield tag="191" ind1=" " ind2=" ">
        <subfield code="a">E/ESCWA/STAT/89/17</subfield>
    </datafield>
    <datafield tag="246" ind1=" " ind2=" ">
        <subfield code="a">تقرير عن المهمة المشتركة الى المديرية العامة للاحصاءات الوطنية الامانة الفنية - مجلس التنمية : مسقط- سلطنة عمان </subfield>
    </datafield>
    <datafield tag="269" ind1=" " ind2=" ">
        <subfield code="a">19890626</subfield>
    </datafield>
    <datafield tag="650" ind1=" " ind2=" ">
        <subfield code="a">WESTERN ASIA</subfield>
        <subfield code="0">(DHLAUTH)275490</subfield>
    </datafield>
    <datafield tag="650" ind1=" " ind2=" ">
        <subfield code="a">CONFERENCES</subfield>
        <subfield code="0">(DHLAUTH)275758</subfield>
    </datafield>
    <datafield tag="650" ind1=" " ind2=" ">
        <subfield code="a">OMAN</subfield>
        <subfield code="0">(DHLAUTH)273438</subfield>
    </datafield>
    <datafield tag="650" ind1=" " ind2=" ">
        <subfield code="a">STATISTICS</subfield>
        <subfield code="0">(DHLAUTH)269347</subfield>
    </datafield>
    <datafield tag="650" ind1=" " ind2=" ">
        <subfield code="a">MANPOWER</subfield>
        <subfield code="0">(DHLAUTH)273105</subfield>
    </datafield>
    <datafield tag="650" ind1=" " ind2=" ">
        <subfield code="a">ORGANIZATIONAL STRUCTURE</subfield>
        <subfield code="0">(DHLAUTH)272030</subfield>
    </datafield>
    <datafield tag="650" ind1=" " ind2=" ">
        <subfield code="a">TECHNICAL TRAINING</subfield>
        <subfield code="0">(DHLAUTH)271971</subfield>
    </datafield>
    <datafield tag="650" ind1=" " ind2=" ">
        <subfield code="a">RECOMMENDATIONS</subfield>
        <subfield code="0">(DHLAUTH)275840</subfield>
    </datafield>
    <datafield tag="650" ind1=" " ind2=" ">
        <subfield code="a">PRICE CONTROLS</subfield>
        <subfield code="0">(DHLAUTH)269819</subfield>
    </datafield>
    <datafield tag="650" ind1=" " ind2=" ">
        <subfield code="a">INCOME DISTRIBUTION STATISTICS</subfield>
        <subfield code="0">(DHLAUTH)270078</subfield>
    </datafield>
    <datafield tag="650" ind1=" " ind2=" ">
        <subfield code="a">FINANCIAL RESOURCES</subfield>
        <subfield code="0">(DHLAUTH)269810</subfield>
    </datafield>
    <datafield tag="650" ind1=" " ind2=" ">
        <subfield code="a">POPULATION SURVEYS</subfield>
        <subfield code="0">(DHLAUTH)272991</subfield>
    </datafield>
    <datafield tag="650" ind1=" " ind2=" ">
        <subfield code="a">RESEARCH CENTRES</subfield>
        <subfield code="0">(DHLAUTH)271936</subfield>
    </datafield>
    <datafield tag="650" ind1=" " ind2=" ">
        <subfield code="a">FIELD VISITS</subfield>
        <subfield code="0">(DHLAUTH)275795</subfield>
    </datafield>
</record>
<record>
    <datafield tag="191" ind1=" " ind2=" ">
        <subfield code="a">E/ESCWA/STAT/89/18</subfield>
    </datafield>
    <datafield tag="246" ind1=" " ind2=" ">
        <subfield code="a">تقرير عن الزيارة الى المديرية العامة للاحصاءات الوطنية : مسقط - سلطنة عمان خلال الفترة 1-6 حزيران/يونيو 1989</subfield>
    </datafield>
    <datafield tag="269" ind1=" " ind2=" ">
        <subfield code="a">19890711</subfield>
    </datafield>
    <datafield tag="650" ind1=" " ind2=" ">
        <subfield code="a">WESTERN ASIA</subfield>
        <subfield code="0">(DHLAUTH)275490</subfield>
    </datafield>
    <datafield tag="650" ind1=" " ind2=" ">
        <subfield code="a">CONFERENCES</subfield>
        <subfield code="0">(DHLAUTH)275758</subfield>
    </datafield>
    <datafield tag="650" ind1=" " ind2=" ">
        <subfield code="a">OMAN</subfield>
        <subfield code="0">(DHLAUTH)273438</subfield>
    </datafield>
    <datafield tag="650" ind1=" " ind2=" ">
        <subfield code="a">STATISTICS</subfield>
        <subfield code="0">(DHLAUTH)269347</subfield>
    </datafield>
    <datafield tag="650" ind1=" " ind2=" ">
        <subfield code="a">TRANSPORT STATISTICS</subfield>
        <subfield code="0">(DHLAUTH)270202</subfield>
    </datafield>
    <datafield tag="650" ind1=" " ind2=" ">
        <subfield code="a">MANPOWER STATISTICS</subfield>
        <subfield code="0">(DHLAUTH)274203</subfield>
    </datafield>
    <datafield tag="650" ind1=" " ind2=" ">
        <subfield code="a">HEALTH STATISTICS</subfield>
        <subfield code="0">(DHLAUTH)273689</subfield>
    </datafield>
    <datafield tag="650" ind1=" " ind2=" ">
        <subfield code="a">ADVISORY SERVICES</subfield>
        <subfield code="0">(DHLAUTH)269860</subfield>
    </datafield>
    <datafield tag="650" ind1=" " ind2=" ">
        <subfield code="a">HOUSING STATISTICS</subfield>
        <subfield code="0">(DHLAUTH)272297</subfield>
    </datafield>
    <datafield tag="650" ind1=" " ind2=" ">
        <subfield code="a">FINANCIAL STATISTICS</subfield>
        <subfield code="0">(DHLAUTH)270194</subfield>
    </datafield>
</record>
<record>
    <datafield tag="191" ind1=" " ind2=" ">
        <subfield code="a">E/ESCWA/STAT/89/19</subfield>
    </datafield>
    <datafield tag="246" ind1=" " ind2=" ">
        <subfield code="a">تقريرعن الزيارة الى الجهاز المركزي للاحصاء : دولة البحرين خلال الفترة من 30 ايار/مايو - 5 حزيران/يونيو 1989</subfield>
    </datafield>
    <datafield tag="269" ind1=" " ind2=" ">
        <subfield code="a">19890803</subfield>
    </datafield>
    <datafield tag="650" ind1=" " ind2=" ">
        <subfield code="a">WESTERN ASIA</subfield>
        <subfield code="0">(DHLAUTH)275490</subfield>
    </datafield>
    <datafield tag="650" ind1=" " ind2=" ">
        <subfield code="a">NATIONAL ACCOUNTS</subfield>
        <subfield code="0">(DHLAUTH)269651</subfield>
    </datafield>
    <datafield tag="650" ind1=" " ind2=" ">
        <subfield code="a">ECONOMIC STATISTICS</subfield>
        <subfield code="0">(DHLAUTH)269633</subfield>
    </datafield>
    <datafield tag="650" ind1=" " ind2=" ">
        <subfield code="a">BAHRAIN</subfield>
        <subfield code="0">(DHLAUTH)273274</subfield>
    </datafield>
    <datafield tag="650" ind1=" " ind2=" ">
        <subfield code="a">CONFERENCES</subfield>
        <subfield code="0">(DHLAUTH)275758</subfield>
    </datafield>
    <datafield tag="650" ind1=" " ind2=" ">
        <subfield code="a">PARTICIPANTS</subfield>
        <subfield code="0">(DHLAUTH)275785</subfield>
    </datafield>
    <datafield tag="650" ind1=" " ind2=" ">
        <subfield code="a">ADVISORY SERVICES</subfield>
        <subfield code="0">(DHLAUTH)269860</subfield>
    </datafield>
    <datafield tag="650" ind1=" " ind2=" ">
        <subfield code="a">PROFIT</subfield>
        <subfield code="0">(DHLAUTH)269702</subfield>
    </datafield>
    <datafield tag="650" ind1=" " ind2=" ">
        <subfield code="a">FACTORIES</subfield>
        <subfield code="0">(DHLAUTH)271899</subfield>
    </datafield>
    <datafield tag="650" ind1=" " ind2=" ">
        <subfield code="a">MANUFACTURING</subfield>
        <subfield code="0">(DHLAUTH)271821</subfield>
    </datafield>
</record>
<record>
    <datafield tag="191" ind1=" " ind2=" ">
        <subfield code="a">E/ESCWA/STAT/89/2</subfield>
    </datafield>
    <datafield tag="246" ind1=" " ind2=" ">
        <subfield code="a">تقرير بعثة الامم المتحدة الى الجهاز المركزي للتعبئة العامة والاحصاء في جمهورية مصر العربية خلال الفترة من 5-16 آذار/مارس 1989</subfield>
    </datafield>
    <datafield tag="269" ind1=" " ind2=" ">
        <subfield code="a">19890320</subfield>
    </datafield>
    <datafield tag="650" ind1=" " ind2=" ">
        <subfield code="a">HOUSEHOLD SURVEYS</subfield>
        <subfield code="0">(DHLAUTH)270181</subfield>
    </datafield>
    <datafield tag="650" ind1=" " ind2=" ">
        <subfield code="a">WESTERN ASIA</subfield>
        <subfield code="0">(DHLAUTH)275490</subfield>
    </datafield>
    <datafield tag="650" ind1=" " ind2=" ">
        <subfield code="a">ADVISORY SERVICES</subfield>
        <subfield code="0">(DHLAUTH)269860</subfield>
    </datafield>
    <datafield tag="650" ind1=" " ind2=" ">
        <subfield code="a">DATA PROCESSING SERVICES</subfield>
        <subfield code="0">(DHLAUTH)275236</subfield>
    </datafield>
    <datafield tag="650" ind1=" " ind2=" ">
        <subfield code="a">STATISTICAL METHODOLOGY</subfield>
        <subfield code="0">(DHLAUTH)269635</subfield>
    </datafield>
    <datafield tag="650" ind1=" " ind2=" ">
        <subfield code="a">STATISTICAL DATA</subfield>
        <subfield code="0">(DHLAUTH)270233</subfield>
    </datafield>
    <datafield tag="650" ind1=" " ind2=" ">
        <subfield code="a">NATIONAL ACCOUNTS</subfield>
        <subfield code="0">(DHLAUTH)269651</subfield>
    </datafield>
    <datafield tag="650" ind1=" " ind2=" ">
        <subfield code="a">TECHNICAL TRAINING</subfield>
        <subfield code="0">(DHLAUTH)271971</subfield>
    </datafield>
    <datafield tag="650" ind1=" " ind2=" ">
        <subfield code="a">DATA PROCESSING</subfield>
        <subfield code="0">(DHLAUTH)272727</subfield>
    </datafield>
    <datafield tag="650" ind1=" " ind2=" ">
        <subfield code="a">MICROCOMPUTERS</subfield>
        <subfield code="0">(DHLAUTH)272164</subfield>
    </datafield>
    <datafield tag="650" ind1=" " ind2=" ">
        <subfield code="a">EGYPT</subfield>
        <subfield code="0">(DHLAUTH)273328</subfield>
    </datafield>
</record>
<record>
    <datafield tag="191" ind1=" " ind2=" ">
        <subfield code="a">E/ESCWA/STAT/89/20</subfield>
    </datafield>
    <datafield tag="246" ind1=" " ind2=" ">
        <subfield code="a">ندوة احصاءات العمل في الوطن العربي : الواقع والطموح التي دعى اليها المكتب المركزي العربي للاحصاء والتوثيق بالامانة العامة لمجلس الوحدة الاقتصادية العربية والمنعقدة خلال الفترة 30 ايلول /سبتمبر - 2 تشرين الاول / اكتوبر 1989 في عمان بالمملكة الاردنية الهاشمية</subfield>
    </datafield>
    <datafield tag="269" ind1=" " ind2=" ">
        <subfield code="a">19890914</subfield>
    </datafield>
    <datafield tag="650" ind1=" " ind2=" ">
        <subfield code="a">WESTERN ASIA</subfield>
        <subfield code="0">(DHLAUTH)275490</subfield>
    </datafield>
    <datafield tag="650" ind1=" " ind2=" ">
        <subfield code="a">LABOUR STATISTICS</subfield>
        <subfield code="0">(DHLAUTH)274202</subfield>
    </datafield>
    <datafield tag="650" ind1=" " ind2=" ">
        <subfield code="a">FAMILY ENTERPRISES</subfield>
        <subfield code="0">(DHLAUTH)271451</subfield>
    </datafield>
    <datafield tag="650" ind1=" " ind2=" ">
        <subfield code="a">MANPOWER</subfield>
        <subfield code="0">(DHLAUTH)273105</subfield>
    </datafield>
    <datafield tag="650" ind1=" " ind2=" ">
        <subfield code="a">TRAINING PROGRAMMES</subfield>
        <subfield code="0">(DHLAUTH)274026</subfield>
    </datafield>
    <datafield tag="650" ind1=" " ind2=" ">
        <subfield code="a">CONFERENCES</subfield>
        <subfield code="0">(DHLAUTH)275758</subfield>
    </datafield>
    <datafield tag="650" ind1=" " ind2=" ">
        <subfield code="a">JORDAN</subfield>
        <subfield code="0">(DHLAUTH)269099</subfield>
    </datafield>
    <datafield tag="650" ind1=" " ind2=" ">
        <subfield code="a">STATISTICAL DATA</subfield>
        <subfield code="0">(DHLAUTH)270233</subfield>
    </datafield>
    <datafield tag="650" ind1=" " ind2=" ">
        <subfield code="a">RECOMMENDATIONS</subfield>
        <subfield code="0">(DHLAUTH)275840</subfield>
    </datafield>
    <datafield tag="650" ind1=" " ind2=" ">
        <subfield code="a">TECHNICAL TRAINING</subfield>
        <subfield code="0">(DHLAUTH)271971</subfield>
    </datafield>
    <datafield tag="650" ind1=" " ind2=" ">
        <subfield code="a">COUNTRY STUDIES</subfield>
        <subfield code="0">(DHLAUTH)274640</subfield>
    </datafield>
</record>
<record>
    <datafield tag="191" ind1=" " ind2=" ">
        <subfield code="a">E/ESCWA/STAT/89/22</subfield>
    </datafield>
    <datafield tag="246" ind1=" " ind2=" ">
        <subfield code="a">تقريرعن المهمة الاستشارية الى وزارة الزراعة : الجمهورية العربية السورية - دمشق خلال الفترة من 31 تموز/يوليو الى 10 آب/اغسطس  1989</subfield>
    </datafield>
    <datafield tag="269" ind1=" " ind2=" ">
        <subfield code="a">19890924</subfield>
    </datafield>
    <datafield tag="650" ind1=" " ind2=" ">
        <subfield code="a">WESTERN ASIA</subfield>
        <subfield code="0">(DHLAUTH)275490</subfield>
    </datafield>
    <datafield tag="650" ind1=" " ind2=" ">
        <subfield code="a">SYRIAN ARAB REPUBLIC</subfield>
        <subfield code="0">(DHLAUTH)273496</subfield>
    </datafield>
    <datafield tag="650" ind1=" " ind2=" ">
        <subfield code="a">NATIONAL ACCOUNTS</subfield>
        <subfield code="0">(DHLAUTH)269651</subfield>
    </datafield>
    <datafield tag="650" ind1=" " ind2=" ">
        <subfield code="a">ECONOMIC STATISTICS</subfield>
        <subfield code="0">(DHLAUTH)269633</subfield>
    </datafield>
    <datafield tag="650" ind1=" " ind2=" ">
        <subfield code="a">AGRICULTURAL STATISTICS</subfield>
        <subfield code="0">(DHLAUTH)270191</subfield>
    </datafield>
    <datafield tag="650" ind1=" " ind2=" ">
        <subfield code="a">AGRICULTURAL PLANNING</subfield>
        <subfield code="0">(DHLAUTH)269924</subfield>
    </datafield>
    <datafield tag="650" ind1=" " ind2=" ">
        <subfield code="a">STATISTICAL DATA</subfield>
        <subfield code="0">(DHLAUTH)270233</subfield>
    </datafield>
    <datafield tag="650" ind1=" " ind2=" ">
        <subfield code="a">ADVISORY SERVICES</subfield>
        <subfield code="0">(DHLAUTH)269860</subfield>
    </datafield>
    <datafield tag="650" ind1=" " ind2=" ">
        <subfield code="a">NUTRITION</subfield>
        <subfield code="0">(DHLAUTH)271601</subfield>
    </datafield>
    <datafield tag="650" ind1=" " ind2=" ">
        <subfield code="a">FOOD</subfield>
        <subfield code="0">(DHLAUTH)271146</subfield>
    </datafield>
    <datafield tag="650" ind1=" " ind2=" ">
        <subfield code="a">EXPORT PRICES</subfield>
        <subfield code="0">(DHLAUTH)272808</subfield>
    </datafield>
</record>
<record>
    <datafield tag="191" ind1=" " ind2=" ">
        <subfield code="a">E/ESCWA/STAT/89/23</subfield>
    </datafield>
    <datafield tag="246" ind1=" " ind2=" ">
        <subfield code="a">تقرير عن المهمة الاستشارية الى المكتب المركزي للاحصاء الفلسطيني : الجمهورية العربية السورية - دمشق خلال الفترة من 11-20 ايلول/سبتمبر 1989</subfield>
    </datafield>
    <datafield tag="269" ind1=" " ind2=" ">
        <subfield code="a">19890930</subfield>
    </datafield>
    <datafield tag="650" ind1=" " ind2=" ">
        <subfield code="a">HOUSEHOLD SURVEYS</subfield>
        <subfield code="0">(DHLAUTH)270181</subfield>
    </datafield>
    <datafield tag="650" ind1=" " ind2=" ">
        <subfield code="a">WESTERN ASIA</subfield>
        <subfield code="0">(DHLAUTH)275490</subfield>
    </datafield>
    <datafield tag="650" ind1=" " ind2=" ">
        <subfield code="a">ADVISORY SERVICES</subfield>
        <subfield code="0">(DHLAUTH)269860</subfield>
    </datafield>
    <datafield tag="650" ind1=" " ind2=" ">
        <subfield code="a">MANPOWER</subfield>
        <subfield code="0">(DHLAUTH)273105</subfield>
    </datafield>
    <datafield tag="650" ind1=" " ind2=" ">
        <subfield code="a">SYRIAN ARAB REPUBLIC</subfield>
        <subfield code="0">(DHLAUTH)273496</subfield>
    </datafield>
    <datafield tag="650" ind1=" " ind2=" ">
        <subfield code="a">TECHNICAL TRAINING</subfield>
        <subfield code="0">(DHLAUTH)271971</subfield>
    </datafield>
    <datafield tag="650" ind1=" " ind2=" ">
        <subfield code="a">DATA PROCESSING SERVICES</subfield>
        <subfield code="0">(DHLAUTH)275236</subfield>
    </datafield>
    <datafield tag="650" ind1=" " ind2=" ">
        <subfield code="a">MODEL FORMS</subfield>
        <subfield code="0">(DHLAUTH)269304</subfield>
    </datafield>
    <datafield tag="650" ind1=" " ind2=" ">
        <subfield code="a">STATISTICAL METHODOLOGY</subfield>
        <subfield code="0">(DHLAUTH)269635</subfield>
    </datafield>
    <datafield tag="650" ind1=" " ind2=" ">
        <subfield code="a">REFUGEE CAMPS</subfield>
        <subfield code="0">(DHLAUTH)274386</subfield>
    </datafield>
</record>
<record>
    <datafield tag="191" ind1=" " ind2=" ">
        <subfield code="a">E/ESCWA/STAT/89/3</subfield>
    </datafield>
    <datafield tag="246" ind1=" " ind2=" ">
        <subfield code="a">تقرير عن المهمة الاستشارية الى مجلس التنمية المديرية العامة للاحصاءات الوطنية في سلطنة عمان خلال الفترة من 5-25 كانون الاول/ديسمبر1988</subfield>
    </datafield>
    <datafield tag="269" ind1=" " ind2=" ">
        <subfield code="a">19890202</subfield>
    </datafield>
    <datafield tag="650" ind1=" " ind2=" ">
        <subfield code="a">HOUSEHOLD SURVEYS</subfield>
        <subfield code="0">(DHLAUTH)270181</subfield>
    </datafield>
    <datafield tag="650" ind1=" " ind2=" ">
        <subfield code="a">WESTERN ASIA</subfield>
        <subfield code="0">(DHLAUTH)275490</subfield>
    </datafield>
    <datafield tag="650" ind1=" " ind2=" ">
        <subfield code="a">ADVISORY SERVICES</subfield>
        <subfield code="0">(DHLAUTH)269860</subfield>
    </datafield>
    <datafield tag="650" ind1=" " ind2=" ">
        <subfield code="a">DATA PROCESSING SERVICES</subfield>
        <subfield code="0">(DHLAUTH)275236</subfield>
    </datafield>
    <datafield tag="650" ind1=" " ind2=" ">
        <subfield code="a">STATISTICAL METHODOLOGY</subfield>
        <subfield code="0">(DHLAUTH)269635</subfield>
    </datafield>
    <datafield tag="650" ind1=" " ind2=" ">
        <subfield code="a">SAMPLING</subfield>
        <subfield code="0">(DHLAUTH)270203</subfield>
    </datafield>
    <datafield tag="650" ind1=" " ind2=" ">
        <subfield code="a">STATISTICAL DATA</subfield>
        <subfield code="0">(DHLAUTH)270233</subfield>
    </datafield>
    <datafield tag="650" ind1=" " ind2=" ">
        <subfield code="a">SAMPLE SURVEYS</subfield>
        <subfield code="0">(DHLAUTH)270182</subfield>
    </datafield>
    <datafield tag="650" ind1=" " ind2=" ">
        <subfield code="a">HEALTH INFORMATION</subfield>
        <subfield code="0">(DHLAUTH)273717</subfield>
    </datafield>
    <datafield tag="650" ind1=" " ind2=" ">
        <subfield code="a">YEMEN</subfield>
        <subfield code="0">(DHLAUTH)273521</subfield>
    </datafield>
</record>
<record>
    <datafield tag="191" ind1=" " ind2=" ">
        <subfield code="a">E/ESCWA/STAT/89/30</subfield>
    </datafield>
    <datafield tag="246" ind1=" " ind2=" ">
        <subfield code="a">تقرير عن الزيارة الى الادارة المركزية للاحصاء دولة الكويت خلال الفترة 29 تشرين الثاني /نوفمبر18 كانون الاول / ديسمبر 1989 </subfield>
    </datafield>
    <datafield tag="269" ind1=" " ind2=" ">
        <subfield code="a">19900109</subfield>
    </datafield>
    <datafield tag="650" ind1=" " ind2=" ">
        <subfield code="a">WESTERN ASIA</subfield>
        <subfield code="0">(DHLAUTH)275490</subfield>
    </datafield>
    <datafield tag="650" ind1=" " ind2=" ">
        <subfield code="a">CONFERENCES</subfield>
        <subfield code="0">(DHLAUTH)275758</subfield>
    </datafield>
    <datafield tag="650" ind1=" " ind2=" ">
        <subfield code="a">INTERNATIONAL MIGRATION</subfield>
        <subfield code="0">(DHLAUTH)273006</subfield>
    </datafield>
    <datafield tag="650" ind1=" " ind2=" ">
        <subfield code="a">MANPOWER</subfield>
        <subfield code="0">(DHLAUTH)273105</subfield>
    </datafield>
    <datafield tag="650" ind1=" " ind2=" ">
        <subfield code="a">SAMPLING</subfield>
        <subfield code="0">(DHLAUTH)270203</subfield>
    </datafield>
    <datafield tag="650" ind1=" " ind2=" ">
        <subfield code="a">RECOMMENDATIONS</subfield>
        <subfield code="0">(DHLAUTH)275840</subfield>
    </datafield>
    <datafield tag="650" ind1=" " ind2=" ">
        <subfield code="a">IMMIGRATION</subfield>
        <subfield code="0">(DHLAUTH)273008</subfield>
    </datafield>
</record>
<record>
    <datafield tag="191" ind1=" " ind2=" ">
        <subfield code="a">E/ESCWA/STAT/89/4</subfield>
    </datafield>
    <datafield tag="246" ind1=" " ind2=" ">
        <subfield code="a">تقرير عن المهمة الاستشارية الى الادارة العامة للاحصاء الجهاز المركزي للتخطيط الجمهورية العربية اليمنية خلال الفترة من 13-26 تشرين الثاني/نوفمبر 1988</subfield>
    </datafield>
    <datafield tag="269" ind1=" " ind2=" ">
        <subfield code="a">19890213</subfield>
    </datafield>
    <datafield tag="650" ind1=" " ind2=" ">
        <subfield code="a">HOUSEHOLD SURVEYS</subfield>
        <subfield code="0">(DHLAUTH)270181</subfield>
    </datafield>
    <datafield tag="650" ind1=" " ind2=" ">
        <subfield code="a">WESTERN ASIA</subfield>
        <subfield code="0">(DHLAUTH)275490</subfield>
    </datafield>
    <datafield tag="650" ind1=" " ind2=" ">
        <subfield code="a">ADVISORY SERVICES</subfield>
        <subfield code="0">(DHLAUTH)269860</subfield>
    </datafield>
    <datafield tag="650" ind1=" " ind2=" ">
        <subfield code="a">DATA PROCESSING SERVICES</subfield>
        <subfield code="0">(DHLAUTH)275236</subfield>
    </datafield>
    <datafield tag="650" ind1=" " ind2=" ">
        <subfield code="a">STATISTICAL METHODOLOGY</subfield>
        <subfield code="0">(DHLAUTH)269635</subfield>
    </datafield>
    <datafield tag="650" ind1=" " ind2=" ">
        <subfield code="a">STATISTICAL DATA</subfield>
        <subfield code="0">(DHLAUTH)270233</subfield>
    </datafield>
    <datafield tag="650" ind1=" " ind2=" ">
        <subfield code="a">SAMPLING</subfield>
        <subfield code="0">(DHLAUTH)270203</subfield>
    </datafield>
    <datafield tag="650" ind1=" " ind2=" ">
        <subfield code="a">SAMPLE SURVEYS</subfield>
        <subfield code="0">(DHLAUTH)270182</subfield>
    </datafield>
    <datafield tag="650" ind1=" " ind2=" ">
        <subfield code="a">YEMEN</subfield>
        <subfield code="0">(DHLAUTH)273521</subfield>
    </datafield>
    <datafield tag="650" ind1=" " ind2=" ">
        <subfield code="a">HEALTH INFORMATION</subfield>
        <subfield code="0">(DHLAUTH)273717</subfield>
    </datafield>
</record>
<record>
    <datafield tag="191" ind1=" " ind2=" ">
        <subfield code="a">E/ESCWA/STAT/89/5</subfield>
    </datafield>
    <datafield tag="246" ind1=" " ind2=" ">
        <subfield code="a">تقرير عن المهمة الاستشارية الى الامانة العامة للجنة الاردنية الفلسطينية المشتركة بعمان المملكة الاردنية الهاشمية خلال الفترة من 27 كانون الاول/ديسمبر1988-5كانون الثاني/يناير 1989</subfield>
    </datafield>
    <datafield tag="269" ind1=" " ind2=" ">
        <subfield code="a">19890112</subfield>
    </datafield>
    <datafield tag="650" ind1=" " ind2=" ">
        <subfield code="a">HOUSEHOLD SURVEYS</subfield>
        <subfield code="0">(DHLAUTH)270181</subfield>
    </datafield>
    <datafield tag="650" ind1=" " ind2=" ">
        <subfield code="a">WESTERN ASIA</subfield>
        <subfield code="0">(DHLAUTH)275490</subfield>
    </datafield>
    <datafield tag="650" ind1=" " ind2=" ">
        <subfield code="a">ADVISORY SERVICES</subfield>
        <subfield code="0">(DHLAUTH)269860</subfield>
    </datafield>
    <datafield tag="650" ind1=" " ind2=" ">
        <subfield code="a">DATA PROCESSING SERVICES</subfield>
        <subfield code="0">(DHLAUTH)275236</subfield>
    </datafield>
    <datafield tag="650" ind1=" " ind2=" ">
        <subfield code="a">STATISTICAL METHODOLOGY</subfield>
        <subfield code="0">(DHLAUTH)269635</subfield>
    </datafield>
    <datafield tag="650" ind1=" " ind2=" ">
        <subfield code="a">STATISTICAL DATA</subfield>
        <subfield code="0">(DHLAUTH)270233</subfield>
    </datafield>
    <datafield tag="650" ind1=" " ind2=" ">
        <subfield code="a">INDUSTRIAL SURVEYS</subfield>
        <subfield code="0">(DHLAUTH)271831</subfield>
    </datafield>
    <datafield tag="650" ind1=" " ind2=" ">
        <subfield code="a">PERIODIC REPORTS</subfield>
        <subfield code="0">(DHLAUTH)275135</subfield>
    </datafield>
    <datafield tag="650" ind1=" " ind2=" ">
        <subfield code="a">MODEL FORMS</subfield>
        <subfield code="0">(DHLAUTH)269304</subfield>
    </datafield>
    <datafield tag="650" ind1=" " ind2=" ">
        <subfield code="a">DATA PROCESSING</subfield>
        <subfield code="0">(DHLAUTH)272727</subfield>
    </datafield>
    <datafield tag="650" ind1=" " ind2=" ">
        <subfield code="a">INDUSTRIAL BANKS</subfield>
        <subfield code="0">(DHLAUTH)270350</subfield>
    </datafield>
    <datafield tag="650" ind1=" " ind2=" ">
        <subfield code="a">COMPUTER PROGRAMS</subfield>
        <subfield code="0">(DHLAUTH)275242</subfield>
    </datafield>
    <datafield tag="650" ind1=" " ind2=" ">
        <subfield code="a">COMPUTERS</subfield>
        <subfield code="0">(DHLAUTH)271865</subfield>
    </datafield>
    <datafield tag="650" ind1=" " ind2=" ">
        <subfield code="a">SURVEYS</subfield>
        <subfield code="0">(DHLAUTH)269793</subfield>
    </datafield>
    <datafield tag="650" ind1=" " ind2=" ">
        <subfield code="a">QUESTIONNAIRES</subfield>
        <subfield code="0">(DHLAUTH)272018</subfield>
    </datafield>
    <datafield tag="650" ind1=" " ind2=" ">
        <subfield code="a">REFUGEE CAMPS</subfield>
        <subfield code="0">(DHLAUTH)274386</subfield>
    </datafield>
    <datafield tag="650" ind1=" " ind2=" ">
        <subfield code="a">JORDAN</subfield>
        <subfield code="0">(DHLAUTH)269099</subfield>
    </datafield>
</record>
<record>
    <datafield tag="191" ind1=" " ind2=" ">
        <subfield code="a">E/ESCWA/STAT/89/6</subfield>
    </datafield>
    <datafield tag="246" ind1=" " ind2=" ">
        <subfield code="a">تقرير عن المهمة الاستشارية الى مصرف الامارات الصناعي دبي دولة الامارات العربية المتحدة خلال الفترة من 27 تشرين الثاني/نوفمبر -11 كانون الاول/ديسمبر1988</subfield>
    </datafield>
    <datafield tag="269" ind1=" " ind2=" ">
        <subfield code="a">19890101</subfield>
    </datafield>
    <datafield tag="650" ind1=" " ind2=" ">
        <subfield code="a">HOUSEHOLD SURVEYS</subfield>
        <subfield code="0">(DHLAUTH)270181</subfield>
    </datafield>
    <datafield tag="650" ind1=" " ind2=" ">
        <subfield code="a">WESTERN ASIA</subfield>
        <subfield code="0">(DHLAUTH)275490</subfield>
    </datafield>
    <datafield tag="650" ind1=" " ind2=" ">
        <subfield code="a">DATA PROCESSING SERVICES</subfield>
        <subfield code="0">(DHLAUTH)275236</subfield>
    </datafield>
    <datafield tag="650" ind1=" " ind2=" ">
        <subfield code="a">STATISTICAL METHODOLOGY</subfield>
        <subfield code="0">(DHLAUTH)269635</subfield>
    </datafield>
    <datafield tag="650" ind1=" " ind2=" ">
        <subfield code="a">STATISTICAL DATA</subfield>
        <subfield code="0">(DHLAUTH)270233</subfield>
    </datafield>
    <datafield tag="650" ind1=" " ind2=" ">
        <subfield code="a">INDUSTRIAL SURVEYS</subfield>
        <subfield code="0">(DHLAUTH)271831</subfield>
    </datafield>
    <datafield tag="650" ind1=" " ind2=" ">
        <subfield code="a">PERIODIC REPORTS</subfield>
        <subfield code="0">(DHLAUTH)275135</subfield>
    </datafield>
    <datafield tag="650" ind1=" " ind2=" ">
        <subfield code="a">DATA PROCESSING</subfield>
        <subfield code="0">(DHLAUTH)272727</subfield>
    </datafield>
    <datafield tag="650" ind1=" " ind2=" ">
        <subfield code="a">INDUSTRIAL BANKS</subfield>
        <subfield code="0">(DHLAUTH)270350</subfield>
    </datafield>
    <datafield tag="650" ind1=" " ind2=" ">
        <subfield code="a">UNITED ARAB EMIRATES</subfield>
        <subfield code="0">(DHLAUTH)275604</subfield>
    </datafield>
    <datafield tag="650" ind1=" " ind2=" ">
        <subfield code="a">MODEL FORMS</subfield>
        <subfield code="0">(DHLAUTH)269304</subfield>
    </datafield>
</record>
<record>
    <datafield tag="191" ind1=" " ind2=" ">
        <subfield code="a">E/ESCWA/STAT/89/7</subfield>
    </datafield>
    <datafield tag="246" ind1=" " ind2=" ">
        <subfield code="a">تقرير عن المهمة الاستشارية الى دائرة الاحصاءات العامة عمان المملكة الاردنية الهاشمية خلال الفترة من 14-26 شباط/فبراير 1989</subfield>
    </datafield>
    <datafield tag="269" ind1=" " ind2=" ">
        <subfield code="a">19890308</subfield>
    </datafield>
    <datafield tag="650" ind1=" " ind2=" ">
        <subfield code="a">WESTERN ASIA</subfield>
        <subfield code="0">(DHLAUTH)275490</subfield>
    </datafield>
    <datafield tag="650" ind1=" " ind2=" ">
        <subfield code="a">ADVISORY SERVICES</subfield>
        <subfield code="0">(DHLAUTH)269860</subfield>
    </datafield>
    <datafield tag="650" ind1=" " ind2=" ">
        <subfield code="a">DATA PROCESSING SERVICES</subfield>
        <subfield code="0">(DHLAUTH)275236</subfield>
    </datafield>
    <datafield tag="650" ind1=" " ind2=" ">
        <subfield code="a">STATISTICAL METHODOLOGY</subfield>
        <subfield code="0">(DHLAUTH)269635</subfield>
    </datafield>
    <datafield tag="650" ind1=" " ind2=" ">
        <subfield code="a">STATISTICAL DATA</subfield>
        <subfield code="0">(DHLAUTH)270233</subfield>
    </datafield>
    <datafield tag="650" ind1=" " ind2=" ">
        <subfield code="a">HOUSEHOLD EXPENDITURES</subfield>
        <subfield code="0">(DHLAUTH)269741</subfield>
    </datafield>
    <datafield tag="650" ind1=" " ind2=" ">
        <subfield code="a">FAMILY INCOME</subfield>
        <subfield code="0">(DHLAUTH)269804</subfield>
    </datafield>
    <datafield tag="650" ind1=" " ind2=" ">
        <subfield code="a">DATA ANALYSIS</subfield>
        <subfield code="0">(DHLAUTH)275260</subfield>
    </datafield>
    <datafield tag="650" ind1=" " ind2=" ">
        <subfield code="a">DATA COLLECTION</subfield>
        <subfield code="0">(DHLAUTH)270174</subfield>
    </datafield>
    <datafield tag="650" ind1=" " ind2=" ">
        <subfield code="a">JORDAN</subfield>
        <subfield code="0">(DHLAUTH)269099</subfield>
    </datafield>
</record>
<record>
    <datafield tag="191" ind1=" " ind2=" ">
        <subfield code="a">E/ESCWA/STAT/89/8</subfield>
    </datafield>
    <datafield tag="246" ind1=" " ind2=" ">
        <subfield code="a">تقرير عن المهمة الاستشارية الى المكتب المركزي الاحصاء الفلسطيني :الجمهورية العربية السورية-دمشق خلال الفترة من 21-29 كانون الثاني/يناير 1989</subfield>
    </datafield>
    <datafield tag="269" ind1=" " ind2=" ">
        <subfield code="a">19890308</subfield>
    </datafield>
    <datafield tag="650" ind1=" " ind2=" ">
        <subfield code="a">HOUSEHOLD SURVEYS</subfield>
        <subfield code="0">(DHLAUTH)270181</subfield>
    </datafield>
    <datafield tag="650" ind1=" " ind2=" ">
        <subfield code="a">WESTERN ASIA</subfield>
        <subfield code="0">(DHLAUTH)275490</subfield>
    </datafield>
    <datafield tag="650" ind1=" " ind2=" ">
        <subfield code="a">ADVISORY SERVICES</subfield>
        <subfield code="0">(DHLAUTH)269860</subfield>
    </datafield>
    <datafield tag="650" ind1=" " ind2=" ">
        <subfield code="a">MANPOWER</subfield>
        <subfield code="0">(DHLAUTH)273105</subfield>
    </datafield>
    <datafield tag="650" ind1=" " ind2=" ">
        <subfield code="a">SYRIAN ARAB REPUBLIC</subfield>
        <subfield code="0">(DHLAUTH)273496</subfield>
    </datafield>
    <datafield tag="650" ind1=" " ind2=" ">
        <subfield code="a">TECHNICAL TRAINING</subfield>
        <subfield code="0">(DHLAUTH)271971</subfield>
    </datafield>
    <datafield tag="650" ind1=" " ind2=" ">
        <subfield code="a">DATA PROCESSING SERVICES</subfield>
        <subfield code="0">(DHLAUTH)275236</subfield>
    </datafield>
    <datafield tag="650" ind1=" " ind2=" ">
        <subfield code="a">MODEL FORMS</subfield>
        <subfield code="0">(DHLAUTH)269304</subfield>
    </datafield>
    <datafield tag="650" ind1=" " ind2=" ">
        <subfield code="a">STATISTICAL METHODOLOGY</subfield>
        <subfield code="0">(DHLAUTH)269635</subfield>
    </datafield>
    <datafield tag="650" ind1=" " ind2=" ">
        <subfield code="a">STATISTICAL DATA</subfield>
        <subfield code="0">(DHLAUTH)270233</subfield>
    </datafield>
    <datafield tag="650" ind1=" " ind2=" ">
        <subfield code="a">REFUGEE CAMPS</subfield>
        <subfield code="0">(DHLAUTH)274386</subfield>
    </datafield>
    <datafield tag="650" ind1=" " ind2=" ">
        <subfield code="a">HOUSEHOLD EXPENDITURES</subfield>
        <subfield code="0">(DHLAUTH)269741</subfield>
    </datafield>
    <datafield tag="650" ind1=" " ind2=" ">
        <subfield code="a">FAMILY INCOME</subfield>
        <subfield code="0">(DHLAUTH)269804</subfield>
    </datafield>
</record>
<record>
    <datafield tag="191" ind1=" " ind2=" ">
        <subfield code="a">E/ESCWA/STAT/90/11</subfield>
    </datafield>
    <datafield tag="246" ind1=" " ind2=" ">
        <subfield code="a">اعداد مؤشرات اجتماعية متكاملة لمراقبة اهداف واستراتيجيات التسعينات المتعلقة بالام والطفل</subfield>
    </datafield>
    <datafield tag="269" ind1=" " ind2=" ">
        <subfield code="a">20041219</subfield>
    </datafield>
    <datafield tag="650" ind1=" " ind2=" ">
        <subfield code="a">WESTERN ASIA</subfield>
        <subfield code="0">(DHLAUTH)275490</subfield>
    </datafield>
    <datafield tag="650" ind1=" " ind2=" ">
        <subfield code="a">CONFERENCES</subfield>
        <subfield code="0">(DHLAUTH)275758</subfield>
    </datafield>
    <datafield tag="650" ind1=" " ind2=" ">
        <subfield code="a">CHILD HEALTH</subfield>
        <subfield code="0">(DHLAUTH)272960</subfield>
    </datafield>
    <datafield tag="650" ind1=" " ind2=" ">
        <subfield code="a">WOMEN'S HEALTH</subfield>
        <subfield code="0">(DHLAUTH)276723</subfield>
    </datafield>
    <datafield tag="650" ind1=" " ind2=" ">
        <subfield code="a">INFANT MORTALITY</subfield>
        <subfield code="0">(DHLAUTH)273045</subfield>
    </datafield>
    <datafield tag="650" ind1=" " ind2=" ">
        <subfield code="a">SOCIAL ASPECTS</subfield>
        <subfield code="0">(DHLAUTH)274710</subfield>
    </datafield>
    <datafield tag="650" ind1=" " ind2=" ">
        <subfield code="a">STATISTICAL DATA</subfield>
        <subfield code="0">(DHLAUTH)270233</subfield>
    </datafield>
    <datafield tag="650" ind1=" " ind2=" ">
        <subfield code="a">HEALTH SERVICES</subfield>
        <subfield code="0">(DHLAUTH)273200</subfield>
    </datafield>
    <datafield tag="650" ind1=" " ind2=" ">
        <subfield code="a">COMMUNICABLE DISEASES</subfield>
        <subfield code="0">(DHLAUTH)273807</subfield>
    </datafield>
    <datafield tag="650" ind1=" " ind2=" ">
        <subfield code="a">DEATH RATE</subfield>
        <subfield code="0">(DHLAUTH)273086</subfield>
    </datafield>
</record>
<record>
    <datafield tag="191" ind1=" " ind2=" ">
        <subfield code="a">E/ESCWA/STAT/90/2</subfield>
    </datafield>
    <datafield tag="246" ind1=" " ind2=" ">
        <subfield code="a">تقرير عن المهمة الاستشارية الى مديرية الري بوزارة الري دمشق الجمهورية العربية السورية خلال الفترة من 19- 28 كانون الاول/ديسمبر 1989 </subfield>
    </datafield>
    <datafield tag="269" ind1=" " ind2=" ">
        <subfield code="a">19900107</subfield>
    </datafield>
    <datafield tag="650" ind1=" " ind2=" ">
        <subfield code="a">WESTERN ASIA</subfield>
        <subfield code="0">(DHLAUTH)275490</subfield>
    </datafield>
    <datafield tag="650" ind1=" " ind2=" ">
        <subfield code="a">ADVISORY SERVICES</subfield>
        <subfield code="0">(DHLAUTH)269860</subfield>
    </datafield>
    <datafield tag="650" ind1=" " ind2=" ">
        <subfield code="a">DATA PROCESSING</subfield>
        <subfield code="0">(DHLAUTH)272727</subfield>
    </datafield>
    <datafield tag="650" ind1=" " ind2=" ">
        <subfield code="a">DATA PROCESSING SERVICES</subfield>
        <subfield code="0">(DHLAUTH)275236</subfield>
    </datafield>
    <datafield tag="650" ind1=" " ind2=" ">
        <subfield code="a">DATA BANKS</subfield>
        <subfield code="0">(DHLAUTH)275123</subfield>
    </datafield>
    <datafield tag="650" ind1=" " ind2=" ">
        <subfield code="a">TRAINING PROGRAMMES</subfield>
        <subfield code="0">(DHLAUTH)274026</subfield>
    </datafield>
    <datafield tag="650" ind1=" " ind2=" ">
        <subfield code="a">WORK PROGRAMME</subfield>
        <subfield code="0">(DHLAUTH)275800</subfield>
    </datafield>
    <datafield tag="650" ind1=" " ind2=" ">
        <subfield code="a">MANPOWER</subfield>
        <subfield code="0">(DHLAUTH)273105</subfield>
    </datafield>
    <datafield tag="650" ind1=" " ind2=" ">
        <subfield code="a">COMPUTER PROGRAMS</subfield>
        <subfield code="0">(DHLAUTH)275242</subfield>
    </datafield>
    <datafield tag="650" ind1=" " ind2=" ">
        <subfield code="a">SYRIAN ARAB REPUBLIC</subfield>
        <subfield code="0">(DHLAUTH)273496</subfield>
    </datafield>
    <datafield tag="650" ind1=" " ind2=" ">
        <subfield code="a">ORGANIZATIONAL STRUCTURE</subfield>
        <subfield code="0">(DHLAUTH)272030</subfield>
    </datafield>
</record>
<record>
    <datafield tag="191" ind1=" " ind2=" ">
        <subfield code="a">E/ESCWA/ST/87/1</subfield>
    </datafield>
    <datafield tag="191" ind1=" " ind2=" ">
        <subfield code="a">UNCTAD/ST/ECU/3</subfield>
    </datafield>
    <datafield tag="246" ind1=" " ind2=" ">
        <subfield code="a">القطاع المالي الفلسطيني في ظل الاحتلال الاسرائيلي</subfield>
    </datafield>
    <datafield tag="269" ind1=" " ind2=" ">
        <subfield code="a">19880315</subfield>
    </datafield>
    <datafield tag="650" ind1=" " ind2=" ">
        <subfield code="a">WESTERN ASIA</subfield>
        <subfield code="0">(DHLAUTH)275490</subfield>
    </datafield>
    <datafield tag="650" ind1=" " ind2=" ">
        <subfield code="a">ECONOMICS</subfield>
        <subfield code="0">(DHLAUTH)269576</subfield>
    </datafield>
    <datafield tag="650" ind1=" " ind2=" ">
        <subfield code="a">FINANCIAL INSTITUTIONS</subfield>
        <subfield code="0">(DHLAUTH)270073</subfield>
    </datafield>
    <datafield tag="650" ind1=" " ind2=" ">
        <subfield code="a">FINANCIAL RESEARCH</subfield>
        <subfield code="0">(DHLAUTH)269781</subfield>
    </datafield>
    <datafield tag="650" ind1=" " ind2=" ">
        <subfield code="a">FINANCIAL RESOURCES</subfield>
        <subfield code="0">(DHLAUTH)269810</subfield>
    </datafield>
    <datafield tag="650" ind1=" " ind2=" ">
        <subfield code="a">REMITTANCES</subfield>
        <subfield code="0">(DHLAUTH)270415</subfield>
    </datafield>
    <datafield tag="650" ind1=" " ind2=" ">
        <subfield code="a">RECOMMENDATIONS</subfield>
        <subfield code="0">(DHLAUTH)275840</subfield>
    </datafield>
    <datafield tag="650" ind1=" " ind2=" ">
        <subfield code="a">TERRITORIES OCCUPIED BY ISRAEL</subfield>
        <subfield code="0">(DHLAUTH)268687</subfield>
    </datafield>
    <datafield tag="650" ind1=" " ind2=" ">
        <subfield code="a">ISRAEL</subfield>
        <subfield code="0">(DHLAUTH)268556</subfield>
    </datafield>
    <datafield tag="650" ind1=" " ind2=" ">
        <subfield code="a">JORDAN</subfield>
        <subfield code="0">(DHLAUTH)269099</subfield>
    </datafield>
    <datafield tag="650" ind1=" " ind2=" ">
        <subfield code="a">ECONOMIC RELATIONS</subfield>
        <subfield code="0">(DHLAUTH)269952</subfield>
    </datafield>
</record>
<record>
    <datafield tag="191" ind1=" " ind2=" ">
        <subfield code="a">E/ESCWA/TCD/1990/1</subfield>
    </datafield>
    <datafield tag="245" ind1=" " ind2=" ">
        <subfield code="a">QUESTIONNAIRE ON TOURISM FLOWS PAYMENTS AND POLICIES</subfield>
    </datafield>
    <datafield tag="246" ind1=" " ind2=" ">
        <subfield code="a">استبيان حول تدفقات السياحة ومدفوعاتها وسياستها</subfield>
    </datafield>
    <datafield tag="269" ind1=" " ind2=" ">
        <subfield code="a">19900306</subfield>
    </datafield>
    <datafield tag="650" ind1=" " ind2=" ">
        <subfield code="a">QUESTIONNAIRES</subfield>
        <subfield code="0">(DHLAUTH)272018</subfield>
    </datafield>
    <datafield tag="650" ind1=" " ind2=" ">
        <subfield code="a">TOURISM</subfield>
        <subfield code="0">(DHLAUTH)272211</subfield>
    </datafield>
    <datafield tag="650" ind1=" " ind2=" ">
        <subfield code="a">WESTERN ASIA</subfield>
        <subfield code="0">(DHLAUTH)275490</subfield>
    </datafield>
</record>
<record>
    <datafield tag="191" ind1=" " ind2=" ">
        <subfield code="a">E/ESCWA/TCD/1990/2</subfield>
    </datafield>
    <datafield tag="246" ind1=" " ind2=" ">
        <subfield code="a">التخطيط لقطاع النقل وانشاء مركز معلومات قطاع النقل بالمملكة الاردنية الهاشمية</subfield>
    </datafield>
    <datafield tag="269" ind1=" " ind2=" ">
        <subfield code="a">19900208</subfield>
    </datafield>
    <datafield tag="650" ind1=" " ind2=" ">
        <subfield code="a">JORDAN</subfield>
        <subfield code="0">(DHLAUTH)269099</subfield>
    </datafield>
    <datafield tag="650" ind1=" " ind2=" ">
        <subfield code="a">ADVISORY SERVICES</subfield>
        <subfield code="0">(DHLAUTH)269860</subfield>
    </datafield>
    <datafield tag="650" ind1=" " ind2=" ">
        <subfield code="a">ROAD TRANSPORT</subfield>
        <subfield code="0">(DHLAUTH)9060</subfield>
    </datafield>
    <datafield tag="650" ind1=" " ind2=" ">
        <subfield code="a">TRAFFIC REGULATIONS</subfield>
        <subfield code="0">(DHLAUTH)272549</subfield>
    </datafield>
    <datafield tag="650" ind1=" " ind2=" ">
        <subfield code="a">TRANSPORT PLANNING</subfield>
        <subfield code="0">(DHLAUTH)269928</subfield>
    </datafield>
    <datafield tag="650" ind1=" " ind2=" ">
        <subfield code="a">INFORMATION SOURCES</subfield>
        <subfield code="0">(DHLAUTH)275147</subfield>
    </datafield>
    <datafield tag="650" ind1=" " ind2=" ">
        <subfield code="a">INFORMATION SYSTEMS</subfield>
        <subfield code="0">(DHLAUTH)272026</subfield>
    </datafield>
</record>
<record>
    <datafield tag="191" ind1=" " ind2=" ">
        <subfield code="a">E/ESCWA/TCD/1990/4</subfield>
    </datafield>
    <datafield tag="246" ind1=" " ind2=" ">
        <subfield code="a">قاعدة معلومات قطاع النقل وتنظيم تشغيل خدمات سيارات الاجرة الخاصة الليموزين </subfield>
    </datafield>
    <datafield tag="269" ind1=" " ind2=" ">
        <subfield code="a">19900418</subfield>
    </datafield>
    <datafield tag="650" ind1=" " ind2=" ">
        <subfield code="a">VEHICLES</subfield>
        <subfield code="0">(DHLAUTH)272492</subfield>
    </datafield>
    <datafield tag="650" ind1=" " ind2=" ">
        <subfield code="a">RECOMMENDATIONS</subfield>
        <subfield code="0">(DHLAUTH)275840</subfield>
    </datafield>
    <datafield tag="650" ind1=" " ind2=" ">
        <subfield code="a">TRANSPORT COSTS</subfield>
        <subfield code="0">(DHLAUTH)272246</subfield>
    </datafield>
    <datafield tag="650" ind1=" " ind2=" ">
        <subfield code="a">URBAN TRANSPORT</subfield>
        <subfield code="0">(DHLAUTH)272484</subfield>
    </datafield>
    <datafield tag="650" ind1=" " ind2=" ">
        <subfield code="a">ADVISORY SERVICES</subfield>
        <subfield code="0">(DHLAUTH)269860</subfield>
    </datafield>
    <datafield tag="650" ind1=" " ind2=" ">
        <subfield code="a">DATA COLLECTION</subfield>
        <subfield code="0">(DHLAUTH)270174</subfield>
    </datafield>
    <datafield tag="650" ind1=" " ind2=" ">
        <subfield code="a">INFORMATION SOURCES</subfield>
        <subfield code="0">(DHLAUTH)275147</subfield>
    </datafield>
    <datafield tag="650" ind1=" " ind2=" ">
        <subfield code="a">SAUDI ARABIA</subfield>
        <subfield code="0">(DHLAUTH)273464</subfield>
    </datafield>
    <datafield tag="650" ind1=" " ind2=" ">
        <subfield code="a">DATA BANKS</subfield>
        <subfield code="0">(DHLAUTH)275123</subfield>
    </datafield>
    <datafield tag="650" ind1=" " ind2=" ">
        <subfield code="a">PASSENGER TRANSPORT</subfield>
        <subfield code="0">(DHLAUTH)272482</subfield>
    </datafield>
    <datafield tag="650" ind1=" " ind2=" ">
        <subfield code="a">PUBLIC TRANSPORT</subfield>
        <subfield code="0">(DHLAUTH)272562</subfield>
    </datafield>
</record>
<record>
    <datafield tag="191" ind1=" " ind2=" ">
        <subfield code="a">E/ESCWA/TCD/1992/1</subfield>
    </datafield>
    <datafield tag="246" ind1=" " ind2=" ">
        <subfield code="a">تطبيق اتفاقية الامم المتحدة بشأن مدونة قواعد السلوك لاتحادات الخطوط البحرية في دول منطقة غربي آسيا الاسكوا </subfield>
    </datafield>
    <datafield tag="269" ind1=" " ind2=" ">
        <subfield code="a">19920212</subfield>
    </datafield>
    <datafield tag="650" ind1=" " ind2=" ">
        <subfield code="a">ETHICS</subfield>
        <subfield code="0">(DHLAUTH)268464</subfield>
    </datafield>
    <datafield tag="650" ind1=" " ind2=" ">
        <subfield code="a">TRADE UNIONS</subfield>
        <subfield code="0">(DHLAUTH)268462</subfield>
    </datafield>
    <datafield tag="650" ind1=" " ind2=" ">
        <subfield code="a">MERCHANT MARINE</subfield>
        <subfield code="0">(DHLAUTH)272626</subfield>
    </datafield>
</record>
<record>
    <datafield tag="191" ind1=" " ind2=" ">
        <subfield code="a">E/ESCWA/TCD/1992/10</subfield>
    </datafield>
    <datafield tag="246" ind1=" " ind2=" ">
        <subfield code="a">النقل العام للركاب في ابو ظبي والعين دراسة انشاء شركة او شركتين الجزء الاول الاطار العام للدراسة</subfield>
    </datafield>
    <datafield tag="269" ind1=" " ind2=" ">
        <subfield code="a">19920505</subfield>
    </datafield>
    <datafield tag="650" ind1=" " ind2=" ">
        <subfield code="a">ADVISORY SERVICES</subfield>
        <subfield code="0">(DHLAUTH)269860</subfield>
    </datafield>
    <datafield tag="650" ind1=" " ind2=" ">
        <subfield code="a">ABU DHABI (UNITED ARAB EMIRATES)</subfield>
        <subfield code="0">(DHLAUTH)276731</subfield>
    </datafield>
    <datafield tag="650" ind1=" " ind2=" ">
        <subfield code="a">UNITED ARAB EMIRATES</subfield>
        <subfield code="0">(DHLAUTH)275604</subfield>
    </datafield>
    <datafield tag="650" ind1=" " ind2=" ">
        <subfield code="a">TRANSPORT ECONOMICS</subfield>
        <subfield code="0">(DHLAUTH)269609</subfield>
    </datafield>
    <datafield tag="650" ind1=" " ind2=" ">
        <subfield code="a">RECOMMENDATIONS</subfield>
        <subfield code="0">(DHLAUTH)275840</subfield>
    </datafield>
    <datafield tag="650" ind1=" " ind2=" ">
        <subfield code="a">TRANSPORT STATISTICS</subfield>
        <subfield code="0">(DHLAUTH)270202</subfield>
    </datafield>
    <datafield tag="650" ind1=" " ind2=" ">
        <subfield code="a">STATISTICAL DATA</subfield>
        <subfield code="0">(DHLAUTH)270233</subfield>
    </datafield>
    <datafield tag="650" ind1=" " ind2=" ">
        <subfield code="a">URBAN TRANSPORT</subfield>
        <subfield code="0">(DHLAUTH)272484</subfield>
    </datafield>
    <datafield tag="650" ind1=" " ind2=" ">
        <subfield code="a">TRANSPORT PLANNING</subfield>
        <subfield code="0">(DHLAUTH)269928</subfield>
    </datafield>
    <datafield tag="650" ind1=" " ind2=" ">
        <subfield code="a">PUBLIC TRANSPORT</subfield>
        <subfield code="0">(DHLAUTH)272562</subfield>
    </datafield>
    <datafield tag="650" ind1=" " ind2=" ">
        <subfield code="a">PASSENGER TRANSPORT</subfield>
        <subfield code="0">(DHLAUTH)272482</subfield>
    </datafield>
</record>
<record>
    <datafield tag="191" ind1=" " ind2=" ">
        <subfield code="a">E/ESCWA/TCD/1992/12</subfield>
    </datafield>
    <datafield tag="246" ind1=" " ind2=" ">
        <subfield code="a">مشروع قانون النقل البري</subfield>
    </datafield>
    <datafield tag="269" ind1=" " ind2=" ">
        <subfield code="a">19920907</subfield>
    </datafield>
    <datafield tag="650" ind1=" " ind2=" ">
        <subfield code="a">ROAD TRANSPORT</subfield>
        <subfield code="0">(DHLAUTH)9060</subfield>
    </datafield>
    <datafield tag="650" ind1=" " ind2=" ">
        <subfield code="a">YEMEN</subfield>
        <subfield code="0">(DHLAUTH)273521</subfield>
    </datafield>
    <datafield tag="650" ind1=" " ind2=" ">
        <subfield code="a">RECOMMENDATIONS</subfield>
        <subfield code="0">(DHLAUTH)275840</subfield>
    </datafield>
    <datafield tag="650" ind1=" " ind2=" ">
        <subfield code="a">HUMAN DEVELOPMENT</subfield>
        <subfield code="0">(DHLAUTH)276688</subfield>
    </datafield>
    <datafield tag="650" ind1=" " ind2=" ">
        <subfield code="a">PASSENGER TRANSPORT</subfield>
        <subfield code="0">(DHLAUTH)272482</subfield>
    </datafield>
    <datafield tag="650" ind1=" " ind2=" ">
        <subfield code="a">ADVISORY SERVICES</subfield>
        <subfield code="0">(DHLAUTH)269860</subfield>
    </datafield>
    <datafield tag="650" ind1=" " ind2=" ">
        <subfield code="a">TRANSPORT RESEARCH</subfield>
        <subfield code="0">(DHLAUTH)269782</subfield>
    </datafield>
    <datafield tag="650" ind1=" " ind2=" ">
        <subfield code="a">LAWS AND REGULATIONS</subfield>
        <subfield code="0">(DHLAUTH)268352</subfield>
    </datafield>
</record>
<record>
    <datafield tag="191" ind1=" " ind2=" ">
        <subfield code="a">E/ESCWA/TCD/1992/14</subfield>
    </datafield>
    <datafield tag="245" ind1=" " ind2=" ">
        <subfield code="a">PRIVATIZATION AND DEREGULATION OF SELECTED TRANSPORT MODES.</subfield>
    </datafield>
    <datafield tag="269" ind1=" " ind2=" ">
        <subfield code="a">19921223</subfield>
    </datafield>
    <datafield tag="650" ind1=" " ind2=" ">
        <subfield code="a">PRIVATIZATION</subfield>
        <subfield code="0">(DHLAUTH)270028</subfield>
    </datafield>
    <datafield tag="650" ind1=" " ind2=" ">
        <subfield code="a">DEREGULATION</subfield>
        <subfield code="0">(DHLAUTH)269823</subfield>
    </datafield>
    <datafield tag="650" ind1=" " ind2=" ">
        <subfield code="a">TRANSPORT</subfield>
        <subfield code="0">(DHLAUTH)272243</subfield>
    </datafield>
    <datafield tag="650" ind1=" " ind2=" ">
        <subfield code="a">WESTERN ASIA</subfield>
        <subfield code="0">(DHLAUTH)275490</subfield>
    </datafield>
    <datafield tag="650" ind1=" " ind2=" ">
        <subfield code="a">ROAD TRANSPORT</subfield>
        <subfield code="0">(DHLAUTH)9060</subfield>
    </datafield>
    <datafield tag="650" ind1=" " ind2=" ">
        <subfield code="a">AIR TRANSPORT</subfield>
        <subfield code="0">(DHLAUTH)268919</subfield>
    </datafield>
    <datafield tag="650" ind1=" " ind2=" ">
        <subfield code="a">FINANCING</subfield>
        <subfield code="0">(DHLAUTH)10479</subfield>
    </datafield>
    <datafield tag="650" ind1=" " ind2=" ">
        <subfield code="a">TRANSPORT PROJECTS</subfield>
        <subfield code="0">(DHLAUTH)271818</subfield>
    </datafield>
    <datafield tag="650" ind1=" " ind2=" ">
        <subfield code="a">PRIVATE SECTOR</subfield>
        <subfield code="0">(DHLAUTH)269684</subfield>
    </datafield>
</record>
<record>
    <datafield tag="191" ind1=" " ind2=" ">
        <subfield code="a">E/ESCWA/TCD/1992/5</subfield>
    </datafield>
    <datafield tag="246" ind1=" " ind2=" ">
        <subfield code="a">قاعدة معلومات قطاع النقل</subfield>
    </datafield>
    <datafield tag="269" ind1=" " ind2=" ">
        <subfield code="a">19920115</subfield>
    </datafield>
    <datafield tag="650" ind1=" " ind2=" ">
        <subfield code="a">ADVISORY SERVICES</subfield>
        <subfield code="0">(DHLAUTH)269860</subfield>
    </datafield>
    <datafield tag="650" ind1=" " ind2=" ">
        <subfield code="a">TRANSPORT STATISTICS</subfield>
        <subfield code="0">(DHLAUTH)270202</subfield>
    </datafield>
    <datafield tag="650" ind1=" " ind2=" ">
        <subfield code="a">STATISTICAL DATA</subfield>
        <subfield code="0">(DHLAUTH)270233</subfield>
    </datafield>
    <datafield tag="650" ind1=" " ind2=" ">
        <subfield code="a">RECOMMENDATIONS</subfield>
        <subfield code="0">(DHLAUTH)275840</subfield>
    </datafield>
    <datafield tag="650" ind1=" " ind2=" ">
        <subfield code="a">ROAD TRANSPORT</subfield>
        <subfield code="0">(DHLAUTH)9060</subfield>
    </datafield>
    <datafield tag="650" ind1=" " ind2=" ">
        <subfield code="a">DATA BANKS</subfield>
        <subfield code="0">(DHLAUTH)275123</subfield>
    </datafield>
    <datafield tag="650" ind1=" " ind2=" ">
        <subfield code="a">MARITIME TRANSPORT</subfield>
        <subfield code="0">(DHLAUTH)272479</subfield>
    </datafield>
    <datafield tag="650" ind1=" " ind2=" ">
        <subfield code="a">RAILWAYS</subfield>
        <subfield code="0">(DHLAUTH)272499</subfield>
    </datafield>
    <datafield tag="650" ind1=" " ind2=" ">
        <subfield code="a">TRANSPORT RESEARCH</subfield>
        <subfield code="0">(DHLAUTH)269782</subfield>
    </datafield>
</record>
<record>
    <datafield tag="191" ind1=" " ind2=" ">
        <subfield code="a">E/ESCWA/TCD/1992/6</subfield>
    </datafield>
    <datafield tag="246" ind1=" " ind2=" ">
        <subfield code="a">استغلال قدرات الموانئ في غربي آسيا ورقة خاصة لسلطات النقل والمخططين</subfield>
    </datafield>
    <datafield tag="269" ind1=" " ind2=" ">
        <subfield code="a">19920616</subfield>
    </datafield>
    <datafield tag="650" ind1=" " ind2=" ">
        <subfield code="a">PORTS</subfield>
        <subfield code="0">(DHLAUTH)270888</subfield>
    </datafield>
    <datafield tag="650" ind1=" " ind2=" ">
        <subfield code="a">EGYPT</subfield>
        <subfield code="0">(DHLAUTH)273328</subfield>
    </datafield>
    <datafield tag="650" ind1=" " ind2=" ">
        <subfield code="a">IRAQ</subfield>
        <subfield code="0">(DHLAUTH)273370</subfield>
    </datafield>
    <datafield tag="650" ind1=" " ind2=" ">
        <subfield code="a">JORDAN</subfield>
        <subfield code="0">(DHLAUTH)269099</subfield>
    </datafield>
    <datafield tag="650" ind1=" " ind2=" ">
        <subfield code="a">KUWAIT</subfield>
        <subfield code="0">(DHLAUTH)273384</subfield>
    </datafield>
    <datafield tag="650" ind1=" " ind2=" ">
        <subfield code="a">SYRIAN ARAB REPUBLIC</subfield>
        <subfield code="0">(DHLAUTH)273496</subfield>
    </datafield>
    <datafield tag="650" ind1=" " ind2=" ">
        <subfield code="a">UNITED ARAB EMIRATES</subfield>
        <subfield code="0">(DHLAUTH)275604</subfield>
    </datafield>
    <datafield tag="650" ind1=" " ind2=" ">
        <subfield code="a">YEMEN</subfield>
        <subfield code="0">(DHLAUTH)273521</subfield>
    </datafield>
    <datafield tag="650" ind1=" " ind2=" ">
        <subfield code="a">RECOMMENDATIONS</subfield>
        <subfield code="0">(DHLAUTH)275840</subfield>
    </datafield>
    <datafield tag="650" ind1=" " ind2=" ">
        <subfield code="a">TRANSPORT STATISTICS</subfield>
        <subfield code="0">(DHLAUTH)270202</subfield>
    </datafield>
    <datafield tag="650" ind1=" " ind2=" ">
        <subfield code="a">STATISTICAL DATA</subfield>
        <subfield code="0">(DHLAUTH)270233</subfield>
    </datafield>
    <datafield tag="650" ind1=" " ind2=" ">
        <subfield code="a">TRANSPORT</subfield>
        <subfield code="0">(DHLAUTH)272243</subfield>
    </datafield>
    <datafield tag="650" ind1=" " ind2=" ">
        <subfield code="a">CONTAINER SHIPS</subfield>
        <subfield code="0">(DHLAUTH)272625</subfield>
    </datafield>
    <datafield tag="650" ind1=" " ind2=" ">
        <subfield code="a">CARGO</subfield>
        <subfield code="0">(DHLAUTH)269525</subfield>
    </datafield>
    <datafield tag="650" ind1=" " ind2=" ">
        <subfield code="a">ECONOMIC FORECASTS</subfield>
        <subfield code="0">(DHLAUTH)269720</subfield>
    </datafield>
    <datafield tag="650" ind1=" " ind2=" ">
        <subfield code="a">TRANSPORT PLANNING</subfield>
        <subfield code="0">(DHLAUTH)269928</subfield>
    </datafield>
    <datafield tag="650" ind1=" " ind2=" ">
        <subfield code="a">ECONOMIC PLANNING</subfield>
        <subfield code="0">(DHLAUTH)269834</subfield>
    </datafield>
</record>
<record>
    <datafield tag="191" ind1=" " ind2=" ">
        <subfield code="a">E/ESCWA/TCD/1992/8</subfield>
    </datafield>
    <datafield tag="246" ind1=" " ind2=" ">
        <subfield code="a">النقل العام في القاهرة الكبرى اجور النقل ودور القطاع الخاص الجزء 3 </subfield>
    </datafield>
    <datafield tag="269" ind1=" " ind2=" ">
        <subfield code="a">19920514</subfield>
    </datafield>
    <datafield tag="650" ind1=" " ind2=" ">
        <subfield code="a">CAIRO (EGYPT)</subfield>
        <subfield code="0">(DHLAUTH)276878</subfield>
    </datafield>
    <datafield tag="650" ind1=" " ind2=" ">
        <subfield code="a">ADVISORY SERVICES</subfield>
        <subfield code="0">(DHLAUTH)269860</subfield>
    </datafield>
    <datafield tag="650" ind1=" " ind2=" ">
        <subfield code="a">TRANSPORT ECONOMICS</subfield>
        <subfield code="0">(DHLAUTH)269609</subfield>
    </datafield>
    <datafield tag="650" ind1=" " ind2=" ">
        <subfield code="a">RECOMMENDATIONS</subfield>
        <subfield code="0">(DHLAUTH)275840</subfield>
    </datafield>
    <datafield tag="650" ind1=" " ind2=" ">
        <subfield code="a">PASSENGER TRANSPORT</subfield>
        <subfield code="0">(DHLAUTH)272482</subfield>
    </datafield>
    <datafield tag="650" ind1=" " ind2=" ">
        <subfield code="a">TRANSPORT STATISTICS</subfield>
        <subfield code="0">(DHLAUTH)270202</subfield>
    </datafield>
    <datafield tag="650" ind1=" " ind2=" ">
        <subfield code="a">STATISTICAL DATA</subfield>
        <subfield code="0">(DHLAUTH)270233</subfield>
    </datafield>
    <datafield tag="650" ind1=" " ind2=" ">
        <subfield code="a">TRANSPORT RESEARCH</subfield>
        <subfield code="0">(DHLAUTH)269782</subfield>
    </datafield>
    <datafield tag="650" ind1=" " ind2=" ">
        <subfield code="a">PUBLIC TRANSPORT</subfield>
        <subfield code="0">(DHLAUTH)272562</subfield>
    </datafield>
    <datafield tag="650" ind1=" " ind2=" ">
        <subfield code="a">PRIVATE SECTOR</subfield>
        <subfield code="0">(DHLAUTH)269684</subfield>
    </datafield>
    <datafield tag="650" ind1=" " ind2=" ">
        <subfield code="a">WAGES</subfield>
        <subfield code="0">(DHLAUTH)269809</subfield>
    </datafield>
</record>
<record>
    <datafield tag="191" ind1=" " ind2=" ">
        <subfield code="a">E/ESCWA/TCD/1992/9</subfield>
    </datafield>
    <datafield tag="246" ind1=" " ind2=" ">
        <subfield code="a">تطوير الهيكل التنظيمي لقطاع النقل</subfield>
    </datafield>
    <datafield tag="269" ind1=" " ind2=" ">
        <subfield code="a">19920624</subfield>
    </datafield>
    <datafield tag="650" ind1=" " ind2=" ">
        <subfield code="a">ADVISORY SERVICES</subfield>
        <subfield code="0">(DHLAUTH)269860</subfield>
    </datafield>
    <datafield tag="650" ind1=" " ind2=" ">
        <subfield code="a">ROAD TRANSPORT</subfield>
        <subfield code="0">(DHLAUTH)9060</subfield>
    </datafield>
    <datafield tag="650" ind1=" " ind2=" ">
        <subfield code="a">MARITIME TRANSPORT</subfield>
        <subfield code="0">(DHLAUTH)272479</subfield>
    </datafield>
    <datafield tag="650" ind1=" " ind2=" ">
        <subfield code="a">TRANSPORT PLANNING</subfield>
        <subfield code="0">(DHLAUTH)269928</subfield>
    </datafield>
    <datafield tag="650" ind1=" " ind2=" ">
        <subfield code="a">DATA BANKS</subfield>
        <subfield code="0">(DHLAUTH)275123</subfield>
    </datafield>
    <datafield tag="650" ind1=" " ind2=" ">
        <subfield code="a">HUMAN DEVELOPMENT</subfield>
        <subfield code="0">(DHLAUTH)276688</subfield>
    </datafield>
    <datafield tag="650" ind1=" " ind2=" ">
        <subfield code="a">ORGANIZATIONAL STRUCTURE</subfield>
        <subfield code="0">(DHLAUTH)272030</subfield>
    </datafield>
</record>
<record>
    <datafield tag="191" ind1=" " ind2=" ">
        <subfield code="a">E/ESCWA/TCD/1993/13</subfield>
    </datafield>
    <datafield tag="245" ind1=" " ind2=" ">
        <subfield code="a">UTILIZATION OF COMPUTER TECHNOLOGY IN TRANSPORT MANAGEMENT IN THE ESCWA REGION WITH SPECIAL REFERENCE TO RAILWAYS</subfield>
    </datafield>
    <datafield tag="269" ind1=" " ind2=" ">
        <subfield code="a">19931017</subfield>
    </datafield>
    <datafield tag="650" ind1=" " ind2=" ">
        <subfield code="a">RAILWAYS</subfield>
        <subfield code="0">(DHLAUTH)272499</subfield>
    </datafield>
    <datafield tag="650" ind1=" " ind2=" ">
        <subfield code="a">RECOMMENDATIONS</subfield>
        <subfield code="0">(DHLAUTH)275840</subfield>
    </datafield>
    <datafield tag="650" ind1=" " ind2=" ">
        <subfield code="a">TRANSPORT STATISTICS</subfield>
        <subfield code="0">(DHLAUTH)270202</subfield>
    </datafield>
    <datafield tag="650" ind1=" " ind2=" ">
        <subfield code="a">STATISTICAL DATA</subfield>
        <subfield code="0">(DHLAUTH)270233</subfield>
    </datafield>
    <datafield tag="650" ind1=" " ind2=" ">
        <subfield code="a">DATA PROCESSING</subfield>
        <subfield code="0">(DHLAUTH)272727</subfield>
    </datafield>
    <datafield tag="650" ind1=" " ind2=" ">
        <subfield code="a">COMPUTER APPLICATIONS</subfield>
        <subfield code="0">(DHLAUTH)271864</subfield>
    </datafield>
    <datafield tag="650" ind1=" " ind2=" ">
        <subfield code="a">DEVELOPMENT PLANS</subfield>
        <subfield code="0">(DHLAUTH)269892</subfield>
    </datafield>
    <datafield tag="650" ind1=" " ind2=" ">
        <subfield code="a">RAILWAY MANAGEMENT</subfield>
        <subfield code="0">(DHLAUTH)272583</subfield>
    </datafield>
    <datafield tag="650" ind1=" " ind2=" ">
        <subfield code="a">PORT MANAGEMENT</subfield>
        <subfield code="0">(DHLAUTH)272675</subfield>
    </datafield>
</record>
<record>
    <datafield tag="191" ind1=" " ind2=" ">
        <subfield code="a">E/ESCWA/TCD/1993/16</subfield>
    </datafield>
    <datafield tag="246" ind1=" " ind2=" ">
        <subfield code="a">دليل تصنيف معلومات النقل لمنطقة اللجنة الاقتصادية والاجتماعية لغربي اسيا</subfield>
    </datafield>
    <datafield tag="269" ind1=" " ind2=" ">
        <subfield code="a">19931206</subfield>
    </datafield>
    <datafield tag="650" ind1=" " ind2=" ">
        <subfield code="a">TRANSPORT STATISTICS</subfield>
        <subfield code="0">(DHLAUTH)270202</subfield>
    </datafield>
    <datafield tag="650" ind1=" " ind2=" ">
        <subfield code="a">STATISTICAL CLASSIFICATIONS</subfield>
        <subfield code="0">(DHLAUTH)270220</subfield>
    </datafield>
    <datafield tag="650" ind1=" " ind2=" ">
        <subfield code="a">INFORMATION</subfield>
        <subfield code="0">(DHLAUTH)270009</subfield>
    </datafield>
    <datafield tag="650" ind1=" " ind2=" ">
        <subfield code="a">TRANSPORT</subfield>
        <subfield code="0">(DHLAUTH)272243</subfield>
    </datafield>
</record>
<record>
    <datafield tag="191" ind1=" " ind2=" ">
        <subfield code="a">E/ESCWA/TCD/1993/18</subfield>
    </datafield>
    <datafield tag="246" ind1=" " ind2=" ">
        <subfield code="a">تقييم تطوير القوى العاملة في قطاع النقل لدول مختارة في منطقة الاسكوا</subfield>
    </datafield>
    <datafield tag="269" ind1=" " ind2=" ">
        <subfield code="a">19931221</subfield>
    </datafield>
    <datafield tag="650" ind1=" " ind2=" ">
        <subfield code="a">TRANSPORT</subfield>
        <subfield code="0">(DHLAUTH)272243</subfield>
    </datafield>
    <datafield tag="650" ind1=" " ind2=" ">
        <subfield code="a">ROAD TRANSPORT</subfield>
        <subfield code="0">(DHLAUTH)9060</subfield>
    </datafield>
    <datafield tag="650" ind1=" " ind2=" ">
        <subfield code="a">TECHNICAL TRAINING</subfield>
        <subfield code="0">(DHLAUTH)271971</subfield>
    </datafield>
    <datafield tag="650" ind1=" " ind2=" ">
        <subfield code="a">STATISTICAL DATA</subfield>
        <subfield code="0">(DHLAUTH)270233</subfield>
    </datafield>
    <datafield tag="650" ind1=" " ind2=" ">
        <subfield code="a">TRANSPORT STATISTICS</subfield>
        <subfield code="0">(DHLAUTH)270202</subfield>
    </datafield>
    <datafield tag="650" ind1=" " ind2=" ">
        <subfield code="a">MANPOWER</subfield>
        <subfield code="0">(DHLAUTH)273105</subfield>
    </datafield>
    <datafield tag="650" ind1=" " ind2=" ">
        <subfield code="a">VOCATIONAL REHABILITATION</subfield>
        <subfield code="0">(DHLAUTH)273789</subfield>
    </datafield>
    <datafield tag="650" ind1=" " ind2=" ">
        <subfield code="a">VOCATIONAL TRAINING</subfield>
        <subfield code="0">(DHLAUTH)271390</subfield>
    </datafield>
    <datafield tag="650" ind1=" " ind2=" ">
        <subfield code="a">TRANSPORT WORKERS</subfield>
        <subfield code="0">(DHLAUTH)272490</subfield>
    </datafield>
</record>
<record>
    <datafield tag="191" ind1=" " ind2=" ">
        <subfield code="a">E/ESCWA/TCD/1993/2</subfield>
    </datafield>
    <datafield tag="246" ind1=" " ind2=" ">
        <subfield code="a">النقل العام للركاب في ابو ظبي دراسة انشاء شركة او شركتين الجزء الثالث : مجالات التطوير والتوصيات</subfield>
    </datafield>
    <datafield tag="269" ind1=" " ind2=" ">
        <subfield code="a">19930209</subfield>
    </datafield>
    <datafield tag="650" ind1=" " ind2=" ">
        <subfield code="a">PUBLIC TRANSPORT</subfield>
        <subfield code="0">(DHLAUTH)272562</subfield>
    </datafield>
    <datafield tag="650" ind1=" " ind2=" ">
        <subfield code="a">ADVISORY SERVICES</subfield>
        <subfield code="0">(DHLAUTH)269860</subfield>
    </datafield>
    <datafield tag="650" ind1=" " ind2=" ">
        <subfield code="a">UNITED ARAB EMIRATES</subfield>
        <subfield code="0">(DHLAUTH)275604</subfield>
    </datafield>
    <datafield tag="650" ind1=" " ind2=" ">
        <subfield code="a">ABU DHABI (UNITED ARAB EMIRATES)</subfield>
        <subfield code="0">(DHLAUTH)276731</subfield>
    </datafield>
    <datafield tag="650" ind1=" " ind2=" ">
        <subfield code="a">CONTAINERS</subfield>
        <subfield code="0">(DHLAUTH)272632</subfield>
    </datafield>
    <datafield tag="650" ind1=" " ind2=" ">
        <subfield code="a">RECOMMENDATIONS</subfield>
        <subfield code="0">(DHLAUTH)275840</subfield>
    </datafield>
    <datafield tag="650" ind1=" " ind2=" ">
        <subfield code="a">TRANSPORT ECONOMICS</subfield>
        <subfield code="0">(DHLAUTH)269609</subfield>
    </datafield>
    <datafield tag="650" ind1=" " ind2=" ">
        <subfield code="a">TRANSPORT STATISTICS</subfield>
        <subfield code="0">(DHLAUTH)270202</subfield>
    </datafield>
    <datafield tag="650" ind1=" " ind2=" ">
        <subfield code="a">STATISTICAL DATA</subfield>
        <subfield code="0">(DHLAUTH)270233</subfield>
    </datafield>
    <datafield tag="650" ind1=" " ind2=" ">
        <subfield code="a">TRANSPORT PLANNING</subfield>
        <subfield code="0">(DHLAUTH)269928</subfield>
    </datafield>
    <datafield tag="650" ind1=" " ind2=" ">
        <subfield code="a">PASSENGER TRANSPORT</subfield>
        <subfield code="0">(DHLAUTH)272482</subfield>
    </datafield>
    <datafield tag="650" ind1=" " ind2=" ">
        <subfield code="a">EVALUATION</subfield>
        <subfield code="0">(DHLAUTH)269588</subfield>
    </datafield>
</record>
<record>
    <datafield tag="191" ind1=" " ind2=" ">
        <subfield code="a">E/ESCWA/TCD/1993/9</subfield>
    </datafield>
    <datafield tag="246" ind1=" " ind2=" ">
        <subfield code="a">سياسات تسعير خدمات ومرافق الموانئ في منطقة غربي آسيا</subfield>
    </datafield>
    <datafield tag="269" ind1=" " ind2=" ">
        <subfield code="a">19930616</subfield>
    </datafield>
    <datafield tag="650" ind1=" " ind2=" ">
        <subfield code="a">TRANSPORT</subfield>
        <subfield code="0">(DHLAUTH)272243</subfield>
    </datafield>
    <datafield tag="650" ind1=" " ind2=" ">
        <subfield code="a">TRANSPORT COSTS</subfield>
        <subfield code="0">(DHLAUTH)272246</subfield>
    </datafield>
    <datafield tag="650" ind1=" " ind2=" ">
        <subfield code="a">TRANSPORT ECONOMICS</subfield>
        <subfield code="0">(DHLAUTH)269609</subfield>
    </datafield>
    <datafield tag="650" ind1=" " ind2=" ">
        <subfield code="a">TRANSPORT STATISTICS</subfield>
        <subfield code="0">(DHLAUTH)270202</subfield>
    </datafield>
    <datafield tag="650" ind1=" " ind2=" ">
        <subfield code="a">STATISTICAL DATA</subfield>
        <subfield code="0">(DHLAUTH)270233</subfield>
    </datafield>
    <datafield tag="650" ind1=" " ind2=" ">
        <subfield code="a">RECOMMENDATIONS</subfield>
        <subfield code="0">(DHLAUTH)275840</subfield>
    </datafield>
    <datafield tag="650" ind1=" " ind2=" ">
        <subfield code="a">JORDAN</subfield>
        <subfield code="0">(DHLAUTH)269099</subfield>
    </datafield>
    <datafield tag="650" ind1=" " ind2=" ">
        <subfield code="a">KUWAIT</subfield>
        <subfield code="0">(DHLAUTH)273384</subfield>
    </datafield>
    <datafield tag="650" ind1=" " ind2=" ">
        <subfield code="a">SYRIAN ARAB REPUBLIC</subfield>
        <subfield code="0">(DHLAUTH)273496</subfield>
    </datafield>
    <datafield tag="650" ind1=" " ind2=" ">
        <subfield code="a">EGYPT</subfield>
        <subfield code="0">(DHLAUTH)273328</subfield>
    </datafield>
    <datafield tag="650" ind1=" " ind2=" ">
        <subfield code="a">PORT CHARGES</subfield>
        <subfield code="0">(DHLAUTH)272674</subfield>
    </datafield>
    <datafield tag="650" ind1=" " ind2=" ">
        <subfield code="a">CONTAINERS</subfield>
        <subfield code="0">(DHLAUTH)272632</subfield>
    </datafield>
</record>
<record>
    <datafield tag="191" ind1=" " ind2=" ">
        <subfield code="a">E/ESCWA/TCD/1994/1</subfield>
    </datafield>
    <datafield tag="246" ind1=" " ind2=" ">
        <subfield code="a">النقل العام للركاب في ابو ظبي الجزء الاول الاوضاع الحالية ومتطلبات التطوير</subfield>
    </datafield>
    <datafield tag="269" ind1=" " ind2=" ">
        <subfield code="a">19940215</subfield>
    </datafield>
    <datafield tag="650" ind1=" " ind2=" ">
        <subfield code="a">PUBLIC TRANSPORT</subfield>
        <subfield code="0">(DHLAUTH)272562</subfield>
    </datafield>
    <datafield tag="650" ind1=" " ind2=" ">
        <subfield code="a">UNITED ARAB EMIRATES</subfield>
        <subfield code="0">(DHLAUTH)275604</subfield>
    </datafield>
    <datafield tag="650" ind1=" " ind2=" ">
        <subfield code="a">ABU DHABI (UNITED ARAB EMIRATES)</subfield>
        <subfield code="0">(DHLAUTH)276731</subfield>
    </datafield>
    <datafield tag="650" ind1=" " ind2=" ">
        <subfield code="a">ADVISORY SERVICES</subfield>
        <subfield code="0">(DHLAUTH)269860</subfield>
    </datafield>
    <datafield tag="650" ind1=" " ind2=" ">
        <subfield code="a">RECOMMENDATIONS</subfield>
        <subfield code="0">(DHLAUTH)275840</subfield>
    </datafield>
    <datafield tag="650" ind1=" " ind2=" ">
        <subfield code="a">TRANSPORT ECONOMICS</subfield>
        <subfield code="0">(DHLAUTH)269609</subfield>
    </datafield>
    <datafield tag="650" ind1=" " ind2=" ">
        <subfield code="a">PASSENGER TRANSPORT</subfield>
        <subfield code="0">(DHLAUTH)272482</subfield>
    </datafield>
    <datafield tag="650" ind1=" " ind2=" ">
        <subfield code="a">TRANSPORT STATISTICS</subfield>
        <subfield code="0">(DHLAUTH)270202</subfield>
    </datafield>
    <datafield tag="650" ind1=" " ind2=" ">
        <subfield code="a">MODEL FORMS</subfield>
        <subfield code="0">(DHLAUTH)269304</subfield>
    </datafield>
    <datafield tag="650" ind1=" " ind2=" ">
        <subfield code="a">TRANSPORT COSTS</subfield>
        <subfield code="0">(DHLAUTH)272246</subfield>
    </datafield>
    <datafield tag="650" ind1=" " ind2=" ">
        <subfield code="a">PUBLIC EXPENDITURES</subfield>
        <subfield code="0">(DHLAUTH)268927</subfield>
    </datafield>
    <datafield tag="650" ind1=" " ind2=" ">
        <subfield code="a">BUSES</subfield>
        <subfield code="0">(DHLAUTH)272556</subfield>
    </datafield>
</record>
<record>
    <datafield tag="191" ind1=" " ind2=" ">
        <subfield code="a">E/ESCWA/TCD/1994/6</subfield>
    </datafield>
    <datafield tag="246" ind1=" " ind2=" ">
        <subfield code="a">تطور قطاع الاتصالات في منطقة الاسكوا</subfield>
    </datafield>
    <datafield tag="269" ind1=" " ind2=" ">
        <subfield code="a">19941103</subfield>
    </datafield>
    <datafield tag="650" ind1=" " ind2=" ">
        <subfield code="a">COMMUNICATIONS</subfield>
        <subfield code="0">(DHLAUTH)272411</subfield>
    </datafield>
    <datafield tag="650" ind1=" " ind2=" ">
        <subfield code="a">INFORMATION SERVICES</subfield>
        <subfield code="0">(DHLAUTH)270228</subfield>
    </datafield>
    <datafield tag="650" ind1=" " ind2=" ">
        <subfield code="a">ELECTRONIC DATA INTERCHANGE</subfield>
        <subfield code="0">(DHLAUTH)658731</subfield>
    </datafield>
    <datafield tag="650" ind1=" " ind2=" ">
        <subfield code="a">INFORMATION EXCHANGE</subfield>
        <subfield code="0">(DHLAUTH)275144</subfield>
    </datafield>
    <datafield tag="650" ind1=" " ind2=" ">
        <subfield code="a">RECOMMENDATIONS</subfield>
        <subfield code="0">(DHLAUTH)275840</subfield>
    </datafield>
    <datafield tag="650" ind1=" " ind2=" ">
        <subfield code="a">STATISTICAL DATA</subfield>
        <subfield code="0">(DHLAUTH)270233</subfield>
    </datafield>
    <datafield tag="650" ind1=" " ind2=" ">
        <subfield code="a">COMPUTER PROGRAMMING</subfield>
        <subfield code="0">(DHLAUTH)269654</subfield>
    </datafield>
    <datafield tag="650" ind1=" " ind2=" ">
        <subfield code="a">DATA BANKS</subfield>
        <subfield code="0">(DHLAUTH)275123</subfield>
    </datafield>
    <datafield tag="650" ind1=" " ind2=" ">
        <subfield code="a">TELECOMMUNICATIONS</subfield>
        <subfield code="0">(DHLAUTH)272452</subfield>
    </datafield>
    <datafield tag="650" ind1=" " ind2=" ">
        <subfield code="a">COMMUNICATION SATELLITES</subfield>
        <subfield code="0">(DHLAUTH)272649</subfield>
    </datafield>
    <datafield tag="650" ind1=" " ind2=" ">
        <subfield code="a">TELEPHONE</subfield>
        <subfield code="0">(DHLAUTH)272760</subfield>
    </datafield>
    <datafield tag="650" ind1=" " ind2=" ">
        <subfield code="a">WESTERN ASIA</subfield>
        <subfield code="0">(DHLAUTH)275490</subfield>
    </datafield>
    <datafield tag="650" ind1=" " ind2=" ">
        <subfield code="a">COMMUNICATION INDUSTRY</subfield>
        <subfield code="0">(DHLAUTH)272175</subfield>
    </datafield>
</record>
<record>
    <datafield tag="191" ind1=" " ind2=" ">
        <subfield code="a">E/ESCWA/TCD/1994/8</subfield>
    </datafield>
    <datafield tag="245" ind1=" " ind2=" ">
        <subfield code="a">REPORT ON THE FOLLOW-UP ACTION PERTAINING TO THE IMPLEMENTATION OF THE ESCWA TRANSPORT AND COMMUNICATION DECADE</subfield>
    </datafield>
    <datafield tag="269" ind1=" " ind2=" ">
        <subfield code="a">19940718</subfield>
    </datafield>
    <datafield tag="650" ind1=" " ind2=" ">
        <subfield code="a">TRANSPORT</subfield>
        <subfield code="0">(DHLAUTH)272243</subfield>
    </datafield>
    <datafield tag="650" ind1=" " ind2=" ">
        <subfield code="a">COMMUNICATIONS</subfield>
        <subfield code="0">(DHLAUTH)272411</subfield>
    </datafield>
    <datafield tag="650" ind1=" " ind2=" ">
        <subfield code="a">PROGRAMMES OF ACTION</subfield>
        <subfield code="0">(DHLAUTH)275777</subfield>
    </datafield>
    <datafield tag="650" ind1=" " ind2=" ">
        <subfield code="a">RECOMMENDATIONS</subfield>
        <subfield code="0">(DHLAUTH)275840</subfield>
    </datafield>
    <datafield tag="650" ind1=" " ind2=" ">
        <subfield code="a">PROGRAMME IMPLEMENTATION</subfield>
        <subfield code="0">(DHLAUTH)275794</subfield>
    </datafield>
    <datafield tag="650" ind1=" " ind2=" ">
        <subfield code="a">INTERNATIONAL DECADES</subfield>
        <subfield code="0">(DHLAUTH)268661</subfield>
    </datafield>
    <datafield tag="650" ind1=" " ind2=" ">
        <subfield code="a">ACTIVITIES</subfield>
        <subfield code="0">(DHLAUTH)275823</subfield>
    </datafield>
</record>
<record>
    <datafield tag="191" ind1=" " ind2=" ">
        <subfield code="a">E/ESCWA/TCD/1996/1</subfield>
    </datafield>
    <datafield tag="245" ind1=" " ind2=" ">
        <subfield code="a">REPORT ON MISSION TO ENVIRONMENTAL DEPARTMENT MINISTRY AND AGRICULTURE THE STATE OF QATAR.</subfield>
    </datafield>
    <datafield tag="269" ind1=" " ind2=" ">
        <subfield code="a">19960722</subfield>
    </datafield>
    <datafield tag="650" ind1=" " ind2=" ">
        <subfield code="a">QATAR</subfield>
        <subfield code="0">(DHLAUTH)275603</subfield>
    </datafield>
    <datafield tag="650" ind1=" " ind2=" ">
        <subfield code="a">ENVIRONMENT</subfield>
        <subfield code="0">(DHLAUTH)270627</subfield>
    </datafield>
    <datafield tag="650" ind1=" " ind2=" ">
        <subfield code="a">OIL POLLUTION</subfield>
        <subfield code="0">(DHLAUTH)270804</subfield>
    </datafield>
    <datafield tag="650" ind1=" " ind2=" ">
        <subfield code="a">PRIVATIZATION</subfield>
        <subfield code="0">(DHLAUTH)270028</subfield>
    </datafield>
    <datafield tag="650" ind1=" " ind2=" ">
        <subfield code="a">WASTE DISPOSAL</subfield>
        <subfield code="0">(DHLAUTH)270674</subfield>
    </datafield>
    <datafield tag="650" ind1=" " ind2=" ">
        <subfield code="a">SOLID WASTE MANAGEMENT</subfield>
        <subfield code="0">(DHLAUTH)270665</subfield>
    </datafield>
    <datafield tag="650" ind1=" " ind2=" ">
        <subfield code="a">TOXIC WASTE MANAGEMENT</subfield>
        <subfield code="0">(DHLAUTH)270673</subfield>
    </datafield>
    <datafield tag="650" ind1=" " ind2=" ">
        <subfield code="a">WASTE MANAGEMENT</subfield>
        <subfield code="0">(DHLAUTH)272254</subfield>
    </datafield>
    <datafield tag="650" ind1=" " ind2=" ">
        <subfield code="a">WASTE TREATMENT</subfield>
        <subfield code="0">(DHLAUTH)272255</subfield>
    </datafield>
    <datafield tag="650" ind1=" " ind2=" ">
        <subfield code="a">LAWS AND REGULATIONS</subfield>
        <subfield code="0">(DHLAUTH)268352</subfield>
    </datafield>
    <datafield tag="650" ind1=" " ind2=" ">
        <subfield code="a">RECYCLING</subfield>
        <subfield code="0">(DHLAUTH)270592</subfield>
    </datafield>
</record>
<record>
    <datafield tag="191" ind1=" " ind2=" ">
        <subfield code="a">E/ESCWA/TCD/1996/10</subfield>
    </datafield>
    <datafield tag="245" ind1=" " ind2=" ">
        <subfield code="a">REPORT ON MISSION TO THE REPUBLIC OF YEMEN</subfield>
    </datafield>
    <datafield tag="269" ind1=" " ind2=" ">
        <subfield code="a">19960916</subfield>
    </datafield>
    <datafield tag="650" ind1=" " ind2=" ">
        <subfield code="a">ELECTRIC POWER</subfield>
        <subfield code="0">(DHLAUTH)271189</subfield>
    </datafield>
    <datafield tag="650" ind1=" " ind2=" ">
        <subfield code="a">DEVELOPMENT PLANS</subfield>
        <subfield code="0">(DHLAUTH)269892</subfield>
    </datafield>
    <datafield tag="650" ind1=" " ind2=" ">
        <subfield code="a">ELECTRICITY</subfield>
        <subfield code="0">(DHLAUTH)271193</subfield>
    </datafield>
    <datafield tag="650" ind1=" " ind2=" ">
        <subfield code="a">POWER PLANTS</subfield>
        <subfield code="0">(DHLAUTH)271904</subfield>
    </datafield>
    <datafield tag="650" ind1=" " ind2=" ">
        <subfield code="a">RURAL ELECTRIFICATION</subfield>
        <subfield code="0">(DHLAUTH)269979</subfield>
    </datafield>
    <datafield tag="650" ind1=" " ind2=" ">
        <subfield code="a">CAPACITY BUILDING</subfield>
        <subfield code="0">(DHLAUTH)276636</subfield>
    </datafield>
    <datafield tag="650" ind1=" " ind2=" ">
        <subfield code="a">INFORMATION CENTRES</subfield>
        <subfield code="0">(DHLAUTH)275071</subfield>
    </datafield>
    <datafield tag="650" ind1=" " ind2=" ">
        <subfield code="a">ENERGY PLANNING</subfield>
        <subfield code="0">(DHLAUTH)269899</subfield>
    </datafield>
    <datafield tag="650" ind1=" " ind2=" ">
        <subfield code="a">TERMS OF REFERENCE</subfield>
        <subfield code="0">(DHLAUTH)268319</subfield>
    </datafield>
    <datafield tag="650" ind1=" " ind2=" ">
        <subfield code="a">YEMEN</subfield>
        <subfield code="0">(DHLAUTH)273521</subfield>
    </datafield>
    <datafield tag="650" ind1=" " ind2=" ">
        <subfield code="a">ADVISORY SERVICES</subfield>
        <subfield code="0">(DHLAUTH)269860</subfield>
    </datafield>
    <datafield tag="650" ind1=" " ind2=" ">
        <subfield code="a">ABACA</subfield>
        <subfield code="0">(DHLAUTH)271457</subfield>
    </datafield>
</record>
<record>
    <datafield tag="191" ind1=" " ind2=" ">
        <subfield code="a">E/ESCWA/TCD/1996/11</subfield>
    </datafield>
    <datafield tag="246" ind1=" " ind2=" ">
        <subfield code="a">تقرير عن المهمة الاستشارية الى وزارة الاقتصاد والتجارة ابو ظبي-دولة الامارات العربية المتحدة</subfield>
    </datafield>
    <datafield tag="269" ind1=" " ind2=" ">
        <subfield code="a">19961021</subfield>
    </datafield>
    <datafield tag="650" ind1=" " ind2=" ">
        <subfield code="a">UNITED ARAB EMIRATES</subfield>
        <subfield code="0">(DHLAUTH)275604</subfield>
    </datafield>
    <datafield tag="650" ind1=" " ind2=" ">
        <subfield code="a">ABU DHABI (UNITED ARAB EMIRATES)</subfield>
        <subfield code="0">(DHLAUTH)276731</subfield>
    </datafield>
    <datafield tag="650" ind1=" " ind2=" ">
        <subfield code="a">INSURANCE COMPANIES</subfield>
        <subfield code="0">(DHLAUTH)270392</subfield>
    </datafield>
    <datafield tag="650" ind1=" " ind2=" ">
        <subfield code="a">TRADEMARKS</subfield>
        <subfield code="0">(DHLAUTH)271788</subfield>
    </datafield>
    <datafield tag="650" ind1=" " ind2=" ">
        <subfield code="a">COMPUTERS</subfield>
        <subfield code="0">(DHLAUTH)271865</subfield>
    </datafield>
    <datafield tag="650" ind1=" " ind2=" ">
        <subfield code="a">FOREIGN INVESTMENTS</subfield>
        <subfield code="0">(DHLAUTH)269953</subfield>
    </datafield>
    <datafield tag="650" ind1=" " ind2=" ">
        <subfield code="a">ADVISORY SERVICES</subfield>
        <subfield code="0">(DHLAUTH)269860</subfield>
    </datafield>
    <datafield tag="650" ind1=" " ind2=" ">
        <subfield code="a">RECOMMENDATIONS</subfield>
        <subfield code="0">(DHLAUTH)275840</subfield>
    </datafield>
    <datafield tag="650" ind1=" " ind2=" ">
        <subfield code="a">DATA BANKS</subfield>
        <subfield code="0">(DHLAUTH)275123</subfield>
    </datafield>
    <datafield tag="650" ind1=" " ind2=" ">
        <subfield code="a">DATA PROCESSING</subfield>
        <subfield code="0">(DHLAUTH)272727</subfield>
    </datafield>
</record>
<record>
    <datafield tag="191" ind1=" " ind2=" ">
        <subfield code="a">E/ESCWA/TCD/1996/12</subfield>
    </datafield>
    <datafield tag="246" ind1=" " ind2=" ">
        <subfield code="a">تقرير عن المهمة الاستشارية الى وزارة الخارجية ابو ظبي-دولة الامارات العربية المتحدة</subfield>
    </datafield>
    <datafield tag="269" ind1=" " ind2=" ">
        <subfield code="a">19961021</subfield>
    </datafield>
    <datafield tag="650" ind1=" " ind2=" ">
        <subfield code="a">ADVISORY SERVICES</subfield>
        <subfield code="0">(DHLAUTH)269860</subfield>
    </datafield>
    <datafield tag="650" ind1=" " ind2=" ">
        <subfield code="a">FINANCIAL MANAGEMENT</subfield>
        <subfield code="0">(DHLAUTH)276641</subfield>
    </datafield>
    <datafield tag="650" ind1=" " ind2=" ">
        <subfield code="a">UNITED ARAB EMIRATES</subfield>
        <subfield code="0">(DHLAUTH)275604</subfield>
    </datafield>
    <datafield tag="650" ind1=" " ind2=" ">
        <subfield code="a">COMPUTER APPLICATIONS</subfield>
        <subfield code="0">(DHLAUTH)271864</subfield>
    </datafield>
    <datafield tag="650" ind1=" " ind2=" ">
        <subfield code="a">COMPUTER PROGRAMS</subfield>
        <subfield code="0">(DHLAUTH)275242</subfield>
    </datafield>
    <datafield tag="650" ind1=" " ind2=" ">
        <subfield code="a">ABU DHABI (UNITED ARAB EMIRATES)</subfield>
        <subfield code="0">(DHLAUTH)276731</subfield>
    </datafield>
    <datafield tag="650" ind1=" " ind2=" ">
        <subfield code="a">COMPUTERS</subfield>
        <subfield code="0">(DHLAUTH)271865</subfield>
    </datafield>
    <datafield tag="650" ind1=" " ind2=" ">
        <subfield code="a">MANPOWER</subfield>
        <subfield code="0">(DHLAUTH)273105</subfield>
    </datafield>
    <datafield tag="650" ind1=" " ind2=" ">
        <subfield code="a">ORGANIZATIONAL STRUCTURE</subfield>
        <subfield code="0">(DHLAUTH)272030</subfield>
    </datafield>
    <datafield tag="650" ind1=" " ind2=" ">
        <subfield code="a">RECOMMENDATIONS</subfield>
        <subfield code="0">(DHLAUTH)275840</subfield>
    </datafield>
    <datafield tag="650" ind1=" " ind2=" ">
        <subfield code="a">DATA PROCESSING SERVICES</subfield>
        <subfield code="0">(DHLAUTH)275236</subfield>
    </datafield>
    <datafield tag="650" ind1=" " ind2=" ">
        <subfield code="a">TECHNICAL COOPERATION</subfield>
        <subfield code="0">(DHLAUTH)268658</subfield>
    </datafield>
    <datafield tag="650" ind1=" " ind2=" ">
        <subfield code="a">PUBLIC ADMINISTRATION</subfield>
        <subfield code="0">(DHLAUTH)269881</subfield>
    </datafield>
</record>
<record>
    <datafield tag="191" ind1=" " ind2=" ">
        <subfield code="a">E/ESCWA/TCD/1996/13</subfield>
    </datafield>
    <datafield tag="246" ind1=" " ind2=" ">
        <subfield code="a">تقرير عن المهمة الاستشارية الى مدينة الملك عبد العزيز للعلوم والتقنية الرياض-المملكة العربية السعودية خلال الفترة من 12-17 تشرين الاول/اكتوبر 1996</subfield>
    </datafield>
    <datafield tag="269" ind1=" " ind2=" ">
        <subfield code="a">19961103</subfield>
    </datafield>
    <datafield tag="650" ind1=" " ind2=" ">
        <subfield code="a">ADVISORY SERVICES</subfield>
        <subfield code="0">(DHLAUTH)269860</subfield>
    </datafield>
    <datafield tag="650" ind1=" " ind2=" ">
        <subfield code="a">SAUDI ARABIA</subfield>
        <subfield code="0">(DHLAUTH)273464</subfield>
    </datafield>
    <datafield tag="650" ind1=" " ind2=" ">
        <subfield code="a">RECOMMENDATIONS</subfield>
        <subfield code="0">(DHLAUTH)275840</subfield>
    </datafield>
    <datafield tag="650" ind1=" " ind2=" ">
        <subfield code="a">DEVELOPMENT PLANNING</subfield>
        <subfield code="0">(DHLAUTH)269883</subfield>
    </datafield>
    <datafield tag="650" ind1=" " ind2=" ">
        <subfield code="a">WORK PROGRAMME</subfield>
        <subfield code="0">(DHLAUTH)275800</subfield>
    </datafield>
    <datafield tag="650" ind1=" " ind2=" ">
        <subfield code="a">SCIENCE AND TECHNOLOGY</subfield>
        <subfield code="0">(DHLAUTH)275209</subfield>
    </datafield>
    <datafield tag="650" ind1=" " ind2=" ">
        <subfield code="a">PROJECT ACTIVITIES</subfield>
        <subfield code="0">(DHLAUTH)275801</subfield>
    </datafield>
    <datafield tag="650" ind1=" " ind2=" ">
        <subfield code="a">SCIENCE AND TECHNOLOGY POLICY</subfield>
        <subfield code="0">(DHLAUTH)275207</subfield>
    </datafield>
</record>
<record>
    <datafield tag="191" ind1=" " ind2=" ">
        <subfield code="a">E/ESCWA/TCD/1996/14</subfield>
    </datafield>
    <datafield tag="245" ind1=" " ind2=" ">
        <subfield code="a">A GUIDE ASSISTANCE FOR DEVELOPMENT IN THE EARLY 1990S : INTERNATIONAL DONOR AGENCIES</subfield>
    </datafield>
    <datafield tag="269" ind1=" " ind2=" ">
        <subfield code="a">19960519</subfield>
    </datafield>
    <datafield tag="650" ind1=" " ind2=" ">
        <subfield code="a">DONOR COUNTRIES</subfield>
        <subfield code="0">(DHLAUTH)451539</subfield>
    </datafield>
    <datafield tag="650" ind1=" " ind2=" ">
        <subfield code="a">ECONOMIC DEVELOPMENT</subfield>
        <subfield code="0">(DHLAUTH)269755</subfield>
    </datafield>
    <datafield tag="650" ind1=" " ind2=" ">
        <subfield code="a">PRIVATE SECTOR</subfield>
        <subfield code="0">(DHLAUTH)269684</subfield>
    </datafield>
    <datafield tag="650" ind1=" " ind2=" ">
        <subfield code="a">WOMEN IN DEVELOPMENT</subfield>
        <subfield code="0">(DHLAUTH)269878</subfield>
    </datafield>
    <datafield tag="650" ind1=" " ind2=" ">
        <subfield code="a">POPULATION</subfield>
        <subfield code="0">(DHLAUTH)272994</subfield>
    </datafield>
    <datafield tag="650" ind1=" " ind2=" ">
        <subfield code="a">DEMOCRATIZATION</subfield>
        <subfield code="0">(DHLAUTH)276569</subfield>
    </datafield>
    <datafield tag="650" ind1=" " ind2=" ">
        <subfield code="a">HUMAN RIGHTS</subfield>
        <subfield code="0">(DHLAUTH)274431</subfield>
    </datafield>
    <datafield tag="650" ind1=" " ind2=" ">
        <subfield code="a">REGIONAL COOPERATION</subfield>
        <subfield code="0">(DHLAUTH)268656</subfield>
    </datafield>
    <datafield tag="650" ind1=" " ind2=" ">
        <subfield code="a">TECHNICAL COOPERATION</subfield>
        <subfield code="0">(DHLAUTH)268658</subfield>
    </datafield>
    <datafield tag="650" ind1=" " ind2=" ">
        <subfield code="a">PROGRAMME IMPLEMENTATION</subfield>
        <subfield code="0">(DHLAUTH)275794</subfield>
    </datafield>
    <datafield tag="650" ind1=" " ind2=" ">
        <subfield code="a">INTERNATIONAL ORGANIZATIONS</subfield>
        <subfield code="0">(DHLAUTH)268671</subfield>
    </datafield>
</record>
<record>
    <datafield tag="191" ind1=" " ind2=" ">
        <subfield code="a">E/ESCWA/TCD/1996/2</subfield>
    </datafield>
    <datafield tag="245" ind1=" " ind2=" ">
        <subfield code="a">AUDITING, INSPECTION AND REPORTING AS INSTRUMENTS FOR ENVIRONMENTAL MANAGEMENT IN LEBANON DURING THE PERIOD 24 JUNE TO 6 JULY 1996</subfield>
    </datafield>
    <datafield tag="269" ind1=" " ind2=" ">
        <subfield code="a">19960722</subfield>
    </datafield>
    <datafield tag="650" ind1=" " ind2=" ">
        <subfield code="a">AUDITING</subfield>
        <subfield code="0">(DHLAUTH)270071</subfield>
    </datafield>
    <datafield tag="650" ind1=" " ind2=" ">
        <subfield code="a">ENVIRONMENTAL MANAGEMENT</subfield>
        <subfield code="0">(DHLAUTH)270590</subfield>
    </datafield>
    <datafield tag="650" ind1=" " ind2=" ">
        <subfield code="a">LEBANON</subfield>
        <subfield code="0">(DHLAUTH)269069</subfield>
    </datafield>
    <datafield tag="650" ind1=" " ind2=" ">
        <subfield code="a">ENVIRONMENTAL IMPACT ASSESSMENT</subfield>
        <subfield code="0">(DHLAUTH)270597</subfield>
    </datafield>
    <datafield tag="650" ind1=" " ind2=" ">
        <subfield code="a">INDUSTRIAL POLLUTION</subfield>
        <subfield code="0">(DHLAUTH)270791</subfield>
    </datafield>
    <datafield tag="650" ind1=" " ind2=" ">
        <subfield code="a">SOLID WASTE MANAGEMENT</subfield>
        <subfield code="0">(DHLAUTH)270665</subfield>
    </datafield>
    <datafield tag="650" ind1=" " ind2=" ">
        <subfield code="a">GUIDELINES</subfield>
        <subfield code="0">(DHLAUTH)275775</subfield>
    </datafield>
    <datafield tag="650" ind1=" " ind2=" ">
        <subfield code="a">ADVISORY SERVICES</subfield>
        <subfield code="0">(DHLAUTH)269860</subfield>
    </datafield>
    <datafield tag="650" ind1=" " ind2=" ">
        <subfield code="a">REPORTING PROCEDURES</subfield>
        <subfield code="0">(DHLAUTH)275834</subfield>
    </datafield>
</record>
<record>
    <datafield tag="191" ind1=" " ind2=" ">
        <subfield code="a">E/ESCWA/TCD/1996/3</subfield>
    </datafield>
    <datafield tag="246" ind1=" " ind2=" ">
        <subfield code="a">تقرير عن المهمة الاستشارية الى مركز المعلومات الزراعية-وزارة الشؤون البلدية والزراعة الدوحة-دولة قطر خلال الفترة 26 ايار/مايو-2 حزيران/يوليو 1996</subfield>
    </datafield>
    <datafield tag="269" ind1=" " ind2=" ">
        <subfield code="a">19960731</subfield>
    </datafield>
    <datafield tag="650" ind1=" " ind2=" ">
        <subfield code="a">ADVISORY SERVICES</subfield>
        <subfield code="0">(DHLAUTH)269860</subfield>
    </datafield>
    <datafield tag="650" ind1=" " ind2=" ">
        <subfield code="a">QATAR</subfield>
        <subfield code="0">(DHLAUTH)275603</subfield>
    </datafield>
    <datafield tag="650" ind1=" " ind2=" ">
        <subfield code="a">DATA COLLECTION</subfield>
        <subfield code="0">(DHLAUTH)270174</subfield>
    </datafield>
    <datafield tag="650" ind1=" " ind2=" ">
        <subfield code="a">INFORMATION CENTRES</subfield>
        <subfield code="0">(DHLAUTH)275071</subfield>
    </datafield>
    <datafield tag="650" ind1=" " ind2=" ">
        <subfield code="a">INFORMATION SOURCES</subfield>
        <subfield code="0">(DHLAUTH)275147</subfield>
    </datafield>
    <datafield tag="650" ind1=" " ind2=" ">
        <subfield code="a">AGRICULTURE</subfield>
        <subfield code="0">(DHLAUTH)271335</subfield>
    </datafield>
    <datafield tag="650" ind1=" " ind2=" ">
        <subfield code="a">INFORMATION SYSTEMS</subfield>
        <subfield code="0">(DHLAUTH)272026</subfield>
    </datafield>
    <datafield tag="650" ind1=" " ind2=" ">
        <subfield code="a">RECOMMENDATIONS</subfield>
        <subfield code="0">(DHLAUTH)275840</subfield>
    </datafield>
    <datafield tag="650" ind1=" " ind2=" ">
        <subfield code="a">AGRICULTURAL PLANNING</subfield>
        <subfield code="0">(DHLAUTH)269924</subfield>
    </datafield>
    <datafield tag="650" ind1=" " ind2=" ">
        <subfield code="a">AGRICULTURAL DEVELOPMENT</subfield>
        <subfield code="0">(DHLAUTH)269917</subfield>
    </datafield>
    <datafield tag="650" ind1=" " ind2=" ">
        <subfield code="a">FIELD VISITS</subfield>
        <subfield code="0">(DHLAUTH)275795</subfield>
    </datafield>
    <datafield tag="650" ind1=" " ind2=" ">
        <subfield code="a">DATA BANKS</subfield>
        <subfield code="0">(DHLAUTH)275123</subfield>
    </datafield>
</record>
<record>
    <datafield tag="191" ind1=" " ind2=" ">
        <subfield code="a">E/ESCWA/TCD/1996/4</subfield>
    </datafield>
    <datafield tag="246" ind1=" " ind2=" ">
        <subfield code="a">تقرير عن المهمة الاستشارية لدى الجهاز المركزي للاحصاء المنامة-دولة البحرين خلال الفترة 22 تموز/يوليو-2 آب/اغسطس 1996</subfield>
    </datafield>
    <datafield tag="269" ind1=" " ind2=" ">
        <subfield code="a">19960804</subfield>
    </datafield>
    <datafield tag="650" ind1=" " ind2=" ">
        <subfield code="a">ADVISORY SERVICES</subfield>
        <subfield code="0">(DHLAUTH)269860</subfield>
    </datafield>
    <datafield tag="650" ind1=" " ind2=" ">
        <subfield code="a">BAHRAIN</subfield>
        <subfield code="0">(DHLAUTH)273274</subfield>
    </datafield>
    <datafield tag="650" ind1=" " ind2=" ">
        <subfield code="a">RECOMMENDATIONS</subfield>
        <subfield code="0">(DHLAUTH)275840</subfield>
    </datafield>
    <datafield tag="650" ind1=" " ind2=" ">
        <subfield code="a">DATA COLLECTION</subfield>
        <subfield code="0">(DHLAUTH)270174</subfield>
    </datafield>
    <datafield tag="650" ind1=" " ind2=" ">
        <subfield code="a">STATISTICAL DATA</subfield>
        <subfield code="0">(DHLAUTH)270233</subfield>
    </datafield>
    <datafield tag="650" ind1=" " ind2=" ">
        <subfield code="a">FAMILY INCOME</subfield>
        <subfield code="0">(DHLAUTH)269804</subfield>
    </datafield>
    <datafield tag="650" ind1=" " ind2=" ">
        <subfield code="a">INDEX NUMBERS</subfield>
        <subfield code="0">(DHLAUTH)269641</subfield>
    </datafield>
    <datafield tag="650" ind1=" " ind2=" ">
        <subfield code="a">HOUSEHOLD EXPENDITURES</subfield>
        <subfield code="0">(DHLAUTH)269741</subfield>
    </datafield>
</record>
<record>
    <datafield tag="191" ind1=" " ind2=" ">
        <subfield code="a">E/ESCWA/TCD/1996/5</subfield>
    </datafield>
    <datafield tag="246" ind1=" " ind2=" ">
        <subfield code="a">تقرير عن المهمة الاستشارية الى المكتب المركزي للاحصاء والمصادر الطبيعية الفلسطيني دمشق-الجمهورية العربية السورية خلال الفترة 15-22 تموز/يوليو 1996</subfield>
    </datafield>
    <datafield tag="269" ind1=" " ind2=" ">
        <subfield code="a">19960730</subfield>
    </datafield>
    <datafield tag="650" ind1=" " ind2=" ">
        <subfield code="a">ADVISORY SERVICES</subfield>
        <subfield code="0">(DHLAUTH)269860</subfield>
    </datafield>
    <datafield tag="650" ind1=" " ind2=" ">
        <subfield code="a">STATISTICAL SERVICES</subfield>
        <subfield code="0">(DHLAUTH)270225</subfield>
    </datafield>
    <datafield tag="650" ind1=" " ind2=" ">
        <subfield code="a">WESTERN ASIA</subfield>
        <subfield code="0">(DHLAUTH)275490</subfield>
    </datafield>
    <datafield tag="650" ind1=" " ind2=" ">
        <subfield code="a">SYRIAN ARAB REPUBLIC</subfield>
        <subfield code="0">(DHLAUTH)273496</subfield>
    </datafield>
    <datafield tag="650" ind1=" " ind2=" ">
        <subfield code="a">PALESTINE REFUGEES</subfield>
        <subfield code="0">(DHLAUTH)269083</subfield>
    </datafield>
    <datafield tag="650" ind1=" " ind2=" ">
        <subfield code="a">DATA PROCESSING SERVICES</subfield>
        <subfield code="0">(DHLAUTH)275236</subfield>
    </datafield>
    <datafield tag="650" ind1=" " ind2=" ">
        <subfield code="a">STATISTICAL METHODOLOGY</subfield>
        <subfield code="0">(DHLAUTH)269635</subfield>
    </datafield>
    <datafield tag="650" ind1=" " ind2=" ">
        <subfield code="a">PALESTINE</subfield>
        <subfield code="0">(DHLAUTH)277398</subfield>
    </datafield>
    <datafield tag="650" ind1=" " ind2=" ">
        <subfield code="a">REFUGEE CAMPS</subfield>
        <subfield code="0">(DHLAUTH)274386</subfield>
    </datafield>
</record>
<record>
    <datafield tag="191" ind1=" " ind2=" ">
        <subfield code="a">E/ESCWA/TCD/1996/6</subfield>
    </datafield>
    <datafield tag="246" ind1=" " ind2=" ">
        <subfield code="a">تقرير عن المهمة الاستشارية الى الجهاز المركزي للإحصاء صنعاء-الجمهورية اليمنية خلال الفترة 29 تموز/يوليو-12 اب/اغسطس 1996</subfield>
    </datafield>
    <datafield tag="269" ind1=" " ind2=" ">
        <subfield code="a">19960819</subfield>
    </datafield>
    <datafield tag="650" ind1=" " ind2=" ">
        <subfield code="a">ADVISORY SERVICES</subfield>
        <subfield code="0">(DHLAUTH)269860</subfield>
    </datafield>
    <datafield tag="650" ind1=" " ind2=" ">
        <subfield code="a">SANA'A (YEMEN)</subfield>
        <subfield code="0">(DHLAUTH)584060</subfield>
    </datafield>
    <datafield tag="650" ind1=" " ind2=" ">
        <subfield code="a">DATA PROCESSING SERVICES</subfield>
        <subfield code="0">(DHLAUTH)275236</subfield>
    </datafield>
    <datafield tag="650" ind1=" " ind2=" ">
        <subfield code="a">WESTERN ASIA</subfield>
        <subfield code="0">(DHLAUTH)275490</subfield>
    </datafield>
    <datafield tag="650" ind1=" " ind2=" ">
        <subfield code="a">STATISTICAL METHODOLOGY</subfield>
        <subfield code="0">(DHLAUTH)269635</subfield>
    </datafield>
    <datafield tag="650" ind1=" " ind2=" ">
        <subfield code="a">STATISTICAL DATA</subfield>
        <subfield code="0">(DHLAUTH)270233</subfield>
    </datafield>
    <datafield tag="650" ind1=" " ind2=" ">
        <subfield code="a">FAMILY BUDGET</subfield>
        <subfield code="0">(DHLAUTH)274124</subfield>
    </datafield>
    <datafield tag="650" ind1=" " ind2=" ">
        <subfield code="a">SOCIAL SURVEYS</subfield>
        <subfield code="0">(DHLAUTH)269794</subfield>
    </datafield>
    <datafield tag="650" ind1=" " ind2=" ">
        <subfield code="a">SAMPLE SURVEYS</subfield>
        <subfield code="0">(DHLAUTH)270182</subfield>
    </datafield>
    <datafield tag="650" ind1=" " ind2=" ">
        <subfield code="a">ECONOMIC SURVEYS</subfield>
        <subfield code="0">(DHLAUTH)269780</subfield>
    </datafield>
    <datafield tag="650" ind1=" " ind2=" ">
        <subfield code="a">RECOMMENDATIONS</subfield>
        <subfield code="0">(DHLAUTH)275840</subfield>
    </datafield>
    <datafield tag="650" ind1=" " ind2=" ">
        <subfield code="a">DATA COLLECTION</subfield>
        <subfield code="0">(DHLAUTH)270174</subfield>
    </datafield>
    <datafield tag="650" ind1=" " ind2=" ">
        <subfield code="a">ABACA</subfield>
        <subfield code="0">(DHLAUTH)271457</subfield>
    </datafield>
</record>
<record>
    <datafield tag="191" ind1=" " ind2=" ">
        <subfield code="a">E/ESCWA/TCD/1996/7</subfield>
    </datafield>
    <datafield tag="245" ind1=" " ind2=" ">
        <subfield code="a">REPORT ON MISSION TO THE ENVIRONMENTAL DEPARTMENT AT THE MINISTRY AND AGRICULTURE AFFAIRS DOHA STATE OF QATAR INSTITUTIONALIZATIONOF ENVIRONMENTAL IMPACT ASSESSMENT IN THE STATE OF QATAR DURING THE PERIOD 24 JULY-6 AUGUST 1996</subfield>
    </datafield>
    <datafield tag="269" ind1=" " ind2=" ">
        <subfield code="a">19960901</subfield>
    </datafield>
    <datafield tag="650" ind1=" " ind2=" ">
        <subfield code="a">ADVISORY SERVICES</subfield>
        <subfield code="0">(DHLAUTH)269860</subfield>
    </datafield>
    <datafield tag="650" ind1=" " ind2=" ">
        <subfield code="a">ENVIRONMENTAL IMPACT ASSESSMENT</subfield>
        <subfield code="0">(DHLAUTH)270597</subfield>
    </datafield>
    <datafield tag="650" ind1=" " ind2=" ">
        <subfield code="a">INSTITUTION BUILDING</subfield>
        <subfield code="0">(DHLAUTH)269946</subfield>
    </datafield>
    <datafield tag="650" ind1=" " ind2=" ">
        <subfield code="a">ENVIRONMENTAL POLICY</subfield>
        <subfield code="0">(DHLAUTH)269904</subfield>
    </datafield>
    <datafield tag="650" ind1=" " ind2=" ">
        <subfield code="a">RECOMMENDATIONS</subfield>
        <subfield code="0">(DHLAUTH)275840</subfield>
    </datafield>
    <datafield tag="650" ind1=" " ind2=" ">
        <subfield code="a">QATAR</subfield>
        <subfield code="0">(DHLAUTH)275603</subfield>
    </datafield>
    <datafield tag="650" ind1=" " ind2=" ">
        <subfield code="a">INDUSTRIAL PROJECTS</subfield>
        <subfield code="0">(DHLAUTH)269991</subfield>
    </datafield>
    <datafield tag="650" ind1=" " ind2=" ">
        <subfield code="a">EVALUATION RESEARCH</subfield>
        <subfield code="0">(DHLAUTH)274663</subfield>
    </datafield>
</record>
<record>
    <datafield tag="191" ind1=" " ind2=" ">
        <subfield code="a">E/ESCWA/TCD/1996/8</subfield>
    </datafield>
    <datafield tag="246" ind1=" " ind2=" ">
        <subfield code="a">تقرير عن المهمة الاستشارية لدى اللجنة الوطنية لمتابعة قضايا المراة واللجنة الاهلية لمتابعة قضايا المراة بيروت-لبنان خلال الفترة 20-22 آب/اغسطس 1996</subfield>
    </datafield>
    <datafield tag="269" ind1=" " ind2=" ">
        <subfield code="a">19960909</subfield>
    </datafield>
    <datafield tag="650" ind1=" " ind2=" ">
        <subfield code="a">ADVISORY SERVICES</subfield>
        <subfield code="0">(DHLAUTH)269860</subfield>
    </datafield>
    <datafield tag="650" ind1=" " ind2=" ">
        <subfield code="a">WOMEN</subfield>
        <subfield code="0">(DHLAUTH)273032</subfield>
    </datafield>
    <datafield tag="650" ind1=" " ind2=" ">
        <subfield code="a">RECOMMENDATIONS</subfield>
        <subfield code="0">(DHLAUTH)275840</subfield>
    </datafield>
    <datafield tag="650" ind1=" " ind2=" ">
        <subfield code="a">LEBANON</subfield>
        <subfield code="0">(DHLAUTH)269069</subfield>
    </datafield>
    <datafield tag="650" ind1=" " ind2=" ">
        <subfield code="a">WORK PROGRAMME</subfield>
        <subfield code="0">(DHLAUTH)275800</subfield>
    </datafield>
</record>
<record>
    <datafield tag="191" ind1=" " ind2=" ">
        <subfield code="a">E/ESCWA/TCD/1996/9</subfield>
    </datafield>
    <datafield tag="246" ind1=" " ind2=" ">
        <subfield code="a">تقرير عن المهمة الاستشارية الى المكتب المركزي للاحصاء والمصادر الطبيعية الفلسطيني دمشق-الجمهورية العربية السورية</subfield>
    </datafield>
    <datafield tag="269" ind1=" " ind2=" ">
        <subfield code="a">19960915</subfield>
    </datafield>
    <datafield tag="650" ind1=" " ind2=" ">
        <subfield code="a">SYRIAN ARAB REPUBLIC</subfield>
        <subfield code="0">(DHLAUTH)273496</subfield>
    </datafield>
    <datafield tag="650" ind1=" " ind2=" ">
        <subfield code="a">ADVISORY SERVICES</subfield>
        <subfield code="0">(DHLAUTH)269860</subfield>
    </datafield>
    <datafield tag="650" ind1=" " ind2=" ">
        <subfield code="a">PALESTINE REFUGEES</subfield>
        <subfield code="0">(DHLAUTH)269083</subfield>
    </datafield>
    <datafield tag="650" ind1=" " ind2=" ">
        <subfield code="a">REFUGEE CAMPS</subfield>
        <subfield code="0">(DHLAUTH)274386</subfield>
    </datafield>
    <datafield tag="650" ind1=" " ind2=" ">
        <subfield code="a">EDUCATION</subfield>
        <subfield code="0">(DHLAUTH)268926</subfield>
    </datafield>
    <datafield tag="650" ind1=" " ind2=" ">
        <subfield code="a">CHILD CARE</subfield>
        <subfield code="0">(DHLAUTH)451600</subfield>
    </datafield>
    <datafield tag="650" ind1=" " ind2=" ">
        <subfield code="a">CONFERENCES</subfield>
        <subfield code="0">(DHLAUTH)275758</subfield>
    </datafield>
    <datafield tag="650" ind1=" " ind2=" ">
        <subfield code="a">RECOMMENDATIONS</subfield>
        <subfield code="0">(DHLAUTH)275840</subfield>
    </datafield>
    <datafield tag="650" ind1=" " ind2=" ">
        <subfield code="a">STATISTICAL METHODOLOGY</subfield>
        <subfield code="0">(DHLAUTH)269635</subfield>
    </datafield>
    <datafield tag="650" ind1=" " ind2=" ">
        <subfield code="a">EVALUATION</subfield>
        <subfield code="0">(DHLAUTH)269588</subfield>
    </datafield>
</record>
<record>
    <datafield tag="191" ind1=" " ind2=" ">
        <subfield code="a">E/ESCWA/TCD/1997/1</subfield>
    </datafield>
    <datafield tag="246" ind1=" " ind2=" ">
        <subfield code="a">تقرير عن المهمة الاستشارية الى وكالة الوزارة للشئون الفنية - وزارة الشئون البلدية والقروية الرياض - المملكة العربية السعودية </subfield>
    </datafield>
    <datafield tag="269" ind1=" " ind2=" ">
        <subfield code="a">19970312</subfield>
    </datafield>
    <datafield tag="650" ind1=" " ind2=" ">
        <subfield code="a">ADVISORY SERVICES</subfield>
        <subfield code="0">(DHLAUTH)269860</subfield>
    </datafield>
    <datafield tag="650" ind1=" " ind2=" ">
        <subfield code="a">SAUDI ARABIA</subfield>
        <subfield code="0">(DHLAUTH)273464</subfield>
    </datafield>
    <datafield tag="650" ind1=" " ind2=" ">
        <subfield code="a">RECOMMENDATIONS</subfield>
        <subfield code="0">(DHLAUTH)275840</subfield>
    </datafield>
    <datafield tag="650" ind1=" " ind2=" ">
        <subfield code="a">DATA PROCESSING</subfield>
        <subfield code="0">(DHLAUTH)272727</subfield>
    </datafield>
    <datafield tag="650" ind1=" " ind2=" ">
        <subfield code="a">PROGRAMME IMPLEMENTATION</subfield>
        <subfield code="0">(DHLAUTH)275794</subfield>
    </datafield>
    <datafield tag="650" ind1=" " ind2=" ">
        <subfield code="a">DATA COLLECTION</subfield>
        <subfield code="0">(DHLAUTH)270174</subfield>
    </datafield>
    <datafield tag="650" ind1=" " ind2=" ">
        <subfield code="a">DATA PROCESSING SERVICES</subfield>
        <subfield code="0">(DHLAUTH)275236</subfield>
    </datafield>
    <datafield tag="650" ind1=" " ind2=" ">
        <subfield code="a">STATISTICAL METHODOLOGY</subfield>
        <subfield code="0">(DHLAUTH)269635</subfield>
    </datafield>
    <datafield tag="650" ind1=" " ind2=" ">
        <subfield code="a">TECHNICAL COOPERATION</subfield>
        <subfield code="0">(DHLAUTH)268658</subfield>
    </datafield>
</record>
<record>
    <datafield tag="191" ind1=" " ind2=" ">
        <subfield code="a">E/ESCWA/TCD/1997/10</subfield>
    </datafield>
    <datafield tag="246" ind1=" " ind2=" ">
        <subfield code="a">تقرير عن المهمة الاستشارية الى جمهورية العراق خلال الفترة 24 تشرين الثاني/نوفمبر - 2 كانون الاول/ديسمبر 1996 </subfield>
    </datafield>
    <datafield tag="269" ind1=" " ind2=" ">
        <subfield code="a">19970429</subfield>
    </datafield>
    <datafield tag="650" ind1=" " ind2=" ">
        <subfield code="a">IRAQ</subfield>
        <subfield code="0">(DHLAUTH)273370</subfield>
    </datafield>
    <datafield tag="650" ind1=" " ind2=" ">
        <subfield code="a">HUMAN DEVELOPMENT</subfield>
        <subfield code="0">(DHLAUTH)276688</subfield>
    </datafield>
    <datafield tag="650" ind1=" " ind2=" ">
        <subfield code="a">SUSTAINABLE DEVELOPMENT</subfield>
        <subfield code="0">(DHLAUTH)269920</subfield>
    </datafield>
    <datafield tag="650" ind1=" " ind2=" ">
        <subfield code="a">ARAB COUNTRIES</subfield>
        <subfield code="0">(DHLAUTH)268705</subfield>
    </datafield>
    <datafield tag="650" ind1=" " ind2=" ">
        <subfield code="a">DEVELOPMENT ASSISTANCE</subfield>
        <subfield code="0">(DHLAUTH)268659</subfield>
    </datafield>
</record>
<record>
    <datafield tag="191" ind1=" " ind2=" ">
        <subfield code="a">E/ESCWA/TCD/1997/11</subfield>
    </datafield>
    <datafield tag="246" ind1=" " ind2=" ">
        <subfield code="a">تقرير عن المهمة الاستشارية الى الجمهورية اليمنية خلال الفترة 30 اذار/مارس - 4 نيسان/ابريل 1997</subfield>
    </datafield>
    <datafield tag="269" ind1=" " ind2=" ">
        <subfield code="a">19970429</subfield>
    </datafield>
    <datafield tag="650" ind1=" " ind2=" ">
        <subfield code="a">YEMEN</subfield>
        <subfield code="0">(DHLAUTH)273521</subfield>
    </datafield>
    <datafield tag="650" ind1=" " ind2=" ">
        <subfield code="a">HUMAN DEVELOPMENT</subfield>
        <subfield code="0">(DHLAUTH)276688</subfield>
    </datafield>
    <datafield tag="650" ind1=" " ind2=" ">
        <subfield code="a">SUSTAINABLE DEVELOPMENT</subfield>
        <subfield code="0">(DHLAUTH)269920</subfield>
    </datafield>
    <datafield tag="650" ind1=" " ind2=" ">
        <subfield code="a">TECHNICAL COOPERATION</subfield>
        <subfield code="0">(DHLAUTH)268658</subfield>
    </datafield>
    <datafield tag="650" ind1=" " ind2=" ">
        <subfield code="a">ARAB COUNTRIES</subfield>
        <subfield code="0">(DHLAUTH)268705</subfield>
    </datafield>
</record>
<record>
    <datafield tag="191" ind1=" " ind2=" ">
        <subfield code="a">E/ESCWA/TCD/1997/12</subfield>
    </datafield>
    <datafield tag="246" ind1=" " ind2=" ">
        <subfield code="a">تقرير عن المهمة الاستشارية الى مجلس حماية البيئة في الجمهورية اليمنية حول اقامة منطقة صناعية بالمكلا في محافظة حضرموت خلال الفترة 16-29 كانون الاول/ديسمبر 1996</subfield>
    </datafield>
    <datafield tag="269" ind1=" " ind2=" ">
        <subfield code="a">19970423</subfield>
    </datafield>
    <datafield tag="650" ind1=" " ind2=" ">
        <subfield code="a">YEMEN</subfield>
        <subfield code="0">(DHLAUTH)273521</subfield>
    </datafield>
    <datafield tag="650" ind1=" " ind2=" ">
        <subfield code="a">WESTERN ASIA</subfield>
        <subfield code="0">(DHLAUTH)275490</subfield>
    </datafield>
    <datafield tag="650" ind1=" " ind2=" ">
        <subfield code="a">INDUSTRIAL AREAS</subfield>
        <subfield code="0">(DHLAUTH)273548</subfield>
    </datafield>
    <datafield tag="650" ind1=" " ind2=" ">
        <subfield code="a">INDUSTRIAL DEVELOPMENT</subfield>
        <subfield code="0">(DHLAUTH)269918</subfield>
    </datafield>
    <datafield tag="650" ind1=" " ind2=" ">
        <subfield code="a">STUDY TOURS</subfield>
        <subfield code="0">(DHLAUTH)477682</subfield>
    </datafield>
    <datafield tag="650" ind1=" " ind2=" ">
        <subfield code="a">ENVIRONMENTAL IMPACT ASSESSMENT</subfield>
        <subfield code="0">(DHLAUTH)270597</subfield>
    </datafield>
</record>
<record>
    <datafield tag="191" ind1=" " ind2=" ">
        <subfield code="a">E/ESCWA/TCD/1997/13</subfield>
    </datafield>
    <datafield tag="246" ind1=" " ind2=" ">
        <subfield code="a">التقرير التقصيلي حول دراسة خطط الابحاث في مركز الاختبارات والبحوث الصناعية في الجمهورية العربية السورية</subfield>
    </datafield>
    <datafield tag="269" ind1=" " ind2=" ">
        <subfield code="a">19970511</subfield>
    </datafield>
    <datafield tag="650" ind1=" " ind2=" ">
        <subfield code="a">WATER RESOURCES</subfield>
        <subfield code="0">(DHLAUTH)270568</subfield>
    </datafield>
    <datafield tag="650" ind1=" " ind2=" ">
        <subfield code="a">HUMAN RESOURCES</subfield>
        <subfield code="0">(DHLAUTH)270571</subfield>
    </datafield>
    <datafield tag="650" ind1=" " ind2=" ">
        <subfield code="a">INDUSTRIAL RESEARCH</subfield>
        <subfield code="0">(DHLAUTH)271219</subfield>
    </datafield>
</record>
<record>
    <datafield tag="191" ind1=" " ind2=" ">
        <subfield code="a">E/ESCWA/TCD/1997/14</subfield>
    </datafield>
    <datafield tag="246" ind1=" " ind2=" ">
        <subfield code="a">تقرير عن المهمة الاستشارية الى مركز البحوث المائية/وزارة الري الجمهورية العربية السورية حول تقديم مشورة فنية في عدد من مشاريع تطوير واستثمار المياه السطحية الجوفية خلال الفترة 14-26 اذار/مارس 1997 </subfield>
    </datafield>
    <datafield tag="269" ind1=" " ind2=" ">
        <subfield code="a">19970511</subfield>
    </datafield>
    <datafield tag="650" ind1=" " ind2=" ">
        <subfield code="a">GROUNDWATER</subfield>
        <subfield code="0">(DHLAUTH)270891</subfield>
    </datafield>
    <datafield tag="650" ind1=" " ind2=" ">
        <subfield code="a">INVESTMENTS</subfield>
        <subfield code="0">(DHLAUTH)269859</subfield>
    </datafield>
</record>
<record>
    <datafield tag="191" ind1=" " ind2=" ">
        <subfield code="a">E/ESCWA/TCD/1997/15</subfield>
    </datafield>
    <datafield tag="246" ind1=" " ind2=" ">
        <subfield code="a">تقرير عن المهمة الاستشارية الى المديرية العامة للاحصاءات الاقتصادية وزارة التنمية مسقط-سلطنة عمان خلال الفترة 31 اذار/مارس - 14 نيسان/ابريل 1997 </subfield>
    </datafield>
    <datafield tag="269" ind1=" " ind2=" ">
        <subfield code="a">19970511</subfield>
    </datafield>
    <datafield tag="650" ind1=" " ind2=" ">
        <subfield code="a">VOCATIONAL REHABILITATION</subfield>
        <subfield code="0">(DHLAUTH)273789</subfield>
    </datafield>
    <datafield tag="650" ind1=" " ind2=" ">
        <subfield code="a">NATIONAL ACCOUNTS</subfield>
        <subfield code="0">(DHLAUTH)269651</subfield>
    </datafield>
    <datafield tag="650" ind1=" " ind2=" ">
        <subfield code="a">ECONOMIC SURVEYS</subfield>
        <subfield code="0">(DHLAUTH)269780</subfield>
    </datafield>
    <datafield tag="650" ind1=" " ind2=" ">
        <subfield code="a">WAGES</subfield>
        <subfield code="0">(DHLAUTH)269809</subfield>
    </datafield>
</record>
<record>
    <datafield tag="191" ind1=" " ind2=" ">
        <subfield code="a">E/ESCWA/TCD/1997/16</subfield>
    </datafield>
    <datafield tag="246" ind1=" " ind2=" ">
        <subfield code="a">تقرير عن المهمة الاستشارية الى وزارة الكهرباء والماء في دولة قطر خلال الفترة 2-11 اذار/مارس 1997</subfield>
    </datafield>
    <datafield tag="269" ind1=" " ind2=" ">
        <subfield code="a">19970523</subfield>
    </datafield>
    <datafield tag="650" ind1=" " ind2=" ">
        <subfield code="a">QATAR</subfield>
        <subfield code="0">(DHLAUTH)275603</subfield>
    </datafield>
    <datafield tag="650" ind1=" " ind2=" ">
        <subfield code="a">ELECTRICITY</subfield>
        <subfield code="0">(DHLAUTH)271193</subfield>
    </datafield>
    <datafield tag="650" ind1=" " ind2=" ">
        <subfield code="a">DRINKING WATER</subfield>
        <subfield code="0">(DHLAUTH)270884</subfield>
    </datafield>
</record>
<record>
    <datafield tag="191" ind1=" " ind2=" ">
        <subfield code="a">E/ESCWA/TCD/1997/17</subfield>
    </datafield>
    <datafield tag="246" ind1=" " ind2=" ">
        <subfield code="a">تقرير عن المهمة الاستشارية الى المكتب التنفيذي لمجلس وزراء العمل والشؤون الاجتماعية بدول مجلس التعاون لدول الخليج العربية حول مشروع اعداد ادلة لتحسين مستوى الاداء ورفع الكفاءة الانتاجية في قطاع الصناعة التحويلية لدول مجلس التعاون الخليجي خلال الفترة 12-16 نيسان/ابري 1997</subfield>
    </datafield>
    <datafield tag="269" ind1=" " ind2=" ">
        <subfield code="a">19970523</subfield>
    </datafield>
    <datafield tag="650" ind1=" " ind2=" ">
        <subfield code="a">ADVISORY SERVICES</subfield>
        <subfield code="0">(DHLAUTH)269860</subfield>
    </datafield>
    <datafield tag="650" ind1=" " ind2=" ">
        <subfield code="a">INDUSTRIAL PROJECTS</subfield>
        <subfield code="0">(DHLAUTH)269991</subfield>
    </datafield>
    <datafield tag="650" ind1=" " ind2=" ">
        <subfield code="a">MANUFACTURING</subfield>
        <subfield code="0">(DHLAUTH)271821</subfield>
    </datafield>
    <datafield tag="650" ind1=" " ind2=" ">
        <subfield code="a">MANUALS</subfield>
        <subfield code="0">(DHLAUTH)274980</subfield>
    </datafield>
</record>
<record>
    <datafield tag="191" ind1=" " ind2=" ">
        <subfield code="a">E/ESCWA/TCD/1997/18</subfield>
    </datafield>
    <datafield tag="246" ind1=" " ind2=" ">
        <subfield code="a">تقرير عن المهمة الاستشارية الى دائرة التخطيط-امارة ابوظبي-ابوظبي-دولة الامارات العربية المتحدة خلال الفترة 9-23كانون الاول/ديسمبر 1996 الموافق : 28 رجب-13 شعبان 1417ه</subfield>
    </datafield>
    <datafield tag="269" ind1=" " ind2=" ">
        <subfield code="a">19970523</subfield>
    </datafield>
    <datafield tag="650" ind1=" " ind2=" ">
        <subfield code="a">ABU DHABI (UNITED ARAB EMIRATES)</subfield>
        <subfield code="0">(DHLAUTH)276731</subfield>
    </datafield>
    <datafield tag="650" ind1=" " ind2=" ">
        <subfield code="a">STATISTICAL METHODOLOGY</subfield>
        <subfield code="0">(DHLAUTH)269635</subfield>
    </datafield>
    <datafield tag="650" ind1=" " ind2=" ">
        <subfield code="a">FAMILY BUDGET</subfield>
        <subfield code="0">(DHLAUTH)274124</subfield>
    </datafield>
    <datafield tag="650" ind1=" " ind2=" ">
        <subfield code="a">TUNNELS</subfield>
        <subfield code="0">(DHLAUTH)272282</subfield>
    </datafield>
</record>
<record>
    <datafield tag="191" ind1=" " ind2=" ">
        <subfield code="a">E/ESCWA/TCD/1997/19</subfield>
    </datafield>
    <datafield tag="246" ind1=" " ind2=" ">
        <subfield code="a">تقرير عن المهمة الاستشارية الى وزارة المالية والاقتصاد الوطني المنامة-دولة البحرين خلال الفترة 18 (ايار/مايو) - 28/5/1997</subfield>
    </datafield>
    <datafield tag="269" ind1=" " ind2=" ">
        <subfield code="a">19970602</subfield>
    </datafield>
    <datafield tag="650" ind1=" " ind2=" ">
        <subfield code="a">NATIONAL ACCOUNTS</subfield>
        <subfield code="0">(DHLAUTH)269651</subfield>
    </datafield>
    <datafield tag="650" ind1=" " ind2=" ">
        <subfield code="a">ECONOMIC STATISTICS</subfield>
        <subfield code="0">(DHLAUTH)269633</subfield>
    </datafield>
    <datafield tag="650" ind1=" " ind2=" ">
        <subfield code="a">COMPUTER PROGRAMS</subfield>
        <subfield code="0">(DHLAUTH)275242</subfield>
    </datafield>
</record>
<record>
    <datafield tag="191" ind1=" " ind2=" ">
        <subfield code="a">E/ESCWA/TCD/1997/2</subfield>
    </datafield>
    <datafield tag="246" ind1=" " ind2=" ">
        <subfield code="a">تقرير عن المهمة الاستشارية الى مركز المعلومات والتوثيق - وزارة التنمية مسقط - سلطنة عمان خلال الفترة 12-25 تشرين الثاني/نوفمبر 1996 م الموافق 1-14 رجب 1417 ه</subfield>
    </datafield>
    <datafield tag="269" ind1=" " ind2=" ">
        <subfield code="a">19970317</subfield>
    </datafield>
    <datafield tag="650" ind1=" " ind2=" ">
        <subfield code="a">WESTERN ASIA</subfield>
        <subfield code="0">(DHLAUTH)275490</subfield>
    </datafield>
    <datafield tag="650" ind1=" " ind2=" ">
        <subfield code="a">INFORMATION EXCHANGE</subfield>
        <subfield code="0">(DHLAUTH)275144</subfield>
    </datafield>
    <datafield tag="650" ind1=" " ind2=" ">
        <subfield code="a">TECHNICAL COOPERATION</subfield>
        <subfield code="0">(DHLAUTH)268658</subfield>
    </datafield>
    <datafield tag="650" ind1=" " ind2=" ">
        <subfield code="a">DATABASE MANAGEMENT</subfield>
        <subfield code="0">(DHLAUTH)275255</subfield>
    </datafield>
</record>
<record>
    <datafield tag="191" ind1=" " ind2=" ">
        <subfield code="a">E/ESCWA/TCD/1997/20</subfield>
    </datafield>
    <datafield tag="245" ind1=" " ind2=" ">
        <subfield code="a">REPORT ON MISSION TO METEOROLOGICAL ENVIRONMENTAL PROTECTION ADMINISTRATION THE KINGDOM OF SAUDI ARABIA "THE MINISTRY OF DEFENSE" A PARTICIPATORY APPROACH FOR THE IMPLEMENTATION OF EIA POLICIES IN THE KINGDOM OF SAUDI ARABIA DURING THE PERIOD 14 TO 24 MAY 1997</subfield>
    </datafield>
    <datafield tag="269" ind1=" " ind2=" ">
        <subfield code="a">19970605</subfield>
    </datafield>
    <datafield tag="650" ind1=" " ind2=" ">
        <subfield code="a">SAUDI ARABIA</subfield>
        <subfield code="0">(DHLAUTH)273464</subfield>
    </datafield>
    <datafield tag="650" ind1=" " ind2=" ">
        <subfield code="a">ENVIRONMENTAL POLICY</subfield>
        <subfield code="0">(DHLAUTH)269904</subfield>
    </datafield>
    <datafield tag="650" ind1=" " ind2=" ">
        <subfield code="a">SUSTAINABLE DEVELOPMENT</subfield>
        <subfield code="0">(DHLAUTH)269920</subfield>
    </datafield>
    <datafield tag="650" ind1=" " ind2=" ">
        <subfield code="a">ENVIRONMENTAL MANAGEMENT</subfield>
        <subfield code="0">(DHLAUTH)270590</subfield>
    </datafield>
</record>
<record>
    <datafield tag="191" ind1=" " ind2=" ">
        <subfield code="a">E/ESCWA/TCD/1997/21</subfield>
    </datafield>
    <datafield tag="246" ind1=" " ind2=" ">
        <subfield code="a">تقرير عن المهمة الاستشارية الى حكومة الفجيرة-الامارات العربية المتحدة خلال الفترة 23-29 ايار/مايو 1997</subfield>
    </datafield>
    <datafield tag="269" ind1=" " ind2=" ">
        <subfield code="a">19970610</subfield>
    </datafield>
    <datafield tag="650" ind1=" " ind2=" ">
        <subfield code="a">ADVISORY SERVICES</subfield>
        <subfield code="0">(DHLAUTH)269860</subfield>
    </datafield>
    <datafield tag="650" ind1=" " ind2=" ">
        <subfield code="a">UNITED ARAB EMIRATES</subfield>
        <subfield code="0">(DHLAUTH)275604</subfield>
    </datafield>
    <datafield tag="650" ind1=" " ind2=" ">
        <subfield code="a">WESTERN ASIA</subfield>
        <subfield code="0">(DHLAUTH)275490</subfield>
    </datafield>
    <datafield tag="650" ind1=" " ind2=" ">
        <subfield code="a">RECOMMENDATIONS</subfield>
        <subfield code="0">(DHLAUTH)275840</subfield>
    </datafield>
</record>
<record>
    <datafield tag="191" ind1=" " ind2=" ">
        <subfield code="a">E/ESCWA/TCD/1997/22</subfield>
    </datafield>
    <datafield tag="246" ind1=" " ind2=" ">
        <subfield code="a">تقرير عن المهمة الاستشارية الى دولة قطر خلال الفترة 8-13 ايار/مايو 1997</subfield>
    </datafield>
    <datafield tag="269" ind1=" " ind2=" ">
        <subfield code="a">19970616</subfield>
    </datafield>
    <datafield tag="650" ind1=" " ind2=" ">
        <subfield code="a">QATAR</subfield>
        <subfield code="0">(DHLAUTH)275603</subfield>
    </datafield>
    <datafield tag="650" ind1=" " ind2=" ">
        <subfield code="a">SOCIAL DEVELOPMENT</subfield>
        <subfield code="0">(DHLAUTH)269873</subfield>
    </datafield>
    <datafield tag="650" ind1=" " ind2=" ">
        <subfield code="a">PUBLIC ADMINISTRATION</subfield>
        <subfield code="0">(DHLAUTH)269881</subfield>
    </datafield>
    <datafield tag="650" ind1=" " ind2=" ">
        <subfield code="a">NON-GOVERNMENTAL ORGANIZATIONS</subfield>
        <subfield code="0">(DHLAUTH)268665</subfield>
    </datafield>
    <datafield tag="650" ind1=" " ind2=" ">
        <subfield code="a">WESTERN ASIA</subfield>
        <subfield code="0">(DHLAUTH)275490</subfield>
    </datafield>
</record>
<record>
    <datafield tag="191" ind1=" " ind2=" ">
        <subfield code="a">E/ESCWA/TCD/1997/23</subfield>
    </datafield>
    <datafield tag="245" ind1=" " ind2=" ">
        <subfield code="a">ADVICE TO THE WATER AUTHORITY OF JORDAN ON REQUIREMENTS FOR TECHNICAL UPGRADING OF THE REGIONAL ISOTOPE LABORATORY</subfield>
    </datafield>
    <datafield tag="269" ind1=" " ind2=" ">
        <subfield code="a">19970629</subfield>
    </datafield>
    <datafield tag="650" ind1=" " ind2=" ">
        <subfield code="a">ISOTOPES</subfield>
        <subfield code="0">(DHLAUTH)271103</subfield>
    </datafield>
    <datafield tag="650" ind1=" " ind2=" ">
        <subfield code="a">JORDAN</subfield>
        <subfield code="0">(DHLAUTH)269099</subfield>
    </datafield>
    <datafield tag="650" ind1=" " ind2=" ">
        <subfield code="a">HYDROLOGY</subfield>
        <subfield code="0">(DHLAUTH)270513</subfield>
    </datafield>
    <datafield tag="650" ind1=" " ind2=" ">
        <subfield code="a">GROUNDWATER</subfield>
        <subfield code="0">(DHLAUTH)270891</subfield>
    </datafield>
    <datafield tag="650" ind1=" " ind2=" ">
        <subfield code="a">RAINWATER</subfield>
        <subfield code="0">(DHLAUTH)270900</subfield>
    </datafield>
    <datafield tag="650" ind1=" " ind2=" ">
        <subfield code="a">NORTH AFRICA</subfield>
        <subfield code="0">(DHLAUTH)273434</subfield>
    </datafield>
    <datafield tag="650" ind1=" " ind2=" ">
        <subfield code="a">MEDITERRANEAN REGION</subfield>
        <subfield code="0">(DHLAUTH)275466</subfield>
    </datafield>
    <datafield tag="650" ind1=" " ind2=" ">
        <subfield code="a">ARCHAEOLOGY</subfield>
        <subfield code="0">(DHLAUTH)269095</subfield>
    </datafield>
</record>
<record>
    <datafield tag="191" ind1=" " ind2=" ">
        <subfield code="a">E/ESCWA/TCD/1997/24</subfield>
    </datafield>
    <datafield tag="246" ind1=" " ind2=" ">
        <subfield code="a">البيانات الشخصية للمستشارين الاقليمين لدى الاسكوا = CURRICULA VITAE OF ESCWA REGIONAL ADVISERS 1997</subfield>
    </datafield>
    <datafield tag="269" ind1=" " ind2=" ">
        <subfield code="a">19970630</subfield>
    </datafield>
    <datafield tag="650" ind1=" " ind2=" ">
        <subfield code="a">WESTERN ASIA</subfield>
        <subfield code="0">(DHLAUTH)275490</subfield>
    </datafield>
    <datafield tag="650" ind1=" " ind2=" ">
        <subfield code="a">BIOGRAPHY</subfield>
        <subfield code="0">(DHLAUTH)11614</subfield>
    </datafield>
</record>
<record>
    <datafield tag="191" ind1=" " ind2=" ">
        <subfield code="a">E/ESCWA/TCD/1997/25</subfield>
    </datafield>
    <datafield tag="246" ind1=" " ind2=" ">
        <subfield code="a">تقرير عن المهمة الاستشارية الى المكتب المركزي للاحصاء والمصادر الطبيعية الفلسطيني دمشق - الجمهورية العربية السورية خلال الفترة 27 ايار/ مايو - 4 حزيران/يونيو 1997 </subfield>
    </datafield>
    <datafield tag="269" ind1=" " ind2=" ">
        <subfield code="a">19970729</subfield>
    </datafield>
    <datafield tag="650" ind1=" " ind2=" ">
        <subfield code="a">STATISTICAL DATA</subfield>
        <subfield code="0">(DHLAUTH)270233</subfield>
    </datafield>
    <datafield tag="650" ind1=" " ind2=" ">
        <subfield code="a">DATA PROCESSING</subfield>
        <subfield code="0">(DHLAUTH)272727</subfield>
    </datafield>
    <datafield tag="650" ind1=" " ind2=" ">
        <subfield code="a">REFUGEE CAMPS</subfield>
        <subfield code="0">(DHLAUTH)274386</subfield>
    </datafield>
    <datafield tag="650" ind1=" " ind2=" ">
        <subfield code="a">SYRIAN ARAB REPUBLIC</subfield>
        <subfield code="0">(DHLAUTH)273496</subfield>
    </datafield>
    <datafield tag="650" ind1=" " ind2=" ">
        <subfield code="a">LEBANON</subfield>
        <subfield code="0">(DHLAUTH)269069</subfield>
    </datafield>
    <datafield tag="650" ind1=" " ind2=" ">
        <subfield code="a">SOCIAL SURVEYS</subfield>
        <subfield code="0">(DHLAUTH)269794</subfield>
    </datafield>
    <datafield tag="650" ind1=" " ind2=" ">
        <subfield code="a">POPULATION SURVEYS</subfield>
        <subfield code="0">(DHLAUTH)272991</subfield>
    </datafield>
</record>
<record>
    <datafield tag="191" ind1=" " ind2=" ">
        <subfield code="a">E/ESCWA/TCD/1997/26</subfield>
    </datafield>
    <datafield tag="246" ind1=" " ind2=" ">
        <subfield code="a">تقرير عن المهمة الاستشارية الى الشعبة الاحصائية بدائرة التخطيط امارة ابوظبي-دولة الامارات العربية المتحدة خلال الفترة 15-29 حزيران/يونيو 1997 </subfield>
    </datafield>
    <datafield tag="269" ind1=" " ind2=" ">
        <subfield code="a">19970729</subfield>
    </datafield>
    <datafield tag="650" ind1=" " ind2=" ">
        <subfield code="a">STATISTICAL DATA</subfield>
        <subfield code="0">(DHLAUTH)270233</subfield>
    </datafield>
    <datafield tag="650" ind1=" " ind2=" ">
        <subfield code="a">DATA PROCESSING</subfield>
        <subfield code="0">(DHLAUTH)272727</subfield>
    </datafield>
    <datafield tag="650" ind1=" " ind2=" ">
        <subfield code="a">FAMILY BUDGET</subfield>
        <subfield code="0">(DHLAUTH)274124</subfield>
    </datafield>
    <datafield tag="650" ind1=" " ind2=" ">
        <subfield code="a">SOCIO-ECONOMIC INDICATORS</subfield>
        <subfield code="0">(DHLAUTH)269759</subfield>
    </datafield>
    <datafield tag="650" ind1=" " ind2=" ">
        <subfield code="a">TUNNELS</subfield>
        <subfield code="0">(DHLAUTH)272282</subfield>
    </datafield>
    <datafield tag="650" ind1=" " ind2=" ">
        <subfield code="a">FAMILY INCOME</subfield>
        <subfield code="0">(DHLAUTH)269804</subfield>
    </datafield>
</record>
<record>
    <datafield tag="191" ind1=" " ind2=" ">
        <subfield code="a">E/ESCWA/TCD/1997/27</subfield>
    </datafield>
    <datafield tag="246" ind1=" " ind2=" ">
        <subfield code="a">تقرير عن المهمة الاستشارية الى دائرة التخطيط (الشعبة الاحصائية) امارة ابوظبي-دولة الامارات العربية المتحدة خلال الفترة من19-26 حزيران/يونيو 1997 </subfield>
    </datafield>
    <datafield tag="269" ind1=" " ind2=" ">
        <subfield code="a">19970730</subfield>
    </datafield>
    <datafield tag="650" ind1=" " ind2=" ">
        <subfield code="a">STATISTICAL DATA</subfield>
        <subfield code="0">(DHLAUTH)270233</subfield>
    </datafield>
    <datafield tag="650" ind1=" " ind2=" ">
        <subfield code="a">DATA PROCESSING</subfield>
        <subfield code="0">(DHLAUTH)272727</subfield>
    </datafield>
    <datafield tag="650" ind1=" " ind2=" ">
        <subfield code="a">ABU DHABI (UNITED ARAB EMIRATES)</subfield>
        <subfield code="0">(DHLAUTH)276731</subfield>
    </datafield>
    <datafield tag="650" ind1=" " ind2=" ">
        <subfield code="a">INDUSTRIAL SURVEYS</subfield>
        <subfield code="0">(DHLAUTH)271831</subfield>
    </datafield>
    <datafield tag="650" ind1=" " ind2=" ">
        <subfield code="a">ECONOMIC ANALYSIS</subfield>
        <subfield code="0">(DHLAUTH)269649</subfield>
    </datafield>
    <datafield tag="650" ind1=" " ind2=" ">
        <subfield code="a">HOTELS</subfield>
        <subfield code="0">(DHLAUTH)272214</subfield>
    </datafield>
    <datafield tag="650" ind1=" " ind2=" ">
        <subfield code="a">INSURANCE COMPANIES</subfield>
        <subfield code="0">(DHLAUTH)270392</subfield>
    </datafield>
</record>
<record>
    <datafield tag="191" ind1=" " ind2=" ">
        <subfield code="a">E/ESCWA/TCD/1997/28</subfield>
    </datafield>
    <datafield tag="246" ind1=" " ind2=" ">
        <subfield code="a">تقرير عن المهمة الاستشارية الى  المكتب المركزي للاحصاء دمشق-الجمهورية العربية السورية خلال الفترة من 3-10 تموز/يوليو 1997</subfield>
    </datafield>
    <datafield tag="269" ind1=" " ind2=" ">
        <subfield code="a">19970803</subfield>
    </datafield>
    <datafield tag="650" ind1=" " ind2=" ">
        <subfield code="a">DAMASCUS (SYRIAN ARAB REPUBLIC)</subfield>
        <subfield code="0">(DHLAUTH)276957</subfield>
    </datafield>
    <datafield tag="650" ind1=" " ind2=" ">
        <subfield code="a">ECONOMIC STATISTICS</subfield>
        <subfield code="0">(DHLAUTH)269633</subfield>
    </datafield>
    <datafield tag="650" ind1=" " ind2=" ">
        <subfield code="a">NATIONAL ACCOUNTS</subfield>
        <subfield code="0">(DHLAUTH)269651</subfield>
    </datafield>
    <datafield tag="650" ind1=" " ind2=" ">
        <subfield code="a">INSURANCE</subfield>
        <subfield code="0">(DHLAUTH)270382</subfield>
    </datafield>
</record>
<record>
    <datafield tag="191" ind1=" " ind2=" ">
        <subfield code="a">E/ESCWA/TCD/1997/32</subfield>
    </datafield>
    <datafield tag="245" ind1=" " ind2=" ">
        <subfield code="a">REPORT ON MISSION TO THE SYRIAN ARAB REPUBLIC DURING THE PERIOD 10-20 JUNE 1997: HYDROGEOLOGIC ADVICE TO ICARDA ON SUSTAINABLE AGRICULTURAL GROUNDWATER MANAGEMENT IN DRY AREAS</subfield>
    </datafield>
    <datafield tag="269" ind1=" " ind2=" ">
        <subfield code="a">19970921</subfield>
    </datafield>
    <datafield tag="650" ind1=" " ind2=" ">
        <subfield code="a">GEOLOGY</subfield>
        <subfield code="0">(DHLAUTH)270511</subfield>
    </datafield>
    <datafield tag="650" ind1=" " ind2=" ">
        <subfield code="a">AQUIFERS</subfield>
        <subfield code="0">(DHLAUTH)270896</subfield>
    </datafield>
    <datafield tag="650" ind1=" " ind2=" ">
        <subfield code="a">ADVISORY SERVICES</subfield>
        <subfield code="0">(DHLAUTH)269860</subfield>
    </datafield>
    <datafield tag="650" ind1=" " ind2=" ">
        <subfield code="a">GROUNDWATER</subfield>
        <subfield code="0">(DHLAUTH)270891</subfield>
    </datafield>
    <datafield tag="650" ind1=" " ind2=" ">
        <subfield code="a">SYRIAN ARAB REPUBLIC</subfield>
        <subfield code="0">(DHLAUTH)273496</subfield>
    </datafield>
    <datafield tag="650" ind1=" " ind2=" ">
        <subfield code="a">RECOMMENDATIONS</subfield>
        <subfield code="0">(DHLAUTH)275840</subfield>
    </datafield>
    <datafield tag="650" ind1=" " ind2=" ">
        <subfield code="a">WATER MANAGEMENT</subfield>
        <subfield code="0">(DHLAUTH)270919</subfield>
    </datafield>
    <datafield tag="650" ind1=" " ind2=" ">
        <subfield code="a">ARID ZONES</subfield>
        <subfield code="0">(DHLAUTH)270705</subfield>
    </datafield>
    <datafield tag="650" ind1=" " ind2=" ">
        <subfield code="a">WESTERN ASIA</subfield>
        <subfield code="0">(DHLAUTH)275490</subfield>
    </datafield>
</record>
<record>
    <datafield tag="191" ind1=" " ind2=" ">
        <subfield code="a">E/ESCWA/TCD/1997/35</subfield>
    </datafield>
    <datafield tag="245" ind1=" " ind2=" ">
        <subfield code="a">CONSULTANCY MISSION IN STATISTICAL DATA PROCESSING FAO PROJECT : AGRICULTURAL BASELINE DATA COLLECTION OSRO/IRQ/610/DHA DURING 20 AUGUST - 7 SEPTEMBER 1997</subfield>
    </datafield>
    <datafield tag="269" ind1=" " ind2=" ">
        <subfield code="a">19971104</subfield>
    </datafield>
    <datafield tag="650" ind1=" " ind2=" ">
        <subfield code="a">WESTERN ASIA</subfield>
        <subfield code="0">(DHLAUTH)275490</subfield>
    </datafield>
    <datafield tag="650" ind1=" " ind2=" ">
        <subfield code="a">HOUSEHOLD SURVEYS</subfield>
        <subfield code="0">(DHLAUTH)270181</subfield>
    </datafield>
    <datafield tag="650" ind1=" " ind2=" ">
        <subfield code="a">AGRICULTURAL STATISTICS</subfield>
        <subfield code="0">(DHLAUTH)270191</subfield>
    </datafield>
</record>
<record>
    <datafield tag="191" ind1=" " ind2=" ">
        <subfield code="a">E/ESCWA/TCD/1997/37</subfield>
    </datafield>
    <datafield tag="246" ind1=" " ind2=" ">
        <subfield code="a">تقرير عن المهمة الاستشارية الى مصلحة الاحصاءات العامة الرياض, المملكة العربية السعودية خلال الفترة 1-15 ايلول / سبتمبر 1997</subfield>
    </datafield>
    <datafield tag="269" ind1=" " ind2=" ">
        <subfield code="a">19971023</subfield>
    </datafield>
    <datafield tag="650" ind1=" " ind2=" ">
        <subfield code="a">ADVISORY SERVICES</subfield>
        <subfield code="0">(DHLAUTH)269860</subfield>
    </datafield>
    <datafield tag="650" ind1=" " ind2=" ">
        <subfield code="a">SAUDI ARABIA</subfield>
        <subfield code="0">(DHLAUTH)273464</subfield>
    </datafield>
    <datafield tag="650" ind1=" " ind2=" ">
        <subfield code="a">NATIONAL ACCOUNTS</subfield>
        <subfield code="0">(DHLAUTH)269651</subfield>
    </datafield>
    <datafield tag="650" ind1=" " ind2=" ">
        <subfield code="a">DATA COLLECTION</subfield>
        <subfield code="0">(DHLAUTH)270174</subfield>
    </datafield>
    <datafield tag="650" ind1=" " ind2=" ">
        <subfield code="a">INSURANCE</subfield>
        <subfield code="0">(DHLAUTH)270382</subfield>
    </datafield>
</record>
<record>
    <datafield tag="191" ind1=" " ind2=" ">
        <subfield code="a">E/ESCWA/TCD/1997/4</subfield>
    </datafield>
    <datafield tag="245" ind1=" " ind2=" ">
        <subfield code="a">COOPERATION AMONG DEVELOPING COUNTRIES AND REGIONAL ORGANIZATIONS</subfield>
    </datafield>
    <datafield tag="246" ind1=" " ind2=" ">
        <subfield code="a">التعاون فيما بين البلدان النامية والمنظمات الاقليمية</subfield>
    </datafield>
    <datafield tag="269" ind1=" " ind2=" ">
        <subfield code="a">19970319</subfield>
    </datafield>
    <datafield tag="650" ind1=" " ind2=" ">
        <subfield code="a">TECHNICAL COOPERATION AMONG DEVELOPING COUNTRIES</subfield>
        <subfield code="0">(DHLAUTH)269848</subfield>
    </datafield>
    <datafield tag="650" ind1=" " ind2=" ">
        <subfield code="a">REGIONAL ORGANIZATIONS</subfield>
        <subfield code="0">(DHLAUTH)268718</subfield>
    </datafield>
    <datafield tag="650" ind1=" " ind2=" ">
        <subfield code="a">WESTERN ASIA</subfield>
        <subfield code="0">(DHLAUTH)275490</subfield>
    </datafield>
    <datafield tag="650" ind1=" " ind2=" ">
        <subfield code="a">ECONOMIC COOPERATION</subfield>
        <subfield code="0">(DHLAUTH)268654</subfield>
    </datafield>
</record>
<record>
    <datafield tag="191" ind1=" " ind2=" ">
        <subfield code="a">E/ESCWA/TCD/1997/5</subfield>
    </datafield>
    <datafield tag="245" ind1=" " ind2=" ">
        <subfield code="a">HARMONIZATION OF ENVIRONMENTAL IMPACT ASSESSMENT IN THE UNITED ARAB EMIRATES DURING THE PERIOD 17 FEBRUARY TO 3 MARCH 1997</subfield>
    </datafield>
    <datafield tag="269" ind1=" " ind2=" ">
        <subfield code="a">19970407</subfield>
    </datafield>
    <datafield tag="650" ind1=" " ind2=" ">
        <subfield code="a">ENVIRONMENTAL IMPACT ASSESSMENT</subfield>
        <subfield code="0">(DHLAUTH)270597</subfield>
    </datafield>
    <datafield tag="650" ind1=" " ind2=" ">
        <subfield code="a">UNITED ARAB EMIRATES</subfield>
        <subfield code="0">(DHLAUTH)275604</subfield>
    </datafield>
    <datafield tag="650" ind1=" " ind2=" ">
        <subfield code="a">ABU DHABI (UNITED ARAB EMIRATES)</subfield>
        <subfield code="0">(DHLAUTH)276731</subfield>
    </datafield>
    <datafield tag="650" ind1=" " ind2=" ">
        <subfield code="a">ENVIRONMENTAL POLICY</subfield>
        <subfield code="0">(DHLAUTH)269904</subfield>
    </datafield>
</record>
<record>
    <datafield tag="191" ind1=" " ind2=" ">
        <subfield code="a">E/ESCWA/TCD/1997/6</subfield>
    </datafield>
    <datafield tag="245" ind1=" " ind2=" ">
        <subfield code="a">ADVISORY SERVICES TO THE MINISTRY OF AGRICULTURE AND FISHERIES, UNITED ARAB EMIRATES</subfield>
    </datafield>
    <datafield tag="269" ind1=" " ind2=" ">
        <subfield code="a">19970423</subfield>
    </datafield>
    <datafield tag="650" ind1=" " ind2=" ">
        <subfield code="a">AGRICULTURE</subfield>
        <subfield code="0">(DHLAUTH)271335</subfield>
    </datafield>
    <datafield tag="650" ind1=" " ind2=" ">
        <subfield code="a">FUJAIRAH (UNITED ARAB EMIRATES)</subfield>
        <subfield code="0">(DHLAUTH)599967</subfield>
    </datafield>
    <datafield tag="650" ind1=" " ind2=" ">
        <subfield code="a">UNITED ARAB EMIRATES</subfield>
        <subfield code="0">(DHLAUTH)275604</subfield>
    </datafield>
    <datafield tag="650" ind1=" " ind2=" ">
        <subfield code="a">FISHERIES</subfield>
        <subfield code="0">(DHLAUTH)269560</subfield>
    </datafield>
    <datafield tag="650" ind1=" " ind2=" ">
        <subfield code="a">ADVISORY SERVICES</subfield>
        <subfield code="0">(DHLAUTH)269860</subfield>
    </datafield>
</record>
<record>
    <datafield tag="191" ind1=" " ind2=" ">
        <subfield code="a">E/ESCWA/TCD/1997/7</subfield>
    </datafield>
    <datafield tag="246" ind1=" " ind2=" ">
        <subfield code="a">تقرير عن المهمة الاستشارية الى وزارة الطاقة والثروة المعدنية بالمملكة الاردنية الهاشمية</subfield>
    </datafield>
    <datafield tag="269" ind1=" " ind2=" ">
        <subfield code="a">19970423</subfield>
    </datafield>
    <datafield tag="650" ind1=" " ind2=" ">
        <subfield code="a">JORDAN</subfield>
        <subfield code="0">(DHLAUTH)269099</subfield>
    </datafield>
    <datafield tag="650" ind1=" " ind2=" ">
        <subfield code="a">ENERGY STATISTICS</subfield>
        <subfield code="0">(DHLAUTH)270192</subfield>
    </datafield>
    <datafield tag="650" ind1=" " ind2=" ">
        <subfield code="a">ENERGY CONSUMPTION</subfield>
        <subfield code="0">(DHLAUTH)269578</subfield>
    </datafield>
    <datafield tag="650" ind1=" " ind2=" ">
        <subfield code="a">TECHNICAL COOPERATION</subfield>
        <subfield code="0">(DHLAUTH)268658</subfield>
    </datafield>
    <datafield tag="650" ind1=" " ind2=" ">
        <subfield code="a">WESTERN ASIA</subfield>
        <subfield code="0">(DHLAUTH)275490</subfield>
    </datafield>
    <datafield tag="650" ind1=" " ind2=" ">
        <subfield code="a">MINERAL RESOURCES</subfield>
        <subfield code="0">(DHLAUTH)270562</subfield>
    </datafield>
    <datafield tag="650" ind1=" " ind2=" ">
        <subfield code="a">HOUSING</subfield>
        <subfield code="0">(DHLAUTH)272289</subfield>
    </datafield>
</record>
<record>
    <datafield tag="191" ind1=" " ind2=" ">
        <subfield code="a">E/ESCWA/TCD/1997/8</subfield>
    </datafield>
    <datafield tag="246" ind1=" " ind2=" ">
        <subfield code="a">تقرير عن المهمة الاستشارية الى وزارة الشؤون الاجتماعية الجمهورية اللبنانية خلال الفترة 30 كانون الثاني/يناير - 8 شباط/فبراير 1997</subfield>
    </datafield>
    <datafield tag="269" ind1=" " ind2=" ">
        <subfield code="a">19970429</subfield>
    </datafield>
    <datafield tag="650" ind1=" " ind2=" ">
        <subfield code="a">PROJECT ACTIVITIES</subfield>
        <subfield code="0">(DHLAUTH)275801</subfield>
    </datafield>
</record>
<record>
    <datafield tag="191" ind1=" " ind2=" ">
        <subfield code="a">E/ESCWA/TCD/1997/9</subfield>
    </datafield>
    <datafield tag="246" ind1=" " ind2=" ">
        <subfield code="a">تقرير عن المهمة الاستشارية الى الجمهورية اليمنية / جامعة عدن خلال الفترة 4-8 نيسان/ابريل 1997</subfield>
    </datafield>
    <datafield tag="269" ind1=" " ind2=" ">
        <subfield code="a">19970429</subfield>
    </datafield>
    <datafield tag="650" ind1=" " ind2=" ">
        <subfield code="a">YEMEN</subfield>
        <subfield code="0">(DHLAUTH)273521</subfield>
    </datafield>
    <datafield tag="650" ind1=" " ind2=" ">
        <subfield code="a">SCIENTIFIC RESEARCH</subfield>
        <subfield code="0">(DHLAUTH)270603</subfield>
    </datafield>
    <datafield tag="650" ind1=" " ind2=" ">
        <subfield code="a">WOMEN</subfield>
        <subfield code="0">(DHLAUTH)273032</subfield>
    </datafield>
    <datafield tag="650" ind1=" " ind2=" ">
        <subfield code="a">SOCIAL DEVELOPMENT</subfield>
        <subfield code="0">(DHLAUTH)269873</subfield>
    </datafield>
    <datafield tag="650" ind1=" " ind2=" ">
        <subfield code="a">TECHNICAL COOPERATION</subfield>
        <subfield code="0">(DHLAUTH)268658</subfield>
    </datafield>
</record>
<record>
    <datafield tag="191" ind1=" " ind2=" ">
        <subfield code="a">E/ESCWA/TCD/1998/1</subfield>
    </datafield>
    <datafield tag="246" ind1=" " ind2=" ">
        <subfield code="a">تقرير عن المهمة الاستشارية الى المكتب المركزي للاحصاء والمصادر الطبيعية الفلسطيني دمشق, الجمهورية العربية السورية</subfield>
    </datafield>
    <datafield tag="269" ind1=" " ind2=" ">
        <subfield code="a">19980217</subfield>
    </datafield>
    <datafield tag="650" ind1=" " ind2=" ">
        <subfield code="a">STATISTICAL METHODOLOGY</subfield>
        <subfield code="0">(DHLAUTH)269635</subfield>
    </datafield>
    <datafield tag="650" ind1=" " ind2=" ">
        <subfield code="a">ADVISORY SERVICES</subfield>
        <subfield code="0">(DHLAUTH)269860</subfield>
    </datafield>
    <datafield tag="650" ind1=" " ind2=" ">
        <subfield code="a">DAMASCUS (SYRIAN ARAB REPUBLIC)</subfield>
        <subfield code="0">(DHLAUTH)276957</subfield>
    </datafield>
    <datafield tag="650" ind1=" " ind2=" ">
        <subfield code="a">WESTERN ASIA</subfield>
        <subfield code="0">(DHLAUTH)275490</subfield>
    </datafield>
    <datafield tag="650" ind1=" " ind2=" ">
        <subfield code="a">PALESTINE REFUGEES</subfield>
        <subfield code="0">(DHLAUTH)269083</subfield>
    </datafield>
    <datafield tag="650" ind1=" " ind2=" ">
        <subfield code="a">REFUGEE CAMPS</subfield>
        <subfield code="0">(DHLAUTH)274386</subfield>
    </datafield>
    <datafield tag="650" ind1=" " ind2=" ">
        <subfield code="a">INFORMATION SYSTEMS</subfield>
        <subfield code="0">(DHLAUTH)272026</subfield>
    </datafield>
    <datafield tag="650" ind1=" " ind2=" ">
        <subfield code="a">INFORMATION NETWORKS</subfield>
        <subfield code="0">(DHLAUTH)272733</subfield>
    </datafield>
    <datafield tag="650" ind1=" " ind2=" ">
        <subfield code="a">MANPOWER</subfield>
        <subfield code="0">(DHLAUTH)273105</subfield>
    </datafield>
    <datafield tag="650" ind1=" " ind2=" ">
        <subfield code="a">VOCATIONAL TRAINING</subfield>
        <subfield code="0">(DHLAUTH)271390</subfield>
    </datafield>
    <datafield tag="650" ind1=" " ind2=" ">
        <subfield code="a">RECOMMENDATIONS</subfield>
        <subfield code="0">(DHLAUTH)275840</subfield>
    </datafield>
</record>
<record>
    <datafield tag="191" ind1=" " ind2=" ">
        <subfield code="a">E/ESCWA/TCD/1998/10</subfield>
    </datafield>
    <datafield tag="246" ind1=" " ind2=" ">
        <subfield code="a">تقرير عن المهمة الاستشارية الى مصلحة الاحصاءات العامة الرياض المملكة العربية السعودية</subfield>
    </datafield>
    <datafield tag="269" ind1=" " ind2=" ">
        <subfield code="a">19980430</subfield>
    </datafield>
    <datafield tag="650" ind1=" " ind2=" ">
        <subfield code="a">ECONOMIC STATISTICS</subfield>
        <subfield code="0">(DHLAUTH)269633</subfield>
    </datafield>
    <datafield tag="650" ind1=" " ind2=" ">
        <subfield code="a">ADVISORY SERVICES</subfield>
        <subfield code="0">(DHLAUTH)269860</subfield>
    </datafield>
    <datafield tag="650" ind1=" " ind2=" ">
        <subfield code="a">STATISTICAL DATA</subfield>
        <subfield code="0">(DHLAUTH)270233</subfield>
    </datafield>
    <datafield tag="650" ind1=" " ind2=" ">
        <subfield code="a">SAUDI ARABIA</subfield>
        <subfield code="0">(DHLAUTH)273464</subfield>
    </datafield>
    <datafield tag="650" ind1=" " ind2=" ">
        <subfield code="a">DATABASES</subfield>
        <subfield code="0">(DHLAUTH)275124</subfield>
    </datafield>
    <datafield tag="650" ind1=" " ind2=" ">
        <subfield code="a">NATIONAL ACCOUNTS</subfield>
        <subfield code="0">(DHLAUTH)269651</subfield>
    </datafield>
    <datafield tag="650" ind1=" " ind2=" ">
        <subfield code="a">MODEL FORMS</subfield>
        <subfield code="0">(DHLAUTH)269304</subfield>
    </datafield>
    <datafield tag="650" ind1=" " ind2=" ">
        <subfield code="a">STATISTICAL SERVICES</subfield>
        <subfield code="0">(DHLAUTH)270225</subfield>
    </datafield>
    <datafield tag="650" ind1=" " ind2=" ">
        <subfield code="a">MANPOWER</subfield>
        <subfield code="0">(DHLAUTH)273105</subfield>
    </datafield>
    <datafield tag="650" ind1=" " ind2=" ">
        <subfield code="a">NATIONAL INCOME</subfield>
        <subfield code="0">(DHLAUTH)269803</subfield>
    </datafield>
</record>
<record>
    <datafield tag="191" ind1=" " ind2=" ">
        <subfield code="a">E/ESCWA/TCD/1998/11</subfield>
    </datafield>
    <datafield tag="246" ind1=" " ind2=" ">
        <subfield code="a">تقرير عن المهمة لدى وزارة التجارة دولة البحرين </subfield>
    </datafield>
    <datafield tag="269" ind1=" " ind2=" ">
        <subfield code="a">19980430</subfield>
    </datafield>
    <datafield tag="650" ind1=" " ind2=" ">
        <subfield code="a">STATISTICAL CLASSIFICATIONS</subfield>
        <subfield code="0">(DHLAUTH)270220</subfield>
    </datafield>
    <datafield tag="650" ind1=" " ind2=" ">
        <subfield code="a">RECOMMENDATIONS</subfield>
        <subfield code="0">(DHLAUTH)275840</subfield>
    </datafield>
    <datafield tag="650" ind1=" " ind2=" ">
        <subfield code="a">BAHRAIN</subfield>
        <subfield code="0">(DHLAUTH)273274</subfield>
    </datafield>
</record>
<record>
    <datafield tag="191" ind1=" " ind2=" ">
        <subfield code="a">E/ESCWA/TCD/1998/12</subfield>
    </datafield>
    <datafield tag="245" ind1=" " ind2=" ">
        <subfield code="a">MANAGEMENT PROCEDURES FOR ENVIRONMENTAL IMPACT ASSESSMENT IN THE STATE OF KUWAIT DURING THE PERIOD 10 TO 24 MARCH 1998</subfield>
    </datafield>
    <datafield tag="269" ind1=" " ind2=" ">
        <subfield code="a">19980423</subfield>
    </datafield>
    <datafield tag="650" ind1=" " ind2=" ">
        <subfield code="a">ENVIRONMENTAL IMPACT ASSESSMENT</subfield>
        <subfield code="0">(DHLAUTH)270597</subfield>
    </datafield>
    <datafield tag="650" ind1=" " ind2=" ">
        <subfield code="a">KUWAIT</subfield>
        <subfield code="0">(DHLAUTH)273384</subfield>
    </datafield>
    <datafield tag="650" ind1=" " ind2=" ">
        <subfield code="a">ENVIRONMENTAL STANDARDS</subfield>
        <subfield code="0">(DHLAUTH)276590</subfield>
    </datafield>
    <datafield tag="650" ind1=" " ind2=" ">
        <subfield code="a">ENVIRONMENTAL MANAGEMENT</subfield>
        <subfield code="0">(DHLAUTH)270590</subfield>
    </datafield>
    <datafield tag="650" ind1=" " ind2=" ">
        <subfield code="a">RECOMMENDATIONS</subfield>
        <subfield code="0">(DHLAUTH)275840</subfield>
    </datafield>
    <datafield tag="650" ind1=" " ind2=" ">
        <subfield code="a">CAPACITY BUILDING</subfield>
        <subfield code="0">(DHLAUTH)276636</subfield>
    </datafield>
    <datafield tag="650" ind1=" " ind2=" ">
        <subfield code="a">ENVIRONMENTAL PROTECTION</subfield>
        <subfield code="0">(DHLAUTH)270598</subfield>
    </datafield>
</record>
<record>
    <datafield tag="191" ind1=" " ind2=" ">
        <subfield code="a">E/ESCWA/TCD/1998/13</subfield>
    </datafield>
    <datafield tag="245" ind1=" " ind2=" ">
        <subfield code="a">STRENGTHENING THE ENVIRONMENTAL MANAGEMENT SYSTEM AT IRBID MUNICIPALITY</subfield>
    </datafield>
    <datafield tag="269" ind1=" " ind2=" ">
        <subfield code="a">19980424</subfield>
    </datafield>
    <datafield tag="650" ind1=" " ind2=" ">
        <subfield code="a">JORDAN</subfield>
        <subfield code="0">(DHLAUTH)269099</subfield>
    </datafield>
    <datafield tag="650" ind1=" " ind2=" ">
        <subfield code="a">IRBID (JORDAN)</subfield>
        <subfield code="0">(DHLAUTH)585729</subfield>
    </datafield>
    <datafield tag="650" ind1=" " ind2=" ">
        <subfield code="a">ENVIRONMENTAL IMPACT ASSESSMENT</subfield>
        <subfield code="0">(DHLAUTH)270597</subfield>
    </datafield>
    <datafield tag="650" ind1=" " ind2=" ">
        <subfield code="a">ENVIRONMENTAL PROTECTION</subfield>
        <subfield code="0">(DHLAUTH)270598</subfield>
    </datafield>
    <datafield tag="650" ind1=" " ind2=" ">
        <subfield code="a">ENVIRONMENTAL MANAGEMENT</subfield>
        <subfield code="0">(DHLAUTH)270590</subfield>
    </datafield>
    <datafield tag="650" ind1=" " ind2=" ">
        <subfield code="a">SEWAGE DISPOSAL</subfield>
        <subfield code="0">(DHLAUTH)270838</subfield>
    </datafield>
    <datafield tag="650" ind1=" " ind2=" ">
        <subfield code="a">INDUSTRIAL WASTES</subfield>
        <subfield code="0">(DHLAUTH)270803</subfield>
    </datafield>
    <datafield tag="650" ind1=" " ind2=" ">
        <subfield code="a">POPULATION CONTROL</subfield>
        <subfield code="0">(DHLAUTH)273014</subfield>
    </datafield>
    <datafield tag="650" ind1=" " ind2=" ">
        <subfield code="a">ADVISORY SERVICES</subfield>
        <subfield code="0">(DHLAUTH)269860</subfield>
    </datafield>
    <datafield tag="650" ind1=" " ind2=" ">
        <subfield code="a">ORGANIZATIONAL STRUCTURE</subfield>
        <subfield code="0">(DHLAUTH)272030</subfield>
    </datafield>
</record>
<record>
    <datafield tag="191" ind1=" " ind2=" ">
        <subfield code="a">E/ESCWA/TCD/1998/14</subfield>
    </datafield>
    <datafield tag="246" ind1=" " ind2=" ">
        <subfield code="a">تقرير عن المهمة الاستشارية الى وزارة موارد المياه في سلطنة عمان خلال الفترة 5-19 شباط/فبراير 1998 والماءية وزارة الشؤون البلدية والزراعة الدوحة-دولة قطر </subfield>
    </datafield>
    <datafield tag="269" ind1=" " ind2=" ">
        <subfield code="a">19980508</subfield>
    </datafield>
    <datafield tag="650" ind1=" " ind2=" ">
        <subfield code="a">ADVISORY SERVICES</subfield>
        <subfield code="0">(DHLAUTH)269860</subfield>
    </datafield>
    <datafield tag="650" ind1=" " ind2=" ">
        <subfield code="a">GROUNDWATER</subfield>
        <subfield code="0">(DHLAUTH)270891</subfield>
    </datafield>
    <datafield tag="650" ind1=" " ind2=" ">
        <subfield code="a">AGRICULTURE</subfield>
        <subfield code="0">(DHLAUTH)271335</subfield>
    </datafield>
    <datafield tag="650" ind1=" " ind2=" ">
        <subfield code="a">SPECIFICATIONS</subfield>
        <subfield code="0">(DHLAUTH)271958</subfield>
    </datafield>
    <datafield tag="650" ind1=" " ind2=" ">
        <subfield code="a">SUSTAINABLE DEVELOPMENT</subfield>
        <subfield code="0">(DHLAUTH)269920</subfield>
    </datafield>
    <datafield tag="650" ind1=" " ind2=" ">
        <subfield code="a">AGRICULTURAL DEVELOPMENT</subfield>
        <subfield code="0">(DHLAUTH)269917</subfield>
    </datafield>
    <datafield tag="650" ind1=" " ind2=" ">
        <subfield code="a">WORK PROGRAMME</subfield>
        <subfield code="0">(DHLAUTH)275800</subfield>
    </datafield>
    <datafield tag="650" ind1=" " ind2=" ">
        <subfield code="a">IRRIGATION</subfield>
        <subfield code="0">(DHLAUTH)270872</subfield>
    </datafield>
    <datafield tag="650" ind1=" " ind2=" ">
        <subfield code="a">NATURAL RESOURCES POLICY</subfield>
        <subfield code="0">(DHLAUTH)269922</subfield>
    </datafield>
    <datafield tag="650" ind1=" " ind2=" ">
        <subfield code="a">ASSOCIATIONS</subfield>
        <subfield code="0">(DHLAUTH)270121</subfield>
    </datafield>
    <datafield tag="650" ind1=" " ind2=" ">
        <subfield code="a">WATER MANAGEMENT</subfield>
        <subfield code="0">(DHLAUTH)270919</subfield>
    </datafield>
</record>
<record>
    <datafield tag="191" ind1=" " ind2=" ">
        <subfield code="a">E/ESCWA/TCD/1998/15</subfield>
    </datafield>
    <datafield tag="246" ind1=" " ind2=" ">
        <subfield code="a">تقرير عن المهمة الاستشارية الى ادارة التعداد والاحصاءات السكانية قطاع الاحصاء والمعلومات, وزارة التخطيط دولة الكويت</subfield>
    </datafield>
    <datafield tag="269" ind1=" " ind2=" ">
        <subfield code="a">19980601</subfield>
    </datafield>
    <datafield tag="650" ind1=" " ind2=" ">
        <subfield code="a">STATISTICAL METHODOLOGY</subfield>
        <subfield code="0">(DHLAUTH)269635</subfield>
    </datafield>
    <datafield tag="650" ind1=" " ind2=" ">
        <subfield code="a">POPULATION SURVEYS</subfield>
        <subfield code="0">(DHLAUTH)272991</subfield>
    </datafield>
    <datafield tag="650" ind1=" " ind2=" ">
        <subfield code="a">FAMILY BUDGET</subfield>
        <subfield code="0">(DHLAUTH)274124</subfield>
    </datafield>
    <datafield tag="650" ind1=" " ind2=" ">
        <subfield code="a">MODEL FORMS</subfield>
        <subfield code="0">(DHLAUTH)269304</subfield>
    </datafield>
    <datafield tag="650" ind1=" " ind2=" ">
        <subfield code="a">KUWAIT</subfield>
        <subfield code="0">(DHLAUTH)273384</subfield>
    </datafield>
    <datafield tag="650" ind1=" " ind2=" ">
        <subfield code="a">RECOMMENDATIONS</subfield>
        <subfield code="0">(DHLAUTH)275840</subfield>
    </datafield>
    <datafield tag="650" ind1=" " ind2=" ">
        <subfield code="a">STATISTICAL DATA</subfield>
        <subfield code="0">(DHLAUTH)270233</subfield>
    </datafield>
    <datafield tag="650" ind1=" " ind2=" ">
        <subfield code="a">ADVISORY SERVICES</subfield>
        <subfield code="0">(DHLAUTH)269860</subfield>
    </datafield>
</record>
<record>
    <datafield tag="191" ind1=" " ind2=" ">
        <subfield code="a">E/ESCWA/TCD/1998/16</subfield>
    </datafield>
    <datafield tag="246" ind1=" " ind2=" ">
        <subfield code="a">تقرير عن المهمة الاستشارية الى قسم الاقتصاد والاحصاء الزراعي-ادارة البحوث الزراعية والماءية وزارة الشؤون البلدية والزراعة الدوحة-دولة قطر </subfield>
    </datafield>
    <datafield tag="269" ind1=" " ind2=" ">
        <subfield code="a">19980601</subfield>
    </datafield>
    <datafield tag="650" ind1=" " ind2=" ">
        <subfield code="a">ADVISORY SERVICES</subfield>
        <subfield code="0">(DHLAUTH)269860</subfield>
    </datafield>
    <datafield tag="650" ind1=" " ind2=" ">
        <subfield code="a">QATAR</subfield>
        <subfield code="0">(DHLAUTH)275603</subfield>
    </datafield>
    <datafield tag="650" ind1=" " ind2=" ">
        <subfield code="a">AGRICULTURAL STATISTICS</subfield>
        <subfield code="0">(DHLAUTH)270191</subfield>
    </datafield>
    <datafield tag="650" ind1=" " ind2=" ">
        <subfield code="a">AGRICULTURAL RESEARCH</subfield>
        <subfield code="0">(DHLAUTH)271350</subfield>
    </datafield>
    <datafield tag="650" ind1=" " ind2=" ">
        <subfield code="a">URBAN AREAS</subfield>
        <subfield code="0">(DHLAUTH)271447</subfield>
    </datafield>
    <datafield tag="650" ind1=" " ind2=" ">
        <subfield code="a">GEOGRAPHIC INFORMATION SYSTEMS</subfield>
        <subfield code="0">(DHLAUTH)270489</subfield>
    </datafield>
    <datafield tag="650" ind1=" " ind2=" ">
        <subfield code="a">FISH PRODUCTION</subfield>
        <subfield code="0">(DHLAUTH)271367</subfield>
    </datafield>
    <datafield tag="650" ind1=" " ind2=" ">
        <subfield code="a">RECOMMENDATIONS</subfield>
        <subfield code="0">(DHLAUTH)275840</subfield>
    </datafield>
    <datafield tag="650" ind1=" " ind2=" ">
        <subfield code="a">AGRICULTURAL INFORMATION</subfield>
        <subfield code="0">(DHLAUTH)271351</subfield>
    </datafield>
    <datafield tag="650" ind1=" " ind2=" ">
        <subfield code="a">TECHNICAL COOPERATION</subfield>
        <subfield code="0">(DHLAUTH)268658</subfield>
    </datafield>
    <datafield tag="650" ind1=" " ind2=" ">
        <subfield code="a">AGRICULTURAL CENSUSES</subfield>
        <subfield code="0">(DHLAUTH)270175</subfield>
    </datafield>
</record>
<record>
    <datafield tag="191" ind1=" " ind2=" ">
        <subfield code="a">E/ESCWA/TCD/1998/17</subfield>
    </datafield>
    <datafield tag="246" ind1=" " ind2=" ">
        <subfield code="a">تقرير عن المهمة الاستشارية لدى وزارة العمل والشؤون الاجتماعية/صندوق الزواج دواة الامارات العربية المتحدة</subfield>
    </datafield>
    <datafield tag="269" ind1=" " ind2=" ">
        <subfield code="a">19980608</subfield>
    </datafield>
    <datafield tag="650" ind1=" " ind2=" ">
        <subfield code="a">ADVISORY SERVICES</subfield>
        <subfield code="0">(DHLAUTH)269860</subfield>
    </datafield>
    <datafield tag="650" ind1=" " ind2=" ">
        <subfield code="a">UNITED ARAB EMIRATES</subfield>
        <subfield code="0">(DHLAUTH)275604</subfield>
    </datafield>
    <datafield tag="650" ind1=" " ind2=" ">
        <subfield code="a">RECOMMENDATIONS</subfield>
        <subfield code="0">(DHLAUTH)275840</subfield>
    </datafield>
    <datafield tag="650" ind1=" " ind2=" ">
        <subfield code="a">WESTERN ASIA</subfield>
        <subfield code="0">(DHLAUTH)275490</subfield>
    </datafield>
    <datafield tag="650" ind1=" " ind2=" ">
        <subfield code="a">MANPOWER</subfield>
        <subfield code="0">(DHLAUTH)273105</subfield>
    </datafield>
    <datafield tag="650" ind1=" " ind2=" ">
        <subfield code="a">ORGANIZATIONAL STRUCTURE</subfield>
        <subfield code="0">(DHLAUTH)272030</subfield>
    </datafield>
    <datafield tag="650" ind1=" " ind2=" ">
        <subfield code="a">SOCIAL SERVICES</subfield>
        <subfield code="0">(DHLAUTH)269370</subfield>
    </datafield>
    <datafield tag="650" ind1=" " ind2=" ">
        <subfield code="a">MARRIAGE</subfield>
        <subfield code="0">(DHLAUTH)269345</subfield>
    </datafield>
    <datafield tag="650" ind1=" " ind2=" ">
        <subfield code="a">DIVORCE</subfield>
        <subfield code="0">(DHLAUTH)269292</subfield>
    </datafield>
    <datafield tag="650" ind1=" " ind2=" ">
        <subfield code="a">ACTIVITIES</subfield>
        <subfield code="0">(DHLAUTH)275823</subfield>
    </datafield>
    <datafield tag="650" ind1=" " ind2=" ">
        <subfield code="a">POPULATION ASPECTS</subfield>
        <subfield code="0">(DHLAUTH)273106</subfield>
    </datafield>
    <datafield tag="650" ind1=" " ind2=" ">
        <subfield code="a">FUNDS</subfield>
        <subfield code="0">(DHLAUTH)275772</subfield>
    </datafield>
</record>
<record>
    <datafield tag="191" ind1=" " ind2=" ">
        <subfield code="a">E/ESCWA/TCD/1998/18</subfield>
    </datafield>
    <datafield tag="246" ind1=" " ind2=" ">
        <subfield code="a">تقرير عن المهمة الاستشارية الى وزارة المالية والاقتصاد الوطني في دولة البحرين</subfield>
    </datafield>
    <datafield tag="269" ind1=" " ind2=" ">
        <subfield code="a">19980623</subfield>
    </datafield>
    <datafield tag="650" ind1=" " ind2=" ">
        <subfield code="a">ADVISORY SERVICES</subfield>
        <subfield code="0">(DHLAUTH)269860</subfield>
    </datafield>
    <datafield tag="650" ind1=" " ind2=" ">
        <subfield code="a">BAHRAIN</subfield>
        <subfield code="0">(DHLAUTH)273274</subfield>
    </datafield>
    <datafield tag="650" ind1=" " ind2=" ">
        <subfield code="a">WESTERN ASIA</subfield>
        <subfield code="0">(DHLAUTH)275490</subfield>
    </datafield>
    <datafield tag="650" ind1=" " ind2=" ">
        <subfield code="a">BALANCE OF PAYMENTS</subfield>
        <subfield code="0">(DHLAUTH)270325</subfield>
    </datafield>
    <datafield tag="650" ind1=" " ind2=" ">
        <subfield code="a">RECOMMENDATIONS</subfield>
        <subfield code="0">(DHLAUTH)275840</subfield>
    </datafield>
    <datafield tag="650" ind1=" " ind2=" ">
        <subfield code="a">NATIONAL ACCOUNTS</subfield>
        <subfield code="0">(DHLAUTH)269651</subfield>
    </datafield>
    <datafield tag="650" ind1=" " ind2=" ">
        <subfield code="a">STATISTICAL CLASSIFICATIONS</subfield>
        <subfield code="0">(DHLAUTH)270220</subfield>
    </datafield>
    <datafield tag="650" ind1=" " ind2=" ">
        <subfield code="a">INSURANCE</subfield>
        <subfield code="0">(DHLAUTH)270382</subfield>
    </datafield>
</record>
<record>
    <datafield tag="191" ind1=" " ind2=" ">
        <subfield code="a">E/ESCWA/TCD/1998/19</subfield>
    </datafield>
    <datafield tag="246" ind1=" " ind2=" ">
        <subfield code="a">تقرير عن المهمة الاستشارية الى وزارة الزراعة والثروة السمكية في دولة الامارات العربية المتحدة</subfield>
    </datafield>
    <datafield tag="269" ind1=" " ind2=" ">
        <subfield code="a">19980623</subfield>
    </datafield>
    <datafield tag="650" ind1=" " ind2=" ">
        <subfield code="a">ADVISORY SERVICES</subfield>
        <subfield code="0">(DHLAUTH)269860</subfield>
    </datafield>
    <datafield tag="650" ind1=" " ind2=" ">
        <subfield code="a">AGRICULTURE</subfield>
        <subfield code="0">(DHLAUTH)271335</subfield>
    </datafield>
    <datafield tag="650" ind1=" " ind2=" ">
        <subfield code="a">FISH PRODUCTION</subfield>
        <subfield code="0">(DHLAUTH)271367</subfield>
    </datafield>
    <datafield tag="650" ind1=" " ind2=" ">
        <subfield code="a">UNITED ARAB EMIRATES</subfield>
        <subfield code="0">(DHLAUTH)275604</subfield>
    </datafield>
    <datafield tag="650" ind1=" " ind2=" ">
        <subfield code="a">GROUNDWATER</subfield>
        <subfield code="0">(DHLAUTH)270891</subfield>
    </datafield>
    <datafield tag="650" ind1=" " ind2=" ">
        <subfield code="a">WATER RESOURCES DEVELOPMENT</subfield>
        <subfield code="0">(DHLAUTH)269975</subfield>
    </datafield>
    <datafield tag="650" ind1=" " ind2=" ">
        <subfield code="a">DAMS</subfield>
        <subfield code="0">(DHLAUTH)270769</subfield>
    </datafield>
</record>
<record>
    <datafield tag="191" ind1=" " ind2=" ">
        <subfield code="a">E/ESCWA/TCD/1998/20</subfield>
    </datafield>
    <datafield tag="246" ind1=" " ind2=" ">
        <subfield code="a">تقرير عن المهمة الاستشارية حول التصورات الاولية لمشروع تبسيط الاجراءات الجمركية وحوسبتها في الجمهورية العربية السورية</subfield>
    </datafield>
    <datafield tag="269" ind1=" " ind2=" ">
        <subfield code="a">19980623</subfield>
    </datafield>
    <datafield tag="650" ind1=" " ind2=" ">
        <subfield code="a">SYRIAN ARAB REPUBLIC</subfield>
        <subfield code="0">(DHLAUTH)273496</subfield>
    </datafield>
    <datafield tag="650" ind1=" " ind2=" ">
        <subfield code="a">ADVISORY SERVICES</subfield>
        <subfield code="0">(DHLAUTH)269860</subfield>
    </datafield>
    <datafield tag="650" ind1=" " ind2=" ">
        <subfield code="a">RECOMMENDATIONS</subfield>
        <subfield code="0">(DHLAUTH)275840</subfield>
    </datafield>
    <datafield tag="650" ind1=" " ind2=" ">
        <subfield code="a">TECHNICAL COOPERATION</subfield>
        <subfield code="0">(DHLAUTH)268658</subfield>
    </datafield>
    <datafield tag="650" ind1=" " ind2=" ">
        <subfield code="a">CUSTOMS FORMALITIES</subfield>
        <subfield code="0">(DHLAUTH)272900</subfield>
    </datafield>
    <datafield tag="650" ind1=" " ind2=" ">
        <subfield code="a">TIR CARNETS</subfield>
        <subfield code="0">(DHLAUTH)451282</subfield>
    </datafield>
    <datafield tag="650" ind1=" " ind2=" ">
        <subfield code="a">TRANSPORT FACILITATION</subfield>
        <subfield code="0">(DHLAUTH)272248</subfield>
    </datafield>
    <datafield tag="650" ind1=" " ind2=" ">
        <subfield code="a">TRADE FACILITATION</subfield>
        <subfield code="0">(DHLAUTH)269534</subfield>
    </datafield>
</record>
<record>
    <datafield tag="191" ind1=" " ind2=" ">
        <subfield code="a">E/ESCWA/TCD/1998/21</subfield>
    </datafield>
    <datafield tag="246" ind1=" " ind2=" ">
        <subfield code="a">تقرير عن المهمة الاستشارية الى وزارة الاقتصاد الوطني سلطنة عمان</subfield>
    </datafield>
    <datafield tag="269" ind1=" " ind2=" ">
        <subfield code="a">19980626</subfield>
    </datafield>
    <datafield tag="650" ind1=" " ind2=" ">
        <subfield code="a">ADVISORY SERVICES</subfield>
        <subfield code="0">(DHLAUTH)269860</subfield>
    </datafield>
    <datafield tag="650" ind1=" " ind2=" ">
        <subfield code="a">FAMILY INCOME</subfield>
        <subfield code="0">(DHLAUTH)269804</subfield>
    </datafield>
    <datafield tag="650" ind1=" " ind2=" ">
        <subfield code="a">SOCIAL ACCOUNTING</subfield>
        <subfield code="0">(DHLAUTH)269818</subfield>
    </datafield>
    <datafield tag="650" ind1=" " ind2=" ">
        <subfield code="a">OMAN</subfield>
        <subfield code="0">(DHLAUTH)273438</subfield>
    </datafield>
    <datafield tag="650" ind1=" " ind2=" ">
        <subfield code="a">TUNNELS</subfield>
        <subfield code="0">(DHLAUTH)272282</subfield>
    </datafield>
    <datafield tag="650" ind1=" " ind2=" ">
        <subfield code="a">COMMODITY PRICES</subfield>
        <subfield code="0">(DHLAUTH)271366</subfield>
    </datafield>
    <datafield tag="650" ind1=" " ind2=" ">
        <subfield code="a">INDEX NUMBERS</subfield>
        <subfield code="0">(DHLAUTH)269641</subfield>
    </datafield>
    <datafield tag="650" ind1=" " ind2=" ">
        <subfield code="a">DATA COLLECTION</subfield>
        <subfield code="0">(DHLAUTH)270174</subfield>
    </datafield>
</record>
<record>
    <datafield tag="191" ind1=" " ind2=" ">
        <subfield code="a">E/ESCWA/TCD/1998/22</subfield>
    </datafield>
    <datafield tag="246" ind1=" " ind2=" ">
        <subfield code="a">تقرير عن المهمة الاستشارية الى المكتب المركزي للاحصاء والمصادر الطبيعية الفلسطيني دمشق-الجمهورية العربية السورية</subfield>
    </datafield>
    <datafield tag="269" ind1=" " ind2=" ">
        <subfield code="a">19980626</subfield>
    </datafield>
    <datafield tag="650" ind1=" " ind2=" ">
        <subfield code="a">ADVISORY SERVICES</subfield>
        <subfield code="0">(DHLAUTH)269860</subfield>
    </datafield>
    <datafield tag="650" ind1=" " ind2=" ">
        <subfield code="a">STATISTICAL SERVICES</subfield>
        <subfield code="0">(DHLAUTH)270225</subfield>
    </datafield>
    <datafield tag="650" ind1=" " ind2=" ">
        <subfield code="a">STATISTICAL METHODOLOGY</subfield>
        <subfield code="0">(DHLAUTH)269635</subfield>
    </datafield>
    <datafield tag="650" ind1=" " ind2=" ">
        <subfield code="a">PALESTINE REFUGEES</subfield>
        <subfield code="0">(DHLAUTH)269083</subfield>
    </datafield>
    <datafield tag="650" ind1=" " ind2=" ">
        <subfield code="a">REFUGEE CAMPS</subfield>
        <subfield code="0">(DHLAUTH)274386</subfield>
    </datafield>
    <datafield tag="650" ind1=" " ind2=" ">
        <subfield code="a">CHILD REFUGEES</subfield>
        <subfield code="0">(DHLAUTH)272950</subfield>
    </datafield>
    <datafield tag="650" ind1=" " ind2=" ">
        <subfield code="a">SOCIAL ASPECTS</subfield>
        <subfield code="0">(DHLAUTH)274710</subfield>
    </datafield>
    <datafield tag="650" ind1=" " ind2=" ">
        <subfield code="a">ECONOMIC ASPECTS</subfield>
        <subfield code="0">(DHLAUTH)269753</subfield>
    </datafield>
    <datafield tag="650" ind1=" " ind2=" ">
        <subfield code="a">DAMASCUS (SYRIAN ARAB REPUBLIC)</subfield>
        <subfield code="0">(DHLAUTH)276957</subfield>
    </datafield>
    <datafield tag="650" ind1=" " ind2=" ">
        <subfield code="a">WESTERN ASIA</subfield>
        <subfield code="0">(DHLAUTH)275490</subfield>
    </datafield>
    <datafield tag="650" ind1=" " ind2=" ">
        <subfield code="a">SYRIAN ARAB REPUBLIC</subfield>
        <subfield code="0">(DHLAUTH)273496</subfield>
    </datafield>
    <datafield tag="650" ind1=" " ind2=" ">
        <subfield code="a">RECOMMENDATIONS</subfield>
        <subfield code="0">(DHLAUTH)275840</subfield>
    </datafield>
    <datafield tag="650" ind1=" " ind2=" ">
        <subfield code="a">PALESTINIANS</subfield>
        <subfield code="0">(DHLAUTH)269084</subfield>
    </datafield>
</record>
<record>
    <datafield tag="191" ind1=" " ind2=" ">
        <subfield code="a">E/ESCWA/TCD/1998/23</subfield>
    </datafield>
    <datafield tag="245" ind1=" " ind2=" ">
        <subfield code="a">DEVELOPMENT OF A PROGRAMME FOR INDUSTRIAL POLLUTION PREVENTION IN THE STATE OF QATAR</subfield>
    </datafield>
    <datafield tag="269" ind1=" " ind2=" ">
        <subfield code="a">19980626</subfield>
    </datafield>
    <datafield tag="650" ind1=" " ind2=" ">
        <subfield code="a">QATAR</subfield>
        <subfield code="0">(DHLAUTH)275603</subfield>
    </datafield>
    <datafield tag="650" ind1=" " ind2=" ">
        <subfield code="a">INDUSTRIAL POLLUTION</subfield>
        <subfield code="0">(DHLAUTH)270791</subfield>
    </datafield>
    <datafield tag="650" ind1=" " ind2=" ">
        <subfield code="a">PROJECT PREPARATION</subfield>
        <subfield code="0">(DHLAUTH)275807</subfield>
    </datafield>
    <datafield tag="650" ind1=" " ind2=" ">
        <subfield code="a">PROJECT IMPLEMENTATION</subfield>
        <subfield code="0">(DHLAUTH)269965</subfield>
    </datafield>
    <datafield tag="650" ind1=" " ind2=" ">
        <subfield code="a">IRON AND STEEL INDUSTRY</subfield>
        <subfield code="0">(DHLAUTH)271089</subfield>
    </datafield>
    <datafield tag="650" ind1=" " ind2=" ">
        <subfield code="a">INDUSTRIAL DEVELOPMENT</subfield>
        <subfield code="0">(DHLAUTH)269918</subfield>
    </datafield>
    <datafield tag="650" ind1=" " ind2=" ">
        <subfield code="a">ENVIRONMENTAL PROTECTION</subfield>
        <subfield code="0">(DHLAUTH)270598</subfield>
    </datafield>
</record>
<record>
    <datafield tag="191" ind1=" " ind2=" ">
        <subfield code="a">E/ESCWA/TCD/1998/24</subfield>
    </datafield>
    <datafield tag="245" ind1=" " ind2=" ">
        <subfield code="a">THE DEVELOPMENT OF "CENTERS FOR PRODUCTIVE FAMILIES AND COMMUNITY DEVELOPMENT"(CPFCD):PROGRAM OF ACTION, 1998-2000</subfield>
    </datafield>
    <datafield tag="269" ind1=" " ind2=" ">
        <subfield code="a">19980703</subfield>
    </datafield>
    <datafield tag="650" ind1=" " ind2=" ">
        <subfield code="a">COMMUNITY DEVELOPMENT</subfield>
        <subfield code="0">(DHLAUTH)269977</subfield>
    </datafield>
    <datafield tag="650" ind1=" " ind2=" ">
        <subfield code="a">PRODUCTIVITY</subfield>
        <subfield code="0">(DHLAUTH)269672</subfield>
    </datafield>
    <datafield tag="650" ind1=" " ind2=" ">
        <subfield code="a">FAMILY</subfield>
        <subfield code="0">(DHLAUTH)269293</subfield>
    </datafield>
    <datafield tag="650" ind1=" " ind2=" ">
        <subfield code="a">FAMILY INCOME</subfield>
        <subfield code="0">(DHLAUTH)269804</subfield>
    </datafield>
    <datafield tag="650" ind1=" " ind2=" ">
        <subfield code="a">SOCIAL DEVELOPMENT</subfield>
        <subfield code="0">(DHLAUTH)269873</subfield>
    </datafield>
    <datafield tag="650" ind1=" " ind2=" ">
        <subfield code="a">ENTERPRISE DEVELOPMENT</subfield>
        <subfield code="0">(DHLAUTH)469200</subfield>
    </datafield>
    <datafield tag="650" ind1=" " ind2=" ">
        <subfield code="a">SOCIAL WELFARE</subfield>
        <subfield code="0">(DHLAUTH)269714</subfield>
    </datafield>
</record>
<record>
    <datafield tag="191" ind1=" " ind2=" ">
        <subfield code="a">E/ESCWA/TCD/1998/25</subfield>
    </datafield>
    <datafield tag="245" ind1=" " ind2=" ">
        <subfield code="a">PROPOSALS FOR INDUSTRIAL STRATEGIES AND POLICIES IN THE CONTXT OF PREPARATION OF A STRATEGIC DEVELOPMENT PROGRAMME FOR ABU DHABI EMIRATE 2000-2020</subfield>
    </datafield>
    <datafield tag="269" ind1=" " ind2=" ">
        <subfield code="a">19980710</subfield>
    </datafield>
    <datafield tag="650" ind1=" " ind2=" ">
        <subfield code="a">ABU DHABI (UNITED ARAB EMIRATES)</subfield>
        <subfield code="0">(DHLAUTH)276731</subfield>
    </datafield>
    <datafield tag="650" ind1=" " ind2=" ">
        <subfield code="a">INDUSTRIAL POLICY</subfield>
        <subfield code="0">(DHLAUTH)269933</subfield>
    </datafield>
    <datafield tag="650" ind1=" " ind2=" ">
        <subfield code="a">INDUSTRIAL DEVELOPMENT</subfield>
        <subfield code="0">(DHLAUTH)269918</subfield>
    </datafield>
    <datafield tag="650" ind1=" " ind2=" ">
        <subfield code="a">MANUFACTURING</subfield>
        <subfield code="0">(DHLAUTH)271821</subfield>
    </datafield>
    <datafield tag="650" ind1=" " ind2=" ">
        <subfield code="a">REGIONAL DEVELOPMENT</subfield>
        <subfield code="0">(DHLAUTH)269690</subfield>
    </datafield>
    <datafield tag="650" ind1=" " ind2=" ">
        <subfield code="a">MILITARY STRATEGY</subfield>
        <subfield code="0">(DHLAUTH)268885</subfield>
    </datafield>
    <datafield tag="650" ind1=" " ind2=" ">
        <subfield code="a">INCENTIVES</subfield>
        <subfield code="0">(DHLAUTH)270104</subfield>
    </datafield>
</record>
<record>
    <datafield tag="191" ind1=" " ind2=" ">
        <subfield code="a">E/ESCWA/TCD/1998/26</subfield>
    </datafield>
    <datafield tag="246" ind1=" " ind2=" ">
        <subfield code="a">تقرير عن المهمة الاستشارية الى الهيئة العامة للمعلومات ابو ظبي-الامارات العربية المتحدة</subfield>
    </datafield>
    <datafield tag="269" ind1=" " ind2=" ">
        <subfield code="a">19980810</subfield>
    </datafield>
    <datafield tag="650" ind1=" " ind2=" ">
        <subfield code="a">ADVISORY SERVICES</subfield>
        <subfield code="0">(DHLAUTH)269860</subfield>
    </datafield>
    <datafield tag="650" ind1=" " ind2=" ">
        <subfield code="a">UNITED ARAB EMIRATES</subfield>
        <subfield code="0">(DHLAUTH)275604</subfield>
    </datafield>
    <datafield tag="650" ind1=" " ind2=" ">
        <subfield code="a">ABU DHABI (UNITED ARAB EMIRATES)</subfield>
        <subfield code="0">(DHLAUTH)276731</subfield>
    </datafield>
    <datafield tag="650" ind1=" " ind2=" ">
        <subfield code="a">COMMUNICATIONS</subfield>
        <subfield code="0">(DHLAUTH)272411</subfield>
    </datafield>
    <datafield tag="650" ind1=" " ind2=" ">
        <subfield code="a">FEASIBILITY STUDIES</subfield>
        <subfield code="0">(DHLAUTH)269961</subfield>
    </datafield>
    <datafield tag="650" ind1=" " ind2=" ">
        <subfield code="a">RECOMMENDATIONS</subfield>
        <subfield code="0">(DHLAUTH)275840</subfield>
    </datafield>
    <datafield tag="650" ind1=" " ind2=" ">
        <subfield code="a">COMPUTER APPLICATIONS</subfield>
        <subfield code="0">(DHLAUTH)271864</subfield>
    </datafield>
    <datafield tag="650" ind1=" " ind2=" ">
        <subfield code="a">PERFORMANCE APPRAISAL</subfield>
        <subfield code="0">(DHLAUTH)272031</subfield>
    </datafield>
</record>
<record>
    <datafield tag="191" ind1=" " ind2=" ">
        <subfield code="a">E/ESCWA/TCD/1998/27</subfield>
    </datafield>
    <datafield tag="246" ind1=" " ind2=" ">
        <subfield code="a">تقرير عن المهمة الاستشارية الى وزارة الري في الجمهورية العربية السورية </subfield>
    </datafield>
    <datafield tag="269" ind1=" " ind2=" ">
        <subfield code="a">19980826</subfield>
    </datafield>
    <datafield tag="650" ind1=" " ind2=" ">
        <subfield code="a">ADVISORY SERVICES</subfield>
        <subfield code="0">(DHLAUTH)269860</subfield>
    </datafield>
    <datafield tag="650" ind1=" " ind2=" ">
        <subfield code="a">DATABASES</subfield>
        <subfield code="0">(DHLAUTH)275124</subfield>
    </datafield>
    <datafield tag="650" ind1=" " ind2=" ">
        <subfield code="a">SYRIAN ARAB REPUBLIC</subfield>
        <subfield code="0">(DHLAUTH)273496</subfield>
    </datafield>
    <datafield tag="650" ind1=" " ind2=" ">
        <subfield code="a">DAMASCUS (SYRIAN ARAB REPUBLIC)</subfield>
        <subfield code="0">(DHLAUTH)276957</subfield>
    </datafield>
    <datafield tag="650" ind1=" " ind2=" ">
        <subfield code="a">PLANTS</subfield>
        <subfield code="0">(DHLAUTH)270937</subfield>
    </datafield>
    <datafield tag="650" ind1=" " ind2=" ">
        <subfield code="a">WATER TREATMENT</subfield>
        <subfield code="0">(DHLAUTH)270883</subfield>
    </datafield>
    <datafield tag="650" ind1=" " ind2=" ">
        <subfield code="a">WORK PROGRAMME</subfield>
        <subfield code="0">(DHLAUTH)275800</subfield>
    </datafield>
    <datafield tag="650" ind1=" " ind2=" ">
        <subfield code="a">WATER RESOURCES</subfield>
        <subfield code="0">(DHLAUTH)270568</subfield>
    </datafield>
    <datafield tag="650" ind1=" " ind2=" ">
        <subfield code="a">GROUNDWATER</subfield>
        <subfield code="0">(DHLAUTH)270891</subfield>
    </datafield>
    <datafield tag="650" ind1=" " ind2=" ">
        <subfield code="a">FLOODS</subfield>
        <subfield code="0">(DHLAUTH)274408</subfield>
    </datafield>
    <datafield tag="650" ind1=" " ind2=" ">
        <subfield code="a">WASTE DISPOSAL</subfield>
        <subfield code="0">(DHLAUTH)270674</subfield>
    </datafield>
</record>
<record>
    <datafield tag="191" ind1=" " ind2=" ">
        <subfield code="a">E/ESCWA/TCD/1998/28</subfield>
    </datafield>
    <datafield tag="246" ind1=" " ind2=" ">
        <subfield code="a">تقرير عن المهمة الاستشارية الى وزارة الصناعة والتجارة في المملكة الاردنية الهاشمية </subfield>
    </datafield>
    <datafield tag="269" ind1=" " ind2=" ">
        <subfield code="a">19980910</subfield>
    </datafield>
    <datafield tag="650" ind1=" " ind2=" ">
        <subfield code="a">ADVISORY SERVICES</subfield>
        <subfield code="0">(DHLAUTH)269860</subfield>
    </datafield>
    <datafield tag="650" ind1=" " ind2=" ">
        <subfield code="a">JORDAN</subfield>
        <subfield code="0">(DHLAUTH)269099</subfield>
    </datafield>
    <datafield tag="650" ind1=" " ind2=" ">
        <subfield code="a">MANUFACTURES</subfield>
        <subfield code="0">(DHLAUTH)271786</subfield>
    </datafield>
    <datafield tag="650" ind1=" " ind2=" ">
        <subfield code="a">WESTERN ASIA</subfield>
        <subfield code="0">(DHLAUTH)275490</subfield>
    </datafield>
    <datafield tag="650" ind1=" " ind2=" ">
        <subfield code="a">INDUSTRY</subfield>
        <subfield code="0">(DHLAUTH)271796</subfield>
    </datafield>
    <datafield tag="650" ind1=" " ind2=" ">
        <subfield code="a">FOREIGN TRADE</subfield>
        <subfield code="0">(DHLAUTH)272801</subfield>
    </datafield>
    <datafield tag="650" ind1=" " ind2=" ">
        <subfield code="a">TARIFFS</subfield>
        <subfield code="0">(DHLAUTH)270169</subfield>
    </datafield>
</record>
<record>
    <datafield tag="191" ind1=" " ind2=" ">
        <subfield code="a">E/ESCWA/TCD/1998/29</subfield>
    </datafield>
    <datafield tag="246" ind1=" " ind2=" ">
        <subfield code="a">تقرير عن المهمة الاستشارية الى معهد الكويت للابحاث العلمية دولة الكويت </subfield>
    </datafield>
    <datafield tag="269" ind1=" " ind2=" ">
        <subfield code="a">19980914</subfield>
    </datafield>
    <datafield tag="650" ind1=" " ind2=" ">
        <subfield code="a">SCIENCE AND TECHNOLOGY POLICY</subfield>
        <subfield code="0">(DHLAUTH)275207</subfield>
    </datafield>
    <datafield tag="650" ind1=" " ind2=" ">
        <subfield code="a">WORK PROGRAMME</subfield>
        <subfield code="0">(DHLAUTH)275800</subfield>
    </datafield>
    <datafield tag="650" ind1=" " ind2=" ">
        <subfield code="a">ADVISORY SERVICES</subfield>
        <subfield code="0">(DHLAUTH)269860</subfield>
    </datafield>
    <datafield tag="650" ind1=" " ind2=" ">
        <subfield code="a">KUWAIT</subfield>
        <subfield code="0">(DHLAUTH)273384</subfield>
    </datafield>
    <datafield tag="650" ind1=" " ind2=" ">
        <subfield code="a">SCIENCE AND TECHNOLOGY</subfield>
        <subfield code="0">(DHLAUTH)275209</subfield>
    </datafield>
    <datafield tag="650" ind1=" " ind2=" ">
        <subfield code="a">DEVELOPMENT PLANS</subfield>
        <subfield code="0">(DHLAUTH)269892</subfield>
    </datafield>
    <datafield tag="650" ind1=" " ind2=" ">
        <subfield code="a">WESTERN ASIA</subfield>
        <subfield code="0">(DHLAUTH)275490</subfield>
    </datafield>
    <datafield tag="650" ind1=" " ind2=" ">
        <subfield code="a">ABACA</subfield>
        <subfield code="0">(DHLAUTH)271457</subfield>
    </datafield>
</record>
<record>
    <datafield tag="191" ind1=" " ind2=" ">
        <subfield code="a">E/ESCWA/TCD/1998/30</subfield>
    </datafield>
    <datafield tag="246" ind1=" " ind2=" ">
        <subfield code="a">تقرير عن المهمة الاستشارية الى المكتب المركزي للاحصاء والمصادر الطبيعية الفلسطيني دمشق-الجمهورية العربية السورية  </subfield>
    </datafield>
    <datafield tag="269" ind1=" " ind2=" ">
        <subfield code="a">19980914</subfield>
    </datafield>
    <datafield tag="650" ind1=" " ind2=" ">
        <subfield code="a">SYRIAN ARAB REPUBLIC</subfield>
        <subfield code="0">(DHLAUTH)273496</subfield>
    </datafield>
    <datafield tag="650" ind1=" " ind2=" ">
        <subfield code="a">DAMASCUS (SYRIAN ARAB REPUBLIC)</subfield>
        <subfield code="0">(DHLAUTH)276957</subfield>
    </datafield>
    <datafield tag="650" ind1=" " ind2=" ">
        <subfield code="a">ADVISORY SERVICES</subfield>
        <subfield code="0">(DHLAUTH)269860</subfield>
    </datafield>
    <datafield tag="650" ind1=" " ind2=" ">
        <subfield code="a">DATA PROCESSING</subfield>
        <subfield code="0">(DHLAUTH)272727</subfield>
    </datafield>
    <datafield tag="650" ind1=" " ind2=" ">
        <subfield code="a">STATISTICAL METHODOLOGY</subfield>
        <subfield code="0">(DHLAUTH)269635</subfield>
    </datafield>
    <datafield tag="650" ind1=" " ind2=" ">
        <subfield code="a">FAMILY</subfield>
        <subfield code="0">(DHLAUTH)269293</subfield>
    </datafield>
    <datafield tag="650" ind1=" " ind2=" ">
        <subfield code="a">INFORMATION NETWORKS</subfield>
        <subfield code="0">(DHLAUTH)272733</subfield>
    </datafield>
    <datafield tag="650" ind1=" " ind2=" ">
        <subfield code="a">TECHNICAL TRAINING</subfield>
        <subfield code="0">(DHLAUTH)271971</subfield>
    </datafield>
    <datafield tag="650" ind1=" " ind2=" ">
        <subfield code="a">MANPOWER</subfield>
        <subfield code="0">(DHLAUTH)273105</subfield>
    </datafield>
    <datafield tag="650" ind1=" " ind2=" ">
        <subfield code="a">RECOMMENDATIONS</subfield>
        <subfield code="0">(DHLAUTH)275840</subfield>
    </datafield>
    <datafield tag="650" ind1=" " ind2=" ">
        <subfield code="a">WESTERN ASIA</subfield>
        <subfield code="0">(DHLAUTH)275490</subfield>
    </datafield>
    <datafield tag="650" ind1=" " ind2=" ">
        <subfield code="a">TRAINING PROGRAMMES</subfield>
        <subfield code="0">(DHLAUTH)274026</subfield>
    </datafield>
    <datafield tag="650" ind1=" " ind2=" ">
        <subfield code="a">VOCATIONAL TRAINING</subfield>
        <subfield code="0">(DHLAUTH)271390</subfield>
    </datafield>
</record>
<record>
    <datafield tag="191" ind1=" " ind2=" ">
        <subfield code="a">E/ESCWA/TCD/1998/31</subfield>
    </datafield>
    <datafield tag="245" ind1=" " ind2=" ">
        <subfield code="a">PROJECT DOCUMENT ON THE DEVELOPMENT OF LOCAL AGENDA - 21 FOR ABU DHABI</subfield>
    </datafield>
    <datafield tag="269" ind1=" " ind2=" ">
        <subfield code="a">19981124</subfield>
    </datafield>
    <datafield tag="650" ind1=" " ind2=" ">
        <subfield code="a">ENVIRONMENT</subfield>
        <subfield code="0">(DHLAUTH)270627</subfield>
    </datafield>
    <datafield tag="650" ind1=" " ind2=" ">
        <subfield code="a">PROJECT PREPARATION</subfield>
        <subfield code="0">(DHLAUTH)275807</subfield>
    </datafield>
    <datafield tag="650" ind1=" " ind2=" ">
        <subfield code="a">UNITED ARAB EMIRATES</subfield>
        <subfield code="0">(DHLAUTH)275604</subfield>
    </datafield>
    <datafield tag="650" ind1=" " ind2=" ">
        <subfield code="a">ABU DHABI (UNITED ARAB EMIRATES)</subfield>
        <subfield code="0">(DHLAUTH)276731</subfield>
    </datafield>
    <datafield tag="650" ind1=" " ind2=" ">
        <subfield code="a">SUSTAINABLE ENERGY</subfield>
        <subfield code="0">(DHLAUTH)469656</subfield>
    </datafield>
</record>
<record>
    <datafield tag="191" ind1=" " ind2=" ">
        <subfield code="a">E/ESCWA/TCD/1998/33</subfield>
    </datafield>
    <datafield tag="246" ind1=" " ind2=" ">
        <subfield code="a">تقرير عن المهمة الاستشارية الى المكتب المركزي للاحصاء والمصادر الطبيعية الفلسطيني دمشق-الجمهورية العربية السورية السعودية </subfield>
    </datafield>
    <datafield tag="269" ind1=" " ind2=" ">
        <subfield code="a">19981104</subfield>
    </datafield>
    <datafield tag="650" ind1=" " ind2=" ">
        <subfield code="a">ADVISORY SERVICES</subfield>
        <subfield code="0">(DHLAUTH)269860</subfield>
    </datafield>
    <datafield tag="650" ind1=" " ind2=" ">
        <subfield code="a">SYRIAN ARAB REPUBLIC</subfield>
        <subfield code="0">(DHLAUTH)273496</subfield>
    </datafield>
    <datafield tag="650" ind1=" " ind2=" ">
        <subfield code="a">DAMASCUS (SYRIAN ARAB REPUBLIC)</subfield>
        <subfield code="0">(DHLAUTH)276957</subfield>
    </datafield>
    <datafield tag="650" ind1=" " ind2=" ">
        <subfield code="a">DATA PROCESSING</subfield>
        <subfield code="0">(DHLAUTH)272727</subfield>
    </datafield>
    <datafield tag="650" ind1=" " ind2=" ">
        <subfield code="a">PALESTINE REFUGEES</subfield>
        <subfield code="0">(DHLAUTH)269083</subfield>
    </datafield>
    <datafield tag="650" ind1=" " ind2=" ">
        <subfield code="a">REFUGEE CAMPS</subfield>
        <subfield code="0">(DHLAUTH)274386</subfield>
    </datafield>
    <datafield tag="650" ind1=" " ind2=" ">
        <subfield code="a">ECONOMIC ASPECTS</subfield>
        <subfield code="0">(DHLAUTH)269753</subfield>
    </datafield>
    <datafield tag="650" ind1=" " ind2=" ">
        <subfield code="a">SOCIAL ASPECTS</subfield>
        <subfield code="0">(DHLAUTH)274710</subfield>
    </datafield>
    <datafield tag="650" ind1=" " ind2=" ">
        <subfield code="a">FAMILY</subfield>
        <subfield code="0">(DHLAUTH)269293</subfield>
    </datafield>
    <datafield tag="650" ind1=" " ind2=" ">
        <subfield code="a">EXERCISE</subfield>
        <subfield code="0">(DHLAUTH)273710</subfield>
    </datafield>
    <datafield tag="650" ind1=" " ind2=" ">
        <subfield code="a">DROP-OUTS</subfield>
        <subfield code="0">(DHLAUTH)274148</subfield>
    </datafield>
</record>
<record>
    <datafield tag="191" ind1=" " ind2=" ">
        <subfield code="a">E/ESCWA/TCD/1998/34</subfield>
    </datafield>
    <datafield tag="246" ind1=" " ind2=" ">
        <subfield code="a">تقرير عن المهمة الاستشارية الى مدينة الملك عبد العزيز للعلوم والتقنية الرياض-المملكة العربية السعودية </subfield>
    </datafield>
    <datafield tag="269" ind1=" " ind2=" ">
        <subfield code="a">19981117</subfield>
    </datafield>
    <datafield tag="650" ind1=" " ind2=" ">
        <subfield code="a">ADVISORY SERVICES</subfield>
        <subfield code="0">(DHLAUTH)269860</subfield>
    </datafield>
    <datafield tag="650" ind1=" " ind2=" ">
        <subfield code="a">SCIENCE AND TECHNOLOGY POLICY</subfield>
        <subfield code="0">(DHLAUTH)275207</subfield>
    </datafield>
    <datafield tag="650" ind1=" " ind2=" ">
        <subfield code="a">SAUDI ARABIA</subfield>
        <subfield code="0">(DHLAUTH)273464</subfield>
    </datafield>
    <datafield tag="650" ind1=" " ind2=" ">
        <subfield code="a">SCIENCE AND TECHNOLOGY</subfield>
        <subfield code="0">(DHLAUTH)275209</subfield>
    </datafield>
    <datafield tag="650" ind1=" " ind2=" ">
        <subfield code="a">SUSTAINABLE DEVELOPMENT</subfield>
        <subfield code="0">(DHLAUTH)269920</subfield>
    </datafield>
    <datafield tag="650" ind1=" " ind2=" ">
        <subfield code="a">RECOMMENDATIONS</subfield>
        <subfield code="0">(DHLAUTH)275840</subfield>
    </datafield>
    <datafield tag="650" ind1=" " ind2=" ">
        <subfield code="a">SCIENTIFIC COOPERATION</subfield>
        <subfield code="0">(DHLAUTH)268657</subfield>
    </datafield>
    <datafield tag="650" ind1=" " ind2=" ">
        <subfield code="a">FUTURE STUDIES</subfield>
        <subfield code="0">(DHLAUTH)269107</subfield>
    </datafield>
    <datafield tag="650" ind1=" " ind2=" ">
        <subfield code="a">WORK PROGRAMME</subfield>
        <subfield code="0">(DHLAUTH)275800</subfield>
    </datafield>
    <datafield tag="650" ind1=" " ind2=" ">
        <subfield code="a">PETROCHEMICAL INDUSTRY</subfield>
        <subfield code="0">(DHLAUTH)271276</subfield>
    </datafield>
</record>
<record>
    <datafield tag="191" ind1=" " ind2=" ">
        <subfield code="a">E/ESCWA/TCD/1998/35</subfield>
    </datafield>
    <datafield tag="246" ind1=" " ind2=" ">
        <subfield code="a">تقرير عن المهمة الاستشارية الى الهيئة العامة للمعلومات ابوظبي-دولة الامارات العربية المتحدة خلال الفترة 21 ايلول/سبتمبر-5 تشرين الاول/اكتوبر 1998</subfield>
    </datafield>
    <datafield tag="269" ind1=" " ind2=" ">
        <subfield code="a">19981117</subfield>
    </datafield>
    <datafield tag="650" ind1=" " ind2=" ">
        <subfield code="a">ADVISORY SERVICES</subfield>
        <subfield code="0">(DHLAUTH)269860</subfield>
    </datafield>
    <datafield tag="650" ind1=" " ind2=" ">
        <subfield code="a">ABU DHABI (UNITED ARAB EMIRATES)</subfield>
        <subfield code="0">(DHLAUTH)276731</subfield>
    </datafield>
    <datafield tag="650" ind1=" " ind2=" ">
        <subfield code="a">UNITED ARAB EMIRATES</subfield>
        <subfield code="0">(DHLAUTH)275604</subfield>
    </datafield>
    <datafield tag="650" ind1=" " ind2=" ">
        <subfield code="a">DATA PROCESSING</subfield>
        <subfield code="0">(DHLAUTH)272727</subfield>
    </datafield>
    <datafield tag="650" ind1=" " ind2=" ">
        <subfield code="a">RECOMMENDATIONS</subfield>
        <subfield code="0">(DHLAUTH)275840</subfield>
    </datafield>
    <datafield tag="650" ind1=" " ind2=" ">
        <subfield code="a">GEOGRAPHIC INFORMATION SYSTEMS</subfield>
        <subfield code="0">(DHLAUTH)270489</subfield>
    </datafield>
    <datafield tag="650" ind1=" " ind2=" ">
        <subfield code="a">INFORMATION TECHNOLOGY</subfield>
        <subfield code="0">(DHLAUTH)272714</subfield>
    </datafield>
    <datafield tag="650" ind1=" " ind2=" ">
        <subfield code="a">INFORMATION CENTRES</subfield>
        <subfield code="0">(DHLAUTH)275071</subfield>
    </datafield>
</record>
<record>
    <datafield tag="191" ind1=" " ind2=" ">
        <subfield code="a">E/ESCWA/TCD/1998/36</subfield>
    </datafield>
    <datafield tag="246" ind1=" " ind2=" ">
        <subfield code="a">تقرير حول اعداد دراسة جدوى اقتصادية لإنشاء مؤسسة أو شركة للنقل العام في قطر خلال الفترة 9-15 تشرين الاول/اكتوبر 1998</subfield>
    </datafield>
    <datafield tag="269" ind1=" " ind2=" ">
        <subfield code="a">19981128</subfield>
    </datafield>
    <datafield tag="650" ind1=" " ind2=" ">
        <subfield code="a">ADVISORY SERVICES</subfield>
        <subfield code="0">(DHLAUTH)269860</subfield>
    </datafield>
    <datafield tag="650" ind1=" " ind2=" ">
        <subfield code="a">PUBLIC TRANSPORT</subfield>
        <subfield code="0">(DHLAUTH)272562</subfield>
    </datafield>
    <datafield tag="650" ind1=" " ind2=" ">
        <subfield code="a">QATAR</subfield>
        <subfield code="0">(DHLAUTH)275603</subfield>
    </datafield>
    <datafield tag="650" ind1=" " ind2=" ">
        <subfield code="a">TECHNICAL COOPERATION</subfield>
        <subfield code="0">(DHLAUTH)268658</subfield>
    </datafield>
    <datafield tag="650" ind1=" " ind2=" ">
        <subfield code="a">FEASIBILITY STUDIES</subfield>
        <subfield code="0">(DHLAUTH)269961</subfield>
    </datafield>
</record>
<record>
    <datafield tag="191" ind1=" " ind2=" ">
        <subfield code="a">E/ESCWA/TCD/1998/37</subfield>
    </datafield>
    <datafield tag="246" ind1=" " ind2=" ">
        <subfield code="a">تقرير عن المهمة الاستشارية لدى وزارة الاوقاف والشؤون الاسلامية في دولة قطر خلال الفترة 14-27 نيسان/ابريل 1998 </subfield>
    </datafield>
    <datafield tag="269" ind1=" " ind2=" ">
        <subfield code="a">19981130</subfield>
    </datafield>
    <datafield tag="650" ind1=" " ind2=" ">
        <subfield code="a">QATAR</subfield>
        <subfield code="0">(DHLAUTH)275603</subfield>
    </datafield>
    <datafield tag="650" ind1=" " ind2=" ">
        <subfield code="a">ADVISORY SERVICES</subfield>
        <subfield code="0">(DHLAUTH)269860</subfield>
    </datafield>
    <datafield tag="650" ind1=" " ind2=" ">
        <subfield code="a">ORGANIZATIONAL STRUCTURE</subfield>
        <subfield code="0">(DHLAUTH)272030</subfield>
    </datafield>
    <datafield tag="650" ind1=" " ind2=" ">
        <subfield code="a">SOCIAL SERVICES</subfield>
        <subfield code="0">(DHLAUTH)269370</subfield>
    </datafield>
    <datafield tag="650" ind1=" " ind2=" ">
        <subfield code="a">WOMEN'S STATUS</subfield>
        <subfield code="0">(DHLAUTH)269378</subfield>
    </datafield>
    <datafield tag="650" ind1=" " ind2=" ">
        <subfield code="a">DATA BANKS</subfield>
        <subfield code="0">(DHLAUTH)275123</subfield>
    </datafield>
    <datafield tag="650" ind1=" " ind2=" ">
        <subfield code="a">SOCIAL STATISTICS</subfield>
        <subfield code="0">(DHLAUTH)270232</subfield>
    </datafield>
    <datafield tag="650" ind1=" " ind2=" ">
        <subfield code="a">STATISTICAL DATA</subfield>
        <subfield code="0">(DHLAUTH)270233</subfield>
    </datafield>
    <datafield tag="650" ind1=" " ind2=" ">
        <subfield code="a">STATISTICAL SERVICES</subfield>
        <subfield code="0">(DHLAUTH)270225</subfield>
    </datafield>
    <datafield tag="650" ind1=" " ind2=" ">
        <subfield code="a">NON-GOVERNMENTAL ORGANIZATIONS</subfield>
        <subfield code="0">(DHLAUTH)268665</subfield>
    </datafield>
    <datafield tag="650" ind1=" " ind2=" ">
        <subfield code="a">RECOMMENDATIONS</subfield>
        <subfield code="0">(DHLAUTH)275840</subfield>
    </datafield>
</record>
<record>
    <datafield tag="191" ind1=" " ind2=" ">
        <subfield code="a">E/ESCWA/TCD/1998/38</subfield>
    </datafield>
    <datafield tag="245" ind1=" " ind2=" ">
        <subfield code="a">STRATEGIC VISION FOR WATER RESOURCES DEVELOPMENT IN THE EMIRATE OF FUJAIRAH</subfield>
    </datafield>
    <datafield tag="269" ind1=" " ind2=" ">
        <subfield code="a">19981130</subfield>
    </datafield>
    <datafield tag="650" ind1=" " ind2=" ">
        <subfield code="a">UNITED ARAB EMIRATES</subfield>
        <subfield code="0">(DHLAUTH)275604</subfield>
    </datafield>
    <datafield tag="650" ind1=" " ind2=" ">
        <subfield code="a">WATER RESOURCES</subfield>
        <subfield code="0">(DHLAUTH)270568</subfield>
    </datafield>
    <datafield tag="650" ind1=" " ind2=" ">
        <subfield code="a">GROUNDWATER</subfield>
        <subfield code="0">(DHLAUTH)270891</subfield>
    </datafield>
    <datafield tag="650" ind1=" " ind2=" ">
        <subfield code="a">SURFACE WATERS</subfield>
        <subfield code="0">(DHLAUTH)270757</subfield>
    </datafield>
    <datafield tag="650" ind1=" " ind2=" ">
        <subfield code="a">WATER MANAGEMENT</subfield>
        <subfield code="0">(DHLAUTH)270919</subfield>
    </datafield>
    <datafield tag="650" ind1=" " ind2=" ">
        <subfield code="a">WATER SUPPLY</subfield>
        <subfield code="0">(DHLAUTH)270886</subfield>
    </datafield>
    <datafield tag="650" ind1=" " ind2=" ">
        <subfield code="a">WASTE UTILIZATION</subfield>
        <subfield code="0">(DHLAUTH)271289</subfield>
    </datafield>
    <datafield tag="650" ind1=" " ind2=" ">
        <subfield code="a">WATER CONSUMPTION</subfield>
        <subfield code="0">(DHLAUTH)269580</subfield>
    </datafield>
    <datafield tag="650" ind1=" " ind2=" ">
        <subfield code="a">WATER PRICES</subfield>
        <subfield code="0">(DHLAUTH)270915</subfield>
    </datafield>
    <datafield tag="650" ind1=" " ind2=" ">
        <subfield code="a">WATER BALANCE</subfield>
        <subfield code="0">(DHLAUTH)270913</subfield>
    </datafield>
    <datafield tag="650" ind1=" " ind2=" ">
        <subfield code="a">STATISTICAL DATA</subfield>
        <subfield code="0">(DHLAUTH)270233</subfield>
    </datafield>
    <datafield tag="650" ind1=" " ind2=" ">
        <subfield code="a">WATER RESOURCES DEVELOPMENT</subfield>
        <subfield code="0">(DHLAUTH)269975</subfield>
    </datafield>
    <datafield tag="650" ind1=" " ind2=" ">
        <subfield code="a">WATER STATISTICS</subfield>
        <subfield code="0">(DHLAUTH)270918</subfield>
    </datafield>
    <datafield tag="650" ind1=" " ind2=" ">
        <subfield code="a">ADVISORY SERVICES</subfield>
        <subfield code="0">(DHLAUTH)269860</subfield>
    </datafield>
    <datafield tag="650" ind1=" " ind2=" ">
        <subfield code="a">FUJAIRAH (UNITED ARAB EMIRATES)</subfield>
        <subfield code="0">(DHLAUTH)599967</subfield>
    </datafield>
</record>
<record>
    <datafield tag="191" ind1=" " ind2=" ">
        <subfield code="a">E/ESCWA/TCD/1998/39</subfield>
    </datafield>
    <datafield tag="246" ind1=" " ind2=" ">
        <subfield code="a">تقرير عن المهمة الاستشارية الى وزارة الري في الجمهورية العربية السورية خلال الفترة 18-31 تموز/يوليو 1998</subfield>
    </datafield>
    <datafield tag="269" ind1=" " ind2=" ">
        <subfield code="a">19981221</subfield>
    </datafield>
    <datafield tag="650" ind1=" " ind2=" ">
        <subfield code="a">ADVISORY SERVICES</subfield>
        <subfield code="0">(DHLAUTH)269860</subfield>
    </datafield>
    <datafield tag="650" ind1=" " ind2=" ">
        <subfield code="a">WATER RESOURCES DEVELOPMENT</subfield>
        <subfield code="0">(DHLAUTH)269975</subfield>
    </datafield>
    <datafield tag="650" ind1=" " ind2=" ">
        <subfield code="a">GROUNDWATER</subfield>
        <subfield code="0">(DHLAUTH)270891</subfield>
    </datafield>
    <datafield tag="650" ind1=" " ind2=" ">
        <subfield code="a">STATISTICAL DATA</subfield>
        <subfield code="0">(DHLAUTH)270233</subfield>
    </datafield>
    <datafield tag="650" ind1=" " ind2=" ">
        <subfield code="a">WATER TREATMENT</subfield>
        <subfield code="0">(DHLAUTH)270883</subfield>
    </datafield>
    <datafield tag="650" ind1=" " ind2=" ">
        <subfield code="a">MATHEMATICAL MODELS</subfield>
        <subfield code="0">(DHLAUTH)269590</subfield>
    </datafield>
    <datafield tag="650" ind1=" " ind2=" ">
        <subfield code="a">CASE STUDIES</subfield>
        <subfield code="0">(DHLAUTH)274639</subfield>
    </datafield>
    <datafield tag="650" ind1=" " ind2=" ">
        <subfield code="a">DAMASCUS (SYRIAN ARAB REPUBLIC)</subfield>
        <subfield code="0">(DHLAUTH)276957</subfield>
    </datafield>
    <datafield tag="650" ind1=" " ind2=" ">
        <subfield code="a">SYRIAN ARAB REPUBLIC</subfield>
        <subfield code="0">(DHLAUTH)273496</subfield>
    </datafield>
    <datafield tag="650" ind1=" " ind2=" ">
        <subfield code="a">DRINKING WATER</subfield>
        <subfield code="0">(DHLAUTH)270884</subfield>
    </datafield>
    <datafield tag="650" ind1=" " ind2=" ">
        <subfield code="a">IRRIGATION</subfield>
        <subfield code="0">(DHLAUTH)270872</subfield>
    </datafield>
    <datafield tag="650" ind1=" " ind2=" ">
        <subfield code="a">DRAINAGE</subfield>
        <subfield code="0">(DHLAUTH)270904</subfield>
    </datafield>
</record>
<record>
    <datafield tag="191" ind1=" " ind2=" ">
        <subfield code="a">E/ESCWA/TCD/1998/6</subfield>
    </datafield>
    <datafield tag="246" ind1=" " ind2=" ">
        <subfield code="a">تقرير عن المهمة الاستشارية الى وكالة الوزارة للشؤون الفنية وزارة الشؤون البلدية والقروية الرياض, المملكة العربية السعودية</subfield>
    </datafield>
    <datafield tag="269" ind1=" " ind2=" ">
        <subfield code="a">19980318</subfield>
    </datafield>
    <datafield tag="650" ind1=" " ind2=" ">
        <subfield code="a">ADVISORY SERVICES</subfield>
        <subfield code="0">(DHLAUTH)269860</subfield>
    </datafield>
    <datafield tag="650" ind1=" " ind2=" ">
        <subfield code="a">INFORMATION SYSTEMS</subfield>
        <subfield code="0">(DHLAUTH)272026</subfield>
    </datafield>
    <datafield tag="650" ind1=" " ind2=" ">
        <subfield code="a">DATA PROCESSING</subfield>
        <subfield code="0">(DHLAUTH)272727</subfield>
    </datafield>
    <datafield tag="650" ind1=" " ind2=" ">
        <subfield code="a">DATA PROCESSING SERVICES</subfield>
        <subfield code="0">(DHLAUTH)275236</subfield>
    </datafield>
    <datafield tag="650" ind1=" " ind2=" ">
        <subfield code="a">AUTOMATION</subfield>
        <subfield code="0">(DHLAUTH)270184</subfield>
    </datafield>
    <datafield tag="650" ind1=" " ind2=" ">
        <subfield code="a">WESTERN ASIA</subfield>
        <subfield code="0">(DHLAUTH)275490</subfield>
    </datafield>
    <datafield tag="650" ind1=" " ind2=" ">
        <subfield code="a">SAUDI ARABIA</subfield>
        <subfield code="0">(DHLAUTH)273464</subfield>
    </datafield>
</record>
<record>
    <datafield tag="191" ind1=" " ind2=" ">
        <subfield code="a">E/ESCWA/TCD/1998/8</subfield>
    </datafield>
    <datafield tag="246" ind1=" " ind2=" ">
        <subfield code="a">تقرير عن المهمة الاستشارية الى بلدية الشارقة امارة الشارقة, الامارات العربية المتحدة</subfield>
    </datafield>
    <datafield tag="269" ind1=" " ind2=" ">
        <subfield code="a">19980423</subfield>
    </datafield>
    <datafield tag="650" ind1=" " ind2=" ">
        <subfield code="a">ADVISORY SERVICES</subfield>
        <subfield code="0">(DHLAUTH)269860</subfield>
    </datafield>
    <datafield tag="650" ind1=" " ind2=" ">
        <subfield code="a">SHARJAH (UNITED ARAB EMIRATES)</subfield>
        <subfield code="0">(DHLAUTH)463176</subfield>
    </datafield>
    <datafield tag="650" ind1=" " ind2=" ">
        <subfield code="a">UNITED ARAB EMIRATES</subfield>
        <subfield code="0">(DHLAUTH)275604</subfield>
    </datafield>
    <datafield tag="650" ind1=" " ind2=" ">
        <subfield code="a">INDUSTRIAL DEVELOPMENT</subfield>
        <subfield code="0">(DHLAUTH)269918</subfield>
    </datafield>
    <datafield tag="650" ind1=" " ind2=" ">
        <subfield code="a">SOLID WASTE MANAGEMENT</subfield>
        <subfield code="0">(DHLAUTH)270665</subfield>
    </datafield>
    <datafield tag="650" ind1=" " ind2=" ">
        <subfield code="a">MANPOWER</subfield>
        <subfield code="0">(DHLAUTH)273105</subfield>
    </datafield>
    <datafield tag="650" ind1=" " ind2=" ">
        <subfield code="a">ORGANIZATIONAL STRUCTURE</subfield>
        <subfield code="0">(DHLAUTH)272030</subfield>
    </datafield>
    <datafield tag="650" ind1=" " ind2=" ">
        <subfield code="a">ENVIRONMENTAL STANDARDS</subfield>
        <subfield code="0">(DHLAUTH)276590</subfield>
    </datafield>
    <datafield tag="650" ind1=" " ind2=" ">
        <subfield code="a">WORK PROGRAMME</subfield>
        <subfield code="0">(DHLAUTH)275800</subfield>
    </datafield>
    <datafield tag="650" ind1=" " ind2=" ">
        <subfield code="a">WEATHER</subfield>
        <subfield code="0">(DHLAUTH)270545</subfield>
    </datafield>
    <datafield tag="650" ind1=" " ind2=" ">
        <subfield code="a">ENVIRONMENTAL MANAGEMENT</subfield>
        <subfield code="0">(DHLAUTH)270590</subfield>
    </datafield>
    <datafield tag="650" ind1=" " ind2=" ">
        <subfield code="a">CAPACITY BUILDING</subfield>
        <subfield code="0">(DHLAUTH)276636</subfield>
    </datafield>
</record>
<record>
    <datafield tag="191" ind1=" " ind2=" ">
        <subfield code="a">E/ESCWA/TCD/1999/1</subfield>
    </datafield>
    <datafield tag="246" ind1=" " ind2=" ">
        <subfield code="a">تقرير مهمة بلدية دبي بخصوص قضية العام 2000 في 10 كانون الاول/ديسمبر 1998 = DUBAI MUNICIPALITY MISSION REPORT SUMMARY ON THE YEAR 2000 ISSUE 10 DECEMBER 1998 </subfield>
    </datafield>
    <datafield tag="269" ind1=" " ind2=" ">
        <subfield code="a">19990114</subfield>
    </datafield>
    <datafield tag="650" ind1=" " ind2=" ">
        <subfield code="a">DUBAI (UNITED ARAB EMIRATES)</subfield>
        <subfield code="0">(DHLAUTH)276985</subfield>
    </datafield>
    <datafield tag="650" ind1=" " ind2=" ">
        <subfield code="a">PROGRAMMING LANGUAGES</subfield>
        <subfield code="0">(DHLAUTH)274773</subfield>
    </datafield>
    <datafield tag="650" ind1=" " ind2=" ">
        <subfield code="a">MODEL FORMS</subfield>
        <subfield code="0">(DHLAUTH)269304</subfield>
    </datafield>
    <datafield tag="650" ind1=" " ind2=" ">
        <subfield code="a">ADMINISTRATIVE PROCEDURE</subfield>
        <subfield code="0">(DHLAUTH)269137</subfield>
    </datafield>
    <datafield tag="650" ind1=" " ind2=" ">
        <subfield code="a">DOCUMENTS</subfield>
        <subfield code="0">(DHLAUTH)270014</subfield>
    </datafield>
    <datafield tag="650" ind1=" " ind2=" ">
        <subfield code="a">RECOMMENDATIONS</subfield>
        <subfield code="0">(DHLAUTH)275840</subfield>
    </datafield>
    <datafield tag="650" ind1=" " ind2=" ">
        <subfield code="a">INFORMATION SYSTEMS</subfield>
        <subfield code="0">(DHLAUTH)272026</subfield>
    </datafield>
    <datafield tag="650" ind1=" " ind2=" ">
        <subfield code="a">INFORMATION TECHNOLOGY</subfield>
        <subfield code="0">(DHLAUTH)272714</subfield>
    </datafield>
    <datafield tag="650" ind1=" " ind2=" ">
        <subfield code="a">INFORMATION MANAGEMENT</subfield>
        <subfield code="0">(DHLAUTH)275145</subfield>
    </datafield>
    <datafield tag="650" ind1=" " ind2=" ">
        <subfield code="a">ELECTRONIC EQUIPMENT</subfield>
        <subfield code="0">(DHLAUTH)271885</subfield>
    </datafield>
    <datafield tag="650" ind1=" " ind2=" ">
        <subfield code="a">COMPUTER PROGRAMS</subfield>
        <subfield code="0">(DHLAUTH)275242</subfield>
    </datafield>
    <datafield tag="650" ind1=" " ind2=" ">
        <subfield code="a">COMPUTERS</subfield>
        <subfield code="0">(DHLAUTH)271865</subfield>
    </datafield>
    <datafield tag="650" ind1=" " ind2=" ">
        <subfield code="a">YEAR 2000 DATE CONVERSION</subfield>
        <subfield code="0">(DHLAUTH)515079</subfield>
    </datafield>
</record>
<record>
    <datafield tag="191" ind1=" " ind2=" ">
        <subfield code="a">E/ESCWA/TCD/1999/10</subfield>
    </datafield>
    <datafield tag="246" ind1=" " ind2=" ">
        <subfield code="a">مقترح استراتيجية وخطة اولية لتكنولوجيا المعلومات والاتصالات في وزارة الاعلام والثقافة ابوظبي-دولة الامارات العربية المتحدة 7-19 شباط/فبراير 1999</subfield>
    </datafield>
    <datafield tag="269" ind1=" " ind2=" ">
        <subfield code="a">19990308</subfield>
    </datafield>
    <datafield tag="650" ind1=" " ind2=" ">
        <subfield code="a">COMMUNICATION TECHNOLOGY</subfield>
        <subfield code="0">(DHLAUTH)272713</subfield>
    </datafield>
    <datafield tag="650" ind1=" " ind2=" ">
        <subfield code="a">INFORMATION TECHNOLOGY</subfield>
        <subfield code="0">(DHLAUTH)272714</subfield>
    </datafield>
    <datafield tag="650" ind1=" " ind2=" ">
        <subfield code="a">ABU DHABI (UNITED ARAB EMIRATES)</subfield>
        <subfield code="0">(DHLAUTH)276731</subfield>
    </datafield>
    <datafield tag="650" ind1=" " ind2=" ">
        <subfield code="a">UNITED ARAB EMIRATES</subfield>
        <subfield code="0">(DHLAUTH)275604</subfield>
    </datafield>
    <datafield tag="650" ind1=" " ind2=" ">
        <subfield code="a">RECOMMENDATIONS</subfield>
        <subfield code="0">(DHLAUTH)275840</subfield>
    </datafield>
    <datafield tag="650" ind1=" " ind2=" ">
        <subfield code="a">SPECIFICATIONS</subfield>
        <subfield code="0">(DHLAUTH)271958</subfield>
    </datafield>
    <datafield tag="650" ind1=" " ind2=" ">
        <subfield code="a">ORGANIZATIONAL STRUCTURE</subfield>
        <subfield code="0">(DHLAUTH)272030</subfield>
    </datafield>
    <datafield tag="650" ind1=" " ind2=" ">
        <subfield code="a">COMPUTER NETWORKS</subfield>
        <subfield code="0">(DHLAUTH)272732</subfield>
    </datafield>
    <datafield tag="650" ind1=" " ind2=" ">
        <subfield code="a">INFORMATION NETWORKS</subfield>
        <subfield code="0">(DHLAUTH)272733</subfield>
    </datafield>
    <datafield tag="650" ind1=" " ind2=" ">
        <subfield code="a">DATA BANKS</subfield>
        <subfield code="0">(DHLAUTH)275123</subfield>
    </datafield>
    <datafield tag="650" ind1=" " ind2=" ">
        <subfield code="a">INTERNET</subfield>
        <subfield code="0">(DHLAUTH)438931</subfield>
    </datafield>
    <datafield tag="650" ind1=" " ind2=" ">
        <subfield code="a">COMPUTER PROGRAMS</subfield>
        <subfield code="0">(DHLAUTH)275242</subfield>
    </datafield>
    <datafield tag="650" ind1=" " ind2=" ">
        <subfield code="a">WORK PROGRAMME</subfield>
        <subfield code="0">(DHLAUTH)275800</subfield>
    </datafield>
    <datafield tag="650" ind1=" " ind2=" ">
        <subfield code="a">COSTS</subfield>
        <subfield code="0">(DHLAUTH)269595</subfield>
    </datafield>
    <datafield tag="650" ind1=" " ind2=" ">
        <subfield code="a">MASS MEDIA</subfield>
        <subfield code="0">(DHLAUTH)272747</subfield>
    </datafield>
</record>
<record>
    <datafield tag="191" ind1=" " ind2=" ">
        <subfield code="a">E/ESCWA/TCD/1999/11</subfield>
    </datafield>
    <datafield tag="246" ind1=" " ind2=" ">
        <subfield code="a">ربط برامج الدراسات العليا والبحث العلمي في جامعة الامارات المتحدة بالصناعة</subfield>
    </datafield>
    <datafield tag="269" ind1=" " ind2=" ">
        <subfield code="a">19981211</subfield>
    </datafield>
    <datafield tag="650" ind1=" " ind2=" ">
        <subfield code="a">ADVISORY SERVICES</subfield>
        <subfield code="0">(DHLAUTH)269860</subfield>
    </datafield>
    <datafield tag="650" ind1=" " ind2=" ">
        <subfield code="a">UNITED ARAB EMIRATES</subfield>
        <subfield code="0">(DHLAUTH)275604</subfield>
    </datafield>
    <datafield tag="650" ind1=" " ind2=" ">
        <subfield code="a">SCIENCE AND TECHNOLOGY</subfield>
        <subfield code="0">(DHLAUTH)275209</subfield>
    </datafield>
    <datafield tag="650" ind1=" " ind2=" ">
        <subfield code="a">INDUSTRY</subfield>
        <subfield code="0">(DHLAUTH)271796</subfield>
    </datafield>
    <datafield tag="650" ind1=" " ind2=" ">
        <subfield code="a">ECONOMICS</subfield>
        <subfield code="0">(DHLAUTH)269576</subfield>
    </datafield>
    <datafield tag="650" ind1=" " ind2=" ">
        <subfield code="a">HUMAN DEVELOPMENT</subfield>
        <subfield code="0">(DHLAUTH)276688</subfield>
    </datafield>
    <datafield tag="650" ind1=" " ind2=" ">
        <subfield code="a">ECONOMIC GROWTH</subfield>
        <subfield code="0">(DHLAUTH)269754</subfield>
    </datafield>
    <datafield tag="650" ind1=" " ind2=" ">
        <subfield code="a">SUSTAINABLE DEVELOPMENT</subfield>
        <subfield code="0">(DHLAUTH)269920</subfield>
    </datafield>
    <datafield tag="650" ind1=" " ind2=" ">
        <subfield code="a">ECONOMIC INDICATORS</subfield>
        <subfield code="0">(DHLAUTH)269642</subfield>
    </datafield>
    <datafield tag="650" ind1=" " ind2=" ">
        <subfield code="a">RECOMMENDATIONS</subfield>
        <subfield code="0">(DHLAUTH)275840</subfield>
    </datafield>
    <datafield tag="650" ind1=" " ind2=" ">
        <subfield code="a">ECONOMICS</subfield>
        <subfield code="0">(DHLAUTH)269576</subfield>
    </datafield>
    <datafield tag="650" ind1=" " ind2=" ">
        <subfield code="a">HIGHER EDUCATION</subfield>
        <subfield code="0">(DHLAUTH)273997</subfield>
    </datafield>
</record>
<record>
    <datafield tag="191" ind1=" " ind2=" ">
        <subfield code="a">E/ESCWA/TCD/1999/12</subfield>
    </datafield>
    <datafield tag="245" ind1=" " ind2=" ">
        <subfield code="a">DIRECTIONS FOR INFORMATION AND COMMUNICATION TECHNOLOGY (ICT) IN THE GULF ORGANIZATION FOR INDUSTIAL CONSULTING (GOIC)</subfield>
    </datafield>
    <datafield tag="269" ind1=" " ind2=" ">
        <subfield code="a">19990504</subfield>
    </datafield>
    <datafield tag="650" ind1=" " ind2=" ">
        <subfield code="a">INFORMATION TECHNOLOGY</subfield>
        <subfield code="0">(DHLAUTH)272714</subfield>
    </datafield>
    <datafield tag="650" ind1=" " ind2=" ">
        <subfield code="a">COMMUNICATION TECHNOLOGY</subfield>
        <subfield code="0">(DHLAUTH)272713</subfield>
    </datafield>
    <datafield tag="650" ind1=" " ind2=" ">
        <subfield code="a">TELECOMMUNICATIONS</subfield>
        <subfield code="0">(DHLAUTH)272452</subfield>
    </datafield>
    <datafield tag="650" ind1=" " ind2=" ">
        <subfield code="a">DATA COLLECTION</subfield>
        <subfield code="0">(DHLAUTH)270174</subfield>
    </datafield>
    <datafield tag="650" ind1=" " ind2=" ">
        <subfield code="a">ORGANIZATIONAL STRUCTURE</subfield>
        <subfield code="0">(DHLAUTH)272030</subfield>
    </datafield>
    <datafield tag="650" ind1=" " ind2=" ">
        <subfield code="a">DATABASES</subfield>
        <subfield code="0">(DHLAUTH)275124</subfield>
    </datafield>
    <datafield tag="650" ind1=" " ind2=" ">
        <subfield code="a">INFORMATION SERVICES</subfield>
        <subfield code="0">(DHLAUTH)270228</subfield>
    </datafield>
    <datafield tag="650" ind1=" " ind2=" ">
        <subfield code="a">INDUSTRIAL INFORMATION</subfield>
        <subfield code="0">(DHLAUTH)271828</subfield>
    </datafield>
    <datafield tag="650" ind1=" " ind2=" ">
        <subfield code="a">INDUSTRIAL STATISTICS</subfield>
        <subfield code="0">(DHLAUTH)270195</subfield>
    </datafield>
    <datafield tag="650" ind1=" " ind2=" ">
        <subfield code="a">INFORMATION MANAGEMENT</subfield>
        <subfield code="0">(DHLAUTH)275145</subfield>
    </datafield>
    <datafield tag="650" ind1=" " ind2=" ">
        <subfield code="a">PROGRAMMES OF ACTION</subfield>
        <subfield code="0">(DHLAUTH)275777</subfield>
    </datafield>
    <datafield tag="650" ind1=" " ind2=" ">
        <subfield code="a">INTERNET</subfield>
        <subfield code="0">(DHLAUTH)438931</subfield>
    </datafield>
</record>
<record>
    <datafield tag="191" ind1=" " ind2=" ">
        <subfield code="a">E/ESCWA/TCD/1999/13</subfield>
    </datafield>
    <datafield tag="246" ind1=" " ind2=" ">
        <subfield code="a">تقرير عن المهمة الاستشارية الى وزارة الاقتصاد الوطني المديرية العامة للاحصاءات الاقتصادية سلطنة عمان</subfield>
    </datafield>
    <datafield tag="269" ind1=" " ind2=" ">
        <subfield code="a">19990526</subfield>
    </datafield>
    <datafield tag="650" ind1=" " ind2=" ">
        <subfield code="a">ADVISORY SERVICES</subfield>
        <subfield code="0">(DHLAUTH)269860</subfield>
    </datafield>
    <datafield tag="650" ind1=" " ind2=" ">
        <subfield code="a">OMAN</subfield>
        <subfield code="0">(DHLAUTH)273438</subfield>
    </datafield>
    <datafield tag="650" ind1=" " ind2=" ">
        <subfield code="a">ECONOMIC STATISTICS</subfield>
        <subfield code="0">(DHLAUTH)269633</subfield>
    </datafield>
    <datafield tag="650" ind1=" " ind2=" ">
        <subfield code="a">NATIONAL ACCOUNTS</subfield>
        <subfield code="0">(DHLAUTH)269651</subfield>
    </datafield>
    <datafield tag="650" ind1=" " ind2=" ">
        <subfield code="a">ECONOMIC DEVELOPMENT</subfield>
        <subfield code="0">(DHLAUTH)269755</subfield>
    </datafield>
    <datafield tag="650" ind1=" " ind2=" ">
        <subfield code="a">STATISTICAL DATA</subfield>
        <subfield code="0">(DHLAUTH)270233</subfield>
    </datafield>
    <datafield tag="650" ind1=" " ind2=" ">
        <subfield code="a">STATISTICAL METHODOLOGY</subfield>
        <subfield code="0">(DHLAUTH)269635</subfield>
    </datafield>
    <datafield tag="650" ind1=" " ind2=" ">
        <subfield code="a">ECONOMIC SURVEYS</subfield>
        <subfield code="0">(DHLAUTH)269780</subfield>
    </datafield>
    <datafield tag="650" ind1=" " ind2=" ">
        <subfield code="a">ECONOMIC DEVELOPMENT</subfield>
        <subfield code="0">(DHLAUTH)269755</subfield>
    </datafield>
    <datafield tag="650" ind1=" " ind2=" ">
        <subfield code="a">SOCIAL SURVEYS</subfield>
        <subfield code="0">(DHLAUTH)269794</subfield>
    </datafield>
    <datafield tag="650" ind1=" " ind2=" ">
        <subfield code="a">ACTIVITIES</subfield>
        <subfield code="0">(DHLAUTH)275823</subfield>
    </datafield>
    <datafield tag="650" ind1=" " ind2=" ">
        <subfield code="a">VOCATIONAL TRAINING</subfield>
        <subfield code="0">(DHLAUTH)271390</subfield>
    </datafield>
    <datafield tag="650" ind1=" " ind2=" ">
        <subfield code="a">FISH PRODUCTION</subfield>
        <subfield code="0">(DHLAUTH)271367</subfield>
    </datafield>
    <datafield tag="650" ind1=" " ind2=" ">
        <subfield code="a">NATIONAL INCOME</subfield>
        <subfield code="0">(DHLAUTH)269803</subfield>
    </datafield>
    <datafield tag="650" ind1=" " ind2=" ">
        <subfield code="a">FAMILY BUDGET</subfield>
        <subfield code="0">(DHLAUTH)274124</subfield>
    </datafield>
    <datafield tag="650" ind1=" " ind2=" ">
        <subfield code="a">RECOMMENDATIONS</subfield>
        <subfield code="0">(DHLAUTH)275840</subfield>
    </datafield>
    <datafield tag="650" ind1=" " ind2=" ">
        <subfield code="a">GROSS DOMESTIC PRODUCT</subfield>
        <subfield code="0">(DHLAUTH)269801</subfield>
    </datafield>
    <datafield tag="650" ind1=" " ind2=" ">
        <subfield code="a">AGRICULTURAL PRODUCTION</subfield>
        <subfield code="0">(DHLAUTH)269670</subfield>
    </datafield>
</record>
<record>
    <datafield tag="191" ind1=" " ind2=" ">
        <subfield code="a">E/ESCWA/TCD/1999/14</subfield>
    </datafield>
    <datafield tag="246" ind1=" " ind2=" ">
        <subfield code="a">تقرير عن ا لمهمة الاستشارية الى المكتب المركزي للاحصاء والمصادر الطبيعية الفلسطيني دمشق- الجمهورية العربية السورية</subfield>
    </datafield>
    <datafield tag="269" ind1=" " ind2=" ">
        <subfield code="a">19990526</subfield>
    </datafield>
    <datafield tag="650" ind1=" " ind2=" ">
        <subfield code="a">ADVISORY SERVICES</subfield>
        <subfield code="0">(DHLAUTH)269860</subfield>
    </datafield>
    <datafield tag="650" ind1=" " ind2=" ">
        <subfield code="a">DAMASCUS (SYRIAN ARAB REPUBLIC)</subfield>
        <subfield code="0">(DHLAUTH)276957</subfield>
    </datafield>
    <datafield tag="650" ind1=" " ind2=" ">
        <subfield code="a">SYRIAN ARAB REPUBLIC</subfield>
        <subfield code="0">(DHLAUTH)273496</subfield>
    </datafield>
    <datafield tag="650" ind1=" " ind2=" ">
        <subfield code="a">DATA PROCESSING</subfield>
        <subfield code="0">(DHLAUTH)272727</subfield>
    </datafield>
    <datafield tag="650" ind1=" " ind2=" ">
        <subfield code="a">STATISTICAL METHODOLOGY</subfield>
        <subfield code="0">(DHLAUTH)269635</subfield>
    </datafield>
    <datafield tag="650" ind1=" " ind2=" ">
        <subfield code="a">INFORMATION TECHNOLOGY</subfield>
        <subfield code="0">(DHLAUTH)272714</subfield>
    </datafield>
    <datafield tag="650" ind1=" " ind2=" ">
        <subfield code="a">VOCATIONAL TRAINING</subfield>
        <subfield code="0">(DHLAUTH)271390</subfield>
    </datafield>
    <datafield tag="650" ind1=" " ind2=" ">
        <subfield code="a">FAMILY</subfield>
        <subfield code="0">(DHLAUTH)269293</subfield>
    </datafield>
    <datafield tag="650" ind1=" " ind2=" ">
        <subfield code="a">HOUSING</subfield>
        <subfield code="0">(DHLAUTH)272289</subfield>
    </datafield>
    <datafield tag="650" ind1=" " ind2=" ">
        <subfield code="a">SOCIAL SURVEYS</subfield>
        <subfield code="0">(DHLAUTH)269794</subfield>
    </datafield>
    <datafield tag="650" ind1=" " ind2=" ">
        <subfield code="a">COMPUTERS</subfield>
        <subfield code="0">(DHLAUTH)271865</subfield>
    </datafield>
    <datafield tag="650" ind1=" " ind2=" ">
        <subfield code="a">WESTERN ASIA</subfield>
        <subfield code="0">(DHLAUTH)275490</subfield>
    </datafield>
    <datafield tag="650" ind1=" " ind2=" ">
        <subfield code="a">TRAINING PROGRAMMES</subfield>
        <subfield code="0">(DHLAUTH)274026</subfield>
    </datafield>
</record>
<record>
    <datafield tag="191" ind1=" " ind2=" ">
        <subfield code="a">E/ESCWA/TCD/1999/15</subfield>
    </datafield>
    <datafield tag="245" ind1=" " ind2=" ">
        <subfield code="a">REPORT ON MISSION TO THE DEPARTMENT OF STATISTICS AMMAN, JORDAN</subfield>
    </datafield>
    <datafield tag="269" ind1=" " ind2=" ">
        <subfield code="a">19990602</subfield>
    </datafield>
    <datafield tag="650" ind1=" " ind2=" ">
        <subfield code="a">AMMAN (JORDAN)</subfield>
        <subfield code="0">(DHLAUTH)276766</subfield>
    </datafield>
    <datafield tag="650" ind1=" " ind2=" ">
        <subfield code="a">JORDAN</subfield>
        <subfield code="0">(DHLAUTH)269099</subfield>
    </datafield>
    <datafield tag="650" ind1=" " ind2=" ">
        <subfield code="a">NATIONAL ACCOUNTS</subfield>
        <subfield code="0">(DHLAUTH)269651</subfield>
    </datafield>
    <datafield tag="650" ind1=" " ind2=" ">
        <subfield code="a">ECONOMIC STATISTICS</subfield>
        <subfield code="0">(DHLAUTH)269633</subfield>
    </datafield>
    <datafield tag="650" ind1=" " ind2=" ">
        <subfield code="a">HOUSEHOLDS</subfield>
        <subfield code="0">(DHLAUTH)273037</subfield>
    </datafield>
    <datafield tag="650" ind1=" " ind2=" ">
        <subfield code="a">ENUMERATION</subfield>
        <subfield code="0">(DHLAUTH)270180</subfield>
    </datafield>
    <datafield tag="650" ind1=" " ind2=" ">
        <subfield code="a">QUESTIONNAIRES</subfield>
        <subfield code="0">(DHLAUTH)272018</subfield>
    </datafield>
    <datafield tag="650" ind1=" " ind2=" ">
        <subfield code="a">RECOMMENDATIONS</subfield>
        <subfield code="0">(DHLAUTH)275840</subfield>
    </datafield>
    <datafield tag="650" ind1=" " ind2=" ">
        <subfield code="a">PROGRAMME IMPLEMENTATION</subfield>
        <subfield code="0">(DHLAUTH)275794</subfield>
    </datafield>
    <datafield tag="650" ind1=" " ind2=" ">
        <subfield code="a">STATISTICAL CLASSIFICATIONS</subfield>
        <subfield code="0">(DHLAUTH)270220</subfield>
    </datafield>
</record>
<record>
    <datafield tag="191" ind1=" " ind2=" ">
        <subfield code="a">E/ESCWA/TCD/1999/16</subfield>
    </datafield>
    <datafield tag="246" ind1=" " ind2=" ">
        <subfield code="a">برنامج تطوير قطاع الشئون الاجتماعية</subfield>
    </datafield>
    <datafield tag="269" ind1=" " ind2=" ">
        <subfield code="a">19990609</subfield>
    </datafield>
    <datafield tag="650" ind1=" " ind2=" ">
        <subfield code="a">SOCIAL ASPECTS</subfield>
        <subfield code="0">(DHLAUTH)274710</subfield>
    </datafield>
    <datafield tag="650" ind1=" " ind2=" ">
        <subfield code="a">ADVISORY SERVICES</subfield>
        <subfield code="0">(DHLAUTH)269860</subfield>
    </datafield>
    <datafield tag="650" ind1=" " ind2=" ">
        <subfield code="a">UNITED ARAB EMIRATES</subfield>
        <subfield code="0">(DHLAUTH)275604</subfield>
    </datafield>
    <datafield tag="650" ind1=" " ind2=" ">
        <subfield code="a">SOCIAL DEVELOPMENT</subfield>
        <subfield code="0">(DHLAUTH)269873</subfield>
    </datafield>
    <datafield tag="650" ind1=" " ind2=" ">
        <subfield code="a">ORGANIZATIONAL STRUCTURE</subfield>
        <subfield code="0">(DHLAUTH)272030</subfield>
    </datafield>
    <datafield tag="650" ind1=" " ind2=" ">
        <subfield code="a">DATABASES</subfield>
        <subfield code="0">(DHLAUTH)275124</subfield>
    </datafield>
    <datafield tag="650" ind1=" " ind2=" ">
        <subfield code="a">FAMILY WELFARE</subfield>
        <subfield code="0">(DHLAUTH)274525</subfield>
    </datafield>
    <datafield tag="650" ind1=" " ind2=" ">
        <subfield code="a">CHILD WELFARE</subfield>
        <subfield code="0">(DHLAUTH)272969</subfield>
    </datafield>
    <datafield tag="650" ind1=" " ind2=" ">
        <subfield code="a">VOCATIONAL TRAINING</subfield>
        <subfield code="0">(DHLAUTH)271390</subfield>
    </datafield>
    <datafield tag="650" ind1=" " ind2=" ">
        <subfield code="a">HUMAN RESOURCES</subfield>
        <subfield code="0">(DHLAUTH)270571</subfield>
    </datafield>
    <datafield tag="650" ind1=" " ind2=" ">
        <subfield code="a">RECOMMENDATIONS</subfield>
        <subfield code="0">(DHLAUTH)275840</subfield>
    </datafield>
    <datafield tag="650" ind1=" " ind2=" ">
        <subfield code="a">INCOME</subfield>
        <subfield code="0">(DHLAUTH)269710</subfield>
    </datafield>
    <datafield tag="650" ind1=" " ind2=" ">
        <subfield code="a">ACTIVITIES</subfield>
        <subfield code="0">(DHLAUTH)275823</subfield>
    </datafield>
    <datafield tag="650" ind1=" " ind2=" ">
        <subfield code="a">WOMEN</subfield>
        <subfield code="0">(DHLAUTH)273032</subfield>
    </datafield>
    <datafield tag="650" ind1=" " ind2=" ">
        <subfield code="a">PERSONS WITH DISABILITIES</subfield>
        <subfield code="0">(DHLAUTH)273918</subfield>
    </datafield>
    <datafield tag="650" ind1=" " ind2=" ">
        <subfield code="a">WORK PROGRAMME</subfield>
        <subfield code="0">(DHLAUTH)275800</subfield>
    </datafield>
    <datafield tag="650" ind1=" " ind2=" ">
        <subfield code="a">SOCIAL SECURITY</subfield>
        <subfield code="0">(DHLAUTH)270081</subfield>
    </datafield>
</record>
<record>
    <datafield tag="191" ind1=" " ind2=" ">
        <subfield code="a">E/ESCWA/TCD/1999/17</subfield>
    </datafield>
    <datafield tag="246" ind1=" " ind2=" ">
        <subfield code="a">تقرير عن المهمة الاستشارية في الحسابات القومية الى دولة الامارات العربية المتحدة-ابوظبي</subfield>
    </datafield>
    <datafield tag="269" ind1=" " ind2=" ">
        <subfield code="a">19990618</subfield>
    </datafield>
    <datafield tag="650" ind1=" " ind2=" ">
        <subfield code="a">ADVISORY SERVICES</subfield>
        <subfield code="0">(DHLAUTH)269860</subfield>
    </datafield>
    <datafield tag="650" ind1=" " ind2=" ">
        <subfield code="a">UNITED ARAB EMIRATES</subfield>
        <subfield code="0">(DHLAUTH)275604</subfield>
    </datafield>
    <datafield tag="650" ind1=" " ind2=" ">
        <subfield code="a">ABU DHABI (UNITED ARAB EMIRATES)</subfield>
        <subfield code="0">(DHLAUTH)276731</subfield>
    </datafield>
    <datafield tag="650" ind1=" " ind2=" ">
        <subfield code="a">NATIONAL ACCOUNTS</subfield>
        <subfield code="0">(DHLAUTH)269651</subfield>
    </datafield>
    <datafield tag="650" ind1=" " ind2=" ">
        <subfield code="a">ECONOMIC STATISTICS</subfield>
        <subfield code="0">(DHLAUTH)269633</subfield>
    </datafield>
    <datafield tag="650" ind1=" " ind2=" ">
        <subfield code="a">CASE STUDIES</subfield>
        <subfield code="0">(DHLAUTH)274639</subfield>
    </datafield>
    <datafield tag="650" ind1=" " ind2=" ">
        <subfield code="a">FIELD VISITS</subfield>
        <subfield code="0">(DHLAUTH)275795</subfield>
    </datafield>
    <datafield tag="650" ind1=" " ind2=" ">
        <subfield code="a">STATISTICAL DATA</subfield>
        <subfield code="0">(DHLAUTH)270233</subfield>
    </datafield>
    <datafield tag="650" ind1=" " ind2=" ">
        <subfield code="a">STATISTICAL METHODOLOGY</subfield>
        <subfield code="0">(DHLAUTH)269635</subfield>
    </datafield>
    <datafield tag="650" ind1=" " ind2=" ">
        <subfield code="a">INFORMATION SYSTEMS</subfield>
        <subfield code="0">(DHLAUTH)272026</subfield>
    </datafield>
    <datafield tag="650" ind1=" " ind2=" ">
        <subfield code="a">AGRICULTURE</subfield>
        <subfield code="0">(DHLAUTH)271335</subfield>
    </datafield>
    <datafield tag="650" ind1=" " ind2=" ">
        <subfield code="a">INDUSTRY</subfield>
        <subfield code="0">(DHLAUTH)271796</subfield>
    </datafield>
    <datafield tag="650" ind1=" " ind2=" ">
        <subfield code="a">FISH PRODUCTION</subfield>
        <subfield code="0">(DHLAUTH)271367</subfield>
    </datafield>
    <datafield tag="650" ind1=" " ind2=" ">
        <subfield code="a">INSURANCE</subfield>
        <subfield code="0">(DHLAUTH)270382</subfield>
    </datafield>
    <datafield tag="650" ind1=" " ind2=" ">
        <subfield code="a">ELECTRICITY</subfield>
        <subfield code="0">(DHLAUTH)271193</subfield>
    </datafield>
    <datafield tag="650" ind1=" " ind2=" ">
        <subfield code="a">RECOMMENDATIONS</subfield>
        <subfield code="0">(DHLAUTH)275840</subfield>
    </datafield>
    <datafield tag="650" ind1=" " ind2=" ">
        <subfield code="a">DOMESTIC TRADE</subfield>
        <subfield code="0">(DHLAUTH)272797</subfield>
    </datafield>
</record>
<record>
    <datafield tag="191" ind1=" " ind2=" ">
        <subfield code="a">E/ESCWA/TCD/1999/18</subfield>
    </datafield>
    <datafield tag="246" ind1=" " ind2=" ">
        <subfield code="a">تقرير عن المهمة الاستشارية الى بلدية دبي امارة دبي-دولة الامارات العربية المتحدة</subfield>
    </datafield>
    <datafield tag="269" ind1=" " ind2=" ">
        <subfield code="a">19990618</subfield>
    </datafield>
    <datafield tag="650" ind1=" " ind2=" ">
        <subfield code="a">ADVISORY SERVICES</subfield>
        <subfield code="0">(DHLAUTH)269860</subfield>
    </datafield>
    <datafield tag="650" ind1=" " ind2=" ">
        <subfield code="a">UNITED ARAB EMIRATES</subfield>
        <subfield code="0">(DHLAUTH)275604</subfield>
    </datafield>
    <datafield tag="650" ind1=" " ind2=" ">
        <subfield code="a">DUBAI (UNITED ARAB EMIRATES)</subfield>
        <subfield code="0">(DHLAUTH)276985</subfield>
    </datafield>
    <datafield tag="650" ind1=" " ind2=" ">
        <subfield code="a">DATA PROCESSING</subfield>
        <subfield code="0">(DHLAUTH)272727</subfield>
    </datafield>
    <datafield tag="650" ind1=" " ind2=" ">
        <subfield code="a">STATISTICAL METHODOLOGY</subfield>
        <subfield code="0">(DHLAUTH)269635</subfield>
    </datafield>
    <datafield tag="650" ind1=" " ind2=" ">
        <subfield code="a">ORGANIZATIONAL STRUCTURE</subfield>
        <subfield code="0">(DHLAUTH)272030</subfield>
    </datafield>
    <datafield tag="650" ind1=" " ind2=" ">
        <subfield code="a">FAMILY</subfield>
        <subfield code="0">(DHLAUTH)269293</subfield>
    </datafield>
    <datafield tag="650" ind1=" " ind2=" ">
        <subfield code="a">FAMILY INCOME</subfield>
        <subfield code="0">(DHLAUTH)269804</subfield>
    </datafield>
    <datafield tag="650" ind1=" " ind2=" ">
        <subfield code="a">EVALUATION</subfield>
        <subfield code="0">(DHLAUTH)269588</subfield>
    </datafield>
    <datafield tag="650" ind1=" " ind2=" ">
        <subfield code="a">STATISTICAL DATA</subfield>
        <subfield code="0">(DHLAUTH)270233</subfield>
    </datafield>
    <datafield tag="650" ind1=" " ind2=" ">
        <subfield code="a">MODEL FORMS</subfield>
        <subfield code="0">(DHLAUTH)269304</subfield>
    </datafield>
    <datafield tag="650" ind1=" " ind2=" ">
        <subfield code="a">HOUSEHOLD EXPENDITURES</subfield>
        <subfield code="0">(DHLAUTH)269741</subfield>
    </datafield>
    <datafield tag="650" ind1=" " ind2=" ">
        <subfield code="a">HOUSEHOLD SURVEYS</subfield>
        <subfield code="0">(DHLAUTH)270181</subfield>
    </datafield>
    <datafield tag="650" ind1=" " ind2=" ">
        <subfield code="a">DATABASES</subfield>
        <subfield code="0">(DHLAUTH)275124</subfield>
    </datafield>
</record>
<record>
    <datafield tag="191" ind1=" " ind2=" ">
        <subfield code="a">E/ESCWA/TCD/1999/19</subfield>
    </datafield>
    <datafield tag="246" ind1=" " ind2=" ">
        <subfield code="a">تقرير عن المهمة الاستشارية الى الجهاز المركزي للاحصاء صنعاء-الجمهورية  اليمنية</subfield>
    </datafield>
    <datafield tag="269" ind1=" " ind2=" ">
        <subfield code="a">19990618</subfield>
    </datafield>
    <datafield tag="650" ind1=" " ind2=" ">
        <subfield code="a">ADVISORY SERVICES</subfield>
        <subfield code="0">(DHLAUTH)269860</subfield>
    </datafield>
    <datafield tag="650" ind1=" " ind2=" ">
        <subfield code="a">YEMEN</subfield>
        <subfield code="0">(DHLAUTH)273521</subfield>
    </datafield>
    <datafield tag="650" ind1=" " ind2=" ">
        <subfield code="a">SANA'A (YEMEN)</subfield>
        <subfield code="0">(DHLAUTH)584060</subfield>
    </datafield>
    <datafield tag="650" ind1=" " ind2=" ">
        <subfield code="a">DATA PROCESSING</subfield>
        <subfield code="0">(DHLAUTH)272727</subfield>
    </datafield>
    <datafield tag="650" ind1=" " ind2=" ">
        <subfield code="a">STATISTICAL METHODOLOGY</subfield>
        <subfield code="0">(DHLAUTH)269635</subfield>
    </datafield>
    <datafield tag="650" ind1=" " ind2=" ">
        <subfield code="a">STATISTICAL DATA</subfield>
        <subfield code="0">(DHLAUTH)270233</subfield>
    </datafield>
    <datafield tag="650" ind1=" " ind2=" ">
        <subfield code="a">FAMILY</subfield>
        <subfield code="0">(DHLAUTH)269293</subfield>
    </datafield>
    <datafield tag="650" ind1=" " ind2=" ">
        <subfield code="a">EVALUATION</subfield>
        <subfield code="0">(DHLAUTH)269588</subfield>
    </datafield>
    <datafield tag="650" ind1=" " ind2=" ">
        <subfield code="a">FAMILY BUDGET</subfield>
        <subfield code="0">(DHLAUTH)274124</subfield>
    </datafield>
    <datafield tag="650" ind1=" " ind2=" ">
        <subfield code="a">FAMILY SIZE</subfield>
        <subfield code="0">(DHLAUTH)273035</subfield>
    </datafield>
    <datafield tag="650" ind1=" " ind2=" ">
        <subfield code="a">MANPOWER</subfield>
        <subfield code="0">(DHLAUTH)273105</subfield>
    </datafield>
    <datafield tag="650" ind1=" " ind2=" ">
        <subfield code="a">UNEMPLOYMENT</subfield>
        <subfield code="0">(DHLAUTH)269726</subfield>
    </datafield>
    <datafield tag="650" ind1=" " ind2=" ">
        <subfield code="a">PUBLIC ADMINISTRATION</subfield>
        <subfield code="0">(DHLAUTH)269881</subfield>
    </datafield>
    <datafield tag="650" ind1=" " ind2=" ">
        <subfield code="a">HOUSEHOLD EXPENDITURES</subfield>
        <subfield code="0">(DHLAUTH)269741</subfield>
    </datafield>
    <datafield tag="650" ind1=" " ind2=" ">
        <subfield code="a">HOUSEHOLD SURVEYS</subfield>
        <subfield code="0">(DHLAUTH)270181</subfield>
    </datafield>
    <datafield tag="650" ind1=" " ind2=" ">
        <subfield code="a">DATA ANALYSIS</subfield>
        <subfield code="0">(DHLAUTH)275260</subfield>
    </datafield>
</record>
<record>
    <datafield tag="191" ind1=" " ind2=" ">
        <subfield code="a">E/ESCWA/TCD/1999/2</subfield>
    </datafield>
    <datafield tag="246" ind1=" " ind2=" ">
        <subfield code="a">مهمة تطوير وسائل ونظم معالجة المعلومات في الجهاز المركزي للاحصاء-دولة قطر للفترة 11-23 كانون الاول/ديسمبر 1998 </subfield>
    </datafield>
    <datafield tag="269" ind1=" " ind2=" ">
        <subfield code="a">19990114</subfield>
    </datafield>
    <datafield tag="650" ind1=" " ind2=" ">
        <subfield code="a">QATAR</subfield>
        <subfield code="0">(DHLAUTH)275603</subfield>
    </datafield>
    <datafield tag="650" ind1=" " ind2=" ">
        <subfield code="a">INFORMATION PROCESSING</subfield>
        <subfield code="0">(DHLAUTH)274925</subfield>
    </datafield>
    <datafield tag="650" ind1=" " ind2=" ">
        <subfield code="a">INFORMATION SYSTEMS</subfield>
        <subfield code="0">(DHLAUTH)272026</subfield>
    </datafield>
    <datafield tag="650" ind1=" " ind2=" ">
        <subfield code="a">MODEL FORMS</subfield>
        <subfield code="0">(DHLAUTH)269304</subfield>
    </datafield>
    <datafield tag="650" ind1=" " ind2=" ">
        <subfield code="a">STATISTICAL DATA</subfield>
        <subfield code="0">(DHLAUTH)270233</subfield>
    </datafield>
    <datafield tag="650" ind1=" " ind2=" ">
        <subfield code="a">DATA COLLECTION</subfield>
        <subfield code="0">(DHLAUTH)270174</subfield>
    </datafield>
    <datafield tag="650" ind1=" " ind2=" ">
        <subfield code="a">DATA ANALYSIS</subfield>
        <subfield code="0">(DHLAUTH)275260</subfield>
    </datafield>
    <datafield tag="650" ind1=" " ind2=" ">
        <subfield code="a">RECOMMENDATIONS</subfield>
        <subfield code="0">(DHLAUTH)275840</subfield>
    </datafield>
    <datafield tag="650" ind1=" " ind2=" ">
        <subfield code="a">ORGANIZATIONAL STRUCTURE</subfield>
        <subfield code="0">(DHLAUTH)272030</subfield>
    </datafield>
</record>
<record>
    <datafield tag="191" ind1=" " ind2=" ">
        <subfield code="a">E/ESCWA/TCD/1999/20</subfield>
    </datafield>
    <datafield tag="246" ind1=" " ind2=" ">
        <subfield code="a">رؤيا استراتيجية لتطوير وادارة مصادر المياه في امارة رأس الخيمة الامارات العربية المتحدة</subfield>
    </datafield>
    <datafield tag="269" ind1=" " ind2=" ">
        <subfield code="a">19990714</subfield>
    </datafield>
    <datafield tag="650" ind1=" " ind2=" ">
        <subfield code="a">ADVISORY SERVICES</subfield>
        <subfield code="0">(DHLAUTH)269860</subfield>
    </datafield>
    <datafield tag="650" ind1=" " ind2=" ">
        <subfield code="a">UNITED ARAB EMIRATES</subfield>
        <subfield code="0">(DHLAUTH)275604</subfield>
    </datafield>
    <datafield tag="650" ind1=" " ind2=" ">
        <subfield code="a">RAS AL KHAIMAH (UNITED ARAB EMIRATES)</subfield>
        <subfield code="0">(DHLAUTH)599966</subfield>
    </datafield>
    <datafield tag="650" ind1=" " ind2=" ">
        <subfield code="a">WATER</subfield>
        <subfield code="0">(DHLAUTH)270885</subfield>
    </datafield>
    <datafield tag="650" ind1=" " ind2=" ">
        <subfield code="a">WATER RESOURCES</subfield>
        <subfield code="0">(DHLAUTH)270568</subfield>
    </datafield>
    <datafield tag="650" ind1=" " ind2=" ">
        <subfield code="a">WATER MANAGEMENT</subfield>
        <subfield code="0">(DHLAUTH)270919</subfield>
    </datafield>
    <datafield tag="650" ind1=" " ind2=" ">
        <subfield code="a">GROUNDWATER</subfield>
        <subfield code="0">(DHLAUTH)270891</subfield>
    </datafield>
    <datafield tag="650" ind1=" " ind2=" ">
        <subfield code="a">WATER REUSE</subfield>
        <subfield code="0">(DHLAUTH)270916</subfield>
    </datafield>
    <datafield tag="650" ind1=" " ind2=" ">
        <subfield code="a">WATER RESOURCES DEVELOPMENT</subfield>
        <subfield code="0">(DHLAUTH)269975</subfield>
    </datafield>
    <datafield tag="650" ind1=" " ind2=" ">
        <subfield code="a">DESALINATION</subfield>
        <subfield code="0">(DHLAUTH)270874</subfield>
    </datafield>
</record>
<record>
    <datafield tag="191" ind1=" " ind2=" ">
        <subfield code="a">E/ESCWA/TCD/1999/21</subfield>
    </datafield>
    <datafield tag="246" ind1=" " ind2=" ">
        <subfield code="a">تقرير عن المهمة الاستشارية القصيرة في الامانة العامة لمجلس التخطيط (ادارة الاحصاء) الدوحة, قطر</subfield>
    </datafield>
    <datafield tag="269" ind1=" " ind2=" ">
        <subfield code="a">19990805</subfield>
    </datafield>
    <datafield tag="650" ind1=" " ind2=" ">
        <subfield code="a">ADVISORY SERVICES</subfield>
        <subfield code="0">(DHLAUTH)269860</subfield>
    </datafield>
    <datafield tag="650" ind1=" " ind2=" ">
        <subfield code="a">QATAR</subfield>
        <subfield code="0">(DHLAUTH)275603</subfield>
    </datafield>
    <datafield tag="650" ind1=" " ind2=" ">
        <subfield code="a">NATIONAL ACCOUNTS</subfield>
        <subfield code="0">(DHLAUTH)269651</subfield>
    </datafield>
    <datafield tag="650" ind1=" " ind2=" ">
        <subfield code="a">ECONOMIC STATISTICS</subfield>
        <subfield code="0">(DHLAUTH)269633</subfield>
    </datafield>
    <datafield tag="650" ind1=" " ind2=" ">
        <subfield code="a">STATISTICAL DATA</subfield>
        <subfield code="0">(DHLAUTH)270233</subfield>
    </datafield>
    <datafield tag="650" ind1=" " ind2=" ">
        <subfield code="a">STATISTICS</subfield>
        <subfield code="0">(DHLAUTH)269347</subfield>
    </datafield>
    <datafield tag="650" ind1=" " ind2=" ">
        <subfield code="a">PUBLIC ADMINISTRATION</subfield>
        <subfield code="0">(DHLAUTH)269881</subfield>
    </datafield>
    <datafield tag="650" ind1=" " ind2=" ">
        <subfield code="a">RECOMMENDATIONS</subfield>
        <subfield code="0">(DHLAUTH)275840</subfield>
    </datafield>
    <datafield tag="650" ind1=" " ind2=" ">
        <subfield code="a">WESTERN ASIA</subfield>
        <subfield code="0">(DHLAUTH)275490</subfield>
    </datafield>
    <datafield tag="650" ind1=" " ind2=" ">
        <subfield code="a">COMPUTERS</subfield>
        <subfield code="0">(DHLAUTH)271865</subfield>
    </datafield>
    <datafield tag="650" ind1=" " ind2=" ">
        <subfield code="a">COMPUTER PROGRAMS</subfield>
        <subfield code="0">(DHLAUTH)275242</subfield>
    </datafield>
</record>
<record>
    <datafield tag="191" ind1=" " ind2=" ">
        <subfield code="a">E/ESCWA/TCD/1999/22</subfield>
    </datafield>
    <datafield tag="246" ind1=" " ind2=" ">
        <subfield code="a">بنية الاتصالات والمعلومات للدائرة الاقتصادية لحكومة امارة راس الخيمة دراسة معدة لمشروع اعداد رؤية تنموية لإمارة دولة الامارات العربية المتحدة رأس الخيمة للعقد الاول من القرن الحادي والعشرين-مشروع (UAE/98/001) </subfield>
    </datafield>
    <datafield tag="269" ind1=" " ind2=" ">
        <subfield code="a">19990805</subfield>
    </datafield>
    <datafield tag="650" ind1=" " ind2=" ">
        <subfield code="a">UNITED ARAB EMIRATES</subfield>
        <subfield code="0">(DHLAUTH)275604</subfield>
    </datafield>
    <datafield tag="650" ind1=" " ind2=" ">
        <subfield code="a">RAS AL KHAIMAH (UNITED ARAB EMIRATES)</subfield>
        <subfield code="0">(DHLAUTH)599966</subfield>
    </datafield>
    <datafield tag="650" ind1=" " ind2=" ">
        <subfield code="a">COMMUNICATIONS</subfield>
        <subfield code="0">(DHLAUTH)272411</subfield>
    </datafield>
    <datafield tag="650" ind1=" " ind2=" ">
        <subfield code="a">INFORMATION</subfield>
        <subfield code="0">(DHLAUTH)270009</subfield>
    </datafield>
    <datafield tag="650" ind1=" " ind2=" ">
        <subfield code="a">COMMUNICATION TECHNOLOGY</subfield>
        <subfield code="0">(DHLAUTH)272713</subfield>
    </datafield>
    <datafield tag="650" ind1=" " ind2=" ">
        <subfield code="a">INFORMATION TECHNOLOGY</subfield>
        <subfield code="0">(DHLAUTH)272714</subfield>
    </datafield>
    <datafield tag="650" ind1=" " ind2=" ">
        <subfield code="a">PROJECT IMPLEMENTATION</subfield>
        <subfield code="0">(DHLAUTH)269965</subfield>
    </datafield>
    <datafield tag="650" ind1=" " ind2=" ">
        <subfield code="a">COMPUTER PROGRAMMING</subfield>
        <subfield code="0">(DHLAUTH)269654</subfield>
    </datafield>
    <datafield tag="650" ind1=" " ind2=" ">
        <subfield code="a">INTERNET</subfield>
        <subfield code="0">(DHLAUTH)438931</subfield>
    </datafield>
    <datafield tag="650" ind1=" " ind2=" ">
        <subfield code="a">DEVELOPMENT PLANS</subfield>
        <subfield code="0">(DHLAUTH)269892</subfield>
    </datafield>
    <datafield tag="650" ind1=" " ind2=" ">
        <subfield code="a">DATA BANKS</subfield>
        <subfield code="0">(DHLAUTH)275123</subfield>
    </datafield>
    <datafield tag="650" ind1=" " ind2=" ">
        <subfield code="a">STATISTICAL DATA</subfield>
        <subfield code="0">(DHLAUTH)270233</subfield>
    </datafield>
    <datafield tag="650" ind1=" " ind2=" ">
        <subfield code="a">DEVELOPMENT PROJECTS</subfield>
        <subfield code="0">(DHLAUTH)444783</subfield>
    </datafield>
    <datafield tag="650" ind1=" " ind2=" ">
        <subfield code="a">ADMINISTRATIVE ASPECTS</subfield>
        <subfield code="0">(DHLAUTH)270039</subfield>
    </datafield>
</record>
<record>
    <datafield tag="191" ind1=" " ind2=" ">
        <subfield code="a">E/ESCWA/TCD/1999/23</subfield>
    </datafield>
    <datafield tag="246" ind1=" " ind2=" ">
        <subfield code="a">تقرير عن المهمة الاستشارية الى دار تنمية الاسرة, الدوحة </subfield>
    </datafield>
    <datafield tag="269" ind1=" " ind2=" ">
        <subfield code="a">19990805</subfield>
    </datafield>
    <datafield tag="650" ind1=" " ind2=" ">
        <subfield code="a">ADVISORY SERVICES</subfield>
        <subfield code="0">(DHLAUTH)269860</subfield>
    </datafield>
    <datafield tag="650" ind1=" " ind2=" ">
        <subfield code="a">QATAR</subfield>
        <subfield code="0">(DHLAUTH)275603</subfield>
    </datafield>
    <datafield tag="650" ind1=" " ind2=" ">
        <subfield code="a">FAMILY</subfield>
        <subfield code="0">(DHLAUTH)269293</subfield>
    </datafield>
    <datafield tag="650" ind1=" " ind2=" ">
        <subfield code="a">FAMILY STATISTICS</subfield>
        <subfield code="0">(DHLAUTH)272989</subfield>
    </datafield>
    <datafield tag="650" ind1=" " ind2=" ">
        <subfield code="a">ECONOMIC STATISTICS</subfield>
        <subfield code="0">(DHLAUTH)269633</subfield>
    </datafield>
    <datafield tag="650" ind1=" " ind2=" ">
        <subfield code="a">NATIONAL ACCOUNTS</subfield>
        <subfield code="0">(DHLAUTH)269651</subfield>
    </datafield>
    <datafield tag="650" ind1=" " ind2=" ">
        <subfield code="a">WOMEN'S STATUS</subfield>
        <subfield code="0">(DHLAUTH)269378</subfield>
    </datafield>
    <datafield tag="650" ind1=" " ind2=" ">
        <subfield code="a">WOMEN'S EMPLOYMENT</subfield>
        <subfield code="0">(DHLAUTH)273159</subfield>
    </datafield>
    <datafield tag="650" ind1=" " ind2=" ">
        <subfield code="a">FAMILY PLANNING PROGRAMMES</subfield>
        <subfield code="0">(DHLAUTH)273112</subfield>
    </datafield>
    <datafield tag="650" ind1=" " ind2=" ">
        <subfield code="a">STATISTICAL DATA</subfield>
        <subfield code="0">(DHLAUTH)270233</subfield>
    </datafield>
    <datafield tag="650" ind1=" " ind2=" ">
        <subfield code="a">PROJECT IMPLEMENTATION</subfield>
        <subfield code="0">(DHLAUTH)269965</subfield>
    </datafield>
    <datafield tag="650" ind1=" " ind2=" ">
        <subfield code="a">MODEL FORMS</subfield>
        <subfield code="0">(DHLAUTH)269304</subfield>
    </datafield>
    <datafield tag="650" ind1=" " ind2=" ">
        <subfield code="a">RECOMMENDATIONS</subfield>
        <subfield code="0">(DHLAUTH)275840</subfield>
    </datafield>
</record>
<record>
    <datafield tag="191" ind1=" " ind2=" ">
        <subfield code="a">E/ESCWA/TCD/1999/24</subfield>
    </datafield>
    <datafield tag="246" ind1=" " ind2=" ">
        <subfield code="a">تقرير عن المهمة الاستشارية القصيرة للمملكة الاردنية الهاشمية دائرة الاحصاءات العامة مديرية الاحصاءات الاقتصادية قسم الحسابات القومية </subfield>
    </datafield>
    <datafield tag="269" ind1=" " ind2=" ">
        <subfield code="a">19990805</subfield>
    </datafield>
    <datafield tag="650" ind1=" " ind2=" ">
        <subfield code="a">ADVISORY SERVICES</subfield>
        <subfield code="0">(DHLAUTH)269860</subfield>
    </datafield>
    <datafield tag="650" ind1=" " ind2=" ">
        <subfield code="a">JORDAN</subfield>
        <subfield code="0">(DHLAUTH)269099</subfield>
    </datafield>
    <datafield tag="650" ind1=" " ind2=" ">
        <subfield code="a">STATISTICS</subfield>
        <subfield code="0">(DHLAUTH)269347</subfield>
    </datafield>
    <datafield tag="650" ind1=" " ind2=" ">
        <subfield code="a">NATIONAL ACCOUNTS</subfield>
        <subfield code="0">(DHLAUTH)269651</subfield>
    </datafield>
    <datafield tag="650" ind1=" " ind2=" ">
        <subfield code="a">STATISTICAL DATA</subfield>
        <subfield code="0">(DHLAUTH)270233</subfield>
    </datafield>
    <datafield tag="650" ind1=" " ind2=" ">
        <subfield code="a">INDUSTRIAL SURVEYS</subfield>
        <subfield code="0">(DHLAUTH)271831</subfield>
    </datafield>
    <datafield tag="650" ind1=" " ind2=" ">
        <subfield code="a">MODEL FORMS</subfield>
        <subfield code="0">(DHLAUTH)269304</subfield>
    </datafield>
    <datafield tag="650" ind1=" " ind2=" ">
        <subfield code="a">STANDARDS</subfield>
        <subfield code="0">(DHLAUTH)271959</subfield>
    </datafield>
    <datafield tag="650" ind1=" " ind2=" ">
        <subfield code="a">PROGRESSIVE TAXATION</subfield>
        <subfield code="0">(DHLAUTH)270114</subfield>
    </datafield>
    <datafield tag="650" ind1=" " ind2=" ">
        <subfield code="a">SUBSIDIES</subfield>
        <subfield code="0">(DHLAUTH)270098</subfield>
    </datafield>
    <datafield tag="650" ind1=" " ind2=" ">
        <subfield code="a">PRODUCTION</subfield>
        <subfield code="0">(DHLAUTH)269667</subfield>
    </datafield>
    <datafield tag="650" ind1=" " ind2=" ">
        <subfield code="a">CONSUMPTION</subfield>
        <subfield code="0">(DHLAUTH)269577</subfield>
    </datafield>
    <datafield tag="650" ind1=" " ind2=" ">
        <subfield code="a">NATIONAL INCOME</subfield>
        <subfield code="0">(DHLAUTH)269803</subfield>
    </datafield>
</record>
<record>
    <datafield tag="191" ind1=" " ind2=" ">
        <subfield code="a">E/ESCWA/TCD/1999/25</subfield>
    </datafield>
    <datafield tag="246" ind1=" " ind2=" ">
        <subfield code="a">تقرير عن المهمة الاستشارية الى دولة الامارات العربية المتحدة مشكلة عام 2000 ودائرة بلدية ابوظبي وتخطيط المدن</subfield>
    </datafield>
    <datafield tag="269" ind1=" " ind2=" ">
        <subfield code="a">19990806</subfield>
    </datafield>
    <datafield tag="650" ind1=" " ind2=" ">
        <subfield code="a">ADVISORY SERVICES</subfield>
        <subfield code="0">(DHLAUTH)269860</subfield>
    </datafield>
    <datafield tag="650" ind1=" " ind2=" ">
        <subfield code="a">UNITED ARAB EMIRATES</subfield>
        <subfield code="0">(DHLAUTH)275604</subfield>
    </datafield>
    <datafield tag="650" ind1=" " ind2=" ">
        <subfield code="a">ABU DHABI (UNITED ARAB EMIRATES)</subfield>
        <subfield code="0">(DHLAUTH)276731</subfield>
    </datafield>
    <datafield tag="650" ind1=" " ind2=" ">
        <subfield code="a">SCIENCE AND TECHNOLOGY</subfield>
        <subfield code="0">(DHLAUTH)275209</subfield>
    </datafield>
    <datafield tag="650" ind1=" " ind2=" ">
        <subfield code="a">COMPUTERS</subfield>
        <subfield code="0">(DHLAUTH)271865</subfield>
    </datafield>
    <datafield tag="650" ind1=" " ind2=" ">
        <subfield code="a">MODEL FORMS</subfield>
        <subfield code="0">(DHLAUTH)269304</subfield>
    </datafield>
    <datafield tag="650" ind1=" " ind2=" ">
        <subfield code="a">COMPUTER PROGRAMS</subfield>
        <subfield code="0">(DHLAUTH)275242</subfield>
    </datafield>
    <datafield tag="650" ind1=" " ind2=" ">
        <subfield code="a">ORGANIZATIONAL STRUCTURE</subfield>
        <subfield code="0">(DHLAUTH)272030</subfield>
    </datafield>
    <datafield tag="650" ind1=" " ind2=" ">
        <subfield code="a">INFORMATION SYSTEMS</subfield>
        <subfield code="0">(DHLAUTH)272026</subfield>
    </datafield>
    <datafield tag="650" ind1=" " ind2=" ">
        <subfield code="a">INFORMATION TECHNOLOGY</subfield>
        <subfield code="0">(DHLAUTH)272714</subfield>
    </datafield>
    <datafield tag="650" ind1=" " ind2=" ">
        <subfield code="a">RECOMMENDATIONS</subfield>
        <subfield code="0">(DHLAUTH)275840</subfield>
    </datafield>
    <datafield tag="650" ind1=" " ind2=" ">
        <subfield code="a">URBAN PLANNING</subfield>
        <subfield code="0">(DHLAUTH)268420</subfield>
    </datafield>
    <datafield tag="650" ind1=" " ind2=" ">
        <subfield code="a">RISK</subfield>
        <subfield code="0">(DHLAUTH)269693</subfield>
    </datafield>
    <datafield tag="650" ind1=" " ind2=" ">
        <subfield code="a">OPERATING SYSTEMS</subfield>
        <subfield code="0">(DHLAUTH)275245</subfield>
    </datafield>
</record>
<record>
    <datafield tag="191" ind1=" " ind2=" ">
        <subfield code="a">E/ESCWA/TCD/1999/26</subfield>
    </datafield>
    <datafield tag="246" ind1=" " ind2=" ">
        <subfield code="a">مهمة استشارية في جامعة صنعاء حول البنية التحتية للاتصالات والمعلومات ومناهج ومفردات الحوسبة فيها الجمهورية اليمنية</subfield>
    </datafield>
    <datafield tag="269" ind1=" " ind2=" ">
        <subfield code="a">19990806</subfield>
    </datafield>
    <datafield tag="650" ind1=" " ind2=" ">
        <subfield code="a">ADVISORY SERVICES</subfield>
        <subfield code="0">(DHLAUTH)269860</subfield>
    </datafield>
    <datafield tag="650" ind1=" " ind2=" ">
        <subfield code="a">YEMEN</subfield>
        <subfield code="0">(DHLAUTH)273521</subfield>
    </datafield>
    <datafield tag="650" ind1=" " ind2=" ">
        <subfield code="a">COMMUNICATIONS</subfield>
        <subfield code="0">(DHLAUTH)272411</subfield>
    </datafield>
    <datafield tag="650" ind1=" " ind2=" ">
        <subfield code="a">INFORMATION</subfield>
        <subfield code="0">(DHLAUTH)270009</subfield>
    </datafield>
    <datafield tag="650" ind1=" " ind2=" ">
        <subfield code="a">COMMUNICATION TECHNOLOGY</subfield>
        <subfield code="0">(DHLAUTH)272713</subfield>
    </datafield>
    <datafield tag="650" ind1=" " ind2=" ">
        <subfield code="a">INFORMATION TECHNOLOGY</subfield>
        <subfield code="0">(DHLAUTH)272714</subfield>
    </datafield>
    <datafield tag="650" ind1=" " ind2=" ">
        <subfield code="a">RECOMMENDATIONS</subfield>
        <subfield code="0">(DHLAUTH)275840</subfield>
    </datafield>
    <datafield tag="650" ind1=" " ind2=" ">
        <subfield code="a">AUTOMATION</subfield>
        <subfield code="0">(DHLAUTH)270184</subfield>
    </datafield>
    <datafield tag="650" ind1=" " ind2=" ">
        <subfield code="a">PROJECT PREPARATION</subfield>
        <subfield code="0">(DHLAUTH)275807</subfield>
    </datafield>
    <datafield tag="650" ind1=" " ind2=" ">
        <subfield code="a">CURRICULUM DEVELOPMENT</subfield>
        <subfield code="0">(DHLAUTH)274033</subfield>
    </datafield>
</record>
<record>
    <datafield tag="191" ind1=" " ind2=" ">
        <subfield code="a">E/ESCWA/TCD/1999/27</subfield>
    </datafield>
    <datafield tag="245" ind1=" " ind2=" ">
        <subfield code="a">ENVIRONMENTAL ASPECTS OF DEVELOPMENT IN THE STRATEGIC VISION FOR THE EMIRATE OF RAS AL-KHAIMAH : FINAL REPORT TO THE GOVERNMENT OF RAS AL-KHAIMAH COVERING THE PERIODS 19 FEBRUARY- 8 MARCH 1999 AND JUNE 1999</subfield>
    </datafield>
    <datafield tag="269" ind1=" " ind2=" ">
        <subfield code="a">19990813</subfield>
    </datafield>
    <datafield tag="650" ind1=" " ind2=" ">
        <subfield code="a">ENVIRONMENTAL ASPECTS</subfield>
        <subfield code="0">(DHLAUTH)270631</subfield>
    </datafield>
    <datafield tag="650" ind1=" " ind2=" ">
        <subfield code="a">UNITED ARAB EMIRATES</subfield>
        <subfield code="0">(DHLAUTH)275604</subfield>
    </datafield>
    <datafield tag="650" ind1=" " ind2=" ">
        <subfield code="a">ADVISORY SERVICES</subfield>
        <subfield code="0">(DHLAUTH)269860</subfield>
    </datafield>
    <datafield tag="650" ind1=" " ind2=" ">
        <subfield code="a">NATURAL RESOURCES</subfield>
        <subfield code="0">(DHLAUTH)270548</subfield>
    </datafield>
    <datafield tag="650" ind1=" " ind2=" ">
        <subfield code="a">CEMENT INDUSTRY</subfield>
        <subfield code="0">(DHLAUTH)272076</subfield>
    </datafield>
    <datafield tag="650" ind1=" " ind2=" ">
        <subfield code="a">PHARMACEUTICAL INDUSTRY</subfield>
        <subfield code="0">(DHLAUTH)272332</subfield>
    </datafield>
    <datafield tag="650" ind1=" " ind2=" ">
        <subfield code="a">MARINE RESOURCES</subfield>
        <subfield code="0">(DHLAUTH)269561</subfield>
    </datafield>
    <datafield tag="650" ind1=" " ind2=" ">
        <subfield code="a">LAND-BASED RESOURCES</subfield>
        <subfield code="0">(DHLAUTH)270946</subfield>
    </datafield>
    <datafield tag="650" ind1=" " ind2=" ">
        <subfield code="a">CULTURAL HERITAGE</subfield>
        <subfield code="0">(DHLAUTH)274954</subfield>
    </datafield>
    <datafield tag="650" ind1=" " ind2=" ">
        <subfield code="a">AIR POLLUTION</subfield>
        <subfield code="0">(DHLAUTH)270785</subfield>
    </datafield>
    <datafield tag="650" ind1=" " ind2=" ">
        <subfield code="a">ENVIRONMENTAL MANAGEMENT</subfield>
        <subfield code="0">(DHLAUTH)270590</subfield>
    </datafield>
    <datafield tag="650" ind1=" " ind2=" ">
        <subfield code="a">ORGANIZATIONAL STRUCTURE</subfield>
        <subfield code="0">(DHLAUTH)272030</subfield>
    </datafield>
    <datafield tag="650" ind1=" " ind2=" ">
        <subfield code="a">ENVIRONMENTAL PROTECTION</subfield>
        <subfield code="0">(DHLAUTH)270598</subfield>
    </datafield>
    <datafield tag="650" ind1=" " ind2=" ">
        <subfield code="a">ENVIRONMENTAL INFORMATION</subfield>
        <subfield code="0">(DHLAUTH)270634</subfield>
    </datafield>
    <datafield tag="650" ind1=" " ind2=" ">
        <subfield code="a">ENVIRONMENTAL INDICATORS</subfield>
        <subfield code="0">(DHLAUTH)270683</subfield>
    </datafield>
    <datafield tag="650" ind1=" " ind2=" ">
        <subfield code="a">AIR QUALITY</subfield>
        <subfield code="0">(DHLAUTH)270690</subfield>
    </datafield>
    <datafield tag="650" ind1=" " ind2=" ">
        <subfield code="a">WATER QUALITY</subfield>
        <subfield code="0">(DHLAUTH)270691</subfield>
    </datafield>
    <datafield tag="650" ind1=" " ind2=" ">
        <subfield code="a">RECOMMENDATIONS</subfield>
        <subfield code="0">(DHLAUTH)275840</subfield>
    </datafield>
    <datafield tag="650" ind1=" " ind2=" ">
        <subfield code="a">ENVIRONMENTAL IMPACT ASSESSMENT</subfield>
        <subfield code="0">(DHLAUTH)270597</subfield>
    </datafield>
    <datafield tag="650" ind1=" " ind2=" ">
        <subfield code="a">WESTERN ASIA</subfield>
        <subfield code="0">(DHLAUTH)275490</subfield>
    </datafield>
    <datafield tag="650" ind1=" " ind2=" ">
        <subfield code="a">RAS AL KHAIMAH (UNITED ARAB EMIRATES)</subfield>
        <subfield code="0">(DHLAUTH)599966</subfield>
    </datafield>
</record>
<record>
    <datafield tag="191" ind1=" " ind2=" ">
        <subfield code="a">E/ESCWA/TCD/1999/28</subfield>
    </datafield>
    <datafield tag="246" ind1=" " ind2=" ">
        <subfield code="a">التوجهات الاستراتيجية للقوى العاملة في امارة رأس الخيمة دولة الامارات العربية المتحدة</subfield>
    </datafield>
    <datafield tag="269" ind1=" " ind2=" ">
        <subfield code="a">19990820</subfield>
    </datafield>
    <datafield tag="650" ind1=" " ind2=" ">
        <subfield code="a">ADVISORY SERVICES</subfield>
        <subfield code="0">(DHLAUTH)269860</subfield>
    </datafield>
    <datafield tag="650" ind1=" " ind2=" ">
        <subfield code="a">UNITED ARAB EMIRATES</subfield>
        <subfield code="0">(DHLAUTH)275604</subfield>
    </datafield>
    <datafield tag="650" ind1=" " ind2=" ">
        <subfield code="a">MANPOWER PLANNING</subfield>
        <subfield code="0">(DHLAUTH)269926</subfield>
    </datafield>
    <datafield tag="650" ind1=" " ind2=" ">
        <subfield code="a">MANPOWER</subfield>
        <subfield code="0">(DHLAUTH)273105</subfield>
    </datafield>
    <datafield tag="650" ind1=" " ind2=" ">
        <subfield code="a">RAS AL KHAIMAH (UNITED ARAB EMIRATES)</subfield>
        <subfield code="0">(DHLAUTH)599966</subfield>
    </datafield>
    <datafield tag="650" ind1=" " ind2=" ">
        <subfield code="a">TECHNICAL EDUCATION</subfield>
        <subfield code="0">(DHLAUTH)271975</subfield>
    </datafield>
    <datafield tag="650" ind1=" " ind2=" ">
        <subfield code="a">VOCATIONAL EDUCATION</subfield>
        <subfield code="0">(DHLAUTH)271333</subfield>
    </datafield>
    <datafield tag="650" ind1=" " ind2=" ">
        <subfield code="a">VOCATIONAL TRAINING</subfield>
        <subfield code="0">(DHLAUTH)271390</subfield>
    </datafield>
    <datafield tag="650" ind1=" " ind2=" ">
        <subfield code="a">HUMAN RESOURCES</subfield>
        <subfield code="0">(DHLAUTH)270571</subfield>
    </datafield>
    <datafield tag="650" ind1=" " ind2=" ">
        <subfield code="a">MATHEMATICAL MODELS</subfield>
        <subfield code="0">(DHLAUTH)269590</subfield>
    </datafield>
    <datafield tag="650" ind1=" " ind2=" ">
        <subfield code="a">WOMEN IN DEVELOPMENT</subfield>
        <subfield code="0">(DHLAUTH)269878</subfield>
    </datafield>
    <datafield tag="650" ind1=" " ind2=" ">
        <subfield code="a">SUPPLY AND DEMAND</subfield>
        <subfield code="0">(DHLAUTH)269584</subfield>
    </datafield>
</record>
<record>
    <datafield tag="191" ind1=" " ind2=" ">
        <subfield code="a">E/ESCWA/TCD/1999/29</subfield>
    </datafield>
    <datafield tag="246" ind1=" " ind2=" ">
        <subfield code="a">تقرير عن المهمة الاستشارية الى الجهاز المركزي للإحصاء والمصادر الطبيعية الفلسطيني دمشق - الجمهورية العربية السورية خلال الفترة 22 حزيران/ يونيو -9 تموز/يوليو 1999</subfield>
    </datafield>
    <datafield tag="269" ind1=" " ind2=" ">
        <subfield code="a">19990827</subfield>
    </datafield>
    <datafield tag="650" ind1=" " ind2=" ">
        <subfield code="a">SYRIAN ARAB REPUBLIC</subfield>
        <subfield code="0">(DHLAUTH)273496</subfield>
    </datafield>
    <datafield tag="650" ind1=" " ind2=" ">
        <subfield code="a">ADVISORY SERVICES</subfield>
        <subfield code="0">(DHLAUTH)269860</subfield>
    </datafield>
    <datafield tag="650" ind1=" " ind2=" ">
        <subfield code="a">DAMASCUS (SYRIAN ARAB REPUBLIC)</subfield>
        <subfield code="0">(DHLAUTH)276957</subfield>
    </datafield>
    <datafield tag="650" ind1=" " ind2=" ">
        <subfield code="a">POPULATION SURVEYS</subfield>
        <subfield code="0">(DHLAUTH)272991</subfield>
    </datafield>
    <datafield tag="650" ind1=" " ind2=" ">
        <subfield code="a">INFANTS</subfield>
        <subfield code="0">(DHLAUTH)272949</subfield>
    </datafield>
    <datafield tag="650" ind1=" " ind2=" ">
        <subfield code="a">QUESTIONNAIRES</subfield>
        <subfield code="0">(DHLAUTH)272018</subfield>
    </datafield>
    <datafield tag="650" ind1=" " ind2=" ">
        <subfield code="a">COMPUTER NETWORKS</subfield>
        <subfield code="0">(DHLAUTH)272732</subfield>
    </datafield>
    <datafield tag="650" ind1=" " ind2=" ">
        <subfield code="a">SOCIAL SURVEYS</subfield>
        <subfield code="0">(DHLAUTH)269794</subfield>
    </datafield>
    <datafield tag="650" ind1=" " ind2=" ">
        <subfield code="a">RECOMMENDATIONS</subfield>
        <subfield code="0">(DHLAUTH)275840</subfield>
    </datafield>
    <datafield tag="650" ind1=" " ind2=" ">
        <subfield code="a">HOUSING SURVEYS</subfield>
        <subfield code="0">(DHLAUTH)273621</subfield>
    </datafield>
    <datafield tag="650" ind1=" " ind2=" ">
        <subfield code="a">DATA PROCESSING SERVICES</subfield>
        <subfield code="0">(DHLAUTH)275236</subfield>
    </datafield>
</record>
<record>
    <datafield tag="191" ind1=" " ind2=" ">
        <subfield code="a">E/ESCWA/TCD/1999/3</subfield>
    </datafield>
    <datafield tag="246" ind1=" " ind2=" ">
        <subfield code="a">اهتمامات الدول العربية في تجارة الخدمات في اطار منظمة التجارة العالمية اجتماع التجارة والتنمية القاهرة 8-11 حزيران/يونيو 1998</subfield>
    </datafield>
    <datafield tag="269" ind1=" " ind2=" ">
        <subfield code="a">19990114</subfield>
    </datafield>
    <datafield tag="650" ind1=" " ind2=" ">
        <subfield code="a">CONFERENCES</subfield>
        <subfield code="0">(DHLAUTH)275758</subfield>
    </datafield>
    <datafield tag="650" ind1=" " ind2=" ">
        <subfield code="a">ARAB COUNTRIES</subfield>
        <subfield code="0">(DHLAUTH)268705</subfield>
    </datafield>
    <datafield tag="650" ind1=" " ind2=" ">
        <subfield code="a">TRADE IN SERVICES</subfield>
        <subfield code="0">(DHLAUTH)272229</subfield>
    </datafield>
    <datafield tag="650" ind1=" " ind2=" ">
        <subfield code="a">WESTERN ASIA</subfield>
        <subfield code="0">(DHLAUTH)275490</subfield>
    </datafield>
    <datafield tag="650" ind1=" " ind2=" ">
        <subfield code="a">STATISTICAL DATA</subfield>
        <subfield code="0">(DHLAUTH)270233</subfield>
    </datafield>
</record>
<record>
    <datafield tag="191" ind1=" " ind2=" ">
        <subfield code="a">E/ESCWA/TCD/1999/30</subfield>
    </datafield>
    <datafield tag="246" ind1=" " ind2=" ">
        <subfield code="a">تقرير عن المهمة الاستشارية الى وزارة الري والاسكان والمرافق في الجمهورية العربية السورية خلال الفترة 19-24 حزيران/يونيو 1999</subfield>
    </datafield>
    <datafield tag="269" ind1=" " ind2=" ">
        <subfield code="a">19990903</subfield>
    </datafield>
    <datafield tag="650" ind1=" " ind2=" ">
        <subfield code="a">ADVISORY SERVICES</subfield>
        <subfield code="0">(DHLAUTH)269860</subfield>
    </datafield>
    <datafield tag="650" ind1=" " ind2=" ">
        <subfield code="a">SYRIAN ARAB REPUBLIC</subfield>
        <subfield code="0">(DHLAUTH)273496</subfield>
    </datafield>
    <datafield tag="650" ind1=" " ind2=" ">
        <subfield code="a">WATER TREATMENT</subfield>
        <subfield code="0">(DHLAUTH)270883</subfield>
    </datafield>
    <datafield tag="650" ind1=" " ind2=" ">
        <subfield code="a">GEOGRAPHIC INFORMATION SYSTEMS</subfield>
        <subfield code="0">(DHLAUTH)270489</subfield>
    </datafield>
    <datafield tag="650" ind1=" " ind2=" ">
        <subfield code="a">WATER RESOURCES DEVELOPMENT</subfield>
        <subfield code="0">(DHLAUTH)269975</subfield>
    </datafield>
    <datafield tag="650" ind1=" " ind2=" ">
        <subfield code="a">DRINKING WATER</subfield>
        <subfield code="0">(DHLAUTH)270884</subfield>
    </datafield>
    <datafield tag="650" ind1=" " ind2=" ">
        <subfield code="a">STATISTICAL DATA</subfield>
        <subfield code="0">(DHLAUTH)270233</subfield>
    </datafield>
    <datafield tag="650" ind1=" " ind2=" ">
        <subfield code="a">DAMASCUS (SYRIAN ARAB REPUBLIC)</subfield>
        <subfield code="0">(DHLAUTH)276957</subfield>
    </datafield>
    <datafield tag="650" ind1=" " ind2=" ">
        <subfield code="a">WATER RESOURCES</subfield>
        <subfield code="0">(DHLAUTH)270568</subfield>
    </datafield>
    <datafield tag="650" ind1=" " ind2=" ">
        <subfield code="a">MATHEMATICAL MODELS</subfield>
        <subfield code="0">(DHLAUTH)269590</subfield>
    </datafield>
    <datafield tag="650" ind1=" " ind2=" ">
        <subfield code="a">GROUNDWATER</subfield>
        <subfield code="0">(DHLAUTH)270891</subfield>
    </datafield>
    <datafield tag="650" ind1=" " ind2=" ">
        <subfield code="a">DAMS</subfield>
        <subfield code="0">(DHLAUTH)270769</subfield>
    </datafield>
</record>
<record>
    <datafield tag="191" ind1=" " ind2=" ">
        <subfield code="a">E/ESCWA/TCD/1999/31</subfield>
    </datafield>
    <datafield tag="245" ind1=" " ind2=" ">
        <subfield code="a">REPORT ON MISSION TO THE MINISTRY OF ECONOMY AND TRADE THE REPUBLIC OF LEBANON DURING THE PERIOD 16-30 JULY 1999</subfield>
    </datafield>
    <datafield tag="269" ind1=" " ind2=" ">
        <subfield code="a">19990913</subfield>
    </datafield>
    <datafield tag="650" ind1=" " ind2=" ">
        <subfield code="a">ADVISORY SERVICES</subfield>
        <subfield code="0">(DHLAUTH)269860</subfield>
    </datafield>
    <datafield tag="650" ind1=" " ind2=" ">
        <subfield code="a">TERMS OF REFERENCE</subfield>
        <subfield code="0">(DHLAUTH)268319</subfield>
    </datafield>
    <datafield tag="650" ind1=" " ind2=" ">
        <subfield code="a">RECOMMENDATIONS</subfield>
        <subfield code="0">(DHLAUTH)275840</subfield>
    </datafield>
    <datafield tag="650" ind1=" " ind2=" ">
        <subfield code="a">INFORMATION SYSTEMS</subfield>
        <subfield code="0">(DHLAUTH)272026</subfield>
    </datafield>
    <datafield tag="650" ind1=" " ind2=" ">
        <subfield code="a">INDUSTRIAL SECTOR</subfield>
        <subfield code="0">(DHLAUTH)271815</subfield>
    </datafield>
    <datafield tag="650" ind1=" " ind2=" ">
        <subfield code="a">REPORTING PROCEDURES</subfield>
        <subfield code="0">(DHLAUTH)275834</subfield>
    </datafield>
    <datafield tag="650" ind1=" " ind2=" ">
        <subfield code="a">TECHNICAL COOPERATION</subfield>
        <subfield code="0">(DHLAUTH)268658</subfield>
    </datafield>
</record>
<record>
    <datafield tag="191" ind1=" " ind2=" ">
        <subfield code="a">E/ESCWA/TCD/1999/32</subfield>
    </datafield>
    <datafield tag="246" ind1=" " ind2=" ">
        <subfield code="a">تقرير عن المهمة الاستشارية لادارة الاحصاء المركزي في رئاسة مجلس الوزراء في الجمهورية اللبنانية خلال الفترة 2-8 آب/اغسطس 1999</subfield>
    </datafield>
    <datafield tag="269" ind1=" " ind2=" ">
        <subfield code="a">19990923</subfield>
    </datafield>
    <datafield tag="650" ind1=" " ind2=" ">
        <subfield code="a">ADVISORY SERVICES</subfield>
        <subfield code="0">(DHLAUTH)269860</subfield>
    </datafield>
    <datafield tag="650" ind1=" " ind2=" ">
        <subfield code="a">LEBANON</subfield>
        <subfield code="0">(DHLAUTH)269069</subfield>
    </datafield>
    <datafield tag="650" ind1=" " ind2=" ">
        <subfield code="a">RECOMMENDATIONS</subfield>
        <subfield code="0">(DHLAUTH)275840</subfield>
    </datafield>
    <datafield tag="650" ind1=" " ind2=" ">
        <subfield code="a">STATISTICAL SERVICES</subfield>
        <subfield code="0">(DHLAUTH)270225</subfield>
    </datafield>
    <datafield tag="650" ind1=" " ind2=" ">
        <subfield code="a">WORK PROGRAMME</subfield>
        <subfield code="0">(DHLAUTH)275800</subfield>
    </datafield>
    <datafield tag="650" ind1=" " ind2=" ">
        <subfield code="a">PUBLICATIONS</subfield>
        <subfield code="0">(DHLAUTH)270013</subfield>
    </datafield>
    <datafield tag="650" ind1=" " ind2=" ">
        <subfield code="a">TECHNICAL COOPERATION</subfield>
        <subfield code="0">(DHLAUTH)268658</subfield>
    </datafield>
</record>
<record>
    <datafield tag="191" ind1=" " ind2=" ">
        <subfield code="a">E/ESCWA/TCD/1999/33</subfield>
    </datafield>
    <datafield tag="246" ind1=" " ind2=" ">
        <subfield code="a">تقرير عن المهمة الاستشارية المرحلة الاولى لإدارة الاحصاء المركزي في رئاسة مجلس الوزراء في الجمهورية اللبنانية خلال الفترة 25-31 آب/اغسطس 1999</subfield>
    </datafield>
    <datafield tag="269" ind1=" " ind2=" ">
        <subfield code="a">19990923</subfield>
    </datafield>
    <datafield tag="650" ind1=" " ind2=" ">
        <subfield code="a">ADVISORY SERVICES</subfield>
        <subfield code="0">(DHLAUTH)269860</subfield>
    </datafield>
    <datafield tag="650" ind1=" " ind2=" ">
        <subfield code="a">STATISTICAL SERVICES</subfield>
        <subfield code="0">(DHLAUTH)270225</subfield>
    </datafield>
    <datafield tag="650" ind1=" " ind2=" ">
        <subfield code="a">STATISTICAL DATA</subfield>
        <subfield code="0">(DHLAUTH)270233</subfield>
    </datafield>
    <datafield tag="650" ind1=" " ind2=" ">
        <subfield code="a">DATA COLLECTION</subfield>
        <subfield code="0">(DHLAUTH)270174</subfield>
    </datafield>
    <datafield tag="650" ind1=" " ind2=" ">
        <subfield code="a">LEBANON</subfield>
        <subfield code="0">(DHLAUTH)269069</subfield>
    </datafield>
    <datafield tag="650" ind1=" " ind2=" ">
        <subfield code="a">RECOMMENDATIONS</subfield>
        <subfield code="0">(DHLAUTH)275840</subfield>
    </datafield>
    <datafield tag="650" ind1=" " ind2=" ">
        <subfield code="a">INTERNET</subfield>
        <subfield code="0">(DHLAUTH)438931</subfield>
    </datafield>
    <datafield tag="650" ind1=" " ind2=" ">
        <subfield code="a">DATA PROCESSING</subfield>
        <subfield code="0">(DHLAUTH)272727</subfield>
    </datafield>
    <datafield tag="650" ind1=" " ind2=" ">
        <subfield code="a">PUBLICATIONS</subfield>
        <subfield code="0">(DHLAUTH)270013</subfield>
    </datafield>
    <datafield tag="650" ind1=" " ind2=" ">
        <subfield code="a">ABACA</subfield>
        <subfield code="0">(DHLAUTH)271457</subfield>
    </datafield>
</record>
<record>
    <datafield tag="191" ind1=" " ind2=" ">
        <subfield code="a">E/ESCWA/TCD/1999/34</subfield>
    </datafield>
    <datafield tag="246" ind1=" " ind2=" ">
        <subfield code="a">مقترح برنامج تطوير قطاع المرأة </subfield>
    </datafield>
    <datafield tag="269" ind1=" " ind2=" ">
        <subfield code="a">19990923</subfield>
    </datafield>
    <datafield tag="650" ind1=" " ind2=" ">
        <subfield code="a">SOCIAL INDICATORS</subfield>
        <subfield code="0">(DHLAUTH)269644</subfield>
    </datafield>
    <datafield tag="650" ind1=" " ind2=" ">
        <subfield code="a">ADVISORY SERVICES</subfield>
        <subfield code="0">(DHLAUTH)269860</subfield>
    </datafield>
    <datafield tag="650" ind1=" " ind2=" ">
        <subfield code="a">WOMEN</subfield>
        <subfield code="0">(DHLAUTH)273032</subfield>
    </datafield>
    <datafield tag="650" ind1=" " ind2=" ">
        <subfield code="a">VOCATIONAL TRAINING</subfield>
        <subfield code="0">(DHLAUTH)271390</subfield>
    </datafield>
    <datafield tag="650" ind1=" " ind2=" ">
        <subfield code="a">OMAN</subfield>
        <subfield code="0">(DHLAUTH)273438</subfield>
    </datafield>
    <datafield tag="650" ind1=" " ind2=" ">
        <subfield code="a">RECOMMENDATIONS</subfield>
        <subfield code="0">(DHLAUTH)275840</subfield>
    </datafield>
    <datafield tag="650" ind1=" " ind2=" ">
        <subfield code="a">CHILDREN</subfield>
        <subfield code="0">(DHLAUTH)269400</subfield>
    </datafield>
    <datafield tag="650" ind1=" " ind2=" ">
        <subfield code="a">VOCATIONAL REHABILITATION</subfield>
        <subfield code="0">(DHLAUTH)273789</subfield>
    </datafield>
    <datafield tag="650" ind1=" " ind2=" ">
        <subfield code="a">FIELD VISITS</subfield>
        <subfield code="0">(DHLAUTH)275795</subfield>
    </datafield>
    <datafield tag="650" ind1=" " ind2=" ">
        <subfield code="a">EDUCATIONAL INDICATORS</subfield>
        <subfield code="0">(DHLAUTH)274015</subfield>
    </datafield>
    <datafield tag="650" ind1=" " ind2=" ">
        <subfield code="a">STATISTICAL DATA</subfield>
        <subfield code="0">(DHLAUTH)270233</subfield>
    </datafield>
    <datafield tag="650" ind1=" " ind2=" ">
        <subfield code="a">ORGANIZATIONAL STRUCTURE</subfield>
        <subfield code="0">(DHLAUTH)272030</subfield>
    </datafield>
    <datafield tag="650" ind1=" " ind2=" ">
        <subfield code="a">WORK PROGRAMME</subfield>
        <subfield code="0">(DHLAUTH)275800</subfield>
    </datafield>
</record>
<record>
    <datafield tag="191" ind1=" " ind2=" ">
        <subfield code="a">E/ESCWA/TCD/1999/35</subfield>
    </datafield>
    <datafield tag="245" ind1=" " ind2=" ">
        <subfield code="a">REPORT ON MISSION FINAL REPORT TO THE KUWAIT INSTITUTE FOR SCIENTIFIC RESEARCH STATE OF KUWAIT DURING THE PERIOD 20 TO 30 JULY 1999</subfield>
    </datafield>
    <datafield tag="269" ind1=" " ind2=" ">
        <subfield code="a">19991004</subfield>
    </datafield>
    <datafield tag="650" ind1=" " ind2=" ">
        <subfield code="a">KUWAIT</subfield>
        <subfield code="0">(DHLAUTH)273384</subfield>
    </datafield>
    <datafield tag="650" ind1=" " ind2=" ">
        <subfield code="a">PROJECT EVALUATION</subfield>
        <subfield code="0">(DHLAUTH)269591</subfield>
    </datafield>
    <datafield tag="650" ind1=" " ind2=" ">
        <subfield code="a">ENVIRONMENTAL INDICATORS</subfield>
        <subfield code="0">(DHLAUTH)270683</subfield>
    </datafield>
    <datafield tag="650" ind1=" " ind2=" ">
        <subfield code="a">AIR QUALITY</subfield>
        <subfield code="0">(DHLAUTH)270690</subfield>
    </datafield>
    <datafield tag="650" ind1=" " ind2=" ">
        <subfield code="a">WATER QUALITY</subfield>
        <subfield code="0">(DHLAUTH)270691</subfield>
    </datafield>
    <datafield tag="650" ind1=" " ind2=" ">
        <subfield code="a">SUSTAINABLE DEVELOPMENT</subfield>
        <subfield code="0">(DHLAUTH)269920</subfield>
    </datafield>
    <datafield tag="650" ind1=" " ind2=" ">
        <subfield code="a">QUALITY CONTROL</subfield>
        <subfield code="0">(DHLAUTH)271952</subfield>
    </datafield>
    <datafield tag="650" ind1=" " ind2=" ">
        <subfield code="a">DEVELOPMENT</subfield>
        <subfield code="0">(DHLAUTH)269844</subfield>
    </datafield>
    <datafield tag="650" ind1=" " ind2=" ">
        <subfield code="a">DECISION-MAKING</subfield>
        <subfield code="0">(DHLAUTH)270223</subfield>
    </datafield>
    <datafield tag="650" ind1=" " ind2=" ">
        <subfield code="a">EXPERT SYSTEMS</subfield>
        <subfield code="0">(DHLAUTH)275155</subfield>
    </datafield>
    <datafield tag="650" ind1=" " ind2=" ">
        <subfield code="a">ADVISORY SERVICES</subfield>
        <subfield code="0">(DHLAUTH)269860</subfield>
    </datafield>
</record>
<record>
    <datafield tag="191" ind1=" " ind2=" ">
        <subfield code="a">E/ESCWA/TCD/1999/36</subfield>
    </datafield>
    <datafield tag="246" ind1=" " ind2=" ">
        <subfield code="a">الآثار البيئية لمشاريع المياه : تقرير عن المهمة الاستشارية الى وزارة الدولة لشؤون البيئة في الجمهورية العربية السورية : خلال الفترة 25 حزيران-2 تموز 1999</subfield>
    </datafield>
    <datafield tag="269" ind1=" " ind2=" ">
        <subfield code="a">19991021</subfield>
    </datafield>
    <datafield tag="650" ind1=" " ind2=" ">
        <subfield code="a">SYRIAN ARAB REPUBLIC</subfield>
        <subfield code="0">(DHLAUTH)273496</subfield>
    </datafield>
    <datafield tag="650" ind1=" " ind2=" ">
        <subfield code="a">WESTERN ASIA</subfield>
        <subfield code="0">(DHLAUTH)275490</subfield>
    </datafield>
    <datafield tag="650" ind1=" " ind2=" ">
        <subfield code="a">WATER RESOURCES</subfield>
        <subfield code="0">(DHLAUTH)270568</subfield>
    </datafield>
    <datafield tag="650" ind1=" " ind2=" ">
        <subfield code="a">WATER TREATMENT</subfield>
        <subfield code="0">(DHLAUTH)270883</subfield>
    </datafield>
    <datafield tag="650" ind1=" " ind2=" ">
        <subfield code="a">PILOT PROJECTS</subfield>
        <subfield code="0">(DHLAUTH)275768</subfield>
    </datafield>
</record>
<record>
    <datafield tag="191" ind1=" " ind2=" ">
        <subfield code="a">E/ESCWA/TCD/1999/38</subfield>
    </datafield>
    <datafield tag="246" ind1=" " ind2=" ">
        <subfield code="a">تقرير عن المهمة الاستشارية الى مدينة الملك عبد العزيز للعلوم التقنية - الرياض - المملكة العربية السعودية : وثيقة السياسة الوطنية للعلوم والتقنية خلال الفترات 5-22 ايار 1999 و 5-26 حزيران 1999 و 10-17 تموز 1999 </subfield>
    </datafield>
    <datafield tag="269" ind1=" " ind2=" ">
        <subfield code="a">19991116</subfield>
    </datafield>
    <datafield tag="650" ind1=" " ind2=" ">
        <subfield code="a">SCIENCE</subfield>
        <subfield code="0">(DHLAUTH)270693</subfield>
    </datafield>
    <datafield tag="650" ind1=" " ind2=" ">
        <subfield code="a">SCIENCE AND TECHNOLOGY POLICY</subfield>
        <subfield code="0">(DHLAUTH)275207</subfield>
    </datafield>
    <datafield tag="650" ind1=" " ind2=" ">
        <subfield code="a">ACTIVITIES</subfield>
        <subfield code="0">(DHLAUTH)275823</subfield>
    </datafield>
    <datafield tag="650" ind1=" " ind2=" ">
        <subfield code="a">RECOMMENDATIONS</subfield>
        <subfield code="0">(DHLAUTH)275840</subfield>
    </datafield>
    <datafield tag="650" ind1=" " ind2=" ">
        <subfield code="a">SAUDI ARABIA</subfield>
        <subfield code="0">(DHLAUTH)273464</subfield>
    </datafield>
    <datafield tag="650" ind1=" " ind2=" ">
        <subfield code="a">WESTERN ASIA</subfield>
        <subfield code="0">(DHLAUTH)275490</subfield>
    </datafield>
    <datafield tag="650" ind1=" " ind2=" ">
        <subfield code="a">WORK PROGRAMME</subfield>
        <subfield code="0">(DHLAUTH)275800</subfield>
    </datafield>
    <datafield tag="650" ind1=" " ind2=" ">
        <subfield code="a">PROGRAMME IMPLEMENTATION</subfield>
        <subfield code="0">(DHLAUTH)275794</subfield>
    </datafield>
</record>
<record>
    <datafield tag="191" ind1=" " ind2=" ">
        <subfield code="a">E/ESCWA/TCD/1999/4</subfield>
    </datafield>
    <datafield tag="246" ind1=" " ind2=" ">
        <subfield code="a">تقرير عن المهمة الاستشارية الى مدينة الملك عبد العزيز للعلوم والتقنية الرياض-المملكة العربية السعودية خلال الفترة 17-22 تشرين الاول/اكتوبر 1998</subfield>
    </datafield>
    <datafield tag="269" ind1=" " ind2=" ">
        <subfield code="a">19990128</subfield>
    </datafield>
    <datafield tag="650" ind1=" " ind2=" ">
        <subfield code="a">ADVISORY SERVICES</subfield>
        <subfield code="0">(DHLAUTH)269860</subfield>
    </datafield>
    <datafield tag="650" ind1=" " ind2=" ">
        <subfield code="a">SAUDI ARABIA</subfield>
        <subfield code="0">(DHLAUTH)273464</subfield>
    </datafield>
    <datafield tag="650" ind1=" " ind2=" ">
        <subfield code="a">ORGANIZATIONAL STRUCTURE</subfield>
        <subfield code="0">(DHLAUTH)272030</subfield>
    </datafield>
    <datafield tag="650" ind1=" " ind2=" ">
        <subfield code="a">AGENDA</subfield>
        <subfield code="0">(DHLAUTH)275133</subfield>
    </datafield>
    <datafield tag="650" ind1=" " ind2=" ">
        <subfield code="a">RECOMMENDATIONS</subfield>
        <subfield code="0">(DHLAUTH)275840</subfield>
    </datafield>
    <datafield tag="650" ind1=" " ind2=" ">
        <subfield code="a">HUMAN DEVELOPMENT</subfield>
        <subfield code="0">(DHLAUTH)276688</subfield>
    </datafield>
    <datafield tag="650" ind1=" " ind2=" ">
        <subfield code="a">SUSTAINABLE DEVELOPMENT</subfield>
        <subfield code="0">(DHLAUTH)269920</subfield>
    </datafield>
    <datafield tag="650" ind1=" " ind2=" ">
        <subfield code="a">SCIENCE AND TECHNOLOGY POLICY</subfield>
        <subfield code="0">(DHLAUTH)275207</subfield>
    </datafield>
    <datafield tag="650" ind1=" " ind2=" ">
        <subfield code="a">WORK PROGRAMME</subfield>
        <subfield code="0">(DHLAUTH)275800</subfield>
    </datafield>
</record>
<record>
    <datafield tag="191" ind1=" " ind2=" ">
        <subfield code="a">E/ESCWA/TCD/1999/41</subfield>
    </datafield>
    <datafield tag="246" ind1=" " ind2=" ">
        <subfield code="a">تقرير عن المهمة الاستشارية الى الهيئة العامة للمعلومات حول التجارة الالكترونية مرحلة اولية ابوظبي - دولة الامارات العربية المتحدة للفترة 12-18 ايلول/سبتمبر 1999</subfield>
    </datafield>
    <datafield tag="269" ind1=" " ind2=" ">
        <subfield code="a">19991125</subfield>
    </datafield>
    <datafield tag="650" ind1=" " ind2=" ">
        <subfield code="a">ADVISORY SERVICES</subfield>
        <subfield code="0">(DHLAUTH)269860</subfield>
    </datafield>
    <datafield tag="650" ind1=" " ind2=" ">
        <subfield code="a">ELECTRONIC COMMERCE</subfield>
        <subfield code="0">(DHLAUTH)476422</subfield>
    </datafield>
    <datafield tag="650" ind1=" " ind2=" ">
        <subfield code="a">INTERNATIONAL ORGANIZATIONS</subfield>
        <subfield code="0">(DHLAUTH)268671</subfield>
    </datafield>
    <datafield tag="650" ind1=" " ind2=" ">
        <subfield code="a">UNITED ARAB EMIRATES</subfield>
        <subfield code="0">(DHLAUTH)275604</subfield>
    </datafield>
    <datafield tag="650" ind1=" " ind2=" ">
        <subfield code="a">WESTERN ASIA</subfield>
        <subfield code="0">(DHLAUTH)275490</subfield>
    </datafield>
    <datafield tag="650" ind1=" " ind2=" ">
        <subfield code="a">RECOMMENDATIONS</subfield>
        <subfield code="0">(DHLAUTH)275840</subfield>
    </datafield>
    <datafield tag="650" ind1=" " ind2=" ">
        <subfield code="a">INTERNET</subfield>
        <subfield code="0">(DHLAUTH)438931</subfield>
    </datafield>
    <datafield tag="650" ind1=" " ind2=" ">
        <subfield code="a">TELECOMMUNICATIONS</subfield>
        <subfield code="0">(DHLAUTH)272452</subfield>
    </datafield>
    <datafield tag="650" ind1=" " ind2=" ">
        <subfield code="a">TRADE DATA INTERCHANGE</subfield>
        <subfield code="0">(DHLAUTH)272905</subfield>
    </datafield>
</record>
<record>
    <datafield tag="191" ind1=" " ind2=" ">
        <subfield code="a">E/ESCWA/TCD/1999/42</subfield>
    </datafield>
    <datafield tag="246" ind1=" " ind2=" ">
        <subfield code="a">تقرير عن المهمة الاستشارية الى وزارة الري الشركة العامة للدراسات المائية الجمهورية العربية السورية تطوير امكانات استعمال الشركة لتكنولوجيا المعلومات في نشاطاتها التقنية والادارية خلال الفترة16-15 اذار/مارس 1999 </subfield>
    </datafield>
    <datafield tag="269" ind1=" " ind2=" ">
        <subfield code="a">19991223</subfield>
    </datafield>
    <datafield tag="650" ind1=" " ind2=" ">
        <subfield code="a">ADVISORY SERVICES</subfield>
        <subfield code="0">(DHLAUTH)269860</subfield>
    </datafield>
    <datafield tag="650" ind1=" " ind2=" ">
        <subfield code="a">INFORMATION TECHNOLOGY</subfield>
        <subfield code="0">(DHLAUTH)272714</subfield>
    </datafield>
    <datafield tag="650" ind1=" " ind2=" ">
        <subfield code="a">SYRIAN ARAB REPUBLIC</subfield>
        <subfield code="0">(DHLAUTH)273496</subfield>
    </datafield>
    <datafield tag="650" ind1=" " ind2=" ">
        <subfield code="a">COMPUTER SOFTWARE</subfield>
        <subfield code="0">(DHLAUTH)275244</subfield>
    </datafield>
    <datafield tag="650" ind1=" " ind2=" ">
        <subfield code="a">RECOMMENDATIONS</subfield>
        <subfield code="0">(DHLAUTH)275840</subfield>
    </datafield>
    <datafield tag="650" ind1=" " ind2=" ">
        <subfield code="a">ORGANIZATIONAL STRUCTURE</subfield>
        <subfield code="0">(DHLAUTH)272030</subfield>
    </datafield>
    <datafield tag="650" ind1=" " ind2=" ">
        <subfield code="a">INTERNET</subfield>
        <subfield code="0">(DHLAUTH)438931</subfield>
    </datafield>
    <datafield tag="650" ind1=" " ind2=" ">
        <subfield code="a">COMPUTER NETWORKS</subfield>
        <subfield code="0">(DHLAUTH)272732</subfield>
    </datafield>
    <datafield tag="650" ind1=" " ind2=" ">
        <subfield code="a">INFORMATICS</subfield>
        <subfield code="0">(DHLAUTH)275151</subfield>
    </datafield>
</record>
<record>
    <datafield tag="191" ind1=" " ind2=" ">
        <subfield code="a">E/ESCWA/TCD/1999/44</subfield>
    </datafield>
    <datafield tag="246" ind1=" " ind2=" ">
        <subfield code="a">تقرير ورشة العمل عن نظم المعلومات الجغرافية واستخدام برامجياتها في تطوير المنهجيات والانشطة الاحصائية التي عقدت في معهد الدراسات والبحوث الاحصائية -جامعة القاهرة خلال الفترة 12-26 ايلول/ سبتمبر 1999 عن انشطة المشروع الاقليمي لنظم المعلومات الجغرافية والمشروع الاقليمي للمسوح الاسرية</subfield>
    </datafield>
    <datafield tag="269" ind1=" " ind2=" ">
        <subfield code="a">19991220</subfield>
    </datafield>
    <datafield tag="650" ind1=" " ind2=" ">
        <subfield code="a">STATISTICAL METHODOLOGY</subfield>
        <subfield code="0">(DHLAUTH)269635</subfield>
    </datafield>
    <datafield tag="650" ind1=" " ind2=" ">
        <subfield code="a">RECOMMENDATIONS</subfield>
        <subfield code="0">(DHLAUTH)275840</subfield>
    </datafield>
    <datafield tag="650" ind1=" " ind2=" ">
        <subfield code="a">PARTICIPANTS</subfield>
        <subfield code="0">(DHLAUTH)275785</subfield>
    </datafield>
    <datafield tag="650" ind1=" " ind2=" ">
        <subfield code="a">DATA ANALYSIS</subfield>
        <subfield code="0">(DHLAUTH)275260</subfield>
    </datafield>
    <datafield tag="650" ind1=" " ind2=" ">
        <subfield code="a">FIELD VISITS</subfield>
        <subfield code="0">(DHLAUTH)275795</subfield>
    </datafield>
    <datafield tag="650" ind1=" " ind2=" ">
        <subfield code="a">INFORMATION TECHNOLOGY</subfield>
        <subfield code="0">(DHLAUTH)272714</subfield>
    </datafield>
    <datafield tag="650" ind1=" " ind2=" ">
        <subfield code="a">FAMILY LIFE SURVEYS</subfield>
        <subfield code="0">(DHLAUTH)273052</subfield>
    </datafield>
    <datafield tag="650" ind1=" " ind2=" ">
        <subfield code="a">GEOGRAPHIC INFORMATION SYSTEMS</subfield>
        <subfield code="0">(DHLAUTH)270489</subfield>
    </datafield>
    <datafield tag="650" ind1=" " ind2=" ">
        <subfield code="a">COMPUTER SOFTWARE</subfield>
        <subfield code="0">(DHLAUTH)275244</subfield>
    </datafield>
</record>
<record>
    <datafield tag="191" ind1=" " ind2=" ">
        <subfield code="a">E/ESCWA/TCD/1999/45</subfield>
    </datafield>
    <datafield tag="246" ind1=" " ind2=" ">
        <subfield code="a">مقترح برنامج تطوير قطاع الشؤون الاجتماعية تقرير عن المهمة الاستشارية لدى وزارة العمل والشؤون الاجتماعية في جمهورية العراق خلال الفترة 19 حزيران/يونيو لغاية 2 تموز /يوليو 1999</subfield>
    </datafield>
    <datafield tag="269" ind1=" " ind2=" ">
        <subfield code="a">19991228</subfield>
    </datafield>
    <datafield tag="650" ind1=" " ind2=" ">
        <subfield code="a">ADVISORY SERVICES</subfield>
        <subfield code="0">(DHLAUTH)269860</subfield>
    </datafield>
    <datafield tag="650" ind1=" " ind2=" ">
        <subfield code="a">IRAQ</subfield>
        <subfield code="0">(DHLAUTH)273370</subfield>
    </datafield>
    <datafield tag="650" ind1=" " ind2=" ">
        <subfield code="a">SOCIAL DEVELOPMENT</subfield>
        <subfield code="0">(DHLAUTH)269873</subfield>
    </datafield>
    <datafield tag="650" ind1=" " ind2=" ">
        <subfield code="a">RECOMMENDATIONS</subfield>
        <subfield code="0">(DHLAUTH)275840</subfield>
    </datafield>
    <datafield tag="650" ind1=" " ind2=" ">
        <subfield code="a">WOMEN</subfield>
        <subfield code="0">(DHLAUTH)273032</subfield>
    </datafield>
    <datafield tag="650" ind1=" " ind2=" ">
        <subfield code="a">FIELD VISITS</subfield>
        <subfield code="0">(DHLAUTH)275795</subfield>
    </datafield>
</record>
<record>
    <datafield tag="191" ind1=" " ind2=" ">
        <subfield code="a">E/ESCWA/TCD/1999/5</subfield>
    </datafield>
    <datafield tag="246" ind1=" " ind2=" ">
        <subfield code="a">تقييم فني لمنهجية ودراسة البطالة في الاردن التي اجراها مركز الدراسات الاستراتيجية بالجامعة الاردنية كانون الاول/ديسمبر 1998 عمان-المملكة الاردنية الهاشمية</subfield>
    </datafield>
    <datafield tag="269" ind1=" " ind2=" ">
        <subfield code="a">19990202</subfield>
    </datafield>
    <datafield tag="650" ind1=" " ind2=" ">
        <subfield code="a">UNEMPLOYMENT</subfield>
        <subfield code="0">(DHLAUTH)269726</subfield>
    </datafield>
    <datafield tag="650" ind1=" " ind2=" ">
        <subfield code="a">JORDAN</subfield>
        <subfield code="0">(DHLAUTH)269099</subfield>
    </datafield>
    <datafield tag="650" ind1=" " ind2=" ">
        <subfield code="a">AMMAN (JORDAN)</subfield>
        <subfield code="0">(DHLAUTH)276766</subfield>
    </datafield>
    <datafield tag="650" ind1=" " ind2=" ">
        <subfield code="a">STATISTICAL METHODOLOGY</subfield>
        <subfield code="0">(DHLAUTH)269635</subfield>
    </datafield>
    <datafield tag="650" ind1=" " ind2=" ">
        <subfield code="a">ADVISORY SERVICES</subfield>
        <subfield code="0">(DHLAUTH)269860</subfield>
    </datafield>
    <datafield tag="650" ind1=" " ind2=" ">
        <subfield code="a">SAMPLE SURVEYS</subfield>
        <subfield code="0">(DHLAUTH)270182</subfield>
    </datafield>
    <datafield tag="650" ind1=" " ind2=" ">
        <subfield code="a">EMPLOYMENT STATISTICS</subfield>
        <subfield code="0">(DHLAUTH)274201</subfield>
    </datafield>
    <datafield tag="650" ind1=" " ind2=" ">
        <subfield code="a">FIELD VISITS</subfield>
        <subfield code="0">(DHLAUTH)275795</subfield>
    </datafield>
    <datafield tag="650" ind1=" " ind2=" ">
        <subfield code="a">MODEL FORMS</subfield>
        <subfield code="0">(DHLAUTH)269304</subfield>
    </datafield>
    <datafield tag="650" ind1=" " ind2=" ">
        <subfield code="a">DATA PROCESSING</subfield>
        <subfield code="0">(DHLAUTH)272727</subfield>
    </datafield>
    <datafield tag="650" ind1=" " ind2=" ">
        <subfield code="a">STATISTICAL DATA</subfield>
        <subfield code="0">(DHLAUTH)270233</subfield>
    </datafield>
    <datafield tag="650" ind1=" " ind2=" ">
        <subfield code="a">RECOMMENDATIONS</subfield>
        <subfield code="0">(DHLAUTH)275840</subfield>
    </datafield>
    <datafield tag="650" ind1=" " ind2=" ">
        <subfield code="a">MANPOWER STATISTICS</subfield>
        <subfield code="0">(DHLAUTH)274203</subfield>
    </datafield>
    <datafield tag="650" ind1=" " ind2=" ">
        <subfield code="a">HOUSEHOLD SURVEYS</subfield>
        <subfield code="0">(DHLAUTH)270181</subfield>
    </datafield>
    <datafield tag="650" ind1=" " ind2=" ">
        <subfield code="a">EVALUATION</subfield>
        <subfield code="0">(DHLAUTH)269588</subfield>
    </datafield>
</record>
<record>
    <datafield tag="191" ind1=" " ind2=" ">
        <subfield code="a">E/ESCWA/TCD/1999/6</subfield>
    </datafield>
    <datafield tag="245" ind1=" " ind2=" ">
        <subfield code="a">STRENGTHENING THE ENFORCEMENT OF ENVIRONMENTAL LEGISLATIONS IN THE STATE OF KUWAIT</subfield>
    </datafield>
    <datafield tag="269" ind1=" " ind2=" ">
        <subfield code="a">19990212</subfield>
    </datafield>
    <datafield tag="650" ind1=" " ind2=" ">
        <subfield code="a">ADVISORY SERVICES</subfield>
        <subfield code="0">(DHLAUTH)269860</subfield>
    </datafield>
    <datafield tag="650" ind1=" " ind2=" ">
        <subfield code="a">KUWAIT</subfield>
        <subfield code="0">(DHLAUTH)273384</subfield>
    </datafield>
    <datafield tag="650" ind1=" " ind2=" ">
        <subfield code="a">ENVIRONMENTAL LAW</subfield>
        <subfield code="0">(DHLAUTH)269476</subfield>
    </datafield>
    <datafield tag="650" ind1=" " ind2=" ">
        <subfield code="a">PROGRAMME IMPLEMENTATION</subfield>
        <subfield code="0">(DHLAUTH)275794</subfield>
    </datafield>
    <datafield tag="650" ind1=" " ind2=" ">
        <subfield code="a">ENVIRONMENT</subfield>
        <subfield code="0">(DHLAUTH)270627</subfield>
    </datafield>
    <datafield tag="650" ind1=" " ind2=" ">
        <subfield code="a">LAW ENFORCEMENT</subfield>
        <subfield code="0">(DHLAUTH)274592</subfield>
    </datafield>
</record>
<record>
    <datafield tag="191" ind1=" " ind2=" ">
        <subfield code="a">E/ESCWA/TCD/1999/7</subfield>
    </datafield>
    <datafield tag="245" ind1=" " ind2=" ">
        <subfield code="a">REPORT ON MISSION TO THE PREVENTIVE HEATH DEPARTMENT MINISTRY OF HEALTH KINGDOM OF SAUDI ARABIA RIYADH DURING THE PERIOD 10-22 OCTOBER 1998</subfield>
    </datafield>
    <datafield tag="269" ind1=" " ind2=" ">
        <subfield code="a">19990225</subfield>
    </datafield>
    <datafield tag="650" ind1=" " ind2=" ">
        <subfield code="a">SAUDI ARABIA</subfield>
        <subfield code="0">(DHLAUTH)273464</subfield>
    </datafield>
    <datafield tag="650" ind1=" " ind2=" ">
        <subfield code="a">MEDICAL WASTES</subfield>
        <subfield code="0">(DHLAUTH)624617</subfield>
    </datafield>
    <datafield tag="650" ind1=" " ind2=" ">
        <subfield code="a">HEALTH STATISTICS</subfield>
        <subfield code="0">(DHLAUTH)273689</subfield>
    </datafield>
    <datafield tag="650" ind1=" " ind2=" ">
        <subfield code="a">EVALUATION</subfield>
        <subfield code="0">(DHLAUTH)269588</subfield>
    </datafield>
    <datafield tag="650" ind1=" " ind2=" ">
        <subfield code="a">WASTE DISPOSAL</subfield>
        <subfield code="0">(DHLAUTH)270674</subfield>
    </datafield>
    <datafield tag="650" ind1=" " ind2=" ">
        <subfield code="a">WASTE MANAGEMENT</subfield>
        <subfield code="0">(DHLAUTH)272254</subfield>
    </datafield>
    <datafield tag="650" ind1=" " ind2=" ">
        <subfield code="a">WASTE TREATMENT</subfield>
        <subfield code="0">(DHLAUTH)272255</subfield>
    </datafield>
    <datafield tag="650" ind1=" " ind2=" ">
        <subfield code="a">HAZARDOUS WASTES</subfield>
        <subfield code="0">(DHLAUTH)270865</subfield>
    </datafield>
    <datafield tag="650" ind1=" " ind2=" ">
        <subfield code="a">TOXIC WASTE MANAGEMENT</subfield>
        <subfield code="0">(DHLAUTH)270673</subfield>
    </datafield>
    <datafield tag="650" ind1=" " ind2=" ">
        <subfield code="a">INDUSTRIAL WASTES</subfield>
        <subfield code="0">(DHLAUTH)270803</subfield>
    </datafield>
    <datafield tag="650" ind1=" " ind2=" ">
        <subfield code="a">ENVIRONMENTAL MANAGEMENT</subfield>
        <subfield code="0">(DHLAUTH)270590</subfield>
    </datafield>
    <datafield tag="650" ind1=" " ind2=" ">
        <subfield code="a">INFORMATION NETWORKS</subfield>
        <subfield code="0">(DHLAUTH)272733</subfield>
    </datafield>
    <datafield tag="650" ind1=" " ind2=" ">
        <subfield code="a">ENVIRONMENTAL HEALTH</subfield>
        <subfield code="0">(DHLAUTH)270656</subfield>
    </datafield>
    <datafield tag="650" ind1=" " ind2=" ">
        <subfield code="a">WESTERN ASIA</subfield>
        <subfield code="0">(DHLAUTH)275490</subfield>
    </datafield>
    <datafield tag="650" ind1=" " ind2=" ">
        <subfield code="a">BUDGET</subfield>
        <subfield code="0">(DHLAUTH)270085</subfield>
    </datafield>
    <datafield tag="650" ind1=" " ind2=" ">
        <subfield code="a">TIME MANAGEMENT</subfield>
        <subfield code="0">(DHLAUTH)276622</subfield>
    </datafield>
    <datafield tag="650" ind1=" " ind2=" ">
        <subfield code="a">RECOMMENDATIONS</subfield>
        <subfield code="0">(DHLAUTH)275840</subfield>
    </datafield>
</record>
<record>
    <datafield tag="191" ind1=" " ind2=" ">
        <subfield code="a">E/ESCWA/TCD/1999/8</subfield>
    </datafield>
    <datafield tag="246" ind1=" " ind2=" ">
        <subfield code="a">مقترح وثيقة مشروع السياسة والاستراتيجية الكويتية للعلم والتكنولوجياوآليات تنفيذها</subfield>
    </datafield>
    <datafield tag="269" ind1=" " ind2=" ">
        <subfield code="a">19990318</subfield>
    </datafield>
    <datafield tag="650" ind1=" " ind2=" ">
        <subfield code="a">SCIENCE AND TECHNOLOGY POLICY</subfield>
        <subfield code="0">(DHLAUTH)275207</subfield>
    </datafield>
    <datafield tag="650" ind1=" " ind2=" ">
        <subfield code="a">ADVISORY SERVICES</subfield>
        <subfield code="0">(DHLAUTH)269860</subfield>
    </datafield>
    <datafield tag="650" ind1=" " ind2=" ">
        <subfield code="a">KUWAIT</subfield>
        <subfield code="0">(DHLAUTH)273384</subfield>
    </datafield>
    <datafield tag="650" ind1=" " ind2=" ">
        <subfield code="a">SCIENCE AND TECHNOLOGY</subfield>
        <subfield code="0">(DHLAUTH)275209</subfield>
    </datafield>
    <datafield tag="650" ind1=" " ind2=" ">
        <subfield code="a">RECOMMENDATIONS</subfield>
        <subfield code="0">(DHLAUTH)275840</subfield>
    </datafield>
    <datafield tag="650" ind1=" " ind2=" ">
        <subfield code="a">INFORMATION SYSTEMS</subfield>
        <subfield code="0">(DHLAUTH)272026</subfield>
    </datafield>
    <datafield tag="650" ind1=" " ind2=" ">
        <subfield code="a">COMPUTER NETWORKS</subfield>
        <subfield code="0">(DHLAUTH)272732</subfield>
    </datafield>
    <datafield tag="650" ind1=" " ind2=" ">
        <subfield code="a">INFORMATION NETWORKS</subfield>
        <subfield code="0">(DHLAUTH)272733</subfield>
    </datafield>
    <datafield tag="650" ind1=" " ind2=" ">
        <subfield code="a">ORGANIZATIONAL STRUCTURE</subfield>
        <subfield code="0">(DHLAUTH)272030</subfield>
    </datafield>
    <datafield tag="650" ind1=" " ind2=" ">
        <subfield code="a">PROJECT PREPARATION</subfield>
        <subfield code="0">(DHLAUTH)275807</subfield>
    </datafield>
</record>
<record>
    <datafield tag="191" ind1=" " ind2=" ">
        <subfield code="a">E/ESCWA/TCD/1999/9</subfield>
    </datafield>
    <datafield tag="246" ind1=" " ind2=" ">
        <subfield code="a">مقترح اعداد تقرير التنمية البشرية العماني : الاطار والمستلزمات </subfield>
    </datafield>
    <datafield tag="269" ind1=" " ind2=" ">
        <subfield code="a">19990128</subfield>
    </datafield>
    <datafield tag="650" ind1=" " ind2=" ">
        <subfield code="a">ADVISORY SERVICES</subfield>
        <subfield code="0">(DHLAUTH)269860</subfield>
    </datafield>
    <datafield tag="650" ind1=" " ind2=" ">
        <subfield code="a">OMAN</subfield>
        <subfield code="0">(DHLAUTH)273438</subfield>
    </datafield>
    <datafield tag="650" ind1=" " ind2=" ">
        <subfield code="a">HUMAN DEVELOPMENT</subfield>
        <subfield code="0">(DHLAUTH)276688</subfield>
    </datafield>
    <datafield tag="650" ind1=" " ind2=" ">
        <subfield code="a">RECOMMENDATIONS</subfield>
        <subfield code="0">(DHLAUTH)275840</subfield>
    </datafield>
    <datafield tag="650" ind1=" " ind2=" ">
        <subfield code="a">ADMINISTRATIVE PROCEDURE</subfield>
        <subfield code="0">(DHLAUTH)269137</subfield>
    </datafield>
    <datafield tag="650" ind1=" " ind2=" ">
        <subfield code="a">ECONOMIC GROWTH</subfield>
        <subfield code="0">(DHLAUTH)269754</subfield>
    </datafield>
    <datafield tag="650" ind1=" " ind2=" ">
        <subfield code="a">POVERTY</subfield>
        <subfield code="0">(DHLAUTH)270079</subfield>
    </datafield>
    <datafield tag="650" ind1=" " ind2=" ">
        <subfield code="a">CONSUMPTION</subfield>
        <subfield code="0">(DHLAUTH)269577</subfield>
    </datafield>
    <datafield tag="650" ind1=" " ind2=" ">
        <subfield code="a">STATISTICAL DATA</subfield>
        <subfield code="0">(DHLAUTH)270233</subfield>
    </datafield>
    <datafield tag="650" ind1=" " ind2=" ">
        <subfield code="a">ORGANIZATIONAL STRUCTURE</subfield>
        <subfield code="0">(DHLAUTH)272030</subfield>
    </datafield>
</record>
<record>
    <datafield tag="191" ind1=" " ind2=" ">
        <subfield code="a">E/ESCWA/TCD/87/1</subfield>
    </datafield>
    <datafield tag="245" ind1=" " ind2=" ">
        <subfield code="a">PRELIMINARY THOUGHTS ON THE ESTABLISHMENT OF A TRANSPORT SECTOR INFORMATION SYSTEMS IN EGYPT</subfield>
    </datafield>
    <datafield tag="269" ind1=" " ind2=" ">
        <subfield code="a">19870111</subfield>
    </datafield>
    <datafield tag="650" ind1=" " ind2=" ">
        <subfield code="a">EGYPT</subfield>
        <subfield code="0">(DHLAUTH)273328</subfield>
    </datafield>
    <datafield tag="650" ind1=" " ind2=" ">
        <subfield code="a">TRANSPORT PLANNING</subfield>
        <subfield code="0">(DHLAUTH)269928</subfield>
    </datafield>
    <datafield tag="650" ind1=" " ind2=" ">
        <subfield code="a">INFORMATION SYSTEMS</subfield>
        <subfield code="0">(DHLAUTH)272026</subfield>
    </datafield>
    <datafield tag="650" ind1=" " ind2=" ">
        <subfield code="a">COMPUTER APPLICATIONS</subfield>
        <subfield code="0">(DHLAUTH)271864</subfield>
    </datafield>
    <datafield tag="650" ind1=" " ind2=" ">
        <subfield code="a">TRANSPORT SYSTEMS</subfield>
        <subfield code="0">(DHLAUTH)268907</subfield>
    </datafield>
    <datafield tag="650" ind1=" " ind2=" ">
        <subfield code="a">ADVISORY SERVICES</subfield>
        <subfield code="0">(DHLAUTH)269860</subfield>
    </datafield>
    <datafield tag="650" ind1=" " ind2=" ">
        <subfield code="a">RECOMMENDATIONS</subfield>
        <subfield code="0">(DHLAUTH)275840</subfield>
    </datafield>
</record>
<record>
    <datafield tag="191" ind1=" " ind2=" ">
        <subfield code="a">E/ESCWA/TCD/87/2</subfield>
    </datafield>
    <datafield tag="246" ind1=" " ind2=" ">
        <subfield code="a">التنبؤ بالطلب على خدمات النقل الخاص للركاب داخل مدن المملكة العربية السعودية المشكلة واتجاهات الحل</subfield>
    </datafield>
    <datafield tag="269" ind1=" " ind2=" ">
        <subfield code="a">19870201</subfield>
    </datafield>
    <datafield tag="650" ind1=" " ind2=" ">
        <subfield code="a">ADVISORY SERVICES</subfield>
        <subfield code="0">(DHLAUTH)269860</subfield>
    </datafield>
    <datafield tag="650" ind1=" " ind2=" ">
        <subfield code="a">RECOMMENDATIONS</subfield>
        <subfield code="0">(DHLAUTH)275840</subfield>
    </datafield>
    <datafield tag="650" ind1=" " ind2=" ">
        <subfield code="a">URBAN TRANSPORT</subfield>
        <subfield code="0">(DHLAUTH)272484</subfield>
    </datafield>
    <datafield tag="650" ind1=" " ind2=" ">
        <subfield code="a">PASSENGER TRANSPORT</subfield>
        <subfield code="0">(DHLAUTH)272482</subfield>
    </datafield>
    <datafield tag="650" ind1=" " ind2=" ">
        <subfield code="a">EXPRESS SERVICES</subfield>
        <subfield code="0">(DHLAUTH)272485</subfield>
    </datafield>
    <datafield tag="650" ind1=" " ind2=" ">
        <subfield code="a">ECONOMIC FORECASTS</subfield>
        <subfield code="0">(DHLAUTH)269720</subfield>
    </datafield>
    <datafield tag="650" ind1=" " ind2=" ">
        <subfield code="a">DATA BANKS</subfield>
        <subfield code="0">(DHLAUTH)275123</subfield>
    </datafield>
    <datafield tag="650" ind1=" " ind2=" ">
        <subfield code="a">ECONOMETRIC MODELS</subfield>
        <subfield code="0">(DHLAUTH)269630</subfield>
    </datafield>
</record>
<record>
    <datafield tag="191" ind1=" " ind2=" ">
        <subfield code="a">E/ESCWA/TCD/87/4</subfield>
    </datafield>
    <datafield tag="246" ind1=" " ind2=" ">
        <subfield code="a">الاسس الاقتصادية وادوات تمويل بعض بنود موازنات الطرق ضرائب ورسوم مستخدمي الطريق </subfield>
    </datafield>
    <datafield tag="269" ind1=" " ind2=" ">
        <subfield code="a">19870621</subfield>
    </datafield>
    <datafield tag="650" ind1=" " ind2=" ">
        <subfield code="a">TRANSPORT COSTS</subfield>
        <subfield code="0">(DHLAUTH)272246</subfield>
    </datafield>
    <datafield tag="650" ind1=" " ind2=" ">
        <subfield code="a">MAINTENANCE AND REPAIR</subfield>
        <subfield code="0">(DHLAUTH)271898</subfield>
    </datafield>
    <datafield tag="650" ind1=" " ind2=" ">
        <subfield code="a">STANDARDS</subfield>
        <subfield code="0">(DHLAUTH)271959</subfield>
    </datafield>
    <datafield tag="650" ind1=" " ind2=" ">
        <subfield code="a">INVESTMENTS</subfield>
        <subfield code="0">(DHLAUTH)269859</subfield>
    </datafield>
    <datafield tag="650" ind1=" " ind2=" ">
        <subfield code="a">TRANSPORT ECONOMICS</subfield>
        <subfield code="0">(DHLAUTH)269609</subfield>
    </datafield>
    <datafield tag="650" ind1=" " ind2=" ">
        <subfield code="a">PROGRESSIVE TAXATION</subfield>
        <subfield code="0">(DHLAUTH)270114</subfield>
    </datafield>
    <datafield tag="650" ind1=" " ind2=" ">
        <subfield code="a">TRANSPORT FINANCING</subfield>
        <subfield code="0">(DHLAUTH)444383</subfield>
    </datafield>
    <datafield tag="650" ind1=" " ind2=" ">
        <subfield code="a">ROAD TRAFFIC</subfield>
        <subfield code="0">(DHLAUTH)9093</subfield>
    </datafield>
</record>
<record>
    <datafield tag="191" ind1=" " ind2=" ">
        <subfield code="a">E/ESCWA/TCD/87/5</subfield>
    </datafield>
    <datafield tag="245" ind1=" " ind2=" ">
        <subfield code="a">DEVELOPMENT OF THE CONTAINER AND BREAK-BULK FLEETS IN THE ESCWA REGION</subfield>
    </datafield>
    <datafield tag="269" ind1=" " ind2=" ">
        <subfield code="a">19871026</subfield>
    </datafield>
    <datafield tag="650" ind1=" " ind2=" ">
        <subfield code="a">WESTERN ASIA</subfield>
        <subfield code="0">(DHLAUTH)275490</subfield>
    </datafield>
    <datafield tag="650" ind1=" " ind2=" ">
        <subfield code="a">BULK CARGOES</subfield>
        <subfield code="0">(DHLAUTH)272618</subfield>
    </datafield>
    <datafield tag="650" ind1=" " ind2=" ">
        <subfield code="a">CONTAINER SHIPS</subfield>
        <subfield code="0">(DHLAUTH)272625</subfield>
    </datafield>
    <datafield tag="650" ind1=" " ind2=" ">
        <subfield code="a">CONTAINERS</subfield>
        <subfield code="0">(DHLAUTH)272632</subfield>
    </datafield>
    <datafield tag="650" ind1=" " ind2=" ">
        <subfield code="a">ARAB COUNTRIES</subfield>
        <subfield code="0">(DHLAUTH)268705</subfield>
    </datafield>
    <datafield tag="650" ind1=" " ind2=" ">
        <subfield code="a">PORTS</subfield>
        <subfield code="0">(DHLAUTH)270888</subfield>
    </datafield>
    <datafield tag="650" ind1=" " ind2=" ">
        <subfield code="a">RECOMMENDATIONS</subfield>
        <subfield code="0">(DHLAUTH)275840</subfield>
    </datafield>
    <datafield tag="650" ind1=" " ind2=" ">
        <subfield code="a">DEVELOPING COUNTRIES</subfield>
        <subfield code="0">(DHLAUTH)268442</subfield>
    </datafield>
    <datafield tag="650" ind1=" " ind2=" ">
        <subfield code="a">MARITIME TRANSPORT</subfield>
        <subfield code="0">(DHLAUTH)272479</subfield>
    </datafield>
    <datafield tag="650" ind1=" " ind2=" ">
        <subfield code="a">BAHRAIN</subfield>
        <subfield code="0">(DHLAUTH)273274</subfield>
    </datafield>
    <datafield tag="650" ind1=" " ind2=" ">
        <subfield code="a">EGYPT</subfield>
        <subfield code="0">(DHLAUTH)273328</subfield>
    </datafield>
    <datafield tag="650" ind1=" " ind2=" ">
        <subfield code="a">JORDAN</subfield>
        <subfield code="0">(DHLAUTH)269099</subfield>
    </datafield>
    <datafield tag="650" ind1=" " ind2=" ">
        <subfield code="a">KUWAIT</subfield>
        <subfield code="0">(DHLAUTH)273384</subfield>
    </datafield>
    <datafield tag="650" ind1=" " ind2=" ">
        <subfield code="a">OMAN</subfield>
        <subfield code="0">(DHLAUTH)273438</subfield>
    </datafield>
    <datafield tag="650" ind1=" " ind2=" ">
        <subfield code="a">SAUDI ARABIA</subfield>
        <subfield code="0">(DHLAUTH)273464</subfield>
    </datafield>
    <datafield tag="650" ind1=" " ind2=" ">
        <subfield code="a">SYRIAN ARAB REPUBLIC</subfield>
        <subfield code="0">(DHLAUTH)273496</subfield>
    </datafield>
    <datafield tag="650" ind1=" " ind2=" ">
        <subfield code="a">UNITED ARAB EMIRATES</subfield>
        <subfield code="0">(DHLAUTH)275604</subfield>
    </datafield>
</record>
<record>
    <datafield tag="191" ind1=" " ind2=" ">
        <subfield code="a">E/ESCWA/TCD/87/8</subfield>
    </datafield>
    <datafield tag="245" ind1=" " ind2=" ">
        <subfield code="a">DEVELOPMENT PROSPECTS OF THE MULTIMODAL TRANSPORT IN WESTERN ASIA</subfield>
    </datafield>
    <datafield tag="269" ind1=" " ind2=" ">
        <subfield code="a">19871230</subfield>
    </datafield>
    <datafield tag="650" ind1=" " ind2=" ">
        <subfield code="a">AIR TRANSPORT</subfield>
        <subfield code="0">(DHLAUTH)268919</subfield>
    </datafield>
    <datafield tag="650" ind1=" " ind2=" ">
        <subfield code="a">TRANSPORT</subfield>
        <subfield code="0">(DHLAUTH)272243</subfield>
    </datafield>
    <datafield tag="650" ind1=" " ind2=" ">
        <subfield code="a">WESTERN ASIA</subfield>
        <subfield code="0">(DHLAUTH)275490</subfield>
    </datafield>
    <datafield tag="650" ind1=" " ind2=" ">
        <subfield code="a">MULTIMODAL TRANSPORT</subfield>
        <subfield code="0">(DHLAUTH)272480</subfield>
    </datafield>
    <datafield tag="650" ind1=" " ind2=" ">
        <subfield code="a">CONTAINER TRANSPORT</subfield>
        <subfield code="0">(DHLAUTH)272476</subfield>
    </datafield>
    <datafield tag="650" ind1=" " ind2=" ">
        <subfield code="a">PORTS</subfield>
        <subfield code="0">(DHLAUTH)270888</subfield>
    </datafield>
    <datafield tag="650" ind1=" " ind2=" ">
        <subfield code="a">INLAND WATER TRANSPORT</subfield>
        <subfield code="0">(DHLAUTH)270753</subfield>
    </datafield>
    <datafield tag="650" ind1=" " ind2=" ">
        <subfield code="a">MARITIME TRAFFIC</subfield>
        <subfield code="0">(DHLAUTH)272614</subfield>
    </datafield>
</record>
<record>
    <datafield tag="191" ind1=" " ind2=" ">
        <subfield code="a">E/ESCWA/TCD/88/1</subfield>
    </datafield>
    <datafield tag="246" ind1=" " ind2=" ">
        <subfield code="a">تقرير عن الزيارة الى الاتحاد العربي للنقل البري المملكة الاردنية الهاشمية/عمان خلال الفترة من 23-17 ايلول/سبتمبر 1987</subfield>
    </datafield>
    <datafield tag="269" ind1=" " ind2=" ">
        <subfield code="a">19880207</subfield>
    </datafield>
    <datafield tag="650" ind1=" " ind2=" ">
        <subfield code="a">ROAD TRANSPORT</subfield>
        <subfield code="0">(DHLAUTH)9060</subfield>
    </datafield>
    <datafield tag="650" ind1=" " ind2=" ">
        <subfield code="a">JORDAN</subfield>
        <subfield code="0">(DHLAUTH)269099</subfield>
    </datafield>
    <datafield tag="650" ind1=" " ind2=" ">
        <subfield code="a">RECOMMENDATIONS</subfield>
        <subfield code="0">(DHLAUTH)275840</subfield>
    </datafield>
    <datafield tag="650" ind1=" " ind2=" ">
        <subfield code="a">EMPLOYMENT</subfield>
        <subfield code="0">(DHLAUTH)269797</subfield>
    </datafield>
    <datafield tag="650" ind1=" " ind2=" ">
        <subfield code="a">FOUNDATIONS</subfield>
        <subfield code="0">(DHLAUTH)270118</subfield>
    </datafield>
</record>
<record>
    <datafield tag="191" ind1=" " ind2=" ">
        <subfield code="a">E/ESCWA/TCD/88/2</subfield>
    </datafield>
    <datafield tag="246" ind1=" " ind2=" ">
        <subfield code="a">تطوير موانئ منطقة الاسكوا</subfield>
    </datafield>
    <datafield tag="269" ind1=" " ind2=" ">
        <subfield code="a">19880619</subfield>
    </datafield>
    <datafield tag="650" ind1=" " ind2=" ">
        <subfield code="a">PORTS</subfield>
        <subfield code="0">(DHLAUTH)270888</subfield>
    </datafield>
    <datafield tag="650" ind1=" " ind2=" ">
        <subfield code="a">DEVELOPMENT</subfield>
        <subfield code="0">(DHLAUTH)269844</subfield>
    </datafield>
    <datafield tag="650" ind1=" " ind2=" ">
        <subfield code="a">RECOMMENDATIONS</subfield>
        <subfield code="0">(DHLAUTH)275840</subfield>
    </datafield>
    <datafield tag="650" ind1=" " ind2=" ">
        <subfield code="a">EMPLOYMENT</subfield>
        <subfield code="0">(DHLAUTH)269797</subfield>
    </datafield>
    <datafield tag="650" ind1=" " ind2=" ">
        <subfield code="a">PORTS POLICY</subfield>
        <subfield code="0">(DHLAUTH)272676</subfield>
    </datafield>
    <datafield tag="650" ind1=" " ind2=" ">
        <subfield code="a">TECHNICAL TRAINING</subfield>
        <subfield code="0">(DHLAUTH)271971</subfield>
    </datafield>
    <datafield tag="650" ind1=" " ind2=" ">
        <subfield code="a">TRANSPORT STATISTICS</subfield>
        <subfield code="0">(DHLAUTH)270202</subfield>
    </datafield>
    <datafield tag="650" ind1=" " ind2=" ">
        <subfield code="a">DEVELOPMENT PLANS</subfield>
        <subfield code="0">(DHLAUTH)269892</subfield>
    </datafield>
    <datafield tag="650" ind1=" " ind2=" ">
        <subfield code="a">PORT MANAGEMENT</subfield>
        <subfield code="0">(DHLAUTH)272675</subfield>
    </datafield>
</record>
<record>
    <datafield tag="191" ind1=" " ind2=" ">
        <subfield code="a">E/ESCWA/TCD/88/3</subfield>
    </datafield>
    <datafield tag="245" ind1=" " ind2=" ">
        <subfield code="a">MANPOWER REQUIREMENTS AND TRAINING NEEDS FOR MULTIMODAL TRANSPORT DEVELOPMENT AT THE ESCWA REGIONAL LEVEL</subfield>
    </datafield>
    <datafield tag="269" ind1=" " ind2=" ">
        <subfield code="a">19880301</subfield>
    </datafield>
    <datafield tag="650" ind1=" " ind2=" ">
        <subfield code="a">MULTIMODAL TRANSPORT</subfield>
        <subfield code="0">(DHLAUTH)272480</subfield>
    </datafield>
    <datafield tag="650" ind1=" " ind2=" ">
        <subfield code="a">TRANSPORT SYSTEMS</subfield>
        <subfield code="0">(DHLAUTH)268907</subfield>
    </datafield>
    <datafield tag="650" ind1=" " ind2=" ">
        <subfield code="a">TECHNOLOGY TRANSFER</subfield>
        <subfield code="0">(DHLAUTH)271882</subfield>
    </datafield>
    <datafield tag="650" ind1=" " ind2=" ">
        <subfield code="a">PORTS</subfield>
        <subfield code="0">(DHLAUTH)270888</subfield>
    </datafield>
    <datafield tag="650" ind1=" " ind2=" ">
        <subfield code="a">MANPOWER NEEDS</subfield>
        <subfield code="0">(DHLAUTH)274217</subfield>
    </datafield>
    <datafield tag="650" ind1=" " ind2=" ">
        <subfield code="a">TECHNICAL TRAINING</subfield>
        <subfield code="0">(DHLAUTH)271971</subfield>
    </datafield>
    <datafield tag="650" ind1=" " ind2=" ">
        <subfield code="a">TRANSPORT STATISTICS</subfield>
        <subfield code="0">(DHLAUTH)270202</subfield>
    </datafield>
    <datafield tag="650" ind1=" " ind2=" ">
        <subfield code="a">STATISTICAL DATA</subfield>
        <subfield code="0">(DHLAUTH)270233</subfield>
    </datafield>
</record>
<record>
    <datafield tag="191" ind1=" " ind2=" ">
        <subfield code="a">E/ESCWA/TCD/88/4</subfield>
    </datafield>
    <datafield tag="246" ind1=" " ind2=" ">
        <subfield code="a">نحو شبكة متكاملة للخطوط الحديدية في غربي آسيا</subfield>
    </datafield>
    <datafield tag="269" ind1=" " ind2=" ">
        <subfield code="a">19881109</subfield>
    </datafield>
    <datafield tag="650" ind1=" " ind2=" ">
        <subfield code="a">RAILWAYS</subfield>
        <subfield code="0">(DHLAUTH)272499</subfield>
    </datafield>
    <datafield tag="650" ind1=" " ind2=" ">
        <subfield code="a">ARAB COUNTRIES</subfield>
        <subfield code="0">(DHLAUTH)268705</subfield>
    </datafield>
    <datafield tag="650" ind1=" " ind2=" ">
        <subfield code="a">RECOMMENDATIONS</subfield>
        <subfield code="0">(DHLAUTH)275840</subfield>
    </datafield>
    <datafield tag="650" ind1=" " ind2=" ">
        <subfield code="a">TRANSPORT</subfield>
        <subfield code="0">(DHLAUTH)272243</subfield>
    </datafield>
    <datafield tag="650" ind1=" " ind2=" ">
        <subfield code="a">MULTIMODAL TRANSPORT</subfield>
        <subfield code="0">(DHLAUTH)272480</subfield>
    </datafield>
    <datafield tag="650" ind1=" " ind2=" ">
        <subfield code="a">RAILWAY NETWORKS</subfield>
        <subfield code="0">(DHLAUTH)272505</subfield>
    </datafield>
    <datafield tag="650" ind1=" " ind2=" ">
        <subfield code="a">TRANSPORT COSTS</subfield>
        <subfield code="0">(DHLAUTH)272246</subfield>
    </datafield>
    <datafield tag="650" ind1=" " ind2=" ">
        <subfield code="a">SAUDI ARABIA</subfield>
        <subfield code="0">(DHLAUTH)273464</subfield>
    </datafield>
    <datafield tag="650" ind1=" " ind2=" ">
        <subfield code="a">IRAQ</subfield>
        <subfield code="0">(DHLAUTH)273370</subfield>
    </datafield>
    <datafield tag="650" ind1=" " ind2=" ">
        <subfield code="a">SYRIAN ARAB REPUBLIC</subfield>
        <subfield code="0">(DHLAUTH)273496</subfield>
    </datafield>
    <datafield tag="650" ind1=" " ind2=" ">
        <subfield code="a">EGYPT</subfield>
        <subfield code="0">(DHLAUTH)273328</subfield>
    </datafield>
    <datafield tag="650" ind1=" " ind2=" ">
        <subfield code="a">JORDAN</subfield>
        <subfield code="0">(DHLAUTH)269099</subfield>
    </datafield>
    <datafield tag="650" ind1=" " ind2=" ">
        <subfield code="a">TRANSPORT STATISTICS</subfield>
        <subfield code="0">(DHLAUTH)270202</subfield>
    </datafield>
    <datafield tag="650" ind1=" " ind2=" ">
        <subfield code="a">TRANSPORT PROJECTS</subfield>
        <subfield code="0">(DHLAUTH)271818</subfield>
    </datafield>
    <datafield tag="650" ind1=" " ind2=" ">
        <subfield code="a">FEASIBILITY STUDIES</subfield>
        <subfield code="0">(DHLAUTH)269961</subfield>
    </datafield>
    <datafield tag="650" ind1=" " ind2=" ">
        <subfield code="a">LOCOMOTIVES</subfield>
        <subfield code="0">(DHLAUTH)272567</subfield>
    </datafield>
</record>
<record>
    <datafield tag="191" ind1=" " ind2=" ">
        <subfield code="a">E/ESCWA/TCD/88/5</subfield>
    </datafield>
    <datafield tag="246" ind1=" " ind2=" ">
        <subfield code="a">شبكة الاتصالات في منطقة الاسكوا</subfield>
    </datafield>
    <datafield tag="269" ind1=" " ind2=" ">
        <subfield code="a">19881101</subfield>
    </datafield>
    <datafield tag="650" ind1=" " ind2=" ">
        <subfield code="a">TELECOMMUNICATION INDUSTRY</subfield>
        <subfield code="0">(DHLAUTH)272412</subfield>
    </datafield>
    <datafield tag="650" ind1=" " ind2=" ">
        <subfield code="a">TELECOMMUNICATIONS</subfield>
        <subfield code="0">(DHLAUTH)272452</subfield>
    </datafield>
    <datafield tag="650" ind1=" " ind2=" ">
        <subfield code="a">DATA TRANSMISSION</subfield>
        <subfield code="0">(DHLAUTH)272723</subfield>
    </datafield>
</record>
<record>
    <datafield tag="191" ind1=" " ind2=" ">
        <subfield code="a">E/ESCWA/TCD/88/7</subfield>
    </datafield>
    <datafield tag="246" ind1=" " ind2=" ">
        <subfield code="a">الطرق والنقل على الطرق</subfield>
    </datafield>
    <datafield tag="269" ind1=" " ind2=" ">
        <subfield code="a">19881207</subfield>
    </datafield>
    <datafield tag="650" ind1=" " ind2=" ">
        <subfield code="a">ROAD NETWORKS</subfield>
        <subfield code="0">(DHLAUTH)272501</subfield>
    </datafield>
    <datafield tag="650" ind1=" " ind2=" ">
        <subfield code="a">ROAD TRANSPORT</subfield>
        <subfield code="0">(DHLAUTH)9060</subfield>
    </datafield>
    <datafield tag="650" ind1=" " ind2=" ">
        <subfield code="a">REGIONAL COOPERATION</subfield>
        <subfield code="0">(DHLAUTH)268656</subfield>
    </datafield>
    <datafield tag="650" ind1=" " ind2=" ">
        <subfield code="a">TRANSPORT PROJECTS</subfield>
        <subfield code="0">(DHLAUTH)271818</subfield>
    </datafield>
    <datafield tag="650" ind1=" " ind2=" ">
        <subfield code="a">STATISTICAL DATA</subfield>
        <subfield code="0">(DHLAUTH)270233</subfield>
    </datafield>
    <datafield tag="650" ind1=" " ind2=" ">
        <subfield code="a">MAINTENANCE AND REPAIR</subfield>
        <subfield code="0">(DHLAUTH)271898</subfield>
    </datafield>
    <datafield tag="650" ind1=" " ind2=" ">
        <subfield code="a">TRANSPORT COSTS</subfield>
        <subfield code="0">(DHLAUTH)272246</subfield>
    </datafield>
    <datafield tag="650" ind1=" " ind2=" ">
        <subfield code="a">TRANSPORT STATISTICS</subfield>
        <subfield code="0">(DHLAUTH)270202</subfield>
    </datafield>
    <datafield tag="650" ind1=" " ind2=" ">
        <subfield code="a">HIGHWAYS</subfield>
        <subfield code="0">(DHLAUTH)272570</subfield>
    </datafield>
</record>
<record>
    <datafield tag="191" ind1=" " ind2=" ">
        <subfield code="a">E/ESCWA/TCD/88/IG.1/INF.2</subfield>
    </datafield>
    <datafield tag="245" ind1=" " ind2=" ">
        <subfield code="a">PROVISIONAL LIST OF THE PARTICIPANTS</subfield>
    </datafield>
    <datafield tag="269" ind1=" " ind2=" ">
        <subfield code="a">19881214</subfield>
    </datafield>
    <datafield tag="650" ind1=" " ind2=" ">
        <subfield code="a">PARTICIPANTS</subfield>
        <subfield code="0">(DHLAUTH)275785</subfield>
    </datafield>
    <datafield tag="650" ind1=" " ind2=" ">
        <subfield code="a">CONFERENCES</subfield>
        <subfield code="0">(DHLAUTH)275758</subfield>
    </datafield>
    <datafield tag="650" ind1=" " ind2=" ">
        <subfield code="a">TRANSPORT</subfield>
        <subfield code="0">(DHLAUTH)272243</subfield>
    </datafield>
</record>
<record>
    <datafield tag="191" ind1=" " ind2=" ">
        <subfield code="a">E/ESCWA/TCD/94/</subfield>
    </datafield>
    <datafield tag="246" ind1=" " ind2=" ">
        <subfield code="a">محطات مراجعة اوزان الشاحنات الجزء الاول الاسس العامة للتخطيط والتشغيل 12-23 حزيران-يونيو 1994</subfield>
    </datafield>
    <datafield tag="269" ind1=" " ind2=" ">
        <subfield code="a">19940919</subfield>
    </datafield>
    <datafield tag="650" ind1=" " ind2=" ">
        <subfield code="a">TRANSPORT PLANNING</subfield>
        <subfield code="0">(DHLAUTH)269928</subfield>
    </datafield>
    <datafield tag="650" ind1=" " ind2=" ">
        <subfield code="a">MODEL FORMS</subfield>
        <subfield code="0">(DHLAUTH)269304</subfield>
    </datafield>
    <datafield tag="650" ind1=" " ind2=" ">
        <subfield code="a">BORDER TRAFFIC</subfield>
        <subfield code="0">(DHLAUTH)269452</subfield>
    </datafield>
    <datafield tag="650" ind1=" " ind2=" ">
        <subfield code="a">WEIGHTS AND MEASURES</subfield>
        <subfield code="0">(DHLAUTH)271984</subfield>
    </datafield>
    <datafield tag="650" ind1=" " ind2=" ">
        <subfield code="a">TRUCKS</subfield>
        <subfield code="0">(DHLAUTH)272564</subfield>
    </datafield>
    <datafield tag="650" ind1=" " ind2=" ">
        <subfield code="a">SPECIFICATIONS</subfield>
        <subfield code="0">(DHLAUTH)271958</subfield>
    </datafield>
    <datafield tag="650" ind1=" " ind2=" ">
        <subfield code="a">TRANSPORT DOCUMENTS</subfield>
        <subfield code="0">(DHLAUTH)269524</subfield>
    </datafield>
</record>
<record>
    <datafield tag="191" ind1=" " ind2=" ">
        <subfield code="a">E/ESCWA/TCT/85/10</subfield>
    </datafield>
    <datafield tag="245" ind1=" " ind2=" ">
        <subfield code="a">COMTEMPORARY ISSUES OF TRANSPORT PLANNING IN EGYPT</subfield>
    </datafield>
    <datafield tag="269" ind1=" " ind2=" ">
        <subfield code="a">19861007</subfield>
    </datafield>
    <datafield tag="650" ind1=" " ind2=" ">
        <subfield code="a">TRANSPORT PLANNING</subfield>
        <subfield code="0">(DHLAUTH)269928</subfield>
    </datafield>
    <datafield tag="650" ind1=" " ind2=" ">
        <subfield code="a">TRANSPORT POLICY</subfield>
        <subfield code="0">(DHLAUTH)269936</subfield>
    </datafield>
    <datafield tag="650" ind1=" " ind2=" ">
        <subfield code="a">ROAD TRAFFIC</subfield>
        <subfield code="0">(DHLAUTH)9093</subfield>
    </datafield>
    <datafield tag="650" ind1=" " ind2=" ">
        <subfield code="a">EGYPT</subfield>
        <subfield code="0">(DHLAUTH)273328</subfield>
    </datafield>
    <datafield tag="650" ind1=" " ind2=" ">
        <subfield code="a">MODEL FORMS</subfield>
        <subfield code="0">(DHLAUTH)269304</subfield>
    </datafield>
    <datafield tag="650" ind1=" " ind2=" ">
        <subfield code="a">ADVISORY SERVICES</subfield>
        <subfield code="0">(DHLAUTH)269860</subfield>
    </datafield>
</record>
<record>
    <datafield tag="191" ind1=" " ind2=" ">
        <subfield code="a">E/ESCWA/TCT/85/11</subfield>
    </datafield>
    <datafield tag="246" ind1=" " ind2=" ">
        <subfield code="a">مشاكل النقل العام للركاب في دبي : الجهود الجارية وتوجهات المستقبل</subfield>
    </datafield>
    <datafield tag="269" ind1=" " ind2=" ">
        <subfield code="a">19851201</subfield>
    </datafield>
    <datafield tag="650" ind1=" " ind2=" ">
        <subfield code="a">DUBAI (UNITED ARAB EMIRATES)</subfield>
        <subfield code="0">(DHLAUTH)276985</subfield>
    </datafield>
    <datafield tag="650" ind1=" " ind2=" ">
        <subfield code="a">ADVISORY SERVICES</subfield>
        <subfield code="0">(DHLAUTH)269860</subfield>
    </datafield>
    <datafield tag="650" ind1=" " ind2=" ">
        <subfield code="a">PASSENGER TRANSPORT</subfield>
        <subfield code="0">(DHLAUTH)272482</subfield>
    </datafield>
    <datafield tag="650" ind1=" " ind2=" ">
        <subfield code="a">TRANSPORT RESEARCH</subfield>
        <subfield code="0">(DHLAUTH)269782</subfield>
    </datafield>
    <datafield tag="650" ind1=" " ind2=" ">
        <subfield code="a">PUBLIC TRANSPORT</subfield>
        <subfield code="0">(DHLAUTH)272562</subfield>
    </datafield>
    <datafield tag="650" ind1=" " ind2=" ">
        <subfield code="a">URBAN TRANSPORT</subfield>
        <subfield code="0">(DHLAUTH)272484</subfield>
    </datafield>
    <datafield tag="650" ind1=" " ind2=" ">
        <subfield code="a">STANDARDS</subfield>
        <subfield code="0">(DHLAUTH)271959</subfield>
    </datafield>
</record>
<record>
    <datafield tag="191" ind1=" " ind2=" ">
        <subfield code="a">E/ESCWA/TCT/85/13</subfield>
    </datafield>
    <datafield tag="245" ind1=" " ind2=" ">
        <subfield code="a">THE POSSIBILITIES OF EXPANDING THE BULK FLEETS IN WESTERN ASIA</subfield>
    </datafield>
    <datafield tag="269" ind1=" " ind2=" ">
        <subfield code="a">19860430</subfield>
    </datafield>
    <datafield tag="650" ind1=" " ind2=" ">
        <subfield code="a">WESTERN ASIA</subfield>
        <subfield code="0">(DHLAUTH)275490</subfield>
    </datafield>
    <datafield tag="650" ind1=" " ind2=" ">
        <subfield code="a">PETROLEUM PRODUCTS</subfield>
        <subfield code="0">(DHLAUTH)271277</subfield>
    </datafield>
    <datafield tag="650" ind1=" " ind2=" ">
        <subfield code="a">TANKERS</subfield>
        <subfield code="0">(DHLAUTH)271281</subfield>
    </datafield>
    <datafield tag="650" ind1=" " ind2=" ">
        <subfield code="a">RECOMMENDATIONS</subfield>
        <subfield code="0">(DHLAUTH)275840</subfield>
    </datafield>
    <datafield tag="650" ind1=" " ind2=" ">
        <subfield code="a">PHOSPHATES</subfield>
        <subfield code="0">(DHLAUTH)270889</subfield>
    </datafield>
    <datafield tag="650" ind1=" " ind2=" ">
        <subfield code="a">PETROLEUM RESERVES</subfield>
        <subfield code="0">(DHLAUTH)271268</subfield>
    </datafield>
    <datafield tag="650" ind1=" " ind2=" ">
        <subfield code="a">PETROLEUM TRANSPORT</subfield>
        <subfield code="0">(DHLAUTH)271279</subfield>
    </datafield>
    <datafield tag="650" ind1=" " ind2=" ">
        <subfield code="a">BULK CARGOES</subfield>
        <subfield code="0">(DHLAUTH)272618</subfield>
    </datafield>
    <datafield tag="650" ind1=" " ind2=" ">
        <subfield code="a">TRANSPORT RESEARCH</subfield>
        <subfield code="0">(DHLAUTH)269782</subfield>
    </datafield>
</record>
<record>
    <datafield tag="191" ind1=" " ind2=" ">
        <subfield code="a">E/ESCWA/TCT/86/1</subfield>
    </datafield>
    <datafield tag="246" ind1=" " ind2=" ">
        <subfield code="a">تخطيط برامج صيانة شبكات الطرق مدخل كمي مقترح اعتمادا على بعض النماذج الدولية الشائعة</subfield>
    </datafield>
    <datafield tag="269" ind1=" " ind2=" ">
        <subfield code="a">19860205</subfield>
    </datafield>
    <datafield tag="650" ind1=" " ind2=" ">
        <subfield code="a">TRANSPORT COSTS</subfield>
        <subfield code="0">(DHLAUTH)272246</subfield>
    </datafield>
    <datafield tag="650" ind1=" " ind2=" ">
        <subfield code="a">ADVISORY SERVICES</subfield>
        <subfield code="0">(DHLAUTH)269860</subfield>
    </datafield>
    <datafield tag="650" ind1=" " ind2=" ">
        <subfield code="a">SYRIAN ARAB REPUBLIC</subfield>
        <subfield code="0">(DHLAUTH)273496</subfield>
    </datafield>
    <datafield tag="650" ind1=" " ind2=" ">
        <subfield code="a">ROAD NETWORKS</subfield>
        <subfield code="0">(DHLAUTH)272501</subfield>
    </datafield>
    <datafield tag="650" ind1=" " ind2=" ">
        <subfield code="a">SPECIFICATIONS</subfield>
        <subfield code="0">(DHLAUTH)271958</subfield>
    </datafield>
    <datafield tag="650" ind1=" " ind2=" ">
        <subfield code="a">MAINTENANCE AND REPAIR</subfield>
        <subfield code="0">(DHLAUTH)271898</subfield>
    </datafield>
    <datafield tag="650" ind1=" " ind2=" ">
        <subfield code="a">TRANSPORT RESEARCH</subfield>
        <subfield code="0">(DHLAUTH)269782</subfield>
    </datafield>
</record>
<record>
    <datafield tag="191" ind1=" " ind2=" ">
        <subfield code="a">E/ESCWA/TCT/86/2</subfield>
    </datafield>
    <datafield tag="246" ind1=" " ind2=" ">
        <subfield code="a">عرض سريع للملامح العامة لنموذج تصميم الطرق واختيار مواصفات صيانتها</subfield>
    </datafield>
    <datafield tag="269" ind1=" " ind2=" ">
        <subfield code="a">19860428</subfield>
    </datafield>
    <datafield tag="650" ind1=" " ind2=" ">
        <subfield code="a">SPECIFICATIONS</subfield>
        <subfield code="0">(DHLAUTH)271958</subfield>
    </datafield>
    <datafield tag="650" ind1=" " ind2=" ">
        <subfield code="a">TRANSPORT COSTS</subfield>
        <subfield code="0">(DHLAUTH)272246</subfield>
    </datafield>
    <datafield tag="650" ind1=" " ind2=" ">
        <subfield code="a">MAINTENANCE AND REPAIR</subfield>
        <subfield code="0">(DHLAUTH)271898</subfield>
    </datafield>
    <datafield tag="650" ind1=" " ind2=" ">
        <subfield code="a">HIGHWAY ENGINEERING</subfield>
        <subfield code="0">(DHLAUTH)272277</subfield>
    </datafield>
</record>
<record>
    <datafield tag="191" ind1=" " ind2=" ">
        <subfield code="a">E/ESCWA/TCT/86/3</subfield>
    </datafield>
    <datafield tag="246" ind1=" " ind2=" ">
        <subfield code="a">التعليق على الدراسة القطاعية للنقل</subfield>
    </datafield>
    <datafield tag="269" ind1=" " ind2=" ">
        <subfield code="a">19860901</subfield>
    </datafield>
    <datafield tag="650" ind1=" " ind2=" ">
        <subfield code="a">SPECIFICATIONS</subfield>
        <subfield code="0">(DHLAUTH)271958</subfield>
    </datafield>
    <datafield tag="650" ind1=" " ind2=" ">
        <subfield code="a">MARITIME TRANSPORT</subfield>
        <subfield code="0">(DHLAUTH)272479</subfield>
    </datafield>
    <datafield tag="650" ind1=" " ind2=" ">
        <subfield code="a">PORTS</subfield>
        <subfield code="0">(DHLAUTH)270888</subfield>
    </datafield>
    <datafield tag="650" ind1=" " ind2=" ">
        <subfield code="a">ROAD TRANSPORT</subfield>
        <subfield code="0">(DHLAUTH)9060</subfield>
    </datafield>
    <datafield tag="650" ind1=" " ind2=" ">
        <subfield code="a">RECOMMENDATIONS</subfield>
        <subfield code="0">(DHLAUTH)275840</subfield>
    </datafield>
    <datafield tag="650" ind1=" " ind2=" ">
        <subfield code="a">ADVISORY SERVICES</subfield>
        <subfield code="0">(DHLAUTH)269860</subfield>
    </datafield>
    <datafield tag="650" ind1=" " ind2=" ">
        <subfield code="a">TRANSPORT RESEARCH</subfield>
        <subfield code="0">(DHLAUTH)269782</subfield>
    </datafield>
    <datafield tag="650" ind1=" " ind2=" ">
        <subfield code="a">TECHNICAL COOPERATION</subfield>
        <subfield code="0">(DHLAUTH)268658</subfield>
    </datafield>
    <datafield tag="650" ind1=" " ind2=" ">
        <subfield code="a">YEMEN</subfield>
        <subfield code="0">(DHLAUTH)273521</subfield>
    </datafield>
    <datafield tag="650" ind1=" " ind2=" ">
        <subfield code="a">DEVELOPMENT PLANNING</subfield>
        <subfield code="0">(DHLAUTH)269883</subfield>
    </datafield>
    <datafield tag="650" ind1=" " ind2=" ">
        <subfield code="a">DEVELOPMENT PLANS</subfield>
        <subfield code="0">(DHLAUTH)269892</subfield>
    </datafield>
</record>
<record>
    <datafield tag="191" ind1=" " ind2=" ">
        <subfield code="a">E/ESCWA/TCT/86/4</subfield>
    </datafield>
    <datafield tag="246" ind1=" " ind2=" ">
        <subfield code="a">تخطيط خدمة النقل العام للركاب داخل المدن المدخل الرئيسي والمؤشرات الكمية</subfield>
    </datafield>
    <datafield tag="269" ind1=" " ind2=" ">
        <subfield code="a">19861005</subfield>
    </datafield>
    <datafield tag="650" ind1=" " ind2=" ">
        <subfield code="a">YEMEN</subfield>
        <subfield code="0">(DHLAUTH)273521</subfield>
    </datafield>
    <datafield tag="650" ind1=" " ind2=" ">
        <subfield code="a">PUBLIC TRANSPORT</subfield>
        <subfield code="0">(DHLAUTH)272562</subfield>
    </datafield>
    <datafield tag="650" ind1=" " ind2=" ">
        <subfield code="a">STANDARDS</subfield>
        <subfield code="0">(DHLAUTH)271959</subfield>
    </datafield>
    <datafield tag="650" ind1=" " ind2=" ">
        <subfield code="a">URBAN TRANSPORT</subfield>
        <subfield code="0">(DHLAUTH)272484</subfield>
    </datafield>
    <datafield tag="650" ind1=" " ind2=" ">
        <subfield code="a">TRANSPORT PLANNING</subfield>
        <subfield code="0">(DHLAUTH)269928</subfield>
    </datafield>
    <datafield tag="650" ind1=" " ind2=" ">
        <subfield code="a">TRANSPORT POLICY</subfield>
        <subfield code="0">(DHLAUTH)269936</subfield>
    </datafield>
    <datafield tag="650" ind1=" " ind2=" ">
        <subfield code="a">PASSENGER TRANSPORT</subfield>
        <subfield code="0">(DHLAUTH)272482</subfield>
    </datafield>
</record>
<record>
    <datafield tag="191" ind1=" " ind2=" ">
        <subfield code="a">E/ESCWA/TC/2000/14</subfield>
    </datafield>
    <datafield tag="245" ind1=" " ind2=" ">
        <subfield code="a">A REPORT ON THE MISSION TO THE DIRECTORATE-GENERAL OF ECONOMIC STATISTICS THE MINISTRY OF NATIONAL ECONOMY THE SULTANATE OF OMAN DURING THE PERIOD 28 JANUARY-4 FEBRUARY 2000</subfield>
    </datafield>
    <datafield tag="269" ind1=" " ind2=" ">
        <subfield code="a">20000321</subfield>
    </datafield>
    <datafield tag="650" ind1=" " ind2=" ">
        <subfield code="a">ADVISORY SERVICES</subfield>
        <subfield code="0">(DHLAUTH)269860</subfield>
    </datafield>
    <datafield tag="650" ind1=" " ind2=" ">
        <subfield code="a">OMAN</subfield>
        <subfield code="0">(DHLAUTH)273438</subfield>
    </datafield>
    <datafield tag="650" ind1=" " ind2=" ">
        <subfield code="a">RECOMMENDATIONS</subfield>
        <subfield code="0">(DHLAUTH)275840</subfield>
    </datafield>
    <datafield tag="650" ind1=" " ind2=" ">
        <subfield code="a">SURVEYS</subfield>
        <subfield code="0">(DHLAUTH)269793</subfield>
    </datafield>
    <datafield tag="650" ind1=" " ind2=" ">
        <subfield code="a">SAMPLING</subfield>
        <subfield code="0">(DHLAUTH)270203</subfield>
    </datafield>
    <datafield tag="650" ind1=" " ind2=" ">
        <subfield code="a">EVALUATION</subfield>
        <subfield code="0">(DHLAUTH)269588</subfield>
    </datafield>
    <datafield tag="650" ind1=" " ind2=" ">
        <subfield code="a">NATIONAL ACCOUNTS</subfield>
        <subfield code="0">(DHLAUTH)269651</subfield>
    </datafield>
    <datafield tag="650" ind1=" " ind2=" ">
        <subfield code="a">STATISTICAL METHODOLOGY</subfield>
        <subfield code="0">(DHLAUTH)269635</subfield>
    </datafield>
    <datafield tag="650" ind1=" " ind2=" ">
        <subfield code="a">ECONOMIC STATISTICS</subfield>
        <subfield code="0">(DHLAUTH)269633</subfield>
    </datafield>
</record>
<record>
    <datafield tag="191" ind1=" " ind2=" ">
        <subfield code="a">E/ESCWA/TC/2000/15</subfield>
    </datafield>
    <datafield tag="246" ind1=" " ind2=" ">
        <subfield code="a">تقرير عن المهمة الإستشارية لدار تنمية الأسرة في دولة قطر خلال الفترة 24-27 كانون الثاني/يناير 2000</subfield>
    </datafield>
    <datafield tag="269" ind1=" " ind2=" ">
        <subfield code="a">20000321</subfield>
    </datafield>
    <datafield tag="650" ind1=" " ind2=" ">
        <subfield code="a">SOCIAL CONDITIONS</subfield>
        <subfield code="0">(DHLAUTH)268327</subfield>
    </datafield>
    <datafield tag="650" ind1=" " ind2=" ">
        <subfield code="a">FAMILY</subfield>
        <subfield code="0">(DHLAUTH)269293</subfield>
    </datafield>
    <datafield tag="650" ind1=" " ind2=" ">
        <subfield code="a">WOMEN WORKERS</subfield>
        <subfield code="0">(DHLAUTH)273153</subfield>
    </datafield>
    <datafield tag="650" ind1=" " ind2=" ">
        <subfield code="a">POPULATION SURVEYS</subfield>
        <subfield code="0">(DHLAUTH)272991</subfield>
    </datafield>
    <datafield tag="650" ind1=" " ind2=" ">
        <subfield code="a">FAMILY INCOME</subfield>
        <subfield code="0">(DHLAUTH)269804</subfield>
    </datafield>
    <datafield tag="650" ind1=" " ind2=" ">
        <subfield code="a">RECOMMENDATIONS</subfield>
        <subfield code="0">(DHLAUTH)275840</subfield>
    </datafield>
    <datafield tag="650" ind1=" " ind2=" ">
        <subfield code="a">QATAR</subfield>
        <subfield code="0">(DHLAUTH)275603</subfield>
    </datafield>
    <datafield tag="650" ind1=" " ind2=" ">
        <subfield code="a">WESTERN ASIA</subfield>
        <subfield code="0">(DHLAUTH)275490</subfield>
    </datafield>
    <datafield tag="650" ind1=" " ind2=" ">
        <subfield code="a">QUESTIONNAIRES</subfield>
        <subfield code="0">(DHLAUTH)272018</subfield>
    </datafield>
    <datafield tag="650" ind1=" " ind2=" ">
        <subfield code="a">UNEMPLOYMENT</subfield>
        <subfield code="0">(DHLAUTH)269726</subfield>
    </datafield>
</record>
<record>
    <datafield tag="191" ind1=" " ind2=" ">
        <subfield code="a">E/ESCWA/TC/2000/16</subfield>
    </datafield>
    <datafield tag="246" ind1=" " ind2=" ">
        <subfield code="a">تقرير عن المهمة الإستشارية لوزارة التجارة والصناعة في سلطنة عمان مسقط-سلطنة عمان خلال الفترة من 5-11 شباط/فبراير 2000</subfield>
    </datafield>
    <datafield tag="269" ind1=" " ind2=" ">
        <subfield code="a">20000321</subfield>
    </datafield>
    <datafield tag="650" ind1=" " ind2=" ">
        <subfield code="a">STATISTICAL DATA</subfield>
        <subfield code="0">(DHLAUTH)270233</subfield>
    </datafield>
    <datafield tag="650" ind1=" " ind2=" ">
        <subfield code="a">INFORMATION TECHNOLOGY</subfield>
        <subfield code="0">(DHLAUTH)272714</subfield>
    </datafield>
    <datafield tag="650" ind1=" " ind2=" ">
        <subfield code="a">RECOMMENDATIONS</subfield>
        <subfield code="0">(DHLAUTH)275840</subfield>
    </datafield>
    <datafield tag="650" ind1=" " ind2=" ">
        <subfield code="a">OMAN</subfield>
        <subfield code="0">(DHLAUTH)273438</subfield>
    </datafield>
    <datafield tag="650" ind1=" " ind2=" ">
        <subfield code="a">WESTERN ASIA</subfield>
        <subfield code="0">(DHLAUTH)275490</subfield>
    </datafield>
    <datafield tag="650" ind1=" " ind2=" ">
        <subfield code="a">ECONOMIC STATISTICS</subfield>
        <subfield code="0">(DHLAUTH)269633</subfield>
    </datafield>
    <datafield tag="650" ind1=" " ind2=" ">
        <subfield code="a">ADVISORY SERVICES</subfield>
        <subfield code="0">(DHLAUTH)269860</subfield>
    </datafield>
    <datafield tag="650" ind1=" " ind2=" ">
        <subfield code="a">DATABASES</subfield>
        <subfield code="0">(DHLAUTH)275124</subfield>
    </datafield>
    <datafield tag="650" ind1=" " ind2=" ">
        <subfield code="a">WORK ORGANIZATION</subfield>
        <subfield code="0">(DHLAUTH)275746</subfield>
    </datafield>
    <datafield tag="650" ind1=" " ind2=" ">
        <subfield code="a">DATA ANALYSIS</subfield>
        <subfield code="0">(DHLAUTH)275260</subfield>
    </datafield>
</record>
<record>
    <datafield tag="191" ind1=" " ind2=" ">
        <subfield code="a">E/ESCWA/TC/2000/17</subfield>
    </datafield>
    <datafield tag="245" ind1=" " ind2=" ">
        <subfield code="a">VERTICAL INTEGRATION TO INCREASE DEVELOPMENT EFFICIENCY AND SUSTAINABILITY : A REPORT ON UNESCWA TECHNICAL ASSISTANCE MISSION TO THE MINISTRY OF PLANNING AND INTERNATIONAL COOPERATION, THE PALESTINE NATIONAL AUTHORITY 19-24 NOVEMBER 1999</subfield>
    </datafield>
    <datafield tag="269" ind1=" " ind2=" ">
        <subfield code="a">20000321</subfield>
    </datafield>
    <datafield tag="650" ind1=" " ind2=" ">
        <subfield code="a">ADVISORY SERVICES</subfield>
        <subfield code="0">(DHLAUTH)269860</subfield>
    </datafield>
    <datafield tag="650" ind1=" " ind2=" ">
        <subfield code="a">TECHNICAL COOPERATION</subfield>
        <subfield code="0">(DHLAUTH)268658</subfield>
    </datafield>
    <datafield tag="650" ind1=" " ind2=" ">
        <subfield code="a">PALESTINE</subfield>
        <subfield code="0">(DHLAUTH)277398</subfield>
    </datafield>
    <datafield tag="650" ind1=" " ind2=" ">
        <subfield code="a">DEVELOPMENT PLANS</subfield>
        <subfield code="0">(DHLAUTH)269892</subfield>
    </datafield>
    <datafield tag="650" ind1=" " ind2=" ">
        <subfield code="a">ECONOMIC DEVELOPMENT</subfield>
        <subfield code="0">(DHLAUTH)269755</subfield>
    </datafield>
    <datafield tag="650" ind1=" " ind2=" ">
        <subfield code="a">RECOMMENDATIONS</subfield>
        <subfield code="0">(DHLAUTH)275840</subfield>
    </datafield>
    <datafield tag="650" ind1=" " ind2=" ">
        <subfield code="a">STATISTICAL DATA</subfield>
        <subfield code="0">(DHLAUTH)270233</subfield>
    </datafield>
    <datafield tag="650" ind1=" " ind2=" ">
        <subfield code="a">TERMS OF REFERENCE</subfield>
        <subfield code="0">(DHLAUTH)268319</subfield>
    </datafield>
    <datafield tag="650" ind1=" " ind2=" ">
        <subfield code="a">ISRAEL</subfield>
        <subfield code="0">(DHLAUTH)268556</subfield>
    </datafield>
    <datafield tag="650" ind1=" " ind2=" ">
        <subfield code="a">ECONOMIC REFORM</subfield>
        <subfield code="0">(DHLAUTH)269938</subfield>
    </datafield>
</record>
<record>
    <datafield tag="191" ind1=" " ind2=" ">
        <subfield code="a">E/ESCWA/TC/2000/18</subfield>
    </datafield>
    <datafield tag="246" ind1=" " ind2=" ">
        <subfield code="a">السياسة الوطنية للمعلومات وتكنولوجيتها لسلطنة عمان اقامة شبكة حكومية للمعلومات : تقرير المهمة الاستشارية الى وزارة الاقتصاد الوطني في سلطنة عٌمان خلال الفترة 1-15 تشرين الاول /اكتوبر 1999</subfield>
    </datafield>
    <datafield tag="269" ind1=" " ind2=" ">
        <subfield code="a">20000323</subfield>
    </datafield>
    <datafield tag="650" ind1=" " ind2=" ">
        <subfield code="a">OMAN</subfield>
        <subfield code="0">(DHLAUTH)273438</subfield>
    </datafield>
    <datafield tag="650" ind1=" " ind2=" ">
        <subfield code="a">ADVISORY SERVICES</subfield>
        <subfield code="0">(DHLAUTH)269860</subfield>
    </datafield>
    <datafield tag="650" ind1=" " ind2=" ">
        <subfield code="a">INFORMATION TECHNOLOGY</subfield>
        <subfield code="0">(DHLAUTH)272714</subfield>
    </datafield>
    <datafield tag="650" ind1=" " ind2=" ">
        <subfield code="a">RECOMMENDATIONS</subfield>
        <subfield code="0">(DHLAUTH)275840</subfield>
    </datafield>
    <datafield tag="650" ind1=" " ind2=" ">
        <subfield code="a">INFORMATION SOCIETY</subfield>
        <subfield code="0">(DHLAUTH)612610</subfield>
    </datafield>
    <datafield tag="650" ind1=" " ind2=" ">
        <subfield code="a">STATISTICAL DATA</subfield>
        <subfield code="0">(DHLAUTH)270233</subfield>
    </datafield>
    <datafield tag="650" ind1=" " ind2=" ">
        <subfield code="a">INTERNET</subfield>
        <subfield code="0">(DHLAUTH)438931</subfield>
    </datafield>
    <datafield tag="650" ind1=" " ind2=" ">
        <subfield code="a">INFORMATION NETWORKS</subfield>
        <subfield code="0">(DHLAUTH)272733</subfield>
    </datafield>
    <datafield tag="650" ind1=" " ind2=" ">
        <subfield code="a">GOVERNMENT INFORMATION</subfield>
        <subfield code="0">(DHLAUTH)268447</subfield>
    </datafield>
    <datafield tag="650" ind1=" " ind2=" ">
        <subfield code="a">COMMUNICATION TECHNOLOGY</subfield>
        <subfield code="0">(DHLAUTH)272713</subfield>
    </datafield>
    <datafield tag="650" ind1=" " ind2=" ">
        <subfield code="a">COMMUNICATION POLICY</subfield>
        <subfield code="0">(DHLAUTH)269901</subfield>
    </datafield>
</record>
<record>
    <datafield tag="191" ind1=" " ind2=" ">
        <subfield code="a">E/ESCWA/TC/2000/19</subfield>
    </datafield>
    <datafield tag="245" ind1=" " ind2=" ">
        <subfield code="a">AFLAJ PROTECTION PROJECT : PROJECT PROFILE, REPORT ON MISSION TO THE MINISTRY OF WATER RESOURCES SULTANATE OF OMAN DURING THE PERIOD 22 JANUARY -3 FEBRURAY 2000</subfield>
    </datafield>
    <datafield tag="269" ind1=" " ind2=" ">
        <subfield code="a">20000410</subfield>
    </datafield>
    <datafield tag="650" ind1=" " ind2=" ">
        <subfield code="a">ADVISORY SERVICES</subfield>
        <subfield code="0">(DHLAUTH)269860</subfield>
    </datafield>
    <datafield tag="650" ind1=" " ind2=" ">
        <subfield code="a">OMAN</subfield>
        <subfield code="0">(DHLAUTH)273438</subfield>
    </datafield>
    <datafield tag="650" ind1=" " ind2=" ">
        <subfield code="a">WATER RESOURCES</subfield>
        <subfield code="0">(DHLAUTH)270568</subfield>
    </datafield>
    <datafield tag="650" ind1=" " ind2=" ">
        <subfield code="a">PROJECT IMPLEMENTATION</subfield>
        <subfield code="0">(DHLAUTH)269965</subfield>
    </datafield>
    <datafield tag="650" ind1=" " ind2=" ">
        <subfield code="a">CASE STUDIES</subfield>
        <subfield code="0">(DHLAUTH)274639</subfield>
    </datafield>
    <datafield tag="650" ind1=" " ind2=" ">
        <subfield code="a">GROUNDWATER</subfield>
        <subfield code="0">(DHLAUTH)270891</subfield>
    </datafield>
    <datafield tag="650" ind1=" " ind2=" ">
        <subfield code="a">RURAL AREAS</subfield>
        <subfield code="0">(DHLAUTH)269978</subfield>
    </datafield>
    <datafield tag="650" ind1=" " ind2=" ">
        <subfield code="a">WATER STATISTICS</subfield>
        <subfield code="0">(DHLAUTH)270918</subfield>
    </datafield>
    <datafield tag="650" ind1=" " ind2=" ">
        <subfield code="a">IRRIGATION</subfield>
        <subfield code="0">(DHLAUTH)270872</subfield>
    </datafield>
    <datafield tag="650" ind1=" " ind2=" ">
        <subfield code="a">SUSTAINABLE DEVELOPMENT</subfield>
        <subfield code="0">(DHLAUTH)269920</subfield>
    </datafield>
    <datafield tag="650" ind1=" " ind2=" ">
        <subfield code="a">WATER CONSERVATION</subfield>
        <subfield code="0">(DHLAUTH)270589</subfield>
    </datafield>
</record>
<record>
    <datafield tag="191" ind1=" " ind2=" ">
        <subfield code="a">E/ESCWA/TC/2000/20</subfield>
    </datafield>
    <datafield tag="246" ind1=" " ind2=" ">
        <subfield code="a">مقترح حوسبة جمع وتنسيق ونشر بيانات التجارة الخارجية لدولة الإمارات العربية المتحدة من خلال الإنترنت : تقرير عن المهمة الاستشارية الى وزارة التخطيط ابوظبي -دولة الامارات العربية المتحدة خلال الفترة  24كانون الثاني/يناير ولغاية 6 شباط/فبراير2000</subfield>
    </datafield>
    <datafield tag="269" ind1=" " ind2=" ">
        <subfield code="a">20000413</subfield>
    </datafield>
    <datafield tag="650" ind1=" " ind2=" ">
        <subfield code="a">ADVISORY SERVICES</subfield>
        <subfield code="0">(DHLAUTH)269860</subfield>
    </datafield>
    <datafield tag="650" ind1=" " ind2=" ">
        <subfield code="a">INTERNATIONAL TRADE</subfield>
        <subfield code="0">(DHLAUTH)269532</subfield>
    </datafield>
    <datafield tag="650" ind1=" " ind2=" ">
        <subfield code="a">INFORMATION MANAGEMENT</subfield>
        <subfield code="0">(DHLAUTH)275145</subfield>
    </datafield>
    <datafield tag="650" ind1=" " ind2=" ">
        <subfield code="a">STATISTICAL DATA</subfield>
        <subfield code="0">(DHLAUTH)270233</subfield>
    </datafield>
    <datafield tag="650" ind1=" " ind2=" ">
        <subfield code="a">INTERNET</subfield>
        <subfield code="0">(DHLAUTH)438931</subfield>
    </datafield>
    <datafield tag="650" ind1=" " ind2=" ">
        <subfield code="a">RECOMMENDATIONS</subfield>
        <subfield code="0">(DHLAUTH)275840</subfield>
    </datafield>
    <datafield tag="650" ind1=" " ind2=" ">
        <subfield code="a">UNITED ARAB EMIRATES</subfield>
        <subfield code="0">(DHLAUTH)275604</subfield>
    </datafield>
    <datafield tag="650" ind1=" " ind2=" ">
        <subfield code="a">WESTERN ASIA</subfield>
        <subfield code="0">(DHLAUTH)275490</subfield>
    </datafield>
    <datafield tag="650" ind1=" " ind2=" ">
        <subfield code="a">CUSTOMS ADMINISTRATION</subfield>
        <subfield code="0">(DHLAUTH)270033</subfield>
    </datafield>
    <datafield tag="650" ind1=" " ind2=" ">
        <subfield code="a">GOVERNMENT DEPARTMENTS</subfield>
        <subfield code="0">(DHLAUTH)269998</subfield>
    </datafield>
</record>
<record>
    <datafield tag="191" ind1=" " ind2=" ">
        <subfield code="a">E/ESCWA/TC/2000/22</subfield>
    </datafield>
    <datafield tag="246" ind1=" " ind2=" ">
        <subfield code="a">تطوير خطة قطاع التعليم والتدريب في الخطة الخمسية السادسة /سلطنة عُمان تقرير عن المهمة الاستشارية لدى وزارة الاقتصاد الوطني في سلطنة عُمان خلال الفترة 20 آذار /مارس -3 نيسان /ابريل 2000</subfield>
    </datafield>
    <datafield tag="269" ind1=" " ind2=" ">
        <subfield code="a">20000502</subfield>
    </datafield>
    <datafield tag="650" ind1=" " ind2=" ">
        <subfield code="a">ADVISORY SERVICES</subfield>
        <subfield code="0">(DHLAUTH)269860</subfield>
    </datafield>
    <datafield tag="650" ind1=" " ind2=" ">
        <subfield code="a">DEVELOPMENT PLANNING</subfield>
        <subfield code="0">(DHLAUTH)269883</subfield>
    </datafield>
    <datafield tag="650" ind1=" " ind2=" ">
        <subfield code="a">EDUCATIONAL PLANNING</subfield>
        <subfield code="0">(DHLAUTH)269894</subfield>
    </datafield>
    <datafield tag="650" ind1=" " ind2=" ">
        <subfield code="a">EDUCATION</subfield>
        <subfield code="0">(DHLAUTH)268926</subfield>
    </datafield>
    <datafield tag="650" ind1=" " ind2=" ">
        <subfield code="a">AMMAN (JORDAN)</subfield>
        <subfield code="0">(DHLAUTH)276766</subfield>
    </datafield>
    <datafield tag="650" ind1=" " ind2=" ">
        <subfield code="a">HUMAN RESOURCES</subfield>
        <subfield code="0">(DHLAUTH)270571</subfield>
    </datafield>
    <datafield tag="650" ind1=" " ind2=" ">
        <subfield code="a">WORK ORGANIZATION</subfield>
        <subfield code="0">(DHLAUTH)275746</subfield>
    </datafield>
    <datafield tag="650" ind1=" " ind2=" ">
        <subfield code="a">WORK PROGRAMME</subfield>
        <subfield code="0">(DHLAUTH)275800</subfield>
    </datafield>
    <datafield tag="650" ind1=" " ind2=" ">
        <subfield code="a">SOCIAL DEVELOPMENT</subfield>
        <subfield code="0">(DHLAUTH)269873</subfield>
    </datafield>
    <datafield tag="650" ind1=" " ind2=" ">
        <subfield code="a">CAPACITY BUILDING</subfield>
        <subfield code="0">(DHLAUTH)276636</subfield>
    </datafield>
    <datafield tag="650" ind1=" " ind2=" ">
        <subfield code="a">VOCATIONAL EDUCATION</subfield>
        <subfield code="0">(DHLAUTH)271333</subfield>
    </datafield>
    <datafield tag="650" ind1=" " ind2=" ">
        <subfield code="a">VOCATIONAL TRAINING</subfield>
        <subfield code="0">(DHLAUTH)271390</subfield>
    </datafield>
</record>
<record>
    <datafield tag="191" ind1=" " ind2=" ">
        <subfield code="a">E/ESCWA/TC/2000/23</subfield>
    </datafield>
    <datafield tag="246" ind1=" " ind2=" ">
        <subfield code="a">تقرير عن المهمة الاستشارية  لادارة الاحصاء المركزي في مجلس الوزراء في الجمهورية اللبنانية خلال الفترة 23 اذار/مارس - 2 نيسان /ابريل 2000</subfield>
    </datafield>
    <datafield tag="269" ind1=" " ind2=" ">
        <subfield code="a">20000519</subfield>
    </datafield>
    <datafield tag="650" ind1=" " ind2=" ">
        <subfield code="a">ADVISORY SERVICES</subfield>
        <subfield code="0">(DHLAUTH)269860</subfield>
    </datafield>
    <datafield tag="650" ind1=" " ind2=" ">
        <subfield code="a">ECONOMIC SURVEYS</subfield>
        <subfield code="0">(DHLAUTH)269780</subfield>
    </datafield>
    <datafield tag="650" ind1=" " ind2=" ">
        <subfield code="a">LEBANON</subfield>
        <subfield code="0">(DHLAUTH)269069</subfield>
    </datafield>
    <datafield tag="650" ind1=" " ind2=" ">
        <subfield code="a">NATIONAL ACCOUNTS</subfield>
        <subfield code="0">(DHLAUTH)269651</subfield>
    </datafield>
    <datafield tag="650" ind1=" " ind2=" ">
        <subfield code="a">STATISTICAL SERVICES</subfield>
        <subfield code="0">(DHLAUTH)270225</subfield>
    </datafield>
    <datafield tag="650" ind1=" " ind2=" ">
        <subfield code="a">RECOMMENDATIONS</subfield>
        <subfield code="0">(DHLAUTH)275840</subfield>
    </datafield>
    <datafield tag="650" ind1=" " ind2=" ">
        <subfield code="a">SURVEYS</subfield>
        <subfield code="0">(DHLAUTH)269793</subfield>
    </datafield>
</record>
<record>
    <datafield tag="191" ind1=" " ind2=" ">
        <subfield code="a">E/ESCWA/TC/2000/28</subfield>
    </datafield>
    <datafield tag="246" ind1=" " ind2=" ">
        <subfield code="a">تقرير عن المهمة الاستشارية الى وزارة الري في الجمهورية العربية السورية مشروع الحصاد المائي مشروع معالجة مياه الصرف الصحي مشروع اعداد الخرائط المائية على مستوى القطر خلال الفترة 24 آذار/مارس- 6 نيسان/ابريل 2000.</subfield>
    </datafield>
    <datafield tag="269" ind1=" " ind2=" ">
        <subfield code="a">20000608</subfield>
    </datafield>
    <datafield tag="650" ind1=" " ind2=" ">
        <subfield code="a">ADVISORY SERVICES</subfield>
        <subfield code="0">(DHLAUTH)269860</subfield>
    </datafield>
    <datafield tag="650" ind1=" " ind2=" ">
        <subfield code="a">SYRIAN ARAB REPUBLIC</subfield>
        <subfield code="0">(DHLAUTH)273496</subfield>
    </datafield>
    <datafield tag="650" ind1=" " ind2=" ">
        <subfield code="a">WATER TREATMENT</subfield>
        <subfield code="0">(DHLAUTH)270883</subfield>
    </datafield>
    <datafield tag="650" ind1=" " ind2=" ">
        <subfield code="a">DATA ANALYSIS</subfield>
        <subfield code="0">(DHLAUTH)275260</subfield>
    </datafield>
    <datafield tag="650" ind1=" " ind2=" ">
        <subfield code="a">MAPS</subfield>
        <subfield code="0">(DHLAUTH)9705</subfield>
    </datafield>
    <datafield tag="650" ind1=" " ind2=" ">
        <subfield code="a">SURVEYS</subfield>
        <subfield code="0">(DHLAUTH)269793</subfield>
    </datafield>
    <datafield tag="650" ind1=" " ind2=" ">
        <subfield code="a">QUESTIONNAIRES</subfield>
        <subfield code="0">(DHLAUTH)272018</subfield>
    </datafield>
    <datafield tag="650" ind1=" " ind2=" ">
        <subfield code="a">SEWAGE</subfield>
        <subfield code="0">(DHLAUTH)270857</subfield>
    </datafield>
</record>
<record>
    <datafield tag="191" ind1=" " ind2=" ">
        <subfield code="a">E/ESCWA/TC/2000/29</subfield>
    </datafield>
    <datafield tag="246" ind1=" " ind2=" ">
        <subfield code="a">مراجعة واقتراحات بخصوص الدراسات الفنية للسدود على اودية البيح وحام وصفد تقرير عن المهمة الاستشارية الى وزارة الزراعة والثروة السمكية دولة الامارات العربية المتحدة خلال الفترة 25 نيسان/ابريل-11 ايار/مايو2000</subfield>
    </datafield>
    <datafield tag="269" ind1=" " ind2=" ">
        <subfield code="a">20000608</subfield>
    </datafield>
    <datafield tag="650" ind1=" " ind2=" ">
        <subfield code="a">ADVISORY SERVICES</subfield>
        <subfield code="0">(DHLAUTH)269860</subfield>
    </datafield>
    <datafield tag="650" ind1=" " ind2=" ">
        <subfield code="a">RAINWATER</subfield>
        <subfield code="0">(DHLAUTH)270900</subfield>
    </datafield>
    <datafield tag="650" ind1=" " ind2=" ">
        <subfield code="a">UNITED ARAB EMIRATES</subfield>
        <subfield code="0">(DHLAUTH)275604</subfield>
    </datafield>
    <datafield tag="650" ind1=" " ind2=" ">
        <subfield code="a">RECOMMENDATIONS</subfield>
        <subfield code="0">(DHLAUTH)275840</subfield>
    </datafield>
    <datafield tag="650" ind1=" " ind2=" ">
        <subfield code="a">STATISTICAL DATA</subfield>
        <subfield code="0">(DHLAUTH)270233</subfield>
    </datafield>
    <datafield tag="650" ind1=" " ind2=" ">
        <subfield code="a">DAMS</subfield>
        <subfield code="0">(DHLAUTH)270769</subfield>
    </datafield>
    <datafield tag="650" ind1=" " ind2=" ">
        <subfield code="a">PRE-INVESTMENT STUDIES</subfield>
        <subfield code="0">(DHLAUTH)269960</subfield>
    </datafield>
    <datafield tag="650" ind1=" " ind2=" ">
        <subfield code="a">FLOODS</subfield>
        <subfield code="0">(DHLAUTH)274408</subfield>
    </datafield>
</record>
<record>
    <datafield tag="191" ind1=" " ind2=" ">
        <subfield code="a">E/ESCWA/TC/2000/30</subfield>
    </datafield>
    <datafield tag="246" ind1=" " ind2=" ">
        <subfield code="a">تقرير عن المهمة الاستشارية الى وزارة الري في الجمهورية العربية السورية خلال الفترة 24 آذار /مارس-6 نيسان/ابريل 2000 نموذج رياضي لاستقراء تدفق نبع بردى</subfield>
    </datafield>
    <datafield tag="269" ind1=" " ind2=" ">
        <subfield code="a">20000608</subfield>
    </datafield>
    <datafield tag="650" ind1=" " ind2=" ">
        <subfield code="a">SYRIAN ARAB REPUBLIC</subfield>
        <subfield code="0">(DHLAUTH)273496</subfield>
    </datafield>
    <datafield tag="650" ind1=" " ind2=" ">
        <subfield code="a">ADVISORY SERVICES</subfield>
        <subfield code="0">(DHLAUTH)269860</subfield>
    </datafield>
    <datafield tag="650" ind1=" " ind2=" ">
        <subfield code="a">SPRINGS</subfield>
        <subfield code="0">(DHLAUTH)270892</subfield>
    </datafield>
    <datafield tag="650" ind1=" " ind2=" ">
        <subfield code="a">GROUNDWATER</subfield>
        <subfield code="0">(DHLAUTH)270891</subfield>
    </datafield>
    <datafield tag="650" ind1=" " ind2=" ">
        <subfield code="a">MATHEMATICAL MODELS</subfield>
        <subfield code="0">(DHLAUTH)269590</subfield>
    </datafield>
    <datafield tag="650" ind1=" " ind2=" ">
        <subfield code="a">WELLS</subfield>
        <subfield code="0">(DHLAUTH)270895</subfield>
    </datafield>
    <datafield tag="650" ind1=" " ind2=" ">
        <subfield code="a">STATISTICAL DATA</subfield>
        <subfield code="0">(DHLAUTH)270233</subfield>
    </datafield>
</record>
<record>
    <datafield tag="191" ind1=" " ind2=" ">
        <subfield code="a">E/ESCWA/TC/2000/31</subfield>
    </datafield>
    <datafield tag="245" ind1=" " ind2=" ">
        <subfield code="a">REPORT ON MISSION TO THE MINISTRY OF PLANNING AND INTERNATIONAL COOPERATION OF PALESTINE AND PALESTINIAN ENERGY AUTHORITY 19-26 APRIL 2000</subfield>
    </datafield>
    <datafield tag="269" ind1=" " ind2=" ">
        <subfield code="a">20000613</subfield>
    </datafield>
    <datafield tag="650" ind1=" " ind2=" ">
        <subfield code="a">ADVISORY SERVICES</subfield>
        <subfield code="0">(DHLAUTH)269860</subfield>
    </datafield>
    <datafield tag="650" ind1=" " ind2=" ">
        <subfield code="a">INTERNATIONAL COOPERATION</subfield>
        <subfield code="0">(DHLAUTH)268622</subfield>
    </datafield>
    <datafield tag="650" ind1=" " ind2=" ">
        <subfield code="a">PALESTINIANS</subfield>
        <subfield code="0">(DHLAUTH)269084</subfield>
    </datafield>
    <datafield tag="650" ind1=" " ind2=" ">
        <subfield code="a">PALESTINE</subfield>
        <subfield code="0">(DHLAUTH)277398</subfield>
    </datafield>
    <datafield tag="650" ind1=" " ind2=" ">
        <subfield code="a">RECOMMENDATIONS</subfield>
        <subfield code="0">(DHLAUTH)275840</subfield>
    </datafield>
    <datafield tag="650" ind1=" " ind2=" ">
        <subfield code="a">DEVELOPMENT PLANS</subfield>
        <subfield code="0">(DHLAUTH)269892</subfield>
    </datafield>
    <datafield tag="650" ind1=" " ind2=" ">
        <subfield code="a">HUMAN RESOURCES</subfield>
        <subfield code="0">(DHLAUTH)270571</subfield>
    </datafield>
    <datafield tag="650" ind1=" " ind2=" ">
        <subfield code="a">SOCIAL DEVELOPMENT</subfield>
        <subfield code="0">(DHLAUTH)269873</subfield>
    </datafield>
    <datafield tag="650" ind1=" " ind2=" ">
        <subfield code="a">NATURAL RESOURCES</subfield>
        <subfield code="0">(DHLAUTH)270548</subfield>
    </datafield>
    <datafield tag="650" ind1=" " ind2=" ">
        <subfield code="a">CAPACITY BUILDING</subfield>
        <subfield code="0">(DHLAUTH)276636</subfield>
    </datafield>
    <datafield tag="650" ind1=" " ind2=" ">
        <subfield code="a">GAZA STRIP (STATE OF PALESTINE)</subfield>
        <subfield code="0">(DHLAUTH)277030</subfield>
    </datafield>
    <datafield tag="650" ind1=" " ind2=" ">
        <subfield code="a">WEST BANK (STATE OF PALESTINE)</subfield>
        <subfield code="0">(DHLAUTH)277374</subfield>
    </datafield>
    <datafield tag="650" ind1=" " ind2=" ">
        <subfield code="a">POWER PLANTS</subfield>
        <subfield code="0">(DHLAUTH)271904</subfield>
    </datafield>
    <datafield tag="650" ind1=" " ind2=" ">
        <subfield code="a">SOLAR ENERGY</subfield>
        <subfield code="0">(DHLAUTH)271255</subfield>
    </datafield>
    <datafield tag="650" ind1=" " ind2=" ">
        <subfield code="a">ENERGY RESOURCES</subfield>
        <subfield code="0">(DHLAUTH)270561</subfield>
    </datafield>
</record>
<record>
    <datafield tag="191" ind1=" " ind2=" ">
        <subfield code="a">E/ESCWA/TC/2000/32</subfield>
    </datafield>
    <datafield tag="245" ind1=" " ind2=" ">
        <subfield code="a">PRELIMINARY VIEWS ON THE PALESTINIAN DEVELOPMENT PLAN WITH EMPHASIS ON THE TRANSPORT SECTOR : AN ADVISORY MISSION REPORT TO THE MINISTRY OF PLANNING AND INTERNATIONAL COOPERATION GAZA,19-28 APRIL 2000</subfield>
    </datafield>
    <datafield tag="269" ind1=" " ind2=" ">
        <subfield code="a">20000615</subfield>
    </datafield>
    <datafield tag="650" ind1=" " ind2=" ">
        <subfield code="a">ADVISORY SERVICES</subfield>
        <subfield code="0">(DHLAUTH)269860</subfield>
    </datafield>
    <datafield tag="650" ind1=" " ind2=" ">
        <subfield code="a">PALESTINE</subfield>
        <subfield code="0">(DHLAUTH)277398</subfield>
    </datafield>
    <datafield tag="650" ind1=" " ind2=" ">
        <subfield code="a">GAZA STRIP (STATE OF PALESTINE)</subfield>
        <subfield code="0">(DHLAUTH)277030</subfield>
    </datafield>
    <datafield tag="650" ind1=" " ind2=" ">
        <subfield code="a">DEVELOPMENT PLANS</subfield>
        <subfield code="0">(DHLAUTH)269892</subfield>
    </datafield>
    <datafield tag="650" ind1=" " ind2=" ">
        <subfield code="a">TRANSPORT</subfield>
        <subfield code="0">(DHLAUTH)272243</subfield>
    </datafield>
    <datafield tag="650" ind1=" " ind2=" ">
        <subfield code="a">INTERNATIONAL COOPERATION</subfield>
        <subfield code="0">(DHLAUTH)268622</subfield>
    </datafield>
    <datafield tag="650" ind1=" " ind2=" ">
        <subfield code="a">TRANSPORT POLICY</subfield>
        <subfield code="0">(DHLAUTH)269936</subfield>
    </datafield>
    <datafield tag="650" ind1=" " ind2=" ">
        <subfield code="a">ROADS</subfield>
        <subfield code="0">(DHLAUTH)272500</subfield>
    </datafield>
    <datafield tag="650" ind1=" " ind2=" ">
        <subfield code="a">RAILWAYS</subfield>
        <subfield code="0">(DHLAUTH)272499</subfield>
    </datafield>
    <datafield tag="650" ind1=" " ind2=" ">
        <subfield code="a">PUBLIC TRANSPORT</subfield>
        <subfield code="0">(DHLAUTH)272562</subfield>
    </datafield>
    <datafield tag="650" ind1=" " ind2=" ">
        <subfield code="a">CAPACITY BUILDING</subfield>
        <subfield code="0">(DHLAUTH)276636</subfield>
    </datafield>
    <datafield tag="650" ind1=" " ind2=" ">
        <subfield code="a">TRANSPORT INFRASTRUCTURE</subfield>
        <subfield code="0">(DHLAUTH)272281</subfield>
    </datafield>
    <datafield tag="650" ind1=" " ind2=" ">
        <subfield code="a">CLASSIFICATION SYSTEMS</subfield>
        <subfield code="0">(DHLAUTH)270221</subfield>
    </datafield>
</record>
<record>
    <datafield tag="191" ind1=" " ind2=" ">
        <subfield code="a">E/ESCWA/TC/2000/33</subfield>
    </datafield>
    <datafield tag="246" ind1=" " ind2=" ">
        <subfield code="a">تطوير التخطيط للتنمية الاجتماعية : تقرير عن المهمة الاستشارية لدى وزارة التخطيط في دولة الامارات العربية المتحدة خلال الفترة 25 نيسان/ابريل -9 أيار/مايو2000</subfield>
    </datafield>
    <datafield tag="269" ind1=" " ind2=" ">
        <subfield code="a">20000627</subfield>
    </datafield>
    <datafield tag="650" ind1=" " ind2=" ">
        <subfield code="a">ADVISORY SERVICES</subfield>
        <subfield code="0">(DHLAUTH)269860</subfield>
    </datafield>
    <datafield tag="650" ind1=" " ind2=" ">
        <subfield code="a">UNITED ARAB EMIRATES</subfield>
        <subfield code="0">(DHLAUTH)275604</subfield>
    </datafield>
    <datafield tag="650" ind1=" " ind2=" ">
        <subfield code="a">SOCIAL DEVELOPMENT</subfield>
        <subfield code="0">(DHLAUTH)269873</subfield>
    </datafield>
    <datafield tag="650" ind1=" " ind2=" ">
        <subfield code="a">DEVELOPMENT PLANNING</subfield>
        <subfield code="0">(DHLAUTH)269883</subfield>
    </datafield>
    <datafield tag="650" ind1=" " ind2=" ">
        <subfield code="a">MANPOWER</subfield>
        <subfield code="0">(DHLAUTH)273105</subfield>
    </datafield>
    <datafield tag="650" ind1=" " ind2=" ">
        <subfield code="a">HUMAN RESOURCES</subfield>
        <subfield code="0">(DHLAUTH)270571</subfield>
    </datafield>
    <datafield tag="650" ind1=" " ind2=" ">
        <subfield code="a">SOCIAL PLANNING</subfield>
        <subfield code="0">(DHLAUTH)269898</subfield>
    </datafield>
    <datafield tag="650" ind1=" " ind2=" ">
        <subfield code="a">ECONOMIC PLANNING</subfield>
        <subfield code="0">(DHLAUTH)269834</subfield>
    </datafield>
    <datafield tag="650" ind1=" " ind2=" ">
        <subfield code="a">RECOMMENDATIONS</subfield>
        <subfield code="0">(DHLAUTH)275840</subfield>
    </datafield>
    <datafield tag="650" ind1=" " ind2=" ">
        <subfield code="a">ORGANIZATIONAL STRUCTURE</subfield>
        <subfield code="0">(DHLAUTH)272030</subfield>
    </datafield>
</record>
<record>
    <datafield tag="191" ind1=" " ind2=" ">
        <subfield code="a">E/ESCWA/TC/2000/34</subfield>
    </datafield>
    <datafield tag="246" ind1=" " ind2=" ">
        <subfield code="a">تقرير عن المهمة الاستشارية الى وزارة التخطيط والتنمية-الجهاز المركزي للاحصاء في الجمهورية اليمنية خلال الفترة 9-16 آذار/مارس 2000</subfield>
    </datafield>
    <datafield tag="269" ind1=" " ind2=" ">
        <subfield code="a">20000628</subfield>
    </datafield>
    <datafield tag="650" ind1=" " ind2=" ">
        <subfield code="a">YEMEN</subfield>
        <subfield code="0">(DHLAUTH)273521</subfield>
    </datafield>
    <datafield tag="650" ind1=" " ind2=" ">
        <subfield code="a">ADVISORY SERVICES</subfield>
        <subfield code="0">(DHLAUTH)269860</subfield>
    </datafield>
    <datafield tag="650" ind1=" " ind2=" ">
        <subfield code="a">DEVELOPMENT</subfield>
        <subfield code="0">(DHLAUTH)269844</subfield>
    </datafield>
    <datafield tag="650" ind1=" " ind2=" ">
        <subfield code="a">NATIONAL ACCOUNTS</subfield>
        <subfield code="0">(DHLAUTH)269651</subfield>
    </datafield>
    <datafield tag="650" ind1=" " ind2=" ">
        <subfield code="a">ECONOMIC STATISTICS</subfield>
        <subfield code="0">(DHLAUTH)269633</subfield>
    </datafield>
    <datafield tag="650" ind1=" " ind2=" ">
        <subfield code="a">ECONOMIC SYSTEMS</subfield>
        <subfield code="0">(DHLAUTH)268261</subfield>
    </datafield>
    <datafield tag="650" ind1=" " ind2=" ">
        <subfield code="a">RECOMMENDATIONS</subfield>
        <subfield code="0">(DHLAUTH)275840</subfield>
    </datafield>
    <datafield tag="650" ind1=" " ind2=" ">
        <subfield code="a">DOCUMENTS</subfield>
        <subfield code="0">(DHLAUTH)270014</subfield>
    </datafield>
    <datafield tag="650" ind1=" " ind2=" ">
        <subfield code="a">WORK PROGRAMME</subfield>
        <subfield code="0">(DHLAUTH)275800</subfield>
    </datafield>
    <datafield tag="650" ind1=" " ind2=" ">
        <subfield code="a">MANUFACTURING</subfield>
        <subfield code="0">(DHLAUTH)271821</subfield>
    </datafield>
    <datafield tag="650" ind1=" " ind2=" ">
        <subfield code="a">FOREIGN TRADE</subfield>
        <subfield code="0">(DHLAUTH)272801</subfield>
    </datafield>
    <datafield tag="650" ind1=" " ind2=" ">
        <subfield code="a">DOMESTIC TRADE</subfield>
        <subfield code="0">(DHLAUTH)272797</subfield>
    </datafield>
    <datafield tag="650" ind1=" " ind2=" ">
        <subfield code="a">COMMUNICATIONS</subfield>
        <subfield code="0">(DHLAUTH)272411</subfield>
    </datafield>
    <datafield tag="650" ind1=" " ind2=" ">
        <subfield code="a">FINANCIAL STATISTICS</subfield>
        <subfield code="0">(DHLAUTH)270194</subfield>
    </datafield>
    <datafield tag="650" ind1=" " ind2=" ">
        <subfield code="a">MANPOWER</subfield>
        <subfield code="0">(DHLAUTH)273105</subfield>
    </datafield>
    <datafield tag="650" ind1=" " ind2=" ">
        <subfield code="a">ADMINISTRATIVE REFORM</subfield>
        <subfield code="0">(DHLAUTH)270001</subfield>
    </datafield>
    <datafield tag="650" ind1=" " ind2=" ">
        <subfield code="a">CIVIL SERVICE</subfield>
        <subfield code="0">(DHLAUTH)268595</subfield>
    </datafield>
</record>
<record>
    <datafield tag="191" ind1=" " ind2=" ">
        <subfield code="a">E/ESCWA/TC/2000/40</subfield>
    </datafield>
    <datafield tag="246" ind1=" " ind2=" ">
        <subfield code="a">تقرير عن زيارة الأمين التنفيذي للجنة الاقتصادية والاجتماعية لغربي آسيا والمستشارين الإقليميين الى الجمهورية اليمنية خلال الفترة 27 شباط/فبراير-3 آذار/مارس 2000</subfield>
    </datafield>
    <datafield tag="269" ind1=" " ind2=" ">
        <subfield code="a">20000802</subfield>
    </datafield>
    <datafield tag="650" ind1=" " ind2=" ">
        <subfield code="a">ADVISORY SERVICES</subfield>
        <subfield code="0">(DHLAUTH)269860</subfield>
    </datafield>
    <datafield tag="650" ind1=" " ind2=" ">
        <subfield code="a">FIELD VISITS</subfield>
        <subfield code="0">(DHLAUTH)275795</subfield>
    </datafield>
    <datafield tag="650" ind1=" " ind2=" ">
        <subfield code="a">GOVERNMENT DEPARTMENTS</subfield>
        <subfield code="0">(DHLAUTH)269998</subfield>
    </datafield>
    <datafield tag="650" ind1=" " ind2=" ">
        <subfield code="a">ECONOMIC PLANNING</subfield>
        <subfield code="0">(DHLAUTH)269834</subfield>
    </datafield>
    <datafield tag="650" ind1=" " ind2=" ">
        <subfield code="a">TECHNICAL COOPERATION</subfield>
        <subfield code="0">(DHLAUTH)268658</subfield>
    </datafield>
    <datafield tag="650" ind1=" " ind2=" ">
        <subfield code="a">WORK PROGRAMME</subfield>
        <subfield code="0">(DHLAUTH)275800</subfield>
    </datafield>
    <datafield tag="650" ind1=" " ind2=" ">
        <subfield code="a">YEMEN</subfield>
        <subfield code="0">(DHLAUTH)273521</subfield>
    </datafield>
    <datafield tag="650" ind1=" " ind2=" ">
        <subfield code="a">WESTERN ASIA</subfield>
        <subfield code="0">(DHLAUTH)275490</subfield>
    </datafield>
    <datafield tag="650" ind1=" " ind2=" ">
        <subfield code="a">SANA'A (YEMEN)</subfield>
        <subfield code="0">(DHLAUTH)584060</subfield>
    </datafield>
    <datafield tag="650" ind1=" " ind2=" ">
        <subfield code="a">SCIENTIFIC RESEARCH</subfield>
        <subfield code="0">(DHLAUTH)270603</subfield>
    </datafield>
    <datafield tag="650" ind1=" " ind2=" ">
        <subfield code="a">RECOMMENDATIONS</subfield>
        <subfield code="0">(DHLAUTH)275840</subfield>
    </datafield>
    <datafield tag="650" ind1=" " ind2=" ">
        <subfield code="a">INTERNET</subfield>
        <subfield code="0">(DHLAUTH)438931</subfield>
    </datafield>
    <datafield tag="650" ind1=" " ind2=" ">
        <subfield code="a">ENVIRONMENT</subfield>
        <subfield code="0">(DHLAUTH)270627</subfield>
    </datafield>
    <datafield tag="650" ind1=" " ind2=" ">
        <subfield code="a">INFORMATION TECHNOLOGY</subfield>
        <subfield code="0">(DHLAUTH)272714</subfield>
    </datafield>
</record>
<record>
    <datafield tag="191" ind1=" " ind2=" ">
        <subfield code="a">E/ESCWA/TC/2000/41</subfield>
    </datafield>
    <datafield tag="246" ind1=" " ind2=" ">
        <subfield code="a">تنظيم المعلوماتية والقاعدة الاحصائية في الوزارة : تقرير عن المهمة الاستشارية الى وزارة التجارة والصناعة سلطنة عمان خلال الفترة 7-16 نيسان /أبريل 2000</subfield>
    </datafield>
    <datafield tag="269" ind1=" " ind2=" ">
        <subfield code="a">20000802</subfield>
    </datafield>
    <datafield tag="650" ind1=" " ind2=" ">
        <subfield code="a">ADVISORY SERVICES</subfield>
        <subfield code="0">(DHLAUTH)269860</subfield>
    </datafield>
    <datafield tag="650" ind1=" " ind2=" ">
        <subfield code="a">OMAN</subfield>
        <subfield code="0">(DHLAUTH)273438</subfield>
    </datafield>
    <datafield tag="650" ind1=" " ind2=" ">
        <subfield code="a">INFORMATICS</subfield>
        <subfield code="0">(DHLAUTH)275151</subfield>
    </datafield>
    <datafield tag="650" ind1=" " ind2=" ">
        <subfield code="a">ORGANIZATIONAL STRUCTURE</subfield>
        <subfield code="0">(DHLAUTH)272030</subfield>
    </datafield>
    <datafield tag="650" ind1=" " ind2=" ">
        <subfield code="a">COMPUTER PROGRAMMING</subfield>
        <subfield code="0">(DHLAUTH)269654</subfield>
    </datafield>
    <datafield tag="650" ind1=" " ind2=" ">
        <subfield code="a">INTERNET</subfield>
        <subfield code="0">(DHLAUTH)438931</subfield>
    </datafield>
    <datafield tag="650" ind1=" " ind2=" ">
        <subfield code="a">STATISTICAL DATA</subfield>
        <subfield code="0">(DHLAUTH)270233</subfield>
    </datafield>
    <datafield tag="650" ind1=" " ind2=" ">
        <subfield code="a">INDUSTRIAL STATISTICS</subfield>
        <subfield code="0">(DHLAUTH)270195</subfield>
    </datafield>
    <datafield tag="650" ind1=" " ind2=" ">
        <subfield code="a">RECOMMENDATIONS</subfield>
        <subfield code="0">(DHLAUTH)275840</subfield>
    </datafield>
    <datafield tag="650" ind1=" " ind2=" ">
        <subfield code="a">DATABASES</subfield>
        <subfield code="0">(DHLAUTH)275124</subfield>
    </datafield>
    <datafield tag="650" ind1=" " ind2=" ">
        <subfield code="a">STANDARDIZATION</subfield>
        <subfield code="0">(DHLAUTH)271816</subfield>
    </datafield>
</record>
<record>
    <datafield tag="191" ind1=" " ind2=" ">
        <subfield code="a">E/ESCWA/TC/2000/42</subfield>
    </datafield>
    <datafield tag="246" ind1=" " ind2=" ">
        <subfield code="a">تقرير عن المهمة الاستشارية الى وزارة الدولة لشؤون التقانة في الجمهورية العربية السورية خلال الفترة 7-8 أيار/ مايو 2000</subfield>
    </datafield>
    <datafield tag="269" ind1=" " ind2=" ">
        <subfield code="a">20000808</subfield>
    </datafield>
    <datafield tag="650" ind1=" " ind2=" ">
        <subfield code="a">ADVISORY SERVICES</subfield>
        <subfield code="0">(DHLAUTH)269860</subfield>
    </datafield>
    <datafield tag="650" ind1=" " ind2=" ">
        <subfield code="a">DEVELOPMENT RESEARCH</subfield>
        <subfield code="0">(DHLAUTH)269783</subfield>
    </datafield>
    <datafield tag="650" ind1=" " ind2=" ">
        <subfield code="a">SCIENCE AND TECHNOLOGY</subfield>
        <subfield code="0">(DHLAUTH)275209</subfield>
    </datafield>
    <datafield tag="650" ind1=" " ind2=" ">
        <subfield code="a">SYRIAN ARAB REPUBLIC</subfield>
        <subfield code="0">(DHLAUTH)273496</subfield>
    </datafield>
    <datafield tag="650" ind1=" " ind2=" ">
        <subfield code="a">INFORMATION TECHNOLOGY</subfield>
        <subfield code="0">(DHLAUTH)272714</subfield>
    </datafield>
    <datafield tag="650" ind1=" " ind2=" ">
        <subfield code="a">ORGANIZATIONAL STRUCTURE</subfield>
        <subfield code="0">(DHLAUTH)272030</subfield>
    </datafield>
</record>
<record>
    <datafield tag="191" ind1=" " ind2=" ">
        <subfield code="a">E/ESCWA/TC/2000/43</subfield>
    </datafield>
    <datafield tag="246" ind1=" " ind2=" ">
        <subfield code="a">استخدام تكنولوجيا المعلومات في الإدارات الحكومية وفي مجلس الوزراء ضمن عملية التطوير الإداري إطار عام : تقرير عن المهمة الاستشارية الى رئاسة مجلس الوزراء في الجمهورية العربية السورية خلال الفترة 8-9 تموز /يوليو2000</subfield>
    </datafield>
    <datafield tag="269" ind1=" " ind2=" ">
        <subfield code="a">20000809</subfield>
    </datafield>
    <datafield tag="650" ind1=" " ind2=" ">
        <subfield code="a">ADVISORY SERVICES</subfield>
        <subfield code="0">(DHLAUTH)269860</subfield>
    </datafield>
    <datafield tag="650" ind1=" " ind2=" ">
        <subfield code="a">INFORMATION TECHNOLOGY</subfield>
        <subfield code="0">(DHLAUTH)272714</subfield>
    </datafield>
    <datafield tag="650" ind1=" " ind2=" ">
        <subfield code="a">SYRIAN ARAB REPUBLIC</subfield>
        <subfield code="0">(DHLAUTH)273496</subfield>
    </datafield>
    <datafield tag="650" ind1=" " ind2=" ">
        <subfield code="a">GOVERNMENT DEPARTMENTS</subfield>
        <subfield code="0">(DHLAUTH)269998</subfield>
    </datafield>
    <datafield tag="650" ind1=" " ind2=" ">
        <subfield code="a">SCIENCE AND TECHNOLOGY</subfield>
        <subfield code="0">(DHLAUTH)275209</subfield>
    </datafield>
    <datafield tag="650" ind1=" " ind2=" ">
        <subfield code="a">HUMAN RESOURCES</subfield>
        <subfield code="0">(DHLAUTH)270571</subfield>
    </datafield>
    <datafield tag="650" ind1=" " ind2=" ">
        <subfield code="a">ORGANIZATIONAL STRUCTURE</subfield>
        <subfield code="0">(DHLAUTH)272030</subfield>
    </datafield>
    <datafield tag="650" ind1=" " ind2=" ">
        <subfield code="a">RECOMMENDATIONS</subfield>
        <subfield code="0">(DHLAUTH)275840</subfield>
    </datafield>
    <datafield tag="650" ind1=" " ind2=" ">
        <subfield code="a">WESTERN ASIA</subfield>
        <subfield code="0">(DHLAUTH)275490</subfield>
    </datafield>
    <datafield tag="650" ind1=" " ind2=" ">
        <subfield code="a">DEVELOPMENT ADMINISTRATION</subfield>
        <subfield code="0">(DHLAUTH)269879</subfield>
    </datafield>
</record>
<record>
    <datafield tag="191" ind1=" " ind2=" ">
        <subfield code="a">E/ESCWA/TC/2000/44</subfield>
    </datafield>
    <datafield tag="245" ind1=" " ind2=" ">
        <subfield code="a">ESTABLISHING KUWAIT TECHNOLOGY INCUBATOR (KTI) ( PRELIMINARY REPORT ) : REPORT ON MISSION TO THE KUWAIT INSTITUTION FOR SCIENTIFIC RESEARCH (KISR) AND TO THE KUWAIT SMALL PROJECT DEVELOPMENT COMPANY (KSPDC) 16-23 JUNE 2000</subfield>
    </datafield>
    <datafield tag="269" ind1=" " ind2=" ">
        <subfield code="a">20000822</subfield>
    </datafield>
    <datafield tag="650" ind1=" " ind2=" ">
        <subfield code="a">ADVISORY SERVICES</subfield>
        <subfield code="0">(DHLAUTH)269860</subfield>
    </datafield>
    <datafield tag="650" ind1=" " ind2=" ">
        <subfield code="a">KUWAIT</subfield>
        <subfield code="0">(DHLAUTH)273384</subfield>
    </datafield>
    <datafield tag="650" ind1=" " ind2=" ">
        <subfield code="a">TECHNOLOGY</subfield>
        <subfield code="0">(DHLAUTH)271833</subfield>
    </datafield>
    <datafield tag="650" ind1=" " ind2=" ">
        <subfield code="a">SCIENCE AND TECHNOLOGY</subfield>
        <subfield code="0">(DHLAUTH)275209</subfield>
    </datafield>
    <datafield tag="650" ind1=" " ind2=" ">
        <subfield code="a">RECOMMENDATIONS</subfield>
        <subfield code="0">(DHLAUTH)275840</subfield>
    </datafield>
    <datafield tag="650" ind1=" " ind2=" ">
        <subfield code="a">WESTERN ASIA</subfield>
        <subfield code="0">(DHLAUTH)275490</subfield>
    </datafield>
    <datafield tag="650" ind1=" " ind2=" ">
        <subfield code="a">INFORMATION TECHNOLOGY</subfield>
        <subfield code="0">(DHLAUTH)272714</subfield>
    </datafield>
    <datafield tag="650" ind1=" " ind2=" ">
        <subfield code="a">PROJECT IMPLEMENTATION</subfield>
        <subfield code="0">(DHLAUTH)269965</subfield>
    </datafield>
</record>
<record>
    <datafield tag="191" ind1=" " ind2=" ">
        <subfield code="a">E/ESCWA/TC/2000/45</subfield>
    </datafield>
    <datafield tag="245" ind1=" " ind2=" ">
        <subfield code="a">UPGRADING INFORMATION SERVICES : REPORT ON MISSION TO THE QATAR GENERAL PETROLEUM CORPORATION (QGPC) CENTRAL LIBRARY 24-28 JUNE2000 </subfield>
    </datafield>
    <datafield tag="269" ind1=" " ind2=" ">
        <subfield code="a">20000823</subfield>
    </datafield>
    <datafield tag="650" ind1=" " ind2=" ">
        <subfield code="a">ADVISORY SERVICES</subfield>
        <subfield code="0">(DHLAUTH)269860</subfield>
    </datafield>
    <datafield tag="650" ind1=" " ind2=" ">
        <subfield code="a">QATAR</subfield>
        <subfield code="0">(DHLAUTH)275603</subfield>
    </datafield>
    <datafield tag="650" ind1=" " ind2=" ">
        <subfield code="a">INFORMATION SERVICES</subfield>
        <subfield code="0">(DHLAUTH)270228</subfield>
    </datafield>
    <datafield tag="650" ind1=" " ind2=" ">
        <subfield code="a">COMPUTER NETWORKS</subfield>
        <subfield code="0">(DHLAUTH)272732</subfield>
    </datafield>
    <datafield tag="650" ind1=" " ind2=" ">
        <subfield code="a">RECOMMENDATIONS</subfield>
        <subfield code="0">(DHLAUTH)275840</subfield>
    </datafield>
    <datafield tag="650" ind1=" " ind2=" ">
        <subfield code="a">VOCATIONAL TRAINING</subfield>
        <subfield code="0">(DHLAUTH)271390</subfield>
    </datafield>
    <datafield tag="650" ind1=" " ind2=" ">
        <subfield code="a">WEBSITES</subfield>
        <subfield code="0">(DHLAUTH)481046</subfield>
    </datafield>
    <datafield tag="650" ind1=" " ind2=" ">
        <subfield code="a">LIBRARY ACQUISITIONS</subfield>
        <subfield code="0">(DHLAUTH)275107</subfield>
    </datafield>
    <datafield tag="650" ind1=" " ind2=" ">
        <subfield code="a">SECURITIES</subfield>
        <subfield code="0">(DHLAUTH)270358</subfield>
    </datafield>
    <datafield tag="650" ind1=" " ind2=" ">
        <subfield code="a">DOCUMENTATION</subfield>
        <subfield code="0">(DHLAUTH)275080</subfield>
    </datafield>
    <datafield tag="650" ind1=" " ind2=" ">
        <subfield code="a">TRAINING PROGRAMMES</subfield>
        <subfield code="0">(DHLAUTH)274026</subfield>
    </datafield>
    <datafield tag="650" ind1=" " ind2=" ">
        <subfield code="a">WESTERN ASIA</subfield>
        <subfield code="0">(DHLAUTH)275490</subfield>
    </datafield>
    <datafield tag="650" ind1=" " ind2=" ">
        <subfield code="a">LIBRARY INFORMATION SERVICES</subfield>
        <subfield code="0">(DHLAUTH)275098</subfield>
    </datafield>
    <datafield tag="650" ind1=" " ind2=" ">
        <subfield code="a">TERMS OF REFERENCE</subfield>
        <subfield code="0">(DHLAUTH)268319</subfield>
    </datafield>
    <datafield tag="650" ind1=" " ind2=" ">
        <subfield code="a">PROGRAMMES OF ACTION</subfield>
        <subfield code="0">(DHLAUTH)275777</subfield>
    </datafield>
    <datafield tag="650" ind1=" " ind2=" ">
        <subfield code="a">COMMUNICATION TECHNOLOGY</subfield>
        <subfield code="0">(DHLAUTH)272713</subfield>
    </datafield>
</record>
<record>
    <datafield tag="191" ind1=" " ind2=" ">
        <subfield code="a">E/ESCWA/TC/2000/46</subfield>
    </datafield>
    <datafield tag="246" ind1=" " ind2=" ">
        <subfield code="a">تقرير عن المهمة الاستشارية الى المديرية العامة للاحصاءات الاقتصادية في وزارة الاقتصاد الوطني مسقط , سلطنة عمان خلال الفترة 13 -31 / يوليو 2000</subfield>
    </datafield>
    <datafield tag="269" ind1=" " ind2=" ">
        <subfield code="a">20000823</subfield>
    </datafield>
    <datafield tag="650" ind1=" " ind2=" ">
        <subfield code="a">ADVISORY SERVICES</subfield>
        <subfield code="0">(DHLAUTH)269860</subfield>
    </datafield>
    <datafield tag="650" ind1=" " ind2=" ">
        <subfield code="a">ECONOMIC STATISTICS</subfield>
        <subfield code="0">(DHLAUTH)269633</subfield>
    </datafield>
    <datafield tag="650" ind1=" " ind2=" ">
        <subfield code="a">NATIONAL ACCOUNTS</subfield>
        <subfield code="0">(DHLAUTH)269651</subfield>
    </datafield>
    <datafield tag="650" ind1=" " ind2=" ">
        <subfield code="a">STATISTICAL DATA</subfield>
        <subfield code="0">(DHLAUTH)270233</subfield>
    </datafield>
    <datafield tag="650" ind1=" " ind2=" ">
        <subfield code="a">DATA COLLECTION</subfield>
        <subfield code="0">(DHLAUTH)270174</subfield>
    </datafield>
    <datafield tag="650" ind1=" " ind2=" ">
        <subfield code="a">OMAN</subfield>
        <subfield code="0">(DHLAUTH)273438</subfield>
    </datafield>
    <datafield tag="650" ind1=" " ind2=" ">
        <subfield code="a">DATA ANALYSIS</subfield>
        <subfield code="0">(DHLAUTH)275260</subfield>
    </datafield>
    <datafield tag="650" ind1=" " ind2=" ">
        <subfield code="a">STATISTICAL SERVICES</subfield>
        <subfield code="0">(DHLAUTH)270225</subfield>
    </datafield>
    <datafield tag="650" ind1=" " ind2=" ">
        <subfield code="a">QUESTIONNAIRES</subfield>
        <subfield code="0">(DHLAUTH)272018</subfield>
    </datafield>
    <datafield tag="650" ind1=" " ind2=" ">
        <subfield code="a">TECHNICAL COOPERATION</subfield>
        <subfield code="0">(DHLAUTH)268658</subfield>
    </datafield>
</record>
<record>
    <datafield tag="191" ind1=" " ind2=" ">
        <subfield code="a">E/ESCWA/TC/2000/47</subfield>
    </datafield>
    <datafield tag="245" ind1=" " ind2=" ">
        <subfield code="a">REPORT ON MISSION TO THE MINISTRY OF TRANSPORTATION (BAHRAIN) : PRELIMINARY MEETINGS WITH THE ELECTRONIC COMMERCE COMMITTEE ON POLICIES AND THE GOVERNMENT ACTION PLAN ON ELECTRONIC COMMERCE</subfield>
    </datafield>
    <datafield tag="269" ind1=" " ind2=" ">
        <subfield code="a">20000905</subfield>
    </datafield>
    <datafield tag="650" ind1=" " ind2=" ">
        <subfield code="a">ELECTRONIC COMMERCE</subfield>
        <subfield code="0">(DHLAUTH)476422</subfield>
    </datafield>
    <datafield tag="650" ind1=" " ind2=" ">
        <subfield code="a">ADVISORY SERVICES</subfield>
        <subfield code="0">(DHLAUTH)269860</subfield>
    </datafield>
    <datafield tag="650" ind1=" " ind2=" ">
        <subfield code="a">BAHRAIN</subfield>
        <subfield code="0">(DHLAUTH)273274</subfield>
    </datafield>
    <datafield tag="650" ind1=" " ind2=" ">
        <subfield code="a">TRANSPORT</subfield>
        <subfield code="0">(DHLAUTH)272243</subfield>
    </datafield>
    <datafield tag="650" ind1=" " ind2=" ">
        <subfield code="a">WORK PROGRAMME</subfield>
        <subfield code="0">(DHLAUTH)275800</subfield>
    </datafield>
    <datafield tag="650" ind1=" " ind2=" ">
        <subfield code="a">RECOMMENDATIONS</subfield>
        <subfield code="0">(DHLAUTH)275840</subfield>
    </datafield>
    <datafield tag="650" ind1=" " ind2=" ">
        <subfield code="a">COMMUNICATIONS</subfield>
        <subfield code="0">(DHLAUTH)272411</subfield>
    </datafield>
    <datafield tag="650" ind1=" " ind2=" ">
        <subfield code="a">COMPUTER NETWORKS</subfield>
        <subfield code="0">(DHLAUTH)272732</subfield>
    </datafield>
    <datafield tag="650" ind1=" " ind2=" ">
        <subfield code="a">ACTIVITIES</subfield>
        <subfield code="0">(DHLAUTH)275823</subfield>
    </datafield>
    <datafield tag="650" ind1=" " ind2=" ">
        <subfield code="a">DOCUMENTS</subfield>
        <subfield code="0">(DHLAUTH)270014</subfield>
    </datafield>
    <datafield tag="650" ind1=" " ind2=" ">
        <subfield code="a">PROGRAMMES OF ACTION</subfield>
        <subfield code="0">(DHLAUTH)275777</subfield>
    </datafield>
    <datafield tag="650" ind1=" " ind2=" ">
        <subfield code="a">TERMS OF REFERENCE</subfield>
        <subfield code="0">(DHLAUTH)268319</subfield>
    </datafield>
    <datafield tag="650" ind1=" " ind2=" ">
        <subfield code="a">ELECTRONIC COMMERCE</subfield>
        <subfield code="0">(DHLAUTH)476422</subfield>
    </datafield>
    <datafield tag="650" ind1=" " ind2=" ">
        <subfield code="a">WORK ORGANIZATION</subfield>
        <subfield code="0">(DHLAUTH)275746</subfield>
    </datafield>
    <datafield tag="650" ind1=" " ind2=" ">
        <subfield code="a">COMMUNICATION TECHNOLOGY</subfield>
        <subfield code="0">(DHLAUTH)272713</subfield>
    </datafield>
    <datafield tag="650" ind1=" " ind2=" ">
        <subfield code="a">WESTERN ASIA</subfield>
        <subfield code="0">(DHLAUTH)275490</subfield>
    </datafield>
</record>
<record>
    <datafield tag="191" ind1=" " ind2=" ">
        <subfield code="a">E/ESCWA/TC/2000/48</subfield>
    </datafield>
    <datafield tag="246" ind1=" " ind2=" ">
        <subfield code="a">تقرير عن المهمة الاستشارية الى وزارة الصحة - الامارات العربية المتحدة قسم الاحصاء بإدارة التخطيط والحاسب الآلي والتنمية الإدارية خلال الفترة 18-20 تموز/يوليو2000</subfield>
    </datafield>
    <datafield tag="269" ind1=" " ind2=" ">
        <subfield code="a">20000907</subfield>
    </datafield>
    <datafield tag="650" ind1=" " ind2=" ">
        <subfield code="a">ADVISORY SERVICES</subfield>
        <subfield code="0">(DHLAUTH)269860</subfield>
    </datafield>
    <datafield tag="650" ind1=" " ind2=" ">
        <subfield code="a">UNITED ARAB EMIRATES</subfield>
        <subfield code="0">(DHLAUTH)275604</subfield>
    </datafield>
    <datafield tag="650" ind1=" " ind2=" ">
        <subfield code="a">VOCATIONAL TRAINING</subfield>
        <subfield code="0">(DHLAUTH)271390</subfield>
    </datafield>
    <datafield tag="650" ind1=" " ind2=" ">
        <subfield code="a">COMPUTERS</subfield>
        <subfield code="0">(DHLAUTH)271865</subfield>
    </datafield>
    <datafield tag="650" ind1=" " ind2=" ">
        <subfield code="a">DOCUMENTS</subfield>
        <subfield code="0">(DHLAUTH)270014</subfield>
    </datafield>
    <datafield tag="650" ind1=" " ind2=" ">
        <subfield code="a">RECOMMENDATIONS</subfield>
        <subfield code="0">(DHLAUTH)275840</subfield>
    </datafield>
    <datafield tag="650" ind1=" " ind2=" ">
        <subfield code="a">TRAINING PROGRAMMES</subfield>
        <subfield code="0">(DHLAUTH)274026</subfield>
    </datafield>
    <datafield tag="650" ind1=" " ind2=" ">
        <subfield code="a">DATA COLLECTION</subfield>
        <subfield code="0">(DHLAUTH)270174</subfield>
    </datafield>
</record>
<record>
    <datafield tag="191" ind1=" " ind2=" ">
        <subfield code="a">E/ESCWA/TC/2000/49</subfield>
    </datafield>
    <datafield tag="246" ind1=" " ind2=" ">
        <subfield code="a">تقرير عن المهمة الاستشارية الى الجهاز المركزي للإحصاء والمصادر الطبيعية الفلسطيني دمشق - الجمهورية العربية السورية خلال الفترة 12-14 نيسان/ابريل 2000</subfield>
    </datafield>
    <datafield tag="269" ind1=" " ind2=" ">
        <subfield code="a">20000907</subfield>
    </datafield>
    <datafield tag="650" ind1=" " ind2=" ">
        <subfield code="a">SYRIAN ARAB REPUBLIC</subfield>
        <subfield code="0">(DHLAUTH)273496</subfield>
    </datafield>
    <datafield tag="650" ind1=" " ind2=" ">
        <subfield code="a">ADVISORY SERVICES</subfield>
        <subfield code="0">(DHLAUTH)269860</subfield>
    </datafield>
    <datafield tag="650" ind1=" " ind2=" ">
        <subfield code="a">STATISTICAL DATA</subfield>
        <subfield code="0">(DHLAUTH)270233</subfield>
    </datafield>
    <datafield tag="650" ind1=" " ind2=" ">
        <subfield code="a">DAMASCUS (SYRIAN ARAB REPUBLIC)</subfield>
        <subfield code="0">(DHLAUTH)276957</subfield>
    </datafield>
    <datafield tag="650" ind1=" " ind2=" ">
        <subfield code="a">POPULATION SURVEYS</subfield>
        <subfield code="0">(DHLAUTH)272991</subfield>
    </datafield>
    <datafield tag="650" ind1=" " ind2=" ">
        <subfield code="a">SOCIAL SURVEYS</subfield>
        <subfield code="0">(DHLAUTH)269794</subfield>
    </datafield>
    <datafield tag="650" ind1=" " ind2=" ">
        <subfield code="a">INFANTS</subfield>
        <subfield code="0">(DHLAUTH)272949</subfield>
    </datafield>
    <datafield tag="650" ind1=" " ind2=" ">
        <subfield code="a">HOUSEHOLDS</subfield>
        <subfield code="0">(DHLAUTH)273037</subfield>
    </datafield>
    <datafield tag="650" ind1=" " ind2=" ">
        <subfield code="a">MODEL FORMS</subfield>
        <subfield code="0">(DHLAUTH)269304</subfield>
    </datafield>
    <datafield tag="650" ind1=" " ind2=" ">
        <subfield code="a">COMPUTER NETWORKS</subfield>
        <subfield code="0">(DHLAUTH)272732</subfield>
    </datafield>
</record>
<record>
    <datafield tag="191" ind1=" " ind2=" ">
        <subfield code="a">E/ESCWA/TC/2000/5</subfield>
    </datafield>
    <datafield tag="246" ind1=" " ind2=" ">
        <subfield code="a">تقرير عن المهمة الإستشارية الى وزارة الزراعة والإصلاح الزراعي الجمهورية العربية السورية وثيقة مشروع الاعداد لاستراتيجية وخطة عمل وطنية للتنمية الزراعية المستدامة في الجمهورية العربية السورية خلال الفترة 29 تشرين الثاني/نوفمبر -4 كانون الاول/ديسمبر 1999</subfield>
    </datafield>
    <datafield tag="269" ind1=" " ind2=" ">
        <subfield code="a">20000126</subfield>
    </datafield>
    <datafield tag="650" ind1=" " ind2=" ">
        <subfield code="a">SYRIAN ARAB REPUBLIC</subfield>
        <subfield code="0">(DHLAUTH)273496</subfield>
    </datafield>
    <datafield tag="650" ind1=" " ind2=" ">
        <subfield code="a">AGRICULTURAL DEVELOPMENT</subfield>
        <subfield code="0">(DHLAUTH)269917</subfield>
    </datafield>
    <datafield tag="650" ind1=" " ind2=" ">
        <subfield code="a">WORK ORGANIZATION</subfield>
        <subfield code="0">(DHLAUTH)275746</subfield>
    </datafield>
    <datafield tag="650" ind1=" " ind2=" ">
        <subfield code="a">WESTERN ASIA</subfield>
        <subfield code="0">(DHLAUTH)275490</subfield>
    </datafield>
    <datafield tag="650" ind1=" " ind2=" ">
        <subfield code="a">ADVISORY SERVICES</subfield>
        <subfield code="0">(DHLAUTH)269860</subfield>
    </datafield>
    <datafield tag="650" ind1=" " ind2=" ">
        <subfield code="a">WORK PROGRAMME</subfield>
        <subfield code="0">(DHLAUTH)275800</subfield>
    </datafield>
    <datafield tag="650" ind1=" " ind2=" ">
        <subfield code="a">NATURAL RESOURCES</subfield>
        <subfield code="0">(DHLAUTH)270548</subfield>
    </datafield>
    <datafield tag="650" ind1=" " ind2=" ">
        <subfield code="a">NATURAL RESOURCES DEVELOPMENT</subfield>
        <subfield code="0">(DHLAUTH)269919</subfield>
    </datafield>
    <datafield tag="650" ind1=" " ind2=" ">
        <subfield code="a">COSTS</subfield>
        <subfield code="0">(DHLAUTH)269595</subfield>
    </datafield>
</record>
<record>
    <datafield tag="191" ind1=" " ind2=" ">
        <subfield code="a">E/ESCWA/TC/2000/50</subfield>
    </datafield>
    <datafield tag="246" ind1=" " ind2=" ">
        <subfield code="a">تقرير عن المهمة الاستشارية الى وزارة المواصلات دمشق - الجمهورية العربية السورية خلال الفترة 15-22 نيسان/ابريل 2000</subfield>
    </datafield>
    <datafield tag="269" ind1=" " ind2=" ">
        <subfield code="a">20000907</subfield>
    </datafield>
    <datafield tag="650" ind1=" " ind2=" ">
        <subfield code="a">ADVISORY SERVICES</subfield>
        <subfield code="0">(DHLAUTH)269860</subfield>
    </datafield>
    <datafield tag="650" ind1=" " ind2=" ">
        <subfield code="a">SYRIAN ARAB REPUBLIC</subfield>
        <subfield code="0">(DHLAUTH)273496</subfield>
    </datafield>
    <datafield tag="650" ind1=" " ind2=" ">
        <subfield code="a">HIGHWAYS</subfield>
        <subfield code="0">(DHLAUTH)272570</subfield>
    </datafield>
    <datafield tag="650" ind1=" " ind2=" ">
        <subfield code="a">MAINTENANCE AND REPAIR</subfield>
        <subfield code="0">(DHLAUTH)271898</subfield>
    </datafield>
    <datafield tag="650" ind1=" " ind2=" ">
        <subfield code="a">INFORMATION SYSTEMS</subfield>
        <subfield code="0">(DHLAUTH)272026</subfield>
    </datafield>
    <datafield tag="650" ind1=" " ind2=" ">
        <subfield code="a">GEOGRAPHIC INFORMATION SYSTEMS</subfield>
        <subfield code="0">(DHLAUTH)270489</subfield>
    </datafield>
    <datafield tag="650" ind1=" " ind2=" ">
        <subfield code="a">DAMASCUS (SYRIAN ARAB REPUBLIC)</subfield>
        <subfield code="0">(DHLAUTH)276957</subfield>
    </datafield>
    <datafield tag="650" ind1=" " ind2=" ">
        <subfield code="a">COMPUTERS</subfield>
        <subfield code="0">(DHLAUTH)271865</subfield>
    </datafield>
    <datafield tag="650" ind1=" " ind2=" ">
        <subfield code="a">AUTOMATION</subfield>
        <subfield code="0">(DHLAUTH)270184</subfield>
    </datafield>
    <datafield tag="650" ind1=" " ind2=" ">
        <subfield code="a">TECHNICAL TRAINING</subfield>
        <subfield code="0">(DHLAUTH)271971</subfield>
    </datafield>
    <datafield tag="650" ind1=" " ind2=" ">
        <subfield code="a">VOCATIONAL TRAINING</subfield>
        <subfield code="0">(DHLAUTH)271390</subfield>
    </datafield>
    <datafield tag="650" ind1=" " ind2=" ">
        <subfield code="a">RECOMMENDATIONS</subfield>
        <subfield code="0">(DHLAUTH)275840</subfield>
    </datafield>
    <datafield tag="650" ind1=" " ind2=" ">
        <subfield code="a">DATA COLLECTION</subfield>
        <subfield code="0">(DHLAUTH)270174</subfield>
    </datafield>
    <datafield tag="650" ind1=" " ind2=" ">
        <subfield code="a">DATA ANALYSIS</subfield>
        <subfield code="0">(DHLAUTH)275260</subfield>
    </datafield>
    <datafield tag="650" ind1=" " ind2=" ">
        <subfield code="a">TRAINING PROGRAMMES</subfield>
        <subfield code="0">(DHLAUTH)274026</subfield>
    </datafield>
</record>
<record>
    <datafield tag="191" ind1=" " ind2=" ">
        <subfield code="a">E/ESCWA/TC/2000/51</subfield>
    </datafield>
    <datafield tag="246" ind1=" " ind2=" ">
        <subfield code="a">تقرير عن المهمة الاستشارية الى دائرة الاحصاءات الاقتصادية المملكة الاردنية الهاشمية خلال الفترة 12-27 آب/اغسطس 2000 تطبيق نظام الحسابات القومية للامم المتحدة (SNA 93) </subfield>
    </datafield>
    <datafield tag="269" ind1=" " ind2=" ">
        <subfield code="a">20000915</subfield>
    </datafield>
    <datafield tag="650" ind1=" " ind2=" ">
        <subfield code="a">ADVISORY SERVICES</subfield>
        <subfield code="0">(DHLAUTH)269860</subfield>
    </datafield>
    <datafield tag="650" ind1=" " ind2=" ">
        <subfield code="a">NATIONAL ACCOUNTS</subfield>
        <subfield code="0">(DHLAUTH)269651</subfield>
    </datafield>
    <datafield tag="650" ind1=" " ind2=" ">
        <subfield code="a">ECONOMIC STATISTICS</subfield>
        <subfield code="0">(DHLAUTH)269633</subfield>
    </datafield>
    <datafield tag="650" ind1=" " ind2=" ">
        <subfield code="a">JORDAN</subfield>
        <subfield code="0">(DHLAUTH)269099</subfield>
    </datafield>
</record>
<record>
    <datafield tag="191" ind1=" " ind2=" ">
        <subfield code="a">E/ESCWA/TC/2000/52</subfield>
    </datafield>
    <datafield tag="246" ind1=" " ind2=" ">
        <subfield code="a">تقرير عن المهمة الاستشارية الى وزارة الطاقة والثروة المعدنية عمان-المملكة الاردنية الهاشمية خلال الفترة 4-9 ايلول/سبتمبر 2000</subfield>
    </datafield>
    <datafield tag="269" ind1=" " ind2=" ">
        <subfield code="a">20000927</subfield>
    </datafield>
    <datafield tag="650" ind1=" " ind2=" ">
        <subfield code="a">ADVISORY SERVICES</subfield>
        <subfield code="0">(DHLAUTH)269860</subfield>
    </datafield>
    <datafield tag="650" ind1=" " ind2=" ">
        <subfield code="a">AMMAN (JORDAN)</subfield>
        <subfield code="0">(DHLAUTH)276766</subfield>
    </datafield>
    <datafield tag="650" ind1=" " ind2=" ">
        <subfield code="a">JORDAN</subfield>
        <subfield code="0">(DHLAUTH)269099</subfield>
    </datafield>
    <datafield tag="650" ind1=" " ind2=" ">
        <subfield code="a">STATISTICS</subfield>
        <subfield code="0">(DHLAUTH)269347</subfield>
    </datafield>
    <datafield tag="650" ind1=" " ind2=" ">
        <subfield code="a">TECHNOLOGY</subfield>
        <subfield code="0">(DHLAUTH)271833</subfield>
    </datafield>
    <datafield tag="650" ind1=" " ind2=" ">
        <subfield code="a">RECOMMENDATIONS</subfield>
        <subfield code="0">(DHLAUTH)275840</subfield>
    </datafield>
    <datafield tag="650" ind1=" " ind2=" ">
        <subfield code="a">ENERGY CONSUMPTION</subfield>
        <subfield code="0">(DHLAUTH)269578</subfield>
    </datafield>
    <datafield tag="650" ind1=" " ind2=" ">
        <subfield code="a">ECONOMIC SURVEYS</subfield>
        <subfield code="0">(DHLAUTH)269780</subfield>
    </datafield>
    <datafield tag="650" ind1=" " ind2=" ">
        <subfield code="a">STATISTICAL DATA</subfield>
        <subfield code="0">(DHLAUTH)270233</subfield>
    </datafield>
    <datafield tag="650" ind1=" " ind2=" ">
        <subfield code="a">ELECTRIC POWER</subfield>
        <subfield code="0">(DHLAUTH)271189</subfield>
    </datafield>
</record>
<record>
    <datafield tag="191" ind1=" " ind2=" ">
        <subfield code="a">E/ESCWA/TC/2000/53</subfield>
    </datafield>
    <datafield tag="246" ind1=" " ind2=" ">
        <subfield code="a">تقرير عن المهمة الاستشارية الى المركز  الوطني للمعلومات التابع لرئاسة الجمهورية اليمنية خلال الفترة 10-19 تموز/يوليو 2000 </subfield>
    </datafield>
    <datafield tag="269" ind1=" " ind2=" ">
        <subfield code="a">20001005</subfield>
    </datafield>
    <datafield tag="650" ind1=" " ind2=" ">
        <subfield code="a">ADVISORY SERVICES</subfield>
        <subfield code="0">(DHLAUTH)269860</subfield>
    </datafield>
    <datafield tag="650" ind1=" " ind2=" ">
        <subfield code="a">YEMEN</subfield>
        <subfield code="0">(DHLAUTH)273521</subfield>
    </datafield>
    <datafield tag="650" ind1=" " ind2=" ">
        <subfield code="a">INFORMATION TECHNOLOGY</subfield>
        <subfield code="0">(DHLAUTH)272714</subfield>
    </datafield>
    <datafield tag="650" ind1=" " ind2=" ">
        <subfield code="a">SCIENCE AND TECHNOLOGY</subfield>
        <subfield code="0">(DHLAUTH)275209</subfield>
    </datafield>
    <datafield tag="650" ind1=" " ind2=" ">
        <subfield code="a">COMMUNICATIONS</subfield>
        <subfield code="0">(DHLAUTH)272411</subfield>
    </datafield>
    <datafield tag="650" ind1=" " ind2=" ">
        <subfield code="a">COMPUTER NETWORKS</subfield>
        <subfield code="0">(DHLAUTH)272732</subfield>
    </datafield>
    <datafield tag="650" ind1=" " ind2=" ">
        <subfield code="a">WESTERN ASIA</subfield>
        <subfield code="0">(DHLAUTH)275490</subfield>
    </datafield>
    <datafield tag="650" ind1=" " ind2=" ">
        <subfield code="a">PROJECT FINANCE</subfield>
        <subfield code="0">(DHLAUTH)9165</subfield>
    </datafield>
    <datafield tag="650" ind1=" " ind2=" ">
        <subfield code="a">BUSINESS ENTERPRISES</subfield>
        <subfield code="0">(DHLAUTH)269199</subfield>
    </datafield>
</record>
<record>
    <datafield tag="191" ind1=" " ind2=" ">
        <subfield code="a">E/ESCWA/TC/2000/54</subfield>
    </datafield>
    <datafield tag="246" ind1=" " ind2=" ">
        <subfield code="a">تقرير عن المهمة الاستشارية الى المركز القومي للبحوث الاجتماعية والجنائية القاهرة-جمهورية مصر العربية خلال الفترتين 2-16 ايار/مايو 2000 و 28 ايار/مايو - 13 حزيران/يونيو 2000 </subfield>
    </datafield>
    <datafield tag="269" ind1=" " ind2=" ">
        <subfield code="a">20001016</subfield>
    </datafield>
    <datafield tag="650" ind1=" " ind2=" ">
        <subfield code="a">ADVISORY SERVICES</subfield>
        <subfield code="0">(DHLAUTH)269860</subfield>
    </datafield>
    <datafield tag="650" ind1=" " ind2=" ">
        <subfield code="a">GEOGRAPHIC INFORMATION SYSTEMS</subfield>
        <subfield code="0">(DHLAUTH)270489</subfield>
    </datafield>
    <datafield tag="650" ind1=" " ind2=" ">
        <subfield code="a">EGYPT</subfield>
        <subfield code="0">(DHLAUTH)273328</subfield>
    </datafield>
    <datafield tag="650" ind1=" " ind2=" ">
        <subfield code="a">INFORMATION</subfield>
        <subfield code="0">(DHLAUTH)270009</subfield>
    </datafield>
    <datafield tag="650" ind1=" " ind2=" ">
        <subfield code="a">VOCATIONAL REHABILITATION</subfield>
        <subfield code="0">(DHLAUTH)273789</subfield>
    </datafield>
    <datafield tag="650" ind1=" " ind2=" ">
        <subfield code="a">INTERNET</subfield>
        <subfield code="0">(DHLAUTH)438931</subfield>
    </datafield>
    <datafield tag="650" ind1=" " ind2=" ">
        <subfield code="a">STATISTICAL METHODOLOGY</subfield>
        <subfield code="0">(DHLAUTH)269635</subfield>
    </datafield>
    <datafield tag="650" ind1=" " ind2=" ">
        <subfield code="a">ADMINISTRATIVE PROCEDURE</subfield>
        <subfield code="0">(DHLAUTH)269137</subfield>
    </datafield>
    <datafield tag="650" ind1=" " ind2=" ">
        <subfield code="a">DRUG CONTROL</subfield>
        <subfield code="0">(DHLAUTH)273704</subfield>
    </datafield>
</record>
<record>
    <datafield tag="191" ind1=" " ind2=" ">
        <subfield code="a">E/ESCWA/TC/2000/55</subfield>
    </datafield>
    <datafield tag="246" ind1=" " ind2=" ">
        <subfield code="a">تقرير عن المهمة الاستشارية الى وزارة النقل الجمهورية العربية السورية خلال الفترة 1-3 تشرين الاول/اكتوبر 2000 </subfield>
    </datafield>
    <datafield tag="269" ind1=" " ind2=" ">
        <subfield code="a">20001102</subfield>
    </datafield>
    <datafield tag="650" ind1=" " ind2=" ">
        <subfield code="a">ADVISORY SERVICES</subfield>
        <subfield code="0">(DHLAUTH)269860</subfield>
    </datafield>
    <datafield tag="650" ind1=" " ind2=" ">
        <subfield code="a">SYRIAN ARAB REPUBLIC</subfield>
        <subfield code="0">(DHLAUTH)273496</subfield>
    </datafield>
    <datafield tag="650" ind1=" " ind2=" ">
        <subfield code="a">ORGANIZATIONAL STRUCTURE</subfield>
        <subfield code="0">(DHLAUTH)272030</subfield>
    </datafield>
    <datafield tag="650" ind1=" " ind2=" ">
        <subfield code="a">INFORMATION</subfield>
        <subfield code="0">(DHLAUTH)270009</subfield>
    </datafield>
    <datafield tag="650" ind1=" " ind2=" ">
        <subfield code="a">RECOMMENDATIONS</subfield>
        <subfield code="0">(DHLAUTH)275840</subfield>
    </datafield>
    <datafield tag="650" ind1=" " ind2=" ">
        <subfield code="a">INTERNET</subfield>
        <subfield code="0">(DHLAUTH)438931</subfield>
    </datafield>
</record>
<record>
    <datafield tag="191" ind1=" " ind2=" ">
        <subfield code="a">E/ESCWA/TC/2000/56</subfield>
    </datafield>
    <datafield tag="246" ind1=" " ind2=" ">
        <subfield code="a">إعادة هيكلية الوزارة وتعظيم الاستفادة من تكنولوجيا المعلومات والاتصالات : تقرير عن المهمة الاستشارية المشتركة الى وزارة التخطيط دولة الامارات العربية المتحدة خلال الفترة 8-18 أيلول/سبتمبر2000</subfield>
    </datafield>
    <datafield tag="269" ind1=" " ind2=" ">
        <subfield code="a">20001108</subfield>
    </datafield>
    <datafield tag="650" ind1=" " ind2=" ">
        <subfield code="a">ADVISORY SERVICES</subfield>
        <subfield code="0">(DHLAUTH)269860</subfield>
    </datafield>
    <datafield tag="650" ind1=" " ind2=" ">
        <subfield code="a">UNITED ARAB EMIRATES</subfield>
        <subfield code="0">(DHLAUTH)275604</subfield>
    </datafield>
    <datafield tag="650" ind1=" " ind2=" ">
        <subfield code="a">COMPUTER NETWORKS</subfield>
        <subfield code="0">(DHLAUTH)272732</subfield>
    </datafield>
    <datafield tag="650" ind1=" " ind2=" ">
        <subfield code="a">ORGANIZATIONAL STRUCTURE</subfield>
        <subfield code="0">(DHLAUTH)272030</subfield>
    </datafield>
    <datafield tag="650" ind1=" " ind2=" ">
        <subfield code="a">ORGANIZATIONAL STRUCTURE</subfield>
        <subfield code="0">(DHLAUTH)272030</subfield>
    </datafield>
    <datafield tag="650" ind1=" " ind2=" ">
        <subfield code="a">ECONOMIC STATISTICS</subfield>
        <subfield code="0">(DHLAUTH)269633</subfield>
    </datafield>
    <datafield tag="650" ind1=" " ind2=" ">
        <subfield code="a">FINANCIAL STATISTICS</subfield>
        <subfield code="0">(DHLAUTH)270194</subfield>
    </datafield>
    <datafield tag="650" ind1=" " ind2=" ">
        <subfield code="a">SOCIAL STATISTICS</subfield>
        <subfield code="0">(DHLAUTH)270232</subfield>
    </datafield>
    <datafield tag="650" ind1=" " ind2=" ">
        <subfield code="a">DEMOGRAPHIC STATISTICS</subfield>
        <subfield code="0">(DHLAUTH)270229</subfield>
    </datafield>
    <datafield tag="650" ind1=" " ind2=" ">
        <subfield code="a">STATISTICAL SERVICES</subfield>
        <subfield code="0">(DHLAUTH)270225</subfield>
    </datafield>
    <datafield tag="650" ind1=" " ind2=" ">
        <subfield code="a">RECOMMENDATIONS</subfield>
        <subfield code="0">(DHLAUTH)275840</subfield>
    </datafield>
    <datafield tag="650" ind1=" " ind2=" ">
        <subfield code="a">WESTERN ASIA</subfield>
        <subfield code="0">(DHLAUTH)275490</subfield>
    </datafield>
</record>
<record>
    <datafield tag="191" ind1=" " ind2=" ">
        <subfield code="a">E/ESCWA/TC/2000/59</subfield>
    </datafield>
    <datafield tag="246" ind1=" " ind2=" ">
        <subfield code="a">تقرير عن المهمة الاستشارية الى المكتب المركزي للاحصاء الجمهورية العربية السورية تطبيق نظام الحسابات القومية لعام 1993 خلال الفترة 3-17 تشرين الاول/أكتوبر 2000</subfield>
    </datafield>
    <datafield tag="269" ind1=" " ind2=" ">
        <subfield code="a">20001110</subfield>
    </datafield>
    <datafield tag="650" ind1=" " ind2=" ">
        <subfield code="a">ADVISORY SERVICES</subfield>
        <subfield code="0">(DHLAUTH)269860</subfield>
    </datafield>
    <datafield tag="650" ind1=" " ind2=" ">
        <subfield code="a">SYRIAN ARAB REPUBLIC</subfield>
        <subfield code="0">(DHLAUTH)273496</subfield>
    </datafield>
    <datafield tag="650" ind1=" " ind2=" ">
        <subfield code="a">NATIONAL ACCOUNTS</subfield>
        <subfield code="0">(DHLAUTH)269651</subfield>
    </datafield>
    <datafield tag="650" ind1=" " ind2=" ">
        <subfield code="a">ECONOMIC STATISTICS</subfield>
        <subfield code="0">(DHLAUTH)269633</subfield>
    </datafield>
    <datafield tag="650" ind1=" " ind2=" ">
        <subfield code="a">RECOMMENDATIONS</subfield>
        <subfield code="0">(DHLAUTH)275840</subfield>
    </datafield>
    <datafield tag="650" ind1=" " ind2=" ">
        <subfield code="a">STATISTICAL DATA</subfield>
        <subfield code="0">(DHLAUTH)270233</subfield>
    </datafield>
    <datafield tag="650" ind1=" " ind2=" ">
        <subfield code="a">PRODUCTION</subfield>
        <subfield code="0">(DHLAUTH)269667</subfield>
    </datafield>
    <datafield tag="650" ind1=" " ind2=" ">
        <subfield code="a">INCOME</subfield>
        <subfield code="0">(DHLAUTH)269710</subfield>
    </datafield>
    <datafield tag="650" ind1=" " ind2=" ">
        <subfield code="a">BALANCE OF PAYMENTS</subfield>
        <subfield code="0">(DHLAUTH)270325</subfield>
    </datafield>
</record>
<record>
    <datafield tag="191" ind1=" " ind2=" ">
        <subfield code="a">E/ESCWA/TC/2000/60</subfield>
    </datafield>
    <datafield tag="246" ind1=" " ind2=" ">
        <subfield code="a">مقترح برنامج تطوير قطاع المرأة : تقرير عن المهمة الاستشارية الى الاتحاد العام لنساء العراق جمهورية العراق خلال الفترة 22كانون الثاني/ يناير لغاية8 شباط / فبراير2000</subfield>
    </datafield>
    <datafield tag="269" ind1=" " ind2=" ">
        <subfield code="a">20001128</subfield>
    </datafield>
    <datafield tag="650" ind1=" " ind2=" ">
        <subfield code="a">ADVISORY SERVICES</subfield>
        <subfield code="0">(DHLAUTH)269860</subfield>
    </datafield>
    <datafield tag="650" ind1=" " ind2=" ">
        <subfield code="a">IRAQ</subfield>
        <subfield code="0">(DHLAUTH)273370</subfield>
    </datafield>
    <datafield tag="650" ind1=" " ind2=" ">
        <subfield code="a">WOMEN</subfield>
        <subfield code="0">(DHLAUTH)273032</subfield>
    </datafield>
    <datafield tag="650" ind1=" " ind2=" ">
        <subfield code="a">SOCIAL DEVELOPMENT</subfield>
        <subfield code="0">(DHLAUTH)269873</subfield>
    </datafield>
    <datafield tag="650" ind1=" " ind2=" ">
        <subfield code="a">FAMILY</subfield>
        <subfield code="0">(DHLAUTH)269293</subfield>
    </datafield>
    <datafield tag="650" ind1=" " ind2=" ">
        <subfield code="a">VOCATIONAL TRAINING</subfield>
        <subfield code="0">(DHLAUTH)271390</subfield>
    </datafield>
    <datafield tag="650" ind1=" " ind2=" ">
        <subfield code="a">HUMAN RESOURCES</subfield>
        <subfield code="0">(DHLAUTH)270571</subfield>
    </datafield>
    <datafield tag="650" ind1=" " ind2=" ">
        <subfield code="a">ACTIVITIES</subfield>
        <subfield code="0">(DHLAUTH)275823</subfield>
    </datafield>
    <datafield tag="650" ind1=" " ind2=" ">
        <subfield code="a">WOMEN'S ADVANCEMENT</subfield>
        <subfield code="0">(DHLAUTH)273158</subfield>
    </datafield>
</record>
<record>
    <datafield tag="191" ind1=" " ind2=" ">
        <subfield code="a">E/ESCWA/TC/2000/61</subfield>
    </datafield>
    <datafield tag="246" ind1=" " ind2=" ">
        <subfield code="a">تقرير عن المهمة الاستشارية الى وزارة الطاقة والثروة المعدنية والمركز الوطني لبحوث الطاقة عمان , المملكة الاردنية الهاشمية : خلال الفترة 4-10 تشرين الثاني/نوفمبر 2000</subfield>
    </datafield>
    <datafield tag="269" ind1=" " ind2=" ">
        <subfield code="a">20001205</subfield>
    </datafield>
    <datafield tag="650" ind1=" " ind2=" ">
        <subfield code="a">ADVISORY SERVICES</subfield>
        <subfield code="0">(DHLAUTH)269860</subfield>
    </datafield>
    <datafield tag="650" ind1=" " ind2=" ">
        <subfield code="a">JORDAN</subfield>
        <subfield code="0">(DHLAUTH)269099</subfield>
    </datafield>
    <datafield tag="650" ind1=" " ind2=" ">
        <subfield code="a">AMMAN (JORDAN)</subfield>
        <subfield code="0">(DHLAUTH)276766</subfield>
    </datafield>
    <datafield tag="650" ind1=" " ind2=" ">
        <subfield code="a">ENERGY CONSUMPTION</subfield>
        <subfield code="0">(DHLAUTH)269578</subfield>
    </datafield>
    <datafield tag="650" ind1=" " ind2=" ">
        <subfield code="a">ENERGY RESOURCES</subfield>
        <subfield code="0">(DHLAUTH)270561</subfield>
    </datafield>
    <datafield tag="650" ind1=" " ind2=" ">
        <subfield code="a">ENERGY STATISTICS</subfield>
        <subfield code="0">(DHLAUTH)270192</subfield>
    </datafield>
    <datafield tag="650" ind1=" " ind2=" ">
        <subfield code="a">STATISTICAL METHODOLOGY</subfield>
        <subfield code="0">(DHLAUTH)269635</subfield>
    </datafield>
    <datafield tag="650" ind1=" " ind2=" ">
        <subfield code="a">RECOMMENDATIONS</subfield>
        <subfield code="0">(DHLAUTH)275840</subfield>
    </datafield>
    <datafield tag="650" ind1=" " ind2=" ">
        <subfield code="a">NATURAL RESOURCES</subfield>
        <subfield code="0">(DHLAUTH)270548</subfield>
    </datafield>
    <datafield tag="650" ind1=" " ind2=" ">
        <subfield code="a">MEASURING INSTRUMENTS</subfield>
        <subfield code="0">(DHLAUTH)272636</subfield>
    </datafield>
    <datafield tag="650" ind1=" " ind2=" ">
        <subfield code="a">WIND POWER</subfield>
        <subfield code="0">(DHLAUTH)271257</subfield>
    </datafield>
</record>
<record>
    <datafield tag="191" ind1=" " ind2=" ">
        <subfield code="a">E/ESCWA/TC/2000/62</subfield>
    </datafield>
    <datafield tag="246" ind1=" " ind2=" ">
        <subfield code="a">مراجعة وتقييم سير العمل في انجاز التقرير الوطني العماني للتنمية البشرية : تقرير عن المهمة الاستشارية لدى وزارة الاقتصاد الوطني سلطنة عمان خلال الفترة 4-11 تشرين الثاني/نوفمبر 2000</subfield>
    </datafield>
    <datafield tag="269" ind1=" " ind2=" ">
        <subfield code="a">20001214</subfield>
    </datafield>
    <datafield tag="650" ind1=" " ind2=" ">
        <subfield code="a">ADVISORY SERVICES</subfield>
        <subfield code="0">(DHLAUTH)269860</subfield>
    </datafield>
    <datafield tag="650" ind1=" " ind2=" ">
        <subfield code="a">HUMAN DEVELOPMENT</subfield>
        <subfield code="0">(DHLAUTH)276688</subfield>
    </datafield>
    <datafield tag="650" ind1=" " ind2=" ">
        <subfield code="a">SOCIAL DEVELOPMENT</subfield>
        <subfield code="0">(DHLAUTH)269873</subfield>
    </datafield>
    <datafield tag="650" ind1=" " ind2=" ">
        <subfield code="a">RECOMMENDATIONS</subfield>
        <subfield code="0">(DHLAUTH)275840</subfield>
    </datafield>
    <datafield tag="650" ind1=" " ind2=" ">
        <subfield code="a">INTERNET</subfield>
        <subfield code="0">(DHLAUTH)438931</subfield>
    </datafield>
    <datafield tag="650" ind1=" " ind2=" ">
        <subfield code="a">WESTERN ASIA</subfield>
        <subfield code="0">(DHLAUTH)275490</subfield>
    </datafield>
    <datafield tag="650" ind1=" " ind2=" ">
        <subfield code="a">OMAN</subfield>
        <subfield code="0">(DHLAUTH)273438</subfield>
    </datafield>
    <datafield tag="650" ind1=" " ind2=" ">
        <subfield code="a">CIVIL SOCIETY</subfield>
        <subfield code="0">(DHLAUTH)479996</subfield>
    </datafield>
    <datafield tag="650" ind1=" " ind2=" ">
        <subfield code="a">TECHNICAL COOPERATION</subfield>
        <subfield code="0">(DHLAUTH)268658</subfield>
    </datafield>
    <datafield tag="650" ind1=" " ind2=" ">
        <subfield code="a">EVALUATION</subfield>
        <subfield code="0">(DHLAUTH)269588</subfield>
    </datafield>
</record>
<record>
    <datafield tag="191" ind1=" " ind2=" ">
        <subfield code="a">E/ESCWA/TC/2000/63</subfield>
    </datafield>
    <datafield tag="245" ind1=" " ind2=" ">
        <subfield code="a">REPORT ON MISSION TO THE NATIONAL WATER RESOURCES AUTHORITY YEMEN : GROUNDWATER EXPLORATION POTENTIAL IN THE TAIZZ REGION</subfield>
    </datafield>
    <datafield tag="269" ind1=" " ind2=" ">
        <subfield code="a">20001221</subfield>
    </datafield>
    <datafield tag="650" ind1=" " ind2=" ">
        <subfield code="a">RECOMMENDATIONS</subfield>
        <subfield code="0">(DHLAUTH)275840</subfield>
    </datafield>
    <datafield tag="650" ind1=" " ind2=" ">
        <subfield code="a">ADVISORY SERVICES</subfield>
        <subfield code="0">(DHLAUTH)269860</subfield>
    </datafield>
    <datafield tag="650" ind1=" " ind2=" ">
        <subfield code="a">YEMEN</subfield>
        <subfield code="0">(DHLAUTH)273521</subfield>
    </datafield>
    <datafield tag="650" ind1=" " ind2=" ">
        <subfield code="a">RESOURCES EXPLORATION</subfield>
        <subfield code="0">(DHLAUTH)270560</subfield>
    </datafield>
    <datafield tag="650" ind1=" " ind2=" ">
        <subfield code="a">WELLS</subfield>
        <subfield code="0">(DHLAUTH)270895</subfield>
    </datafield>
    <datafield tag="650" ind1=" " ind2=" ">
        <subfield code="a">GROUNDWATER</subfield>
        <subfield code="0">(DHLAUTH)270891</subfield>
    </datafield>
    <datafield tag="650" ind1=" " ind2=" ">
        <subfield code="a">WATER STATISTICS</subfield>
        <subfield code="0">(DHLAUTH)270918</subfield>
    </datafield>
    <datafield tag="650" ind1=" " ind2=" ">
        <subfield code="a">WATER QUALITY</subfield>
        <subfield code="0">(DHLAUTH)270691</subfield>
    </datafield>
</record>
<record>
    <datafield tag="191" ind1=" " ind2=" ">
        <subfield code="a">E/ESCWA/TC/2000/7</subfield>
    </datafield>
    <datafield tag="246" ind1=" " ind2=" ">
        <subfield code="a">تقرير عن المهمة الاستشارية الى وزارة الطاقة والثروة المعدنية عمان المملكة الاردنية الهاشمية </subfield>
    </datafield>
    <datafield tag="269" ind1=" " ind2=" ">
        <subfield code="a">20000204</subfield>
    </datafield>
    <datafield tag="650" ind1=" " ind2=" ">
        <subfield code="a">WESTERN ASIA</subfield>
        <subfield code="0">(DHLAUTH)275490</subfield>
    </datafield>
    <datafield tag="650" ind1=" " ind2=" ">
        <subfield code="a">ADVISORY SERVICES</subfield>
        <subfield code="0">(DHLAUTH)269860</subfield>
    </datafield>
    <datafield tag="650" ind1=" " ind2=" ">
        <subfield code="a">STATISTICAL METHODOLOGY</subfield>
        <subfield code="0">(DHLAUTH)269635</subfield>
    </datafield>
    <datafield tag="650" ind1=" " ind2=" ">
        <subfield code="a">ENERGY CONSUMPTION</subfield>
        <subfield code="0">(DHLAUTH)269578</subfield>
    </datafield>
    <datafield tag="650" ind1=" " ind2=" ">
        <subfield code="a">JORDAN</subfield>
        <subfield code="0">(DHLAUTH)269099</subfield>
    </datafield>
</record>
<record>
    <datafield tag="191" ind1=" " ind2=" ">
        <subfield code="a">E/ESCWA/TC/2000/8</subfield>
    </datafield>
    <datafield tag="246" ind1=" " ind2=" ">
        <subfield code="a">قطاع البحث والتطوير التكنولوجي للخطة الخمسية السادسة للتنمية في سلطنة عٌمان : تقرير عن المهمة الاستشارية الى سلطنة عُمان خلال الفترة14-19 كانون الثاني /يناير 2000</subfield>
    </datafield>
    <datafield tag="269" ind1=" " ind2=" ">
        <subfield code="a">20000229</subfield>
    </datafield>
    <datafield tag="650" ind1=" " ind2=" ">
        <subfield code="a">ADVISORY SERVICES</subfield>
        <subfield code="0">(DHLAUTH)269860</subfield>
    </datafield>
    <datafield tag="650" ind1=" " ind2=" ">
        <subfield code="a">OMAN</subfield>
        <subfield code="0">(DHLAUTH)273438</subfield>
    </datafield>
    <datafield tag="650" ind1=" " ind2=" ">
        <subfield code="a">DEVELOPMENT PLANNING</subfield>
        <subfield code="0">(DHLAUTH)269883</subfield>
    </datafield>
    <datafield tag="650" ind1=" " ind2=" ">
        <subfield code="a">SCIENTIFIC RESEARCH</subfield>
        <subfield code="0">(DHLAUTH)270603</subfield>
    </datafield>
    <datafield tag="650" ind1=" " ind2=" ">
        <subfield code="a">SCIENCE AND TECHNOLOGY</subfield>
        <subfield code="0">(DHLAUTH)275209</subfield>
    </datafield>
    <datafield tag="650" ind1=" " ind2=" ">
        <subfield code="a">VOCATIONAL REHABILITATION</subfield>
        <subfield code="0">(DHLAUTH)273789</subfield>
    </datafield>
    <datafield tag="650" ind1=" " ind2=" ">
        <subfield code="a">MANPOWER DEVELOPMENT</subfield>
        <subfield code="0">(DHLAUTH)274163</subfield>
    </datafield>
</record>
<record>
    <datafield tag="191" ind1=" " ind2=" ">
        <subfield code="a">E/ESCWA/TC/2001/1</subfield>
    </datafield>
    <datafield tag="246" ind1=" " ind2=" ">
        <subfield code="a">تقرير عن المهمة الاستشارية الى دار تنمية الاسرة في دولة قطر, تقويم نتائج المسح بالعينة للنساء القطريات في سن العمل خلال الفترة 25-29 تشريت الثاني/نوفمبر 2000 = REPORT ON MISSION TO THE FAMILY DEVELOPMENT CENTER (QATAR), ASSESSMENT OF THE RESULTS : A SAMPLE SURVEY ON QATARI WOMEN OF WORKING AGE 25-29 NOVEMBER 2000</subfield>
    </datafield>
    <datafield tag="269" ind1=" " ind2=" ">
        <subfield code="a">20010105</subfield>
    </datafield>
    <datafield tag="650" ind1=" " ind2=" ">
        <subfield code="a">WOMEN WORKERS</subfield>
        <subfield code="0">(DHLAUTH)273153</subfield>
    </datafield>
    <datafield tag="650" ind1=" " ind2=" ">
        <subfield code="a">RECOMMENDATIONS</subfield>
        <subfield code="0">(DHLAUTH)275840</subfield>
    </datafield>
    <datafield tag="650" ind1=" " ind2=" ">
        <subfield code="a">ADVISORY SERVICES</subfield>
        <subfield code="0">(DHLAUTH)269860</subfield>
    </datafield>
    <datafield tag="650" ind1=" " ind2=" ">
        <subfield code="a">SOCIAL SURVEYS</subfield>
        <subfield code="0">(DHLAUTH)269794</subfield>
    </datafield>
    <datafield tag="650" ind1=" " ind2=" ">
        <subfield code="a">QATAR</subfield>
        <subfield code="0">(DHLAUTH)275603</subfield>
    </datafield>
    <datafield tag="650" ind1=" " ind2=" ">
        <subfield code="a">WESTERN ASIA</subfield>
        <subfield code="0">(DHLAUTH)275490</subfield>
    </datafield>
    <datafield tag="650" ind1=" " ind2=" ">
        <subfield code="a">UNEMPLOYMENT</subfield>
        <subfield code="0">(DHLAUTH)269726</subfield>
    </datafield>
</record>
<record>
    <datafield tag="191" ind1=" " ind2=" ">
        <subfield code="a">E/ESCWA/TC/2001/10</subfield>
    </datafield>
    <datafield tag="246" ind1=" " ind2=" ">
        <subfield code="a">تقرير عن المهمة الاستشارية الى وزارة التأمينات والشؤون الاجتماعية في الجمهورية اليمنية - مقترح الاطار العام للإستراتيجية الوطنية لوزارة التأمينات والشؤون الاجتماعية لتطوير القطاع الاجتماعي خلال الفترة 17 تموز/يوليو - 7 آب/اغسطس 2000</subfield>
    </datafield>
    <datafield tag="269" ind1=" " ind2=" ">
        <subfield code="a">20010405</subfield>
    </datafield>
    <datafield tag="650" ind1=" " ind2=" ">
        <subfield code="a">SOCIO-ECONOMIC INDICATORS</subfield>
        <subfield code="0">(DHLAUTH)269759</subfield>
    </datafield>
    <datafield tag="650" ind1=" " ind2=" ">
        <subfield code="a">ORGANIZATIONAL STRUCTURE</subfield>
        <subfield code="0">(DHLAUTH)272030</subfield>
    </datafield>
    <datafield tag="650" ind1=" " ind2=" ">
        <subfield code="a">HUMAN RESOURCES</subfield>
        <subfield code="0">(DHLAUTH)270571</subfield>
    </datafield>
    <datafield tag="650" ind1=" " ind2=" ">
        <subfield code="a">WOMEN</subfield>
        <subfield code="0">(DHLAUTH)273032</subfield>
    </datafield>
    <datafield tag="650" ind1=" " ind2=" ">
        <subfield code="a">CHILDREN</subfield>
        <subfield code="0">(DHLAUTH)269400</subfield>
    </datafield>
    <datafield tag="650" ind1=" " ind2=" ">
        <subfield code="a">YEMEN</subfield>
        <subfield code="0">(DHLAUTH)273521</subfield>
    </datafield>
    <datafield tag="650" ind1=" " ind2=" ">
        <subfield code="a">DEVELOPMENT STRATEGIES</subfield>
        <subfield code="0">(DHLAUTH)269884</subfield>
    </datafield>
    <datafield tag="650" ind1=" " ind2=" ">
        <subfield code="a">ADVISORY SERVICES</subfield>
        <subfield code="0">(DHLAUTH)269860</subfield>
    </datafield>
</record>
<record>
    <datafield tag="191" ind1=" " ind2=" ">
        <subfield code="a">E/ESCWA/TC/2001/13</subfield>
    </datafield>
    <datafield tag="246" ind1=" " ind2=" ">
        <subfield code="a">تقرير عن المهمة الاستشارية الى وزارة التخطيط والتنمية في الجمهورية اليمنية توصيات ومقترحات في مجال التكنولوجيا خلال الفترة 6-21 كانون الاول/ديسمبر 2000</subfield>
    </datafield>
    <datafield tag="269" ind1=" " ind2=" ">
        <subfield code="a">20010504</subfield>
    </datafield>
    <datafield tag="650" ind1=" " ind2=" ">
        <subfield code="a">INFORMATION TECHNOLOGY</subfield>
        <subfield code="0">(DHLAUTH)272714</subfield>
    </datafield>
    <datafield tag="650" ind1=" " ind2=" ">
        <subfield code="a">SCIENCE AND TECHNOLOGY</subfield>
        <subfield code="0">(DHLAUTH)275209</subfield>
    </datafield>
    <datafield tag="650" ind1=" " ind2=" ">
        <subfield code="a">ADVISORY SERVICES</subfield>
        <subfield code="0">(DHLAUTH)269860</subfield>
    </datafield>
    <datafield tag="650" ind1=" " ind2=" ">
        <subfield code="a">RECOMMENDATIONS</subfield>
        <subfield code="0">(DHLAUTH)275840</subfield>
    </datafield>
    <datafield tag="650" ind1=" " ind2=" ">
        <subfield code="a">YEMEN</subfield>
        <subfield code="0">(DHLAUTH)273521</subfield>
    </datafield>
    <datafield tag="650" ind1=" " ind2=" ">
        <subfield code="a">DEVELOPMENT</subfield>
        <subfield code="0">(DHLAUTH)269844</subfield>
    </datafield>
</record>
<record>
    <datafield tag="191" ind1=" " ind2=" ">
        <subfield code="a">E/ESCWA/TC/2001/14</subfield>
    </datafield>
    <datafield tag="246" ind1=" " ind2=" ">
        <subfield code="a">تقرير عن المهمة الاستشارية الى وزارة التخطيط والتنمية في الجمهورية اليمنية توصيات ومقترحات في المجالات العلمية والتكنولوجية خلال الفترة 6-15 كانون الاول/ديسمبر 2000</subfield>
    </datafield>
    <datafield tag="269" ind1=" " ind2=" ">
        <subfield code="a">20010504</subfield>
    </datafield>
    <datafield tag="650" ind1=" " ind2=" ">
        <subfield code="a">INFORMATION TECHNOLOGY</subfield>
        <subfield code="0">(DHLAUTH)272714</subfield>
    </datafield>
    <datafield tag="650" ind1=" " ind2=" ">
        <subfield code="a">DEVELOPMENT STRATEGIES</subfield>
        <subfield code="0">(DHLAUTH)269884</subfield>
    </datafield>
    <datafield tag="650" ind1=" " ind2=" ">
        <subfield code="a">INTERNET</subfield>
        <subfield code="0">(DHLAUTH)438931</subfield>
    </datafield>
    <datafield tag="650" ind1=" " ind2=" ">
        <subfield code="a">YEMEN</subfield>
        <subfield code="0">(DHLAUTH)273521</subfield>
    </datafield>
    <datafield tag="650" ind1=" " ind2=" ">
        <subfield code="a">WESTERN ASIA</subfield>
        <subfield code="0">(DHLAUTH)275490</subfield>
    </datafield>
    <datafield tag="650" ind1=" " ind2=" ">
        <subfield code="a">ADVISORY SERVICES</subfield>
        <subfield code="0">(DHLAUTH)269860</subfield>
    </datafield>
    <datafield tag="650" ind1=" " ind2=" ">
        <subfield code="a">DEVELOPED COUNTRIES</subfield>
        <subfield code="0">(DHLAUTH)268699</subfield>
    </datafield>
    <datafield tag="650" ind1=" " ind2=" ">
        <subfield code="a">EUROPEAN FEDERATION</subfield>
        <subfield code="0">(DHLAUTH)268608</subfield>
    </datafield>
</record>
<record>
    <datafield tag="191" ind1=" " ind2=" ">
        <subfield code="a">E/ESCWA/TC/2001/15</subfield>
    </datafield>
    <datafield tag="246" ind1=" " ind2=" ">
        <subfield code="a">تقرير عن المهمة الإستشارية الى وزارة التخطيط في المملكة العربية السعودية نحو الإستراتيجية الوطنية لتقنية المعلومات بعيدة المدى بدءا بالتعليم والتدريب وإعادة التاهيل 1-6 كانون الاول / ديسمبر 2000</subfield>
    </datafield>
    <datafield tag="269" ind1=" " ind2=" ">
        <subfield code="a">20010504</subfield>
    </datafield>
    <datafield tag="650" ind1=" " ind2=" ">
        <subfield code="a">SAUDI ARABIA</subfield>
        <subfield code="0">(DHLAUTH)273464</subfield>
    </datafield>
    <datafield tag="650" ind1=" " ind2=" ">
        <subfield code="a">TRAINING AND RESEARCH INSTITUTIONS</subfield>
        <subfield code="0">(DHLAUTH)274044</subfield>
    </datafield>
    <datafield tag="650" ind1=" " ind2=" ">
        <subfield code="a">ORGANIZATIONAL STRUCTURE</subfield>
        <subfield code="0">(DHLAUTH)272030</subfield>
    </datafield>
    <datafield tag="650" ind1=" " ind2=" ">
        <subfield code="a">INFORMATION MANAGEMENT</subfield>
        <subfield code="0">(DHLAUTH)275145</subfield>
    </datafield>
    <datafield tag="650" ind1=" " ind2=" ">
        <subfield code="a">INFORMATION TECHNOLOGY</subfield>
        <subfield code="0">(DHLAUTH)272714</subfield>
    </datafield>
    <datafield tag="650" ind1=" " ind2=" ">
        <subfield code="a">WESTERN ASIA</subfield>
        <subfield code="0">(DHLAUTH)275490</subfield>
    </datafield>
</record>
<record>
    <datafield tag="191" ind1=" " ind2=" ">
        <subfield code="a">E/ESCWA/TC/2001/16</subfield>
    </datafield>
    <datafield tag="246" ind1=" " ind2=" ">
        <subfield code="a">تقرير عن المهمة الإستشارية الى وزارة التخطيط في دولة الامارات العربية المتحدة</subfield>
    </datafield>
    <datafield tag="269" ind1=" " ind2=" ">
        <subfield code="a">20010509</subfield>
    </datafield>
    <datafield tag="650" ind1=" " ind2=" ">
        <subfield code="a">RECOMMENDATIONS</subfield>
        <subfield code="0">(DHLAUTH)275840</subfield>
    </datafield>
    <datafield tag="650" ind1=" " ind2=" ">
        <subfield code="a">UNITED ARAB EMIRATES</subfield>
        <subfield code="0">(DHLAUTH)275604</subfield>
    </datafield>
    <datafield tag="650" ind1=" " ind2=" ">
        <subfield code="a">TECHNICAL COOPERATION</subfield>
        <subfield code="0">(DHLAUTH)268658</subfield>
    </datafield>
    <datafield tag="650" ind1=" " ind2=" ">
        <subfield code="a">ORGANIZATIONAL STRUCTURE</subfield>
        <subfield code="0">(DHLAUTH)272030</subfield>
    </datafield>
    <datafield tag="650" ind1=" " ind2=" ">
        <subfield code="a">CORPORATE PLANNING</subfield>
        <subfield code="0">(DHLAUTH)271995</subfield>
    </datafield>
</record>
<record>
    <datafield tag="191" ind1=" " ind2=" ">
        <subfield code="a">E/ESCWA/TC/2001/17</subfield>
    </datafield>
    <datafield tag="246" ind1=" " ind2=" ">
        <subfield code="a">تقرير عن المهمة الاستشارية الى وزارة الشؤون البلدية والزراعة الدوحة-دولة قطر خلال الفترة 17-24 نيسان/ابريل 2001</subfield>
    </datafield>
    <datafield tag="269" ind1=" " ind2=" ">
        <subfield code="a">20010524</subfield>
    </datafield>
    <datafield tag="650" ind1=" " ind2=" ">
        <subfield code="a">ADVISORY SERVICES</subfield>
        <subfield code="0">(DHLAUTH)269860</subfield>
    </datafield>
    <datafield tag="650" ind1=" " ind2=" ">
        <subfield code="a">WESTERN ASIA</subfield>
        <subfield code="0">(DHLAUTH)275490</subfield>
    </datafield>
    <datafield tag="650" ind1=" " ind2=" ">
        <subfield code="a">RECOMMENDATIONS</subfield>
        <subfield code="0">(DHLAUTH)275840</subfield>
    </datafield>
    <datafield tag="650" ind1=" " ind2=" ">
        <subfield code="a">SOLAR ENERGY</subfield>
        <subfield code="0">(DHLAUTH)271255</subfield>
    </datafield>
    <datafield tag="650" ind1=" " ind2=" ">
        <subfield code="a">ELECTRIC POWER</subfield>
        <subfield code="0">(DHLAUTH)271189</subfield>
    </datafield>
</record>
<record>
    <datafield tag="191" ind1=" " ind2=" ">
        <subfield code="a">E/ESCWA/TC/2001/21</subfield>
    </datafield>
    <datafield tag="246" ind1=" " ind2=" ">
        <subfield code="a">تقرير عن المهمة الإستشارية الى وزارة التخطيط في دولة الامارات العربية المتحدة مراجعة وتقييم اولي لواقع مصادر المياه الجوفية العميقة والحاجة لإعداد دراسة استراتيجية لتطويرها وإستثمارها خلال الفترة 6-18 كانون الثاني / يناير 2001</subfield>
    </datafield>
    <datafield tag="269" ind1=" " ind2=" ">
        <subfield code="a">20010621</subfield>
    </datafield>
    <datafield tag="650" ind1=" " ind2=" ">
        <subfield code="a">ADVISORY SERVICES</subfield>
        <subfield code="0">(DHLAUTH)269860</subfield>
    </datafield>
    <datafield tag="650" ind1=" " ind2=" ">
        <subfield code="a">WATER RESOURCES</subfield>
        <subfield code="0">(DHLAUTH)270568</subfield>
    </datafield>
    <datafield tag="650" ind1=" " ind2=" ">
        <subfield code="a">GROUNDWATER</subfield>
        <subfield code="0">(DHLAUTH)270891</subfield>
    </datafield>
    <datafield tag="650" ind1=" " ind2=" ">
        <subfield code="a">WESTERN ASIA</subfield>
        <subfield code="0">(DHLAUTH)275490</subfield>
    </datafield>
    <datafield tag="650" ind1=" " ind2=" ">
        <subfield code="a">UNITED ARAB EMIRATES</subfield>
        <subfield code="0">(DHLAUTH)275604</subfield>
    </datafield>
    <datafield tag="650" ind1=" " ind2=" ">
        <subfield code="a">WATER CONSUMPTION</subfield>
        <subfield code="0">(DHLAUTH)269580</subfield>
    </datafield>
</record>
<record>
    <datafield tag="191" ind1=" " ind2=" ">
        <subfield code="a">E/ESCWA/TC/2001/22</subfield>
    </datafield>
    <datafield tag="246" ind1=" " ind2=" ">
        <subfield code="a">تقرير عن المهمة الاستشارية الى وزارة الطاقة والثروة المعدنية عمان-المملكة الاردنية الهاشمية خلال الفترة 14-26 كانون الاول/يناير 2001</subfield>
    </datafield>
    <datafield tag="269" ind1=" " ind2=" ">
        <subfield code="a">20010623</subfield>
    </datafield>
    <datafield tag="650" ind1=" " ind2=" ">
        <subfield code="a">ADVISORY SERVICES</subfield>
        <subfield code="0">(DHLAUTH)269860</subfield>
    </datafield>
    <datafield tag="650" ind1=" " ind2=" ">
        <subfield code="a">RECOMMENDATIONS</subfield>
        <subfield code="0">(DHLAUTH)275840</subfield>
    </datafield>
    <datafield tag="650" ind1=" " ind2=" ">
        <subfield code="a">WESTERN ASIA</subfield>
        <subfield code="0">(DHLAUTH)275490</subfield>
    </datafield>
    <datafield tag="650" ind1=" " ind2=" ">
        <subfield code="a">JORDAN</subfield>
        <subfield code="0">(DHLAUTH)269099</subfield>
    </datafield>
    <datafield tag="650" ind1=" " ind2=" ">
        <subfield code="a">SPECIFICATIONS</subfield>
        <subfield code="0">(DHLAUTH)271958</subfield>
    </datafield>
    <datafield tag="650" ind1=" " ind2=" ">
        <subfield code="a">HYDROELECTRIC POWER PLANTS</subfield>
        <subfield code="0">(DHLAUTH)271244</subfield>
    </datafield>
</record>
<record>
    <datafield tag="191" ind1=" " ind2=" ">
        <subfield code="a">E/ESCWA/TC/2001/23</subfield>
    </datafield>
    <datafield tag="246" ind1=" " ind2=" ">
        <subfield code="a">تقرير عن المهمة الاستشارية الى دائرة التخطيط ابوظبي-الامارات العربية المتحدة خلال الفترة 13-19 نيسان/ابريل 2001</subfield>
    </datafield>
    <datafield tag="269" ind1=" " ind2=" ">
        <subfield code="a">20010629</subfield>
    </datafield>
    <datafield tag="650" ind1=" " ind2=" ">
        <subfield code="a">ADVISORY SERVICES</subfield>
        <subfield code="0">(DHLAUTH)269860</subfield>
    </datafield>
    <datafield tag="650" ind1=" " ind2=" ">
        <subfield code="a">RECOMMENDATIONS</subfield>
        <subfield code="0">(DHLAUTH)275840</subfield>
    </datafield>
    <datafield tag="650" ind1=" " ind2=" ">
        <subfield code="a">ABU DHABI (UNITED ARAB EMIRATES)</subfield>
        <subfield code="0">(DHLAUTH)276731</subfield>
    </datafield>
    <datafield tag="650" ind1=" " ind2=" ">
        <subfield code="a">WESTERN ASIA</subfield>
        <subfield code="0">(DHLAUTH)275490</subfield>
    </datafield>
    <datafield tag="650" ind1=" " ind2=" ">
        <subfield code="a">POPULATION SURVEYS</subfield>
        <subfield code="0">(DHLAUTH)272991</subfield>
    </datafield>
    <datafield tag="650" ind1=" " ind2=" ">
        <subfield code="a">HOUSING</subfield>
        <subfield code="0">(DHLAUTH)272289</subfield>
    </datafield>
    <datafield tag="650" ind1=" " ind2=" ">
        <subfield code="a">HOUSEHOLDS</subfield>
        <subfield code="0">(DHLAUTH)273037</subfield>
    </datafield>
    <datafield tag="650" ind1=" " ind2=" ">
        <subfield code="a">QUESTIONNAIRES</subfield>
        <subfield code="0">(DHLAUTH)272018</subfield>
    </datafield>
</record>
<record>
    <datafield tag="191" ind1=" " ind2=" ">
        <subfield code="a">E/ESCWA/TC/2001/27</subfield>
    </datafield>
    <datafield tag="246" ind1=" " ind2=" ">
        <subfield code="a">تقرير عن المهمة الاستشارية الى دائرة الاحصاءات العامة-المملكة الاردنية الهاشمية-بناء بعض الحسابات القطاعية مع وضع نظام لميكنة تأليف الحسابات الاقتصادية المتكاملة في نظام الحسابات القومية للأمم المتحدة لعام 1993 خلال الفترة 18-31 أيار/مايو 2001</subfield>
    </datafield>
    <datafield tag="269" ind1=" " ind2=" ">
        <subfield code="a">20010806</subfield>
    </datafield>
    <datafield tag="650" ind1=" " ind2=" ">
        <subfield code="a">ADVISORY SERVICES</subfield>
        <subfield code="0">(DHLAUTH)269860</subfield>
    </datafield>
    <datafield tag="650" ind1=" " ind2=" ">
        <subfield code="a">NATIONAL ACCOUNTS</subfield>
        <subfield code="0">(DHLAUTH)269651</subfield>
    </datafield>
    <datafield tag="650" ind1=" " ind2=" ">
        <subfield code="a">HOUSEHOLDS</subfield>
        <subfield code="0">(DHLAUTH)273037</subfield>
    </datafield>
    <datafield tag="650" ind1=" " ind2=" ">
        <subfield code="a">JORDAN</subfield>
        <subfield code="0">(DHLAUTH)269099</subfield>
    </datafield>
    <datafield tag="650" ind1=" " ind2=" ">
        <subfield code="a">WESTERN ASIA</subfield>
        <subfield code="0">(DHLAUTH)275490</subfield>
    </datafield>
</record>
<record>
    <datafield tag="191" ind1=" " ind2=" ">
        <subfield code="a">E/ESCWA/TC/2001/3</subfield>
    </datafield>
    <datafield tag="246" ind1=" " ind2=" ">
        <subfield code="a">تقرير عن المهمة الاستشارية الى وزارة التخطيط والتنمية في الجمهورية اليمنية </subfield>
    </datafield>
    <datafield tag="269" ind1=" " ind2=" ">
        <subfield code="a">20010118</subfield>
    </datafield>
    <datafield tag="650" ind1=" " ind2=" ">
        <subfield code="a">INTERNET</subfield>
        <subfield code="0">(DHLAUTH)438931</subfield>
    </datafield>
    <datafield tag="650" ind1=" " ind2=" ">
        <subfield code="a">TELECOMMUNICATION SERVICES</subfield>
        <subfield code="0">(DHLAUTH)272451</subfield>
    </datafield>
    <datafield tag="650" ind1=" " ind2=" ">
        <subfield code="a">DEVELOPMENT PLANS</subfield>
        <subfield code="0">(DHLAUTH)269892</subfield>
    </datafield>
    <datafield tag="650" ind1=" " ind2=" ">
        <subfield code="a">DEVELOPMENT STRATEGIES</subfield>
        <subfield code="0">(DHLAUTH)269884</subfield>
    </datafield>
    <datafield tag="650" ind1=" " ind2=" ">
        <subfield code="a">RECOMMENDATIONS</subfield>
        <subfield code="0">(DHLAUTH)275840</subfield>
    </datafield>
    <datafield tag="650" ind1=" " ind2=" ">
        <subfield code="a">ADVISORY SERVICES</subfield>
        <subfield code="0">(DHLAUTH)269860</subfield>
    </datafield>
    <datafield tag="650" ind1=" " ind2=" ">
        <subfield code="a">WESTERN ASIA</subfield>
        <subfield code="0">(DHLAUTH)275490</subfield>
    </datafield>
    <datafield tag="650" ind1=" " ind2=" ">
        <subfield code="a">YEMEN</subfield>
        <subfield code="0">(DHLAUTH)273521</subfield>
    </datafield>
</record>
<record>
    <datafield tag="191" ind1=" " ind2=" ">
        <subfield code="a">E/ESCWA/TC/2001/32</subfield>
    </datafield>
    <datafield tag="246" ind1=" " ind2=" ">
        <subfield code="a">تقرير عن المهمة الاستشارية الى وزارة التخطيط, ابوظبي-دولة الامارات العربية المتحدة خلال الفترة 12-18 حزيران/يونيو 2001</subfield>
    </datafield>
    <datafield tag="269" ind1=" " ind2=" ">
        <subfield code="a">20010827</subfield>
    </datafield>
    <datafield tag="650" ind1=" " ind2=" ">
        <subfield code="a">ADVISORY SERVICES</subfield>
        <subfield code="0">(DHLAUTH)269860</subfield>
    </datafield>
    <datafield tag="650" ind1=" " ind2=" ">
        <subfield code="a">TECHNOLOGY TRANSFER</subfield>
        <subfield code="0">(DHLAUTH)271882</subfield>
    </datafield>
    <datafield tag="650" ind1=" " ind2=" ">
        <subfield code="a">SAUDI ARABIA</subfield>
        <subfield code="0">(DHLAUTH)273464</subfield>
    </datafield>
    <datafield tag="650" ind1=" " ind2=" ">
        <subfield code="a">WESTERN ASIA</subfield>
        <subfield code="0">(DHLAUTH)275490</subfield>
    </datafield>
    <datafield tag="650" ind1=" " ind2=" ">
        <subfield code="a">UNIVERSITIES AND COLLEGES</subfield>
        <subfield code="0">(DHLAUTH)273940</subfield>
    </datafield>
</record>
<record>
    <datafield tag="191" ind1=" " ind2=" ">
        <subfield code="a">E/ESCWA/TC/2001/33</subfield>
    </datafield>
    <datafield tag="245" ind1=" " ind2=" ">
        <subfield code="a">REPORT ON MISSION TO THE ENVIRONMENTAL RESEARCH AND WILDLIFE DEVELOPMENT AGENCY/ ABU DHABI-UNITED ARAB EMIRATES</subfield>
    </datafield>
    <datafield tag="269" ind1=" " ind2=" ">
        <subfield code="a">20010827</subfield>
    </datafield>
    <datafield tag="650" ind1=" " ind2=" ">
        <subfield code="a">ABU DHABI (UNITED ARAB EMIRATES)</subfield>
        <subfield code="0">(DHLAUTH)276731</subfield>
    </datafield>
    <datafield tag="650" ind1=" " ind2=" ">
        <subfield code="a">ADVISORY SERVICES</subfield>
        <subfield code="0">(DHLAUTH)269860</subfield>
    </datafield>
    <datafield tag="650" ind1=" " ind2=" ">
        <subfield code="a">UNITED ARAB EMIRATES</subfield>
        <subfield code="0">(DHLAUTH)275604</subfield>
    </datafield>
    <datafield tag="650" ind1=" " ind2=" ">
        <subfield code="a">WATER POLICY</subfield>
        <subfield code="0">(DHLAUTH)270576</subfield>
    </datafield>
    <datafield tag="650" ind1=" " ind2=" ">
        <subfield code="a">WATER MANAGEMENT</subfield>
        <subfield code="0">(DHLAUTH)270919</subfield>
    </datafield>
</record>
<record>
    <datafield tag="191" ind1=" " ind2=" ">
        <subfield code="a">E/ESCWA/TC/2001/34</subfield>
    </datafield>
    <datafield tag="245" ind1=" " ind2=" ">
        <subfield code="a">REPORT ON MISSION TO THE MINISTRY OF TRANSPORTATION - BAHRAIN - LIBERALIZATION OF THE TELECOMMUNICATIONS SECTOR IN BAHRAIN, 30-31 MARCH AND 9 APRIL 2001</subfield>
    </datafield>
    <datafield tag="269" ind1=" " ind2=" ">
        <subfield code="a">20010831</subfield>
    </datafield>
    <datafield tag="650" ind1=" " ind2=" ">
        <subfield code="a">ADVISORY SERVICES</subfield>
        <subfield code="0">(DHLAUTH)269860</subfield>
    </datafield>
    <datafield tag="650" ind1=" " ind2=" ">
        <subfield code="a">TELECOMMUNICATIONS</subfield>
        <subfield code="0">(DHLAUTH)272452</subfield>
    </datafield>
    <datafield tag="650" ind1=" " ind2=" ">
        <subfield code="a">LIBERALISM</subfield>
        <subfield code="0">(DHLAUTH)268336</subfield>
    </datafield>
    <datafield tag="650" ind1=" " ind2=" ">
        <subfield code="a">INFORMATION TECHNOLOGY</subfield>
        <subfield code="0">(DHLAUTH)272714</subfield>
    </datafield>
    <datafield tag="650" ind1=" " ind2=" ">
        <subfield code="a">BAHRAIN</subfield>
        <subfield code="0">(DHLAUTH)273274</subfield>
    </datafield>
</record>
<record>
    <datafield tag="191" ind1=" " ind2=" ">
        <subfield code="a">E/ESCWA/TC/2001/35</subfield>
    </datafield>
    <datafield tag="246" ind1=" " ind2=" ">
        <subfield code="a">تقرير عن المهمة الاستشارية الى دائرة التنمية الاقتصادية دبي-دولة الامارات العربية المتحدة </subfield>
    </datafield>
    <datafield tag="269" ind1=" " ind2=" ">
        <subfield code="a">20010831</subfield>
    </datafield>
    <datafield tag="650" ind1=" " ind2=" ">
        <subfield code="a">DUBAI (UNITED ARAB EMIRATES)</subfield>
        <subfield code="0">(DHLAUTH)276985</subfield>
    </datafield>
    <datafield tag="650" ind1=" " ind2=" ">
        <subfield code="a">ECONOMIC DEVELOPMENT</subfield>
        <subfield code="0">(DHLAUTH)269755</subfield>
    </datafield>
    <datafield tag="650" ind1=" " ind2=" ">
        <subfield code="a">GROSS DOMESTIC PRODUCT</subfield>
        <subfield code="0">(DHLAUTH)269801</subfield>
    </datafield>
    <datafield tag="650" ind1=" " ind2=" ">
        <subfield code="a">NATIONAL ACCOUNTS</subfield>
        <subfield code="0">(DHLAUTH)269651</subfield>
    </datafield>
</record>
<record>
    <datafield tag="191" ind1=" " ind2=" ">
        <subfield code="a">E/ESCWA/TC/2001/36</subfield>
    </datafield>
    <datafield tag="246" ind1=" " ind2=" ">
        <subfield code="a">تقرير عن المهمة الاستشارية الى وزارة التخطيط, ابوظبي-دولة الامارات العربية المتحدة خلال الفترة 12-18 حزيران/يونيو 2001</subfield>
    </datafield>
    <datafield tag="269" ind1=" " ind2=" ">
        <subfield code="a">20010831</subfield>
    </datafield>
    <datafield tag="650" ind1=" " ind2=" ">
        <subfield code="a">ADVISORY SERVICES</subfield>
        <subfield code="0">(DHLAUTH)269860</subfield>
    </datafield>
    <datafield tag="650" ind1=" " ind2=" ">
        <subfield code="a">NATIONAL ACCOUNTS</subfield>
        <subfield code="0">(DHLAUTH)269651</subfield>
    </datafield>
    <datafield tag="650" ind1=" " ind2=" ">
        <subfield code="a">RECOMMENDATIONS</subfield>
        <subfield code="0">(DHLAUTH)275840</subfield>
    </datafield>
    <datafield tag="650" ind1=" " ind2=" ">
        <subfield code="a">ABU DHABI (UNITED ARAB EMIRATES)</subfield>
        <subfield code="0">(DHLAUTH)276731</subfield>
    </datafield>
    <datafield tag="650" ind1=" " ind2=" ">
        <subfield code="a">UNITED ARAB EMIRATES</subfield>
        <subfield code="0">(DHLAUTH)275604</subfield>
    </datafield>
    <datafield tag="650" ind1=" " ind2=" ">
        <subfield code="a">WESTERN ASIA</subfield>
        <subfield code="0">(DHLAUTH)275490</subfield>
    </datafield>
</record>
<record>
    <datafield tag="191" ind1=" " ind2=" ">
        <subfield code="a">E/ESCWA/TC/2001/37</subfield>
    </datafield>
    <datafield tag="246" ind1=" " ind2=" ">
        <subfield code="a">تقرير عن المهمة الاستشارية الى مديرية الحسابات القومية في المكتب المركزي للاحصاء الجمهورية العربية السورية-بناء بعض الحسابات القطاعية من نظام الحسابات القومية للأمم المتحدة مع عرض لنظام تأليف الحسابات القومية الممكنة خلال الفترة 29 حزيران/يونيو-13 تموز/يوليو 2001</subfield>
    </datafield>
    <datafield tag="269" ind1=" " ind2=" ">
        <subfield code="a">20010831</subfield>
    </datafield>
    <datafield tag="650" ind1=" " ind2=" ">
        <subfield code="a">ADVISORY SERVICES</subfield>
        <subfield code="0">(DHLAUTH)269860</subfield>
    </datafield>
    <datafield tag="650" ind1=" " ind2=" ">
        <subfield code="a">NATIONAL ACCOUNTS</subfield>
        <subfield code="0">(DHLAUTH)269651</subfield>
    </datafield>
    <datafield tag="650" ind1=" " ind2=" ">
        <subfield code="a">STATISTICAL DATA</subfield>
        <subfield code="0">(DHLAUTH)270233</subfield>
    </datafield>
    <datafield tag="650" ind1=" " ind2=" ">
        <subfield code="a">SYRIAN ARAB REPUBLIC</subfield>
        <subfield code="0">(DHLAUTH)273496</subfield>
    </datafield>
    <datafield tag="650" ind1=" " ind2=" ">
        <subfield code="a">WESTERN ASIA</subfield>
        <subfield code="0">(DHLAUTH)275490</subfield>
    </datafield>
    <datafield tag="650" ind1=" " ind2=" ">
        <subfield code="a">BUDGET</subfield>
        <subfield code="0">(DHLAUTH)270085</subfield>
    </datafield>
    <datafield tag="650" ind1=" " ind2=" ">
        <subfield code="a">BALANCE OF PAYMENTS</subfield>
        <subfield code="0">(DHLAUTH)270325</subfield>
    </datafield>
</record>
<record>
    <datafield tag="191" ind1=" " ind2=" ">
        <subfield code="a">E/ESCWA/TC/2001/38</subfield>
    </datafield>
    <datafield tag="246" ind1=" " ind2=" ">
        <subfield code="a">تقرير عن المهمة الاستشارية الى وزارة الاعلام الكويتية-دار الاثار الاسلامية- استراتيجية تطوير تكنولوجيا المعلومات آليات واجراءات التنفيذ خلال الفترة 26-31ايار/مايو 2001</subfield>
    </datafield>
    <datafield tag="269" ind1=" " ind2=" ">
        <subfield code="a">20010905</subfield>
    </datafield>
    <datafield tag="650" ind1=" " ind2=" ">
        <subfield code="a">INFORMATION TECHNOLOGY</subfield>
        <subfield code="0">(DHLAUTH)272714</subfield>
    </datafield>
    <datafield tag="650" ind1=" " ind2=" ">
        <subfield code="a">COMMUNICATION TECHNOLOGY</subfield>
        <subfield code="0">(DHLAUTH)272713</subfield>
    </datafield>
    <datafield tag="650" ind1=" " ind2=" ">
        <subfield code="a">ADVISORY SERVICES</subfield>
        <subfield code="0">(DHLAUTH)269860</subfield>
    </datafield>
    <datafield tag="650" ind1=" " ind2=" ">
        <subfield code="a">DEVELOPMENT</subfield>
        <subfield code="0">(DHLAUTH)269844</subfield>
    </datafield>
    <datafield tag="650" ind1=" " ind2=" ">
        <subfield code="a">KUWAIT</subfield>
        <subfield code="0">(DHLAUTH)273384</subfield>
    </datafield>
</record>
<record>
    <datafield tag="191" ind1=" " ind2=" ">
        <subfield code="a">E/ESCWA/TC/2001/39</subfield>
    </datafield>
    <datafield tag="245" ind1=" " ind2=" ">
        <subfield code="a">REPORT ON MISSION TO THE MINISTRY OF AGRICULTURE AND FISHERIES - SULTANATE OF OMAN - FINAL ROUND OF EVALUATION OF CONSULTANCY OFFERS RECEIVED FOR THE MASTER PLAN OF THE INFORMATION INFRASTRUCTURE, 23-26 JUNE 2001</subfield>
    </datafield>
    <datafield tag="269" ind1=" " ind2=" ">
        <subfield code="a">20011009</subfield>
    </datafield>
    <datafield tag="650" ind1=" " ind2=" ">
        <subfield code="a">ADVISORY SERVICES</subfield>
        <subfield code="0">(DHLAUTH)269860</subfield>
    </datafield>
    <datafield tag="650" ind1=" " ind2=" ">
        <subfield code="a">INFORMATION</subfield>
        <subfield code="0">(DHLAUTH)270009</subfield>
    </datafield>
    <datafield tag="650" ind1=" " ind2=" ">
        <subfield code="a">OMAN</subfield>
        <subfield code="0">(DHLAUTH)273438</subfield>
    </datafield>
    <datafield tag="650" ind1=" " ind2=" ">
        <subfield code="a">WESTERN ASIA</subfield>
        <subfield code="0">(DHLAUTH)275490</subfield>
    </datafield>
</record>
<record>
    <datafield tag="191" ind1=" " ind2=" ">
        <subfield code="a">E/ESCWA/TC/2001/4</subfield>
    </datafield>
    <datafield tag="246" ind1=" " ind2=" ">
        <subfield code="a">تقرير عن المهمة الاستشارية الى منظمة العواصم والمدن الاسلامية, جدة, المملكة العربية السعودية-مقترح مشروع انشاء موقع مضيف على الانترنت للعواصم والمدن الاسلامية الاعضاء في المنظمة خلال الفترة 6-11 كانون الاول/ديسمبر 2000</subfield>
    </datafield>
    <datafield tag="269" ind1=" " ind2=" ">
        <subfield code="a">20010129</subfield>
    </datafield>
    <datafield tag="650" ind1=" " ind2=" ">
        <subfield code="a">ADVISORY SERVICES</subfield>
        <subfield code="0">(DHLAUTH)269860</subfield>
    </datafield>
    <datafield tag="650" ind1=" " ind2=" ">
        <subfield code="a">INFORMATION SYSTEMS</subfield>
        <subfield code="0">(DHLAUTH)272026</subfield>
    </datafield>
    <datafield tag="650" ind1=" " ind2=" ">
        <subfield code="a">ORGANIZATIONAL STRUCTURE</subfield>
        <subfield code="0">(DHLAUTH)272030</subfield>
    </datafield>
    <datafield tag="650" ind1=" " ind2=" ">
        <subfield code="a">INTERNET</subfield>
        <subfield code="0">(DHLAUTH)438931</subfield>
    </datafield>
    <datafield tag="650" ind1=" " ind2=" ">
        <subfield code="a">PILOT PROJECTS</subfield>
        <subfield code="0">(DHLAUTH)275768</subfield>
    </datafield>
</record>
<record>
    <datafield tag="191" ind1=" " ind2=" ">
        <subfield code="a">E/ESCWA/TC/2001/40</subfield>
    </datafield>
    <datafield tag="246" ind1=" " ind2=" ">
        <subfield code="a">تقرير عن المهمة الاستشارية الى مديرية الاحصاءات الاقتصادية قسم الحسابات القومية-ادارة الاحصاءات العامة-المملكة الاردنية الهاشمية-بناء الحسابات القومية للقطاعات المؤسسية والمنتجات بموجب مدخل منهجي محوسب لتأليف الحسابات الاقتصادية المتكاملة وجدول الموارد والاستخدام خلال الفترة 14-30 آب/اغسطس 2001</subfield>
    </datafield>
    <datafield tag="269" ind1=" " ind2=" ">
        <subfield code="a">20011010</subfield>
    </datafield>
    <datafield tag="650" ind1=" " ind2=" ">
        <subfield code="a">NATIONAL ACCOUNTS</subfield>
        <subfield code="0">(DHLAUTH)269651</subfield>
    </datafield>
    <datafield tag="650" ind1=" " ind2=" ">
        <subfield code="a">FAMILY BUDGET</subfield>
        <subfield code="0">(DHLAUTH)274124</subfield>
    </datafield>
    <datafield tag="650" ind1=" " ind2=" ">
        <subfield code="a">ADVISORY SERVICES</subfield>
        <subfield code="0">(DHLAUTH)269860</subfield>
    </datafield>
    <datafield tag="650" ind1=" " ind2=" ">
        <subfield code="a">RECOMMENDATIONS</subfield>
        <subfield code="0">(DHLAUTH)275840</subfield>
    </datafield>
    <datafield tag="650" ind1=" " ind2=" ">
        <subfield code="a">PUBLIC SECTOR</subfield>
        <subfield code="0">(DHLAUTH)269679</subfield>
    </datafield>
</record>
<record>
    <datafield tag="191" ind1=" " ind2=" ">
        <subfield code="a">E/ESCWA/TC/2001/41</subfield>
    </datafield>
    <datafield tag="246" ind1=" " ind2=" ">
        <subfield code="a">تقرير عن المهمة الاستشارية الى وزارة الشؤون الاجتماعية والعمل حول دعم وتطوير مكاتب التوظيف والتشغيل في الجمهورية العربية السورية خلال الفترة 30 تموز/يوليو - 6 آب/اغسطس</subfield>
    </datafield>
    <datafield tag="269" ind1=" " ind2=" ">
        <subfield code="a">20011205</subfield>
    </datafield>
    <datafield tag="650" ind1=" " ind2=" ">
        <subfield code="a">ADVISORY SERVICES</subfield>
        <subfield code="0">(DHLAUTH)269860</subfield>
    </datafield>
    <datafield tag="650" ind1=" " ind2=" ">
        <subfield code="a">LABOUR LAW</subfield>
        <subfield code="0">(DHLAUTH)269417</subfield>
    </datafield>
    <datafield tag="650" ind1=" " ind2=" ">
        <subfield code="a">STATISTICAL DATA</subfield>
        <subfield code="0">(DHLAUTH)270233</subfield>
    </datafield>
    <datafield tag="650" ind1=" " ind2=" ">
        <subfield code="a">RECOMMENDATIONS</subfield>
        <subfield code="0">(DHLAUTH)275840</subfield>
    </datafield>
    <datafield tag="650" ind1=" " ind2=" ">
        <subfield code="a">SYRIAN ARAB REPUBLIC</subfield>
        <subfield code="0">(DHLAUTH)273496</subfield>
    </datafield>
    <datafield tag="650" ind1=" " ind2=" ">
        <subfield code="a">WESTERN ASIA</subfield>
        <subfield code="0">(DHLAUTH)275490</subfield>
    </datafield>
    <datafield tag="650" ind1=" " ind2=" ">
        <subfield code="a">UNEMPLOYMENT</subfield>
        <subfield code="0">(DHLAUTH)269726</subfield>
    </datafield>
    <datafield tag="650" ind1=" " ind2=" ">
        <subfield code="a">EMPLOYMENT</subfield>
        <subfield code="0">(DHLAUTH)269797</subfield>
    </datafield>
    <datafield tag="650" ind1=" " ind2=" ">
        <subfield code="a">RECRUITMENT</subfield>
        <subfield code="0">(DHLAUTH)272038</subfield>
    </datafield>
</record>
<record>
    <datafield tag="191" ind1=" " ind2=" ">
        <subfield code="a">E/ESCWA/TC/2001/42</subfield>
    </datafield>
    <datafield tag="245" ind1=" " ind2=" ">
        <subfield code="a">REPORT ON MISSION TO THE NATIONAL WATER RESOURCES AUTHORITY REPUBLIC OF YEMEN, 15-29 JUNE 2001</subfield>
    </datafield>
    <datafield tag="269" ind1=" " ind2=" ">
        <subfield code="a">20011026</subfield>
    </datafield>
    <datafield tag="650" ind1=" " ind2=" ">
        <subfield code="a">ADVISORY SERVICES</subfield>
        <subfield code="0">(DHLAUTH)269860</subfield>
    </datafield>
    <datafield tag="650" ind1=" " ind2=" ">
        <subfield code="a">GROUNDWATER</subfield>
        <subfield code="0">(DHLAUTH)270891</subfield>
    </datafield>
    <datafield tag="650" ind1=" " ind2=" ">
        <subfield code="a">WELLS</subfield>
        <subfield code="0">(DHLAUTH)270895</subfield>
    </datafield>
    <datafield tag="650" ind1=" " ind2=" ">
        <subfield code="a">WATER MANAGEMENT</subfield>
        <subfield code="0">(DHLAUTH)270919</subfield>
    </datafield>
    <datafield tag="650" ind1=" " ind2=" ">
        <subfield code="a">WATER POLLUTION</subfield>
        <subfield code="0">(DHLAUTH)270806</subfield>
    </datafield>
    <datafield tag="650" ind1=" " ind2=" ">
        <subfield code="a">WELL DRILLING</subfield>
        <subfield code="0">(DHLAUTH)270927</subfield>
    </datafield>
    <datafield tag="650" ind1=" " ind2=" ">
        <subfield code="a">WESTERN ASIA</subfield>
        <subfield code="0">(DHLAUTH)275490</subfield>
    </datafield>
    <datafield tag="650" ind1=" " ind2=" ">
        <subfield code="a">YEMEN</subfield>
        <subfield code="0">(DHLAUTH)273521</subfield>
    </datafield>
</record>
<record>
    <datafield tag="191" ind1=" " ind2=" ">
        <subfield code="a">E/ESCWA/TC/2001/43</subfield>
    </datafield>
    <datafield tag="245" ind1=" " ind2=" ">
        <subfield code="a">REPORT ON MISSION TO THE ENVIRONMENTAL RESEARCH AND WILDLIFE DEVELOPMENT AGENCY ABU DHABI, UNITED ARAB EMIRATES 12-19 OCTOBER 2001</subfield>
    </datafield>
    <datafield tag="269" ind1=" " ind2=" ">
        <subfield code="a">20011123</subfield>
    </datafield>
    <datafield tag="650" ind1=" " ind2=" ">
        <subfield code="a">DEVELOPMENT STRATEGIES</subfield>
        <subfield code="0">(DHLAUTH)269884</subfield>
    </datafield>
    <datafield tag="650" ind1=" " ind2=" ">
        <subfield code="a">GROUNDWATER</subfield>
        <subfield code="0">(DHLAUTH)270891</subfield>
    </datafield>
    <datafield tag="650" ind1=" " ind2=" ">
        <subfield code="a">WATER POLICY</subfield>
        <subfield code="0">(DHLAUTH)270576</subfield>
    </datafield>
    <datafield tag="650" ind1=" " ind2=" ">
        <subfield code="a">WATER RESOURCES</subfield>
        <subfield code="0">(DHLAUTH)270568</subfield>
    </datafield>
    <datafield tag="650" ind1=" " ind2=" ">
        <subfield code="a">WATER SUPPLY</subfield>
        <subfield code="0">(DHLAUTH)270886</subfield>
    </datafield>
    <datafield tag="650" ind1=" " ind2=" ">
        <subfield code="a">ADVISORY SERVICES</subfield>
        <subfield code="0">(DHLAUTH)269860</subfield>
    </datafield>
    <datafield tag="650" ind1=" " ind2=" ">
        <subfield code="a">ABU DHABI (UNITED ARAB EMIRATES)</subfield>
        <subfield code="0">(DHLAUTH)276731</subfield>
    </datafield>
    <datafield tag="650" ind1=" " ind2=" ">
        <subfield code="a">UNITED ARAB EMIRATES</subfield>
        <subfield code="0">(DHLAUTH)275604</subfield>
    </datafield>
</record>
<record>
    <datafield tag="191" ind1=" " ind2=" ">
        <subfield code="a">E/ESCWA/TC/2001/44</subfield>
    </datafield>
    <datafield tag="246" ind1=" " ind2=" ">
        <subfield code="a">تقرير عن المهمة الإستشارية إلى الشركة العامة للإتصالات والبريد - وزارة النقل والمواصلات في جمهورية العراق خلال الفترة 21-31 آب/أغسطس 2001, أنظمة تحاسب وتسوية النداءات الدولية</subfield>
    </datafield>
    <datafield tag="269" ind1=" " ind2=" ">
        <subfield code="a">20011207</subfield>
    </datafield>
    <datafield tag="650" ind1=" " ind2=" ">
        <subfield code="a">CONSULTANTS</subfield>
        <subfield code="0">(DHLAUTH)269888</subfield>
    </datafield>
    <datafield tag="650" ind1=" " ind2=" ">
        <subfield code="a">COMMUNICATIONS</subfield>
        <subfield code="0">(DHLAUTH)272411</subfield>
    </datafield>
    <datafield tag="650" ind1=" " ind2=" ">
        <subfield code="a">COSTS</subfield>
        <subfield code="0">(DHLAUTH)269595</subfield>
    </datafield>
    <datafield tag="650" ind1=" " ind2=" ">
        <subfield code="a">PRICES</subfield>
        <subfield code="0">(DHLAUTH)269707</subfield>
    </datafield>
    <datafield tag="650" ind1=" " ind2=" ">
        <subfield code="a">TELEPHONE</subfield>
        <subfield code="0">(DHLAUTH)272760</subfield>
    </datafield>
    <datafield tag="650" ind1=" " ind2=" ">
        <subfield code="a">TELECOMMUNICATIONS</subfield>
        <subfield code="0">(DHLAUTH)272452</subfield>
    </datafield>
    <datafield tag="650" ind1=" " ind2=" ">
        <subfield code="a">RECOMMENDATIONS</subfield>
        <subfield code="0">(DHLAUTH)275840</subfield>
    </datafield>
    <datafield tag="650" ind1=" " ind2=" ">
        <subfield code="a">IRAQ</subfield>
        <subfield code="0">(DHLAUTH)273370</subfield>
    </datafield>
</record>
<record>
    <datafield tag="191" ind1=" " ind2=" ">
        <subfield code="a">E/ESCWA/TC/2001/45</subfield>
    </datafield>
    <datafield tag="246" ind1=" " ind2=" ">
        <subfield code="a">تقرير عن المهمة الاستشارية الى وزارة الطاقة والثروة المعدنية, عمان-الاردن, خلال الفترة 3-12 ايلول/سبتمبر 2001</subfield>
    </datafield>
    <datafield tag="269" ind1=" " ind2=" ">
        <subfield code="a">20011210</subfield>
    </datafield>
    <datafield tag="650" ind1=" " ind2=" ">
        <subfield code="a">ENERGY CONSUMPTION</subfield>
        <subfield code="0">(DHLAUTH)269578</subfield>
    </datafield>
    <datafield tag="650" ind1=" " ind2=" ">
        <subfield code="a">TRANSPORT</subfield>
        <subfield code="0">(DHLAUTH)272243</subfield>
    </datafield>
    <datafield tag="650" ind1=" " ind2=" ">
        <subfield code="a">RECOMMENDATIONS</subfield>
        <subfield code="0">(DHLAUTH)275840</subfield>
    </datafield>
    <datafield tag="650" ind1=" " ind2=" ">
        <subfield code="a">MINERAL RESOURCES</subfield>
        <subfield code="0">(DHLAUTH)270562</subfield>
    </datafield>
    <datafield tag="650" ind1=" " ind2=" ">
        <subfield code="a">JORDAN</subfield>
        <subfield code="0">(DHLAUTH)269099</subfield>
    </datafield>
    <datafield tag="650" ind1=" " ind2=" ">
        <subfield code="a">FOREIGN TRADE</subfield>
        <subfield code="0">(DHLAUTH)272801</subfield>
    </datafield>
</record>
<record>
    <datafield tag="191" ind1=" " ind2=" ">
        <subfield code="a">E/ESCWA/TC/2001/46</subfield>
    </datafield>
    <datafield tag="246" ind1=" " ind2=" ">
        <subfield code="a">تقرير عن المهمة الاستشارية الى وزارة الشؤون البلدية والزراعة الدوحة -دولة قطر خلال الفترة 23-27 ايلول /سبتمبر 2001.</subfield>
    </datafield>
    <datafield tag="269" ind1=" " ind2=" ">
        <subfield code="a">20011210</subfield>
    </datafield>
    <datafield tag="650" ind1=" " ind2=" ">
        <subfield code="a">CONSULTANTS</subfield>
        <subfield code="0">(DHLAUTH)269888</subfield>
    </datafield>
    <datafield tag="650" ind1=" " ind2=" ">
        <subfield code="a">ENERGY POLICY</subfield>
        <subfield code="0">(DHLAUTH)270574</subfield>
    </datafield>
    <datafield tag="650" ind1=" " ind2=" ">
        <subfield code="a">SOLAR ENERGY</subfield>
        <subfield code="0">(DHLAUTH)271255</subfield>
    </datafield>
    <datafield tag="650" ind1=" " ind2=" ">
        <subfield code="a">AGRICULTURE</subfield>
        <subfield code="0">(DHLAUTH)271335</subfield>
    </datafield>
    <datafield tag="650" ind1=" " ind2=" ">
        <subfield code="a">QATAR</subfield>
        <subfield code="0">(DHLAUTH)275603</subfield>
    </datafield>
</record>
<record>
    <datafield tag="191" ind1=" " ind2=" ">
        <subfield code="a">E/ESCWA/TC/2001/47</subfield>
    </datafield>
    <datafield tag="246" ind1=" " ind2=" ">
        <subfield code="a">تقرير عن المهمة الاستشارية الى وزارة الداخلية, الادارة العامة لشرطة ابوظبي, دولة الامارات العربية المتحدة- ابو ظبي تطوير مركز رعاية الاحداث في المفرق خلال الفترة 8-22 نيسان/ابريل 2001</subfield>
    </datafield>
    <datafield tag="269" ind1=" " ind2=" ">
        <subfield code="a">20011214</subfield>
    </datafield>
    <datafield tag="650" ind1=" " ind2=" ">
        <subfield code="a">SOCIAL WELFARE</subfield>
        <subfield code="0">(DHLAUTH)269714</subfield>
    </datafield>
    <datafield tag="650" ind1=" " ind2=" ">
        <subfield code="a">ADVISORY SERVICES</subfield>
        <subfield code="0">(DHLAUTH)269860</subfield>
    </datafield>
    <datafield tag="650" ind1=" " ind2=" ">
        <subfield code="a">UNITED ARAB EMIRATES</subfield>
        <subfield code="0">(DHLAUTH)275604</subfield>
    </datafield>
    <datafield tag="650" ind1=" " ind2=" ">
        <subfield code="a">JUVENILE DELINQUENCY</subfield>
        <subfield code="0">(DHLAUTH)272931</subfield>
    </datafield>
    <datafield tag="650" ind1=" " ind2=" ">
        <subfield code="a">CIVIL SOCIETY</subfield>
        <subfield code="0">(DHLAUTH)479996</subfield>
    </datafield>
</record>
<record>
    <datafield tag="191" ind1=" " ind2=" ">
        <subfield code="a">E/ESCWA/TC/2001/48</subfield>
    </datafield>
    <datafield tag="246" ind1=" " ind2=" ">
        <subfield code="a">تقرير عن المهمة الاستشارية الى وزارة التجارة والصناعة المديرية العامة للمواصفات والمقاييس مسقط - سلطنة عمان : تسخير وسائل تكنولوجيا المعلومات والاتصال لخدمة مركز المعلومات  والانظمة الفنية قيد الانشاء خلال الفترة 20-31 تشرين الاول/اكتوبر 2001</subfield>
    </datafield>
    <datafield tag="269" ind1=" " ind2=" ">
        <subfield code="a">20011224</subfield>
    </datafield>
    <datafield tag="650" ind1=" " ind2=" ">
        <subfield code="a">SPECIFICATIONS</subfield>
        <subfield code="0">(DHLAUTH)271958</subfield>
    </datafield>
    <datafield tag="650" ind1=" " ind2=" ">
        <subfield code="a">INTERNATIONAL TRADE</subfield>
        <subfield code="0">(DHLAUTH)269532</subfield>
    </datafield>
    <datafield tag="650" ind1=" " ind2=" ">
        <subfield code="a">INTERNET</subfield>
        <subfield code="0">(DHLAUTH)438931</subfield>
    </datafield>
    <datafield tag="650" ind1=" " ind2=" ">
        <subfield code="a">COMPUTER PROGRAMMING</subfield>
        <subfield code="0">(DHLAUTH)269654</subfield>
    </datafield>
    <datafield tag="650" ind1=" " ind2=" ">
        <subfield code="a">HUMAN RESOURCES</subfield>
        <subfield code="0">(DHLAUTH)270571</subfield>
    </datafield>
    <datafield tag="650" ind1=" " ind2=" ">
        <subfield code="a">RECOMMENDATIONS</subfield>
        <subfield code="0">(DHLAUTH)275840</subfield>
    </datafield>
    <datafield tag="650" ind1=" " ind2=" ">
        <subfield code="a">OMAN</subfield>
        <subfield code="0">(DHLAUTH)273438</subfield>
    </datafield>
</record>
<record>
    <datafield tag="191" ind1=" " ind2=" ">
        <subfield code="a">E/ESCWA/TC/2001/9</subfield>
    </datafield>
    <datafield tag="246" ind1=" " ind2=" ">
        <subfield code="a">تقرير عن المهمة الإستشارية إلى وزارة الزراعة والثروة السمكية مسقط - سلطنة عمان - حول متطلبات تطوير وسائل تكنولوجيا المعلومات والإتصالات خلال الفترة 19-24 كانون الثاني/يناير 2001</subfield>
    </datafield>
    <datafield tag="269" ind1=" " ind2=" ">
        <subfield code="a">20010319</subfield>
    </datafield>
    <datafield tag="650" ind1=" " ind2=" ">
        <subfield code="a">ADVISORY SERVICES</subfield>
        <subfield code="0">(DHLAUTH)269860</subfield>
    </datafield>
    <datafield tag="650" ind1=" " ind2=" ">
        <subfield code="a">INFORMATION TECHNOLOGY</subfield>
        <subfield code="0">(DHLAUTH)272714</subfield>
    </datafield>
    <datafield tag="650" ind1=" " ind2=" ">
        <subfield code="a">COMMUNICATION TECHNOLOGY</subfield>
        <subfield code="0">(DHLAUTH)272713</subfield>
    </datafield>
    <datafield tag="650" ind1=" " ind2=" ">
        <subfield code="a">INFORMATION NETWORKS</subfield>
        <subfield code="0">(DHLAUTH)272733</subfield>
    </datafield>
    <datafield tag="650" ind1=" " ind2=" ">
        <subfield code="a">ORGANIZATIONAL STRUCTURE</subfield>
        <subfield code="0">(DHLAUTH)272030</subfield>
    </datafield>
    <datafield tag="650" ind1=" " ind2=" ">
        <subfield code="a">AMMAN (JORDAN)</subfield>
        <subfield code="0">(DHLAUTH)276766</subfield>
    </datafield>
    <datafield tag="650" ind1=" " ind2=" ">
        <subfield code="a">WESTERN ASIA</subfield>
        <subfield code="0">(DHLAUTH)275490</subfield>
    </datafield>
</record>
<record>
    <datafield tag="191" ind1=" " ind2=" ">
        <subfield code="a">E/ESCWA/TC/2002</subfield>
    </datafield>
    <datafield tag="246" ind1=" " ind2=" ">
        <subfield code="a">تقرير عن المهمة الاستشارية الى وزارة الكهرباء والماء دولة البحرين خلال الفترة 7-17 يناير/كانون الثاني 2002</subfield>
    </datafield>
    <datafield tag="269" ind1=" " ind2=" ">
        <subfield code="a">20020125</subfield>
    </datafield>
    <datafield tag="650" ind1=" " ind2=" ">
        <subfield code="a">SOLAR ENERGY</subfield>
        <subfield code="0">(DHLAUTH)271255</subfield>
    </datafield>
    <datafield tag="650" ind1=" " ind2=" ">
        <subfield code="a">BAHRAIN</subfield>
        <subfield code="0">(DHLAUTH)273274</subfield>
    </datafield>
    <datafield tag="650" ind1=" " ind2=" ">
        <subfield code="a">WESTERN ASIA</subfield>
        <subfield code="0">(DHLAUTH)275490</subfield>
    </datafield>
    <datafield tag="650" ind1=" " ind2=" ">
        <subfield code="a">REPORT PREPARATION</subfield>
        <subfield code="0">(DHLAUTH)275139</subfield>
    </datafield>
    <datafield tag="650" ind1=" " ind2=" ">
        <subfield code="a">WATER</subfield>
        <subfield code="0">(DHLAUTH)270885</subfield>
    </datafield>
    <datafield tag="650" ind1=" " ind2=" ">
        <subfield code="a">ADVISORY SERVICES</subfield>
        <subfield code="0">(DHLAUTH)269860</subfield>
    </datafield>
</record>
<record>
    <datafield tag="191" ind1=" " ind2=" ">
        <subfield code="a">E/ESCWA/TDD/2014/1</subfield>
    </datafield>
    <datafield tag="246" ind1=" " ind2=" ">
        <subfield code="a">نشرة تكنولوجيا المعلومات والاتصالات من اجل التنمية في المنطقة العربية، العدد 21 </subfield>
    </datafield>
    <datafield tag="269" ind1=" " ind2=" ">
        <subfield code="a">20140501</subfield>
    </datafield>
    <datafield tag="650" ind1=" " ind2=" ">
        <subfield code="a">INFORMATION TECHNOLOGY</subfield>
        <subfield code="0">(DHLAUTH)272714</subfield>
    </datafield>
    <datafield tag="650" ind1=" " ind2=" ">
        <subfield code="a">COMMUNICATION TECHNOLOGY</subfield>
        <subfield code="0">(DHLAUTH)272713</subfield>
    </datafield>
    <datafield tag="650" ind1=" " ind2=" ">
        <subfield code="a">DEVELOPMENT</subfield>
        <subfield code="0">(DHLAUTH)269844</subfield>
    </datafield>
    <datafield tag="650" ind1=" " ind2=" ">
        <subfield code="a">INFORMATION SOCIETY</subfield>
        <subfield code="0">(DHLAUTH)612610</subfield>
    </datafield>
    <datafield tag="650" ind1=" " ind2=" ">
        <subfield code="a">AUTOMATION</subfield>
        <subfield code="0">(DHLAUTH)270184</subfield>
    </datafield>
    <datafield tag="650" ind1=" " ind2=" ">
        <subfield code="a">GOVERNANCE</subfield>
        <subfield code="0">(DHLAUTH)276686</subfield>
    </datafield>
    <datafield tag="650" ind1=" " ind2=" ">
        <subfield code="a">MOBILE TELECOMMUNICATION SERVICES</subfield>
        <subfield code="0">(DHLAUTH)272745</subfield>
    </datafield>
    <datafield tag="650" ind1=" " ind2=" ">
        <subfield code="a">OPEN SOURCE SOFTWARE</subfield>
        <subfield code="0">(DHLAUTH)658577</subfield>
    </datafield>
    <datafield tag="650" ind1=" " ind2=" ">
        <subfield code="a">ARAB COUNTRIES</subfield>
        <subfield code="0">(DHLAUTH)268705</subfield>
    </datafield>
    <datafield tag="650" ind1=" " ind2=" ">
        <subfield code="a">SERIAL PUBLICATIONS</subfield>
        <subfield code="0">(DHLAUTH)275065</subfield>
    </datafield>
</record>
<record>
    <datafield tag="191" ind1=" " ind2=" ">
        <subfield code="a">E/ESCWA/TDD/2015/1</subfield>
    </datafield>
    <datafield tag="246" ind1=" " ind2=" ">
        <subfield code="a">الامان في الفضاء السيبراني ومكافحة الجرائم السيبرانية في المنطقة العربية : توصيات سياساتية</subfield>
    </datafield>
    <datafield tag="269" ind1=" " ind2=" ">
        <subfield code="a">20150209</subfield>
    </datafield>
    <datafield tag="650" ind1=" " ind2=" ">
        <subfield code="a">PUBLIC SECTOR</subfield>
        <subfield code="0">(DHLAUTH)269679</subfield>
    </datafield>
    <datafield tag="650" ind1=" " ind2=" ">
        <subfield code="a">COMMUNICATION TECHNOLOGY</subfield>
        <subfield code="0">(DHLAUTH)272713</subfield>
    </datafield>
    <datafield tag="650" ind1=" " ind2=" ">
        <subfield code="a">INFORMATION TECHNOLOGY</subfield>
        <subfield code="0">(DHLAUTH)272714</subfield>
    </datafield>
    <datafield tag="650" ind1=" " ind2=" ">
        <subfield code="a">LAWS AND REGULATIONS</subfield>
        <subfield code="0">(DHLAUTH)268352</subfield>
    </datafield>
    <datafield tag="650" ind1=" " ind2=" ">
        <subfield code="a">ARAB COUNTRIES</subfield>
        <subfield code="0">(DHLAUTH)268705</subfield>
    </datafield>
    <datafield tag="650" ind1=" " ind2=" ">
        <subfield code="a">PRIVATE SECTOR</subfield>
        <subfield code="0">(DHLAUTH)269684</subfield>
    </datafield>
    <datafield tag="650" ind1=" " ind2=" ">
        <subfield code="a">CIVIL SOCIETY</subfield>
        <subfield code="0">(DHLAUTH)479996</subfield>
    </datafield>
    <datafield tag="650" ind1=" " ind2=" ">
        <subfield code="a">FREEDOM OF EXPRESSION</subfield>
        <subfield code="0">(DHLAUTH)269393</subfield>
    </datafield>
    <datafield tag="650" ind1=" " ind2=" ">
        <subfield code="a">COMPUTER CRIMES</subfield>
        <subfield code="0">(DHLAUTH)274573</subfield>
    </datafield>
    <datafield tag="650" ind1=" " ind2=" ">
        <subfield code="a">CYBERNETICS</subfield>
        <subfield code="0">(DHLAUTH)270185</subfield>
    </datafield>
    <datafield tag="650" ind1=" " ind2=" ">
        <subfield code="a">DIGITAL TECHNOLOGY</subfield>
        <subfield code="0">(DHLAUTH)276639</subfield>
    </datafield>
    <datafield tag="650" ind1=" " ind2=" ">
        <subfield code="a">INTERNET</subfield>
        <subfield code="0">(DHLAUTH)438931</subfield>
    </datafield>
    <datafield tag="650" ind1=" " ind2=" ">
        <subfield code="a">RECOMMENDATIONS</subfield>
        <subfield code="0">(DHLAUTH)275840</subfield>
    </datafield>
</record>
<record>
    <datafield tag="191" ind1=" " ind2=" ">
        <subfield code="a">E/ESCWA/TDD/2015/1/SUMMARY</subfield>
    </datafield>
    <datafield tag="245" ind1=" " ind2=" ">
        <subfield code="a">POLICY RECOMMENDATIONS ON CYBERSAFETY AND COMBATING CYBERCRIME IN THE ARAB REGION: SUMMARY</subfield>
    </datafield>
    <datafield tag="269" ind1=" " ind2=" ">
        <subfield code="a">20150414</subfield>
    </datafield>
    <datafield tag="650" ind1=" " ind2=" ">
        <subfield code="a">INTERNET</subfield>
        <subfield code="0">(DHLAUTH)438931</subfield>
    </datafield>
    <datafield tag="650" ind1=" " ind2=" ">
        <subfield code="a">PUBLIC SECTOR</subfield>
        <subfield code="0">(DHLAUTH)269679</subfield>
    </datafield>
    <datafield tag="650" ind1=" " ind2=" ">
        <subfield code="a">RECOMMENDATIONS</subfield>
        <subfield code="0">(DHLAUTH)275840</subfield>
    </datafield>
    <datafield tag="650" ind1=" " ind2=" ">
        <subfield code="a">COMMUNICATION TECHNOLOGY</subfield>
        <subfield code="0">(DHLAUTH)272713</subfield>
    </datafield>
    <datafield tag="650" ind1=" " ind2=" ">
        <subfield code="a">INFORMATION TECHNOLOGY</subfield>
        <subfield code="0">(DHLAUTH)272714</subfield>
    </datafield>
    <datafield tag="650" ind1=" " ind2=" ">
        <subfield code="a">LAWS AND REGULATIONS</subfield>
        <subfield code="0">(DHLAUTH)268352</subfield>
    </datafield>
    <datafield tag="650" ind1=" " ind2=" ">
        <subfield code="a">ARAB COUNTRIES</subfield>
        <subfield code="0">(DHLAUTH)268705</subfield>
    </datafield>
    <datafield tag="650" ind1=" " ind2=" ">
        <subfield code="a">PRIVATE SECTOR</subfield>
        <subfield code="0">(DHLAUTH)269684</subfield>
    </datafield>
    <datafield tag="650" ind1=" " ind2=" ">
        <subfield code="a">CIVIL SOCIETY</subfield>
        <subfield code="0">(DHLAUTH)479996</subfield>
    </datafield>
    <datafield tag="650" ind1=" " ind2=" ">
        <subfield code="a">COMPUTER CRIMES</subfield>
        <subfield code="0">(DHLAUTH)274573</subfield>
    </datafield>
    <datafield tag="650" ind1=" " ind2=" ">
        <subfield code="a">CYBERNETICS</subfield>
        <subfield code="0">(DHLAUTH)270185</subfield>
    </datafield>
</record>
<record>
    <datafield tag="191" ind1=" " ind2=" ">
        <subfield code="a">E/ESCWA/TDD/2015/3</subfield>
    </datafield>
    <datafield tag="245" ind1=" " ind2=" ">
        <subfield code="a">REGIONAL PROFILE OF THE INFORMATION SOCIETY IN THE ARAB REGION, 2003 - 2015</subfield>
    </datafield>
    <datafield tag="246" ind1=" " ind2=" ">
        <subfield code="a">تقرير الملامح الاقليمية لمجتمع المعلومات في المنطقة العربية للفترة 2003 - 2015</subfield>
    </datafield>
    <datafield tag="269" ind1=" " ind2=" ">
        <subfield code="a">20160730</subfield>
    </datafield>
    <datafield tag="650" ind1=" " ind2=" ">
        <subfield code="a">INFORMATION TECHNOLOGY</subfield>
        <subfield code="0">(DHLAUTH)272714</subfield>
    </datafield>
    <datafield tag="650" ind1=" " ind2=" ">
        <subfield code="a">COMMUNICATION TECHNOLOGY</subfield>
        <subfield code="0">(DHLAUTH)272713</subfield>
    </datafield>
    <datafield tag="650" ind1=" " ind2=" ">
        <subfield code="a">INFORMATION SOCIETY</subfield>
        <subfield code="0">(DHLAUTH)612610</subfield>
    </datafield>
    <datafield tag="650" ind1=" " ind2=" ">
        <subfield code="a">INFORMATION SERVICES</subfield>
        <subfield code="0">(DHLAUTH)270228</subfield>
    </datafield>
    <datafield tag="650" ind1=" " ind2=" ">
        <subfield code="a">PRICES</subfield>
        <subfield code="0">(DHLAUTH)269707</subfield>
    </datafield>
    <datafield tag="650" ind1=" " ind2=" ">
        <subfield code="a">DIGITAL DIVIDE</subfield>
        <subfield code="0">(DHLAUTH)606386</subfield>
    </datafield>
    <datafield tag="650" ind1=" " ind2=" ">
        <subfield code="a">CAPACITY BUILDING</subfield>
        <subfield code="0">(DHLAUTH)276636</subfield>
    </datafield>
    <datafield tag="650" ind1=" " ind2=" ">
        <subfield code="a">REGIONAL COOPERATION</subfield>
        <subfield code="0">(DHLAUTH)268656</subfield>
    </datafield>
    <datafield tag="650" ind1=" " ind2=" ">
        <subfield code="a">COMPUTER APPLICATIONS</subfield>
        <subfield code="0">(DHLAUTH)271864</subfield>
    </datafield>
    <datafield tag="650" ind1=" " ind2=" ">
        <subfield code="a">ARAB COUNTRIES</subfield>
        <subfield code="0">(DHLAUTH)268705</subfield>
    </datafield>
    <datafield tag="650" ind1=" " ind2=" ">
        <subfield code="a">STATISTICAL DATA</subfield>
        <subfield code="0">(DHLAUTH)270233</subfield>
    </datafield>
</record>
<record>
    <datafield tag="191" ind1=" " ind2=" ">
        <subfield code="a">E/ESCWA/TDD/2017/IG.1/3</subfield>
    </datafield>
    <datafield tag="245" ind1=" " ind2=" ">
        <subfield code="a">REVIEW OF ESCWA WORK IN THE FIELD OF TECHNOLOGY FOR DEVELOPMENT : ECONOMIC AND SOCIAL COMMISSION FOR WESTERN ASIA (ESCWA), COMMITTEE ON TECHNOLOGY FOR DEVELOPMENT, FIRST SESSION, DUBAI, UNITED ARAB EMIRATES, 11 - 12 FEBRUARY 2017</subfield>
    </datafield>
    <datafield tag="246" ind1=" " ind2=" ">
        <subfield code="a">استعراض اعمال الاسكوا في مجال التكنولوجيا من اجل التنمية : اللجنة الاقتصادية والاجتماعية لغربي آسيا (الاسكوا)، لجنة التكنولوجيا من اجل التنمية، الدورة الاولى، دبي، الامارات العربية المتحدة، 11 - 12 شباط/فبراير 2017</subfield>
    </datafield>
    <datafield tag="269" ind1=" " ind2=" ">
        <subfield code="a">20170201</subfield>
    </datafield>
    <datafield tag="650" ind1=" " ind2=" ">
        <subfield code="a">INFORMATION TECHNOLOGY</subfield>
        <subfield code="0">(DHLAUTH)272714</subfield>
    </datafield>
    <datafield tag="650" ind1=" " ind2=" ">
        <subfield code="a">COMMUNICATION TECHNOLOGY</subfield>
        <subfield code="0">(DHLAUTH)272713</subfield>
    </datafield>
    <datafield tag="650" ind1=" " ind2=" ">
        <subfield code="a">DEVELOPMENT</subfield>
        <subfield code="0">(DHLAUTH)269844</subfield>
    </datafield>
    <datafield tag="650" ind1=" " ind2=" ">
        <subfield code="a">INTERGOVERNMENTAL BODIES</subfield>
        <subfield code="0">(DHLAUTH)275766</subfield>
    </datafield>
    <datafield tag="650" ind1=" " ind2=" ">
        <subfield code="a">CONFERENCES</subfield>
        <subfield code="0">(DHLAUTH)275758</subfield>
    </datafield>
</record>
<record>
    <datafield tag="191" ind1=" " ind2=" ">
        <subfield code="a">E/ESCWA/TDD/2017/IG.1/3 (PART III)</subfield>
    </datafield>
    <datafield tag="246" ind1=" " ind2=" ">
        <subfield code="a">استعراض اعمال الاسكوا في مجال التكنولوجيا من اجل التنمية : الانشطة التي اضطلع بها مركز الاسكوا للتكنولوجيا في الفترة 2011 - 2016</subfield>
    </datafield>
    <datafield tag="269" ind1=" " ind2=" ">
        <subfield code="a">20170106</subfield>
    </datafield>
    <datafield tag="650" ind1=" " ind2=" ">
        <subfield code="a">INFORMATION TECHNOLOGY</subfield>
        <subfield code="0">(DHLAUTH)272714</subfield>
    </datafield>
    <datafield tag="650" ind1=" " ind2=" ">
        <subfield code="a">COMMUNICATION TECHNOLOGY</subfield>
        <subfield code="0">(DHLAUTH)272713</subfield>
    </datafield>
    <datafield tag="650" ind1=" " ind2=" ">
        <subfield code="a">INTERGOVERNMENTAL BODIES</subfield>
        <subfield code="0">(DHLAUTH)275766</subfield>
    </datafield>
    <datafield tag="650" ind1=" " ind2=" ">
        <subfield code="a">WORK PROGRAMME</subfield>
        <subfield code="0">(DHLAUTH)275800</subfield>
    </datafield>
    <datafield tag="650" ind1=" " ind2=" ">
        <subfield code="a">ACTIVITIES</subfield>
        <subfield code="0">(DHLAUTH)275823</subfield>
    </datafield>
    <datafield tag="650" ind1=" " ind2=" ">
        <subfield code="a">CONFERENCES</subfield>
        <subfield code="0">(DHLAUTH)275758</subfield>
    </datafield>
    <datafield tag="650" ind1=" " ind2=" ">
        <subfield code="a">WESTERN ASIA</subfield>
        <subfield code="0">(DHLAUTH)275490</subfield>
    </datafield>
</record>
<record>
    <datafield tag="191" ind1=" " ind2=" ">
        <subfield code="a">E/ESCWA/TDD/2017/IG.1/3 (PART II)</subfield>
    </datafield>
    <datafield tag="246" ind1=" " ind2=" ">
        <subfield code="a">استعراض اعمال الاسكوا في مجال التكنولوجيا من اجل التنمية : خدمات التعاون الفني في الفترة 2014 - 2015</subfield>
    </datafield>
    <datafield tag="269" ind1=" " ind2=" ">
        <subfield code="a">20170106</subfield>
    </datafield>
    <datafield tag="650" ind1=" " ind2=" ">
        <subfield code="a">INFORMATION TECHNOLOGY</subfield>
        <subfield code="0">(DHLAUTH)272714</subfield>
    </datafield>
    <datafield tag="650" ind1=" " ind2=" ">
        <subfield code="a">COMMUNICATION TECHNOLOGY</subfield>
        <subfield code="0">(DHLAUTH)272713</subfield>
    </datafield>
    <datafield tag="650" ind1=" " ind2=" ">
        <subfield code="a">TECHNICAL COOPERATION</subfield>
        <subfield code="0">(DHLAUTH)268658</subfield>
    </datafield>
    <datafield tag="650" ind1=" " ind2=" ">
        <subfield code="a">DEVELOPMENT</subfield>
        <subfield code="0">(DHLAUTH)269844</subfield>
    </datafield>
    <datafield tag="650" ind1=" " ind2=" ">
        <subfield code="a">INTERGOVERNMENTAL BODIES</subfield>
        <subfield code="0">(DHLAUTH)275766</subfield>
    </datafield>
    <datafield tag="650" ind1=" " ind2=" ">
        <subfield code="a">CONFERENCES</subfield>
        <subfield code="0">(DHLAUTH)275758</subfield>
    </datafield>
    <datafield tag="650" ind1=" " ind2=" ">
        <subfield code="a">REGIONAL COMMISSIONS</subfield>
        <subfield code="0">(DHLAUTH)269969</subfield>
    </datafield>
    <datafield tag="650" ind1=" " ind2=" ">
        <subfield code="a">WESTERN ASIA</subfield>
        <subfield code="0">(DHLAUTH)275490</subfield>
    </datafield>
</record>
<record>
    <datafield tag="191" ind1=" " ind2=" ">
        <subfield code="a">E/ESCWA/TDD/2017/IG.1/3 (PART I)</subfield>
    </datafield>
    <datafield tag="246" ind1=" " ind2=" ">
        <subfield code="a">استعراض اعمال الاسكوا في مجال التكنولوجيا من اجل التنمية : تنفيذ برنامج العمل لفترة السنتين 2014 - 2015</subfield>
    </datafield>
    <datafield tag="269" ind1=" " ind2=" ">
        <subfield code="a">20170109</subfield>
    </datafield>
    <datafield tag="650" ind1=" " ind2=" ">
        <subfield code="a">INFORMATION TECHNOLOGY</subfield>
        <subfield code="0">(DHLAUTH)272714</subfield>
    </datafield>
    <datafield tag="650" ind1=" " ind2=" ">
        <subfield code="a">COMMUNICATION TECHNOLOGY</subfield>
        <subfield code="0">(DHLAUTH)272713</subfield>
    </datafield>
    <datafield tag="650" ind1=" " ind2=" ">
        <subfield code="a">WORK PROGRAMME</subfield>
        <subfield code="0">(DHLAUTH)275800</subfield>
    </datafield>
    <datafield tag="650" ind1=" " ind2=" ">
        <subfield code="a">PROGRAMME IMPLEMENTATION</subfield>
        <subfield code="0">(DHLAUTH)275794</subfield>
    </datafield>
    <datafield tag="650" ind1=" " ind2=" ">
        <subfield code="a">INTERGOVERNMENTAL BODIES</subfield>
        <subfield code="0">(DHLAUTH)275766</subfield>
    </datafield>
    <datafield tag="650" ind1=" " ind2=" ">
        <subfield code="a">CONFERENCES</subfield>
        <subfield code="0">(DHLAUTH)275758</subfield>
    </datafield>
    <datafield tag="650" ind1=" " ind2=" ">
        <subfield code="a">WESTERN ASIA</subfield>
        <subfield code="0">(DHLAUTH)275490</subfield>
    </datafield>
    <datafield tag="650" ind1=" " ind2=" ">
        <subfield code="a">REGIONAL COMMISSIONS</subfield>
        <subfield code="0">(DHLAUTH)269969</subfield>
    </datafield>
</record>
<record>
    <datafield tag="191" ind1=" " ind2=" ">
        <subfield code="a">E/ESCWA/TDD/2017/IG.1/4</subfield>
    </datafield>
    <datafield tag="245" ind1=" " ind2=" ">
        <subfield code="a">INFORMATION AND COMMUNICATION TECHNOLOGY FOR DEVELOPMENT ISSUES : ECONOMIC AND SOCIAL COMMISSION FOR WESTERN ASIA (ESCWA), COMMITTEE ON TECHNOLOGY FOR DEVELOPMENT, FIRST SESSION, DUBAI, UNITED ARAB EMIRATES, 11 - 12 FEBRUARY 2017</subfield>
    </datafield>
    <datafield tag="246" ind1=" " ind2=" ">
        <subfield code="a">قضايا تكنولوجيا المعلومات والاتصالات من اجل التنمية : اللجنة الاقتصادية والاجتماعية لغربي آسيا (الاسكوا)، لجنة التكنولوجيا من اجل التنمية، الدورة الاولى، دبي، الامارات العربية المتحدة، 11 - 12 شباط/فبراير 2017</subfield>
    </datafield>
    <datafield tag="269" ind1=" " ind2=" ">
        <subfield code="a">20170201</subfield>
    </datafield>
    <datafield tag="650" ind1=" " ind2=" ">
        <subfield code="a">INFORMATION TECHNOLOGY</subfield>
        <subfield code="0">(DHLAUTH)272714</subfield>
    </datafield>
    <datafield tag="650" ind1=" " ind2=" ">
        <subfield code="a">COMMUNICATION TECHNOLOGY</subfield>
        <subfield code="0">(DHLAUTH)272713</subfield>
    </datafield>
    <datafield tag="650" ind1=" " ind2=" ">
        <subfield code="a">DEVELOPMENT</subfield>
        <subfield code="0">(DHLAUTH)269844</subfield>
    </datafield>
    <datafield tag="650" ind1=" " ind2=" ">
        <subfield code="a">INTERGOVERNMENTAL BODIES</subfield>
        <subfield code="0">(DHLAUTH)275766</subfield>
    </datafield>
    <datafield tag="650" ind1=" " ind2=" ">
        <subfield code="a">REGIONAL COMMISSIONS</subfield>
        <subfield code="0">(DHLAUTH)269969</subfield>
    </datafield>
    <datafield tag="650" ind1=" " ind2=" ">
        <subfield code="a">CONFERENCES</subfield>
        <subfield code="0">(DHLAUTH)275758</subfield>
    </datafield>
    <datafield tag="650" ind1=" " ind2=" ">
        <subfield code="a">WESTERN ASIA</subfield>
        <subfield code="0">(DHLAUTH)275490</subfield>
    </datafield>
</record>
<record>
    <datafield tag="191" ind1=" " ind2=" ">
        <subfield code="a">E/ESCWA/TDD/2017/IG.1/4 (PART II)</subfield>
    </datafield>
    <datafield tag="246" ind1=" " ind2=" ">
        <subfield code="a">قضايا تكنولوجيا المعلومات والاتصالات من اجل التنمية : الاقتصاد الرقمي والتحول نحو المجتمعات الذكية في المنطقة العربية : اللجنة الاقتصادية والاجتماعية لغربي آسيا (الاسكوا)، لجنة التكنولوجيا من اجل التنمية، الدورة الاولى، دبي، الامارات العربية المتحدة، 11 - 12 شباط/فبراير 2017</subfield>
    </datafield>
    <datafield tag="269" ind1=" " ind2=" ">
        <subfield code="a">20170413</subfield>
    </datafield>
    <datafield tag="650" ind1=" " ind2=" ">
        <subfield code="a">INFORMATION TECHNOLOGY</subfield>
        <subfield code="0">(DHLAUTH)272714</subfield>
    </datafield>
    <datafield tag="650" ind1=" " ind2=" ">
        <subfield code="a">COMMUNICATION TECHNOLOGY</subfield>
        <subfield code="0">(DHLAUTH)272713</subfield>
    </datafield>
    <datafield tag="650" ind1=" " ind2=" ">
        <subfield code="a">DEVELOPMENT</subfield>
        <subfield code="0">(DHLAUTH)269844</subfield>
    </datafield>
    <datafield tag="650" ind1=" " ind2=" ">
        <subfield code="a">DIGITAL TECHNOLOGY</subfield>
        <subfield code="0">(DHLAUTH)276639</subfield>
    </datafield>
    <datafield tag="650" ind1=" " ind2=" ">
        <subfield code="a">ECONOMIC ASPECTS</subfield>
        <subfield code="0">(DHLAUTH)269753</subfield>
    </datafield>
    <datafield tag="650" ind1=" " ind2=" ">
        <subfield code="a">ARAB COUNTRIES</subfield>
        <subfield code="0">(DHLAUTH)268705</subfield>
    </datafield>
    <datafield tag="650" ind1=" " ind2=" ">
        <subfield code="a">INTERGOVERNMENTAL BODIES</subfield>
        <subfield code="0">(DHLAUTH)275766</subfield>
    </datafield>
    <datafield tag="650" ind1=" " ind2=" ">
        <subfield code="a">CONFERENCES</subfield>
        <subfield code="0">(DHLAUTH)275758</subfield>
    </datafield>
    <datafield tag="650" ind1=" " ind2=" ">
        <subfield code="a">REGIONAL COMMISSIONS</subfield>
        <subfield code="0">(DHLAUTH)269969</subfield>
    </datafield>
</record>
<record>
    <datafield tag="191" ind1=" " ind2=" ">
        <subfield code="a">E/ESCWA/TDD/2017/IG.1/4 (PART I)</subfield>
    </datafield>
    <datafield tag="245" ind1=" " ind2=" ">
        <subfield code="a">INFORMATION AND COMMUNICATIONS TECHNOLOGY FOR DEVELOPMENT ISSUES : INTERNATIONAL AND REGIONAL PERSPECTIVES : ECONOMIC AND SOCIAL COMMISSION FOR WESTERN ASIA (ESCWA), COMMITTEE ON TECHNOLOGY FOR DEVELOPMENT, FIRST SESSION, DUBAI, UNITED ARAB EMIRATES, 11 - 12 FEBRUARY 2017</subfield>
    </datafield>
    <datafield tag="246" ind1=" " ind2=" ">
        <subfield code="a">قضايا تكنولوجيا المعلومات والاتصالات من اجل التنمية : المسارات الدولية والاقليمية : اللجنة الاقتصادية والاجتماعية لغربي آسيا (الاسكوا)، لجنة التكنواولجيا من اجل التنمية الدورة الاولى، دبي، الامارات العربية المتحدة، 11 - 12 شباط/فبراير 2017</subfield>
    </datafield>
    <datafield tag="269" ind1=" " ind2=" ">
        <subfield code="a">20170106</subfield>
    </datafield>
    <datafield tag="650" ind1=" " ind2=" ">
        <subfield code="a">INFORMATION TECHNOLOGY</subfield>
        <subfield code="0">(DHLAUTH)272714</subfield>
    </datafield>
    <datafield tag="650" ind1=" " ind2=" ">
        <subfield code="a">COMMUNICATION TECHNOLOGY</subfield>
        <subfield code="0">(DHLAUTH)272713</subfield>
    </datafield>
    <datafield tag="650" ind1=" " ind2=" ">
        <subfield code="a">DEVELOPMENT</subfield>
        <subfield code="0">(DHLAUTH)269844</subfield>
    </datafield>
    <datafield tag="650" ind1=" " ind2=" ">
        <subfield code="a">INTERNET</subfield>
        <subfield code="0">(DHLAUTH)438931</subfield>
    </datafield>
    <datafield tag="650" ind1=" " ind2=" ">
        <subfield code="a">GOVERNANCE</subfield>
        <subfield code="0">(DHLAUTH)276686</subfield>
    </datafield>
    <datafield tag="650" ind1=" " ind2=" ">
        <subfield code="a">E-GOVERNMENT</subfield>
        <subfield code="0">(DHLAUTH)689310</subfield>
    </datafield>
    <datafield tag="650" ind1=" " ind2=" ">
        <subfield code="a">INTERGOVERNMENTAL BODIES</subfield>
        <subfield code="0">(DHLAUTH)275766</subfield>
    </datafield>
    <datafield tag="650" ind1=" " ind2=" ">
        <subfield code="a">REGIONAL COMMISSIONS</subfield>
        <subfield code="0">(DHLAUTH)269969</subfield>
    </datafield>
    <datafield tag="650" ind1=" " ind2=" ">
        <subfield code="a">WESTERN ASIA</subfield>
        <subfield code="0">(DHLAUTH)275490</subfield>
    </datafield>
    <datafield tag="650" ind1=" " ind2=" ">
        <subfield code="a">CONFERENCES</subfield>
        <subfield code="0">(DHLAUTH)275758</subfield>
    </datafield>
</record>
<record>
    <datafield tag="191" ind1=" " ind2=" ">
        <subfield code="a">E/ESCWA/TDD/2017/IG.1/5</subfield>
    </datafield>
    <datafield tag="245" ind1=" " ind2=" ">
        <subfield code="a">SCIENCE, TECHNOLOGY AND INNOVATION FOR DEVELOPMENT ISSUES : ECONOMIC AND SOCIAL COMMISSION FOR WESTERN ASIA (ESCWA), COMMITTEE ON TECHNOLOGY FOR DEVELOPMENT, FIRST SESSION, DUBAI, UNITED ARAB EMIRATES, 11 - 12 FEBRUARY 2017</subfield>
    </datafield>
    <datafield tag="246" ind1=" " ind2=" ">
        <subfield code="a">قضايا العلم والتكنولوجيا والابتكار من اجل التنمية : اللجنة الاقتصادية والاجتماعية لغربي آسيا (الاسكوا)، لجنة التكنواولجيا من اجل التنمية الدورة الاولى، دبي، الامارات العربية المتحدة، 11 - 12 شباط/فبراير 2017</subfield>
    </datafield>
    <datafield tag="269" ind1=" " ind2=" ">
        <subfield code="a">20170413</subfield>
    </datafield>
    <datafield tag="650" ind1=" " ind2=" ">
        <subfield code="a">INFORMATION TECHNOLOGY</subfield>
        <subfield code="0">(DHLAUTH)272714</subfield>
    </datafield>
    <datafield tag="650" ind1=" " ind2=" ">
        <subfield code="a">COMMUNICATION TECHNOLOGY</subfield>
        <subfield code="0">(DHLAUTH)272713</subfield>
    </datafield>
    <datafield tag="650" ind1=" " ind2=" ">
        <subfield code="a">DEVELOPMENT</subfield>
        <subfield code="0">(DHLAUTH)269844</subfield>
    </datafield>
    <datafield tag="650" ind1=" " ind2=" ">
        <subfield code="a">INNOVATIONS</subfield>
        <subfield code="0">(DHLAUTH)271352</subfield>
    </datafield>
    <datafield tag="650" ind1=" " ind2=" ">
        <subfield code="a">TECHNOLOGY TRANSFER</subfield>
        <subfield code="0">(DHLAUTH)271882</subfield>
    </datafield>
    <datafield tag="650" ind1=" " ind2=" ">
        <subfield code="a">ARAB COUNTRIES</subfield>
        <subfield code="0">(DHLAUTH)268705</subfield>
    </datafield>
    <datafield tag="650" ind1=" " ind2=" ">
        <subfield code="a">INTERGOVERNMENTAL BODIES</subfield>
        <subfield code="0">(DHLAUTH)275766</subfield>
    </datafield>
    <datafield tag="650" ind1=" " ind2=" ">
        <subfield code="a">CONFERENCES</subfield>
        <subfield code="0">(DHLAUTH)275758</subfield>
    </datafield>
    <datafield tag="650" ind1=" " ind2=" ">
        <subfield code="a">REGIONAL COMMISSIONS</subfield>
        <subfield code="0">(DHLAUTH)269969</subfield>
    </datafield>
</record>
<record>
    <datafield tag="191" ind1=" " ind2=" ">
        <subfield code="a">E/ESCWA/TDD/2017/IG.1/5(PART III)</subfield>
    </datafield>
    <datafield tag="246" ind1=" " ind2=" ">
        <subfield code="a">قضايا العلم والتكنولوجيا والابتكار من اجل التنمية : مشروع الاسكوا لتعزيز منظومات نقل التكنولوجيا في البلدان العربية  : اللجنة الاقتصادية والاجتماعية لغربي آسيا (الاسكوا)، لجنة التكنولوجيا من اجل التنمية الدورة الاولى، دبي، الامارات العربية المتحدة، 11 - 12 شباط/فبراير 2017</subfield>
    </datafield>
    <datafield tag="269" ind1=" " ind2=" ">
        <subfield code="a">20170112</subfield>
    </datafield>
    <datafield tag="650" ind1=" " ind2=" ">
        <subfield code="a">SCIENCE AND TECHNOLOGY</subfield>
        <subfield code="0">(DHLAUTH)275209</subfield>
    </datafield>
    <datafield tag="650" ind1=" " ind2=" ">
        <subfield code="a">INNOVATIONS</subfield>
        <subfield code="0">(DHLAUTH)271352</subfield>
    </datafield>
    <datafield tag="650" ind1=" " ind2=" ">
        <subfield code="a">DEVELOPMENT</subfield>
        <subfield code="0">(DHLAUTH)269844</subfield>
    </datafield>
    <datafield tag="650" ind1=" " ind2=" ">
        <subfield code="a">TECHNOLOGY TRANSFER</subfield>
        <subfield code="0">(DHLAUTH)271882</subfield>
    </datafield>
    <datafield tag="650" ind1=" " ind2=" ">
        <subfield code="a">RESEARCH AND DEVELOPMENT</subfield>
        <subfield code="0">(DHLAUTH)271949</subfield>
    </datafield>
    <datafield tag="650" ind1=" " ind2=" ">
        <subfield code="a">INTERGOVERNMENTAL BODIES</subfield>
        <subfield code="0">(DHLAUTH)275766</subfield>
    </datafield>
    <datafield tag="650" ind1=" " ind2=" ">
        <subfield code="a">REGIONAL COMMISSIONS</subfield>
        <subfield code="0">(DHLAUTH)269969</subfield>
    </datafield>
    <datafield tag="650" ind1=" " ind2=" ">
        <subfield code="a">CONFERENCES</subfield>
        <subfield code="0">(DHLAUTH)275758</subfield>
    </datafield>
</record>
<record>
    <datafield tag="191" ind1=" " ind2=" ">
        <subfield code="a">E/ESCWA/TDD/2017/IG.1/5(PART II)</subfield>
    </datafield>
    <datafield tag="245" ind1=" " ind2=" ">
        <subfield code="a">SCIENCE, TECHNOLOGY AND INNOVATION FOR DEVELOPMENT ISSUES : INNOVATION LANDSCAPE IN THE ARAB REGION : ECONOMIC AND SOCIAL COMMISSION FOR WESTERN ASIA (ESCWA), COMMITTEE ON TECHNOLOGY FOR DEVELOPMENT, FIRST SESSION, DUBAI, UNITED ARAB EMIRATES, 11 - 12 FEBRUARY 2017</subfield>
    </datafield>
    <datafield tag="246" ind1=" " ind2=" ">
        <subfield code="a">قضايا العلم والتكنولوجيا والابتكار من اجل التنمية : ملامح الابتكار في المنطقة العربية : اللجنة الاقتصادية والاجتماعية لغربي آسيا (الاسكوا)، لجنة التكنولوجيا من اجل التنمية الدورة الاولى، دبي، الامارات العربية المتحدة، 11 - 12 شباط/فبراير 2017</subfield>
    </datafield>
    <datafield tag="269" ind1=" " ind2=" ">
        <subfield code="a">20170112</subfield>
    </datafield>
    <datafield tag="650" ind1=" " ind2=" ">
        <subfield code="a">SCIENCE AND TECHNOLOGY</subfield>
        <subfield code="0">(DHLAUTH)275209</subfield>
    </datafield>
    <datafield tag="650" ind1=" " ind2=" ">
        <subfield code="a">INNOVATIONS</subfield>
        <subfield code="0">(DHLAUTH)271352</subfield>
    </datafield>
    <datafield tag="650" ind1=" " ind2=" ">
        <subfield code="a">DEVELOPMENT</subfield>
        <subfield code="0">(DHLAUTH)269844</subfield>
    </datafield>
    <datafield tag="650" ind1=" " ind2=" ">
        <subfield code="a">ARAB COUNTRIES</subfield>
        <subfield code="0">(DHLAUTH)268705</subfield>
    </datafield>
    <datafield tag="650" ind1=" " ind2=" ">
        <subfield code="a">REGIONAL COMMISSIONS</subfield>
        <subfield code="0">(DHLAUTH)269969</subfield>
    </datafield>
    <datafield tag="650" ind1=" " ind2=" ">
        <subfield code="a">INTERGOVERNMENTAL BODIES</subfield>
        <subfield code="0">(DHLAUTH)275766</subfield>
    </datafield>
    <datafield tag="650" ind1=" " ind2=" ">
        <subfield code="a">CONFERENCES</subfield>
        <subfield code="0">(DHLAUTH)275758</subfield>
    </datafield>
</record>
<record>
    <datafield tag="191" ind1=" " ind2=" ">
        <subfield code="a">E/ESCWA/TDD/2017/IG.1/5(PART I)</subfield>
    </datafield>
    <datafield tag="246" ind1=" " ind2=" ">
        <subfield code="a">قضايا العلم والتكنولوجيا والابتكار من اجل التنمية : المسارات الدولية والاقليمية : اللجنة الاقتصادية والاجتماعية لغربي آسيا (الاسكوا)، لجنة التكنولوجيا من اجل التنمية الدورة الاولى، دبي، الامارات العربية المتحدة، 11 - 12 شباط/فبراير 2017</subfield>
    </datafield>
    <datafield tag="269" ind1=" " ind2=" ">
        <subfield code="a">20170117</subfield>
    </datafield>
    <datafield tag="650" ind1=" " ind2=" ">
        <subfield code="a">INFORMATION TECHNOLOGY</subfield>
        <subfield code="0">(DHLAUTH)272714</subfield>
    </datafield>
    <datafield tag="650" ind1=" " ind2=" ">
        <subfield code="a">COMMUNICATION TECHNOLOGY</subfield>
        <subfield code="0">(DHLAUTH)272713</subfield>
    </datafield>
    <datafield tag="650" ind1=" " ind2=" ">
        <subfield code="a">DEVELOPMENT</subfield>
        <subfield code="0">(DHLAUTH)269844</subfield>
    </datafield>
    <datafield tag="650" ind1=" " ind2=" ">
        <subfield code="a">INNOVATIONS</subfield>
        <subfield code="0">(DHLAUTH)271352</subfield>
    </datafield>
    <datafield tag="650" ind1=" " ind2=" ">
        <subfield code="a">WESTERN ASIA</subfield>
        <subfield code="0">(DHLAUTH)275490</subfield>
    </datafield>
    <datafield tag="650" ind1=" " ind2=" ">
        <subfield code="a">REGIONAL COMMISSIONS</subfield>
        <subfield code="0">(DHLAUTH)269969</subfield>
    </datafield>
    <datafield tag="650" ind1=" " ind2=" ">
        <subfield code="a">INTERGOVERNMENTAL BODIES</subfield>
        <subfield code="0">(DHLAUTH)275766</subfield>
    </datafield>
    <datafield tag="650" ind1=" " ind2=" ">
        <subfield code="a">CONFERENCES</subfield>
        <subfield code="0">(DHLAUTH)275758</subfield>
    </datafield>
</record>
<record>
    <datafield tag="191" ind1=" " ind2=" ">
        <subfield code="a">E/ESCWA/TDD/2017/IG.1/6</subfield>
    </datafield>
    <datafield tag="246" ind1=" " ind2=" ">
        <subfield code="a">برنامج العمل لفترة السنتين 2016 - 2017 في مجال التكنولوجيا من اجل التنمية : اللجنة الاقتصادية والاجتماعية لغربي آسيا (الاسكوا)، لجنة التكنولوجيا من اجل التنمية الدورة الاولى، دبي، الامارات العربية المتحدة، 11 - 12 شباط/فبراير 2017</subfield>
    </datafield>
    <datafield tag="269" ind1=" " ind2=" ">
        <subfield code="a">20170125</subfield>
    </datafield>
    <datafield tag="650" ind1=" " ind2=" ">
        <subfield code="a">INFORMATION TECHNOLOGY</subfield>
        <subfield code="0">(DHLAUTH)272714</subfield>
    </datafield>
    <datafield tag="650" ind1=" " ind2=" ">
        <subfield code="a">COMMUNICATION TECHNOLOGY</subfield>
        <subfield code="0">(DHLAUTH)272713</subfield>
    </datafield>
    <datafield tag="650" ind1=" " ind2=" ">
        <subfield code="a">WORK PROGRAMME</subfield>
        <subfield code="0">(DHLAUTH)275800</subfield>
    </datafield>
    <datafield tag="650" ind1=" " ind2=" ">
        <subfield code="a">PROGRAMME IMPLEMENTATION</subfield>
        <subfield code="0">(DHLAUTH)275794</subfield>
    </datafield>
    <datafield tag="650" ind1=" " ind2=" ">
        <subfield code="a">INTERGOVERNMENTAL BODIES</subfield>
        <subfield code="0">(DHLAUTH)275766</subfield>
    </datafield>
    <datafield tag="650" ind1=" " ind2=" ">
        <subfield code="a">REGIONAL COMMISSIONS</subfield>
        <subfield code="0">(DHLAUTH)269969</subfield>
    </datafield>
    <datafield tag="650" ind1=" " ind2=" ">
        <subfield code="a">CONFERENCES</subfield>
        <subfield code="0">(DHLAUTH)275758</subfield>
    </datafield>
    <datafield tag="650" ind1=" " ind2=" ">
        <subfield code="a">ARAB COUNTRIES</subfield>
        <subfield code="0">(DHLAUTH)268705</subfield>
    </datafield>
    <datafield tag="650" ind1=" " ind2=" ">
        <subfield code="a">WESTERN ASIA</subfield>
        <subfield code="0">(DHLAUTH)275490</subfield>
    </datafield>
</record>
<record>
    <datafield tag="191" ind1=" " ind2=" ">
        <subfield code="a">E/ESCWA/TDD/2017/IG.1/7</subfield>
    </datafield>
    <datafield tag="245" ind1=" " ind2=" ">
        <subfield code="a">PROPOSED PROGRAMME OF WORK FOR THE BIENNIUM 2018 - 2019 IN THE FIELD OF TECHNOLOGY FOR DEVELOPMENT : ECONOMIC AND SOCIAL COMMISSION FOR WESTERN ASIA (ESCWA), COMMITTEE ON TECHNOLOGY FOR DEVELOPMENT, FIRST SESSION, DUBAI, UNITED ARAB EMIRATES, 11 - 12 FEBRUARY 2017</subfield>
    </datafield>
    <datafield tag="246" ind1=" " ind2=" ">
        <subfield code="a">برنامج العمل المقترح لفترة السنتين 2018 - 2019 في مجال التكنولوجيا من اجل التنمية : اللجنة الاقتصادية والاجتماعية لغربي آسيا (الاسكوا)، لجنة التكنولوجيا من اجل التنمية الدورة الاولى، دبي، الامارات العربية المتحدة، 11 - 12 شباط/فبراير 2017</subfield>
    </datafield>
    <datafield tag="269" ind1=" " ind2=" ">
        <subfield code="a">20170109</subfield>
    </datafield>
    <datafield tag="650" ind1=" " ind2=" ">
        <subfield code="a">WORK PROGRAMME</subfield>
        <subfield code="0">(DHLAUTH)275800</subfield>
    </datafield>
    <datafield tag="650" ind1=" " ind2=" ">
        <subfield code="a">INFORMATION TECHNOLOGY</subfield>
        <subfield code="0">(DHLAUTH)272714</subfield>
    </datafield>
    <datafield tag="650" ind1=" " ind2=" ">
        <subfield code="a">COMMUNICATION TECHNOLOGY</subfield>
        <subfield code="0">(DHLAUTH)272713</subfield>
    </datafield>
    <datafield tag="650" ind1=" " ind2=" ">
        <subfield code="a">DEVELOPMENT</subfield>
        <subfield code="0">(DHLAUTH)269844</subfield>
    </datafield>
    <datafield tag="650" ind1=" " ind2=" ">
        <subfield code="a">INTERGOVERNMENTAL BODIES</subfield>
        <subfield code="0">(DHLAUTH)275766</subfield>
    </datafield>
    <datafield tag="650" ind1=" " ind2=" ">
        <subfield code="a">REGIONAL COMMISSIONS</subfield>
        <subfield code="0">(DHLAUTH)269969</subfield>
    </datafield>
    <datafield tag="650" ind1=" " ind2=" ">
        <subfield code="a">CONFERENCES</subfield>
        <subfield code="0">(DHLAUTH)275758</subfield>
    </datafield>
    <datafield tag="650" ind1=" " ind2=" ">
        <subfield code="a">ARAB COUNTRIES</subfield>
        <subfield code="0">(DHLAUTH)268705</subfield>
    </datafield>
    <datafield tag="650" ind1=" " ind2=" ">
        <subfield code="a">WESTERN ASIA</subfield>
        <subfield code="0">(DHLAUTH)275490</subfield>
    </datafield>
</record>
<record>
    <datafield tag="191" ind1=" " ind2=" ">
        <subfield code="a">E/ESCWA/TDD/2017/IG.1/8</subfield>
    </datafield>
    <datafield tag="245" ind1=" " ind2=" ">
        <subfield code="a">TECHNOLOGY AND IMPLEMENTING IN THE 2030 AGENDA FOR SUSTAINABLE DEVELOPMENT IN THE ARAB REGION : ECONOMIC AND SOCIAL COMMISSION FOR WESTERN ASIA (ESCWA), COMMITTEE ON TECHNOLOGY FOR DEVELOPMENT, FIRST SESSION, DUBAI, UNITED ARAB EMIRATES, 11 - 12 FEBRUARY 2017</subfield>
    </datafield>
    <datafield tag="246" ind1=" " ind2=" ">
        <subfield code="a">التكنولوجيا وتنفيذ خطة التنمية المستدامة 2030 في المنطقة العربية : اللجنة الاقتصادية والاجتماعية لغربي آسيا (الاسكوا)، لجنة التكنولوجيا من اجل التنمية الدورة الاولى، دبي، الامارات العربية المتحدة، 11 - 12 شباط/فبراير 2017</subfield>
    </datafield>
    <datafield tag="269" ind1=" " ind2=" ">
        <subfield code="a">20170125</subfield>
    </datafield>
    <datafield tag="650" ind1=" " ind2=" ">
        <subfield code="a">INFORMATION TECHNOLOGY</subfield>
        <subfield code="0">(DHLAUTH)272714</subfield>
    </datafield>
    <datafield tag="650" ind1=" " ind2=" ">
        <subfield code="a">PROGRAMME IMPLEMENTATION</subfield>
        <subfield code="0">(DHLAUTH)275794</subfield>
    </datafield>
    <datafield tag="650" ind1=" " ind2=" ">
        <subfield code="a">SUSTAINABLE DEVELOPMENT</subfield>
        <subfield code="0">(DHLAUTH)269920</subfield>
    </datafield>
    <datafield tag="650" ind1=" " ind2=" ">
        <subfield code="a">ARAB COUNTRIES</subfield>
        <subfield code="0">(DHLAUTH)268705</subfield>
    </datafield>
    <datafield tag="650" ind1=" " ind2=" ">
        <subfield code="a">INTERGOVERNMENTAL BODIES</subfield>
        <subfield code="0">(DHLAUTH)275766</subfield>
    </datafield>
    <datafield tag="650" ind1=" " ind2=" ">
        <subfield code="a">REGIONAL COMMISSIONS</subfield>
        <subfield code="0">(DHLAUTH)269969</subfield>
    </datafield>
    <datafield tag="650" ind1=" " ind2=" ">
        <subfield code="a">CONFERENCES</subfield>
        <subfield code="0">(DHLAUTH)275758</subfield>
    </datafield>
</record>
<record>
    <datafield tag="191" ind1=" " ind2=" ">
        <subfield code="a">E/ESCWA/TDD/2017/IG.1/9/REPORT</subfield>
    </datafield>
    <datafield tag="246" ind1=" " ind2=" ">
        <subfield code="a">تقرير لجنة التكنولوجيا من اجل التنمية عن دورتها الاولى، دبي، 11 و 12 شباط/فبراير 2017</subfield>
    </datafield>
    <datafield tag="269" ind1=" " ind2=" ">
        <subfield code="a">20170407</subfield>
    </datafield>
    <datafield tag="650" ind1=" " ind2=" ">
        <subfield code="a">INFORMATION TECHNOLOGY</subfield>
        <subfield code="0">(DHLAUTH)272714</subfield>
    </datafield>
    <datafield tag="650" ind1=" " ind2=" ">
        <subfield code="a">COMMUNICATION TECHNOLOGY</subfield>
        <subfield code="0">(DHLAUTH)272713</subfield>
    </datafield>
    <datafield tag="650" ind1=" " ind2=" ">
        <subfield code="a">SUBSIDIARY BODIES</subfield>
        <subfield code="0">(DHLAUTH)275818</subfield>
    </datafield>
    <datafield tag="650" ind1=" " ind2=" ">
        <subfield code="a">ECONOMIC DEVELOPMENT</subfield>
        <subfield code="0">(DHLAUTH)269755</subfield>
    </datafield>
    <datafield tag="650" ind1=" " ind2=" ">
        <subfield code="a">SUSTAINABLE DEVELOPMENT</subfield>
        <subfield code="0">(DHLAUTH)269920</subfield>
    </datafield>
    <datafield tag="650" ind1=" " ind2=" ">
        <subfield code="a">INNOVATIONS</subfield>
        <subfield code="0">(DHLAUTH)271352</subfield>
    </datafield>
    <datafield tag="650" ind1=" " ind2=" ">
        <subfield code="a">ARAB COUNTRIES</subfield>
        <subfield code="0">(DHLAUTH)268705</subfield>
    </datafield>
    <datafield tag="650" ind1=" " ind2=" ">
        <subfield code="a">CONFERENCES</subfield>
        <subfield code="0">(DHLAUTH)275758</subfield>
    </datafield>
</record>
<record>
    <datafield tag="191" ind1=" " ind2=" ">
        <subfield code="a">E/ESCWA/TDD/2017/IG.1/INF.1</subfield>
    </datafield>
    <datafield tag="246" ind1=" " ind2=" ">
        <subfield code="a">مذكرة توضيحية : اللجنة الاقتصادية والاجتماعية لغربي آسيا (الاسكوا)، لجنة التكنولوجيا من اجل التنمية، الدورة الاولى، دبي، الامارات العربية المتحدة، 11 - 12 شباط/فبراير 2017</subfield>
    </datafield>
    <datafield tag="269" ind1=" " ind2=" ">
        <subfield code="a">20170203</subfield>
    </datafield>
    <datafield tag="650" ind1=" " ind2=" ">
        <subfield code="a">INFORMATION TECHNOLOGY</subfield>
        <subfield code="0">(DHLAUTH)272714</subfield>
    </datafield>
    <datafield tag="650" ind1=" " ind2=" ">
        <subfield code="a">COMMUNICATION TECHNOLOGY</subfield>
        <subfield code="0">(DHLAUTH)272713</subfield>
    </datafield>
    <datafield tag="650" ind1=" " ind2=" ">
        <subfield code="a">DEVELOPMENT</subfield>
        <subfield code="0">(DHLAUTH)269844</subfield>
    </datafield>
    <datafield tag="650" ind1=" " ind2=" ">
        <subfield code="a">REGIONAL COMMISSIONS</subfield>
        <subfield code="0">(DHLAUTH)269969</subfield>
    </datafield>
    <datafield tag="650" ind1=" " ind2=" ">
        <subfield code="a">INTERGOVERNMENTAL BODIES</subfield>
        <subfield code="0">(DHLAUTH)275766</subfield>
    </datafield>
    <datafield tag="650" ind1=" " ind2=" ">
        <subfield code="a">CONFERENCES</subfield>
        <subfield code="0">(DHLAUTH)275758</subfield>
    </datafield>
    <datafield tag="650" ind1=" " ind2=" ">
        <subfield code="a">WESTERN ASIA</subfield>
        <subfield code="0">(DHLAUTH)275490</subfield>
    </datafield>
</record>
<record>
    <datafield tag="191" ind1=" " ind2=" ">
        <subfield code="a">E/ESCWA/TDD/2017/IG.1/INF.2</subfield>
    </datafield>
    <datafield tag="245" ind1=" " ind2=" ">
        <subfield code="a">LIST OF DOCUMENTS : ECONOMIC AND SOCIAL COMMISSION FOR WESTERN ASIA (ESCWA), COMMITTEE ON TECHNOLOGY FOR DEVELOPMENT, FIRST SESSION, DUBAI, UNITED ARAB EMIRATES, 11 - 12 FEBRUARY 2017</subfield>
    </datafield>
    <datafield tag="246" ind1=" " ind2=" ">
        <subfield code="a">قائمة بالوثائق : اللجنة الاقتصادية والاجتماعية لغربي آسيا (الاسكوا)، لجنة التكنولوجيا من اجل التنمية، الدورة الاولى، دبي، الامارات العربية المتحدة، 11 - 12 شباط/فبراير 2017 </subfield>
    </datafield>
    <datafield tag="269" ind1=" " ind2=" ">
        <subfield code="a">20170109</subfield>
    </datafield>
    <datafield tag="650" ind1=" " ind2=" ">
        <subfield code="a">INFORMATION TECHNOLOGY</subfield>
        <subfield code="0">(DHLAUTH)272714</subfield>
    </datafield>
    <datafield tag="650" ind1=" " ind2=" ">
        <subfield code="a">COMMUNICATION TECHNOLOGY</subfield>
        <subfield code="0">(DHLAUTH)272713</subfield>
    </datafield>
    <datafield tag="650" ind1=" " ind2=" ">
        <subfield code="a">DEVELOPMENT</subfield>
        <subfield code="0">(DHLAUTH)269844</subfield>
    </datafield>
    <datafield tag="650" ind1=" " ind2=" ">
        <subfield code="a">DOCUMENTS</subfield>
        <subfield code="0">(DHLAUTH)270014</subfield>
    </datafield>
    <datafield tag="650" ind1=" " ind2=" ">
        <subfield code="a">CONFERENCES</subfield>
        <subfield code="0">(DHLAUTH)275758</subfield>
    </datafield>
    <datafield tag="650" ind1=" " ind2=" ">
        <subfield code="a">REGIONAL COMMISSIONS</subfield>
        <subfield code="0">(DHLAUTH)269969</subfield>
    </datafield>
    <datafield tag="650" ind1=" " ind2=" ">
        <subfield code="a">WESTERN ASIA</subfield>
        <subfield code="0">(DHLAUTH)275490</subfield>
    </datafield>
</record>
<record>
    <datafield tag="191" ind1=" " ind2=" ">
        <subfield code="a">E/ESCWA/TDD/2017/IG.1/L.1</subfield>
    </datafield>
    <datafield tag="245" ind1=" " ind2=" ">
        <subfield code="a">PROVISIONAL AGENDA AND ANNOTATIONS : ECONOMIC AND SOCIAL COMMISSION FOR WESTERN ASIA (ESCWA), COMMITTEE ON TECHNOLOGY FOR DEVELOPMENT, FIRST SESSION, DUBAI, UNITED ARAB EMIRATES, 11 - 12 FEBRUARY 2017 </subfield>
    </datafield>
    <datafield tag="246" ind1=" " ind2=" ">
        <subfield code="a">جدول الاعمال المؤقت والشروح  : اللجنة الاقتصادية والاجتماعية لغربي آسيا (الاسكوا)، لجنة التكنولوجيا من اجل التنمية، الدورة الاولى، دبي، الامارات العربية المتحدة، 11 - 12 شباط/فبراير 2017</subfield>
    </datafield>
    <datafield tag="269" ind1=" " ind2=" ">
        <subfield code="a">20170109</subfield>
    </datafield>
    <datafield tag="650" ind1=" " ind2=" ">
        <subfield code="a">INFORMATION TECHNOLOGY</subfield>
        <subfield code="0">(DHLAUTH)272714</subfield>
    </datafield>
    <datafield tag="650" ind1=" " ind2=" ">
        <subfield code="a">COMMUNICATION TECHNOLOGY</subfield>
        <subfield code="0">(DHLAUTH)272713</subfield>
    </datafield>
    <datafield tag="650" ind1=" " ind2=" ">
        <subfield code="a">INTERGOVERNMENTAL BODIES</subfield>
        <subfield code="0">(DHLAUTH)275766</subfield>
    </datafield>
    <datafield tag="650" ind1=" " ind2=" ">
        <subfield code="a">CONFERENCES</subfield>
        <subfield code="0">(DHLAUTH)275758</subfield>
    </datafield>
    <datafield tag="650" ind1=" " ind2=" ">
        <subfield code="a">DEVELOPMENT</subfield>
        <subfield code="0">(DHLAUTH)269844</subfield>
    </datafield>
    <datafield tag="650" ind1=" " ind2=" ">
        <subfield code="a">WESTERN ASIA</subfield>
        <subfield code="0">(DHLAUTH)275490</subfield>
    </datafield>
    <datafield tag="650" ind1=" " ind2=" ">
        <subfield code="a">REGIONAL COMMISSIONS</subfield>
        <subfield code="0">(DHLAUTH)269969</subfield>
    </datafield>
    <datafield tag="650" ind1=" " ind2=" ">
        <subfield code="a">AGENDA</subfield>
        <subfield code="0">(DHLAUTH)275133</subfield>
    </datafield>
</record>
<record>
    <datafield tag="191" ind1=" " ind2=" ">
        <subfield code="a">E/ESCWA/TDD/2017/IG.1/L.2</subfield>
    </datafield>
    <datafield tag="245" ind1=" " ind2=" ">
        <subfield code="a">ORGANIZATION OF WORK : NOTE BY THE SECRETARIAT : ECONOMIC AND SOCIAL COMMISSION FOR WESTERN ASIA (ESCWA), COMMITTEE ON TECHNOLOGY FOR DEVELOPMENT, FIRST SESSION, DUBAI, UNITED ARAB EMIRATES, 11 - 12 FEBRUARY 2017</subfield>
    </datafield>
    <datafield tag="246" ind1=" " ind2=" ">
        <subfield code="a">تنظيم الاعمال : مذكرة من الامانة التنفيذية : اللجنة الاقتصادية والاجتماعية لغربي آسيا (الاسكوا)، لجنة التكنولوجيا من اجل التنمية، الدورة الاولى، دبي، الامارات العربية المتحدة، 11 - 12 شباط/فبراير 2017</subfield>
    </datafield>
    <datafield tag="269" ind1=" " ind2=" ">
        <subfield code="a">20170202</subfield>
    </datafield>
    <datafield tag="650" ind1=" " ind2=" ">
        <subfield code="a">INFORMATION TECHNOLOGY</subfield>
        <subfield code="0">(DHLAUTH)272714</subfield>
    </datafield>
    <datafield tag="650" ind1=" " ind2=" ">
        <subfield code="a">COMMUNICATION TECHNOLOGY</subfield>
        <subfield code="0">(DHLAUTH)272713</subfield>
    </datafield>
    <datafield tag="650" ind1=" " ind2=" ">
        <subfield code="a">WORK ORGANIZATION</subfield>
        <subfield code="0">(DHLAUTH)275746</subfield>
    </datafield>
    <datafield tag="650" ind1=" " ind2=" ">
        <subfield code="a">INTERGOVERNMENTAL BODIES</subfield>
        <subfield code="0">(DHLAUTH)275766</subfield>
    </datafield>
    <datafield tag="650" ind1=" " ind2=" ">
        <subfield code="a">CONFERENCES</subfield>
        <subfield code="0">(DHLAUTH)275758</subfield>
    </datafield>
    <datafield tag="650" ind1=" " ind2=" ">
        <subfield code="a">DEVELOPMENT</subfield>
        <subfield code="0">(DHLAUTH)269844</subfield>
    </datafield>
    <datafield tag="650" ind1=" " ind2=" ">
        <subfield code="a">WESTERN ASIA</subfield>
        <subfield code="0">(DHLAUTH)275490</subfield>
    </datafield>
</record>
<record>
    <datafield tag="191" ind1=" " ind2=" ">
        <subfield code="a">E/ESCWA/TDD/2017/WG.1/REPORT</subfield>
    </datafield>
    <datafield tag="245" ind1=" " ind2=" ">
        <subfield code="a">REPORT : EXPERT GROUP MEETING ON MECHANISMS TO ADVANCE INNOVATION FOR INCLUSIVE SUSTAINABLE DEVELOPMENT IN THE ARAB REGION : PROMOTING COLLABORATION AND BRIDGING GAPS, BEIRUT, 1 - 2 NOVEMBER 2016</subfield>
    </datafield>
    <datafield tag="246" ind1=" " ind2=" ">
        <subfield code="a">تقرير اجتماع الخبراء حول سبل تعزيز الابتكار من اجل التنمية المستدامة الشاملة في المنطقة العربية : تحفيز التعاون وجسر الفجوات، بيروت، 1 - 2 تشرين الثاني/نوفمبر 2016</subfield>
    </datafield>
    <datafield tag="269" ind1=" " ind2=" ">
        <subfield code="a">20170121</subfield>
    </datafield>
    <datafield tag="650" ind1=" " ind2=" ">
        <subfield code="a">INNOVATIONS</subfield>
        <subfield code="0">(DHLAUTH)271352</subfield>
    </datafield>
    <datafield tag="650" ind1=" " ind2=" ">
        <subfield code="a">SUSTAINABLE DEVELOPMENT</subfield>
        <subfield code="0">(DHLAUTH)269920</subfield>
    </datafield>
    <datafield tag="650" ind1=" " ind2=" ">
        <subfield code="a">RESEARCH AND DEVELOPMENT</subfield>
        <subfield code="0">(DHLAUTH)271949</subfield>
    </datafield>
    <datafield tag="650" ind1=" " ind2=" ">
        <subfield code="a">RESEARCH CENTRES</subfield>
        <subfield code="0">(DHLAUTH)271936</subfield>
    </datafield>
    <datafield tag="650" ind1=" " ind2=" ">
        <subfield code="a">UNIVERSITIES AND COLLEGES</subfield>
        <subfield code="0">(DHLAUTH)273940</subfield>
    </datafield>
    <datafield tag="650" ind1=" " ind2=" ">
        <subfield code="a">INTERNATIONAL ORGANIZATIONS</subfield>
        <subfield code="0">(DHLAUTH)268671</subfield>
    </datafield>
    <datafield tag="650" ind1=" " ind2=" ">
        <subfield code="a">REGIONAL ORGANIZATIONS</subfield>
        <subfield code="0">(DHLAUTH)268718</subfield>
    </datafield>
    <datafield tag="650" ind1=" " ind2=" ">
        <subfield code="a">REGIONAL COMMISSIONS</subfield>
        <subfield code="0">(DHLAUTH)269969</subfield>
    </datafield>
    <datafield tag="650" ind1=" " ind2=" ">
        <subfield code="a">ARAB COUNTRIES</subfield>
        <subfield code="0">(DHLAUTH)268705</subfield>
    </datafield>
    <datafield tag="650" ind1=" " ind2=" ">
        <subfield code="a">CONFERENCES</subfield>
        <subfield code="0">(DHLAUTH)275758</subfield>
    </datafield>
</record>
<record>
    <datafield tag="191" ind1=" " ind2=" ">
        <subfield code="a">E/ESCWA/TECH2002/WG.1/42</subfield>
    </datafield>
    <datafield tag="245" ind1=" " ind2=" ">
        <subfield code="a">TECHNOLOGICAL DEVELOPMENT AND POVERTY ALLEVIATION : CRUEL CHOICES OR POTENTIAL SYNERGIES</subfield>
    </datafield>
    <datafield tag="246" ind1=" " ind2=" ">
        <subfield code="a">Technological development and poverty alleviation : cruel choices or potential synergies</subfield>
    </datafield>
    <datafield tag="269" ind1=" " ind2=" ">
        <subfield code="a">20020731</subfield>
    </datafield>
    <datafield tag="650" ind1=" " ind2=" ">
        <subfield code="a">TECHNOLOGICAL CHANGE</subfield>
        <subfield code="0">(DHLAUTH)271841</subfield>
    </datafield>
    <datafield tag="650" ind1=" " ind2=" ">
        <subfield code="a">POVERTY MITIGATION</subfield>
        <subfield code="0">(DHLAUTH)274700</subfield>
    </datafield>
    <datafield tag="650" ind1=" " ind2=" ">
        <subfield code="a">ARAB COUNTRIES</subfield>
        <subfield code="0">(DHLAUTH)268705</subfield>
    </datafield>
    <datafield tag="650" ind1=" " ind2=" ">
        <subfield code="a">T0000743?</subfield>
        <subfield code="0">(DHLAUTH)?</subfield>
    </datafield>
    <datafield tag="650" ind1=" " ind2=" ">
        <subfield code="a">GLOBALIZATION</subfield>
        <subfield code="0">(DHLAUTH)276685</subfield>
    </datafield>
</record>
<record>
    <datafield tag="191" ind1=" " ind2=" ">
        <subfield code="a">E/ESCWA/TECH/1995/2</subfield>
    </datafield>
    <datafield tag="245" ind1=" " ind2=" ">
        <subfield code="a">TECHNO-ECONOMIC ASPECTS OF THE COMMERCIAL APPLICATIONS OF NEW MATERIALS TECHNOLOGIES IN THE ESCWA MEMBER COUNTRIES  </subfield>
    </datafield>
    <datafield tag="269" ind1=" " ind2=" ">
        <subfield code="a">19951130</subfield>
    </datafield>
    <datafield tag="650" ind1=" " ind2=" ">
        <subfield code="a">NEW MATERIALS</subfield>
        <subfield code="0">(DHLAUTH)272140</subfield>
    </datafield>
    <datafield tag="650" ind1=" " ind2=" ">
        <subfield code="a">NEW PRODUCTS</subfield>
        <subfield code="0">(DHLAUTH)271917</subfield>
    </datafield>
    <datafield tag="650" ind1=" " ind2=" ">
        <subfield code="a">NEW TECHNOLOGIES</subfield>
        <subfield code="0">(DHLAUTH)271842</subfield>
    </datafield>
    <datafield tag="650" ind1=" " ind2=" ">
        <subfield code="a">RESEARCH AND DEVELOPMENT</subfield>
        <subfield code="0">(DHLAUTH)271949</subfield>
    </datafield>
    <datafield tag="650" ind1=" " ind2=" ">
        <subfield code="a">CERAMICS</subfield>
        <subfield code="0">(DHLAUTH)272070</subfield>
    </datafield>
    <datafield tag="650" ind1=" " ind2=" ">
        <subfield code="a">CHEMICAL INDUSTRY</subfield>
        <subfield code="0">(DHLAUTH)272107</subfield>
    </datafield>
    <datafield tag="650" ind1=" " ind2=" ">
        <subfield code="a">CHEMICAL PLANTS</subfield>
        <subfield code="0">(DHLAUTH)271903</subfield>
    </datafield>
    <datafield tag="650" ind1=" " ind2=" ">
        <subfield code="a">INDUSTRIAL WORKERS</subfield>
        <subfield code="0">(DHLAUTH)271804</subfield>
    </datafield>
    <datafield tag="650" ind1=" " ind2=" ">
        <subfield code="a">HEALTH HAZARDS</subfield>
        <subfield code="0">(DHLAUTH)270847</subfield>
    </datafield>
    <datafield tag="650" ind1=" " ind2=" ">
        <subfield code="a">ENVIRONMENTAL DAMAGE</subfield>
        <subfield code="0">(DHLAUTH)270646</subfield>
    </datafield>
    <datafield tag="650" ind1=" " ind2=" ">
        <subfield code="a">ECONOMIC ASPECTS</subfield>
        <subfield code="0">(DHLAUTH)269753</subfield>
    </datafield>
    <datafield tag="650" ind1=" " ind2=" ">
        <subfield code="a">POLYMER AND PLASTICS TECHNOLOGY</subfield>
        <subfield code="0">(DHLAUTH)272353</subfield>
    </datafield>
</record>
<record>
    <datafield tag="191" ind1=" " ind2=" ">
        <subfield code="a">E/ESCWA/TECH/1995/3</subfield>
    </datafield>
    <datafield tag="245" ind1=" " ind2=" ">
        <subfield code="a">REVITALIZATION OF RESEARCH AND DEVELOPMENT IN THE ESCWA REGION</subfield>
    </datafield>
    <datafield tag="269" ind1=" " ind2=" ">
        <subfield code="a">19960117</subfield>
    </datafield>
    <datafield tag="650" ind1=" " ind2=" ">
        <subfield code="a">RESEARCH AND DEVELOPMENT</subfield>
        <subfield code="0">(DHLAUTH)271949</subfield>
    </datafield>
    <datafield tag="650" ind1=" " ind2=" ">
        <subfield code="a">RESEARCH CENTRES</subfield>
        <subfield code="0">(DHLAUTH)271936</subfield>
    </datafield>
    <datafield tag="650" ind1=" " ind2=" ">
        <subfield code="a">RECOMMENDATIONS</subfield>
        <subfield code="0">(DHLAUTH)275840</subfield>
    </datafield>
</record>
<record>
    <datafield tag="191" ind1=" " ind2=" ">
        <subfield code="a">E/ESCWA/TECH/1998/2</subfield>
    </datafield>
    <datafield tag="245" ind1=" " ind2=" ">
        <subfield code="a">REPORT OF THE EXPERT GROUP MEETING ON THE ASSESSMENT AND PROMOTION OF RESEARCH AND DEVELOPMENT IN THE ESCWA MEMBER COUNTRIES, 1-3 DECEMBER,1997, BEIRUT, LEBANON </subfield>
    </datafield>
    <datafield tag="269" ind1=" " ind2=" ">
        <subfield code="a">19980127</subfield>
    </datafield>
    <datafield tag="650" ind1=" " ind2=" ">
        <subfield code="a">RESEARCH AND DEVELOPMENT</subfield>
        <subfield code="0">(DHLAUTH)271949</subfield>
    </datafield>
    <datafield tag="650" ind1=" " ind2=" ">
        <subfield code="a">SCIENCE AND TECHNOLOGY</subfield>
        <subfield code="0">(DHLAUTH)275209</subfield>
    </datafield>
    <datafield tag="650" ind1=" " ind2=" ">
        <subfield code="a">WESTERN ASIA</subfield>
        <subfield code="0">(DHLAUTH)275490</subfield>
    </datafield>
    <datafield tag="650" ind1=" " ind2=" ">
        <subfield code="a">WORK ORGANIZATION</subfield>
        <subfield code="0">(DHLAUTH)275746</subfield>
    </datafield>
    <datafield tag="650" ind1=" " ind2=" ">
        <subfield code="a">AGENDA</subfield>
        <subfield code="0">(DHLAUTH)275133</subfield>
    </datafield>
    <datafield tag="650" ind1=" " ind2=" ">
        <subfield code="a">RECOMMENDATIONS</subfield>
        <subfield code="0">(DHLAUTH)275840</subfield>
    </datafield>
    <datafield tag="650" ind1=" " ind2=" ">
        <subfield code="a">CONFERENCES</subfield>
        <subfield code="0">(DHLAUTH)275758</subfield>
    </datafield>
</record>
<record>
    <datafield tag="191" ind1=" " ind2=" ">
        <subfield code="a">E/ESCWA/TECH/1999/8/REV.1</subfield>
    </datafield>
    <datafield tag="245" ind1=" " ind2=" ">
        <subfield code="a">PROCEEDINGS OF THE EXPERT GROUP MEETING ON SCIENCE AND TECHNOLOGY POLICIES AND STRATEGIES FOR THE TWENTY-FIRST CENTURY (BEIRUT, 10-12 MARCH 1999)</subfield>
    </datafield>
    <datafield tag="269" ind1=" " ind2=" ">
        <subfield code="a">19991227</subfield>
    </datafield>
    <datafield tag="650" ind1=" " ind2=" ">
        <subfield code="a">CONFERENCES</subfield>
        <subfield code="0">(DHLAUTH)275758</subfield>
    </datafield>
    <datafield tag="650" ind1=" " ind2=" ">
        <subfield code="a">RECOMMENDATIONS</subfield>
        <subfield code="0">(DHLAUTH)275840</subfield>
    </datafield>
    <datafield tag="650" ind1=" " ind2=" ">
        <subfield code="a">WORK ORGANIZATION</subfield>
        <subfield code="0">(DHLAUTH)275746</subfield>
    </datafield>
    <datafield tag="650" ind1=" " ind2=" ">
        <subfield code="a">PARTICIPANTS</subfield>
        <subfield code="0">(DHLAUTH)275785</subfield>
    </datafield>
    <datafield tag="650" ind1=" " ind2=" ">
        <subfield code="a">SCIENCE AND TECHNOLOGY POLICY</subfield>
        <subfield code="0">(DHLAUTH)275207</subfield>
    </datafield>
    <datafield tag="650" ind1=" " ind2=" ">
        <subfield code="a">TWENTY-FIRST CENTURY</subfield>
        <subfield code="0">(DHLAUTH)269106</subfield>
    </datafield>
    <datafield tag="650" ind1=" " ind2=" ">
        <subfield code="a">WESTERN ASIA</subfield>
        <subfield code="0">(DHLAUTH)275490</subfield>
    </datafield>
    <datafield tag="650" ind1=" " ind2=" ">
        <subfield code="a">REGIONAL COOPERATION</subfield>
        <subfield code="0">(DHLAUTH)268656</subfield>
    </datafield>
    <datafield tag="650" ind1=" " ind2=" ">
        <subfield code="a">BIOTECHNOLOGY</subfield>
        <subfield code="0">(DHLAUTH)272309</subfield>
    </datafield>
    <datafield tag="650" ind1=" " ind2=" ">
        <subfield code="a">GENDER</subfield>
        <subfield code="0">(DHLAUTH)444326</subfield>
    </datafield>
    <datafield tag="650" ind1=" " ind2=" ">
        <subfield code="a">KUWAIT</subfield>
        <subfield code="0">(DHLAUTH)273384</subfield>
    </datafield>
    <datafield tag="650" ind1=" " ind2=" ">
        <subfield code="a">LEBANON</subfield>
        <subfield code="0">(DHLAUTH)269069</subfield>
    </datafield>
</record>
<record>
    <datafield tag="191" ind1=" " ind2=" ">
        <subfield code="a">E/ESCWA/TECH/2000/3(A)</subfield>
    </datafield>
    <datafield tag="245" ind1=" " ind2=" ">
        <subfield code="a">SUBSTANTIVE REPORT: EXPERT GROUP MEETING ON COORDINATION OF TECHNOLOGY POLICIES TO INCREASE PRODUCTIVITY AND COMPETITIVENESS WITHIN THE GLOBAL CONTEXT: CAPACITY-BUILDING INITIATIVES FOR THE TWENTY-FIRST CENTURY.</subfield>
    </datafield>
    <datafield tag="269" ind1=" " ind2=" ">
        <subfield code="a">20001210</subfield>
    </datafield>
    <datafield tag="650" ind1=" " ind2=" ">
        <subfield code="a">SCIENCE AND TECHNOLOGY POLICY</subfield>
        <subfield code="0">(DHLAUTH)275207</subfield>
    </datafield>
    <datafield tag="650" ind1=" " ind2=" ">
        <subfield code="a">CAPACITY BUILDING</subfield>
        <subfield code="0">(DHLAUTH)276636</subfield>
    </datafield>
    <datafield tag="650" ind1=" " ind2=" ">
        <subfield code="a">WORK ORGANIZATION</subfield>
        <subfield code="0">(DHLAUTH)275746</subfield>
    </datafield>
    <datafield tag="650" ind1=" " ind2=" ">
        <subfield code="a">ACTIVITIES</subfield>
        <subfield code="0">(DHLAUTH)275823</subfield>
    </datafield>
    <datafield tag="650" ind1=" " ind2=" ">
        <subfield code="a">RECOMMENDATIONS</subfield>
        <subfield code="0">(DHLAUTH)275840</subfield>
    </datafield>
    <datafield tag="650" ind1=" " ind2=" ">
        <subfield code="a">DOCUMENTS</subfield>
        <subfield code="0">(DHLAUTH)270014</subfield>
    </datafield>
</record>
<record>
    <datafield tag="191" ind1=" " ind2=" ">
        <subfield code="a">E/ESCWA/TECH/2001/1(A)</subfield>
    </datafield>
    <datafield tag="245" ind1=" " ind2=" ">
        <subfield code="a">TECHNOLOGY CAPACITY-BUILDING INITIATIVES FOR THE TWENTY-FIRST CENTURY IN THE ESCWA MEMBER COUNTRIES</subfield>
    </datafield>
    <datafield tag="269" ind1=" " ind2=" ">
        <subfield code="a">20010607</subfield>
    </datafield>
    <datafield tag="650" ind1=" " ind2=" ">
        <subfield code="a">CAPACITY BUILDING</subfield>
        <subfield code="0">(DHLAUTH)276636</subfield>
    </datafield>
    <datafield tag="650" ind1=" " ind2=" ">
        <subfield code="a">SCIENCE AND TECHNOLOGY POLICY</subfield>
        <subfield code="0">(DHLAUTH)275207</subfield>
    </datafield>
    <datafield tag="650" ind1=" " ind2=" ">
        <subfield code="a">INSTITUTION BUILDING</subfield>
        <subfield code="0">(DHLAUTH)269946</subfield>
    </datafield>
    <datafield tag="650" ind1=" " ind2=" ">
        <subfield code="a">HUMAN RESOURCES</subfield>
        <subfield code="0">(DHLAUTH)270571</subfield>
    </datafield>
    <datafield tag="650" ind1=" " ind2=" ">
        <subfield code="a">HUMAN DEVELOPMENT</subfield>
        <subfield code="0">(DHLAUTH)276688</subfield>
    </datafield>
    <datafield tag="650" ind1=" " ind2=" ">
        <subfield code="a">WESTERN ASIA</subfield>
        <subfield code="0">(DHLAUTH)275490</subfield>
    </datafield>
</record>
<record>
    <datafield tag="191" ind1=" " ind2=" ">
        <subfield code="a">E/ESCWA/TECH/2002/1/REV.1(A)</subfield>
    </datafield>
    <datafield tag="246" ind1=" " ind2=" ">
        <subfield code="a">تقرير الإجتماع الاول للجنة الإستشارية للتنمية العلمية والتكنولوجية والابتكار التكنولوجي, بيروت, 18 تموز/يوليو 2002</subfield>
    </datafield>
    <datafield tag="269" ind1=" " ind2=" ">
        <subfield code="a">20030611</subfield>
    </datafield>
    <datafield tag="650" ind1=" " ind2=" ">
        <subfield code="a">TECHNOLOGICAL INNOVATIONS</subfield>
        <subfield code="0">(DHLAUTH)271354</subfield>
    </datafield>
    <datafield tag="650" ind1=" " ind2=" ">
        <subfield code="a">SCIENCE</subfield>
        <subfield code="0">(DHLAUTH)270693</subfield>
    </datafield>
    <datafield tag="650" ind1=" " ind2=" ">
        <subfield code="a">WORK ORGANIZATION</subfield>
        <subfield code="0">(DHLAUTH)275746</subfield>
    </datafield>
    <datafield tag="650" ind1=" " ind2=" ">
        <subfield code="a">PARTICIPANTS</subfield>
        <subfield code="0">(DHLAUTH)275785</subfield>
    </datafield>
    <datafield tag="650" ind1=" " ind2=" ">
        <subfield code="a">DOCUMENTS</subfield>
        <subfield code="0">(DHLAUTH)270014</subfield>
    </datafield>
    <datafield tag="650" ind1=" " ind2=" ">
        <subfield code="a">RECOMMENDATIONS</subfield>
        <subfield code="0">(DHLAUTH)275840</subfield>
    </datafield>
    <datafield tag="650" ind1=" " ind2=" ">
        <subfield code="a">CONFERENCES</subfield>
        <subfield code="0">(DHLAUTH)275758</subfield>
    </datafield>
    <datafield tag="650" ind1=" " ind2=" ">
        <subfield code="a">WESTERN ASIA</subfield>
        <subfield code="0">(DHLAUTH)275490</subfield>
    </datafield>
</record>
<record>
    <datafield tag="191" ind1=" " ind2=" ">
        <subfield code="a">E/ESCWA/TRANS/1995/2</subfield>
    </datafield>
    <datafield tag="245" ind1=" " ind2=" ">
        <subfield code="a">ESCWA REGIONAL STRATEGY FOR MULTIMODAL TRANSPORT DEVELOPMENT</subfield>
    </datafield>
    <datafield tag="246" ind1=" " ind2=" ">
        <subfield code="a">استراتيجية الاسكوا الاقليمية لتطوير النقل المتعدد الوسائط</subfield>
    </datafield>
    <datafield tag="269" ind1=" " ind2=" ">
        <subfield code="a">19950418</subfield>
    </datafield>
    <datafield tag="650" ind1=" " ind2=" ">
        <subfield code="a">MULTIMODAL TRANSPORT</subfield>
        <subfield code="0">(DHLAUTH)272480</subfield>
    </datafield>
    <datafield tag="650" ind1=" " ind2=" ">
        <subfield code="a">TRANSPORT INFRASTRUCTURE</subfield>
        <subfield code="0">(DHLAUTH)272281</subfield>
    </datafield>
    <datafield tag="650" ind1=" " ind2=" ">
        <subfield code="a">MERCHANT MARINE</subfield>
        <subfield code="0">(DHLAUTH)272626</subfield>
    </datafield>
    <datafield tag="650" ind1=" " ind2=" ">
        <subfield code="a">ROAD NETWORKS</subfield>
        <subfield code="0">(DHLAUTH)272501</subfield>
    </datafield>
    <datafield tag="650" ind1=" " ind2=" ">
        <subfield code="a">TRANSPORT STATISTICS</subfield>
        <subfield code="0">(DHLAUTH)270202</subfield>
    </datafield>
    <datafield tag="650" ind1=" " ind2=" ">
        <subfield code="a">INFORMATION EXCHANGE</subfield>
        <subfield code="0">(DHLAUTH)275144</subfield>
    </datafield>
    <datafield tag="650" ind1=" " ind2=" ">
        <subfield code="a">ARAB COUNTRIES</subfield>
        <subfield code="0">(DHLAUTH)268705</subfield>
    </datafield>
</record>
<record>
    <datafield tag="191" ind1=" " ind2=" ">
        <subfield code="a">E/ESCWA/TRANS/1995/3</subfield>
    </datafield>
    <datafield tag="246" ind1=" " ind2=" ">
        <subfield code="a">تداول البضائع في الموانئ المصرية تقرير عن المهمة الاستشارية الى وزارة قطاع الاعمال العام جمهورية مصر العربية</subfield>
    </datafield>
    <datafield tag="269" ind1=" " ind2=" ">
        <subfield code="a">19950625</subfield>
    </datafield>
    <datafield tag="650" ind1=" " ind2=" ">
        <subfield code="a">ADVISORY SERVICES</subfield>
        <subfield code="0">(DHLAUTH)269860</subfield>
    </datafield>
    <datafield tag="650" ind1=" " ind2=" ">
        <subfield code="a">GOODS TRANSPORT</subfield>
        <subfield code="0">(DHLAUTH)272477</subfield>
    </datafield>
    <datafield tag="650" ind1=" " ind2=" ">
        <subfield code="a">PORTS</subfield>
        <subfield code="0">(DHLAUTH)270888</subfield>
    </datafield>
    <datafield tag="650" ind1=" " ind2=" ">
        <subfield code="a">PORT MANAGEMENT</subfield>
        <subfield code="0">(DHLAUTH)272675</subfield>
    </datafield>
    <datafield tag="650" ind1=" " ind2=" ">
        <subfield code="a">CONTAINERS</subfield>
        <subfield code="0">(DHLAUTH)272632</subfield>
    </datafield>
    <datafield tag="650" ind1=" " ind2=" ">
        <subfield code="a">FINANCIAL ASPECTS</subfield>
        <subfield code="0">(DHLAUTH)275767</subfield>
    </datafield>
</record>
<record>
    <datafield tag="191" ind1=" " ind2=" ">
        <subfield code="a">E/ESCWA/TRANS/1995/4</subfield>
    </datafield>
    <datafield tag="246" ind1=" " ind2=" ">
        <subfield code="a">الهيكل التنظيمي لقطاع النقل تقرير عن المهمة الاستشارية الى وزارة النقل والمواصلات السلطة الوطنية الفلسطينية (خلال الفترة من 5-12 ايلول/سبتمبر 1995)</subfield>
    </datafield>
    <datafield tag="269" ind1=" " ind2=" ">
        <subfield code="a">19951205</subfield>
    </datafield>
    <datafield tag="650" ind1=" " ind2=" ">
        <subfield code="a">ADVISORY SERVICES</subfield>
        <subfield code="0">(DHLAUTH)269860</subfield>
    </datafield>
    <datafield tag="650" ind1=" " ind2=" ">
        <subfield code="a">TRANSPORT REGULATIONS</subfield>
        <subfield code="0">(DHLAUTH)272488</subfield>
    </datafield>
    <datafield tag="650" ind1=" " ind2=" ">
        <subfield code="a">COMMUNICATIONS</subfield>
        <subfield code="0">(DHLAUTH)272411</subfield>
    </datafield>
    <datafield tag="650" ind1=" " ind2=" ">
        <subfield code="a">ORGANIZATIONAL STRUCTURE</subfield>
        <subfield code="0">(DHLAUTH)272030</subfield>
    </datafield>
    <datafield tag="650" ind1=" " ind2=" ">
        <subfield code="a">HUMAN RESOURCES</subfield>
        <subfield code="0">(DHLAUTH)270571</subfield>
    </datafield>
    <datafield tag="650" ind1=" " ind2=" ">
        <subfield code="a">WESTERN ASIA</subfield>
        <subfield code="0">(DHLAUTH)275490</subfield>
    </datafield>
    <datafield tag="650" ind1=" " ind2=" ">
        <subfield code="a">PALESTINE</subfield>
        <subfield code="0">(DHLAUTH)277398</subfield>
    </datafield>
</record>
<record>
    <datafield tag="191" ind1=" " ind2=" ">
        <subfield code="a">E/ESCWA/TRANS/1995/5</subfield>
    </datafield>
    <datafield tag="246" ind1=" " ind2=" ">
        <subfield code="a">تقرير عن المهمة الاستشارية الى وزارة المواصلات, المملكة العربية السعودية خلال الفترة 20 ايلول/سبتمبر الى  11 تشرين الاول/اكتوبر 1995 : قاعدة معلومات قطاع النقل وموضوعات اخرى</subfield>
    </datafield>
    <datafield tag="269" ind1=" " ind2=" ">
        <subfield code="a">19951218</subfield>
    </datafield>
    <datafield tag="650" ind1=" " ind2=" ">
        <subfield code="a">DATABASES</subfield>
        <subfield code="0">(DHLAUTH)275124</subfield>
    </datafield>
    <datafield tag="650" ind1=" " ind2=" ">
        <subfield code="a">ADVISORY SERVICES</subfield>
        <subfield code="0">(DHLAUTH)269860</subfield>
    </datafield>
    <datafield tag="650" ind1=" " ind2=" ">
        <subfield code="a">ROAD TRANSPORT</subfield>
        <subfield code="0">(DHLAUTH)9060</subfield>
    </datafield>
    <datafield tag="650" ind1=" " ind2=" ">
        <subfield code="a">TRUCKS</subfield>
        <subfield code="0">(DHLAUTH)272564</subfield>
    </datafield>
    <datafield tag="650" ind1=" " ind2=" ">
        <subfield code="a">TRANSPORT POLICY</subfield>
        <subfield code="0">(DHLAUTH)269936</subfield>
    </datafield>
    <datafield tag="650" ind1=" " ind2=" ">
        <subfield code="a">WAGES</subfield>
        <subfield code="0">(DHLAUTH)269809</subfield>
    </datafield>
    <datafield tag="650" ind1=" " ind2=" ">
        <subfield code="a">TRANSPORT COSTS</subfield>
        <subfield code="0">(DHLAUTH)272246</subfield>
    </datafield>
    <datafield tag="650" ind1=" " ind2=" ">
        <subfield code="a">ENVIRONMENTAL PROTECTION</subfield>
        <subfield code="0">(DHLAUTH)270598</subfield>
    </datafield>
    <datafield tag="650" ind1=" " ind2=" ">
        <subfield code="a">TRANSPORT STATISTICS</subfield>
        <subfield code="0">(DHLAUTH)270202</subfield>
    </datafield>
    <datafield tag="650" ind1=" " ind2=" ">
        <subfield code="a">SAUDI ARABIA</subfield>
        <subfield code="0">(DHLAUTH)273464</subfield>
    </datafield>
</record>
<record>
    <datafield tag="191" ind1=" " ind2=" ">
        <subfield code="a">E/ESCWA/ENR/1995/9</subfield>
    </datafield>
    <datafield tag="191" ind1=" " ind2=" ">
        <subfield code="a">E/ESCWA/TRANS/1995/7</subfield>
    </datafield>
    <datafield tag="246" ind1=" " ind2=" ">
        <subfield code="a">احصاءات استهلاكات الطاقة في قطاع النقل في المملكة الاردنية الهاشمية تقرير عن المهمة الإستشارية الى وزارة الطاقة والثروة المعدنية خلال الفترة 6-23 تشرين الثاني /نوفمبر 1995</subfield>
    </datafield>
    <datafield tag="269" ind1=" " ind2=" ">
        <subfield code="a">19951220</subfield>
    </datafield>
    <datafield tag="650" ind1=" " ind2=" ">
        <subfield code="a">ADVISORY SERVICES</subfield>
        <subfield code="0">(DHLAUTH)269860</subfield>
    </datafield>
    <datafield tag="650" ind1=" " ind2=" ">
        <subfield code="a">ENERGY CONSUMPTION</subfield>
        <subfield code="0">(DHLAUTH)269578</subfield>
    </datafield>
    <datafield tag="650" ind1=" " ind2=" ">
        <subfield code="a">TRANSPORT AGREEMENTS</subfield>
        <subfield code="0">(DHLAUTH)581346</subfield>
    </datafield>
    <datafield tag="650" ind1=" " ind2=" ">
        <subfield code="a">RECOMMENDATIONS</subfield>
        <subfield code="0">(DHLAUTH)275840</subfield>
    </datafield>
    <datafield tag="650" ind1=" " ind2=" ">
        <subfield code="a">JORDAN</subfield>
        <subfield code="0">(DHLAUTH)269099</subfield>
    </datafield>
</record>
<record>
    <datafield tag="191" ind1=" " ind2=" ">
        <subfield code="a">E/ESCWA/TRANS/1995/8</subfield>
    </datafield>
    <datafield tag="246" ind1=" " ind2=" ">
        <subfield code="a">تقرير عن المهمة الاستشارية الى وزارة قطاع الاعمال العام جمهورية مصر العربية وثيقة مشروع لانشاء وحدة تنسيق واعادة هيكلة الشركات العاملة في قطاع النقل خلال الفترة 1 - 7 كانون الاول/ ديسمبر 1995</subfield>
    </datafield>
    <datafield tag="269" ind1=" " ind2=" ">
        <subfield code="a">19951231</subfield>
    </datafield>
    <datafield tag="650" ind1=" " ind2=" ">
        <subfield code="a">TRANSPORT ECONOMICS</subfield>
        <subfield code="0">(DHLAUTH)269609</subfield>
    </datafield>
    <datafield tag="650" ind1=" " ind2=" ">
        <subfield code="a">BUSINESS ENTERPRISES</subfield>
        <subfield code="0">(DHLAUTH)269199</subfield>
    </datafield>
    <datafield tag="650" ind1=" " ind2=" ">
        <subfield code="a">ADVISORY SERVICES</subfield>
        <subfield code="0">(DHLAUTH)269860</subfield>
    </datafield>
    <datafield tag="650" ind1=" " ind2=" ">
        <subfield code="a">EGYPT</subfield>
        <subfield code="0">(DHLAUTH)273328</subfield>
    </datafield>
</record>
<record>
    <datafield tag="191" ind1=" " ind2=" ">
        <subfield code="a">E/ESCWA/TRANS/1995/9</subfield>
    </datafield>
    <datafield tag="245" ind1=" " ind2=" ">
        <subfield code="a">A PORT PRICING MODEL FOR THE ESCWA REGION</subfield>
    </datafield>
    <datafield tag="269" ind1=" " ind2=" ">
        <subfield code="a">19951224</subfield>
    </datafield>
    <datafield tag="650" ind1=" " ind2=" ">
        <subfield code="a">COMPUTER APPLICATIONS</subfield>
        <subfield code="0">(DHLAUTH)271864</subfield>
    </datafield>
    <datafield tag="650" ind1=" " ind2=" ">
        <subfield code="a">TRANSPORT</subfield>
        <subfield code="0">(DHLAUTH)272243</subfield>
    </datafield>
    <datafield tag="650" ind1=" " ind2=" ">
        <subfield code="a">PRICES</subfield>
        <subfield code="0">(DHLAUTH)269707</subfield>
    </datafield>
    <datafield tag="650" ind1=" " ind2=" ">
        <subfield code="a">AQABA (JORDAN)</subfield>
        <subfield code="0">(DHLAUTH)585726</subfield>
    </datafield>
    <datafield tag="650" ind1=" " ind2=" ">
        <subfield code="a">COSTS</subfield>
        <subfield code="0">(DHLAUTH)269595</subfield>
    </datafield>
</record>
<record>
    <datafield tag="191" ind1=" " ind2=" ">
        <subfield code="a">E/ESCWA/TRANS/1997/5</subfield>
    </datafield>
    <datafield tag="246" ind1=" " ind2=" ">
        <subfield code="a">تقييم الإجراءات المطبقة حاليا بشأن عبور الحدود وإتفاقات نقل السلع والأشخاص</subfield>
    </datafield>
    <datafield tag="269" ind1=" " ind2=" ">
        <subfield code="a">19971207</subfield>
    </datafield>
    <datafield tag="650" ind1=" " ind2=" ">
        <subfield code="a">BORDER TRAFFIC</subfield>
        <subfield code="0">(DHLAUTH)269452</subfield>
    </datafield>
    <datafield tag="650" ind1=" " ind2=" ">
        <subfield code="a">TRANSIT CONVENTIONS</subfield>
        <subfield code="0">(DHLAUTH)272474</subfield>
    </datafield>
    <datafield tag="650" ind1=" " ind2=" ">
        <subfield code="a">TRANSIT</subfield>
        <subfield code="0">(DHLAUTH)269566</subfield>
    </datafield>
    <datafield tag="650" ind1=" " ind2=" ">
        <subfield code="a">BOUNDARIES</subfield>
        <subfield code="0">(DHLAUTH)269447</subfield>
    </datafield>
    <datafield tag="650" ind1=" " ind2=" ">
        <subfield code="a">SPECIFICATIONS</subfield>
        <subfield code="0">(DHLAUTH)271958</subfield>
    </datafield>
    <datafield tag="650" ind1=" " ind2=" ">
        <subfield code="a">ROAD TRANSPORT</subfield>
        <subfield code="0">(DHLAUTH)9060</subfield>
    </datafield>
    <datafield tag="650" ind1=" " ind2=" ">
        <subfield code="a">INFORMATION SYSTEMS</subfield>
        <subfield code="0">(DHLAUTH)272026</subfield>
    </datafield>
    <datafield tag="650" ind1=" " ind2=" ">
        <subfield code="a">ARAB COUNTRIES</subfield>
        <subfield code="0">(DHLAUTH)268705</subfield>
    </datafield>
    <datafield tag="650" ind1=" " ind2=" ">
        <subfield code="a">WESTERN ASIA</subfield>
        <subfield code="0">(DHLAUTH)275490</subfield>
    </datafield>
    <datafield tag="650" ind1=" " ind2=" ">
        <subfield code="a">GOODS TRANSPORT</subfield>
        <subfield code="0">(DHLAUTH)272477</subfield>
    </datafield>
    <datafield tag="650" ind1=" " ind2=" ">
        <subfield code="a">TRANSPORT AGREEMENTS</subfield>
        <subfield code="0">(DHLAUTH)581346</subfield>
    </datafield>
</record>
<record>
    <datafield tag="191" ind1=" " ind2=" ">
        <subfield code="a">E/ESCWA/TRANS/1997/6</subfield>
    </datafield>
    <datafield tag="246" ind1=" " ind2=" ">
        <subfield code="a">تقرير إجتماع الخبراء المعني بالنقل المتعدد الوسائط إعادة الهيكلة الإقتصادية للموانىء و الإتجاهات العالمية بيروت 27-29 تشرين الأول/أكتوبر 1997</subfield>
    </datafield>
    <datafield tag="269" ind1=" " ind2=" ">
        <subfield code="a">19971223</subfield>
    </datafield>
    <datafield tag="650" ind1=" " ind2=" ">
        <subfield code="a">MULTIMODAL TRANSPORT</subfield>
        <subfield code="0">(DHLAUTH)272480</subfield>
    </datafield>
    <datafield tag="650" ind1=" " ind2=" ">
        <subfield code="a">PORTS</subfield>
        <subfield code="0">(DHLAUTH)270888</subfield>
    </datafield>
    <datafield tag="650" ind1=" " ind2=" ">
        <subfield code="a">RECOMMENDATIONS</subfield>
        <subfield code="0">(DHLAUTH)275840</subfield>
    </datafield>
    <datafield tag="650" ind1=" " ind2=" ">
        <subfield code="a">WORK ORGANIZATION</subfield>
        <subfield code="0">(DHLAUTH)275746</subfield>
    </datafield>
    <datafield tag="650" ind1=" " ind2=" ">
        <subfield code="a">WESTERN ASIA</subfield>
        <subfield code="0">(DHLAUTH)275490</subfield>
    </datafield>
    <datafield tag="650" ind1=" " ind2=" ">
        <subfield code="a">TRANSPORT ECONOMICS</subfield>
        <subfield code="0">(DHLAUTH)269609</subfield>
    </datafield>
    <datafield tag="650" ind1=" " ind2=" ">
        <subfield code="a">AGENDA</subfield>
        <subfield code="0">(DHLAUTH)275133</subfield>
    </datafield>
</record>
<record>
    <datafield tag="191" ind1=" " ind2=" ">
        <subfield code="a">E/ESCWA/TRANS/1997/7</subfield>
    </datafield>
    <datafield tag="245" ind1=" " ind2=" ">
        <subfield code="a">REPORT OF THE EXPERT GROUP MEETING ON INTRA-INTERREGIONAL TRANSPORT AND INFRASTRUCTURES BEIRUT,18-21 NOVEMBER 1997</subfield>
    </datafield>
    <datafield tag="269" ind1=" " ind2=" ">
        <subfield code="a">19971223</subfield>
    </datafield>
    <datafield tag="650" ind1=" " ind2=" ">
        <subfield code="a">WORK ORGANIZATION</subfield>
        <subfield code="0">(DHLAUTH)275746</subfield>
    </datafield>
    <datafield tag="650" ind1=" " ind2=" ">
        <subfield code="a">CONFERENCES</subfield>
        <subfield code="0">(DHLAUTH)275758</subfield>
    </datafield>
    <datafield tag="650" ind1=" " ind2=" ">
        <subfield code="a">RECOMMENDATIONS</subfield>
        <subfield code="0">(DHLAUTH)275840</subfield>
    </datafield>
    <datafield tag="650" ind1=" " ind2=" ">
        <subfield code="a">PARTICIPANTS</subfield>
        <subfield code="0">(DHLAUTH)275785</subfield>
    </datafield>
    <datafield tag="650" ind1=" " ind2=" ">
        <subfield code="a">TRANSPORT INFRASTRUCTURE</subfield>
        <subfield code="0">(DHLAUTH)272281</subfield>
    </datafield>
    <datafield tag="650" ind1=" " ind2=" ">
        <subfield code="a">INTERREGIONAL PROGRAMMES</subfield>
        <subfield code="0">(DHLAUTH)275796</subfield>
    </datafield>
    <datafield tag="650" ind1=" " ind2=" ">
        <subfield code="a">ACTIVITIES</subfield>
        <subfield code="0">(DHLAUTH)275823</subfield>
    </datafield>
</record>
<record>
    <datafield tag="191" ind1=" " ind2=" ">
        <subfield code="a">E/ESCWA/TRANS/1998/2</subfield>
    </datafield>
    <datafield tag="246" ind1=" " ind2=" ">
        <subfield code="a">التقرير النهائي</subfield>
    </datafield>
    <datafield tag="269" ind1=" " ind2=" ">
        <subfield code="a">19990201</subfield>
    </datafield>
    <datafield tag="650" ind1=" " ind2=" ">
        <subfield code="a">CONFERENCES</subfield>
        <subfield code="0">(DHLAUTH)275758</subfield>
    </datafield>
    <datafield tag="650" ind1=" " ind2=" ">
        <subfield code="a">ECONOMIC REFORM</subfield>
        <subfield code="0">(DHLAUTH)269938</subfield>
    </datafield>
    <datafield tag="650" ind1=" " ind2=" ">
        <subfield code="a">GLOBALIZATION</subfield>
        <subfield code="0">(DHLAUTH)276685</subfield>
    </datafield>
    <datafield tag="650" ind1=" " ind2=" ">
        <subfield code="a">TRANSPORT POLICY</subfield>
        <subfield code="0">(DHLAUTH)269936</subfield>
    </datafield>
    <datafield tag="650" ind1=" " ind2=" ">
        <subfield code="a">TRADE ADJUSTMENT ASSISTANCE</subfield>
        <subfield code="0">(DHLAUTH)269788</subfield>
    </datafield>
</record>
<record>
    <datafield tag="191" ind1=" " ind2=" ">
        <subfield code="a">E/ESCWA/TRANS/1999/2</subfield>
    </datafield>
    <datafield tag="246" ind1=" " ind2=" ">
        <subfield code="a">تقرير إجتماع خبراء حول إتفاقية منظمة التجارة العالمية في مجال خدمات النقل البحري والجوي في المنطقة العربية بيروت 9-11 حزيران/يونيو 1999</subfield>
    </datafield>
    <datafield tag="269" ind1=" " ind2=" ">
        <subfield code="a">19990812</subfield>
    </datafield>
    <datafield tag="650" ind1=" " ind2=" ">
        <subfield code="a">MARITIME TRANSPORT</subfield>
        <subfield code="0">(DHLAUTH)272479</subfield>
    </datafield>
    <datafield tag="650" ind1=" " ind2=" ">
        <subfield code="a">AIR TRANSPORT</subfield>
        <subfield code="0">(DHLAUTH)268919</subfield>
    </datafield>
    <datafield tag="650" ind1=" " ind2=" ">
        <subfield code="a">CONFERENCES</subfield>
        <subfield code="0">(DHLAUTH)275758</subfield>
    </datafield>
    <datafield tag="650" ind1=" " ind2=" ">
        <subfield code="a">ACTIVITIES</subfield>
        <subfield code="0">(DHLAUTH)275823</subfield>
    </datafield>
    <datafield tag="650" ind1=" " ind2=" ">
        <subfield code="a">ARAB COUNTRIES</subfield>
        <subfield code="0">(DHLAUTH)268705</subfield>
    </datafield>
    <datafield tag="650" ind1=" " ind2=" ">
        <subfield code="a">TRADE IN SERVICES</subfield>
        <subfield code="0">(DHLAUTH)272229</subfield>
    </datafield>
    <datafield tag="650" ind1=" " ind2=" ">
        <subfield code="a">WESTERN ASIA</subfield>
        <subfield code="0">(DHLAUTH)275490</subfield>
    </datafield>
</record>
<record>
    <datafield tag="191" ind1=" " ind2=" ">
        <subfield code="a">E/ESCWA/TRANS/1999/7</subfield>
    </datafield>
    <datafield tag="246" ind1=" " ind2=" ">
        <subfield code="a">تطبيق التبادل الإلكتروني للبيانات EDI ومعايير الأمم المتحدة لتسهيل الإدارة والتجارة والنقل UN/EDIFACT في منطقة الأسكوا</subfield>
    </datafield>
    <datafield tag="269" ind1=" " ind2=" ">
        <subfield code="a">19991209</subfield>
    </datafield>
    <datafield tag="650" ind1=" " ind2=" ">
        <subfield code="a">UNITED ARAB EMIRATES</subfield>
        <subfield code="0">(DHLAUTH)275604</subfield>
    </datafield>
    <datafield tag="650" ind1=" " ind2=" ">
        <subfield code="a">SYRIAN ARAB REPUBLIC</subfield>
        <subfield code="0">(DHLAUTH)273496</subfield>
    </datafield>
    <datafield tag="650" ind1=" " ind2=" ">
        <subfield code="a">LEBANON</subfield>
        <subfield code="0">(DHLAUTH)269069</subfield>
    </datafield>
    <datafield tag="650" ind1=" " ind2=" ">
        <subfield code="a">JORDAN</subfield>
        <subfield code="0">(DHLAUTH)269099</subfield>
    </datafield>
    <datafield tag="650" ind1=" " ind2=" ">
        <subfield code="a">ELECTRONIC COMMERCE</subfield>
        <subfield code="0">(DHLAUTH)476422</subfield>
    </datafield>
    <datafield tag="650" ind1=" " ind2=" ">
        <subfield code="a">TRADE DATA INTERCHANGE</subfield>
        <subfield code="0">(DHLAUTH)272905</subfield>
    </datafield>
    <datafield tag="650" ind1=" " ind2=" ">
        <subfield code="a">COMPUTERS</subfield>
        <subfield code="0">(DHLAUTH)271865</subfield>
    </datafield>
    <datafield tag="650" ind1=" " ind2=" ">
        <subfield code="a">LAW</subfield>
        <subfield code="0">(DHLAUTH)269174</subfield>
    </datafield>
    <datafield tag="650" ind1=" " ind2=" ">
        <subfield code="a">T0006394?</subfield>
        <subfield code="0">(DHLAUTH)?</subfield>
    </datafield>
    <datafield tag="650" ind1=" " ind2=" ">
        <subfield code="a">WESTERN ASIA</subfield>
        <subfield code="0">(DHLAUTH)275490</subfield>
    </datafield>
    <datafield tag="650" ind1=" " ind2=" ">
        <subfield code="a">COMMUNICATION SYSTEMS</subfield>
        <subfield code="0">(DHLAUTH)272722</subfield>
    </datafield>
</record>
<record>
    <datafield tag="191" ind1=" " ind2=" ">
        <subfield code="a">E/ESCWA/TRANS/1999/9(A)</subfield>
    </datafield>
    <datafield tag="269" ind1=" " ind2=" ">
        <subfield code="a">19991207</subfield>
    </datafield>
    <datafield tag="650" ind1=" " ind2=" ">
        <subfield code="a">TRADE DATA INTERCHANGE</subfield>
        <subfield code="0">(DHLAUTH)272905</subfield>
    </datafield>
    <datafield tag="650" ind1=" " ind2=" ">
        <subfield code="a">SERVICE INDUSTRIES</subfield>
        <subfield code="0">(DHLAUTH)271824</subfield>
    </datafield>
    <datafield tag="650" ind1=" " ind2=" ">
        <subfield code="a">ELECTRONIC COMMERCE</subfield>
        <subfield code="0">(DHLAUTH)476422</subfield>
    </datafield>
    <datafield tag="650" ind1=" " ind2=" ">
        <subfield code="a">LAWS AND REGULATIONS</subfield>
        <subfield code="0">(DHLAUTH)268352</subfield>
    </datafield>
    <datafield tag="650" ind1=" " ind2=" ">
        <subfield code="a">INFORMATION TECHNOLOGY</subfield>
        <subfield code="0">(DHLAUTH)272714</subfield>
    </datafield>
    <datafield tag="650" ind1=" " ind2=" ">
        <subfield code="a">RECOMMENDATIONS</subfield>
        <subfield code="0">(DHLAUTH)275840</subfield>
    </datafield>
    <datafield tag="650" ind1=" " ind2=" ">
        <subfield code="a">UNITED ARAB EMIRATES</subfield>
        <subfield code="0">(DHLAUTH)275604</subfield>
    </datafield>
    <datafield tag="650" ind1=" " ind2=" ">
        <subfield code="a">JORDAN</subfield>
        <subfield code="0">(DHLAUTH)269099</subfield>
    </datafield>
    <datafield tag="650" ind1=" " ind2=" ">
        <subfield code="a">SYRIAN ARAB REPUBLIC</subfield>
        <subfield code="0">(DHLAUTH)273496</subfield>
    </datafield>
    <datafield tag="650" ind1=" " ind2=" ">
        <subfield code="a">LEBANON</subfield>
        <subfield code="0">(DHLAUTH)269069</subfield>
    </datafield>
    <datafield tag="650" ind1=" " ind2=" ">
        <subfield code="a">SAUDI ARABIA</subfield>
        <subfield code="0">(DHLAUTH)273464</subfield>
    </datafield>
    <datafield tag="650" ind1=" " ind2=" ">
        <subfield code="a">WESTERN ASIA</subfield>
        <subfield code="0">(DHLAUTH)275490</subfield>
    </datafield>
</record>
<record>
    <datafield tag="191" ind1=" " ind2=" ">
        <subfield code="a">E/ESCWA/TRANS/2001/3</subfield>
    </datafield>
    <datafield tag="245" ind1=" " ind2=" ">
        <subfield code="a">AGREEMENT ON INTERNATIONAL ROADS IN THE ARAB MASHREQ.</subfield>
    </datafield>
    <datafield tag="246" ind1=" " ind2=" ">
        <subfield code="a">ACCORD DES ROUTES INTERNATIONALES DANS LE MASHREQ ARABE</subfield>
    </datafield>
    <datafield tag="246" ind1=" " ind2=" ">
        <subfield code="a">إتفاق الطرق الدولية في المشرق العربي</subfield>
    </datafield>
    <datafield tag="269" ind1=" " ind2=" ">
        <subfield code="a">20010518</subfield>
    </datafield>
    <datafield tag="650" ind1=" " ind2=" ">
        <subfield code="a">ROAD NETWORKS</subfield>
        <subfield code="0">(DHLAUTH)272501</subfield>
    </datafield>
    <datafield tag="650" ind1=" " ind2=" ">
        <subfield code="a">ROAD SIGNS AND SIGNALS</subfield>
        <subfield code="0">(DHLAUTH)272592</subfield>
    </datafield>
    <datafield tag="650" ind1=" " ind2=" ">
        <subfield code="a">TREATIES</subfield>
        <subfield code="0">(DHLAUTH)9632</subfield>
    </datafield>
    <datafield tag="650" ind1=" " ind2=" ">
        <subfield code="a">CONFERENCES</subfield>
        <subfield code="0">(DHLAUTH)275758</subfield>
    </datafield>
    <datafield tag="650" ind1=" " ind2=" ">
        <subfield code="a">ROAD TRANSPORT</subfield>
        <subfield code="0">(DHLAUTH)9060</subfield>
    </datafield>
    <datafield tag="650" ind1=" " ind2=" ">
        <subfield code="a">REGIONAL COOPERATION</subfield>
        <subfield code="0">(DHLAUTH)268656</subfield>
    </datafield>
    <datafield tag="650" ind1=" " ind2=" ">
        <subfield code="a">TECHNICAL ASPECTS</subfield>
        <subfield code="0">(DHLAUTH)275235</subfield>
    </datafield>
    <datafield tag="650" ind1=" " ind2=" ">
        <subfield code="a">ENVIRONMENTAL PROTECTION</subfield>
        <subfield code="0">(DHLAUTH)270598</subfield>
    </datafield>
    <datafield tag="650" ind1=" " ind2=" ">
        <subfield code="a">TRANSPORT SYSTEMS</subfield>
        <subfield code="0">(DHLAUTH)268907</subfield>
    </datafield>
    <datafield tag="650" ind1=" " ind2=" ">
        <subfield code="a">WESTERN ASIA</subfield>
        <subfield code="0">(DHLAUTH)275490</subfield>
    </datafield>
</record>
<record>
    <datafield tag="191" ind1=" " ind2=" ">
        <subfield code="a">E/ESCWA/TRANS/2001/3(A)</subfield>
    </datafield>
    <datafield tag="245" ind1=" " ind2=" ">
        <subfield code="a">AGREEMENT ON INTERNATIONAL ROADS IN THE ARAB MASHREQ.</subfield>
    </datafield>
    <datafield tag="269" ind1=" " ind2=" ">
        <subfield code="a">20010518</subfield>
    </datafield>
    <datafield tag="650" ind1=" " ind2=" ">
        <subfield code="a">ROAD NETWORKS</subfield>
        <subfield code="0">(DHLAUTH)272501</subfield>
    </datafield>
    <datafield tag="650" ind1=" " ind2=" ">
        <subfield code="a">ROAD SIGNS AND SIGNALS</subfield>
        <subfield code="0">(DHLAUTH)272592</subfield>
    </datafield>
    <datafield tag="650" ind1=" " ind2=" ">
        <subfield code="a">TREATIES</subfield>
        <subfield code="0">(DHLAUTH)9632</subfield>
    </datafield>
    <datafield tag="650" ind1=" " ind2=" ">
        <subfield code="a">CONFERENCES</subfield>
        <subfield code="0">(DHLAUTH)275758</subfield>
    </datafield>
    <datafield tag="650" ind1=" " ind2=" ">
        <subfield code="a">ROAD TRANSPORT</subfield>
        <subfield code="0">(DHLAUTH)9060</subfield>
    </datafield>
    <datafield tag="650" ind1=" " ind2=" ">
        <subfield code="a">REGIONAL COOPERATION</subfield>
        <subfield code="0">(DHLAUTH)268656</subfield>
    </datafield>
    <datafield tag="650" ind1=" " ind2=" ">
        <subfield code="a">TECHNICAL ASPECTS</subfield>
        <subfield code="0">(DHLAUTH)275235</subfield>
    </datafield>
    <datafield tag="650" ind1=" " ind2=" ">
        <subfield code="a">ENVIRONMENTAL PROTECTION</subfield>
        <subfield code="0">(DHLAUTH)270598</subfield>
    </datafield>
    <datafield tag="650" ind1=" " ind2=" ">
        <subfield code="a">TRANSPORT SYSTEMS</subfield>
        <subfield code="0">(DHLAUTH)268907</subfield>
    </datafield>
    <datafield tag="650" ind1=" " ind2=" ">
        <subfield code="a">WESTERN ASIA</subfield>
        <subfield code="0">(DHLAUTH)275490</subfield>
    </datafield>
</record>
<record>
    <datafield tag="191" ind1=" " ind2=" ">
        <subfield code="a">E/ESCWA/TRANS/2001/3(F)</subfield>
    </datafield>
    <datafield tag="245" ind1=" " ind2=" ">
        <subfield code="a">ACCORD DES ROUTES INTERNATIONALES DANS LE MASHREQ ARABE.</subfield>
    </datafield>
    <datafield tag="269" ind1=" " ind2=" ">
        <subfield code="a">20010518</subfield>
    </datafield>
    <datafield tag="650" ind1=" " ind2=" ">
        <subfield code="a">ROAD NETWORKS</subfield>
        <subfield code="0">(DHLAUTH)272501</subfield>
    </datafield>
    <datafield tag="650" ind1=" " ind2=" ">
        <subfield code="a">ROAD SIGNS AND SIGNALS</subfield>
        <subfield code="0">(DHLAUTH)272592</subfield>
    </datafield>
    <datafield tag="650" ind1=" " ind2=" ">
        <subfield code="a">TREATIES</subfield>
        <subfield code="0">(DHLAUTH)9632</subfield>
    </datafield>
    <datafield tag="650" ind1=" " ind2=" ">
        <subfield code="a">CONFERENCES</subfield>
        <subfield code="0">(DHLAUTH)275758</subfield>
    </datafield>
    <datafield tag="650" ind1=" " ind2=" ">
        <subfield code="a">ROAD TRANSPORT</subfield>
        <subfield code="0">(DHLAUTH)9060</subfield>
    </datafield>
    <datafield tag="650" ind1=" " ind2=" ">
        <subfield code="a">REGIONAL COOPERATION</subfield>
        <subfield code="0">(DHLAUTH)268656</subfield>
    </datafield>
    <datafield tag="650" ind1=" " ind2=" ">
        <subfield code="a">TECHNICAL ASPECTS</subfield>
        <subfield code="0">(DHLAUTH)275235</subfield>
    </datafield>
    <datafield tag="650" ind1=" " ind2=" ">
        <subfield code="a">ENVIRONMENTAL PROTECTION</subfield>
        <subfield code="0">(DHLAUTH)270598</subfield>
    </datafield>
    <datafield tag="650" ind1=" " ind2=" ">
        <subfield code="a">TRANSPORT SYSTEMS</subfield>
        <subfield code="0">(DHLAUTH)268907</subfield>
    </datafield>
    <datafield tag="650" ind1=" " ind2=" ">
        <subfield code="a">WESTERN ASIA</subfield>
        <subfield code="0">(DHLAUTH)275490</subfield>
    </datafield>
</record>
<record>
    <datafield tag="191" ind1=" " ind2=" ">
        <subfield code="a">E/ESCWA/TRANS/2001/5(A)</subfield>
    </datafield>
    <datafield tag="246" ind1=" " ind2=" ">
        <subfield code="a">تقييم البنية الأساسية والنقل في منطقة مجلس التعاون لدول الخليج العربية</subfield>
    </datafield>
    <datafield tag="269" ind1=" " ind2=" ">
        <subfield code="a">20010312</subfield>
    </datafield>
    <datafield tag="650" ind1=" " ind2=" ">
        <subfield code="a">TRANSPORT</subfield>
        <subfield code="0">(DHLAUTH)272243</subfield>
    </datafield>
    <datafield tag="650" ind1=" " ind2=" ">
        <subfield code="a">TRANSPORT INFRASTRUCTURE</subfield>
        <subfield code="0">(DHLAUTH)272281</subfield>
    </datafield>
    <datafield tag="650" ind1=" " ind2=" ">
        <subfield code="a">FREIGHT FORWARDING</subfield>
        <subfield code="0">(DHLAUTH)272779</subfield>
    </datafield>
    <datafield tag="650" ind1=" " ind2=" ">
        <subfield code="a">TREATIES</subfield>
        <subfield code="0">(DHLAUTH)9632</subfield>
    </datafield>
    <datafield tag="650" ind1=" " ind2=" ">
        <subfield code="a">PRIVATIZATION</subfield>
        <subfield code="0">(DHLAUTH)270028</subfield>
    </datafield>
    <datafield tag="650" ind1=" " ind2=" ">
        <subfield code="a">TELECOMMUNICATIONS</subfield>
        <subfield code="0">(DHLAUTH)272452</subfield>
    </datafield>
    <datafield tag="650" ind1=" " ind2=" ">
        <subfield code="a">INFORMATION</subfield>
        <subfield code="0">(DHLAUTH)270009</subfield>
    </datafield>
    <datafield tag="650" ind1=" " ind2=" ">
        <subfield code="a">RECOMMENDATIONS</subfield>
        <subfield code="0">(DHLAUTH)275840</subfield>
    </datafield>
    <datafield tag="650" ind1=" " ind2=" ">
        <subfield code="a">REGIONAL COOPERATION</subfield>
        <subfield code="0">(DHLAUTH)268656</subfield>
    </datafield>
</record>
<record>
    <datafield tag="191" ind1=" " ind2=" ">
        <subfield code="a">E/ESCWA/TRANS/2002/1(A)</subfield>
    </datafield>
    <datafield tag="246" ind1=" " ind2=" ">
        <subfield code="a">إتفاق السكك الحديدية الدولية في المشرق العربي</subfield>
    </datafield>
    <datafield tag="269" ind1=" " ind2=" ">
        <subfield code="a">20020410</subfield>
    </datafield>
    <datafield tag="650" ind1=" " ind2=" ">
        <subfield code="a">TREATIES</subfield>
        <subfield code="0">(DHLAUTH)9632</subfield>
    </datafield>
    <datafield tag="650" ind1=" " ind2=" ">
        <subfield code="a">TERMINOLOGY</subfield>
        <subfield code="0">(DHLAUTH)274862</subfield>
    </datafield>
    <datafield tag="650" ind1=" " ind2=" ">
        <subfield code="a">WESTERN ASIA</subfield>
        <subfield code="0">(DHLAUTH)275490</subfield>
    </datafield>
    <datafield tag="650" ind1=" " ind2=" ">
        <subfield code="a">REGIONAL COOPERATION</subfield>
        <subfield code="0">(DHLAUTH)268656</subfield>
    </datafield>
    <datafield tag="650" ind1=" " ind2=" ">
        <subfield code="a">TRANSPORT AGREEMENTS</subfield>
        <subfield code="0">(DHLAUTH)581346</subfield>
    </datafield>
    <datafield tag="650" ind1=" " ind2=" ">
        <subfield code="a">RAILWAY NETWORKS</subfield>
        <subfield code="0">(DHLAUTH)272505</subfield>
    </datafield>
</record>
<record>
    <datafield tag="191" ind1=" " ind2=" ">
        <subfield code="a">E/ESCWA/TRANS/2002/1(E)</subfield>
    </datafield>
    <datafield tag="245" ind1=" " ind2=" ">
        <subfield code="a">AGREEMENT ON INTERNATIONAL RAILWAYS IN THE ARAB MASHREQ</subfield>
    </datafield>
    <datafield tag="269" ind1=" " ind2=" ">
        <subfield code="a">20020410</subfield>
    </datafield>
    <datafield tag="650" ind1=" " ind2=" ">
        <subfield code="a">RAILWAY NETWORKS</subfield>
        <subfield code="0">(DHLAUTH)272505</subfield>
    </datafield>
    <datafield tag="650" ind1=" " ind2=" ">
        <subfield code="a">TRANSPORT AGREEMENTS</subfield>
        <subfield code="0">(DHLAUTH)581346</subfield>
    </datafield>
    <datafield tag="650" ind1=" " ind2=" ">
        <subfield code="a">REGIONAL COOPERATION</subfield>
        <subfield code="0">(DHLAUTH)268656</subfield>
    </datafield>
    <datafield tag="650" ind1=" " ind2=" ">
        <subfield code="a">TREATIES</subfield>
        <subfield code="0">(DHLAUTH)9632</subfield>
    </datafield>
    <datafield tag="650" ind1=" " ind2=" ">
        <subfield code="a">TERMINOLOGY</subfield>
        <subfield code="0">(DHLAUTH)274862</subfield>
    </datafield>
    <datafield tag="650" ind1=" " ind2=" ">
        <subfield code="a">WESTERN ASIA</subfield>
        <subfield code="0">(DHLAUTH)275490</subfield>
    </datafield>
</record>
<record>
    <datafield tag="191" ind1=" " ind2=" ">
        <subfield code="a">E/ESCWA/TRANS/2002/1(F)</subfield>
    </datafield>
    <datafield tag="246" ind1=" " ind2=" ">
        <subfield code="a">ACCORD SUR UN RESEAU FERROVIAIRE INTERNATIONAL DANS LE MASHREQ ARABE</subfield>
    </datafield>
    <datafield tag="269" ind1=" " ind2=" ">
        <subfield code="a">20020410</subfield>
    </datafield>
    <datafield tag="650" ind1=" " ind2=" ">
        <subfield code="a">RAILWAY NETWORKS</subfield>
        <subfield code="0">(DHLAUTH)272505</subfield>
    </datafield>
    <datafield tag="650" ind1=" " ind2=" ">
        <subfield code="a">REGIONAL COOPERATION</subfield>
        <subfield code="0">(DHLAUTH)268656</subfield>
    </datafield>
    <datafield tag="650" ind1=" " ind2=" ">
        <subfield code="a">TRANSPORT AGREEMENTS</subfield>
        <subfield code="0">(DHLAUTH)581346</subfield>
    </datafield>
    <datafield tag="650" ind1=" " ind2=" ">
        <subfield code="a">WESTERN ASIA</subfield>
        <subfield code="0">(DHLAUTH)275490</subfield>
    </datafield>
    <datafield tag="650" ind1=" " ind2=" ">
        <subfield code="a">TREATIES</subfield>
        <subfield code="0">(DHLAUTH)9632</subfield>
    </datafield>
    <datafield tag="650" ind1=" " ind2=" ">
        <subfield code="a">TERMINOLOGY</subfield>
        <subfield code="0">(DHLAUTH)274862</subfield>
    </datafield>
</record>
<record>
    <datafield tag="191" ind1=" " ind2=" ">
        <subfield code="a">E/ESCWA/TRANS/2002/1/REV.1(F)</subfield>
    </datafield>
    <datafield tag="245" ind1=" " ind2=" ">
        <subfield code="a">AGREEMENT ON INTERNATIONAL RAILWAYS IN THE ARAB MASHREQ</subfield>
    </datafield>
    <datafield tag="269" ind1=" " ind2=" ">
        <subfield code="a">20030116</subfield>
    </datafield>
    <datafield tag="650" ind1=" " ind2=" ">
        <subfield code="a">RAILWAY NETWORKS</subfield>
        <subfield code="0">(DHLAUTH)272505</subfield>
    </datafield>
    <datafield tag="650" ind1=" " ind2=" ">
        <subfield code="a">TRANSPORT AGREEMENTS</subfield>
        <subfield code="0">(DHLAUTH)581346</subfield>
    </datafield>
    <datafield tag="650" ind1=" " ind2=" ">
        <subfield code="a">REGIONAL COOPERATION</subfield>
        <subfield code="0">(DHLAUTH)268656</subfield>
    </datafield>
    <datafield tag="650" ind1=" " ind2=" ">
        <subfield code="a">TREATIES</subfield>
        <subfield code="0">(DHLAUTH)9632</subfield>
    </datafield>
    <datafield tag="650" ind1=" " ind2=" ">
        <subfield code="a">TERMINOLOGY</subfield>
        <subfield code="0">(DHLAUTH)274862</subfield>
    </datafield>
    <datafield tag="650" ind1=" " ind2=" ">
        <subfield code="a">WESTERN ASIA</subfield>
        <subfield code="0">(DHLAUTH)275490</subfield>
    </datafield>
</record>
<record>
    <datafield tag="191" ind1=" " ind2=" ">
        <subfield code="a">E/ESCWA/TRANS/2002/1/REV.2(A)</subfield>
    </datafield>
    <datafield tag="245" ind1=" " ind2=" ">
        <subfield code="a">AGREEMENT ON INTERNATIONAL RAILWAYS IN THE ARAB MASHREQ</subfield>
    </datafield>
    <datafield tag="269" ind1=" " ind2=" ">
        <subfield code="a">20030305</subfield>
    </datafield>
    <datafield tag="650" ind1=" " ind2=" ">
        <subfield code="a">RAILWAY NETWORKS</subfield>
        <subfield code="0">(DHLAUTH)272505</subfield>
    </datafield>
    <datafield tag="650" ind1=" " ind2=" ">
        <subfield code="a">TRANSPORT AGREEMENTS</subfield>
        <subfield code="0">(DHLAUTH)581346</subfield>
    </datafield>
    <datafield tag="650" ind1=" " ind2=" ">
        <subfield code="a">REGIONAL COOPERATION</subfield>
        <subfield code="0">(DHLAUTH)268656</subfield>
    </datafield>
    <datafield tag="650" ind1=" " ind2=" ">
        <subfield code="a">TREATIES</subfield>
        <subfield code="0">(DHLAUTH)9632</subfield>
    </datafield>
    <datafield tag="650" ind1=" " ind2=" ">
        <subfield code="a">TERMINOLOGY</subfield>
        <subfield code="0">(DHLAUTH)274862</subfield>
    </datafield>
    <datafield tag="650" ind1=" " ind2=" ">
        <subfield code="a">WESTERN ASIA</subfield>
        <subfield code="0">(DHLAUTH)275490</subfield>
    </datafield>
</record>
<record>
    <datafield tag="191" ind1=" " ind2=" ">
        <subfield code="a">E/ESCWA/TRANS/2002/1/REV.2(F)</subfield>
    </datafield>
    <datafield tag="245" ind1=" " ind2=" ">
        <subfield code="a">AGREEMENT ON INTERNATIONAL RAILWAYS IN THE ARAB MASHREQ</subfield>
    </datafield>
    <datafield tag="269" ind1=" " ind2=" ">
        <subfield code="a">20030305</subfield>
    </datafield>
    <datafield tag="650" ind1=" " ind2=" ">
        <subfield code="a">RAILWAY NETWORKS</subfield>
        <subfield code="0">(DHLAUTH)272505</subfield>
    </datafield>
    <datafield tag="650" ind1=" " ind2=" ">
        <subfield code="a">TRANSPORT AGREEMENTS</subfield>
        <subfield code="0">(DHLAUTH)581346</subfield>
    </datafield>
    <datafield tag="650" ind1=" " ind2=" ">
        <subfield code="a">REGIONAL COOPERATION</subfield>
        <subfield code="0">(DHLAUTH)268656</subfield>
    </datafield>
    <datafield tag="650" ind1=" " ind2=" ">
        <subfield code="a">TREATIES</subfield>
        <subfield code="0">(DHLAUTH)9632</subfield>
    </datafield>
    <datafield tag="650" ind1=" " ind2=" ">
        <subfield code="a">TERMINOLOGY</subfield>
        <subfield code="0">(DHLAUTH)274862</subfield>
    </datafield>
    <datafield tag="650" ind1=" " ind2=" ">
        <subfield code="a">WESTERN ASIA</subfield>
        <subfield code="0">(DHLAUTH)275490</subfield>
    </datafield>
</record>
<record>
    <datafield tag="191" ind1=" " ind2=" ">
        <subfield code="a">E/ESCWA/TRANS/2002/2(A)</subfield>
    </datafield>
    <datafield tag="246" ind1=" " ind2=" ">
        <subfield code="a">تقرير لجنة النقل عن أعمال دورتها الثالثة, بيروت, 5-7 آذار/مارس 2002</subfield>
    </datafield>
    <datafield tag="269" ind1=" " ind2=" ">
        <subfield code="a">20020415</subfield>
    </datafield>
    <datafield tag="650" ind1=" " ind2=" ">
        <subfield code="a">AGENDA</subfield>
        <subfield code="0">(DHLAUTH)275133</subfield>
    </datafield>
    <datafield tag="650" ind1=" " ind2=" ">
        <subfield code="a">PARTICIPANTS</subfield>
        <subfield code="0">(DHLAUTH)275785</subfield>
    </datafield>
    <datafield tag="650" ind1=" " ind2=" ">
        <subfield code="a">DOCUMENTS</subfield>
        <subfield code="0">(DHLAUTH)270014</subfield>
    </datafield>
    <datafield tag="650" ind1=" " ind2=" ">
        <subfield code="a">CONFERENCES</subfield>
        <subfield code="0">(DHLAUTH)275758</subfield>
    </datafield>
</record>
<record>
    <datafield tag="191" ind1=" " ind2=" ">
        <subfield code="a">E/ESCWA/TRANS/2002/2(E)</subfield>
    </datafield>
    <datafield tag="245" ind1=" " ind2=" ">
        <subfield code="a">REPORT THIRD SESSION OF THE COMMITTEE ON TRANSPORT, BEIRUT, 5-7 MARCH 2002</subfield>
    </datafield>
    <datafield tag="269" ind1=" " ind2=" ">
        <subfield code="a">20020415</subfield>
    </datafield>
    <datafield tag="650" ind1=" " ind2=" ">
        <subfield code="a">TRANSPORT</subfield>
        <subfield code="0">(DHLAUTH)272243</subfield>
    </datafield>
    <datafield tag="650" ind1=" " ind2=" ">
        <subfield code="a">TRADE FACILITATION</subfield>
        <subfield code="0">(DHLAUTH)269534</subfield>
    </datafield>
    <datafield tag="650" ind1=" " ind2=" ">
        <subfield code="a">AGENDA</subfield>
        <subfield code="0">(DHLAUTH)275133</subfield>
    </datafield>
    <datafield tag="650" ind1=" " ind2=" ">
        <subfield code="a">WORK ORGANIZATION</subfield>
        <subfield code="0">(DHLAUTH)275746</subfield>
    </datafield>
    <datafield tag="650" ind1=" " ind2=" ">
        <subfield code="a">DOCUMENTS</subfield>
        <subfield code="0">(DHLAUTH)270014</subfield>
    </datafield>
    <datafield tag="650" ind1=" " ind2=" ">
        <subfield code="a">PARTICIPANTS</subfield>
        <subfield code="0">(DHLAUTH)275785</subfield>
    </datafield>
    <datafield tag="650" ind1=" " ind2=" ">
        <subfield code="a">RECOMMENDATIONS</subfield>
        <subfield code="0">(DHLAUTH)275840</subfield>
    </datafield>
    <datafield tag="650" ind1=" " ind2=" ">
        <subfield code="a">WESTERN ASIA</subfield>
        <subfield code="0">(DHLAUTH)275490</subfield>
    </datafield>
</record>
<record>
    <datafield tag="191" ind1=" " ind2=" ">
        <subfield code="a">E/ESCWA/TRANS/2002/4/REV.2</subfield>
    </datafield>
    <datafield tag="246" ind1=" " ind2=" ">
        <subfield code="a">مسودة مذكرة تفاهم بشأن التعاون المشترك في مجال النقل البحري في المشرق العربي</subfield>
    </datafield>
    <datafield tag="269" ind1=" " ind2=" ">
        <subfield code="a">20031202</subfield>
    </datafield>
    <datafield tag="650" ind1=" " ind2=" ">
        <subfield code="a">REGIONAL COOPERATION</subfield>
        <subfield code="0">(DHLAUTH)268656</subfield>
    </datafield>
    <datafield tag="650" ind1=" " ind2=" ">
        <subfield code="a">MARITIME TRANSPORT</subfield>
        <subfield code="0">(DHLAUTH)272479</subfield>
    </datafield>
    <datafield tag="650" ind1=" " ind2=" ">
        <subfield code="a">MARITIME SECURITY</subfield>
        <subfield code="0">(DHLAUTH)276697</subfield>
    </datafield>
    <datafield tag="650" ind1=" " ind2=" ">
        <subfield code="a">HUMAN RESOURCES</subfield>
        <subfield code="0">(DHLAUTH)270571</subfield>
    </datafield>
    <datafield tag="650" ind1=" " ind2=" ">
        <subfield code="a">WESTERN ASIA</subfield>
        <subfield code="0">(DHLAUTH)275490</subfield>
    </datafield>
    <datafield tag="650" ind1=" " ind2=" ">
        <subfield code="a">CONFERENCES</subfield>
        <subfield code="0">(DHLAUTH)275758</subfield>
    </datafield>
    <datafield tag="650" ind1=" " ind2=" ">
        <subfield code="a">TRANSPORT POLICY</subfield>
        <subfield code="0">(DHLAUTH)269936</subfield>
    </datafield>
    <datafield tag="650" ind1=" " ind2=" ">
        <subfield code="a">PORT MANAGEMENT</subfield>
        <subfield code="0">(DHLAUTH)272675</subfield>
    </datafield>
</record>
<record>
    <datafield tag="191" ind1=" " ind2=" ">
        <subfield code="a">E/ESCWA/TRANS/2002/4/REV.3</subfield>
    </datafield>
    <datafield tag="246" ind1=" " ind2=" ">
        <subfield code="a">مسودة مذكرة تفاهم بشأن التعاون المشترك في مجال النقل البحري في المشرق العربي</subfield>
    </datafield>
    <datafield tag="269" ind1=" " ind2=" ">
        <subfield code="a">20031203</subfield>
    </datafield>
    <datafield tag="650" ind1=" " ind2=" ">
        <subfield code="a">MARITIME TRANSPORT</subfield>
        <subfield code="0">(DHLAUTH)272479</subfield>
    </datafield>
    <datafield tag="650" ind1=" " ind2=" ">
        <subfield code="a">REGIONAL COOPERATION</subfield>
        <subfield code="0">(DHLAUTH)268656</subfield>
    </datafield>
    <datafield tag="650" ind1=" " ind2=" ">
        <subfield code="a">MANAGEMENT</subfield>
        <subfield code="0">(DHLAUTH)269660</subfield>
    </datafield>
    <datafield tag="650" ind1=" " ind2=" ">
        <subfield code="a">HUMAN RESOURCES</subfield>
        <subfield code="0">(DHLAUTH)270571</subfield>
    </datafield>
    <datafield tag="650" ind1=" " ind2=" ">
        <subfield code="a">MARITIME SAFETY</subfield>
        <subfield code="0">(DHLAUTH)271029</subfield>
    </datafield>
    <datafield tag="650" ind1=" " ind2=" ">
        <subfield code="a">WESTERN ASIA</subfield>
        <subfield code="0">(DHLAUTH)275490</subfield>
    </datafield>
    <datafield tag="650" ind1=" " ind2=" ">
        <subfield code="a">CONFERENCES</subfield>
        <subfield code="0">(DHLAUTH)275758</subfield>
    </datafield>
</record>
<record>
    <datafield tag="191" ind1=" " ind2=" ">
        <subfield code="a">E/ESCWA/TRANS/2002/4/REV.4</subfield>
    </datafield>
    <datafield tag="246" ind1=" " ind2=" ">
        <subfield code="a">مسودة مذكرة تفاهم بشأن التعاون المشترك في مجال النقل البحري في المشرق العربي</subfield>
    </datafield>
    <datafield tag="269" ind1=" " ind2=" ">
        <subfield code="a">20040227</subfield>
    </datafield>
    <datafield tag="650" ind1=" " ind2=" ">
        <subfield code="a">REGIONAL COOPERATION</subfield>
        <subfield code="0">(DHLAUTH)268656</subfield>
    </datafield>
    <datafield tag="650" ind1=" " ind2=" ">
        <subfield code="a">MARITIME TRANSPORT</subfield>
        <subfield code="0">(DHLAUTH)272479</subfield>
    </datafield>
    <datafield tag="650" ind1=" " ind2=" ">
        <subfield code="a">SHIPPING POLICY</subfield>
        <subfield code="0">(DHLAUTH)272502</subfield>
    </datafield>
    <datafield tag="650" ind1=" " ind2=" ">
        <subfield code="a">PORT MANAGEMENT</subfield>
        <subfield code="0">(DHLAUTH)272675</subfield>
    </datafield>
    <datafield tag="650" ind1=" " ind2=" ">
        <subfield code="a">HUMAN RESOURCES</subfield>
        <subfield code="0">(DHLAUTH)270571</subfield>
    </datafield>
    <datafield tag="650" ind1=" " ind2=" ">
        <subfield code="a">MARITIME SAFETY</subfield>
        <subfield code="0">(DHLAUTH)271029</subfield>
    </datafield>
    <datafield tag="650" ind1=" " ind2=" ">
        <subfield code="a">CONFERENCES</subfield>
        <subfield code="0">(DHLAUTH)275758</subfield>
    </datafield>
    <datafield tag="650" ind1=" " ind2=" ">
        <subfield code="a">WESTERN ASIA</subfield>
        <subfield code="0">(DHLAUTH)275490</subfield>
    </datafield>
</record>
<record>
    <datafield tag="191" ind1=" " ind2=" ">
        <subfield code="a">E/ESCWA/TRANS/2002/4/REV.5/ADD.1</subfield>
    </datafield>
    <datafield tag="246" ind1=" " ind2=" ">
        <subfield code="a">مسودة مذكرة تفاهم / اتفاق بشأن التعاون المشترك في مجال النقل البحري في المشرق العربي</subfield>
    </datafield>
    <datafield tag="269" ind1=" " ind2=" ">
        <subfield code="a">20050211</subfield>
    </datafield>
    <datafield tag="650" ind1=" " ind2=" ">
        <subfield code="a">REGIONAL COOPERATION</subfield>
        <subfield code="0">(DHLAUTH)268656</subfield>
    </datafield>
    <datafield tag="650" ind1=" " ind2=" ">
        <subfield code="a">MARITIME TRANSPORT</subfield>
        <subfield code="0">(DHLAUTH)272479</subfield>
    </datafield>
    <datafield tag="650" ind1=" " ind2=" ">
        <subfield code="a">SHIPPING POLICY</subfield>
        <subfield code="0">(DHLAUTH)272502</subfield>
    </datafield>
    <datafield tag="650" ind1=" " ind2=" ">
        <subfield code="a">PORT MANAGEMENT</subfield>
        <subfield code="0">(DHLAUTH)272675</subfield>
    </datafield>
    <datafield tag="650" ind1=" " ind2=" ">
        <subfield code="a">HUMAN RESOURCES</subfield>
        <subfield code="0">(DHLAUTH)270571</subfield>
    </datafield>
    <datafield tag="650" ind1=" " ind2=" ">
        <subfield code="a">MARITIME SAFETY</subfield>
        <subfield code="0">(DHLAUTH)271029</subfield>
    </datafield>
    <datafield tag="650" ind1=" " ind2=" ">
        <subfield code="a">CONFERENCES</subfield>
        <subfield code="0">(DHLAUTH)275758</subfield>
    </datafield>
    <datafield tag="650" ind1=" " ind2=" ">
        <subfield code="a">WESTERN ASIA</subfield>
        <subfield code="0">(DHLAUTH)275490</subfield>
    </datafield>
</record>
<record>
    <datafield tag="191" ind1=" " ind2=" ">
        <subfield code="a">E/ESCWA/TRANS/2002/IG.1/7</subfield>
    </datafield>
    <datafield tag="246" ind1=" " ind2=" ">
        <subfield code="a">موجز نتائج الدورة الحادية والعشرين للإسكوا فيما يتعلق بالنقل</subfield>
    </datafield>
    <datafield tag="269" ind1=" " ind2=" ">
        <subfield code="a">20011226</subfield>
    </datafield>
    <datafield tag="650" ind1=" " ind2=" ">
        <subfield code="a">TRANSPORT</subfield>
        <subfield code="0">(DHLAUTH)272243</subfield>
    </datafield>
    <datafield tag="650" ind1=" " ind2=" ">
        <subfield code="a">RESOLUTIONS AND DECISIONS</subfield>
        <subfield code="0">(DHLAUTH)275677</subfield>
    </datafield>
    <datafield tag="650" ind1=" " ind2=" ">
        <subfield code="a">CONFERENCES</subfield>
        <subfield code="0">(DHLAUTH)275758</subfield>
    </datafield>
</record>
<record>
    <datafield tag="191" ind1=" " ind2=" ">
        <subfield code="a">E/ESCWA/TRANS/2002/IG.1/L.1/ADD.1/REV.1(A)</subfield>
    </datafield>
    <datafield tag="246" ind1=" " ind2=" ">
        <subfield code="a">جدول الأعمال المؤقت المشروح</subfield>
    </datafield>
    <datafield tag="269" ind1=" " ind2=" ">
        <subfield code="a">20020218</subfield>
    </datafield>
    <datafield tag="650" ind1=" " ind2=" ">
        <subfield code="a">AGENDA</subfield>
        <subfield code="0">(DHLAUTH)275133</subfield>
    </datafield>
    <datafield tag="650" ind1=" " ind2=" ">
        <subfield code="a">CONFERENCES</subfield>
        <subfield code="0">(DHLAUTH)275758</subfield>
    </datafield>
</record>
<record>
    <datafield tag="191" ind1=" " ind2=" ">
        <subfield code="a">E/ESCWA/WOM/2004/1</subfield>
    </datafield>
    <datafield tag="245" ind1=" " ind2=" ">
        <subfield code="a">SOCIAL AND ECONOMIC SITUATION OF PALESTINIAN WOMEN:1990-2003</subfield>
    </datafield>
    <datafield tag="246" ind1=" " ind2=" ">
        <subfield code="a">LA SITUATION ECONOMIQUE ET SOCIALE DES FEMMES PALESTINIENNES: 1990-2003</subfield>
    </datafield>
    <datafield tag="246" ind1=" " ind2=" ">
        <subfield code="a">الاوضاع الاجتماعية والاقتصادية للمرأة الفلسطينية1990-2003</subfield>
    </datafield>
    <datafield tag="269" ind1=" " ind2=" ">
        <subfield code="a">20031205</subfield>
    </datafield>
    <datafield tag="650" ind1=" " ind2=" ">
        <subfield code="a">PALESTINIANS</subfield>
        <subfield code="0">(DHLAUTH)269084</subfield>
    </datafield>
    <datafield tag="650" ind1=" " ind2=" ">
        <subfield code="a">WOMEN</subfield>
        <subfield code="0">(DHLAUTH)273032</subfield>
    </datafield>
    <datafield tag="650" ind1=" " ind2=" ">
        <subfield code="a">LIVING CONDITIONS</subfield>
        <subfield code="0">(DHLAUTH)269738</subfield>
    </datafield>
    <datafield tag="650" ind1=" " ind2=" ">
        <subfield code="a">HISTORY</subfield>
        <subfield code="0">(DHLAUTH)269094</subfield>
    </datafield>
    <datafield tag="650" ind1=" " ind2=" ">
        <subfield code="a">PALESTINIAN UPRISING</subfield>
        <subfield code="0">(DHLAUTH)269085</subfield>
    </datafield>
    <datafield tag="650" ind1=" " ind2=" ">
        <subfield code="a">POPULATION DISTRIBUTION</subfield>
        <subfield code="0">(DHLAUTH)272996</subfield>
    </datafield>
    <datafield tag="650" ind1=" " ind2=" ">
        <subfield code="a">POPULATION DYNAMICS</subfield>
        <subfield code="0">(DHLAUTH)273107</subfield>
    </datafield>
    <datafield tag="650" ind1=" " ind2=" ">
        <subfield code="a">FERTILITY</subfield>
        <subfield code="0">(DHLAUTH)273021</subfield>
    </datafield>
    <datafield tag="650" ind1=" " ind2=" ">
        <subfield code="a">MORTALITY</subfield>
        <subfield code="0">(DHLAUTH)272982</subfield>
    </datafield>
    <datafield tag="650" ind1=" " ind2=" ">
        <subfield code="a">SOCIO-ECONOMIC INDICATORS</subfield>
        <subfield code="0">(DHLAUTH)269759</subfield>
    </datafield>
    <datafield tag="650" ind1=" " ind2=" ">
        <subfield code="a">POLITICAL PARTICIPATION</subfield>
        <subfield code="0">(DHLAUTH)268475</subfield>
    </datafield>
    <datafield tag="650" ind1=" " ind2=" ">
        <subfield code="a">LABOUR</subfield>
        <subfield code="0">(DHLAUTH)274210</subfield>
    </datafield>
    <datafield tag="650" ind1=" " ind2=" ">
        <subfield code="a">POVERTY</subfield>
        <subfield code="0">(DHLAUTH)270079</subfield>
    </datafield>
    <datafield tag="650" ind1=" " ind2=" ">
        <subfield code="a">EDUCATION</subfield>
        <subfield code="0">(DHLAUTH)268926</subfield>
    </datafield>
    <datafield tag="650" ind1=" " ind2=" ">
        <subfield code="a">LEGAL ASPECTS</subfield>
        <subfield code="0">(DHLAUTH)269366</subfield>
    </datafield>
    <datafield tag="650" ind1=" " ind2=" ">
        <subfield code="a">HUMAN RIGHTS</subfield>
        <subfield code="0">(DHLAUTH)274431</subfield>
    </datafield>
    <datafield tag="650" ind1=" " ind2=" ">
        <subfield code="a">HEALTH</subfield>
        <subfield code="0">(DHLAUTH)273713</subfield>
    </datafield>
    <datafield tag="650" ind1=" " ind2=" ">
        <subfield code="a">PALESTINE</subfield>
        <subfield code="0">(DHLAUTH)277398</subfield>
    </datafield>
    <datafield tag="650" ind1=" " ind2=" ">
        <subfield code="a">WESTERN ASIA</subfield>
        <subfield code="0">(DHLAUTH)275490</subfield>
    </datafield>
</record>
<record>
    <datafield tag="191" ind1=" " ind2=" ">
        <subfield code="a">E/ESCWA/WOM/2005/TECHNICAL PAPER.1</subfield>
    </datafield>
    <datafield tag="245" ind1=" " ind2=" ">
        <subfield code="a">الاوضاع الاقتصادية والاجتماعية للمراة الفلسطينية 1990-2004 = SOCIAL AND ECONOMIC SITUATION OF PALESTINIAN WOMEN: 1990-2004</subfield>
    </datafield>
    <datafield tag="269" ind1=" " ind2=" ">
        <subfield code="a">20050603</subfield>
    </datafield>
    <datafield tag="650" ind1=" " ind2=" ">
        <subfield code="a">ECONOMIC CONDITIONS</subfield>
        <subfield code="0">(DHLAUTH)269719</subfield>
    </datafield>
    <datafield tag="650" ind1=" " ind2=" ">
        <subfield code="a">SOCIAL CONDITIONS</subfield>
        <subfield code="0">(DHLAUTH)268327</subfield>
    </datafield>
    <datafield tag="650" ind1=" " ind2=" ">
        <subfield code="a">WOMEN IN POLITICS</subfield>
        <subfield code="0">(DHLAUTH)268479</subfield>
    </datafield>
    <datafield tag="650" ind1=" " ind2=" ">
        <subfield code="a">WOMEN WORKERS</subfield>
        <subfield code="0">(DHLAUTH)273153</subfield>
    </datafield>
    <datafield tag="650" ind1=" " ind2=" ">
        <subfield code="a">EDUCATION</subfield>
        <subfield code="0">(DHLAUTH)268926</subfield>
    </datafield>
    <datafield tag="650" ind1=" " ind2=" ">
        <subfield code="a">HUMAN RIGHTS</subfield>
        <subfield code="0">(DHLAUTH)274431</subfield>
    </datafield>
    <datafield tag="650" ind1=" " ind2=" ">
        <subfield code="a">POVERTY</subfield>
        <subfield code="0">(DHLAUTH)270079</subfield>
    </datafield>
    <datafield tag="650" ind1=" " ind2=" ">
        <subfield code="a">HEALTH</subfield>
        <subfield code="0">(DHLAUTH)273713</subfield>
    </datafield>
    <datafield tag="650" ind1=" " ind2=" ">
        <subfield code="a">STATISTICAL DATA</subfield>
        <subfield code="0">(DHLAUTH)270233</subfield>
    </datafield>
    <datafield tag="650" ind1=" " ind2=" ">
        <subfield code="a">TERRITORIES OCCUPIED BY ISRAEL</subfield>
        <subfield code="0">(DHLAUTH)268687</subfield>
    </datafield>
</record>
<record>
    <datafield tag="191" ind1=" " ind2=" ">
        <subfield code="a">E/ESCWA/ST/87/1</subfield>
    </datafield>
    <datafield tag="191" ind1=" " ind2=" ">
        <subfield code="a">UNCTAD/ST/ECU/3</subfield>
    </datafield>
    <datafield tag="246" ind1=" " ind2=" ">
        <subfield code="a">القطاع المالي الفلسطيني في ظل الاحتلال الاسرائيلي</subfield>
    </datafield>
    <datafield tag="269" ind1=" " ind2=" ">
        <subfield code="a">19880315</subfield>
    </datafield>
    <datafield tag="650" ind1=" " ind2=" ">
        <subfield code="a">WESTERN ASIA</subfield>
        <subfield code="0">(DHLAUTH)275490</subfield>
    </datafield>
    <datafield tag="650" ind1=" " ind2=" ">
        <subfield code="a">ECONOMICS</subfield>
        <subfield code="0">(DHLAUTH)269576</subfield>
    </datafield>
    <datafield tag="650" ind1=" " ind2=" ">
        <subfield code="a">FINANCIAL INSTITUTIONS</subfield>
        <subfield code="0">(DHLAUTH)270073</subfield>
    </datafield>
    <datafield tag="650" ind1=" " ind2=" ">
        <subfield code="a">FINANCIAL RESEARCH</subfield>
        <subfield code="0">(DHLAUTH)269781</subfield>
    </datafield>
    <datafield tag="650" ind1=" " ind2=" ">
        <subfield code="a">FINANCIAL RESOURCES</subfield>
        <subfield code="0">(DHLAUTH)269810</subfield>
    </datafield>
    <datafield tag="650" ind1=" " ind2=" ">
        <subfield code="a">REMITTANCES</subfield>
        <subfield code="0">(DHLAUTH)270415</subfield>
    </datafield>
    <datafield tag="650" ind1=" " ind2=" ">
        <subfield code="a">RECOMMENDATIONS</subfield>
        <subfield code="0">(DHLAUTH)275840</subfield>
    </datafield>
    <datafield tag="650" ind1=" " ind2=" ">
        <subfield code="a">TERRITORIES OCCUPIED BY ISRAEL</subfield>
        <subfield code="0">(DHLAUTH)268687</subfield>
    </datafield>
    <datafield tag="650" ind1=" " ind2=" ">
        <subfield code="a">ISRAEL</subfield>
        <subfield code="0">(DHLAUTH)268556</subfield>
    </datafield>
    <datafield tag="650" ind1=" " ind2=" ">
        <subfield code="a">JORDAN</subfield>
        <subfield code="0">(DHLAUTH)269099</subfield>
    </datafield>
    <datafield tag="650" ind1=" " ind2=" ">
        <subfield code="a">ECONOMIC RELATIONS</subfield>
        <subfield code="0">(DHLAUTH)269952</subfield>
    </datafield>
</record>
</collection>
